/usr/share/dotnet/sdk-manifests/10.0.100/microsoft.net.workload.mono.toolchain.current/10.0.105/WorkloadManifest.targets(124,5): warning : @(NativeFileReference) is not empty, but the native references won't be linked in, because neither $(WasmBuildNative), nor $(RunAOTCompilation) are 'true'. NativeFileReference=/home/runner/.nuget/packages/sqlitepclraw.lib.e_sqlite3/2.1.11/buildTransitive/net9.0/../../runtimes/browser-wasm/nativeassets/net9.0/e_sqlite3.a [/home/runner/work/SharpMUSH/SharpMUSH/SharpMUSH.Client/SharpMUSH.Client.csproj]
[33mskipped[m ConnectGuest_GuestsDisabled_FailsWithError [90m(0ms)[m
  Requires modifying SharpMUSHOptions to disable guests and asserting the error path through CommandParse
[33mskipped[m ConnectGuest_MaxGuestsReached_FailsWithError [90m(0ms)[m
  Skipped due to failed dependencies
[31mfailed[m SemiposeCommand [90m(28ms)[m
[31m  TUnit.Engine.Exceptions.TestFailedException: [Test Failure] ReceivedCallsException: Expected to receive a call matching:
  	Notify(any AnySharpObject, msg => MessageContains(msg, "'s greeting"), any AnySharpObject, SemiPose)
  Actually received no matching calls.
  Received 1311 non-matching calls (non-matching arguments indicated with '*' characters):
  	Notify(SharpMUSH.Library.Models.SharpPlayer: SharpMUSH.Library.Models.SharpPlayer, *System.String: Invalid password.*, <null>, *Announce*)
  	Notify(SharpMUSH.Library.Models.SharpPlayer: SharpMUSH.Library.Models.SharpPlayer, *System.String: SHUTDOWN initiated.*, <null>, *Announce*)
  	Notify(SharpMUSH.Library.Models.SharpPlayer: SharpMUSH.Library.Models.SharpPlayer, *System.String: Note: SharpMUSH runs as a web application. Traditional shutdown is not applicable.*, <null>, *Announce*)
  	Notify(SharpMUSH.Library.Models.SharpPlayer: SharpMUSH.Library.Models.SharpPlayer, *System.String: In cloud/container deployments, use your orchestration tools to manage server lifecycle.*, <null>, *Announce*)
  	Notify(SharpMUSH.Library.Models.SharpPlayer: SharpMUSH.Library.Models.SharpPlayer, *System.String: Database state is preserved automatically. No explicit save is needed.*, <null>, *Announce*)
  	Notify(SharpMUSH.Library.Models.SharpPlayer: SharpMUSH.Library.Models.SharpPlayer, *System.String: You must specify an object to restart.*, <null>, *Announce*)
  	Notify(SharpMUSH.Library.Models.SharpPlayer: SharpMUSH.Library.Models.SharpPlayer, *System.String: Purge complete. 0 objects advanced to GOING_TWICE. 0 objects marked for final deletion.*, <null>, *Announce*)
  	Notify(SharpMUSH.Library.Models.SharpPlayer: SharpMUSH.Library.Models.SharpPlayer, *System.String: Note: Actual object deletion is handled by background garbage collection in SharpMUSH.*, <null>, *Announce*)
  	Notify(SharpMUSH.Library.Models.SharpPlayer: SharpMUSH.Library.Models.SharpPlayer, *System.String: I don't see that here.*, SharpMUSH.Library.Models.SharpPlayer: SharpMUSH.Library.Models.SharpPlayer, *Announce*)
  	Notify(SharpMUSH.Library.Models.SharpPlayer: SharpMUSH.Library.Models.SharpPlayer, *System.String: Reindexing text files...*, <null>, *Announce*)
  	Notify(SharpMUSH.Library.Models.SharpPlayer: SharpMUSH.Library.Models.SharpPlayer, *System.String: Text file cache rebuilt in 21ms.*, <null>, *Announce*)
  	Notify(SharpMUSH.Library.Models.SharpPlayer: SharpMUSH.Library.Models.SharpPlayer, *System.String: I don't see that here.*, SharpMUSH.Library.Models.SharpPlayer: SharpMUSH.Library.Models.SharpPlayer, *Announce*)
  	Notify(SharpMUSH.Library.Models.SharpPlayer: SharpMUSH.Library.Models.SharpPlayer, *System.String: I don't see that here.*, SharpMUSH.Library.Models.SharpPlayer: SharpMUSH.Library.Models.SharpPlayer, *Announce*)
  	Notify(SharpMUSH.Library.Models.SharpPlayer: SharpMUSH.Library.Models.SharpPlayer, *System.String: COMMANDS:
    ]
    @@
    @ALLHALT
    @ALLQUOTA
    @ASSERT
    @ATRCHOWN
    @ATRLOCK
    @ATTRIBUTE
    @BOOT
    @BREAK
    @CEMIT
    @CHANNEL
    @CHAT
    @CHOWN
    @CHOWNALL
    @CHZONE
    @CHZONEALL
    @CLIST
    @CLOCK
    @CLONE
    @COMMAND
    @CONFIG
    @CPATTR
    @CREATE
    @DBCK
    @DECOMPILE
    @DESTROY
    @DIG
    @DISABLE
    @DOLIST
    @DRAIN
    @DUMP
    @EDIT
    @ELOCK
    @EMIT
    @ENABLE
    @ENTRANCES
    @EUNLOCK
    @FIND
    @FIRSTEXIT
    @FLAG
    @FORCE
    @FUNCTION
    @GREP
    @HALT
    @HIDE
    @HOOK
    @HTTP
    @IFELSE
    @INCLUDE
    @KICK
    @LEMIT
    @LINK
    @LIST
    @LISTMOTD
    @LOCK
    @LOG
    @LOGWIPE
    @LSET
    @MAIL
    @MALIAS
    @MAP
    @MAPSQL
    @MESSAGE
    @MONIKER
    @MOTD
    @MVATTR
    @NAME
    @NEWPASSWORD
    @NOTIFY
    @NSCEMIT
    @NSEMIT
    @NSLEMIT
    @NSOEMIT
    @NSPEMIT
    @NSPROMPT
    @NSREMIT
    @NSZEMIT
    @NUKE
    @OEMIT
    @OPEN
    @PARENT
    @PASSWORD
    @PCREATE
    @PEMIT
    @POLL
    @POOR
    @POWER
    @PROMPT
    @PS
    @PURGE
    @QUOTA
    @READCACHE
    @RECYCLE
    @REJECTMOTD
    @REMIT
    @RESPOND
    @RESTART
    @RETRY
    @RWALL
    @SCAN
    @SEARCH
    @SELECT
    @SET
    @SHUTDOWN
    @SITELOCK
    @SKIP
    @SLAVE
    @SOCKSET
    @SQL
    @SQUOTA
    @STATS
    @SUGGEST
    @SWEEP
    @SWITCH
    @TELEPORT
    @TRIGGER
    @ULOCK
    @UNDESTROY
    @UNLINK
    @UNLOCK
    @UNRECYCLE
    @UPTIME
    @UUNLOCK
    @VERB
    @VERSION
    @WAIT
    @WALL
    @WARNINGS
    @WCHECK
    @WHEREIS
    @WIPE
    @WIZMOTD
    @WIZWALL
    @ZEMIT
    &
    ADDCOM
    AHELP
    ANEWS
    BRIEF
    BUY
    COMLIST
    COMTITLE
    CONNECT
    DELCOM
    DESERT
    DISMISS
    DOING
    DROP
    EMPTY
    ENTER
    EXAMINE
    FOLLOW
    GET
    GIVE
    GOTO
    HELP
    HOME
    HUH_COMMAND
    INVENTORY
    LEAVE
    LOOK
    NEWS
    PAGE
    POSE
    QUIT
    SAY
    SCORE
    SEMIPOSE
    SESSION
    TEACH
    THINK
    UNFOLLOW
    UNIMPLEMENTED_COMMAND
    USE
    WARN_ON_MISSING
    WHISPER
    WHO
    WITH*, <null>, *Announce*)
  	Notify(SharpMUSH.Library.Models.SharpPlayer: SharpMUSH.Library.Models.SharpPlayer, *System.String: LOCK TYPES:
    BASIC
    CHOWN
    CHZONE
    COMMAND
    CONTROL
    DESTROY
    DROP
    DROPIN
    DROPTO
    ENTER
    EXAMINE
    FILTER
    FOLLOW
    FORWARD
    FROM
    GIVE
    INFILTER
    INTERACT
    LEAVE
    LINK
    LISTEN
    MAIL
    MAILFORWARD
    OPEN
    PAGE
    PARENT
    PAY
    RECEIVE
    SPEECH
    TAKE
    TPORT
    USE
    ZONE*, <null>, *Announce*)
  	Notify(SharpMUSH.Library.Models.SharpPlayer: SharpMUSH.Library.Models.SharpPlayer, *System.String: OBJECT POWERS:
  NAME                 ALIAS              TYPE RESTRICTIONS
  -------------------- ------------------ -------------------
  Announce                                ROOM,PLAYER,EXIT,THING
  Boot                                    ROOM,PLAYER,EXIT,THING
  Builder                                 ROOM,PLAYER,EXIT,THING
  Can_Dark                                PLAYER
  Can_HTTP                                ROOM,PLAYER,EXIT,THING
  Can_Spoof                               ROOM,PLAYER,EXIT,THING
  Chat_Privs                              ROOM,PLAYER,EXIT,THING
  Debit                                   ROOM,PLAYER,EXIT,THING
  Functions                               ROOM,PLAYER,EXIT,THING
  Guest                                   ROOM,PLAYER,EXIT,THING
  Halt                                    ROOM,PLAYER,EXIT,THING
  Hide                                    ROOM,PLAYER,EXIT,THING
  Hook                                    ROOM,PLAYER,EXIT,THING
  Idle                                    ROOM,PLAYER,EXIT,THING
  Immortal                                ROOM,PLAYER,EXIT,THING
  Link_Anywhere                           ROOM,PLAYER,EXIT,THING
  Login                                   ROOM,PLAYER,EXIT,THING
  Long_Fingers                            ROOM,PLAYER,EXIT,THING
  Many_Attribs                            ROOM,PLAYER,EXIT,THING
  No_Pay                                  ROOM,PLAYER,EXIT,THING
  No_Quota                                ROOM,PLAYER,EXIT,THING
  Open_Anywhere                           ROOM,PLAYER,EXIT,THING
  Pemit_All                               ROOM,PLAYER,EXIT,THING
  Pick_DBRefs                             ROOM,PLAYER,EXIT,THING
  Player_Create                           ROOM,PLAYER,EXIT,THING
  Poll                                    ROOM,PLAYER,EXIT,THING
  Pueblo_Send                             ROOM,PLAYER,EXIT,THING
  Queue                                   ROOM,PLAYER,EXIT,THING
  Search                                  ROOM,PLAYER,EXIT,THING
  See_All                                 ROOM,PLAYER,EXIT,THING
  See_Queue                               ROOM,PLAYER,EXIT,THING
  See_OOB                                 ROOM,PLAYER,EXIT,THING
  SQL_OK                                  ROOM,PLAYER,EXIT,THING
  Tport_Anything                          ROOM,PLAYER,EXIT,THING
  Tport_Anywhere                          ROOM,PLAYER,EXIT,THING
  Unkillable                              ROOM,PLAYER,EXIT,THING*, <null>, *Announce*)
  	Notify(SharpMUSH.Library.Models.SharpPlayer: SharpMUSH.Library.Models.SharpPlayer, *System.String: Object Flags:
  name                 symbol type restrictions
  -------------------- ------ -------------------
  wizard               w      room,player,exit,thing
  abode                a      room
  ansi                 a      player
  chown_ok             c      room,player,thing
  color                c      player
  dark                 d      room,player,exit,thing
  fixed                f      player
  floating             f      room
  haven                h      player
  trust                i      room,player,exit,thing
  judge                j      player
  jump_ok              j      room
  link_ok              l      room,player,exit,thing
  monitor              m      room,player,thing
  no_leave             n      thing
  no_tel               n      room
  opaque               o      room,player,exit,thing
  quiet                q      room,player,exit,thing
  unfindable           u      room,player,exit,thing
  visual               v      room,player,exit,thing
  safe                 x      room,player,exit,thing
  shared               z      player
  z_tel                z      room,thing
  listen_parent        ^      player,thing,room
  noaccents            ~      player,thing,room
  unregistered         ?      player
  nospoof              "      room,player,exit,thing
  audible              a      room,player,exit,thing
  debug                b      room,player,exit,thing
  destroy_ok           d      thing
  enter_ok             e      room,player,exit,thing
  gagged               g      player
  halt                 h      room,player,exit,thing
  orphan               i      room,player,exit,thing
  jury_ok              j      player
  keepalive            k      player
  light                l      room,player,exit,thing
  mistrust             m      player,exit,thing
  mistrust             m      player,exit,thing
  no_command           n      room,player,exit,thing
  on_vacation          o      player
  puppet               p      thing
  royalty              r      room,player,exit,thing
  suspect              s      room,player,exit,thing
  transparent          t      room,player,exit,thing
  verbose              v      room,player,exit,thing
  no_warn              w      room,player,exit,thing
  cloudy               x      exit
  chan_usefirstmatch          room,player,exit,thing
  hear_connect                player
  heavy                       room,player,exit,thing
  loud                        player
  no_log                      player
  paranoid                    player
  track_money                 player
  xterm256                    player
  moniker                     room,player,exit,thing
  open_ok                     room
  going                g      room,player,exit,thing
  going_twice                 room,player,exit,thing*, <null>, *Announce*)
  	Notify(SharpMUSH.Library.Models.SharpPlayer: SharpMUSH.Library.Models.SharpPlayer, *System.String: You must specify what to list. Use one of: /MOTD /FUNCTIONS /COMMANDS /ATTRIBS /LOCKS /FLAGS /POWERS /ALLOCATIONS*, <null>, *Announce*)
  	Notify(SharpMUSH.Library.Models.SharpPlayer: SharpMUSH.Library.Models.SharpPlayer, *System.String: FUNCTIONS:
    @@
    abs
    accent
    accname
    acos
    add
    addrlog
    after
    alias
    align
    allof
    alphamax
    alphamin
    and
    andflags
    andlflags
    andlpowers
    ansi
    aposs
    art
    asin
    atan
    atan2
    atrlock
    attrib_set
    attrib_set#
    band
    baseconv
    beep
    before
    benchmark
    bnand
    bnot
    bor
    bound
    brackets
    bxor
    cand
    capstr
    case
    caseall
    cat
    cbuffer
    cbufferadd
    cdesc
    ceil
    cemit
    center
    cflags
    channels
    checkpass
    children
    chr
    CINFO
    clflags
    clock
    clone
    cmds
    cmogrifier
    cmsgs
    cnand
    colors
    comp
    con
    cond
    condall
    CONFIG
    conn
    connlog
    connrecord
    controls
    CONVSECS
    CONVTIME
    CONVUTCSECS
    CONVUTCTIME
    cor
    cos
    cowner
    create
    crecall
    csecs
    cstatus
    ctime
    ctitle
    ctu
    cusers
    cwho
    dec
    decode64
    decompose
    decomposeweb
    decrypt
    default
    DELETE
    die
    dig
    digest
    dist2d
    dist3d
    div
    doing
    downmotd
    e
    edefault
    edit
    elements
    elist
    elock
    emit
    encode64
    encrypt
    endtag
    entrances
    eq
    escape
    etime
    etimefmt
    eval
    exit
    extract
    fdiv
    filter
    filterbool
    findable
    first
    firstof
    flags
    flip
    floor
    floordiv
    fmod
    fn
    fold
    folderstats
    followers
    following
    foreach
    formdecode
    fraction
    fullalias
    fullmotd
    fullname
    functions
    get
    get_eval
    getpids
    grab
    graball
    grep
    grepi
    gt
    gte
    hasattr
    hasattrp
    hasattrpval
    hasattrval
    hasflag
    haspower
    hastype
    height
    hidden
    hmac
    home
    host
    html
    ibreak
    idle
    IDLESECS
    if
    ifelse
    ilev
    iname
    inc
    index
    INSERT
    inum
    ipaddr
    isdaylight
    isdbref
    isint
    isjson
    isnum
    isobjid
    isregexp
    isword
    itemize
    items
    iter
    itext
    json
    json_map
    json_mod
    json_query
    lalign
    last
    lattr
    lattrp
    lcon
    lcstr
    LCSTR2
    ldelete
    left
    lemit
    letq
    lexits
    lflags
    link
    linsert
    list
    listq
    lit
    ljust
    llockflags
    llocks
    lmath
    ln
    lnum
    loc
    localize
    locate
    lock
    lockfilter
    lockflags
    lockowner
    locks
    log
    lparent
    lpids
    lplayers
    lports
    lpos
    lreplace
    lsearch
    lsearchr
    lset
    lstats
    lt
    lte
    lthings
    lvcon
    lvexits
    lvplayers
    lvthings
    lwho
    lwhoid
    mail
    maildstats
    mailfrom
    mailfstats
    maillist
    mailsend
    mailstats
    mailstatus
    mailsubject
    mailtime
    malias
    map
    mapsql
    match
    matchall
    max
    mean
    median
    member
    merge
    message
    mid
    min
    mix
    modulo
    money
    moniker
    motd
    msecs
    mtime
    mudname
    mudurl
    mul
    munge
    mwho
    mwhoid
    name
    namegrab
    namegraball
    namelist
    nand
    nattr
    nattrp
    ncand
    nchildren
    ncon
    ncond
    ncondall
    ncor
    nearby
    neq
    nexits
    next
    nextdbref
    nlsearch
    nmwho
    nor
    not
    nplayers
    nscemit
    nsearch
    nsemit
    nslemit
    nsoemit
    nspemit
    nsprompt
    nsremit
    nszemit
    nthings
    null
    num
    numversion
    nvcon
    nvexits
    nvplayers
    nvthings
    nwho
    obj
    objeval
    objid
    objmem
    oemit
    oob
    open
    or
    ord
    ORDINAL
    orflags
    orlflags
    orlpowers
    owner
    parent
    pcreate
    pemit
    pfun
    pgrep
    pi
    pidinfo
    player
    playermem
    pmatch
    poll
    ports
    pos
    poss
    power
    powers
    prompt
    pueblo
    quota
    r
    rand
    randextract
    randword
    recv
    regedit
    regeditall
    regeditalli
    regediti
    registers
    reglattr
    reglattrp
    reglmatch
    reglmatchall
    reglmatchalli
    reglmatchi
    regmatch
    regmatchalli
    regmatchi
    regnattr
    regnattrp
    regrab
    regraball
    regraballi
    regrabi
    regrep
    regrepi
    REGREPLACE
    regxattr
    regxattrp
    remainder
    remit
    remove
    render
    rendermarkdown
    rendermarkdowncustom
    repeat
    rest
    restarts
    restarttime
    reswitch
    reswitchall
    reswitchalli
    reswitchi
    revwords
    right
    rjust
    rloc
    RNUM
    room
    root
    round
    s
    scan
    scramble
    secs
    secscalc
    secure
    sent
    set
    setdiff
    setinter
    setq
    setr
    setsymdiff
    setunion
    SHA0
    shl
    shr
    shuffle
    sign
    sin
    slev
    sort
    sortby
    sortkey
    soundex
    soundslike
    space
    speak
    spellnum
    splice
    sql
    sqlescape
    sqrt
    squish
    ssl
    starttime
    stddev
    step
    stext
    strallof
    strcat
    strdelete
    strfirstof
    stringsecs
    strinsert
    stripaccents
    stripansi
    strlen
    strmatch
    strreplace
    sub
    subj
    suggest
    switch
    switchall
    t
    table
    tag
    tagwrap
    tan
    tel
    terminfo
    testlock
    textentries
    textfile
    textsearch
    time
    timecalc
    timefmt
    timestring
    tr
    trim
    trimpenn
    trimtiny
    trunc
    type
    ucstr
    UCSTR2
    udefault
    ufun
    ulambda
    uldefault
    ulocal
    unique
    unsetq
    uptime
    urldecode
    urlencode
    utctime
    v
    vadd
    valid
    vcross
    vdim
    vdot
    version
    visible
    vmag
    vmax
    vmin
    vmul
    vsub
    vunit
    WEBSOCKET_HTML
    WEBSOCKET_JSON
    where
    width
    wildgrep
    wildgrepi
    wipe
    wizmotd
    wordpos
    words
    wrap
    wshtml
    wsjson
    xattr
    xattrp
    xcon
    xexits
    xget
    xmwho
    xmwhoid
    xor
    xplayers
    xthings
    xvcon
    xvexits
    xvplayers
    xvthings
    xwho
    xwhoid
    zemit
    zfind
    zfun
    zmwho
    zone
    zwho*, <null>, *Announce*)
  	Notify(SharpMUSH.Library.Models.SharpPlayer: SharpMUSH.Library.Models.SharpPlayer, *System.String: Current Message of the Day settings:*, <null>, *Announce*)
  	Notify(SharpMUSH.Library.Models.SharpPlayer: SharpMUSH.Library.Models.SharpPlayer, *System.String:   Connect MOTD File: txt/motd.txt*, <null>, *Announce*)
  	Notify(SharpMUSH.Library.Models.SharpPlayer: SharpMUSH.Library.Models.SharpPlayer, *System.String:   Connect MOTD HTML: txt/motd.html*, <null>, *Announce*)
  	Notify(SharpMUSH.Library.Models.SharpPlayer: SharpMUSH.Library.Models.SharpPlayer, *System.String:   Wizard MOTD File: txt/wizmotd.txt*, <null>, *Announce*)
  	Notify(SharpMUSH.Library.Models.SharpPlayer: SharpMUSH.Library.Models.SharpPlayer, *System.String:   Wizard MOTD HTML: txt/wizmotd.html*, <null>, *Announce*)
  	Notify(SharpMUSH.Library.Models.SharpPlayer: SharpMUSH.Library.Models.SharpPlayer, *System.String: STANDARD ATTRIBUTES:
    AAHEAR
    ABUY
    ACLONE
    ACONNECT
    ADEATH
    ADESCRIBE
    ADESTROY
    ADISCONNECT
    ADROP
    AEFAIL
    AENTER
    AFAILURE
    AFOLLOW
    AGIVE
    AHEAR
    AIDESCRIBE
    ALEAVE
    ALFAIL
    ALIAS
    AMAIL
    AMHEAR
    AMOVE
    ANAME
    APAYMENT
    ARECEIVE
    ASUCCESS
    ATPORT
    AUFAIL
    AUNFOLLOW
    AUSE
    AWAY
    AZENTER
    AZLEAVE
    BUY
    CHANALIAS
    CHARGES
    CHATFORMAT
    COMMENT
    CONFORMAT
    COST
    DEATH
    DEBUGFORWARDLIST
    DESCFORMAT
    DESCRIBE
    DESTINATION
    DOING
    DROP
    EALIAS
    EFAIL
    ENTER
    EXITFORMAT
    EXITTO
    FAILURE
    FILTER
    FOLLOW
    FOLLOWERS
    FOLLOWING
    FORWARDLIST
    GIVE
    HAVEN
    IDESCFORMAT
    IDESCRIBE
    IDLE
    INFILTER
    INPREFIX
    INVFORMAT
    LALIAS
    LAST
    LASTFAILED
    LASTIP
    LASTLOGOUT
    LASTPAGED
    LASTSITE
    LEAVE
    LFAIL
    LISTEN
    MAILCURF
    MAILFILTER
    MAILFILTERS
    MAILFOLDERS
    MAILFORWARDLIST
    MAILQUOTA
    MAILSIGNATURE
    MONIKER
    MOVE
    NAMEACCENT
    NAMEFORMAT
    OBUY
    ODEATH
    ODESCRIBE
    ODROP
    OEFAIL
    OENTER
    OFAILURE
    OFOLLOW
    OGIVE
    OIDESCRIBE
    OLEAVE
    OLFAIL
    OMOVE
    ONAME
    OPAYMENT
    ORECEIVE
    OSUCCESS
    OTPORT
    OUFAIL
    OUNFOLLOW
    OUSE
    OUTPAGEFORMAT
    OXENTER
    OXLEAVE
    OXMOVE
    OXTPORT
    OZENTER
    OZLEAVE
    PAGEFORMAT
    PAYMENT
    PREFIX
    PRICELIST
    QUEUE
    RECEIVE
    REGISTERED_EMAIL
    RQUOTA
    RUNOUT
    SEMAPHORE
    SEX
    SPEECHMOD
    STARTUP
    SUCCESS
    TFPREFIX
    TPORT
    TZ
    UFAIL
    UNFOLLOW
    USE
    VA
    VB
    VC
    VD
    VE
    VF
    VG
    VH
    VI
    VJ
    VK
    VL
    VM
    VN
    VO
    VP
    VQ
    VR
    VRML_URL
    VS
    VT
    VU
    VV
    VW
    VX
    VY
    VZ
    WA
    WB
    WC
    WD
    WE
    WF
    WG
    WH
    WI
    WJ
    WK
    WL
    WM
    WN
    WO
    WP
    WQ
    WR
    WS
    WT
    WU
    WV
    WW
    WX
    WY
    WZ
    XA
    XB
    XC
    XD
    XE
    XF
    XG
    XH
    XI
    XJ
    XK
    XL
    XM
    XN
    XO
    XP
    XQ
    XR
    XS
    XT
    XU
    XV
    XW
    XX
    XY
    XZ
    ZENTER*, <null>, *Announce*)
  	Notify(SharpMUSH.Library.Models.SharpPlayer: SharpMUSH.Library.Models.SharpPlayer, *System.String: OBJECT FLAGS:
  NAME                 SYMBOL TYPE RESTRICTIONS
  -------------------- ------ -------------------
  WIZARD               W      ROOM,PLAYER,EXIT,THING
  ABODE                A      ROOM
  ANSI                 A      PLAYER
  CHOWN_OK             C      ROOM,PLAYER,THING
  COLOR                C      PLAYER
  DARK                 D      ROOM,PLAYER,EXIT,THING
  FIXED                F      PLAYER
  FLOATING             F      ROOM
  HAVEN                H      PLAYER
  TRUST                I      ROOM,PLAYER,EXIT,THING
  JUDGE                J      PLAYER
  JUMP_OK              J      ROOM
  LINK_OK              L      ROOM,PLAYER,EXIT,THING
  MONITOR              M      ROOM,PLAYER,THING
  NO_LEAVE             N      THING
  NO_TEL               N      ROOM
  OPAQUE               O      ROOM,PLAYER,EXIT,THING
  QUIET                Q      ROOM,PLAYER,EXIT,THING
  UNFINDABLE           U      ROOM,PLAYER,EXIT,THING
  VISUAL               V      ROOM,PLAYER,EXIT,THING
  SAFE                 X      ROOM,PLAYER,EXIT,THING
  SHARED               Z      PLAYER
  Z_TEL                Z      ROOM,THING
  LISTEN_PARENT        ^      PLAYER,THING,ROOM
  NOACCENTS            ~      PLAYER,THING,ROOM
  UNREGISTERED         ?      PLAYER
  NOSPOOF              "      ROOM,PLAYER,EXIT,THING
  AUDIBLE              a      ROOM,PLAYER,EXIT,THING
  DEBUG                b      ROOM,PLAYER,EXIT,THING
  DESTROY_OK           d      THING
  ENTER_OK             e      ROOM,PLAYER,EXIT,THING
  GAGGED               g      PLAYER
  HALT                 h      ROOM,PLAYER,EXIT,THING
  ORPHAN               i      ROOM,PLAYER,EXIT,THING
  JURY_OK              j      PLAYER
  KEEPALIVE            k      PLAYER
  LIGHT                l      ROOM,PLAYER,EXIT,THING
  MISTRUST             m      PLAYER,EXIT,THING
  MISTRUST             m      PLAYER,EXIT,THING
  NO_COMMAND           n      ROOM,PLAYER,EXIT,THING
  ON_VACATION          o      PLAYER
  PUPPET               P      THING
  ROYALTY              r      ROOM,PLAYER,EXIT,THING
  SUSPECT              s      ROOM,PLAYER,EXIT,THING
  TRANSPARENT          t      ROOM,PLAYER,EXIT,THING
  VERBOSE              v      ROOM,PLAYER,EXIT,THING
  NO_WARN              w      ROOM,PLAYER,EXIT,THING
  CLOUDY               x      EXIT
  CHAN_USEFIRSTMATCH          ROOM,PLAYER,EXIT,THING
  HEAR_CONNECT                PLAYER
  HEAVY                       ROOM,PLAYER,EXIT,THING
  LOUD                        PLAYER
  NO_LOG                      PLAYER
  PARANOID                    PLAYER
  TRACK_MONEY                 PLAYER
  XTERM256                    PLAYER
  MONIKER                     ROOM,PLAYER,EXIT,THING
  OPEN_OK                     ROOM
  GOING                g      ROOM,PLAYER,EXIT,THING
  GOING_TWICE                 ROOM,PLAYER,EXIT,THING*, <null>, *Announce*)
  	Notify(SharpMUSH.Library.Models.SharpPlayer: SharpMUSH.Library.Models.SharpPlayer, *System.String: You have no channel aliases.*, <null>, *Announce*)
  	Notify(SharpMUSH.Library.Models.SharpPlayer: SharpMUSH.Library.Models.SharpPlayer, *MarkupString.MarkupStringModule+MarkupString: <TestCommandChannel> ChatCommand: Test message*, SharpMUSH.Library.Models.SharpPlayer: SharpMUSH.Library.Models.SharpPlayer, *Emit*)
  	Notify(SharpMUSH.Library.Models.SharpPlayer: SharpMUSH.Library.Models.SharpPlayer, *MarkupString.MarkupStringModule+MarkupString: <TestCommandChannel> ChatCommand: Test message*, SharpMUSH.Library.Models.SharpPlayer: SharpMUSH.Library.Models.SharpPlayer, *Emit*)
  	Notify(SharpMUSH.Library.Models.SharpPlayer: SharpMUSH.Library.Models.SharpPlayer, *MarkupString.MarkupStringModule+MarkupString: <TestCommandChannel> ChatCommand: Test message*, SharpMUSH.Library.Models.SharpPlayer: SharpMUSH.Library.Models.SharpPlayer, *Emit*)
  	Notify(SharpMUSH.Library.Models.SharpPlayer: SharpMUSH.Library.Models.SharpPlayer, *System.String: Alias 'TestCommandChannel' not found.*, <null>, *Announce*)
  	Notify(SharpMUSH.Library.Models.SharpPlayer: SharpMUSH.Library.Models.SharpPlayer, *MarkupString.MarkupStringModule+MarkupString: <TestCommandChannel> God says, "NscemitCommand: Test message"*, SharpMUSH.Library.Models.SharpPlayer: SharpMUSH.Library.Models.SharpPlayer, *NSEmit*)
  	Notify(SharpMUSH.Library.Models.SharpPlayer: SharpMUSH.Library.Models.SharpPlayer, *MarkupString.MarkupStringModule+MarkupString: <TestCommandChannel> God says, "NscemitCommand: Test message"*, SharpMUSH.Library.Models.SharpPlayer: SharpMUSH.Library.Models.SharpPlayer, *NSEmit*)
  	Notify(SharpMUSH.Library.Models.SharpPlayer: SharpMUSH.Library.Models.SharpPlayer, *MarkupString.MarkupStringModule+MarkupString: <TestCommandChannel> God says, "NscemitCommand: Test message"*, SharpMUSH.Library.Models.SharpPlayer: SharpMUSH.Library.Models.SharpPlayer, *NSEmit*)
  	Notify(SharpMUSH.Library.Models.SharpPlayer: SharpMUSH.Library.Models.SharpPlayer, *MarkupString.MarkupStringModule+MarkupString: <TestCommandChannel> God says, "NscemitCommand: Test message"*, SharpMUSH.Library.Models.SharpPlayer: SharpMUSH.Library.Models.SharpPlayer, *NSEmit*)
  	Notify(SharpMUSH.Library.Models.SharpPlayer: SharpMUSH.Library.Models.SharpPlayer, *MarkupString.MarkupStringModule+MarkupString: <TestCommandChannel> God says, "NscemitCommand: Test message"*, SharpMUSH.Library.Models.SharpPlayer: SharpMUSH.Library.Models.SharpPlayer, *NSEmit*)
  	Notify(SharpMUSH.Library.Models.SharpPlayer: SharpMUSH.Library.Models.SharpPlayer, *MarkupString.MarkupStringModule+MarkupString: <TestCommandChannel> God says, "NscemitCommand: Test message"*, SharpMUSH.Library.Models.SharpPlayer: SharpMUSH.Library.Models.SharpPlayer, *NSEmit*)
  	Notify(SharpMUSH.Library.Models.SharpPlayer: SharpMUSH.Library.Models.SharpPlayer, *MarkupString.MarkupStringModule+MarkupString: <TestCommandChannel> God says, "NscemitCommand: Test message"*, SharpMUSH.Library.Models.SharpPlayer: SharpMUSH.Library.Models.SharpPlayer, *NSEmit*)
  	Notify(SharpMUSH.Library.Models.SharpPlayer: SharpMUSH.Library.Models.SharpPlayer, *System.String: Channel not found.*, <null>, *Announce*)
  	Notify(SharpMUSH.Library.Models.SharpPlayer: SharpMUSH.Library.Models.SharpPlayer, *MarkupString.MarkupStringModule+MarkupString: <TestCommandChannel> CemitCommand: Test message*, SharpMUSH.Library.Models.SharpPlayer: SharpMUSH.Library.Models.SharpPlayer, *Emit*)
  	Notify(SharpMUSH.Library.Models.SharpPlayer: SharpMUSH.Library.Models.SharpPlayer, *MarkupString.MarkupStringModule+MarkupString: <TestCommandChannel> CemitCommand: Test message*, SharpMUSH.Library.Models.SharpPlayer: SharpMUSH.Library.Models.SharpPlayer, *Emit*)
  	Notify(SharpMUSH.Library.Models.SharpPlayer: SharpMUSH.Library.Models.SharpPlayer, *MarkupString.MarkupStringModule+MarkupString: <TestCommandChannel> CemitCommand: Test message*, SharpMUSH.Library.Models.SharpPlayer: SharpMUSH.Library.Models.SharpPlayer, *Emit*)
  	Notify(SharpMUSH.Library.Models.SharpPlayer: SharpMUSH.Library.Models.SharpPlayer, *MarkupString.MarkupStringModule+MarkupString: <TestCommandChannel> CemitCommand: Test message*, SharpMUSH.Library.Models.SharpPlayer: SharpMUSH.Library.Models.SharpPlayer, *Emit*)
  	Notify(SharpMUSH.Library.Models.SharpPlayer: SharpMUSH.Library.Models.SharpPlayer, *MarkupString.MarkupStringModule+MarkupString: <TestCommandChannel> CemitCommand: Test message*, SharpMUSH.Library.Models.SharpPlayer: SharpMUSH.Library.Models.SharpPlayer, *Emit*)
  	Notify(SharpMUSH.Library.Models.SharpPlayer: SharpMUSH.Library.Models.SharpPlayer, *MarkupString.MarkupStringModule+MarkupString: <TestCommandChannel> CemitCommand: Test message*, SharpMUSH.Library.Models.SharpPlayer: SharpMUSH.Library.Models.SharpPlayer, *Emit*)
  	Notify(SharpMUSH.Library.Models.SharpPlayer: SharpMUSH.Library.Models.SharpPlayer, *MarkupString.MarkupStringModule+MarkupString: <TestCommandChannel> CemitCommand: Test message*, SharpMUSH.Library.Models.SharpPlayer: SharpMUSH.Library.Models.SharpPlayer, *Emit*)
  	Notify(SharpMUSH.Library.Models.SharpPlayer: SharpMUSH.Library.Models.SharpPlayer, *MarkupString.MarkupStringModule+MarkupString: <TestCommandChannel> CemitCommand: Test message*, SharpMUSH.Library.Models.SharpPlayer: SharpMUSH.Library.Models.SharpPlayer, *Emit*)
  	Notify(SharpMUSH.Library.Models.SharpPlayer: SharpMUSH.Library.Models.SharpPlayer, *MarkupString.MarkupStringModule+MarkupString: <TestCommandChannel> CemitCommand: Test message*, SharpMUSH.Library.Models.SharpPlayer: SharpMUSH.Library.Models.SharpPlayer, *Emit*)
  	Notify(SharpMUSH.Library.Models.SharpPlayer: SharpMUSH.Library.Models.SharpPlayer, *System.String: Alias 'pub' not found.*, <null>, *Announce*)
  	Notify(SharpMUSH.Library.Models.SharpPlayer: SharpMUSH.Library.Models.SharpPlayer, *System.String: *, <null>, *Announce*)
  	Notify(SharpMUSH.Library.Models.SharpPlayer: SharpMUSH.Library.Models.SharpPlayer, *System.String: -1*, <null>, *Announce*)
  	Notify(SharpMUSH.Library.Models.SharpPlayer: SharpMUSH.Library.Models.SharpPlayer, *System.String: -1*, <null>, *Announce*)
  	Notify(SharpMUSH.Library.Models.SharpPlayer: SharpMUSH.Library.Models.SharpPlayer, *System.String: -1*, <null>, *Announce*)
  	Notify(SharpMUSH.Library.Models.SharpPlayer: SharpMUSH.Library.Models.SharpPlayer, *System.String: -1*, <null>, *Announce*)
  	Notify(SharpMUSH.Library.Models.SharpPlayer: SharpMUSH.Library.Models.SharpPlayer, *System.String: -1*, <null>, *Announce*)
  	Notify(SharpMUSH.Library.Models.SharpPlayer: SharpMUSH.Library.Models.SharpPlayer, *System.String: -1*, <null>, *Announce*)
  	Notify(SharpMUSH.Library.Models.SharpPlayer: SharpMUSH.Library.Models.SharpPlayer, *System.String: -1*, <null>, *Announce*)
  	Notify(SharpMUSH.Library.Models.SharpPlayer: SharpMUSH.Library.Models.SharpPlayer, *System.String: -1*, <null>, *Announce*)
  	Notify(SharpMUSH.Library.Models.SharpPlayer: SharpMUSH.Library.Models.SharpPlayer, *System.String: -1*, <null>, *Announce*)
  	Notify(SharpMUSH.Library.Models.SharpPlayer: SharpMUSH.Library.Models.SharpPlayer, *System.String: -1*, <null>, *Announce*)
  	Notify(SharpMUSH.Library.Models.SharpPlayer: SharpMUSH.Library.Models.SharpPlayer, *System.String: -1*, <null>, *Announce*)
  	Notify(SharpMUSH.Library.Models.SharpPlayer: SharpMUSH.Library.Models.SharpPlayer, *System.String: -1*, <null>, *Announce*)
  	Notify(SharpMUSH.Library.Models.SharpPlayer: SharpMUSH.Library.Models.SharpPlayer, *System.String: -1*, <null>, *Announce*)
  	Notify(SharpMUSH.Library.Models.SharpPlayer: SharpMUSH.Library.Models.SharpPlayer, *System.String: -1*, <null>, *Announce*)
  	Notify(SharpMUSH.Library.Models.SharpPlayer: SharpMUSH.Library.Models.SharpPlayer, *System.String: -1*, <null>, *Announce*)
  	Notify(SharpMUSH.Library.Models.SharpPlayer: SharpMUSH.Library.Models.SharpPlayer, *System.String: -1*, <null>, *Announce*)
  	Notify(SharpMUSH.Library.Models.SharpPlayer: SharpMUSH.Library.Models.SharpPlayer, *System.String: -1*, <null>, *Announce*)
  	Notify(SharpMUSH.Library.Models.SharpPlayer: SharpMUSH.Library.Models.SharpPlayer, *System.String: -1*, <null>, *Announce*)
  	Notify(SharpMUSH.Library.Models.SharpPlayer: SharpMUSH.Library.Models.SharpPlayer, *System.String: -1*, <null>, *Announce*)
  	Notify(SharpMUSH.Library.Models.SharpPlayer: SharpMUSH.Library.Models.SharpPlayer, *System.String: -1*, <null>, *Announce*)
  	Notify(SharpMUSH.Library.Models.SharpPlayer: SharpMUSH.Library.Models.SharpPlayer, *System.String: -1*, <null>, *Announce*)
  	Notify(SharpMUSH.Library.Models.SharpPlayer: SharpMUSH.Library.Models.SharpPlayer, *System.String: -1*, <null>, *Announce*)
  	Notify(SharpMUSH.Library.Models.SharpPlayer: SharpMUSH.Library.Models.SharpPlayer, *System.String: -1*, <null>, *Announce*)
  	Notify(SharpMUSH.Library.Models.SharpPlayer: SharpMUSH.Library.Models.SharpPlayer, *System.String: -1*, <null>, *Announce*)
  	Notify(SharpMUSH.Library.Models.SharpPlayer: SharpMUSH.Library.Models.SharpPlayer, *System.String: -1*, <null>, *Announce*)
  	Notify(SharpMUSH.Library.Models.SharpPlayer: SharpMUSH.Library.Models.SharpPlayer, *System.String: -1*, <null>, *Announce*)
  	Notify(SharpMUSH.Library.Models.SharpPlayer: SharpMUSH.Library.Models.SharpPlayer, *System.String: -1*, <null>, *Announce*)
  	Notify(SharpMUSH.Library.Models.SharpPlayer: SharpMUSH.Library.Models.SharpPlayer, *System.String: -1*, <null>, *Announce*)
  	Notify(SharpMUSH.Library.Models.SharpPlayer: SharpMUSH.Library.Models.SharpPlayer, *System.String: -1*, <null>, *Announce*)
  	Notify(SharpMUSH.Library.Models.SharpPlayer: SharpMUSH.Library.Models.SharpPlayer, *System.String: -1*, <null>, *Announce*)
  	Notify(SharpMUSH.Library.Models.SharpPlayer: SharpMUSH.Library.Models.SharpPlayer, *System.String: -1*, <null>, *Announce*)
  	Notify(SharpMUSH.Library.Models.SharpPlayer: SharpMUSH.Library.Models.SharpPlayer, *System.String: -1*, <null>, *Announce*)
  	Notify(SharpMUSH.Library.Models.SharpPlayer: SharpMUSH.Library.Models.SharpPlayer, *System.String: -1*, <null>, *Announce*)
  	Notify(SharpMUSH.Library.Models.SharpPlayer: SharpMUSH.Library.Models.SharpPlayer, *System.String: -1*, <null>, *Announce*)
  	Notify(SharpMUSH.Library.Models.SharpPlayer: SharpMUSH.Library.Models.SharpPlayer, *System.String: -1*, <null>, *Announce*)
  	Notify(SharpMUSH.Library.Models.SharpPlayer: SharpMUSH.Library.Models.SharpPlayer, *System.String: -1*, <null>, *Announce*)
  	Notify(SharpMUSH.Library.Models.SharpPlayer: SharpMUSH.Library.Models.SharpPlayer, *System.String: -1*, <null>, *Announce*)
  	Notify(SharpMUSH.Library.Models.SharpPlayer: SharpMUSH.Library.Models.SharpPlayer, *System.String: -1*, <null>, *Announce*)
  	Notify(SharpMUSH.Library.Models.SharpPlayer: SharpMUSH.Library.Models.SharpPlayer, *System.String: -1*, <null>, *Announce*)
  	Notify(SharpMUSH.Library.Models.SharpPlayer: SharpMUSH.Library.Models.SharpPlayer, *System.String: -1*, <null>, *Announce*)
  	Notify(SharpMUSH.Library.Models.SharpPlayer: SharpMUSH.Library.Models.SharpPlayer, *System.String: -1*, <null>, *Announce*)
  	Notify(SharpMUSH.Library.Models.SharpPlayer: SharpMUSH.Library.Models.SharpPlayer, *System.String: -1*, <null>, *Announce*)
  	Notify(SharpMUSH.Library.Models.SharpPlayer: SharpMUSH.Library.Models.SharpPlayer, *System.String: -1*, <null>, *Announce*)
  	Notify(SharpMUSH.Library.Models.SharpPlayer: SharpMUSH.Library.Models.SharpPlayer, *System.String: -1*, <null>, *Announce*)
  	Notify(SharpMUSH.Library.Models.SharpPlayer: SharpMUSH.Library.Models.SharpPlayer, *System.String: -1*, <null>, *Announce*)
  	Notify(SharpMUSH.Library.Models.SharpPlayer: SharpMUSH.Library.Models.SharpPlayer, *System.String: -1*, <null>, *Announce*)
  	Notify(SharpMUSH.Library.Models.SharpPlayer: SharpMUSH.Library.Models.SharpPlayer, *System.String: -1*, <null>, *Announce*)
  	Notify(SharpMUSH.Library.Models.SharpPlayer: SharpMUSH.Library.Models.SharpPlayer, *System.String: -1*, <null>, *Announce*)
  	Notify(SharpMUSH.Library.Models.SharpPlayer: SharpMUSH.Library.Models.SharpPlayer, *System.String: -1*, <null>, *Announce*)
  	Notify(SharpMUSH.Library.Models.SharpPlayer: SharpMUSH.Library.Models.SharpPlayer, *System.String: -1*, <null>, *Announce*)
  	Notify(SharpMUSH.Library.Models.SharpPlayer: SharpMUSH.Library.Models.SharpPlayer, *System.String: -1*, <null>, *Announce*)
  	Notify(SharpMUSH.Library.Models.SharpPlayer: SharpMUSH.Library.Models.SharpPlayer, *System.String: -1*, <null>, *Announce*)
  	Notify(SharpMUSH.Library.Models.SharpPlayer: SharpMUSH.Library.Models.SharpPlayer, *System.String: -1*, <null>, *Announce*)
  	Notify(SharpMUSH.Library.Models.SharpPlayer: SharpMUSH.Library.Models.SharpPlayer, *System.String: -1*, <null>, *Announce*)
  	Notify(SharpMUSH.Library.Models.SharpPlayer: SharpMUSH.Library.Models.SharpPlayer, *System.String: -1*, <null>, *Announce*)
  	Notify(SharpMUSH.Library.Models.SharpPlayer: SharpMUSH.Library.Models.SharpPlayer, *System.String: -1*, <null>, *Announce*)
  	Notify(SharpMUSH.Library.Models.SharpPlayer: SharpMUSH.Library.Models.SharpPlayer, *System.String: -1*, <null>, *Announce*)
  	Notify(SharpMUSH.Library.Models.SharpPlayer: SharpMUSH.Library.Models.SharpPlayer, *System.String: -1*, <null>, *Announce*)
  	Notify(SharpMUSH.Library.Models.SharpPlayer: SharpMUSH.Library.Models.SharpPlayer, *System.String: -1*, <null>, *Announce*)
  	Notify(SharpMUSH.Library.Models.SharpPlayer: SharpMUSH.Library.Models.SharpPlayer, *System.String: -1*, <null>, *Announce*)
  	Notify(SharpMUSH.Library.Models.SharpPlayer: SharpMUSH.Library.Models.SharpPlayer, *System.String: -1*, <null>, *Announce*)
  	Notify(SharpMUSH.Library.Models.SharpPlayer: SharpMUSH.Library.Models.SharpPlayer, *System.String: -1*, <null>, *Announce*)
  	Notify(SharpMUSH.Library.Models.SharpPlayer: SharpMUSH.Library.Models.SharpPlayer, *System.String: -1*, <null>, *Announce*)
  	Notify(SharpMUSH.Library.Models.SharpPlayer: SharpMUSH.Library.Models.SharpPlayer, *System.String: -1*, <null>, *Announce*)
  	Notify(SharpMUSH.Library.Models.SharpPlayer: SharpMUSH.Library.Models.SharpPlayer, *System.String: -1*, <null>, *Announce*)
  	Notify(SharpMUSH.Library.Models.SharpPlayer: SharpMUSH.Library.Models.SharpPlayer, *System.String: -1*, <null>, *Announce*)
  	Notify(SharpMUSH.Library.Models.SharpPlayer: SharpMUSH.Library.Models.SharpPlayer, *System.String: -1*, <null>, *Announce*)
  	Notify(SharpMUSH.Library.Models.SharpPlayer: SharpMUSH.Library.Models.SharpPlayer, *System.String: -1*, <null>, *Announce*)
  	Notify(SharpMUSH.Library.Models.SharpPlayer: SharpMUSH.Library.Models.SharpPlayer, *System.String: -1*, <null>, *Announce*)
  	Notify(SharpMUSH.Library.Models.SharpPlayer: SharpMUSH.Library.Models.SharpPlayer, *System.String: -1*, <null>, *Announce*)
  	Notify(SharpMUSH.Library.Models.SharpPlayer: SharpMUSH.Library.Models.SharpPlayer, *System.String: -1*, <null>, *Announce*)
  	Notify(SharpMUSH.Library.Models.SharpPlayer: SharpMUSH.Library.Models.SharpPlayer, *System.String: -1*, <null>, *Announce*)
  	Notify(SharpMUSH.Library.Models.SharpPlayer: SharpMUSH.Library.Models.SharpPlayer, *System.String: -1*, <null>, *Announce*)
  	Notify(SharpMUSH.Library.Models.SharpPlayer: SharpMUSH.Library.Models.SharpPlayer, *System.String: -1*, <null>, *Announce*)
  	Notify(SharpMUSH.Library.Models.SharpPlayer: SharpMUSH.Library.Models.SharpPlayer, *System.String: -1*, <null>, *Announce*)
  	Notify(SharpMUSH.Library.Models.SharpPlayer: SharpMUSH.Library.Models.SharpPlayer, *System.String: -1*, <null>, *Announce*)
  	Notify(SharpMUSH.Library.Models.SharpPlayer: SharpMUSH.Library.Models.SharpPlayer, *System.String: -1*, <null>, *Announce*)
  	Notify(SharpMUSH.Library.Models.SharpPlayer: SharpMUSH.Library.Models.SharpPlayer, *System.String: -1*, <null>, *Announce*)
  	Notify(SharpMUSH.Library.Models.SharpPlayer: SharpMUSH.Library.Models.SharpPlayer, *System.String: -1*, <null>, *Announce*)
  	Notify(SharpMUSH.Library.Models.SharpPlayer: SharpMUSH.Library.Models.SharpPlayer, *System.String: -1*, <null>, *Announce*)
  	Notify(SharpMUSH.Library.Models.SharpPlayer: SharpMUSH.Library.Models.SharpPlayer, *System.String: -1*, <null>, *Announce*)
  	Notify(SharpMUSH.Library.Models.SharpPlayer: SharpMUSH.Library.Models.SharpPlayer, *System.String: -1*, <null>, *Announce*)
  	Notify(SharpMUSH.Library.Models.SharpPlayer: SharpMUSH.Library.Models.SharpPlayer, *System.String: -1*, <null>, *Announce*)
  	Notify(SharpMUSH.Library.Models.SharpPlayer: SharpMUSH.Library.Models.SharpPlayer, *System.String: -1*, <null>, *Announce*)
  	Notify(SharpMUSH.Library.Models.SharpPlayer: SharpMUSH.Library.Models.SharpPlayer, *System.String: -1*, <null>, *Announce*)
  	Notify(SharpMUSH.Library.Models.SharpPlayer: SharpMUSH.Library.Models.SharpPlayer, *System.String: -1*, <null>, *Announce*)
  	Notify(SharpMUSH.Library.Models.SharpPlayer: SharpMUSH.Library.Models.SharpPlayer, *System.String: -1*, <null>, *Announce*)
  	Notify(SharpMUSH.Library.Models.SharpPlayer: SharpMUSH.Library.Models.SharpPlayer, *System.String: -1*, <null>, *Announce*)
  	Notify(SharpMUSH.Library.Models.SharpPlayer: SharpMUSH.Library.Models.SharpPlayer, *System.String: -1*, <null>, *Announce*)
  	Notify(SharpMUSH.Library.Models.SharpPlayer: SharpMUSH.Library.Models.SharpPlayer, *System.String: -1*, <null>, *Announce*)
  	Notify(SharpMUSH.Library.Models.SharpPlayer: SharpMUSH.Library.Models.SharpPlayer, *System.String: -1*, <null>, *Announce*)
  	Notify(SharpMUSH.Library.Models.SharpPlayer: SharpMUSH.Library.Models.SharpPlayer, *System.String: -1*, <null>, *Announce*)
  	Notify(SharpMUSH.Library.Models.SharpPlayer: SharpMUSH.Library.Models.SharpPlayer, *System.String: -1*, <null>, *Announce*)
  	Notify(SharpMUSH.Library.Models.SharpPlayer: SharpMUSH.Library.Models.SharpPlayer, *System.String: -1*, <null>, *Announce*)
  	Notify(SharpMUSH.Library.Models.SharpPlayer: SharpMUSH.Library.Models.SharpPlayer, *System.String: -1*, <null>, *Announce*)
  	Notify(SharpMUSH.Library.Models.SharpPlayer: SharpMUSH.Library.Models.SharpPlayer, *System.String: -1*, <null>, *Announce*)
  	Notify(SharpMUSH.Library.Models.SharpPlayer: SharpMUSH.Library.Models.SharpPlayer, *System.String: -1*, <null>, *Announce*)
  	Notify(SharpMUSH.Library.Models.SharpPlayer: SharpMUSH.Library.Models.SharpPlayer, *System.String: -1*, <null>, *Announce*)
  	Notify(SharpMUSH.Library.Models.SharpPlayer: SharpMUSH.Library.Models.SharpPlayer, *System.String: -1*, <null>, *Announce*)
  	Notify(SharpMUSH.Library.Models.SharpPlayer: SharpMUSH.Library.Models.SharpPlayer, *System.String: -1*, <null>, *Announce*)
  	Notify(SharpMUSH.Library.Models.SharpPlayer: SharpMUSH.Library.Models.SharpPlayer, *System.String: -1*, <null>, *Announce*)
  	Notify(SharpMUSH.Library.Models.SharpPlayer: SharpMUSH.Library.Models.SharpPlayer, *System.String: -1*, <null>, *Announce*)
  	Notify(SharpMUSH.Library.Models.SharpPlayer: SharpMUSH.Library.Models.SharpPlayer, *System.String: -1*, <null>, *Announce*)
  	Notify(SharpMUSH.Library.Models.SharpPlayer: SharpMUSH.Library.Models.SharpPlayer, *System.String: -1*, <null>, *Announce*)
  	Notify(SharpMUSH.Library.Models.SharpPlayer: SharpMUSH.Library.Models.SharpPlayer, *System.String: -1*, <null>, *Announce*)
  	Notify(SharpMUSH.Library.Models.SharpPlayer: SharpMUSH.Library.Models.SharpPlayer, *System.String: -1*, <null>, *Announce*)
  	Notify(SharpMUSH.Library.Models.SharpPlayer: SharpMUSH.Library.Models.SharpPlayer, *System.String: -1*, <null>, *Announce*)
  	Notify(SharpMUSH.Library.Models.SharpPlayer: SharpMUSH.Library.Models.SharpPlayer, *System.String: -1*, <null>, *Announce*)
  	Notify(SharpMUSH.Library.Models.SharpPlayer: SharpMUSH.Library.Models.SharpPlayer, *System.String: -1*, <null>, *Announce*)
  	Notify(SharpMUSH.Library.Models.SharpPlayer: SharpMUSH.Library.Models.SharpPlayer, *System.String: -1*, <null>, *Announce*)
  	Notify(SharpMUSH.Library.Models.SharpPlayer: SharpMUSH.Library.Models.SharpPlayer, *System.String: -1*, <null>, *Announce*)
  	Notify(SharpMUSH.Library.Models.SharpPlayer: SharpMUSH.Library.Models.SharpPlayer, *System.String: -1*, <null>, *Announce*)
  	Notify(SharpMUSH.Library.Models.SharpPlayer: SharpMUSH.Library.Models.SharpPlayer, *System.String: -1*, <null>, *Announce*)
  	Notify(SharpMUSH.Library.Models.SharpPlayer: SharpMUSH.Library.Models.SharpPlayer, *System.String: -1*, <null>, *Announce*)
  	Notify(SharpMUSH.Library.Models.SharpPlayer: SharpMUSH.Library.Models.SharpPlayer, *System.String: -1*, <null>, *Announce*)
  	Notify(SharpMUSH.Library.Models.SharpPlayer: SharpMUSH.Library.Models.SharpPlayer, *System.String: -1*, <null>, *Announce*)
  	Notify(SharpMUSH.Library.Models.SharpPlayer: SharpMUSH.Library.Models.SharpPlayer, *System.String: -1*, <null>, *Announce*)
  	Notify(SharpMUSH.Library.Models.SharpPlayer: SharpMUSH.Library.Models.SharpPlayer, *System.String: -1*, <null>, *Announce*)
  	Notify(SharpMUSH.Library.Models.SharpPlayer: SharpMUSH.Library.Models.SharpPlayer, *System.String: -1*, <null>, *Announce*)
  	Notify(SharpMUSH.Library.Models.SharpPlayer: SharpMUSH.Library.Models.SharpPlayer, *System.String: -1*, <null>, *Announce*)
  	Notify(SharpMUSH.Library.Models.SharpPlayer: SharpMUSH.Library.Models.SharpPlayer, *System.String: -1*, <null>, *Announce*)
  	Notify(SharpMUSH.Library.Models.SharpPlayer: SharpMUSH.Library.Models.SharpPlayer, *System.String: -1*, <null>, *Announce*)
  	Notify(SharpMUSH.Library.Models.SharpPlayer: SharpMUSH.Library.Models.SharpPlayer, *System.String: -1*, <null>, *Announce*)
  	Notify(SharpMUSH.Library.Models.SharpPlayer: SharpMUSH.Library.Models.SharpPlayer, *System.String: -1*, <null>, *Announce*)
  	Notify(SharpMUSH.Library.Models.SharpPlayer: SharpMUSH.Library.Models.SharpPlayer, *System.String: -1*, <null>, *Announce*)
  	Notify(SharpMUSH.Library.Models.SharpPlayer: SharpMUSH.Library.Models.SharpPlayer, *System.String: -1*, <null>, *Announce*)
  	Notify(SharpMUSH.Library.Models.SharpPlayer: SharpMUSH.Library.Models.SharpPlayer, *System.String: -1*, <null>, *Announce*)
  	Notify(SharpMUSH.Library.Models.SharpPlayer: SharpMUSH.Library.Models.SharpPlayer, *System.String: -1*, <null>, *Announce*)
  	Notify(SharpMUSH.Library.Models.SharpPlayer: SharpMUSH.Library.Models.SharpPlayer, *System.String: -1*, <null>, *Announce*)
  	Notify(SharpMUSH.Library.Models.SharpPlayer: SharpMUSH.Library.Models.SharpPlayer, *System.String: -1*, <null>, *Announce*)
  	Notify(SharpMUSH.Library.Models.SharpPlayer: SharpMUSH.Library.Models.SharpPlayer, *System.String: -1*, <null>, *Announce*)
  	Notify(SharpMUSH.Library.Models.SharpPlayer: SharpMUSH.Library.Models.SharpPlayer, *System.String: -1*, <null>, *Announce*)
  	Notify(SharpMUSH.Library.Models.SharpPlayer: SharpMUSH.Library.Models.SharpPlayer, *System.String: -1*, <null>, *Announce*)
  	Notify(SharpMUSH.Library.Models.SharpPlayer: SharpMUSH.Library.Models.SharpPlayer, *System.String: -1*, <null>, *Announce*)
  	Notify(SharpMUSH.Library.Models.SharpPlayer: SharpMUSH.Library.Models.SharpPlayer, *System.String: -1*, <null>, *Announce*)
  	Notify(SharpMUSH.Library.Models.SharpPlayer: SharpMUSH.Library.Models.SharpPlayer, *System.String: -1*, <null>, *Announce*)
  	Notify(SharpMUSH.Library.Models.SharpPlayer: SharpMUSH.Library.Models.SharpPlayer, *System.String: -1*, <null>, *Announce*)
  	Notify(SharpMUSH.Library.Models.SharpPlayer: SharpMUSH.Library.Models.SharpPlayer, *System.String: -1*, <null>, *Announce*)
  	Notify(SharpMUSH.Library.Models.SharpPlayer: SharpMUSH.Library.Models.SharpPlayer, *System.String: -1*, <null>, *Announce*)
  	Notify(SharpMUSH.Library.Models.SharpPlayer: SharpMUSH.Library.Models.SharpPlayer, *System.String: -1*, <null>, *Announce*)
  	Notify(SharpMUSH.Library.Models.SharpPlayer: SharpMUSH.Library.Models.SharpPlayer, *System.String: -1*, <null>, *Announce*)
  	Notify(SharpMUSH.Library.Models.SharpPlayer: SharpMUSH.Library.Models.SharpPlayer, *System.String: -1*, <null>, *Announce*)
  	Notify(SharpMUSH.Library.Models.SharpPlayer: SharpMUSH.Library.Models.SharpPlayer, *System.String: -1*, <null>, *Announce*)
  	Notify(SharpMUSH.Library.Models.SharpPlayer: SharpMUSH.Library.Models.SharpPlayer, *System.String: -1*, <null>, *Announce*)
  	Notify(SharpMUSH.Library.Models.SharpPlayer: SharpMUSH.Library.Models.SharpPlayer, *System.String: -1*, <null>, *Announce*)
  	Notify(SharpMUSH.Library.Models.SharpPlayer: SharpMUSH.Library.Models.SharpPlayer, *System.String: -1*, <null>, *Announce*)
  	Notify(SharpMUSH.Library.Models.SharpPlayer: SharpMUSH.Library.Models.SharpPlayer, *System.String: -1*, <null>, *Announce*)
  	Notify(SharpMUSH.Library.Models.SharpPlayer: SharpMUSH.Library.Models.SharpPlayer, *System.String: -1*, <null>, *Announce*)
  	Notify(SharpMUSH.Library.Models.SharpPlayer: SharpMUSH.Library.Models.SharpPlayer, *System.String: -1*, <null>, *Announce*)
  	Notify(SharpMUSH.Library.Models.SharpPlayer: SharpMUSH.Library.Models.SharpPlayer, *System.String: -1*, <null>, *Announce*)
  	Notify(SharpMUSH.Library.Models.SharpPlayer: SharpMUSH.Library.Models.SharpPlayer, *System.String: -1*, <null>, *Announce*)
  	Notify(SharpMUSH.Library.Models.SharpPlayer: SharpMUSH.Library.Models.SharpPlayer, *System.String: -1*, <null>, *Announce*)
  	Notify(SharpMUSH.Library.Models.SharpPlayer: SharpMUSH.Library.Models.SharpPlayer, *System.String: -1*, <null>, *Announce*)
  	Notify(SharpMUSH.Library.Models.SharpPlayer: SharpMUSH.Library.Models.SharpPlayer, *System.String: -1*, <null>, *Announce*)
  	Notify(SharpMUSH.Library.Models.SharpPlayer: SharpMUSH.Library.Models.SharpPlayer, *System.String: -1*, <null>, *Announce*)
  	Notify(SharpMUSH.Library.Models.SharpPlayer: SharpMUSH.Library.Models.SharpPlayer, *System.String: -1*, <null>, *Announce*)
  	Notify(SharpMUSH.Library.Models.SharpPlayer: SharpMUSH.Library.Models.SharpPlayer, *System.String: -1*, <null>, *Announce*)
  	Notify(SharpMUSH.Library.Models.SharpPlayer: SharpMUSH.Library.Models.SharpPlayer, *System.String: -1*, <null>, *Announce*)
  	Notify(SharpMUSH.Library.Models.SharpPlayer: SharpMUSH.Library.Models.SharpPlayer, *System.String: -1*, <null>, *Announce*)
  	Notify(SharpMUSH.Library.Models.SharpPlayer: SharpMUSH.Library.Models.SharpPlayer, *System.String: -1*, <null>, *Announce*)
  	Notify(SharpMUSH.Library.Models.SharpPlayer: SharpMUSH.Library.Models.SharpPlayer, *System.String: -1*, <null>, *Announce*)
  	Notify(SharpMUSH.Library.Models.SharpPlayer: SharpMUSH.Library.Models.SharpPlayer, *System.String: -1*, <null>, *Announce*)
  	Notify(SharpMUSH.Library.Models.SharpPlayer: SharpMUSH.Library.Models.SharpPlayer, *System.String: -1*, <null>, *Announce*)
  	Notify(SharpMUSH.Library.Models.SharpPlayer: SharpMUSH.Library.Models.SharpPlayer, *System.String: -1*, <null>, *Announce*)
  	Notify(SharpMUSH.Library.Models.SharpPlayer: SharpMUSH.Library.Models.SharpPlayer, *System.String: -1*, <null>, *Announce*)
  	Notify(SharpMUSH.Library.Models.SharpPlayer: SharpMUSH.Library.Models.SharpPlayer, *System.String: -1*, <null>, *Announce*)
  	Notify(SharpMUSH.Library.Models.SharpPlayer: SharpMUSH.Library.Models.SharpPlayer, *System.String: -1*, <null>, *Announce*)
  	Notify(SharpMUSH.Library.Models.SharpPlayer: SharpMUSH.Library.Models.SharpPlayer, *System.String: -1*, <null>, *Announce*)
  	Notify(SharpMUSH.Library.Models.SharpPlayer: SharpMUSH.Library.Models.SharpPlayer, *System.String: -1*, <null>, *Announce*)
  	Notify(SharpMUSH.Library.Models.SharpPlayer: SharpMUSH.Library.Models.SharpPlayer, *System.String: -1*, <null>, *Announce*)
  	Notify(SharpMUSH.Library.Models.SharpPlayer: SharpMUSH.Library.Models.SharpPlayer, *System.String: -1*, <null>, *Announce*)
  	Notify(SharpMUSH.Library.Models.SharpPlayer: SharpMUSH.Library.Models.SharpPlayer, *System.String: -1*, <null>, *Announce*)
  	Notify(SharpMUSH.Library.Models.SharpPlayer: SharpMUSH.Library.Models.SharpPlayer, *System.String: -1*, <null>, *Announce*)
  	Notify(SharpMUSH.Library.Models.SharpPlayer: SharpMUSH.Library.Models.SharpPlayer, *System.String: -1*, <null>, *Announce*)
  	Notify(SharpMUSH.Library.Models.SharpPlayer: SharpMUSH.Library.Models.SharpPlayer, *System.String: -1*, <null>, *Announce*)
  	Notify(SharpMUSH.Library.Models.SharpPlayer: SharpMUSH.Library.Models.SharpPlayer, *System.String: -1*, <null>, *Announce*)
  	Notify(SharpMUSH.Library.Models.SharpPlayer: SharpMUSH.Library.Models.SharpPlayer, *System.String: -1*, <null>, *Announce*)
  	Notify(SharpMUSH.Library.Models.SharpPlayer: SharpMUSH.Library.Models.SharpPlayer, *System.String: -1*, <null>, *Announce*)
  	Notify(SharpMUSH.Library.Models.SharpPlayer: SharpMUSH.Library.Models.SharpPlayer, *System.String: -1*, <null>, *Announce*)
  	Notify(SharpMUSH.Library.Models.SharpPlayer: SharpMUSH.Library.Models.SharpPlayer, *System.String: -1*, <null>, *Announce*)
  	Notify(SharpMUSH.Library.Models.SharpPlayer: SharpMUSH.Library.Models.SharpPlayer, *System.String: -1*, <null>, *Announce*)
  	Notify(SharpMUSH.Library.Models.SharpPlayer: SharpMUSH.Library.Models.SharpPlayer, *System.String: -1*, <null>, *Announce*)
  	Notify(SharpMUSH.Library.Models.SharpPlayer: SharpMUSH.Library.Models.SharpPlayer, *System.String: -1*, <null>, *Announce*)
  	Notify(SharpMUSH.Library.Models.SharpPlayer: SharpMUSH.Library.Models.SharpPlayer, *System.String: -1*, <null>, *Announce*)
  	Notify(SharpMUSH.Library.Models.SharpPlayer: SharpMUSH.Library.Models.SharpPlayer, *System.String: -1*, <null>, *Announce*)
  	Notify(SharpMUSH.Library.Models.SharpPlayer: SharpMUSH.Library.Models.SharpPlayer, *System.String: -1*, <null>, *Announce*)
  	Notify(SharpMUSH.Library.Models.SharpPlayer: SharpMUSH.Library.Models.SharpPlayer, *System.String: -1*, <null>, *Announce*)
  	Notify(SharpMUSH.Library.Models.SharpPlayer: SharpMUSH.Library.Models.SharpPlayer, *System.String: -1*, <null>, *Announce*)
  	Notify(SharpMUSH.Library.Models.SharpPlayer: SharpMUSH.Library.Models.SharpPlayer, *System.String: -1*, <null>, *Announce*)
  	Notify(SharpMUSH.Library.Models.SharpPlayer: SharpMUSH.Library.Models.SharpPlayer, *System.String: -1*, <null>, *Announce*)
  	Notify(SharpMUSH.Library.Models.SharpPlayer: SharpMUSH.Library.Models.SharpPlayer, *System.String: -1*, <null>, *Announce*)
  	Notify(SharpMUSH.Library.Models.SharpPlayer: SharpMUSH.Library.Models.SharpPlayer, *System.String: -1*, <null>, *Announce*)
  	Notify(SharpMUSH.Library.Models.SharpPlayer: SharpMUSH.Library.Models.SharpPlayer, *System.String: -1*, <null>, *Announce*)
  	Notify(SharpMUSH.Library.Models.SharpPlayer: SharpMUSH.Library.Models.SharpPlayer, *System.String: -1*, <null>, *Announce*)
  	Notify(SharpMUSH.Library.Models.SharpPlayer: SharpMUSH.Library.Models.SharpPlayer, *System.String: -1*, <null>, *Announce*)
  	Notify(SharpMUSH.Library.Models.SharpPlayer: SharpMUSH.Library.Models.SharpPlayer, *System.String: -1*, <null>, *Announce*)
  	Notify(SharpMUSH.Library.Models.SharpPlayer: SharpMUSH.Library.Models.SharpPlayer, *System.String: -1*, <null>, *Announce*)
  	Notify(SharpMUSH.Library.Models.SharpPlayer: SharpMUSH.Library.Models.SharpPlayer, *System.String: -1*, <null>, *Announce*)
  	Notify(SharpMUSH.Library.Models.SharpPlayer: SharpMUSH.Library.Models.SharpPlayer, *System.String: -1*, <null>, *Announce*)
  	Notify(SharpMUSH.Library.Models.SharpPlayer: SharpMUSH.Library.Models.SharpPlayer, *System.String: -1*, <null>, *Announce*)
  	Notify(SharpMUSH.Library.Models.SharpPlayer: SharpMUSH.Library.Models.SharpPlayer, *System.String: -1*, <null>, *Announce*)
  	Notify(SharpMUSH.Library.Models.SharpPlayer: SharpMUSH.Library.Models.SharpPlayer, *System.String: -1*, <null>, *Announce*)
  	Notify(SharpMUSH.Library.Models.SharpPlayer: SharpMUSH.Library.Models.SharpPlayer, *System.String: -1*, <null>, *Announce*)
  	Notify(SharpMUSH.Library.Models.SharpPlayer: SharpMUSH.Library.Models.SharpPlayer, *System.String: -1*, <null>, *Announce*)
  	Notify(SharpMUSH.Library.Models.SharpPlayer: SharpMUSH.Library.Models.SharpPlayer, *System.String: -1*, <null>, *Announce*)
  	Notify(SharpMUSH.Library.Models.SharpPlayer: SharpMUSH.Library.Models.SharpPlayer, *System.String: -1*, <null>, *Announce*)
  	Notify(SharpMUSH.Library.Models.SharpPlayer: SharpMUSH.Library.Models.SharpPlayer, *System.String: -1*, <null>, *Announce*)
  	Notify(SharpMUSH.Library.Models.SharpPlayer: SharpMUSH.Library.Models.SharpPlayer, *System.String: -1*, <null>, *Announce*)
  	Notify(SharpMUSH.Library.Models.SharpPlayer: SharpMUSH.Library.Models.SharpPlayer, *System.String: -1*, <null>, *Announce*)
  	Notify(SharpMUSH.Library.Models.SharpPlayer: SharpMUSH.Library.Models.SharpPlayer, *System.String: -1*, <null>, *Announce*)
  	Notify(SharpMUSH.Library.Models.SharpPlayer: SharpMUSH.Library.Models.SharpPlayer, *System.String: -1*, <null>, *Announce*)
  	Notify(SharpMUSH.Library.Models.SharpPlayer: SharpMUSH.Library.Models.SharpPlayer, *System.String: -1*, <null>, *Announce*)
  	Notify(SharpMUSH.Library.Models.SharpPlayer: SharpMUSH.Library.Models.SharpPlayer, *System.String: -1*, <null>, *Announce*)
  	Notify(SharpMUSH.Library.Models.SharpPlayer: SharpMUSH.Library.Models.SharpPlayer, *System.String: -1*, <null>, *Announce*)
  	Notify(SharpMUSH.Library.Models.SharpPlayer: SharpMUSH.Library.Models.SharpPlayer, *System.String: -1*, <null>, *Announce*)
  	Notify(SharpMUSH.Library.Models.SharpPlayer: SharpMUSH.Library.Models.SharpPlayer, *System.String: -1*, <null>, *Announce*)
  	Notify(SharpMUSH.Library.Models.SharpPlayer: SharpMUSH.Library.Models.SharpPlayer, *System.String: -1*, <null>, *Announce*)
  	Notify(SharpMUSH.Library.Models.SharpPlayer: SharpMUSH.Library.Models.SharpPlayer, *System.String: -1*, <null>, *Announce*)
  	Notify(SharpMUSH.Library.Models.SharpPlayer: SharpMUSH.Library.Models.SharpPlayer, *System.String: -1*, <null>, *Announce*)
  	Notify(SharpMUSH.Library.Models.SharpPlayer: SharpMUSH.Library.Models.SharpPlayer, *System.String: -1*, <null>, *Announce*)
  	Notify(SharpMUSH.Library.Models.SharpPlayer: SharpMUSH.Library.Models.SharpPlayer, *System.String: -1*, <null>, *Announce*)
  	Notify(SharpMUSH.Library.Models.SharpPlayer: SharpMUSH.Library.Models.SharpPlayer, *System.String: -1*, <null>, *Announce*)
  	Notify(SharpMUSH.Library.Models.SharpPlayer: SharpMUSH.Library.Models.SharpPlayer, *System.String: -1*, <null>, *Announce*)
  	Notify(SharpMUSH.Library.Models.SharpPlayer: SharpMUSH.Library.Models.SharpPlayer, *System.String: -1*, <null>, *Announce*)
  	Notify(SharpMUSH.Library.Models.SharpPlayer: SharpMUSH.Library.Models.SharpPlayer, *System.String: -1*, <null>, *Announce*)
  	Notify(SharpMUSH.Library.Models.SharpPlayer: SharpMUSH.Library.Models.SharpPlayer, *System.String: -1*, <null>, *Announce*)
  	Notify(SharpMUSH.Library.Models.SharpPlayer: SharpMUSH.Library.Models.SharpPlayer, *System.String: -1*, <null>, *Announce*)
  	Notify(SharpMUSH.Library.Models.SharpPlayer: SharpMUSH.Library.Models.SharpPlayer, *System.String: -1*, <null>, *Announce*)
  	Notify(SharpMUSH.Library.Models.SharpPlayer: SharpMUSH.Library.Models.SharpPlayer, *System.String: -1*, <null>, *Announce*)
  	Notify(SharpMUSH.Library.Models.SharpPlayer: SharpMUSH.Library.Models.SharpPlayer, *System.String: -1*, <null>, *Announce*)
  	Notify(SharpMUSH.Library.Models.SharpPlayer: SharpMUSH.Library.Models.SharpPlayer, *System.String: -1*, <null>, *Announce*)
  	Notify(SharpMUSH.Library.Models.SharpPlayer: SharpMUSH.Library.Models.SharpPlayer, *System.String: -1*, <null>, *Announce*)
  	Notify(SharpMUSH.Library.Models.SharpPlayer: SharpMUSH.Library.Models.SharpPlayer, *System.String: -1*, <null>, *Announce*)
  	Notify(SharpMUSH.Library.Models.SharpPlayer: SharpMUSH.Library.Models.SharpPlayer, *System.String: -1*, <null>, *Announce*)
  	Notify(SharpMUSH.Library.Models.SharpPlayer: SharpMUSH.Library.Models.SharpPlayer, *System.String: -1*, <null>, *Announce*)
  	Notify(SharpMUSH.Library.Models.SharpPlayer: SharpMUSH.Library.Models.SharpPlayer, *System.String: -1*, <null>, *Announce*)
  	Notify(SharpMUSH.Library.Models.SharpPlayer: SharpMUSH.Library.Models.SharpPlayer, *System.String: -1*, <null>, *Announce*)
  	Notify(SharpMUSH.Library.Models.SharpPlayer: SharpMUSH.Library.Models.SharpPlayer, *System.String: -1*, <null>, *Announce*)
  	Notify(SharpMUSH.Library.Models.SharpPlayer: SharpMUSH.Library.Models.SharpPlayer, *System.String: -1*, <null>, *Announce*)
  	Notify(SharpMUSH.Library.Models.SharpPlayer: SharpMUSH.Library.Models.SharpPlayer, *System.String: -1*, <null>, *Announce*)
  	Notify(SharpMUSH.Library.Models.SharpPlayer: SharpMUSH.Library.Models.SharpPlayer, *System.String: -1*, <null>, *Announce*)
  	Notify(SharpMUSH.Library.Models.SharpPlayer: SharpMUSH.Library.Models.SharpPlayer, *System.String: -1*, <null>, *Announce*)
  	Notify(SharpMUSH.Library.Models.SharpPlayer: SharpMUSH.Library.Models.SharpPlayer, *System.String: -1*, <null>, *Announce*)
  	Notify(SharpMUSH.Library.Models.SharpPlayer: SharpMUSH.Library.Models.SharpPlayer, *System.String: -1*, <null>, *Announce*)
  	Notify(SharpMUSH.Library.Models.SharpPlayer: SharpMUSH.Library.Models.SharpPlayer, *System.String: -1*, <null>, *Announce*)
  	Notify(SharpMUSH.Library.Models.SharpPlayer: SharpMUSH.Library.Models.SharpPlayer, *System.String: -1*, <null>, *Announce*)
  	Notify(SharpMUSH.Library.Models.SharpPlayer: SharpMUSH.Library.Models.SharpPlayer, *System.String: -1*, <null>, *Announce*)
  	Notify(SharpMUSH.Library.Models.SharpPlayer: SharpMUSH.Library.Models.SharpPlayer, *System.String: -1*, <null>, *Announce*)
  	Notify(SharpMUSH.Library.Models.SharpPlayer: SharpMUSH.Library.Models.SharpPlayer, *System.String: -1*, <null>, *Announce*)
  	Notify(SharpMUSH.Library.Models.SharpPlayer: SharpMUSH.Library.Models.SharpPlayer, *System.String: -1*, <null>, *Announce*)
  	Notify(SharpMUSH.Library.Models.SharpPlayer: SharpMUSH.Library.Models.SharpPlayer, *System.String: -1*, <null>, *Announce*)
  	Notify(SharpMUSH.Library.Models.SharpPlayer: SharpMUSH.Library.Models.SharpPlayer, *System.String: -1*, <null>, *Announce*)
  	Notify(SharpMUSH.Library.Models.SharpPlayer: SharpMUSH.Library.Models.SharpPlayer, *System.String: -1*, <null>, *Announce*)
  	Notify(SharpMUSH.Library.Models.SharpPlayer: SharpMUSH.Library.Models.SharpPlayer, *System.String: -1*, <null>, *Announce*)
  	Notify(SharpMUSH.Library.Models.SharpPlayer: SharpMUSH.Library.Models.SharpPlayer, *System.String: -1*, <null>, *Announce*)
  	Notify(SharpMUSH.Library.Models.SharpPlayer: SharpMUSH.Library.Models.SharpPlayer, *System.String: -1*, <null>, *Announce*)
  	Notify(SharpMUSH.Library.Models.SharpPlayer: SharpMUSH.Library.Models.SharpPlayer, *System.String: -1*, <null>, *Announce*)
  	Notify(SharpMUSH.Library.Models.SharpPlayer: SharpMUSH.Library.Models.SharpPlayer, *System.String: -1*, <null>, *Announce*)
  	Notify(SharpMUSH.Library.Models.SharpPlayer: SharpMUSH.Library.Models.SharpPlayer, *System.String: -1*, <null>, *Announce*)
  	Notify(SharpMUSH.Library.Models.SharpPlayer: SharpMUSH.Library.Models.SharpPlayer, *System.String: -1*, <null>, *Announce*)
  	Notify(SharpMUSH.Library.Models.SharpPlayer: SharpMUSH.Library.Models.SharpPlayer, *System.String: -1*, <null>, *Announce*)
  	Notify(SharpMUSH.Library.Models.SharpPlayer: SharpMUSH.Library.Models.SharpPlayer, *System.String: -1*, <null>, *Announce*)
  	Notify(SharpMUSH.Library.Models.SharpPlayer: SharpMUSH.Library.Models.SharpPlayer, *System.String: -1*, <null>, *Announce*)
  	Notify(SharpMUSH.Library.Models.SharpPlayer: SharpMUSH.Library.Models.SharpPlayer, *System.String: -1*, <null>, *Announce*)
  	Notify(SharpMUSH.Library.Models.SharpPlayer: SharpMUSH.Library.Models.SharpPlayer, *System.String: -1*, <null>, *Announce*)
  	Notify(SharpMUSH.Library.Models.SharpPlayer: SharpMUSH.Library.Models.SharpPlayer, *System.String: -1*, <null>, *Announce*)
  	Notify(SharpMUSH.Library.Models.SharpPlayer: SharpMUSH.Library.Models.SharpPlayer, *System.String: -1*, <null>, *Announce*)
  	Notify(SharpMUSH.Library.Models.SharpPlayer: SharpMUSH.Library.Models.SharpPlayer, *System.String: -1*, <null>, *Announce*)
  	Notify(SharpMUSH.Library.Models.SharpPlayer: SharpMUSH.Library.Models.SharpPlayer, *System.String: -1*, <null>, *Announce*)
  	Notify(SharpMUSH.Library.Models.SharpPlayer: SharpMUSH.Library.Models.SharpPlayer, *System.String: -1*, <null>, *Announce*)
  	Notify(SharpMUSH.Library.Models.SharpPlayer: SharpMUSH.Library.Models.SharpPlayer, *System.String: -1*, <null>, *Announce*)
  	Notify(SharpMUSH.Library.Models.SharpPlayer: SharpMUSH.Library.Models.SharpPlayer, *System.String: -1*, <null>, *Announce*)
  	Notify(SharpMUSH.Library.Models.SharpPlayer: SharpMUSH.Library.Models.SharpPlayer, *System.String: -1*, <null>, *Announce*)
  	Notify(SharpMUSH.Library.Models.SharpPlayer: SharpMUSH.Library.Models.SharpPlayer, *System.String: -1*, <null>, *Announce*)
  	Notify(SharpMUSH.Library.Models.SharpPlayer: SharpMUSH.Library.Models.SharpPlayer, *System.String: -1*, <null>, *Announce*)
  	Notify(SharpMUSH.Library.Models.SharpPlayer: SharpMUSH.Library.Models.SharpPlayer, *System.String: -1*, <null>, *Announce*)
  	Notify(SharpMUSH.Library.Models.SharpPlayer: SharpMUSH.Library.Models.SharpPlayer, *System.String: -1*, <null>, *Announce*)
  	Notify(SharpMUSH.Library.Models.SharpPlayer: SharpMUSH.Library.Models.SharpPlayer, *System.String: -1*, <null>, *Announce*)
  	Notify(SharpMUSH.Library.Models.SharpPlayer: SharpMUSH.Library.Models.SharpPlayer, *System.String: -1*, <null>, *Announce*)
  	Notify(SharpMUSH.Library.Models.SharpPlayer: SharpMUSH.Library.Models.SharpPlayer, *System.String: -1*, <null>, *Announce*)
  	Notify(SharpMUSH.Library.Models.SharpPlayer: SharpMUSH.Library.Models.SharpPlayer, *System.String: -1*, <null>, *Announce*)
  	Notify(SharpMUSH.Library.Models.SharpPlayer: SharpMUSH.Library.Models.SharpPlayer, *System.String: -1*, <null>, *Announce*)
  	Notify(SharpMUSH.Library.Models.SharpPlayer: SharpMUSH.Library.Models.SharpPlayer, *System.String: -1*, <null>, *Announce*)
  	Notify(SharpMUSH.Library.Models.SharpPlayer: SharpMUSH.Library.Models.SharpPlayer, *System.String: -1*, <null>, *Announce*)
  	Notify(SharpMUSH.Library.Models.SharpPlayer: SharpMUSH.Library.Models.SharpPlayer, *System.String: -1*, <null>, *Announce*)
  	Notify(SharpMUSH.Library.Models.SharpPlayer: SharpMUSH.Library.Models.SharpPlayer, *System.String: -1*, <null>, *Announce*)
  	Notify(SharpMUSH.Library.Models.SharpPlayer: SharpMUSH.Library.Models.SharpPlayer, *System.String: -1*, <null>, *Announce*)
  	Notify(SharpMUSH.Library.Models.SharpPlayer: SharpMUSH.Library.Models.SharpPlayer, *System.String: -1*, <null>, *Announce*)
  	Notify(SharpMUSH.Library.Models.SharpPlayer: SharpMUSH.Library.Models.SharpPlayer, *System.String: -1*, <null>, *Announce*)
  	Notify(SharpMUSH.Library.Models.SharpPlayer: SharpMUSH.Library.Models.SharpPlayer, *System.String: -1*, <null>, *Announce*)
  	Notify(SharpMUSH.Library.Models.SharpPlayer: SharpMUSH.Library.Models.SharpPlayer, *System.String: -1*, <null>, *Announce*)
  	Notify(SharpMUSH.Library.Models.SharpPlayer: SharpMUSH.Library.Models.SharpPlayer, *System.String: -1*, <null>, *Announce*)
  	Notify(SharpMUSH.Library.Models.SharpPlayer: SharpMUSH.Library.Models.SharpPlayer, *System.String: -1*, <null>, *Announce*)
  	Notify(SharpMUSH.Library.Models.SharpPlayer: SharpMUSH.Library.Models.SharpPlayer, *System.String: -1*, <null>, *Announce*)
  	Notify(SharpMUSH.Library.Models.SharpPlayer: SharpMUSH.Library.Models.SharpPlayer, *System.String: -1*, <null>, *Announce*)
  	Notify(SharpMUSH.Library.Models.SharpPlayer: SharpMUSH.Library.Models.SharpPlayer, *System.String: -1*, <null>, *Announce*)
  	Notify(SharpMUSH.Library.Models.SharpPlayer: SharpMUSH.Library.Models.SharpPlayer, *System.String: -1*, <null>, *Announce*)
  	Notify(SharpMUSH.Library.Models.SharpPlayer: SharpMUSH.Library.Models.SharpPlayer, *System.String: -1*, <null>, *Announce*)
  	Notify(SharpMUSH.Library.Models.SharpPlayer: SharpMUSH.Library.Models.SharpPlayer, *System.String: -1*, <null>, *Announce*)
  	Notify(SharpMUSH.Library.Models.SharpPlayer: SharpMUSH.Library.Models.SharpPlayer, *System.String: -1*, <null>, *Announce*)
  	Notify(SharpMUSH.Library.Models.SharpPlayer: SharpMUSH.Library.Models.SharpPlayer, *System.String: -1*, <null>, *Announce*)
  	Notify(SharpMUSH.Library.Models.SharpPlayer: SharpMUSH.Library.Models.SharpPlayer, *System.String: -1*, <null>, *Announce*)
  	Notify(SharpMUSH.Library.Models.SharpPlayer: SharpMUSH.Library.Models.SharpPlayer, *System.String: -1*, <null>, *Announce*)
  	Notify(SharpMUSH.Library.Models.SharpPlayer: SharpMUSH.Library.Models.SharpPlayer, *System.String: -1*, <null>, *Announce*)
  	Notify(SharpMUSH.Library.Models.SharpPlayer: SharpMUSH.Library.Models.SharpPlayer, *System.String: -1*, <null>, *Announce*)
  	Notify(SharpMUSH.Library.Models.SharpPlayer: SharpMUSH.Library.Models.SharpPlayer, *System.String: -1*, <null>, *Announce*)
  	Notify(SharpMUSH.Library.Models.SharpPlayer: SharpMUSH.Library.Models.SharpPlayer, *System.String: -1*, <null>, *Announce*)
  	Notify(SharpMUSH.Library.Models.SharpPlayer: SharpMUSH.Library.Models.SharpPlayer, *System.String: -1*, <null>, *Announce*)
  	Notify(SharpMUSH.Library.Models.SharpPlayer: SharpMUSH.Library.Models.SharpPlayer, *System.String: -1*, <null>, *Announce*)
  	Notify(SharpMUSH.Library.Models.SharpPlayer: SharpMUSH.Library.Models.SharpPlayer, *System.String: -1*, <null>, *Announce*)
  	Notify(SharpMUSH.Library.Models.SharpPlayer: SharpMUSH.Library.Models.SharpPlayer, *System.String: -1*, <null>, *Announce*)
  	Notify(SharpMUSH.Library.Models.SharpPlayer: SharpMUSH.Library.Models.SharpPlayer, *System.String: -1*, <null>, *Announce*)
  	Notify(SharpMUSH.Library.Models.SharpPlayer: SharpMUSH.Library.Models.SharpPlayer, *System.String: -1*, <null>, *Announce*)
  	Notify(SharpMUSH.Library.Models.SharpPlayer: SharpMUSH.Library.Models.SharpPlayer, *System.String: -1*, <null>, *Announce*)
  	Notify(SharpMUSH.Library.Models.SharpPlayer: SharpMUSH.Library.Models.SharpPlayer, *System.String: -1*, <null>, *Announce*)
  	Notify(SharpMUSH.Library.Models.SharpPlayer: SharpMUSH.Library.Models.SharpPlayer, *System.String: -1*, <null>, *Announce*)
  	Notify(SharpMUSH.Library.Models.SharpPlayer: SharpMUSH.Library.Models.SharpPlayer, *System.String: -1*, <null>, *Announce*)
  	Notify(SharpMUSH.Library.Models.SharpPlayer: SharpMUSH.Library.Models.SharpPlayer, *System.String: -1*, <null>, *Announce*)
  	Notify(SharpMUSH.Library.Models.SharpPlayer: SharpMUSH.Library.Models.SharpPlayer, *System.String: -1*, <null>, *Announce*)
  	Notify(SharpMUSH.Library.Models.SharpPlayer: SharpMUSH.Library.Models.SharpPlayer, *System.String: -1*, <null>, *Announce*)
  	Notify(SharpMUSH.Library.Models.SharpPlayer: SharpMUSH.Library.Models.SharpPlayer, *System.String: -1*, <null>, *Announce*)
  	Notify(SharpMUSH.Library.Models.SharpPlayer: SharpMUSH.Library.Models.SharpPlayer, *System.String: -1*, <null>, *Announce*)
  	Notify(SharpMUSH.Library.Models.SharpPlayer: SharpMUSH.Library.Models.SharpPlayer, *System.String: -1*, <null>, *Announce*)
  	Notify(SharpMUSH.Library.Models.SharpPlayer: SharpMUSH.Library.Models.SharpPlayer, *System.String: -1*, <null>, *Announce*)
  	Notify(SharpMUSH.Library.Models.SharpPlayer: SharpMUSH.Library.Models.SharpPlayer, *System.String: -1*, <null>, *Announce*)
  	Notify(SharpMUSH.Library.Models.SharpPlayer: SharpMUSH.Library.Models.SharpPlayer, *System.String: -1*, <null>, *Announce*)
  	Notify(SharpMUSH.Library.Models.SharpPlayer: SharpMUSH.Library.Models.SharpPlayer, *System.String: -1*, <null>, *Announce*)
  	Notify(SharpMUSH.Library.Models.SharpPlayer: SharpMUSH.Library.Models.SharpPlayer, *System.String: -1*, <null>, *Announce*)
  	Notify(SharpMUSH.Library.Models.SharpPlayer: SharpMUSH.Library.Models.SharpPlayer, *System.String: -1*, <null>, *Announce*)
  	Notify(SharpMUSH.Library.Models.SharpPlayer: SharpMUSH.Library.Models.SharpPlayer, *System.String: -1*, <null>, *Announce*)
  	Notify(SharpMUSH.Library.Models.SharpPlayer: SharpMUSH.Library.Models.SharpPlayer, *System.String: -1*, <null>, *Announce*)
  	Notify(SharpMUSH.Library.Models.SharpPlayer: SharpMUSH.Library.Models.SharpPlayer, *System.String: -1*, <null>, *Announce*)
  	Notify(SharpMUSH.Library.Models.SharpPlayer: SharpMUSH.Library.Models.SharpPlayer, *System.String: -1*, <null>, *Announce*)
  	Notify(SharpMUSH.Library.Models.SharpPlayer: SharpMUSH.Library.Models.SharpPlayer, *System.String: -1*, <null>, *Announce*)
  	Notify(SharpMUSH.Library.Models.SharpPlayer: SharpMUSH.Library.Models.SharpPlayer, *System.String: -1*, <null>, *Announce*)
  	Notify(SharpMUSH.Library.Models.SharpPlayer: SharpMUSH.Library.Models.SharpPlayer, *System.String: -1*, <null>, *Announce*)
  	Notify(SharpMUSH.Library.Models.SharpPlayer: SharpMUSH.Library.Models.SharpPlayer, *System.String: -1*, <null>, *Announce*)
  	Notify(SharpMUSH.Library.Models.SharpPlayer: SharpMUSH.Library.Models.SharpPlayer, *System.String: -1*, <null>, *Announce*)
  	Notify(SharpMUSH.Library.Models.SharpPlayer: SharpMUSH.Library.Models.SharpPlayer, *System.String: -1*, <null>, *Announce*)
  	Notify(SharpMUSH.Library.Models.SharpPlayer: SharpMUSH.Library.Models.SharpPlayer, *System.String: -1*, <null>, *Announce*)
  	Notify(SharpMUSH.Library.Models.SharpPlayer: SharpMUSH.Library.Models.SharpPlayer, *System.String: -1*, <null>, *Announce*)
  	Notify(SharpMUSH.Library.Models.SharpPlayer: SharpMUSH.Library.Models.SharpPlayer, *System.String: -1*, <null>, *Announce*)
  	Notify(SharpMUSH.Library.Models.SharpPlayer: SharpMUSH.Library.Models.SharpPlayer, *System.String: -1*, <null>, *Announce*)
  	Notify(SharpMUSH.Library.Models.SharpPlayer: SharpMUSH.Library.Models.SharpPlayer, *System.String: -1*, <null>, *Announce*)
  	Notify(SharpMUSH.Library.Models.SharpPlayer: SharpMUSH.Library.Models.SharpPlayer, *System.String: -1*, <null>, *Announce*)
  	Notify(SharpMUSH.Library.Models.SharpPlayer: SharpMUSH.Library.Models.SharpPlayer, *System.String: -1*, <null>, *Announce*)
  	Notify(SharpMUSH.Library.Models.SharpPlayer: SharpMUSH.Library.Models.SharpPlayer, *System.String: -1*, <null>, *Announce*)
  	Notify(SharpMUSH.Library.Models.SharpPlayer: SharpMUSH.Library.Models.SharpPlayer, *System.String: -1*, <null>, *Announce*)
  	Notify(SharpMUSH.Library.Models.SharpPlayer: SharpMUSH.Library.Models.SharpPlayer, *System.String: -1*, <null>, *Announce*)
  	Notify(SharpMUSH.Library.Models.SharpPlayer: SharpMUSH.Library.Models.SharpPlayer, *System.String: -1*, <null>, *Announce*)
  	Notify(SharpMUSH.Library.Models.SharpPlayer: SharpMUSH.Library.Models.SharpPlayer, *System.String: -1*, <null>, *Announce*)
  	Notify(SharpMUSH.Library.Models.SharpPlayer: SharpMUSH.Library.Models.SharpPlayer, *System.String: -1*, <null>, *Announce*)
  	Notify(SharpMUSH.Library.Models.SharpPlayer: SharpMUSH.Library.Models.SharpPlayer, *System.String: -1*, <null>, *Announce*)
  	Notify(SharpMUSH.Library.Models.SharpPlayer: SharpMUSH.Library.Models.SharpPlayer, *System.String: -1*, <null>, *Announce*)
  	Notify(SharpMUSH.Library.Models.SharpPlayer: SharpMUSH.Library.Models.SharpPlayer, *System.String: -1*, <null>, *Announce*)
  	Notify(SharpMUSH.Library.Models.SharpPlayer: SharpMUSH.Library.Models.SharpPlayer, *System.String: -1*, <null>, *Announce*)
  	Notify(SharpMUSH.Library.Models.SharpPlayer: SharpMUSH.Library.Models.SharpPlayer, *System.String: -1*, <null>, *Announce*)
  	Notify(SharpMUSH.Library.Models.SharpPlayer: SharpMUSH.Library.Models.SharpPlayer, *System.String: -1*, <null>, *Announce*)
  	Notify(SharpMUSH.Library.Models.SharpPlayer: SharpMUSH.Library.Models.SharpPlayer, *System.String: -1*, <null>, *Announce*)
  	Notify(SharpMUSH.Library.Models.SharpPlayer: SharpMUSH.Library.Models.SharpPlayer, *System.String: -1*, <null>, *Announce*)
  	Notify(SharpMUSH.Library.Models.SharpPlayer: SharpMUSH.Library.Models.SharpPlayer, *System.String: -1*, <null>, *Announce*)
  	Notify(SharpMUSH.Library.Models.SharpPlayer: SharpMUSH.Library.Models.SharpPlayer, *System.String: -1*, <null>, *Announce*)
  	Notify(SharpMUSH.Library.Models.SharpPlayer: SharpMUSH.Library.Models.SharpPlayer, *System.String: -1*, <null>, *Announce*)
  	Notify(SharpMUSH.Library.Models.SharpPlayer: SharpMUSH.Library.Models.SharpPlayer, *System.String: -1*, <null>, *Announce*)
  	Notify(SharpMUSH.Library.Models.SharpPlayer: SharpMUSH.Library.Models.SharpPlayer, *System.String: -1*, <null>, *Announce*)
  	Notify(SharpMUSH.Library.Models.SharpPlayer: SharpMUSH.Library.Models.SharpPlayer, *System.String: -1*, <null>, *Announce*)
  	Notify(SharpMUSH.Library.Models.SharpPlayer: SharpMUSH.Library.Models.SharpPlayer, *System.String: -1*, <null>, *Announce*)
  	Notify(SharpMUSH.Library.Models.SharpPlayer: SharpMUSH.Library.Models.SharpPlayer, *System.String: -1*, <null>, *Announce*)
  	Notify(SharpMUSH.Library.Models.SharpPlayer: SharpMUSH.Library.Models.SharpPlayer, *System.String: -1*, <null>, *Announce*)
  	Notify(SharpMUSH.Library.Models.SharpPlayer: SharpMUSH.Library.Models.SharpPlayer, *System.String: -1*, <null>, *Announce*)
  	Notify(SharpMUSH.Library.Models.SharpPlayer: SharpMUSH.Library.Models.SharpPlayer, *System.String: -1*, <null>, *Announce*)
  	Notify(SharpMUSH.Library.Models.SharpPlayer: SharpMUSH.Library.Models.SharpPlayer, *System.String: -1*, <null>, *Announce*)
  	Notify(SharpMUSH.Library.Models.SharpPlayer: SharpMUSH.Library.Models.SharpPlayer, *System.String: -1*, <null>, *Announce*)
  	Notify(SharpMUSH.Library.Models.SharpPlayer: SharpMUSH.Library.Models.SharpPlayer, *System.String: -1*, <null>, *Announce*)
  	Notify(SharpMUSH.Library.Models.SharpPlayer: SharpMUSH.Library.Models.SharpPlayer, *System.String: -1*, <null>, *Announce*)
  	Notify(SharpMUSH.Library.Models.SharpPlayer: SharpMUSH.Library.Models.SharpPlayer, *System.String: -1*, <null>, *Announce*)
  	Notify(SharpMUSH.Library.Models.SharpPlayer: SharpMUSH.Library.Models.SharpPlayer, *System.String: -1*, <null>, *Announce*)
  	Notify(SharpMUSH.Library.Models.SharpPlayer: SharpMUSH.Library.Models.SharpPlayer, *System.String: -1*, <null>, *Announce*)
  	Notify(SharpMUSH.Library.Models.SharpPlayer: SharpMUSH.Library.Models.SharpPlayer, *System.String: -1*, <null>, *Announce*)
  	Notify(SharpMUSH.Library.Models.SharpPlayer: SharpMUSH.Library.Models.SharpPlayer, *System.String: -1*, <null>, *Announce*)
  	Notify(SharpMUSH.Library.Models.SharpPlayer: SharpMUSH.Library.Models.SharpPlayer, *System.String: -1*, <null>, *Announce*)
  	Notify(SharpMUSH.Library.Models.SharpPlayer: SharpMUSH.Library.Models.SharpPlayer, *System.String: -1*, <null>, *Announce*)
  	Notify(SharpMUSH.Library.Models.SharpPlayer: SharpMUSH.Library.Models.SharpPlayer, *System.String: -1*, <null>, *Announce*)
  	Notify(SharpMUSH.Library.Models.SharpPlayer: SharpMUSH.Library.Models.SharpPlayer, *System.String: -1*, <null>, *Announce*)
  	Notify(SharpMUSH.Library.Models.SharpPlayer: SharpMUSH.Library.Models.SharpPlayer, *System.String: -1*, <null>, *Announce*)
  	Notify(SharpMUSH.Library.Models.SharpPlayer: SharpMUSH.Library.Models.SharpPlayer, *System.String: -1*, <null>, *Announce*)
  	Notify(SharpMUSH.Library.Models.SharpPlayer: SharpMUSH.Library.Models.SharpPlayer, *System.String: -1*, <null>, *Announce*)
  	Notify(SharpMUSH.Library.Models.SharpPlayer: SharpMUSH.Library.Models.SharpPlayer, *System.String: -1*, <null>, *Announce*)
  	Notify(SharpMUSH.Library.Models.SharpPlayer: SharpMUSH.Library.Models.SharpPlayer, *System.String: -1*, <null>, *Announce*)
  	Notify(SharpMUSH.Library.Models.SharpPlayer: SharpMUSH.Library.Models.SharpPlayer, *System.String: -1*, <null>, *Announce*)
  	Notify(SharpMUSH.Library.Models.SharpPlayer: SharpMUSH.Library.Models.SharpPlayer, *System.String: -1*, <null>, *Announce*)
  	Notify(SharpMUSH.Library.Models.SharpPlayer: SharpMUSH.Library.Models.SharpPlayer, *System.String: -1*, <null>, *Announce*)
  	Notify(SharpMUSH.Library.Models.SharpPlayer: SharpMUSH.Library.Models.SharpPlayer, *System.String: -1*, <null>, *Announce*)
  	Notify(SharpMUSH.Library.Models.SharpPlayer: SharpMUSH.Library.Models.SharpPlayer, *System.String: -1*, <null>, *Announce*)
  	Notify(SharpMUSH.Library.Models.SharpPlayer: SharpMUSH.Library.Models.SharpPlayer, *System.String: -1*, <null>, *Announce*)
  	Notify(SharpMUSH.Library.Models.SharpPlayer: SharpMUSH.Library.Models.SharpPlayer, *System.String: -1*, <null>, *Announce*)
  	Notify(SharpMUSH.Library.Models.SharpPlayer: SharpMUSH.Library.Models.SharpPlayer, *System.String: -1*, <null>, *Announce*)
  	Notify(SharpMUSH.Library.Models.SharpPlayer: SharpMUSH.Library.Models.SharpPlayer, *System.String: -1*, <null>, *Announce*)
  	Notify(SharpMUSH.Library.Models.SharpPlayer: SharpMUSH.Library.Models.SharpPlayer, *System.String: -1*, <null>, *Announce*)
  	Notify(SharpMUSH.Library.Models.SharpPlayer: SharpMUSH.Library.Models.SharpPlayer, *System.String: -1*, <null>, *Announce*)
  	Notify(SharpMUSH.Library.Models.SharpPlayer: SharpMUSH.Library.Models.SharpPlayer, *System.String: -1*, <null>, *Announce*)
  	Notify(SharpMUSH.Library.Models.SharpPlayer: SharpMUSH.Library.Models.SharpPlayer, *System.String: -1*, <null>, *Announce*)
  	Notify(SharpMUSH.Library.Models.SharpPlayer: SharpMUSH.Library.Models.SharpPlayer, *System.String: -1*, <null>, *Announce*)
  	Notify(SharpMUSH.Library.Models.SharpPlayer: SharpMUSH.Library.Models.SharpPlayer, *System.String: -1*, <null>, *Announce*)
  	Notify(SharpMUSH.Library.Models.SharpPlayer: SharpMUSH.Library.Models.SharpPlayer, *System.String: -1*, <null>, *Announce*)
  	Notify(SharpMUSH.Library.Models.SharpPlayer: SharpMUSH.Library.Models.SharpPlayer, *System.String: -1*, <null>, *Announce*)
  	Notify(SharpMUSH.Library.Models.SharpPlayer: SharpMUSH.Library.Models.SharpPlayer, *System.String: -1*, <null>, *Announce*)
  	Notify(SharpMUSH.Library.Models.SharpPlayer: SharpMUSH.Library.Models.SharpPlayer, *System.String: -1*, <null>, *Announce*)
  	Notify(SharpMUSH.Library.Models.SharpPlayer: SharpMUSH.Library.Models.SharpPlayer, *System.String: -1*, <null>, *Announce*)
  	Notify(SharpMUSH.Library.Models.SharpPlayer: SharpMUSH.Library.Models.SharpPlayer, *System.String: -1*, <null>, *Announce*)
  	Notify(SharpMUSH.Library.Models.SharpPlayer: SharpMUSH.Library.Models.SharpPlayer, *System.String: -1*, <null>, *Announce*)
  	Notify(SharpMUSH.Library.Models.SharpPlayer: SharpMUSH.Library.Models.SharpPlayer, *System.String: -1*, <null>, *Announce*)
  	Notify(SharpMUSH.Library.Models.SharpPlayer: SharpMUSH.Library.Models.SharpPlayer, *System.String: -1*, <null>, *Announce*)
  	Notify(SharpMUSH.Library.Models.SharpPlayer: SharpMUSH.Library.Models.SharpPlayer, *System.String: -1*, <null>, *Announce*)
  	Notify(SharpMUSH.Library.Models.SharpPlayer: SharpMUSH.Library.Models.SharpPlayer, *System.String: -1*, <null>, *Announce*)
  	Notify(SharpMUSH.Library.Models.SharpPlayer: SharpMUSH.Library.Models.SharpPlayer, *System.String: -1*, <null>, *Announce*)
  	Notify(SharpMUSH.Library.Models.SharpPlayer: SharpMUSH.Library.Models.SharpPlayer, *System.String: -1*, <null>, *Announce*)
  	Notify(SharpMUSH.Library.Models.SharpPlayer: SharpMUSH.Library.Models.SharpPlayer, *System.String: -1*, <null>, *Announce*)
  	Notify(SharpMUSH.Library.Models.SharpPlayer: SharpMUSH.Library.Models.SharpPlayer, *System.String: -1*, <null>, *Announce*)
  	Notify(SharpMUSH.Library.Models.SharpPlayer: SharpMUSH.Library.Models.SharpPlayer, *System.String: -1*, <null>, *Announce*)
  	Notify(SharpMUSH.Library.Models.SharpPlayer: SharpMUSH.Library.Models.SharpPlayer, *System.String: -1*, <null>, *Announce*)
  	Notify(SharpMUSH.Library.Models.SharpPlayer: SharpMUSH.Library.Models.SharpPlayer, *System.String: -1*, <null>, *Announce*)
  	Notify(SharpMUSH.Library.Models.SharpPlayer: SharpMUSH.Library.Models.SharpPlayer, *System.String: -1*, <null>, *Announce*)
  	Notify(SharpMUSH.Library.Models.SharpPlayer: SharpMUSH.Library.Models.SharpPlayer, *System.String: -1*, <null>, *Announce*)
  	Notify(SharpMUSH.Library.Models.SharpPlayer: SharpMUSH.Library.Models.SharpPlayer, *System.String: -1*, <null>, *Announce*)
  	Notify(SharpMUSH.Library.Models.SharpPlayer: SharpMUSH.Library.Models.SharpPlayer, *System.String: -1*, <null>, *Announce*)
  	Notify(SharpMUSH.Library.Models.SharpPlayer: SharpMUSH.Library.Models.SharpPlayer, *System.String: -1*, <null>, *Announce*)
  	Notify(SharpMUSH.Library.Models.SharpPlayer: SharpMUSH.Library.Models.SharpPlayer, *System.String: -1*, <null>, *Announce*)
  	Notify(SharpMUSH.Library.Models.SharpPlayer: SharpMUSH.Library.Models.SharpPlayer, *System.String: -1*, <null>, *Announce*)
  	Notify(SharpMUSH.Library.Models.SharpPlayer: SharpMUSH.Library.Models.SharpPlayer, *System.String: -1*, <null>, *Announce*)
  	Notify(SharpMUSH.Library.Models.SharpPlayer: SharpMUSH.Library.Models.SharpPlayer, *System.String: -1*, <null>, *Announce*)
  	Notify(SharpMUSH.Library.Models.SharpPlayer: SharpMUSH.Library.Models.SharpPlayer, *System.String: -1*, <null>, *Announce*)
  	Notify(SharpMUSH.Library.Models.SharpPlayer: SharpMUSH.Library.Models.SharpPlayer, *System.String: -1*, <null>, *Announce*)
  	Notify(SharpMUSH.Library.Models.SharpPlayer: SharpMUSH.Library.Models.SharpPlayer, *System.String: -1*, <null>, *Announce*)
  	Notify(SharpMUSH.Library.Models.SharpPlayer: SharpMUSH.Library.Models.SharpPlayer, *System.String: -1*, <null>, *Announce*)
  	Notify(SharpMUSH.Library.Models.SharpPlayer: SharpMUSH.Library.Models.SharpPlayer, *System.String: -1*, <null>, *Announce*)
  	Notify(SharpMUSH.Library.Models.SharpPlayer: SharpMUSH.Library.Models.SharpPlayer, *System.String: -1*, <null>, *Announce*)
  	Notify(SharpMUSH.Library.Models.SharpPlayer: SharpMUSH.Library.Models.SharpPlayer, *System.String: -1*, <null>, *Announce*)
  	Notify(SharpMUSH.Library.Models.SharpPlayer: SharpMUSH.Library.Models.SharpPlayer, *System.String: -1*, <null>, *Announce*)
  	Notify(SharpMUSH.Library.Models.SharpPlayer: SharpMUSH.Library.Models.SharpPlayer, *System.String: -1*, <null>, *Announce*)
  	Notify(SharpMUSH.Library.Models.SharpPlayer: SharpMUSH.Library.Models.SharpPlayer, *System.String: -1*, <null>, *Announce*)
  	Notify(SharpMUSH.Library.Models.SharpPlayer: SharpMUSH.Library.Models.SharpPlayer, *System.String: -1*, <null>, *Announce*)
  	Notify(SharpMUSH.Library.Models.SharpPlayer: SharpMUSH.Library.Models.SharpPlayer, *System.String: -1*, <null>, *Announce*)
  	Notify(SharpMUSH.Library.Models.SharpPlayer: SharpMUSH.Library.Models.SharpPlayer, *System.String: -1*, <null>, *Announce*)
  	Notify(SharpMUSH.Library.Models.SharpPlayer: SharpMUSH.Library.Models.SharpPlayer, *System.String: -1*, <null>, *Announce*)
  	Notify(SharpMUSH.Library.Models.SharpPlayer: SharpMUSH.Library.Models.SharpPlayer, *System.String: -1*, <null>, *Announce*)
  	Notify(SharpMUSH.Library.Models.SharpPlayer: SharpMUSH.Library.Models.SharpPlayer, *System.String: -1*, <null>, *Announce*)
  	Notify(SharpMUSH.Library.Models.SharpPlayer: SharpMUSH.Library.Models.SharpPlayer, *System.String: -1*, <null>, *Announce*)
  	Notify(SharpMUSH.Library.Models.SharpPlayer: SharpMUSH.Library.Models.SharpPlayer, *System.String: -1*, <null>, *Announce*)
  	Notify(SharpMUSH.Library.Models.SharpPlayer: SharpMUSH.Library.Models.SharpPlayer, *System.String: -1*, <null>, *Announce*)
  	Notify(SharpMUSH.Library.Models.SharpPlayer: SharpMUSH.Library.Models.SharpPlayer, *System.String: -1*, <null>, *Announce*)
  	Notify(SharpMUSH.Library.Models.SharpPlayer: SharpMUSH.Library.Models.SharpPlayer, *System.String: -1*, <null>, *Announce*)
  	Notify(SharpMUSH.Library.Models.SharpPlayer: SharpMUSH.Library.Models.SharpPlayer, *System.String: -1*, <null>, *Announce*)
  	Notify(SharpMUSH.Library.Models.SharpPlayer: SharpMUSH.Library.Models.SharpPlayer, *System.String: -1*, <null>, *Announce*)
  	Notify(SharpMUSH.Library.Models.SharpPlayer: SharpMUSH.Library.Models.SharpPlayer, *System.String: -1*, <null>, *Announce*)
  	Notify(SharpMUSH.Library.Models.SharpPlayer: SharpMUSH.Library.Models.SharpPlayer, *System.String: -1*, <null>, *Announce*)
  	Notify(SharpMUSH.Library.Models.SharpPlayer: SharpMUSH.Library.Models.SharpPlayer, *System.String: -1*, <null>, *Announce*)
  	Notify(SharpMUSH.Library.Models.SharpPlayer: SharpMUSH.Library.Models.SharpPlayer, *System.String: -1*, <null>, *Announce*)
  	Notify(SharpMUSH.Library.Models.SharpPlayer: SharpMUSH.Library.Models.SharpPlayer, *System.String: -1*, <null>, *Announce*)
  	Notify(SharpMUSH.Library.Models.SharpPlayer: SharpMUSH.Library.Models.SharpPlayer, *System.String: -1*, <null>, *Announce*)
  	Notify(SharpMUSH.Library.Models.SharpPlayer: SharpMUSH.Library.Models.SharpPlayer, *System.String: -1*, <null>, *Announce*)
  	Notify(SharpMUSH.Library.Models.SharpPlayer: SharpMUSH.Library.Models.SharpPlayer, *System.String: -1*, <null>, *Announce*)
  	Notify(SharpMUSH.Library.Models.SharpPlayer: SharpMUSH.Library.Models.SharpPlayer, *System.String: -1*, <null>, *Announce*)
  	Notify(SharpMUSH.Library.Models.SharpPlayer: SharpMUSH.Library.Models.SharpPlayer, *System.String: -1*, <null>, *Announce*)
  	Notify(SharpMUSH.Library.Models.SharpPlayer: SharpMUSH.Library.Models.SharpPlayer, *System.String: -1*, <null>, *Announce*)
  	Notify(SharpMUSH.Library.Models.SharpPlayer: SharpMUSH.Library.Models.SharpPlayer, *System.String: -1*, <null>, *Announce*)
  	Notify(SharpMUSH.Library.Models.SharpPlayer: SharpMUSH.Library.Models.SharpPlayer, *System.String: -1*, <null>, *Announce*)
  	Notify(SharpMUSH.Library.Models.SharpPlayer: SharpMUSH.Library.Models.SharpPlayer, *System.String: -1*, <null>, *Announce*)
  	Notify(SharpMUSH.Library.Models.SharpPlayer: SharpMUSH.Library.Models.SharpPlayer, *System.String: -1*, <null>, *Announce*)
  	Notify(SharpMUSH.Library.Models.SharpPlayer: SharpMUSH.Library.Models.SharpPlayer, *System.String: -1*, <null>, *Announce*)
  	Notify(SharpMUSH.Library.Models.SharpPlayer: SharpMUSH.Library.Models.SharpPlayer, *System.String: -1*, <null>, *Announce*)
  	Notify(SharpMUSH.Library.Models.SharpPlayer: SharpMUSH.Library.Models.SharpPlayer, *System.String: -1*, <null>, *Announce*)
  	Notify(SharpMUSH.Library.Models.SharpPlayer: SharpMUSH.Library.Models.SharpPlayer, *System.String: -1*, <null>, *Announce*)
  	Notify(SharpMUSH.Library.Models.SharpPlayer: SharpMUSH.Library.Models.SharpPlayer, *System.String: -1*, <null>, *Announce*)
  	Notify(SharpMUSH.Library.Models.SharpPlayer: SharpMUSH.Library.Models.SharpPlayer, *System.String: -1*, <null>, *Announce*)
  	Notify(SharpMUSH.Library.Models.SharpPlayer: SharpMUSH.Library.Models.SharpPlayer, *System.String: -1*, <null>, *Announce*)
  	Notify(SharpMUSH.Library.Models.SharpPlayer: SharpMUSH.Library.Models.SharpPlayer, *System.String: -1*, <null>, *Announce*)
  	Notify(SharpMUSH.Library.Models.SharpPlayer: SharpMUSH.Library.Models.SharpPlayer, *System.String: -1*, <null>, *Announce*)
  	Notify(SharpMUSH.Library.Models.SharpPlayer: SharpMUSH.Library.Models.SharpPlayer, *System.String: -1*, <null>, *Announce*)
  	Notify(SharpMUSH.Library.Models.SharpPlayer: SharpMUSH.Library.Models.SharpPlayer, *System.String: -1*, <null>, *Announce*)
  	Notify(SharpMUSH.Library.Models.SharpPlayer: SharpMUSH.Library.Models.SharpPlayer, *System.String: -1*, <null>, *Announce*)
  	Notify(SharpMUSH.Library.Models.SharpPlayer: SharpMUSH.Library.Models.SharpPlayer, *System.String: -1*, <null>, *Announce*)
  	Notify(SharpMUSH.Library.Models.SharpPlayer: SharpMUSH.Library.Models.SharpPlayer, *System.String: -1*, <null>, *Announce*)
  	Notify(SharpMUSH.Library.Models.SharpPlayer: SharpMUSH.Library.Models.SharpPlayer, *System.String: -1*, <null>, *Announce*)
  	Notify(SharpMUSH.Library.Models.SharpPlayer: SharpMUSH.Library.Models.SharpPlayer, *System.String: -1*, <null>, *Announce*)
  	Notify(SharpMUSH.Library.Models.SharpPlayer: SharpMUSH.Library.Models.SharpPlayer, *System.String: -1*, <null>, *Announce*)
  	Notify(SharpMUSH.Library.Models.SharpPlayer: SharpMUSH.Library.Models.SharpPlayer, *System.String: -1*, <null>, *Announce*)
  	Notify(SharpMUSH.Library.Models.SharpPlayer: SharpMUSH.Library.Models.SharpPlayer, *System.String: -1*, <null>, *Announce*)
  	Notify(SharpMUSH.Library.Models.SharpPlayer: SharpMUSH.Library.Models.SharpPlayer, *System.String: -1*, <null>, *Announce*)
  	Notify(SharpMUSH.Library.Models.SharpPlayer: SharpMUSH.Library.Models.SharpPlayer, *System.String: -1*, <null>, *Announce*)
  	Notify(SharpMUSH.Library.Models.SharpPlayer: SharpMUSH.Library.Models.SharpPlayer, *System.String: -1*, <null>, *Announce*)
  	Notify(SharpMUSH.Library.Models.SharpPlayer: SharpMUSH.Library.Models.SharpPlayer, *System.String: -1*, <null>, *Announce*)
  	Notify(SharpMUSH.Library.Models.SharpPlayer: SharpMUSH.Library.Models.SharpPlayer, *System.String: -1*, <null>, *Announce*)
  	Notify(SharpMUSH.Library.Models.SharpPlayer: SharpMUSH.Library.Models.SharpPlayer, *System.String: -1*, <null>, *Announce*)
  	Notify(SharpMUSH.Library.Models.SharpPlayer: SharpMUSH.Library.Models.SharpPlayer, *System.String: -1*, <null>, *Announce*)
  	Notify(SharpMUSH.Library.Models.SharpPlayer: SharpMUSH.Library.Models.SharpPlayer, *System.String: -1*, <null>, *Announce*)
  	Notify(SharpMUSH.Library.Models.SharpPlayer: SharpMUSH.Library.Models.SharpPlayer, *System.String: -1*, <null>, *Announce*)
  	Notify(SharpMUSH.Library.Models.SharpPlayer: SharpMUSH.Library.Models.SharpPlayer, *System.String: -1*, <null>, *Announce*)
  	Notify(SharpMUSH.Library.Models.SharpPlayer: SharpMUSH.Library.Models.SharpPlayer, *System.String: -1*, <null>, *Announce*)
  	Notify(SharpMUSH.Library.Models.SharpPlayer: SharpMUSH.Library.Models.SharpPlayer, *System.String: -1*, <null>, *Announce*)
  	Notify(SharpMUSH.Library.Models.SharpPlayer: SharpMUSH.Library.Models.SharpPlayer, *System.String: -1*, <null>, *Announce*)
  	Notify(SharpMUSH.Library.Models.SharpPlayer: SharpMUSH.Library.Models.SharpPlayer, *System.String: -1*, <null>, *Announce*)
  	Notify(SharpMUSH.Library.Models.SharpPlayer: SharpMUSH.Library.Models.SharpPlayer, *System.String: -1*, <null>, *Announce*)
  	Notify(SharpMUSH.Library.Models.SharpPlayer: SharpMUSH.Library.Models.SharpPlayer, *System.String: -1*, <null>, *Announce*)
  	Notify(SharpMUSH.Library.Models.SharpPlayer: SharpMUSH.Library.Models.SharpPlayer, *System.String: -1*, <null>, *Announce*)
  	Notify(SharpMUSH.Library.Models.SharpPlayer: SharpMUSH.Library.Models.SharpPlayer, *System.String: -1*, <null>, *Announce*)
  	Notify(SharpMUSH.Library.Models.SharpPlayer: SharpMUSH.Library.Models.SharpPlayer, *System.String: -1*, <null>, *Announce*)
  	Notify(SharpMUSH.Library.Models.SharpPlayer: SharpMUSH.Library.Models.SharpPlayer, *System.String: -1*, <null>, *Announce*)
  	Notify(SharpMUSH.Library.Models.SharpPlayer: SharpMUSH.Library.Models.SharpPlayer, *System.String: -1*, <null>, *Announce*)
  	Notify(SharpMUSH.Library.Models.SharpPlayer: SharpMUSH.Library.Models.SharpPlayer, *System.String: -1*, <null>, *Announce*)
  	Notify(SharpMUSH.Library.Models.SharpPlayer: SharpMUSH.Library.Models.SharpPlayer, *System.String: -1*, <null>, *Announce*)
  	Notify(SharpMUSH.Library.Models.SharpPlayer: SharpMUSH.Library.Models.SharpPlayer, *System.String: -1*, <null>, *Announce*)
  	Notify(SharpMUSH.Library.Models.SharpPlayer: SharpMUSH.Library.Models.SharpPlayer, *System.String: -1*, <null>, *Announce*)
  	Notify(SharpMUSH.Library.Models.SharpPlayer: SharpMUSH.Library.Models.SharpPlayer, *System.String: -1*, <null>, *Announce*)
  	Notify(SharpMUSH.Library.Models.SharpPlayer: SharpMUSH.Library.Models.SharpPlayer, *System.String: -1*, <null>, *Announce*)
  	Notify(SharpMUSH.Library.Models.SharpPlayer: SharpMUSH.Library.Models.SharpPlayer, *System.String: -1*, <null>, *Announce*)
  	Notify(SharpMUSH.Library.Models.SharpPlayer: SharpMUSH.Library.Models.SharpPlayer, *System.String: -1*, <null>, *Announce*)
  	Notify(SharpMUSH.Library.Models.SharpPlayer: SharpMUSH.Library.Models.SharpPlayer, *System.String: -1*, <null>, *Announce*)
  	Notify(SharpMUSH.Library.Models.SharpPlayer: SharpMUSH.Library.Models.SharpPlayer, *System.String: -1*, <null>, *Announce*)
  	Notify(SharpMUSH.Library.Models.SharpPlayer: SharpMUSH.Library.Models.SharpPlayer, *System.String: -1*, <null>, *Announce*)
  	Notify(SharpMUSH.Library.Models.SharpPlayer: SharpMUSH.Library.Models.SharpPlayer, *System.String: -1*, <null>, *Announce*)
  	Notify(SharpMUSH.Library.Models.SharpPlayer: SharpMUSH.Library.Models.SharpPlayer, *System.String: -1*, <null>, *Announce*)
  	Notify(SharpMUSH.Library.Models.SharpPlayer: SharpMUSH.Library.Models.SharpPlayer, *System.String: -1*, <null>, *Announce*)
  	Notify(SharpMUSH.Library.Models.SharpPlayer: SharpMUSH.Library.Models.SharpPlayer, *System.String: -1*, <null>, *Announce*)
  	Notify(SharpMUSH.Library.Models.SharpPlayer: SharpMUSH.Library.Models.SharpPlayer, *System.String: -1*, <null>, *Announce*)
  	Notify(SharpMUSH.Library.Models.SharpPlayer: SharpMUSH.Library.Models.SharpPlayer, *System.String: -1*, <null>, *Announce*)
  	Notify(SharpMUSH.Library.Models.SharpPlayer: SharpMUSH.Library.Models.SharpPlayer, *System.String: -1*, <null>, *Announce*)
  	Notify(SharpMUSH.Library.Models.SharpPlayer: SharpMUSH.Library.Models.SharpPlayer, *System.String: -1*, <null>, *Announce*)
  	Notify(SharpMUSH.Library.Models.SharpPlayer: SharpMUSH.Library.Models.SharpPlayer, *System.String: -1*, <null>, *Announce*)
  	Notify(SharpMUSH.Library.Models.SharpPlayer: SharpMUSH.Library.Models.SharpPlayer, *System.String: -1*, <null>, *Announce*)
  	Notify(SharpMUSH.Library.Models.SharpPlayer: SharpMUSH.Library.Models.SharpPlayer, *System.String: -1*, <null>, *Announce*)
  	Notify(SharpMUSH.Library.Models.SharpPlayer: SharpMUSH.Library.Models.SharpPlayer, *System.String: -1*, <null>, *Announce*)
  	Notify(SharpMUSH.Library.Models.SharpPlayer: SharpMUSH.Library.Models.SharpPlayer, *System.String: -1*, <null>, *Announce*)
  	Notify(SharpMUSH.Library.Models.SharpPlayer: SharpMUSH.Library.Models.SharpPlayer, *System.String: -1*, <null>, *Announce*)
  	Notify(SharpMUSH.Library.Models.SharpPlayer: SharpMUSH.Library.Models.SharpPlayer, *System.String: -1*, <null>, *Announce*)
  	Notify(SharpMUSH.Library.Models.SharpPlayer: SharpMUSH.Library.Models.SharpPlayer, *System.String: -1*, <null>, *Announce*)
  	Notify(SharpMUSH.Library.Models.SharpPlayer: SharpMUSH.Library.Models.SharpPlayer, *System.String: -1*, <null>, *Announce*)
  	Notify(SharpMUSH.Library.Models.SharpPlayer: SharpMUSH.Library.Models.SharpPlayer, *System.String: -1*, <null>, *Announce*)
  	Notify(SharpMUSH.Library.Models.SharpPlayer: SharpMUSH.Library.Models.SharpPlayer, *System.String: -1*, <null>, *Announce*)
  	Notify(SharpMUSH.Library.Models.SharpPlayer: SharpMUSH.Library.Models.SharpPlayer, *System.String: -1*, <null>, *Announce*)
  	Notify(SharpMUSH.Library.Models.SharpPlayer: SharpMUSH.Library.Models.SharpPlayer, *System.String: -1*, <null>, *Announce*)
  	Notify(SharpMUSH.Library.Models.SharpPlayer: SharpMUSH.Library.Models.SharpPlayer, *System.String: -1*, <null>, *Announce*)
  	Notify(SharpMUSH.Library.Models.SharpPlayer: SharpMUSH.Library.Models.SharpPlayer, *System.String: -1*, <null>, *Announce*)
  	Notify(SharpMUSH.Library.Models.SharpPlayer: SharpMUSH.Library.Models.SharpPlayer, *System.String: -1*, <null>, *Announce*)
  	Notify(SharpMUSH.Library.Models.SharpPlayer: SharpMUSH.Library.Models.SharpPlayer, *System.String: -1*, <null>, *Announce*)
  	Notify(SharpMUSH.Library.Models.SharpPlayer: SharpMUSH.Library.Models.SharpPlayer, *System.String: -1*, <null>, *Announce*)
  	Notify(SharpMUSH.Library.Models.SharpPlayer: SharpMUSH.Library.Models.SharpPlayer, *System.String: -1*, <null>, *Announce*)
  	Notify(SharpMUSH.Library.Models.SharpPlayer: SharpMUSH.Library.Models.SharpPlayer, *System.String: -1*, <null>, *Announce*)
  	Notify(SharpMUSH.Library.Models.SharpPlayer: SharpMUSH.Library.Models.SharpPlayer, *System.String: -1*, <null>, *Announce*)
  	Notify(SharpMUSH.Library.Models.SharpPlayer: SharpMUSH.Library.Models.SharpPlayer, *System.String: -1*, <null>, *Announce*)
  	Notify(SharpMUSH.Library.Models.SharpPlayer: SharpMUSH.Library.Models.SharpPlayer, *System.String: -1*, <null>, *Announce*)
  	Notify(SharpMUSH.Library.Models.SharpPlayer: SharpMUSH.Library.Models.SharpPlayer, *System.String: -1*, <null>, *Announce*)
  	Notify(SharpMUSH.Library.Models.SharpPlayer: SharpMUSH.Library.Models.SharpPlayer, *System.String: -1*, <null>, *Announce*)
  	Notify(SharpMUSH.Library.Models.SharpPlayer: SharpMUSH.Library.Models.SharpPlayer, *System.String: -1*, <null>, *Announce*)
  	Notify(SharpMUSH.Library.Models.SharpPlayer: SharpMUSH.Library.Models.SharpPlayer, *System.String: -1*, <null>, *Announce*)
  	Notify(SharpMUSH.Library.Models.SharpPlayer: SharpMUSH.Library.Models.SharpPlayer, *System.String: -1*, <null>, *Announce*)
  	Notify(SharpMUSH.Library.Models.SharpPlayer: SharpMUSH.Library.Models.SharpPlayer, *System.String: -1*, <null>, *Announce*)
  	Notify(SharpMUSH.Library.Models.SharpPlayer: SharpMUSH.Library.Models.SharpPlayer, *System.String: -1*, <null>, *Announce*)
  	Notify(SharpMUSH.Library.Models.SharpPlayer: SharpMUSH.Library.Models.SharpPlayer, *System.String: -1*, <null>, *Announce*)
  	Notify(SharpMUSH.Library.Models.SharpPlayer: SharpMUSH.Library.Models.SharpPlayer, *System.String: -1*, <null>, *Announce*)
  	Notify(SharpMUSH.Library.Models.SharpPlayer: SharpMUSH.Library.Models.SharpPlayer, *System.String: -1*, <null>, *Announce*)
  	Notify(SharpMUSH.Library.Models.SharpPlayer: SharpMUSH.Library.Models.SharpPlayer, *System.String: -1*, <null>, *Announce*)
  	Notify(SharpMUSH.Library.Models.SharpPlayer: SharpMUSH.Library.Models.SharpPlayer, *System.String: -1*, <null>, *Announce*)
  	Notify(SharpMUSH.Library.Models.SharpPlayer: SharpMUSH.Library.Models.SharpPlayer, *System.String: -1*, <null>, *Announce*)
  	Notify(SharpMUSH.Library.Models.SharpPlayer: SharpMUSH.Library.Models.SharpPlayer, *System.String: -1*, <null>, *Announce*)
  	Notify(SharpMUSH.Library.Models.SharpPlayer: SharpMUSH.Library.Models.SharpPlayer, *System.String: -1*, <null>, *Announce*)
  	Notify(SharpMUSH.Library.Models.SharpPlayer: SharpMUSH.Library.Models.SharpPlayer, *System.String: -1*, <null>, *Announce*)
  	Notify(SharpMUSH.Library.Models.SharpPlayer: SharpMUSH.Library.Models.SharpPlayer, *System.String: -1*, <null>, *Announce*)
  	Notify(SharpMUSH.Library.Models.SharpPlayer: SharpMUSH.Library.Models.SharpPlayer, *System.String: -1*, <null>, *Announce*)
  	Notify(SharpMUSH.Library.Models.SharpPlayer: SharpMUSH.Library.Models.SharpPlayer, *System.String: -1*, <null>, *Announce*)
  	Notify(SharpMUSH.Library.Models.SharpPlayer: SharpMUSH.Library.Models.SharpPlayer, *System.String: -1*, <null>, *Announce*)
  	Notify(SharpMUSH.Library.Models.SharpPlayer: SharpMUSH.Library.Models.SharpPlayer, *System.String: -1*, <null>, *Announce*)
  	Notify(SharpMUSH.Library.Models.SharpPlayer: SharpMUSH.Library.Models.SharpPlayer, *System.String: -1*, <null>, *Announce*)
  	Notify(SharpMUSH.Library.Models.SharpPlayer: SharpMUSH.Library.Models.SharpPlayer, *System.String: -1*, <null>, *Announce*)
  	Notify(SharpMUSH.Library.Models.SharpPlayer: SharpMUSH.Library.Models.SharpPlayer, *System.String: -1*, <null>, *Announce*)
  	Notify(SharpMUSH.Library.Models.SharpPlayer: SharpMUSH.Library.Models.SharpPlayer, *System.String: -1*, <null>, *Announce*)
  	Notify(SharpMUSH.Library.Models.SharpPlayer: SharpMUSH.Library.Models.SharpPlayer, *System.String: -1*, <null>, *Announce*)
  	Notify(SharpMUSH.Library.Models.SharpPlayer: SharpMUSH.Library.Models.SharpPlayer, *System.String: -1*, <null>, *Announce*)
  	Notify(SharpMUSH.Library.Models.SharpPlayer: SharpMUSH.Library.Models.SharpPlayer, *System.String: -1*, <null>, *Announce*)
  	Notify(SharpMUSH.Library.Models.SharpPlayer: SharpMUSH.Library.Models.SharpPlayer, *System.String: -1*, <null>, *Announce*)
  	Notify(SharpMUSH.Library.Models.SharpPlayer: SharpMUSH.Library.Models.SharpPlayer, *System.String: -1*, <null>, *Announce*)
  	Notify(SharpMUSH.Library.Models.SharpPlayer: SharpMUSH.Library.Models.SharpPlayer, *System.String: -1*, <null>, *Announce*)
  	Notify(SharpMUSH.Library.Models.SharpPlayer: SharpMUSH.Library.Models.SharpPlayer, *System.String: -1*, <null>, *Announce*)
  	Notify(SharpMUSH.Library.Models.SharpPlayer: SharpMUSH.Library.Models.SharpPlayer, *System.String: -1*, <null>, *Announce*)
  	Notify(SharpMUSH.Library.Models.SharpPlayer: SharpMUSH.Library.Models.SharpPlayer, *System.String: -1*, <null>, *Announce*)
  	Notify(SharpMUSH.Library.Models.SharpPlayer: SharpMUSH.Library.Models.SharpPlayer, *System.String: -1*, <null>, *Announce*)
  	Notify(SharpMUSH.Library.Models.SharpPlayer: SharpMUSH.Library.Models.SharpPlayer, *System.String: -1*, <null>, *Announce*)
  	Notify(SharpMUSH.Library.Models.SharpPlayer: SharpMUSH.Library.Models.SharpPlayer, *System.String: -1*, <null>, *Announce*)
  	Notify(SharpMUSH.Library.Models.SharpPlayer: SharpMUSH.Library.Models.SharpPlayer, *System.String: -1*, <null>, *Announce*)
  	Notify(SharpMUSH.Library.Models.SharpPlayer: SharpMUSH.Library.Models.SharpPlayer, *System.String: -1*, <null>, *Announce*)
  	Notify(SharpMUSH.Library.Models.SharpPlayer: SharpMUSH.Library.Models.SharpPlayer, *System.String: -1*, <null>, *Announce*)
  	Notify(SharpMUSH.Library.Models.SharpPlayer: SharpMUSH.Library.Models.SharpPlayer, *System.String: -1*, <null>, *Announce*)
  	Notify(SharpMUSH.Library.Models.SharpPlayer: SharpMUSH.Library.Models.SharpPlayer, *System.String: -1*, <null>, *Announce*)
  	Notify(SharpMUSH.Library.Models.SharpPlayer: SharpMUSH.Library.Models.SharpPlayer, *System.String: -1*, <null>, *Announce*)
  	Notify(SharpMUSH.Library.Models.SharpPlayer: SharpMUSH.Library.Models.SharpPlayer, *System.String: -1*, <null>, *Announce*)
  	Notify(SharpMUSH.Library.Models.SharpPlayer: SharpMUSH.Library.Models.SharpPlayer, *System.String: -1*, <null>, *Announce*)
  	Notify(SharpMUSH.Library.Models.SharpPlayer: SharpMUSH.Library.Models.SharpPlayer, *System.String: -1*, <null>, *Announce*)
  	Notify(SharpMUSH.Library.Models.SharpPlayer: SharpMUSH.Library.Models.SharpPlayer, *System.String: -1*, <null>, *Announce*)
  	Notify(SharpMUSH.Library.Models.SharpPlayer: SharpMUSH.Library.Models.SharpPlayer, *System.String: -1*, <null>, *Announce*)
  	Notify(SharpMUSH.Library.Models.SharpPlayer: SharpMUSH.Library.Models.SharpPlayer, *System.String: -1*, <null>, *Announce*)
  	Notify(SharpMUSH.Library.Models.SharpPlayer: SharpMUSH.Library.Models.SharpPlayer, *System.String: -1*, <null>, *Announce*)
  	Notify(SharpMUSH.Library.Models.SharpPlayer: SharpMUSH.Library.Models.SharpPlayer, *System.String: -1*, <null>, *Announce*)
  	Notify(SharpMUSH.Library.Models.SharpPlayer: SharpMUSH.Library.Models.SharpPlayer, *System.String: -1*, <null>, *Announce*)
  	Notify(SharpMUSH.Library.Models.SharpPlayer: SharpMUSH.Library.Models.SharpPlayer, *System.String: -1*, <null>, *Announce*)
  	Notify(SharpMUSH.Library.Models.SharpPlayer: SharpMUSH.Library.Models.SharpPlayer, *System.String: -1*, <null>, *Announce*)
  	Notify(SharpMUSH.Library.Models.SharpPlayer: SharpMUSH.Library.Models.SharpPlayer, *System.String: -1*, <null>, *Announce*)
  	Notify(SharpMUSH.Library.Models.SharpPlayer: SharpMUSH.Library.Models.SharpPlayer, *System.String: -1*, <null>, *Announce*)
  	Notify(SharpMUSH.Library.Models.SharpPlayer: SharpMUSH.Library.Models.SharpPlayer, *System.String: -1*, <null>, *Announce*)
  	Notify(SharpMUSH.Library.Models.SharpPlayer: SharpMUSH.Library.Models.SharpPlayer, *System.String: -1*, <null>, *Announce*)
  	Notify(SharpMUSH.Library.Models.SharpPlayer: SharpMUSH.Library.Models.SharpPlayer, *System.String: -1*, <null>, *Announce*)
  	Notify(SharpMUSH.Library.Models.SharpPlayer: SharpMUSH.Library.Models.SharpPlayer, *System.String: -1*, <null>, *Announce*)
  	Notify(SharpMUSH.Library.Models.SharpPlayer: SharpMUSH.Library.Models.SharpPlayer, *System.String: -1*, <null>, *Announce*)
  	Notify(SharpMUSH.Library.Models.SharpPlayer: SharpMUSH.Library.Models.SharpPlayer, *System.String: -1*, <null>, *Announce*)
  	Notify(SharpMUSH.Library.Models.SharpPlayer: SharpMUSH.Library.Models.SharpPlayer, *System.String: -1*, <null>, *Announce*)
  	Notify(SharpMUSH.Library.Models.SharpPlayer: SharpMUSH.Library.Models.SharpPlayer, *System.String: -1*, <null>, *Announce*)
  	Notify(SharpMUSH.Library.Models.SharpPlayer: SharpMUSH.Library.Models.SharpPlayer, *System.String: -1*, <null>, *Announce*)
  	Notify(SharpMUSH.Library.Models.SharpPlayer: SharpMUSH.Library.Models.SharpPlayer, *System.String: -1*, <null>, *Announce*)
  	Notify(SharpMUSH.Library.Models.SharpPlayer: SharpMUSH.Library.Models.SharpPlayer, *System.String: -1*, <null>, *Announce*)
  	Notify(SharpMUSH.Library.Models.SharpPlayer: SharpMUSH.Library.Models.SharpPlayer, *System.String: -1*, <null>, *Announce*)
  	Notify(SharpMUSH.Library.Models.SharpPlayer: SharpMUSH.Library.Models.SharpPlayer, *System.String: -1*, <null>, *Announce*)
  	Notify(SharpMUSH.Library.Models.SharpPlayer: SharpMUSH.Library.Models.SharpPlayer, *System.String: -1*, <null>, *Announce*)
  	Notify(SharpMUSH.Library.Models.SharpPlayer: SharpMUSH.Library.Models.SharpPlayer, *System.String: -1*, <null>, *Announce*)
  	Notify(SharpMUSH.Library.Models.SharpPlayer: SharpMUSH.Library.Models.SharpPlayer, *System.String: -1*, <null>, *Announce*)
  	Notify(SharpMUSH.Library.Models.SharpPlayer: SharpMUSH.Library.Models.SharpPlayer, *System.String: -1*, <null>, *Announce*)
  	Notify(SharpMUSH.Library.Models.SharpPlayer: SharpMUSH.Library.Models.SharpPlayer, *System.String: -1*, <null>, *Announce*)
  	Notify(SharpMUSH.Library.Models.SharpPlayer: SharpMUSH.Library.Models.SharpPlayer, *System.String: -1*, <null>, *Announce*)
  	Notify(SharpMUSH.Library.Models.SharpPlayer: SharpMUSH.Library.Models.SharpPlayer, *System.String: -1*, <null>, *Announce*)
  	Notify(SharpMUSH.Library.Models.SharpPlayer: SharpMUSH.Library.Models.SharpPlayer, *System.String: -1*, <null>, *Announce*)
  	Notify(SharpMUSH.Library.Models.SharpPlayer: SharpMUSH.Library.Models.SharpPlayer, *System.String: -1*, <null>, *Announce*)
  	Notify(SharpMUSH.Library.Models.SharpPlayer: SharpMUSH.Library.Models.SharpPlayer, *System.String: -1*, <null>, *Announce*)
  	Notify(SharpMUSH.Library.Models.SharpPlayer: SharpMUSH.Library.Models.SharpPlayer, *System.String: -1*, <null>, *Announce*)
  	Notify(SharpMUSH.Library.Models.SharpPlayer: SharpMUSH.Library.Models.SharpPlayer, *System.String: -1*, <null>, *Announce*)
  	Notify(SharpMUSH.Library.Models.SharpPlayer: SharpMUSH.Library.Models.SharpPlayer, *System.String: -1*, <null>, *Announce*)
  	Notify(SharpMUSH.Library.Models.SharpPlayer: SharpMUSH.Library.Models.SharpPlayer, *System.String: -1*, <null>, *Announce*)
  	Notify(SharpMUSH.Library.Models.SharpPlayer: SharpMUSH.Library.Models.SharpPlayer, *System.String: -1*, <null>, *Announce*)
  	Notify(SharpMUSH.Library.Models.SharpPlayer: SharpMUSH.Library.Models.SharpPlayer, *System.String: -1*, <null>, *Announce*)
  	Notify(SharpMUSH.Library.Models.SharpPlayer: SharpMUSH.Library.Models.SharpPlayer, *System.String: -1*, <null>, *Announce*)
  	Notify(SharpMUSH.Library.Models.SharpPlayer: SharpMUSH.Library.Models.SharpPlayer, *System.String: -1*, <null>, *Announce*)
  	Notify(SharpMUSH.Library.Models.SharpPlayer: SharpMUSH.Library.Models.SharpPlayer, *System.String: -1*, <null>, *Announce*)
  	Notify(SharpMUSH.Library.Models.SharpPlayer: SharpMUSH.Library.Models.SharpPlayer, *System.String: -1*, <null>, *Announce*)
  	Notify(SharpMUSH.Library.Models.SharpPlayer: SharpMUSH.Library.Models.SharpPlayer, *System.String: -1*, <null>, *Announce*)
  	Notify(SharpMUSH.Library.Models.SharpPlayer: SharpMUSH.Library.Models.SharpPlayer, *System.String: -1*, <null>, *Announce*)
  	Notify(SharpMUSH.Library.Models.SharpPlayer: SharpMUSH.Library.Models.SharpPlayer, *System.String: -1*, <null>, *Announce*)
  	Notify(SharpMUSH.Library.Models.SharpPlayer: SharpMUSH.Library.Models.SharpPlayer, *System.String: -1*, <null>, *Announce*)
  	Notify(SharpMUSH.Library.Models.SharpPlayer: SharpMUSH.Library.Models.SharpPlayer, *System.String: -1*, <null>, *Announce*)
  	Notify(SharpMUSH.Library.Models.SharpPlayer: SharpMUSH.Library.Models.SharpPlayer, *System.String: -1*, <null>, *Announce*)
  	Notify(SharpMUSH.Library.Models.SharpPlayer: SharpMUSH.Library.Models.SharpPlayer, *System.String: -1*, <null>, *Announce*)
  	Notify(SharpMUSH.Library.Models.SharpPlayer: SharpMUSH.Library.Models.SharpPlayer, *System.String: -1*, <null>, *Announce*)
  	Notify(SharpMUSH.Library.Models.SharpPlayer: SharpMUSH.Library.Models.SharpPlayer, *System.String: -1*, <null>, *Announce*)
  	Notify(SharpMUSH.Library.Models.SharpPlayer: SharpMUSH.Library.Models.SharpPlayer, *System.String: -1*, <null>, *Announce*)
  	Notify(SharpMUSH.Library.Models.SharpPlayer: SharpMUSH.Library.Models.SharpPlayer, *System.String: -1*, <null>, *Announce*)
  	Notify(SharpMUSH.Library.Models.SharpPlayer: SharpMUSH.Library.Models.SharpPlayer, *System.String: -1*, <null>, *Announce*)
  	Notify(SharpMUSH.Library.Models.SharpPlayer: SharpMUSH.Library.Models.SharpPlayer, *System.String: -1*, <null>, *Announce*)
  	Notify(SharpMUSH.Library.Models.SharpPlayer: SharpMUSH.Library.Models.SharpPlayer, *System.String: -1*, <null>, *Announce*)
  	Notify(SharpMUSH.Library.Models.SharpPlayer: SharpMUSH.Library.Models.SharpPlayer, *System.String: -1*, <null>, *Announce*)
  	Notify(SharpMUSH.Library.Models.SharpPlayer: SharpMUSH.Library.Models.SharpPlayer, *System.String: -1*, <null>, *Announce*)
  	Notify(SharpMUSH.Library.Models.SharpPlayer: SharpMUSH.Library.Models.SharpPlayer, *System.String: -1*, <null>, *Announce*)
  	Notify(SharpMUSH.Library.Models.SharpPlayer: SharpMUSH.Library.Models.SharpPlayer, *System.String: -1*, <null>, *Announce*)
  	Notify(SharpMUSH.Library.Models.SharpPlayer: SharpMUSH.Library.Models.SharpPlayer, *System.String: -1*, <null>, *Announce*)
  	Notify(SharpMUSH.Library.Models.SharpPlayer: SharpMUSH.Library.Models.SharpPlayer, *System.String: -1*, <null>, *Announce*)
  	Notify(SharpMUSH.Library.Models.SharpPlayer: SharpMUSH.Library.Models.SharpPlayer, *System.String: -1*, <null>, *Announce*)
  	Notify(SharpMUSH.Library.Models.SharpPlayer: SharpMUSH.Library.Models.SharpPlayer, *System.String: -1*, <null>, *Announce*)
  	Notify(SharpMUSH.Library.Models.SharpPlayer: SharpMUSH.Library.Models.SharpPlayer, *System.String: -1*, <null>, *Announce*)
  	Notify(SharpMUSH.Library.Models.SharpPlayer: SharpMUSH.Library.Models.SharpPlayer, *System.String: -1*, <null>, *Announce*)
  	Notify(SharpMUSH.Library.Models.SharpPlayer: SharpMUSH.Library.Models.SharpPlayer, *System.String: -1*, <null>, *Announce*)
  	Notify(SharpMUSH.Library.Models.SharpPlayer: SharpMUSH.Library.Models.SharpPlayer, *System.String: -1*, <null>, *Announce*)
  	Notify(SharpMUSH.Library.Models.SharpPlayer: SharpMUSH.Library.Models.SharpPlayer, *System.String: -1*, <null>, *Announce*)
  	Notify(SharpMUSH.Library.Models.SharpPlayer: SharpMUSH.Library.Models.SharpPlayer, *System.String: -1*, <null>, *Announce*)
  	Notify(SharpMUSH.Library.Models.SharpPlayer: SharpMUSH.Library.Models.SharpPlayer, *System.String: -1*, <null>, *Announce*)
  	Notify(SharpMUSH.Library.Models.SharpPlayer: SharpMUSH.Library.Models.SharpPlayer, *System.String: -1*, <null>, *Announce*)
  	Notify(SharpMUSH.Library.Models.SharpPlayer: SharpMUSH.Library.Models.SharpPlayer, *System.String: -1*, <null>, *Announce*)
  	Notify(SharpMUSH.Library.Models.SharpPlayer: SharpMUSH.Library.Models.SharpPlayer, *System.String: -1*, <null>, *Announce*)
  	Notify(SharpMUSH.Library.Models.SharpPlayer: SharpMUSH.Library.Models.SharpPlayer, *System.String: -1*, <null>, *Announce*)
  	Notify(SharpMUSH.Library.Models.SharpPlayer: SharpMUSH.Library.Models.SharpPlayer, *System.String: -1*, <null>, *Announce*)
  	Notify(SharpMUSH.Library.Models.SharpPlayer: SharpMUSH.Library.Models.SharpPlayer, *System.String: -1*, <null>, *Announce*)
  	Notify(SharpMUSH.Library.Models.SharpPlayer: SharpMUSH.Library.Models.SharpPlayer, *System.String: -1*, <null>, *Announce*)
  	Notify(SharpMUSH.Library.Models.SharpPlayer: SharpMUSH.Library.Models.SharpPlayer, *System.String: -1*, <null>, *Announce*)
  	Notify(SharpMUSH.Library.Models.SharpPlayer: SharpMUSH.Library.Models.SharpPlayer, *System.String: -1*, <null>, *Announce*)
  	Notify(SharpMUSH.Library.Models.SharpPlayer: SharpMUSH.Library.Models.SharpPlayer, *System.String: -1*, <null>, *Announce*)
  	Notify(SharpMUSH.Library.Models.SharpPlayer: SharpMUSH.Library.Models.SharpPlayer, *System.String: -1*, <null>, *Announce*)
  	Notify(SharpMUSH.Library.Models.SharpPlayer: SharpMUSH.Library.Models.SharpPlayer, *System.String: -1*, <null>, *Announce*)
  	Notify(SharpMUSH.Library.Models.SharpPlayer: SharpMUSH.Library.Models.SharpPlayer, *System.String: -1*, <null>, *Announce*)
  	Notify(SharpMUSH.Library.Models.SharpPlayer: SharpMUSH.Library.Models.SharpPlayer, *System.String: -1*, <null>, *Announce*)
  	Notify(SharpMUSH.Library.Models.SharpPlayer: SharpMUSH.Library.Models.SharpPlayer, *System.String: -1*, <null>, *Announce*)
  	Notify(SharpMUSH.Library.Models.SharpPlayer: SharpMUSH.Library.Models.SharpPlayer, *System.String: -1*, <null>, *Announce*)
  	Notify(SharpMUSH.Library.Models.SharpPlayer: SharpMUSH.Library.Models.SharpPlayer, *System.String: -1*, <null>, *Announce*)
  	Notify(SharpMUSH.Library.Models.SharpPlayer: SharpMUSH.Library.Models.SharpPlayer, *System.String: -1*, <null>, *Announce*)
  	Notify(SharpMUSH.Library.Models.SharpPlayer: SharpMUSH.Library.Models.SharpPlayer, *System.String: -1*, <null>, *Announce*)
  	Notify(SharpMUSH.Library.Models.SharpPlayer: SharpMUSH.Library.Models.SharpPlayer, *System.String: -1*, <null>, *Announce*)
  	Notify(SharpMUSH.Library.Models.SharpPlayer: SharpMUSH.Library.Models.SharpPlayer, *System.String: -1*, <null>, *Announce*)
  	Notify(SharpMUSH.Library.Models.SharpPlayer: SharpMUSH.Library.Models.SharpPlayer, *System.String: -1*, <null>, *Announce*)
  	Notify(SharpMUSH.Library.Models.SharpPlayer: SharpMUSH.Library.Models.SharpPlayer, *System.String: -1*, <null>, *Announce*)
  	Notify(SharpMUSH.Library.Models.SharpPlayer: SharpMUSH.Library.Models.SharpPlayer, *System.String: -1*, <null>, *Announce*)
  	Notify(SharpMUSH.Library.Models.SharpPlayer: SharpMUSH.Library.Models.SharpPlayer, *System.String: -1*, <null>, *Announce*)
  	Notify(SharpMUSH.Library.Models.SharpPlayer: SharpMUSH.Library.Models.SharpPlayer, *System.String: -1*, <null>, *Announce*)
  	Notify(SharpMUSH.Library.Models.SharpPlayer: SharpMUSH.Library.Models.SharpPlayer, *System.String: -1*, <null>, *Announce*)
  	Notify(SharpMUSH.Library.Models.SharpPlayer: SharpMUSH.Library.Models.SharpPlayer, *System.String: -1*, <null>, *Announce*)
  	Notify(SharpMUSH.Library.Models.SharpPlayer: SharpMUSH.Library.Models.SharpPlayer, *System.String: -1*, <null>, *Announce*)
  	Notify(SharpMUSH.Library.Models.SharpPlayer: SharpMUSH.Library.Models.SharpPlayer, *System.String: -1*, <null>, *Announce*)
  	Notify(SharpMUSH.Library.Models.SharpPlayer: SharpMUSH.Library.Models.SharpPlayer, *System.String: -1*, <null>, *Announce*)
  	Notify(SharpMUSH.Library.Models.SharpPlayer: SharpMUSH.Library.Models.SharpPlayer, *System.String: -1*, <null>, *Announce*)
  	Notify(SharpMUSH.Library.Models.SharpPlayer: SharpMUSH.Library.Models.SharpPlayer, *System.String: -1*, <null>, *Announce*)
  	Notify(SharpMUSH.Library.Models.SharpPlayer: SharpMUSH.Library.Models.SharpPlayer, *System.String: -1*, <null>, *Announce*)
  	Notify(SharpMUSH.Library.Models.SharpPlayer: SharpMUSH.Library.Models.SharpPlayer, *System.String: -1*, <null>, *Announce*)
  	Notify(SharpMUSH.Library.Models.SharpPlayer: SharpMUSH.Library.Models.SharpPlayer, *System.String: -1*, <null>, *Announce*)
  	Notify(SharpMUSH.Library.Models.SharpPlayer: SharpMUSH.Library.Models.SharpPlayer, *System.String: -1*, <null>, *Announce*)
  	Notify(SharpMUSH.Library.Models.SharpPlayer: SharpMUSH.Library.Models.SharpPlayer, *System.String: -1*, <null>, *Announce*)
  	Notify(SharpMUSH.Library.Models.SharpPlayer: SharpMUSH.Library.Models.SharpPlayer, *System.String: -1*, <null>, *Announce*)
  	Notify(SharpMUSH.Library.Models.SharpPlayer: SharpMUSH.Library.Models.SharpPlayer, *System.String: -1*, <null>, *Announce*)
  	Notify(SharpMUSH.Library.Models.SharpPlayer: SharpMUSH.Library.Models.SharpPlayer, *System.String: -1*, <null>, *Announce*)
  	Notify(SharpMUSH.Library.Models.SharpPlayer: SharpMUSH.Library.Models.SharpPlayer, *System.String: -1*, <null>, *Announce*)
  	Notify(SharpMUSH.Library.Models.SharpPlayer: SharpMUSH.Library.Models.SharpPlayer, *System.String: -1*, <null>, *Announce*)
  	Notify(SharpMUSH.Library.Models.SharpPlayer: SharpMUSH.Library.Models.SharpPlayer, *System.String: -1*, <null>, *Announce*)
  	Notify(SharpMUSH.Library.Models.SharpPlayer: SharpMUSH.Library.Models.SharpPlayer, *System.String: -1*, <null>, *Announce*)
  	Notify(SharpMUSH.Library.Models.SharpPlayer: SharpMUSH.Library.Models.SharpPlayer, *System.String: -1*, <null>, *Announce*)
  	Notify(SharpMUSH.Library.Models.SharpPlayer: SharpMUSH.Library.Models.SharpPlayer, *System.String: -1*, <null>, *Announce*)
  	Notify(SharpMUSH.Library.Models.SharpPlayer: SharpMUSH.Library.Models.SharpPlayer, *System.String: -1*, <null>, *Announce*)
  	Notify(SharpMUSH.Library.Models.SharpPlayer: SharpMUSH.Library.Models.SharpPlayer, *System.String: -1*, <null>, *Announce*)
  	Notify(SharpMUSH.Library.Models.SharpPlayer: SharpMUSH.Library.Models.SharpPlayer, *System.String: -1*, <null>, *Announce*)
  	Notify(SharpMUSH.Library.Models.SharpPlayer: SharpMUSH.Library.Models.SharpPlayer, *System.String: -1*, <null>, *Announce*)
  	Notify(SharpMUSH.Library.Models.SharpPlayer: SharpMUSH.Library.Models.SharpPlayer, *System.String: -1*, <null>, *Announce*)
  	Notify(SharpMUSH.Library.Models.SharpPlayer: SharpMUSH.Library.Models.SharpPlayer, *System.String: -1*, <null>, *Announce*)
  	Notify(SharpMUSH.Library.Models.SharpPlayer: SharpMUSH.Library.Models.SharpPlayer, *System.String: -1*, <null>, *Announce*)
  	Notify(SharpMUSH.Library.Models.SharpPlayer: SharpMUSH.Library.Models.SharpPlayer, *System.String: -1*, <null>, *Announce*)
  	Notify(SharpMUSH.Library.Models.SharpPlayer: SharpMUSH.Library.Models.SharpPlayer, *System.String: -1*, <null>, *Announce*)
  	Notify(SharpMUSH.Library.Models.SharpPlayer: SharpMUSH.Library.Models.SharpPlayer, *System.String: -1*, <null>, *Announce*)
  	Notify(SharpMUSH.Library.Models.SharpPlayer: SharpMUSH.Library.Models.SharpPlayer, *System.String: -1*, <null>, *Announce*)
  	Notify(SharpMUSH.Library.Models.SharpPlayer: SharpMUSH.Library.Models.SharpPlayer, *System.String: -1*, <null>, *Announce*)
  	Notify(SharpMUSH.Library.Models.SharpPlayer: SharpMUSH.Library.Models.SharpPlayer, *System.String: -1*, <null>, *Announce*)
  	Notify(SharpMUSH.Library.Models.SharpPlayer: SharpMUSH.Library.Models.SharpPlayer, *System.String: -1*, <null>, *Announce*)
  	Notify(SharpMUSH.Library.Models.SharpPlayer: SharpMUSH.Library.Models.SharpPlayer, *System.String: -1*, <null>, *Announce*)
  	Notify(SharpMUSH.Library.Models.SharpPlayer: SharpMUSH.Library.Models.SharpPlayer, *System.String: -1*, <null>, *Announce*)
  	Notify(SharpMUSH.Library.Models.SharpPlayer: SharpMUSH.Library.Models.SharpPlayer, *System.String: -1*, <null>, *Announce*)
  	Notify(SharpMUSH.Library.Models.SharpPlayer: SharpMUSH.Library.Models.SharpPlayer, *System.String: -1*, <null>, *Announce*)
  	Notify(SharpMUSH.Library.Models.SharpPlayer: SharpMUSH.Library.Models.SharpPlayer, *System.String: -1*, <null>, *Announce*)
  	Notify(SharpMUSH.Library.Models.SharpPlayer: SharpMUSH.Library.Models.SharpPlayer, *System.String: -1*, <null>, *Announce*)
  	Notify(SharpMUSH.Library.Models.SharpPlayer: SharpMUSH.Library.Models.SharpPlayer, *System.String: -1*, <null>, *Announce*)
  	Notify(SharpMUSH.Library.Models.SharpPlayer: SharpMUSH.Library.Models.SharpPlayer, *System.String: -1*, <null>, *Announce*)
  	Notify(SharpMUSH.Library.Models.SharpPlayer: SharpMUSH.Library.Models.SharpPlayer, *System.String: -1*, <null>, *Announce*)
  	Notify(SharpMUSH.Library.Models.SharpPlayer: SharpMUSH.Library.Models.SharpPlayer, *System.String: -1*, <null>, *Announce*)
  	Notify(SharpMUSH.Library.Models.SharpPlayer: SharpMUSH.Library.Models.SharpPlayer, *System.String: -1*, <null>, *Announce*)
  	Notify(SharpMUSH.Library.Models.SharpPlayer: SharpMUSH.Library.Models.SharpPlayer, *System.String: -1*, <null>, *Announce*)
  	Notify(SharpMUSH.Library.Models.SharpPlayer: SharpMUSH.Library.Models.SharpPlayer, *System.String: -1*, <null>, *Announce*)
  	Notify(SharpMUSH.Library.Models.SharpPlayer: SharpMUSH.Library.Models.SharpPlayer, *System.String: -1*, <null>, *Announce*)
  	Notify(SharpMUSH.Library.Models.SharpPlayer: SharpMUSH.Library.Models.SharpPlayer, *System.String: -1*, <null>, *Announce*)
  	Notify(SharpMUSH.Library.Models.SharpPlayer: SharpMUSH.Library.Models.SharpPlayer, *System.String: -1*, <null>, *Announce*)
  	Notify(SharpMUSH.Library.Models.SharpPlayer: SharpMUSH.Library.Models.SharpPlayer, *System.String: -1*, <null>, *Announce*)
  	Notify(SharpMUSH.Library.Models.SharpPlayer: SharpMUSH.Library.Models.SharpPlayer, *System.String: -1*, <null>, *Announce*)
  	Notify(SharpMUSH.Library.Models.SharpPlayer: SharpMUSH.Library.Models.SharpPlayer, *System.String: -1*, <null>, *Announce*)
  	Notify(SharpMUSH.Library.Models.SharpPlayer: SharpMUSH.Library.Models.SharpPlayer, *System.String: -1*, <null>, *Announce*)
  	Notify(SharpMUSH.Library.Models.SharpPlayer: SharpMUSH.Library.Models.SharpPlayer, *System.String: -1*, <null>, *Announce*)
  	Notify(SharpMUSH.Library.Models.SharpPlayer: SharpMUSH.Library.Models.SharpPlayer, *System.String: -1*, <null>, *Announce*)
  	Notify(SharpMUSH.Library.Models.SharpPlayer: SharpMUSH.Library.Models.SharpPlayer, *System.String: -1*, <null>, *Announce*)
  	Notify(SharpMUSH.Library.Models.SharpPlayer: SharpMUSH.Library.Models.SharpPlayer, *System.String: -1*, <null>, *Announce*)
  	Notify(SharpMUSH.Library.Models.SharpPlayer: SharpMUSH.Library.Models.SharpPlayer, *System.String: -1*, <null>, *Announce*)
  	Notify(SharpMUSH.Library.Models.SharpPlayer: SharpMUSH.Library.Models.SharpPlayer, *System.String: -1*, <null>, *Announce*)
  	Notify(SharpMUSH.Library.Models.SharpPlayer: SharpMUSH.Library.Models.SharpPlayer, *System.String: -1*, <null>, *Announce*)
  	Notify(SharpMUSH.Library.Models.SharpPlayer: SharpMUSH.Library.Models.SharpPlayer, *System.String: -1*, <null>, *Announce*)
  	Notify(SharpMUSH.Library.Models.SharpPlayer: SharpMUSH.Library.Models.SharpPlayer, *System.String: -1*, <null>, *Announce*)
  	Notify(SharpMUSH.Library.Models.SharpPlayer: SharpMUSH.Library.Models.SharpPlayer, *System.String: -1*, <null>, *Announce*)
  	Notify(SharpMUSH.Library.Models.SharpPlayer: SharpMUSH.Library.Models.SharpPlayer, *System.String: -1*, <null>, *Announce*)
  	Notify(SharpMUSH.Library.Models.SharpPlayer: SharpMUSH.Library.Models.SharpPlayer, *System.String: -1*, <null>, *Announce*)
  	Notify(SharpMUSH.Library.Models.SharpPlayer: SharpMUSH.Library.Models.SharpPlayer, *System.String: -1*, <null>, *Announce*)
  	Notify(SharpMUSH.Library.Models.SharpPlayer: SharpMUSH.Library.Models.SharpPlayer, *System.String: -1*, <null>, *Announce*)
  	Notify(SharpMUSH.Library.Models.SharpPlayer: SharpMUSH.Library.Models.SharpPlayer, *System.String: -1*, <null>, *Announce*)
  	Notify(SharpMUSH.Library.Models.SharpPlayer: SharpMUSH.Library.Models.SharpPlayer, *System.String: -1*, <null>, *Announce*)
  	Notify(SharpMUSH.Library.Models.SharpPlayer: SharpMUSH.Library.Models.SharpPlayer, *System.String: -1*, <null>, *Announce*)
  	Notify(SharpMUSH.Library.Models.SharpPlayer: SharpMUSH.Library.Models.SharpPlayer, *System.String: -1*, <null>, *Announce*)
  	Notify(SharpMUSH.Library.Models.SharpPlayer: SharpMUSH.Library.Models.SharpPlayer, *System.String: -1*, <null>, *Announce*)
  	Notify(SharpMUSH.Library.Models.SharpPlayer: SharpMUSH.Library.Models.SharpPlayer, *System.String: -1*, <null>, *Announce*)
  	Notify(SharpMUSH.Library.Models.SharpPlayer: SharpMUSH.Library.Models.SharpPlayer, *System.String: -1*, <null>, *Announce*)
  	Notify(SharpMUSH.Library.Models.SharpPlayer: SharpMUSH.Library.Models.SharpPlayer, *System.String: -1*, <null>, *Announce*)
  	Notify(SharpMUSH.Library.Models.SharpPlayer: SharpMUSH.Library.Models.SharpPlayer, *System.String: -1*, <null>, *Announce*)
  	Notify(SharpMUSH.Library.Models.SharpPlayer: SharpMUSH.Library.Models.SharpPlayer, *System.String: -1*, <null>, *Announce*)
  	Notify(SharpMUSH.Library.Models.SharpPlayer: SharpMUSH.Library.Models.SharpPlayer, *System.String: -1*, <null>, *Announce*)
  	Notify(SharpMUSH.Library.Models.SharpPlayer: SharpMUSH.Library.Models.SharpPlayer, *System.String: -1*, <null>, *Announce*)
  	Notify(SharpMUSH.Library.Models.SharpPlayer: SharpMUSH.Library.Models.SharpPlayer, *System.String: -1*, <null>, *Announce*)
  	Notify(SharpMUSH.Library.Models.SharpPlayer: SharpMUSH.Library.Models.SharpPlayer, *System.String: -1*, <null>, *Announce*)
  	Notify(SharpMUSH.Library.Models.SharpPlayer: SharpMUSH.Library.Models.SharpPlayer, *System.String: -1*, <null>, *Announce*)
  	Notify(SharpMUSH.Library.Models.SharpPlayer: SharpMUSH.Library.Models.SharpPlayer, *System.String: -1*, <null>, *Announce*)
  	Notify(SharpMUSH.Library.Models.SharpPlayer: SharpMUSH.Library.Models.SharpPlayer, *System.String: -1*, <null>, *Announce*)
  	Notify(SharpMUSH.Library.Models.SharpPlayer: SharpMUSH.Library.Models.SharpPlayer, *System.String: -1*, <null>, *Announce*)
  	Notify(SharpMUSH.Library.Models.SharpPlayer: SharpMUSH.Library.Models.SharpPlayer, *System.String: -1*, <null>, *Announce*)
  	Notify(SharpMUSH.Library.Models.SharpPlayer: SharpMUSH.Library.Models.SharpPlayer, *System.String: -1*, <null>, *Announce*)
  	Notify(SharpMUSH.Library.Models.SharpPlayer: SharpMUSH.Library.Models.SharpPlayer, *System.String: -1*, <null>, *Announce*)
  	Notify(SharpMUSH.Library.Models.SharpPlayer: SharpMUSH.Library.Models.SharpPlayer, *System.String: -1*, <null>, *Announce*)
  	Notify(SharpMUSH.Library.Models.SharpPlayer: SharpMUSH.Library.Models.SharpPlayer, *System.String: -1*, <null>, *Announce*)
  	Notify(SharpMUSH.Library.Models.SharpPlayer: SharpMUSH.Library.Models.SharpPlayer, *System.String: -1*, <null>, *Announce*)
  	Notify(SharpMUSH.Library.Models.SharpPlayer: SharpMUSH.Library.Models.SharpPlayer, *System.String: -1*, <null>, *Announce*)
  	Notify(SharpMUSH.Library.Models.SharpPlayer: SharpMUSH.Library.Models.SharpPlayer, *System.String: -1*, <null>, *Announce*)
  	Notify(SharpMUSH.Library.Models.SharpPlayer: SharpMUSH.Library.Models.SharpPlayer, *System.String: -1*, <null>, *Announce*)
  	Notify(SharpMUSH.Library.Models.SharpPlayer: SharpMUSH.Library.Models.SharpPlayer, *System.String: -1*, <null>, *Announce*)
  	Notify(SharpMUSH.Library.Models.SharpPlayer: SharpMUSH.Library.Models.SharpPlayer, *System.String: -1*, <null>, *Announce*)
  	Notify(SharpMUSH.Library.Models.SharpPlayer: SharpMUSH.Library.Models.SharpPlayer, *System.String: -1*, <null>, *Announce*)
  	Notify(SharpMUSH.Library.Models.SharpPlayer: SharpMUSH.Library.Models.SharpPlayer, *System.String: -1*, <null>, *Announce*)
  	Notify(SharpMUSH.Library.Models.SharpPlayer: SharpMUSH.Library.Models.SharpPlayer, *System.String: -1*, <null>, *Announce*)
  	Notify(SharpMUSH.Library.Models.SharpPlayer: SharpMUSH.Library.Models.SharpPlayer, *System.String: -1*, <null>, *Announce*)
  	Notify(SharpMUSH.Library.Models.SharpPlayer: SharpMUSH.Library.Models.SharpPlayer, *System.String: -1*, <null>, *Announce*)
  	Notify(SharpMUSH.Library.Models.SharpPlayer: SharpMUSH.Library.Models.SharpPlayer, *System.String: -1*, <null>, *Announce*)
  	Notify(SharpMUSH.Library.Models.SharpPlayer: SharpMUSH.Library.Models.SharpPlayer, *System.String: -1*, <null>, *Announce*)
  	Notify(SharpMUSH.Library.Models.SharpPlayer: SharpMUSH.Library.Models.SharpPlayer, *System.String: -1*, <null>, *Announce*)
  	Notify(SharpMUSH.Library.Models.SharpPlayer: SharpMUSH.Library.Models.SharpPlayer, *System.String: -1*, <null>, *Announce*)
  	Notify(SharpMUSH.Library.Models.SharpPlayer: SharpMUSH.Library.Models.SharpPlayer, *System.String: -1*, <null>, *Announce*)
  	Notify(SharpMUSH.Library.Models.SharpPlayer: SharpMUSH.Library.Models.SharpPlayer, *System.String: -1*, <null>, *Announce*)
  	Notify(SharpMUSH.Library.Models.SharpPlayer: SharpMUSH.Library.Models.SharpPlayer, *System.String: -1*, <null>, *Announce*)
  	Notify(SharpMUSH.Library.Models.SharpPlayer: SharpMUSH.Library.Models.SharpPlayer, *System.String: -1*, <null>, *Announce*)
  	Notify(SharpMUSH.Library.Models.SharpPlayer: SharpMUSH.Library.Models.SharpPlayer, *System.String: -1*, <null>, *Announce*)
  	Notify(SharpMUSH.Library.Models.SharpPlayer: SharpMUSH.Library.Models.SharpPlayer, *System.String: -1*, <null>, *Announce*)
  	Notify(SharpMUSH.Library.Models.SharpPlayer: SharpMUSH.Library.Models.SharpPlayer, *System.String: -1*, <null>, *Announce*)
  	Notify(SharpMUSH.Library.Models.SharpPlayer: SharpMUSH.Library.Models.SharpPlayer, *System.String: -1*, <null>, *Announce*)
  	Notify(SharpMUSH.Library.Models.SharpPlayer: SharpMUSH.Library.Models.SharpPlayer, *System.String: -1*, <null>, *Announce*)
  	Notify(SharpMUSH.Library.Models.SharpPlayer: SharpMUSH.Library.Models.SharpPlayer, *System.String: -1*, <null>, *Announce*)
  	Notify(SharpMUSH.Library.Models.SharpPlayer: SharpMUSH.Library.Models.SharpPlayer, *System.String: -1*, <null>, *Announce*)
  	Notify(SharpMUSH.Library.Models.SharpPlayer: SharpMUSH.Library.Models.SharpPlayer, *System.String: -1*, <null>, *Announce*)
  	Notify(SharpMUSH.Library.Models.SharpPlayer: SharpMUSH.Library.Models.SharpPlayer, *System.String: -1*, <null>, *Announce*)
  	Notify(SharpMUSH.Library.Models.SharpPlayer: SharpMUSH.Library.Models.SharpPlayer, *System.String: -1*, <null>, *Announce*)
  	Notify(SharpMUSH.Library.Models.SharpPlayer: SharpMUSH.Library.Models.SharpPlayer, *System.String: -1*, <null>, *Announce*)
  	Notify(SharpMUSH.Library.Models.SharpPlayer: SharpMUSH.Library.Models.SharpPlayer, *System.String: -1*, <null>, *Announce*)
  	Notify(SharpMUSH.Library.Models.SharpPlayer: SharpMUSH.Library.Models.SharpPlayer, *System.String: -1*, <null>, *Announce*)
  	Notify(SharpMUSH.Library.Models.SharpPlayer: SharpMUSH.Library.Models.SharpPlayer, *System.String: -1*, <null>, *Announce*)
  	Notify(SharpMUSH.Library.Models.SharpPlayer: SharpMUSH.Library.Models.SharpPlayer, *System.String: -1*, <null>, *Announce*)
  	Notify(SharpMUSH.Library.Models.SharpPlayer: SharpMUSH.Library.Models.SharpPlayer, *System.String: -1*, <null>, *Announce*)
  	Notify(SharpMUSH.Library.Models.SharpPlayer: SharpMUSH.Library.Models.SharpPlayer, *System.String: -1*, <null>, *Announce*)
  	Notify(SharpMUSH.Library.Models.SharpPlayer: SharpMUSH.Library.Models.SharpPlayer, *System.String: -1*, <null>, *Announce*)
  	Notify(SharpMUSH.Library.Models.SharpPlayer: SharpMUSH.Library.Models.SharpPlayer, *System.String: -1*, <null>, *Announce*)
  	Notify(SharpMUSH.Library.Models.SharpPlayer: SharpMUSH.Library.Models.SharpPlayer, *System.String: -1*, <null>, *Announce*)
  	Notify(SharpMUSH.Library.Models.SharpPlayer: SharpMUSH.Library.Models.SharpPlayer, *System.String: -1*, <null>, *Announce*)
  	Notify(SharpMUSH.Library.Models.SharpPlayer: SharpMUSH.Library.Models.SharpPlayer, *System.String: -1*, <null>, *Announce*)
  	Notify(SharpMUSH.Library.Models.SharpPlayer: SharpMUSH.Library.Models.SharpPlayer, *System.String: -1*, <null>, *Announce*)
  	Notify(SharpMUSH.Library.Models.SharpPlayer: SharpMUSH.Library.Models.SharpPlayer, *System.String: -1*, <null>, *Announce*)
  	Notify(SharpMUSH.Library.Models.SharpPlayer: SharpMUSH.Library.Models.SharpPlayer, *System.String: -1*, <null>, *Announce*)
  	Notify(SharpMUSH.Library.Models.SharpPlayer: SharpMUSH.Library.Models.SharpPlayer, *System.String: -1*, <null>, *Announce*)
  	Notify(SharpMUSH.Library.Models.SharpPlayer: SharpMUSH.Library.Models.SharpPlayer, *System.String: -1*, <null>, *Announce*)
  	Notify(SharpMUSH.Library.Models.SharpPlayer: SharpMUSH.Library.Models.SharpPlayer, *System.String: -1*, <null>, *Announce*)
  	Notify(SharpMUSH.Library.Models.SharpPlayer: SharpMUSH.Library.Models.SharpPlayer, *System.String: -1*, <null>, *Announce*)
  	Notify(SharpMUSH.Library.Models.SharpPlayer: SharpMUSH.Library.Models.SharpPlayer, *System.String: -1*, <null>, *Announce*)
  	Notify(SharpMUSH.Library.Models.SharpPlayer: SharpMUSH.Library.Models.SharpPlayer, *System.String: -1*, <null>, *Announce*)
  	Notify(SharpMUSH.Library.Models.SharpPlayer: SharpMUSH.Library.Models.SharpPlayer, *System.String: -1*, <null>, *Announce*)
  	Notify(SharpMUSH.Library.Models.SharpPlayer: SharpMUSH.Library.Models.SharpPlayer, *System.String: -1*, <null>, *Announce*)
  	Notify(SharpMUSH.Library.Models.SharpPlayer: SharpMUSH.Library.Models.SharpPlayer, *System.String: -1*, <null>, *Announce*)
  	Notify(SharpMUSH.Library.Models.SharpPlayer: SharpMUSH.Library.Models.SharpPlayer, *System.String: -1*, <null>, *Announce*)
  	Notify(SharpMUSH.Library.Models.SharpPlayer: SharpMUSH.Library.Models.SharpPlayer, *System.String: -1*, <null>, *Announce*)
  	Notify(SharpMUSH.Library.Models.SharpPlayer: SharpMUSH.Library.Models.SharpPlayer, *System.String: -1*, <null>, *Announce*)
  	Notify(SharpMUSH.Library.Models.SharpPlayer: SharpMUSH.Library.Models.SharpPlayer, *System.String: -1*, <null>, *Announce*)
  	Notify(SharpMUSH.Library.Models.SharpPlayer: SharpMUSH.Library.Models.SharpPlayer, *System.String: -1*, <null>, *Announce*)
  	Notify(SharpMUSH.Library.Models.SharpPlayer: SharpMUSH.Library.Models.SharpPlayer, *System.String: -1*, <null>, *Announce*)
  	Notify(SharpMUSH.Library.Models.SharpPlayer: SharpMUSH.Library.Models.SharpPlayer, *System.String: -1*, <null>, *Announce*)
  	Notify(SharpMUSH.Library.Models.SharpPlayer: SharpMUSH.Library.Models.SharpPlayer, *System.String: -1*, <null>, *Announce*)
  	Notify(SharpMUSH.Library.Models.SharpPlayer: SharpMUSH.Library.Models.SharpPlayer, *System.String: -1*, <null>, *Announce*)
  	Notify(SharpMUSH.Library.Models.SharpPlayer: SharpMUSH.Library.Models.SharpPlayer, *System.String: -1*, <null>, *Announce*)
  	Notify(SharpMUSH.Library.Models.SharpPlayer: SharpMUSH.Library.Models.SharpPlayer, *System.String: -1*, <null>, *Announce*)
  	Notify(SharpMUSH.Library.Models.SharpPlayer: SharpMUSH.Library.Models.SharpPlayer, *System.String: -1*, <null>, *Announce*)
  	Notify(SharpMUSH.Library.Models.SharpPlayer: SharpMUSH.Library.Models.SharpPlayer, *System.String: -1*, <null>, *Announce*)
  	Notify(SharpMUSH.Library.Models.SharpPlayer: SharpMUSH.Library.Models.SharpPlayer, *System.String: -1*, <null>, *Announce*)
  	Notify(SharpMUSH.Library.Models.SharpPlayer: SharpMUSH.Library.Models.SharpPlayer, *System.String: -1*, <null>, *Announce*)
  	Notify(SharpMUSH.Library.Models.SharpPlayer: SharpMUSH.Library.Models.SharpPlayer, *System.String: -1*, <null>, *Announce*)
  	Notify(SharpMUSH.Library.Models.SharpPlayer: SharpMUSH.Library.Models.SharpPlayer, *System.String: -1*, <null>, *Announce*)
  	Notify(SharpMUSH.Library.Models.SharpPlayer: SharpMUSH.Library.Models.SharpPlayer, *System.String: -1*, <null>, *Announce*)
  	Notify(SharpMUSH.Library.Models.SharpPlayer: SharpMUSH.Library.Models.SharpPlayer, *System.String: -1*, <null>, *Announce*)
  	Notify(SharpMUSH.Library.Models.SharpPlayer: SharpMUSH.Library.Models.SharpPlayer, *System.String: -1*, <null>, *Announce*)
  	Notify(SharpMUSH.Library.Models.SharpPlayer: SharpMUSH.Library.Models.SharpPlayer, *System.String: -1*, <null>, *Announce*)
  	Notify(SharpMUSH.Library.Models.SharpPlayer: SharpMUSH.Library.Models.SharpPlayer, *System.String: -1*, <null>, *Announce*)
  	Notify(SharpMUSH.Library.Models.SharpPlayer: SharpMUSH.Library.Models.SharpPlayer, *System.String: -1*, <null>, *Announce*)
  	Notify(SharpMUSH.Library.Models.SharpPlayer: SharpMUSH.Library.Models.SharpPlayer, *System.String: -1*, <null>, *Announce*)
  	Notify(SharpMUSH.Library.Models.SharpPlayer: SharpMUSH.Library.Models.SharpPlayer, *System.String: -1*, <null>, *Announce*)
  	Notify(SharpMUSH.Library.Models.SharpPlayer: SharpMUSH.Library.Models.SharpPlayer, *System.String: -1*, <null>, *Announce*)
  	Notify(SharpMUSH.Library.Models.SharpPlayer: SharpMUSH.Library.Models.SharpPlayer, *System.String: -1*, <null>, *Announce*)
  	Notify(SharpMUSH.Library.Models.SharpPlayer: SharpMUSH.Library.Models.SharpPlayer, *System.String: -1*, <null>, *Announce*)
  	Notify(SharpMUSH.Library.Models.SharpPlayer: SharpMUSH.Library.Models.SharpPlayer, *System.String: -1*, <null>, *Announce*)
  	Notify(SharpMUSH.Library.Models.SharpPlayer: SharpMUSH.Library.Models.SharpPlayer, *System.String: -1*, <null>, *Announce*)
  	Notify(SharpMUSH.Library.Models.SharpPlayer: SharpMUSH.Library.Models.SharpPlayer, *System.String: -1*, <null>, *Announce*)
  	Notify(SharpMUSH.Library.Models.SharpPlayer: SharpMUSH.Library.Models.SharpPlayer, *System.String: -1*, <null>, *Announce*)
  	Notify(SharpMUSH.Library.Models.SharpPlayer: SharpMUSH.Library.Models.SharpPlayer, *System.String: -1*, <null>, *Announce*)
  	Notify(SharpMUSH.Library.Models.SharpPlayer: SharpMUSH.Library.Models.SharpPlayer, *System.String: -1*, <null>, *Announce*)
  	Notify(SharpMUSH.Library.Models.SharpPlayer: SharpMUSH.Library.Models.SharpPlayer, *System.String: -1*, <null>, *Announce*)
  	Notify(SharpMUSH.Library.Models.SharpPlayer: SharpMUSH.Library.Models.SharpPlayer, *System.String: -1*, <null>, *Announce*)
  	Notify(SharpMUSH.Library.Models.SharpPlayer: SharpMUSH.Library.Models.SharpPlayer, *System.String: -1*, <null>, *Announce*)
  	Notify(SharpMUSH.Library.Models.SharpPlayer: SharpMUSH.Library.Models.SharpPlayer, *System.String: -1*, <null>, *Announce*)
  	Notify(SharpMUSH.Library.Models.SharpPlayer: SharpMUSH.Library.Models.SharpPlayer, *System.String: -1*, <null>, *Announce*)
  	Notify(SharpMUSH.Library.Models.SharpPlayer: SharpMUSH.Library.Models.SharpPlayer, *System.String: -1*, <null>, *Announce*)
  	Notify(SharpMUSH.Library.Models.SharpPlayer: SharpMUSH.Library.Models.SharpPlayer, *System.String: -1*, <null>, *Announce*)
  	Notify(SharpMUSH.Library.Models.SharpPlayer: SharpMUSH.Library.Models.SharpPlayer, *System.String: -1*, <null>, *Announce*)
  	Notify(SharpMUSH.Library.Models.SharpPlayer: SharpMUSH.Library.Models.SharpPlayer, *System.String: -1*, <null>, *Announce*)
  	Notify(SharpMUSH.Library.Models.SharpPlayer: SharpMUSH.Library.Models.SharpPlayer, *System.String: -1*, <null>, *Announce*)
  	Notify(SharpMUSH.Library.Models.SharpPlayer: SharpMUSH.Library.Models.SharpPlayer, *System.String: -1*, <null>, *Announce*)
  	Notify(SharpMUSH.Library.Models.SharpPlayer: SharpMUSH.Library.Models.SharpPlayer, *System.String: -1*, <null>, *Announce*)
  	Notify(SharpMUSH.Library.Models.SharpPlayer: SharpMUSH.Library.Models.SharpPlayer, *System.String: -1*, <null>, *Announce*)
  	Notify(SharpMUSH.Library.Models.SharpPlayer: SharpMUSH.Library.Models.SharpPlayer, *System.String: -1*, <null>, *Announce*)
  	Notify(SharpMUSH.Library.Models.SharpPlayer: SharpMUSH.Library.Models.SharpPlayer, *System.String: -1*, <null>, *Announce*)
  	Notify(SharpMUSH.Library.Models.SharpPlayer: SharpMUSH.Library.Models.SharpPlayer, *System.String: -1*, <null>, *Announce*)
  	Notify(SharpMUSH.Library.Models.SharpPlayer: SharpMUSH.Library.Models.SharpPlayer, *System.String: -1*, <null>, *Announce*)
  	Notify(SharpMUSH.Library.Models.SharpPlayer: SharpMUSH.Library.Models.SharpPlayer, *System.String: -1*, <null>, *Announce*)
  	Notify(SharpMUSH.Library.Models.SharpPlayer: SharpMUSH.Library.Models.SharpPlayer, *System.String: -1*, <null>, *Announce*)
  	Notify(SharpMUSH.Library.Models.SharpPlayer: SharpMUSH.Library.Models.SharpPlayer, *System.String: -1*, <null>, *Announce*)
  	Notify(SharpMUSH.Library.Models.SharpPlayer: SharpMUSH.Library.Models.SharpPlayer, *System.String: -1*, <null>, *Announce*)
  	Notify(SharpMUSH.Library.Models.SharpPlayer: SharpMUSH.Library.Models.SharpPlayer, *System.String: -1*, <null>, *Announce*)
  	Notify(SharpMUSH.Library.Models.SharpPlayer: SharpMUSH.Library.Models.SharpPlayer, *System.String: -1*, <null>, *Announce*)
  	Notify(SharpMUSH.Library.Models.SharpPlayer: SharpMUSH.Library.Models.SharpPlayer, *System.String: -1*, <null>, *Announce*)
  	Notify(SharpMUSH.Library.Models.SharpPlayer: SharpMUSH.Library.Models.SharpPlayer, *System.String: -1*, <null>, *Announce*)
  	Notify(SharpMUSH.Library.Models.SharpPlayer: SharpMUSH.Library.Models.SharpPlayer, *System.String: -1*, <null>, *Announce*)
  	Notify(SharpMUSH.Library.Models.SharpPlayer: SharpMUSH.Library.Models.SharpPlayer, *System.String: -1*, <null>, *Announce*)
  	Notify(SharpMUSH.Library.Models.SharpPlayer: SharpMUSH.Library.Models.SharpPlayer, *System.String: -1*, <null>, *Announce*)
  	Notify(SharpMUSH.Library.Models.SharpPlayer: SharpMUSH.Library.Models.SharpPlayer, *System.String: -1*, <null>, *Announce*)
  	Notify(SharpMUSH.Library.Models.SharpPlayer: SharpMUSH.Library.Models.SharpPlayer, *System.String: -1*, <null>, *Announce*)
  	Notify(SharpMUSH.Library.Models.SharpPlayer: SharpMUSH.Library.Models.SharpPlayer, *System.String: -1*, <null>, *Announce*)
  	Notify(SharpMUSH.Library.Models.SharpPlayer: SharpMUSH.Library.Models.SharpPlayer, *System.String: -1*, <null>, *Announce*)
  	Notify(SharpMUSH.Library.Models.SharpPlayer: SharpMUSH.Library.Models.SharpPlayer, *System.String: -1*, <null>, *Announce*)
  	Notify(SharpMUSH.Library.Models.SharpPlayer: SharpMUSH.Library.Models.SharpPlayer, *System.String: -1*, <null>, *Announce*)
  	Notify(SharpMUSH.Library.Models.SharpPlayer: SharpMUSH.Library.Models.SharpPlayer, *System.String: -1*, <null>, *Announce*)
  	Notify(SharpMUSH.Library.Models.SharpPlayer: SharpMUSH.Library.Models.SharpPlayer, *System.String: -1*, <null>, *Announce*)
  	Notify(SharpMUSH.Library.Models.SharpPlayer: SharpMUSH.Library.Models.SharpPlayer, *System.String: -1*, <null>, *Announce*)
  	Notify(SharpMUSH.Library.Models.SharpPlayer: SharpMUSH.Library.Models.SharpPlayer, *System.String: -1*, <null>, *Announce*)
  	Notify(SharpMUSH.Library.Models.SharpPlayer: SharpMUSH.Library.Models.SharpPlayer, *System.String: -1*, <null>, *Announce*)
  	Notify(SharpMUSH.Library.Models.SharpPlayer: SharpMUSH.Library.Models.SharpPlayer, *System.String: -1*, <null>, *Announce*)
  	Notify(SharpMUSH.Library.Models.SharpPlayer: SharpMUSH.Library.Models.SharpPlayer, *System.String: -1*, <null>, *Announce*)
  	Notify(SharpMUSH.Library.Models.SharpPlayer: SharpMUSH.Library.Models.SharpPlayer, *System.String: -1*, <null>, *Announce*)
  	Notify(SharpMUSH.Library.Models.SharpPlayer: SharpMUSH.Library.Models.SharpPlayer, *System.String: -1*, <null>, *Announce*)
  	Notify(SharpMUSH.Library.Models.SharpPlayer: SharpMUSH.Library.Models.SharpPlayer, *System.String: -1*, <null>, *Announce*)
  	Notify(SharpMUSH.Library.Models.SharpPlayer: SharpMUSH.Library.Models.SharpPlayer, *System.String: -1*, <null>, *Announce*)
  	Notify(SharpMUSH.Library.Models.SharpPlayer: SharpMUSH.Library.Models.SharpPlayer, *System.String: -1*, <null>, *Announce*)
  	Notify(SharpMUSH.Library.Models.SharpPlayer: SharpMUSH.Library.Models.SharpPlayer, *System.String: -1*, <null>, *Announce*)
  	Notify(SharpMUSH.Library.Models.SharpPlayer: SharpMUSH.Library.Models.SharpPlayer, *System.String: -1*, <null>, *Announce*)
  	Notify(SharpMUSH.Library.Models.SharpPlayer: SharpMUSH.Library.Models.SharpPlayer, *System.String: -1*, <null>, *Announce*)
  	Notify(SharpMUSH.Library.Models.SharpPlayer: SharpMUSH.Library.Models.SharpPlayer, *System.String: -1*, <null>, *Announce*)
  	Notify(SharpMUSH.Library.Models.SharpPlayer: SharpMUSH.Library.Models.SharpPlayer, *System.String: -1*, <null>, *Announce*)
  	Notify(SharpMUSH.Library.Models.SharpPlayer: SharpMUSH.Library.Models.SharpPlayer, *System.String: -1*, <null>, *Announce*)
  	Notify(SharpMUSH.Library.Models.SharpPlayer: SharpMUSH.Library.Models.SharpPlayer, *System.String: -1*, <null>, *Announce*)
  	Notify(SharpMUSH.Library.Models.SharpPlayer: SharpMUSH.Library.Models.SharpPlayer, *System.String: -1*, <null>, *Announce*)
  	Notify(SharpMUSH.Library.Models.SharpPlayer: SharpMUSH.Library.Models.SharpPlayer, *System.String: -1*, <null>, *Announce*)
  	Notify(SharpMUSH.Library.Models.SharpPlayer: SharpMUSH.Library.Models.SharpPlayer, *System.String: -1*, <null>, *Announce*)
  	Notify(SharpMUSH.Library.Models.SharpPlayer: SharpMUSH.Library.Models.SharpPlayer, *System.String: -1*, <null>, *Announce*)
  	Notify(SharpMUSH.Library.Models.SharpPlayer: SharpMUSH.Library.Models.SharpPlayer, *System.String: -1*, <null>, *Announce*)
  	Notify(SharpMUSH.Library.Models.SharpPlayer: SharpMUSH.Library.Models.SharpPlayer, *System.String: -1*, <null>, *Announce*)
  	Notify(SharpMUSH.Library.Models.SharpPlayer: SharpMUSH.Library.Models.SharpPlayer, *System.String: -1*, <null>, *Announce*)
  	Notify(SharpMUSH.Library.Models.SharpPlayer: SharpMUSH.Library.Models.SharpPlayer, *System.String: -1*, <null>, *Announce*)
  	Notify(SharpMUSH.Library.Models.SharpPlayer: SharpMUSH.Library.Models.SharpPlayer, *System.String: -1*, <null>, *Announce*)
  	Notify(SharpMUSH.Library.Models.SharpPlayer: SharpMUSH.Library.Models.SharpPlayer, *System.String: -1*, <null>, *Announce*)
  	Notify(SharpMUSH.Library.Models.SharpPlayer: SharpMUSH.Library.Models.SharpPlayer, *System.String: -1*, <null>, *Announce*)
  	Notify(SharpMUSH.Library.Models.SharpPlayer: SharpMUSH.Library.Models.SharpPlayer, *System.String: -1*, <null>, *Announce*)
  	Notify(SharpMUSH.Library.Models.SharpPlayer: SharpMUSH.Library.Models.SharpPlayer, *System.String: -1*, <null>, *Announce*)
  	Notify(SharpMUSH.Library.Models.SharpPlayer: SharpMUSH.Library.Models.SharpPlayer, *System.String: -1*, <null>, *Announce*)
  	Notify(SharpMUSH.Library.Models.SharpPlayer: SharpMUSH.Library.Models.SharpPlayer, *System.String: -1*, <null>, *Announce*)
  	Notify(SharpMUSH.Library.Models.SharpPlayer: SharpMUSH.Library.Models.SharpPlayer, *System.String: -1*, <null>, *Announce*)
  	Notify(SharpMUSH.Library.Models.SharpPlayer: SharpMUSH.Library.Models.SharpPlayer, *System.String: -1*, <null>, *Announce*)
  	Notify(SharpMUSH.Library.Models.SharpPlayer: SharpMUSH.Library.Models.SharpPlayer, *System.String: -1*, <null>, *Announce*)
  	Notify(SharpMUSH.Library.Models.SharpPlayer: SharpMUSH.Library.Models.SharpPlayer, *System.String: -1*, <null>, *Announce*)
  	Notify(SharpMUSH.Library.Models.SharpPlayer: SharpMUSH.Library.Models.SharpPlayer, *System.String: -1*, <null>, *Announce*)
  	Notify(SharpMUSH.Library.Models.SharpPlayer: SharpMUSH.Library.Models.SharpPlayer, *System.String: -1*, <null>, *Announce*)
  	Notify(SharpMUSH.Library.Models.SharpPlayer: SharpMUSH.Library.Models.SharpPlayer, *System.String: -1*, <null>, *Announce*)
  	Notify(SharpMUSH.Library.Models.SharpPlayer: SharpMUSH.Library.Models.SharpPlayer, *System.String: -1*, <null>, *Announce*)
  	Notify(SharpMUSH.Library.Models.SharpPlayer: SharpMUSH.Library.Models.SharpPlayer, *System.String: -1*, <null>, *Announce*)
  	Notify(SharpMUSH.Library.Models.SharpPlayer: SharpMUSH.Library.Models.SharpPlayer, *System.String: -1*, <null>, *Announce*)
  	Notify(SharpMUSH.Library.Models.SharpPlayer: SharpMUSH.Library.Models.SharpPlayer, *System.String: -1*, <null>, *Announce*)
  	Notify(SharpMUSH.Library.Models.SharpPlayer: SharpMUSH.Library.Models.SharpPlayer, *System.String: -1*, <null>, *Announce*)
  	Notify(SharpMUSH.Library.Models.SharpPlayer: SharpMUSH.Library.Models.SharpPlayer, *System.String: -1*, <null>, *Announce*)
  	Notify(SharpMUSH.Library.Models.SharpPlayer: SharpMUSH.Library.Models.SharpPlayer, *System.String: -1*, <null>, *Announce*)
  	Notify(SharpMUSH.Library.Models.SharpPlayer: SharpMUSH.Library.Models.SharpPlayer, *System.String: -1*, <null>, *Announce*)
  	Notify(SharpMUSH.Library.Models.SharpPlayer: SharpMUSH.Library.Models.SharpPlayer, *System.String: -1*, <null>, *Announce*)
  	Notify(SharpMUSH.Library.Models.SharpPlayer: SharpMUSH.Library.Models.SharpPlayer, *System.String: -1*, <null>, *Announce*)
  	Notify(SharpMUSH.Library.Models.SharpPlayer: SharpMUSH.Library.Models.SharpPlayer, *System.String: -1*, <null>, *Announce*)
  	Notify(SharpMUSH.Library.Models.SharpPlayer: SharpMUSH.Library.Models.SharpPlayer, *System.String: -1*, <null>, *Announce*)
  	Notify(SharpMUSH.Library.Models.SharpPlayer: SharpMUSH.Library.Models.SharpPlayer, *System.String: -1*, <null>, *Announce*)
  	Notify(SharpMUSH.Library.Models.SharpPlayer: SharpMUSH.Library.Models.SharpPlayer, *System.String: -1*, <null>, *Announce*)
  	Notify(SharpMUSH.Library.Models.SharpPlayer: SharpMUSH.Library.Models.SharpPlayer, *System.String: -1*, <null>, *Announce*)
  	Notify(SharpMUSH.Library.Models.SharpPlayer: SharpMUSH.Library.Models.SharpPlayer, *System.String: -1*, <null>, *Announce*)
  	Notify(SharpMUSH.Library.Models.SharpPlayer: SharpMUSH.Library.Models.SharpPlayer, *System.String: -1*, <null>, *Announce*)
  	Notify(SharpMUSH.Library.Models.SharpPlayer: SharpMUSH.Library.Models.SharpPlayer, *System.String: -1*, <null>, *Announce*)
  	Notify(SharpMUSH.Library.Models.SharpPlayer: SharpMUSH.Library.Models.SharpPlayer, *System.String: -1*, <null>, *Announce*)
  	Notify(SharpMUSH.Library.Models.SharpPlayer: SharpMUSH.Library.Models.SharpPlayer, *System.String: -1*, <null>, *Announce*)
  	Notify(SharpMUSH.Library.Models.SharpPlayer: SharpMUSH.Library.Models.SharpPlayer, *System.String: -1*, <null>, *Announce*)
  	Notify(SharpMUSH.Library.Models.SharpPlayer: SharpMUSH.Library.Models.SharpPlayer, *System.String: -1*, <null>, *Announce*)
  	Notify(SharpMUSH.Library.Models.SharpPlayer: SharpMUSH.Library.Models.SharpPlayer, *System.String: -1*, <null>, *Announce*)
  	Notify(SharpMUSH.Library.Models.SharpPlayer: SharpMUSH.Library.Models.SharpPlayer, *System.String: -1*, <null>, *Announce*)
  	Notify(SharpMUSH.Library.Models.SharpPlayer: SharpMUSH.Library.Models.SharpPlayer, *System.String: -1*, <null>, *Announce*)
  	Notify(SharpMUSH.Library.Models.SharpPlayer: SharpMUSH.Library.Models.SharpPlayer, *System.String: -1*, <null>, *Announce*)
  	Notify(SharpMUSH.Library.Models.SharpPlayer: SharpMUSH.Library.Models.SharpPlayer, *System.String: -1*, <null>, *Announce*)
  	Notify(SharpMUSH.Library.Models.SharpPlayer: SharpMUSH.Library.Models.SharpPlayer, *System.String: -1*, <null>, *Announce*)
  	Notify(SharpMUSH.Library.Models.SharpPlayer: SharpMUSH.Library.Models.SharpPlayer, *System.String: -1*, <null>, *Announce*)
  	Notify(SharpMUSH.Library.Models.SharpPlayer: SharpMUSH.Library.Models.SharpPlayer, *System.String: -1*, <null>, *Announce*)
  	Notify(SharpMUSH.Library.Models.SharpPlayer: SharpMUSH.Library.Models.SharpPlayer, *System.String: -1*, <null>, *Announce*)
  	Notify(SharpMUSH.Library.Models.SharpPlayer: SharpMUSH.Library.Models.SharpPlayer, *System.String: -1*, <null>, *Announce*)
  	Notify(SharpMUSH.Library.Models.SharpPlayer: SharpMUSH.Library.Models.SharpPlayer, *System.String: -1*, <null>, *Announce*)
  	Notify(SharpMUSH.Library.Models.SharpPlayer: SharpMUSH.Library.Models.SharpPlayer, *System.String: -1*, <null>, *Announce*)
  	Notify(SharpMUSH.Library.Models.SharpPlayer: SharpMUSH.Library.Models.SharpPlayer, *System.String: -1*, <null>, *Announce*)
  	Notify(SharpMUSH.Library.Models.SharpPlayer: SharpMUSH.Library.Models.SharpPlayer, *System.String: -1*, <null>, *Announce*)
  	Notify(SharpMUSH.Library.Models.SharpPlayer: SharpMUSH.Library.Models.SharpPlayer, *System.String: -1*, <null>, *Announce*)
  	Notify(SharpMUSH.Library.Models.SharpPlayer: SharpMUSH.Library.Models.SharpPlayer, *System.String: -1*, <null>, *Announce*)
  	Notify(SharpMUSH.Library.Models.SharpPlayer: SharpMUSH.Library.Models.SharpPlayer, *System.String: -1*, <null>, *Announce*)
  	Notify(SharpMUSH.Library.Models.SharpPlayer: SharpMUSH.Library.Models.SharpPlayer, *System.String: -1*, <null>, *Announce*)
  	Notify(SharpMUSH.Library.Models.SharpPlayer: SharpMUSH.Library.Models.SharpPlayer, *System.String: -1*, <null>, *Announce*)
  	Notify(SharpMUSH.Library.Models.SharpPlayer: SharpMUSH.Library.Models.SharpPlayer, *System.String: -1*, <null>, *Announce*)
  	Notify(SharpMUSH.Library.Models.SharpPlayer: SharpMUSH.Library.Models.SharpPlayer, *System.String: -1*, <null>, *Announce*)
  	Notify(SharpMUSH.Library.Models.SharpPlayer: SharpMUSH.Library.Models.SharpPlayer, *System.String: -1*, <null>, *Announce*)
  	Notify(SharpMUSH.Library.Models.SharpPlayer: SharpMUSH.Library.Models.SharpPlayer, *System.String: -1*, <null>, *Announce*)
  	Notify(SharpMUSH.Library.Models.SharpPlayer: SharpMUSH.Library.Models.SharpPlayer, *System.String: -1*, <null>, *Announce*)
  	Notify(SharpMUSH.Library.Models.SharpPlayer: SharpMUSH.Library.Models.SharpPlayer, *System.String: -1*, <null>, *Announce*)
  	Notify(SharpMUSH.Library.Models.SharpPlayer: SharpMUSH.Library.Models.SharpPlayer, *System.String: -1*, <null>, *Announce*)
  	Notify(SharpMUSH.Library.Models.SharpPlayer: SharpMUSH.Library.Models.SharpPlayer, *System.String: -1*, <null>, *Announce*)
  	Notify(SharpMUSH.Library.Models.SharpPlayer: SharpMUSH.Library.Models.SharpPlayer, *System.String: -1*, <null>, *Announce*)
  	Notify(SharpMUSH.Library.Models.SharpPlayer: SharpMUSH.Library.Models.SharpPlayer, *System.String: -1*, <null>, *Announce*)
  	Notify(SharpMUSH.Library.Models.SharpPlayer: SharpMUSH.Library.Models.SharpPlayer, *System.String: Command1 Arg*, <null>, *Announce*)
  	Notify(SharpMUSH.Library.Models.SharpPlayer: SharpMUSH.Library.Models.SharpPlayer, *System.String: Command2 Arg*, <null>, *Announce*)
  	Notify(SharpMUSH.Library.Models.SharpPlayer: SharpMUSH.Library.Models.SharpPlayer, *System.String: 32*, <null>, *Announce*)
  	Notify(SharpMUSH.Library.Models.SharpPlayer: SharpMUSH.Library.Models.SharpPlayer, *System.String: [1;31mred[0m*, <null>, *Announce*)
  	Notify(SharpMUSH.Library.Models.SharpPlayer: SharpMUSH.Library.Models.SharpPlayer, *System.String: [1;32mgreen[0m*, <null>, *Announce*)
  	Notify(SharpMUSH.Library.Models.SharpPlayer: SharpMUSH.Library.Models.SharpPlayer, *System.String: 36*, <null>, *Announce*)
  	Notify(SharpMUSH.Library.Models.SharpPlayer: SharpMUSH.Library.Models.SharpPlayer, *System.String: 57*, <null>, *Announce*)
  	Notify(SharpMUSH.Library.Models.SharpPlayer: SharpMUSH.Library.Models.SharpPlayer, *System.String: Command3 Arg*, <null>, *Announce*)
  	Notify(SharpMUSH.Library.Models.SharpPlayer: SharpMUSH.Library.Models.SharpPlayer, *System.String: Command4 Arg.*, <null>, *Announce*)
  	Notify(SharpMUSH.Library.Models.SharpPlayer: SharpMUSH.Library.Models.SharpPlayer, *System.String: 34*, <null>, *Announce*)
  	Notify(SharpMUSH.Library.Models.SharpPlayer: SharpMUSH.Library.Models.SharpPlayer, *System.String: 55*, <null>, *Announce*)
  	Notify(SharpMUSH.Library.Models.SharpPlayer: SharpMUSH.Library.Models.SharpPlayer, *System.String: [add(1,2)]3*, <null>, *Announce*)
  	Notify(SharpMUSH.Library.Models.SharpPlayer: SharpMUSH.Library.Models.SharpPlayer, *System.String: 31*, <null>, *Announce*)
  	Notify(SharpMUSH.Library.Models.SharpPlayer: SharpMUSH.Library.Models.SharpPlayer, *System.String: Command1 Arg;think Command2 Arg*, <null>, *Announce*)
  	Notify(SharpMUSH.Library.Models.SharpPlayer: SharpMUSH.Library.Models.SharpPlayer, *System.String: Configuration Categories:*, <null>, *Announce*)
  	Notify(SharpMUSH.Library.Models.SharpPlayer: SharpMUSH.Library.Models.SharpPlayer, *System.String:   Attribute*, <null>, *Announce*)
  	Notify(SharpMUSH.Library.Models.SharpPlayer: SharpMUSH.Library.Models.SharpPlayer, *System.String:   Chat*, <null>, *Announce*)
  	Notify(SharpMUSH.Library.Models.SharpPlayer: SharpMUSH.Library.Models.SharpPlayer, *System.String:   Command*, <null>, *Announce*)
  	Notify(SharpMUSH.Library.Models.SharpPlayer: SharpMUSH.Library.Models.SharpPlayer, *System.String:   Compatibility*, <null>, *Announce*)
  	Notify(SharpMUSH.Library.Models.SharpPlayer: SharpMUSH.Library.Models.SharpPlayer, *System.String:   Cosmetic*, <null>, *Announce*)
  	Notify(SharpMUSH.Library.Models.SharpPlayer: SharpMUSH.Library.Models.SharpPlayer, *System.String:   Cost*, <null>, *Announce*)
  	Notify(SharpMUSH.Library.Models.SharpPlayer: SharpMUSH.Library.Models.SharpPlayer, *System.String:   Database*, <null>, *Announce*)
  	Notify(SharpMUSH.Library.Models.SharpPlayer: SharpMUSH.Library.Models.SharpPlayer, *System.String:   Dump*, <null>, *Announce*)
  	Notify(SharpMUSH.Library.Models.SharpPlayer: SharpMUSH.Library.Models.SharpPlayer, *System.String:   File*, <null>, *Announce*)
  	Notify(SharpMUSH.Library.Models.SharpPlayer: SharpMUSH.Library.Models.SharpPlayer, *System.String:   Flag*, <null>, *Announce*)
  	Notify(SharpMUSH.Library.Models.SharpPlayer: SharpMUSH.Library.Models.SharpPlayer, *System.String:   Function*, <null>, *Announce*)
  	Notify(SharpMUSH.Library.Models.SharpPlayer: SharpMUSH.Library.Models.SharpPlayer, *System.String:   Limit*, <null>, *Announce*)
  	Notify(SharpMUSH.Library.Models.SharpPlayer: SharpMUSH.Library.Models.SharpPlayer, *System.String:   Log*, <null>, *Announce*)
  	Notify(SharpMUSH.Library.Models.SharpPlayer: SharpMUSH.Library.Models.SharpPlayer, *System.String:   Message*, <null>, *Announce*)
  	Notify(SharpMUSH.Library.Models.SharpPlayer: SharpMUSH.Library.Models.SharpPlayer, *System.String:   Net*, <null>, *Announce*)
  	Notify(SharpMUSH.Library.Models.SharpPlayer: SharpMUSH.Library.Models.SharpPlayer, *System.String:   Debug*, <null>, *Announce*)
  	Notify(SharpMUSH.Library.Models.SharpPlayer: SharpMUSH.Library.Models.SharpPlayer, *System.String:   Alias*, <null>, *Announce*)
  	Notify(SharpMUSH.Library.Models.SharpPlayer: SharpMUSH.Library.Models.SharpPlayer, *System.String:   Restriction*, <null>, *Announce*)
  	Notify(SharpMUSH.Library.Models.SharpPlayer: SharpMUSH.Library.Models.SharpPlayer, *System.String:   BannedNames*, <null>, *Announce*)
  	Notify(SharpMUSH.Library.Models.SharpPlayer: SharpMUSH.Library.Models.SharpPlayer, *System.String:   SitelockRules*, <null>, *Announce*)
  	Notify(SharpMUSH.Library.Models.SharpPlayer: SharpMUSH.Library.Models.SharpPlayer, *System.String:   Warning*, <null>, *Announce*)
  	Notify(SharpMUSH.Library.Models.SharpPlayer: SharpMUSH.Library.Models.SharpPlayer, *System.String:   TextFile*, <null>, *Announce*)
  	Notify(SharpMUSH.Library.Models.SharpPlayer: SharpMUSH.Library.Models.SharpPlayer, *System.String: Use '@config <category>' to see options in a category.*, <null>, *Announce*)
  	Notify(SharpMUSH.Library.Models.SharpPlayer: SharpMUSH.Library.Models.SharpPlayer, *System.String: Use '@config <option>' to see the value of an option.*, <null>, *Announce*)
  	Notify(SharpMUSH.Library.Models.SharpPlayer: SharpMUSH.Library.Models.SharpPlayer, *System.String: Options in Net:*, <null>, *Announce*)
  	Notify(SharpMUSH.Library.Models.SharpPlayer: SharpMUSH.Library.Models.SharpPlayer, *System.String:   guests: True*, <null>, *Announce*)
  	Notify(SharpMUSH.Library.Models.SharpPlayer: SharpMUSH.Library.Models.SharpPlayer, *System.String:   ip_addr: null*, <null>, *Announce*)
  	Notify(SharpMUSH.Library.Models.SharpPlayer: SharpMUSH.Library.Models.SharpPlayer, *System.String:   json_unsafe_unescape: False*, <null>, *Announce*)
  	Notify(SharpMUSH.Library.Models.SharpPlayer: SharpMUSH.Library.Models.SharpPlayer, *System.String:   logins: True*, <null>, *Announce*)
  	Notify(SharpMUSH.Library.Models.SharpPlayer: SharpMUSH.Library.Models.SharpPlayer, *System.String:   mud_name: PennMUSH Emulation by SharpMUSH*, <null>, *Announce*)
  	Notify(SharpMUSH.Library.Models.SharpPlayer: SharpMUSH.Library.Models.SharpPlayer, *System.String:   mud_url: null*, <null>, *Announce*)
  	Notify(SharpMUSH.Library.Models.SharpPlayer: SharpMUSH.Library.Models.SharpPlayer, *System.String:   player_creation: True*, <null>, *Announce*)
  	Notify(SharpMUSH.Library.Models.SharpPlayer: SharpMUSH.Library.Models.SharpPlayer, *System.String:   port: 4203*, <null>, *Announce*)
  	Notify(SharpMUSH.Library.Models.SharpPlayer: SharpMUSH.Library.Models.SharpPlayer, *System.String:   portal_port: 5117*, <null>, *Announce*)
  	Notify(SharpMUSH.Library.Models.SharpPlayer: SharpMUSH.Library.Models.SharpPlayer, *System.String:   pueblo: False*, <null>, *Announce*)
  	Notify(SharpMUSH.Library.Models.SharpPlayer: SharpMUSH.Library.Models.SharpPlayer, *System.String:   socket_file: data/netmush.sock*, <null>, *Announce*)
  	Notify(SharpMUSH.Library.Models.SharpPlayer: SharpMUSH.Library.Models.SharpPlayer, *System.String:   sql_database: mush*, <null>, *Announce*)
  	Notify(SharpMUSH.Library.Models.SharpPlayer: SharpMUSH.Library.Models.SharpPlayer, *System.String:   sql_host: 127.0.0.1*, <null>, *Announce*)
  	Notify(SharpMUSH.Library.Models.SharpPlayer: SharpMUSH.Library.Models.SharpPlayer, *System.String:   sql_password: mush*, <null>, *Announce*)
  	Notify(SharpMUSH.Library.Models.SharpPlayer: SharpMUSH.Library.Models.SharpPlayer, *System.String:   sql_platform: disabled*, <null>, *Announce*)
  	Notify(SharpMUSH.Library.Models.SharpPlayer: SharpMUSH.Library.Models.SharpPlayer, *System.String:   sql_username: mush*, <null>, *Announce*)
  	Notify(SharpMUSH.Library.Models.SharpPlayer: SharpMUSH.Library.Models.SharpPlayer, *System.String:   ssl_ip_addr: null*, <null>, *Announce*)
  	Notify(SharpMUSH.Library.Models.SharpPlayer: SharpMUSH.Library.Models.SharpPlayer, *System.String:   ssl_port: 0*, <null>, *Announce*)
  	Notify(SharpMUSH.Library.Models.SharpPlayer: SharpMUSH.Library.Models.SharpPlayer, *System.String:   ssl_portal_port: 7296*, <null>, *Announce*)
  	Notify(SharpMUSH.Library.Models.SharpPlayer: SharpMUSH.Library.Models.SharpPlayer, *System.String:   ssl_require_clientcert: False*, <null>, *Announce*)
  	Notify(SharpMUSH.Library.Models.SharpPlayer: SharpMUSH.Library.Models.SharpPlayer, *System.String:   use_dns: True*, <null>, *Announce*)
  	Notify(SharpMUSH.Library.Models.SharpPlayer: SharpMUSH.Library.Models.SharpPlayer, *System.String:   use_ws: True*, <null>, *Announce*)
  	Notify(SharpMUSH.Library.Models.SharpPlayer: SharpMUSH.Library.Models.SharpPlayer, *System.String:   ws_url: /wsclient*, <null>, *Announce*)
  	Notify(SharpMUSH.Library.Models.SharpPlayer: SharpMUSH.Library.Models.SharpPlayer, *System.String: Attribute DOING SET.*, SharpMUSH.Library.Models.SharpPlayer: SharpMUSH.Library.Models.SharpPlayer, *Announce*)
  	Notify(SharpMUSH.Library.Models.SharpPlayer: SharpMUSH.Library.Models.SharpPlayer, *System.String: No configuration category or option named 'test_string_CONFIG_invalid_option'.*, <null>, *Announce*)
  	Notify(SharpMUSH.Library.Models.SharpPlayer: SharpMUSH.Library.Models.SharpPlayer, *System.String: Attribute MONIKER SET.*, SharpMUSH.Library.Models.SharpPlayer: SharpMUSH.Library.Models.SharpPlayer, *Announce*)
  	Notify(SharpMUSH.Library.Models.SharpPlayer: SharpMUSH.Library.Models.SharpPlayer, *System.String: Moniker set.*, <null>, *Announce*)
  	Notify(SharpMUSH.Library.Models.SharpPlayer: SharpMUSH.Library.Models.SharpPlayer, *System.String: Usage: @motd[/<type>] <message>*, <null>, *Announce*)
  	Notify(SharpMUSH.Library.Models.SharpPlayer: SharpMUSH.Library.Models.SharpPlayer, *System.String: Current Message of the Day settings:*, <null>, *Announce*)
  	Notify(SharpMUSH.Library.Models.SharpPlayer: SharpMUSH.Library.Models.SharpPlayer, *System.String:   Connect MOTD File: txt/motd.txt*, <null>, *Announce*)
  	Notify(SharpMUSH.Library.Models.SharpPlayer: SharpMUSH.Library.Models.SharpPlayer, *System.String:   Connect MOTD HTML: txt/motd.html*, <null>, *Announce*)
  	Notify(SharpMUSH.Library.Models.SharpPlayer: SharpMUSH.Library.Models.SharpPlayer, *System.String:   Wizard MOTD File: txt/wizmotd.txt*, <null>, *Announce*)
  	Notify(SharpMUSH.Library.Models.SharpPlayer: SharpMUSH.Library.Models.SharpPlayer, *System.String:   Wizard MOTD HTML: txt/wizmotd.html*, <null>, *Announce*)
  	Notify(SharpMUSH.Library.Models.SharpPlayer: SharpMUSH.Library.Models.SharpPlayer, *System.String: *, <null>, *Announce*)
  	Notify(SharpMUSH.Library.Models.SharpPlayer: SharpMUSH.Library.Models.SharpPlayer, *System.String: Temporary Message of the Day (cleared on restart):*, <null>, *Announce*)
  	Notify(SharpMUSH.Library.Models.SharpPlayer: SharpMUSH.Library.Models.SharpPlayer, *System.String:   Connect MOTD: (not set)*, <null>, *Announce*)
  	Notify(SharpMUSH.Library.Models.SharpPlayer: SharpMUSH.Library.Models.SharpPlayer, *System.String:   Wizard MOTD:  (not set)*, <null>, *Announce*)
  	Notify(SharpMUSH.Library.Models.SharpPlayer: SharpMUSH.Library.Models.SharpPlayer, *System.String:   Down MOTD:    (not set)*, <null>, *Announce*)
  	Notify(SharpMUSH.Library.Models.SharpPlayer: SharpMUSH.Library.Models.SharpPlayer, *System.String:   Full MOTD:    (not set)*, <null>, *Announce*)
  	Notify(SharpMUSH.Library.Models.SharpPlayer: SharpMUSH.Library.Models.SharpPlayer, *System.String: Usage: @wizmotd <message>*, <null>, *Announce*)
  	Notify(SharpMUSH.Library.Models.SharpPlayer: SharpMUSH.Library.Models.SharpPlayer, *System.String: Usage: @rejectmotd <message>*, <null>, *Announce*)
  	Notify(SharpMUSH.Library.Models.SharpPlayer: SharpMUSH.Library.Models.SharpPlayer, *System.String: mud_name: PennMUSH Emulation by SharpMUSH*, <null>, *Announce*)
  	Notify(SharpMUSH.Library.Models.SharpPlayer: SharpMUSH.Library.Models.SharpPlayer, *System.String:   Description: Name of your MUSH as displayed to players*, <null>, *Announce*)
  	Notify(SharpMUSH.Library.Models.SharpPlayer: SharpMUSH.Library.Models.SharpPlayer, *System.String:   Category: Net*, <null>, *Announce*)
  	Notify(SharpMUSH.Library.Models.SharpPlayer: SharpMUSH.Library.Models.SharpPlayer, *System.String: Player Name            On For   Idle  Doing                           
  God                        3s     0s  Test activity                   
  1 players logged in.*, <null>, *Announce*)
  	Notify(SharpMUSH.Library.Models.SharpPlayer: SharpMUSH.Library.Models.SharpPlayer, *System.String: @enable is equivalent to @config/set noisy_whisper=yes*, <null>, *Announce*)
  	Notify(SharpMUSH.Library.Models.SharpPlayer: SharpMUSH.Library.Models.SharpPlayer, *System.String: Runtime configuration modification is not yet implemented. Changes require server restart.*, <null>, *Announce*)
  	Notify(SharpMUSH.Library.Models.SharpPlayer: SharpMUSH.Library.Models.SharpPlayer, *System.String: Current value: noisy_whisper=False*, <null>, *Announce*)
  	Notify(SharpMUSH.Library.Models.SharpPlayer: SharpMUSH.Library.Models.SharpPlayer, *System.String: Option 'probate_judge' is not a boolean option. Use @config/set instead.*, <null>, *Announce*)
  	Notify(SharpMUSH.Library.Models.SharpPlayer: SharpMUSH.Library.Models.SharpPlayer, *System.String: Usage: @enable <option>*, <null>, *Announce*)
  	Notify(SharpMUSH.Library.Models.SharpPlayer: SharpMUSH.Library.Models.SharpPlayer, *System.String: Usage: @disable <option>*, <null>, *Announce*)
  	Notify(SharpMUSH.Library.Models.SharpPlayer: SharpMUSH.Library.Models.SharpPlayer, *System.String: Player Name            On For   Idle  Doing                           
  
  0 players logged in.*, <null>, *Announce*)
  	Notify(SharpMUSH.Library.Models.SharpPlayer: SharpMUSH.Library.Models.SharpPlayer, *System.String: No configuration option named 'test_string_DISABLE_invalid_option_xyz'.*, <null>, *Announce*)
  	Notify(SharpMUSH.Library.Models.SharpPlayer: SharpMUSH.Library.Models.SharpPlayer, *System.String: No configuration option named 'test_string_ENABLE_invalid_option_xyz'.*, <null>, *Announce*)
  	Notify(SharpMUSH.Library.Models.SharpPlayer: SharpMUSH.Library.Models.SharpPlayer, *System.String: @disable is equivalent to @config/set noisy_whisper=no*, <null>, *Announce*)
  	Notify(SharpMUSH.Library.Models.SharpPlayer: SharpMUSH.Library.Models.SharpPlayer, *System.String: Runtime configuration modification is not yet implemented. Changes require server restart.*, <null>, *Announce*)
  	Notify(SharpMUSH.Library.Models.SharpPlayer: SharpMUSH.Library.Models.SharpPlayer, *System.String: Current value: noisy_whisper=False*, <null>, *Announce*)
  	Notify(SharpMUSH.Library.Models.SharpPlayer: SharpMUSH.Library.Models.SharpPlayer, *System.String: Option 'mud_name' is not a boolean option. Use @config/set instead.*, <null>, *Announce*)
  	Notify(SharpMUSH.Library.Models.SharpPlayer: SharpMUSH.Library.Models.SharpPlayer, *System.String: Power 'TEST_POWER_E9AB9A3B' created with alias 'TPOW'.*, <null>, *Announce*)
  	Notify(SharpMUSH.Library.Models.SharpPlayer: SharpMUSH.Library.Models.SharpPlayer, *System.String: Object Powers:
  Name                 Alias              Type Restrictions
  -------------------- ------------------ -------------------
  Announce                                ROOM,PLAYER,EXIT,THING
  Boot                                    ROOM,PLAYER,EXIT,THING
  Builder                                 ROOM,PLAYER,EXIT,THING
  Can_Dark                                PLAYER
  Can_HTTP                                ROOM,PLAYER,EXIT,THING
  Can_Spoof                               ROOM,PLAYER,EXIT,THING
  Chat_Privs                              ROOM,PLAYER,EXIT,THING
  Debit                                   ROOM,PLAYER,EXIT,THING
  Functions                               ROOM,PLAYER,EXIT,THING
  Guest                                   ROOM,PLAYER,EXIT,THING
  Halt                                    ROOM,PLAYER,EXIT,THING
  Hide                                    ROOM,PLAYER,EXIT,THING
  Hook                                    ROOM,PLAYER,EXIT,THING
  Idle                                    ROOM,PLAYER,EXIT,THING
  Immortal                                ROOM,PLAYER,EXIT,THING
  Link_Anywhere                           ROOM,PLAYER,EXIT,THING
  Login                                   ROOM,PLAYER,EXIT,THING
  Long_Fingers                            ROOM,PLAYER,EXIT,THING
  Many_Attribs                            ROOM,PLAYER,EXIT,THING
  No_Pay                                  ROOM,PLAYER,EXIT,THING
  No_Quota                                ROOM,PLAYER,EXIT,THING
  Open_Anywhere                           ROOM,PLAYER,EXIT,THING
  Pemit_All                               ROOM,PLAYER,EXIT,THING
  Pick_DBRefs                             ROOM,PLAYER,EXIT,THING
  Player_Create                           ROOM,PLAYER,EXIT,THING
  Poll                                    ROOM,PLAYER,EXIT,THING
  Pueblo_Send                             ROOM,PLAYER,EXIT,THING
  Queue                                   ROOM,PLAYER,EXIT,THING
  Search                                  ROOM,PLAYER,EXIT,THING
  See_All                                 ROOM,PLAYER,EXIT,THING
  See_Queue                               ROOM,PLAYER,EXIT,THING
  See_OOB                                 ROOM,PLAYER,EXIT,THING
  SQL_OK                                  ROOM,PLAYER,EXIT,THING
  Tport_Anything                          ROOM,PLAYER,EXIT,THING
  Tport_Anywhere                          ROOM,PLAYER,EXIT,THING
  Unkillable                              ROOM,PLAYER,EXIT,THING*, <null>, *Announce*)
  	Notify(SharpMUSH.Library.Models.SharpPlayer: SharpMUSH.Library.Models.SharpPlayer, *System.String: Object Flags:
  Name                 Symbol Type Restrictions
  -------------------- ------ -------------------
  WIZARD               W      ROOM,PLAYER,EXIT,THING
  ABODE                A      ROOM
  ANSI                 A      PLAYER
  CHOWN_OK             C      ROOM,PLAYER,THING
  COLOR                C      PLAYER
  DARK                 D      ROOM,PLAYER,EXIT,THING
  FIXED                F      PLAYER
  FLOATING             F      ROOM
  HAVEN                H      PLAYER
  TRUST                I      ROOM,PLAYER,EXIT,THING
  JUDGE                J      PLAYER
  JUMP_OK              J      ROOM
  LINK_OK              L      ROOM,PLAYER,EXIT,THING
  MONITOR              M      ROOM,PLAYER,THING
  NO_LEAVE             N      THING
  NO_TEL               N      ROOM
  OPAQUE               O      ROOM,PLAYER,EXIT,THING
  QUIET                Q      ROOM,PLAYER,EXIT,THING
  UNFINDABLE           U      ROOM,PLAYER,EXIT,THING
  VISUAL               V      ROOM,PLAYER,EXIT,THING
  SAFE                 X      ROOM,PLAYER,EXIT,THING
  SHARED               Z      PLAYER
  Z_TEL                Z      ROOM,THING
  LISTEN_PARENT        ^      PLAYER,THING,ROOM
  NOACCENTS            ~      PLAYER,THING,ROOM
  UNREGISTERED         ?      PLAYER
  NOSPOOF              "      ROOM,PLAYER,EXIT,THING
  AUDIBLE              a      ROOM,PLAYER,EXIT,THING
  DEBUG                b      ROOM,PLAYER,EXIT,THING
  DESTROY_OK           d      THING
  ENTER_OK             e      ROOM,PLAYER,EXIT,THING
  GAGGED               g      PLAYER
  HALT                 h      ROOM,PLAYER,EXIT,THING
  ORPHAN               i      ROOM,PLAYER,EXIT,THING
  JURY_OK              j      PLAYER
  KEEPALIVE            k      PLAYER
  LIGHT                l      ROOM,PLAYER,EXIT,THING
  MISTRUST             m      PLAYER,EXIT,THING
  MISTRUST             m      PLAYER,EXIT,THING
  NO_COMMAND           n      ROOM,PLAYER,EXIT,THING
  ON_VACATION          o      PLAYER
  PUPPET               P      THING
  ROYALTY              r      ROOM,PLAYER,EXIT,THING
  SUSPECT              s      ROOM,PLAYER,EXIT,THING
  TRANSPARENT          t      ROOM,PLAYER,EXIT,THING
  VERBOSE              v      ROOM,PLAYER,EXIT,THING
  NO_WARN              w      ROOM,PLAYER,EXIT,THING
  CLOUDY               x      EXIT
  CHAN_USEFIRSTMATCH          ROOM,PLAYER,EXIT,THING
  HEAR_CONNECT                PLAYER
  HEAVY                       ROOM,PLAYER,EXIT,THING
  LOUD                        PLAYER
  NO_LOG                      PLAYER
  PARANOID                    PLAYER
  TRACK_MONEY                 PLAYER
  XTERM256                    PLAYER
  MONIKER                     ROOM,PLAYER,EXIT,THING
  OPEN_OK                     ROOM
  GOING                g      ROOM,PLAYER,EXIT,THING
  GOING_TWICE                 ROOM,PLAYER,EXIT,THING*, <null>, *Announce*)
  	Notify(SharpMUSH.Library.Models.SharpPlayer: SharpMUSH.Library.Models.SharpPlayer, *System.String: Flag 'TEST_FLAG_36F4C586' created with symbol 'T'.*, <null>, *Announce*)
  	Notify(SharpMUSH.Library.Models.SharpPlayer: SharpMUSH.Library.Models.SharpPlayer, *System.String: Flag 'TEST_FLAG_EF8D1235' created with symbol 'T'.*, <null>, *Announce*)
  	Notify(SharpMUSH.Library.Models.SharpPlayer: SharpMUSH.Library.Models.SharpPlayer, *System.String: Flag 'TEST_FLAG_7EE4E12F' created with symbol 'T'.*, <null>, *Announce*)
  	Notify(SharpMUSH.Library.Models.SharpPlayer: SharpMUSH.Library.Models.SharpPlayer, *System.String: Flag 'TEST_FLAG_7EE4E12F' already exists.*, <null>, *Announce*)
  	Notify(SharpMUSH.Library.Models.SharpPlayer: SharpMUSH.Library.Models.SharpPlayer, *System.String: Flag 'TEST_FLAG_310C1EAA' deleted.*, <null>, *Announce*)
  	Notify(SharpMUSH.Library.Models.SharpPlayer: SharpMUSH.Library.Models.SharpPlayer, *System.String: Cannot delete system flag 'WIZARD'.*, <null>, *Announce*)
  	Notify(SharpMUSH.Library.Models.SharpPlayer: SharpMUSH.Library.Models.SharpPlayer, *System.String: Flag 'NONEXISTENT_FLAG_XYZ123' not found.*, <null>, *Announce*)
  	Notify(SharpMUSH.Library.Models.SharpPlayer: SharpMUSH.Library.Models.SharpPlayer, *System.String: Power 'TEST_POWER_ENABLE_556A3B81' created with alias 'TPOW'.*, <null>, *Announce*)
  	Notify(SharpMUSH.Library.Models.SharpPlayer: SharpMUSH.Library.Models.SharpPlayer, *System.String: Power 'TEST_POWER_ENABLE_556A3B81' disabled.*, <null>, *Announce*)
  	Notify(SharpMUSH.Library.Models.SharpPlayer: SharpMUSH.Library.Models.SharpPlayer, *System.String: Power 'TEST_POWER_ENABLE_556A3B81' enabled.*, <null>, *Announce*)
  	Notify(SharpMUSH.Library.Models.SharpPlayer: SharpMUSH.Library.Models.SharpPlayer, *System.String: Power 'TEST_POWER_DISABLE_FA5E4FB5' created with alias 'TPOW'.*, <null>, *Announce*)
  	Notify(SharpMUSH.Library.Models.SharpPlayer: SharpMUSH.Library.Models.SharpPlayer, *System.String: Power 'TEST_POWER_DISABLE_FA5E4FB5' disabled.*, <null>, *Announce*)
  	Notify(SharpMUSH.Library.Models.SharpPlayer: SharpMUSH.Library.Models.SharpPlayer, *System.String: Cannot disable system power 'Builder'.*, <null>, *Announce*)
  	Notify(SharpMUSH.Library.Models.SharpPlayer: SharpMUSH.Library.Models.SharpPlayer, *System.String: Flag 'TEST_FLAG_ENABLE_F9F4489C' created with symbol 'T'.*, <null>, *Announce*)
  	Notify(SharpMUSH.Library.Models.SharpPlayer: SharpMUSH.Library.Models.SharpPlayer, *System.String: Flag 'TEST_FLAG_ENABLE_F9F4489C' disabled.*, <null>, *Announce*)
  	Notify(SharpMUSH.Library.Models.SharpPlayer: SharpMUSH.Library.Models.SharpPlayer, *System.String: Flag 'TEST_FLAG_ENABLE_F9F4489C' enabled.*, <null>, *Announce*)
  	Notify(SharpMUSH.Library.Models.SharpPlayer: SharpMUSH.Library.Models.SharpPlayer, *System.String: Flag 'TEST_FLAG_DISABLE_842F3BDD' created with symbol 'T'.*, <null>, *Announce*)
  	Notify(SharpMUSH.Library.Models.SharpPlayer: SharpMUSH.Library.Models.SharpPlayer, *System.String: Flag 'TEST_FLAG_DISABLE_842F3BDD' disabled.*, <null>, *Announce*)
  	Notify(SharpMUSH.Library.Models.SharpPlayer: SharpMUSH.Library.Models.SharpPlayer, *System.String: @POWER/ADD requires power name and alias.*, <null>, *Announce*)
  	Notify(SharpMUSH.Library.Models.SharpPlayer: SharpMUSH.Library.Models.SharpPlayer, *System.String: @FLAG/ADD requires flag name and symbol.*, <null>, *Announce*)
  	Notify(SharpMUSH.Library.Models.SharpPlayer: SharpMUSH.Library.Models.SharpPlayer, *System.String: Power 'NONEXISTENT_POWER_XYZ123' not found.*, <null>, *Announce*)
  	Notify(SharpMUSH.Library.Models.SharpPlayer: SharpMUSH.Library.Models.SharpPlayer, *System.String: Cannot delete system power 'BUILDER'.*, <null>, *Announce*)
  	Notify(SharpMUSH.Library.Models.SharpPlayer: SharpMUSH.Library.Models.SharpPlayer, *System.String: Power 'TEST_POWER_9E7AFEEF' deleted.*, <null>, *Announce*)
  	Notify(SharpMUSH.Library.Models.SharpPlayer: SharpMUSH.Library.Models.SharpPlayer, *System.String: Power 'TEST_POWER_F0978529' created with alias 'TPOW'.*, <null>, *Announce*)
  	Notify(SharpMUSH.Library.Models.SharpPlayer: SharpMUSH.Library.Models.SharpPlayer, *System.String: Cannot disable system flag 'WIZARD'.*, <null>, *Announce*)
  	Notify(SharpMUSH.Library.Models.SharpPlayer: SharpMUSH.Library.Models.SharpPlayer, *System.String: You aren't following anyone.*, <null>, *Announce*)
  	Notify(SharpMUSH.Library.Models.SharpPlayer: SharpMUSH.Library.Models.SharpPlayer, *System.String: Created EmptyTestBox (#5:1774909470451).*, <null>, *Announce*)
  	Notify(SharpMUSH.Library.Models.SharpPlayer: SharpMUSH.Library.Models.SharpPlayer, *System.String: Created EmptyTestThing (#6:1774909470473).*, <null>, *Announce*)
  	Notify(SharpMUSH.Library.Models.SharpPlayer: SharpMUSH.Library.Models.SharpPlayer, *System.String: Flag: ENTER_OK Set.*, <null>, *Announce*)
  	Notify(SharpMUSH.Library.Models.SharpPlayer: SharpMUSH.Library.Models.SharpPlayer, *System.String: You don't have that.*, <null>, *Announce*)
  	Notify(SharpMUSH.Library.Models.SharpPlayer: SharpMUSH.Library.Models.SharpPlayer, *System.String: You aren't carrying that.*, <null>, *Announce*)
  	Notify(SharpMUSH.Library.Models.SharpPlayer: SharpMUSH.Library.Models.SharpPlayer, *System.String: EmptyTestBox is already empty.*, <null>, *Announce*)
  	Notify(SharpMUSH.Library.Models.SharpPlayer: SharpMUSH.Library.Models.SharpPlayer, *System.String: Created EmptyTestContainer (#7:1774909470613).*, <null>, *Announce*)
  	Notify(SharpMUSH.Library.Models.SharpPlayer: SharpMUSH.Library.Models.SharpPlayer, *System.String: Created EmptyTestItem1 (#8:1774909470637).*, <null>, *Announce*)
  	Notify(SharpMUSH.Library.Models.SharpPlayer: SharpMUSH.Library.Models.SharpPlayer, *System.String: Created EmptyTestItem2 (#9:1774909470654).*, <null>, *Announce*)
  	Notify(SharpMUSH.Library.Models.SharpPlayer: SharpMUSH.Library.Models.SharpPlayer, *System.String: Flag: ENTER_OK Set.*, <null>, *Announce*)
  	Notify(SharpMUSH.Library.Models.SharpPlayer: SharpMUSH.Library.Models.SharpPlayer, *System.String: Taken.*, <null>, *Announce*)
  	Notify(SharpMUSH.Library.Models.SharpPlayer: SharpMUSH.Library.Models.SharpPlayer, *System.String: You don't have that.*, <null>, *Announce*)
  	Notify(SharpMUSH.Library.Models.SharpPlayer: SharpMUSH.Library.Models.SharpPlayer, *System.String: You don't have that.*, <null>, *Announce*)
  	Notify(SharpMUSH.Library.Models.SharpPlayer: SharpMUSH.Library.Models.SharpPlayer, *System.String: EmptyTestContainer is already empty.*, <null>, *Announce*)
  	Notify(SharpMUSH.Library.Models.SharpPlayer: SharpMUSH.Library.Models.SharpPlayer, *System.String: God is not following you.*, <null>, *Announce*)
  	Notify(SharpMUSH.Library.Models.SharpPlayer: SharpMUSH.Library.Models.SharpPlayer, *System.String: You stop following and dismiss all followers.*, <null>, *Announce*)
  	Notify(SharpMUSH.Library.Models.SharpPlayer: SharpMUSH.Library.Models.SharpPlayer, *System.String: You can't follow yourself.*, <null>, *Announce*)
  	Notify(SharpMUSH.Library.Models.SharpThing: SharpMUSH.Library.Models.SharpThing, *MarkupString.MarkupStringModule+MarkupString: God types --> #1=skill*, SharpMUSH.Library.Models.SharpPlayer: SharpMUSH.Library.Models.SharpPlayer, *Emit*)
  	Notify(SharpMUSH.Library.Models.SharpThing: SharpMUSH.Library.Models.SharpThing, *MarkupString.MarkupStringModule+MarkupString: God types --> #1=skill*, SharpMUSH.Library.Models.SharpPlayer: SharpMUSH.Library.Models.SharpPlayer, *Emit*)
  	Notify(SharpMUSH.Library.Models.SharpThing: SharpMUSH.Library.Models.SharpThing, *MarkupString.MarkupStringModule+MarkupString: God types --> #1=skill*, SharpMUSH.Library.Models.SharpPlayer: SharpMUSH.Library.Models.SharpPlayer, *Emit*)
  	Notify(SharpMUSH.Library.Models.SharpThing: SharpMUSH.Library.Models.SharpThing, *MarkupString.MarkupStringModule+MarkupString: God types --> #1=skill*, SharpMUSH.Library.Models.SharpPlayer: SharpMUSH.Library.Models.SharpPlayer, *Emit*)
  	Notify(SharpMUSH.Library.Models.SharpPlayer: SharpMUSH.Library.Models.SharpPlayer, *MarkupString.MarkupStringModule+MarkupString: God types --> #1=skill*, SharpMUSH.Library.Models.SharpPlayer: SharpMUSH.Library.Models.SharpPlayer, *Emit*)
  	Notify(SharpMUSH.Library.Models.SharpPlayer: SharpMUSH.Library.Models.SharpPlayer, *MarkupString.MarkupStringModule+MarkupString: God types --> #1=skill*, SharpMUSH.Library.Models.SharpPlayer: SharpMUSH.Library.Models.SharpPlayer, *Emit*)
  	Notify(SharpMUSH.Library.Models.SharpPlayer: SharpMUSH.Library.Models.SharpPlayer, *MarkupString.MarkupStringModule+MarkupString: God types --> #1=skill*, SharpMUSH.Library.Models.SharpPlayer: SharpMUSH.Library.Models.SharpPlayer, *Emit*)
  	Notify(SharpMUSH.Library.Models.SharpPlayer: SharpMUSH.Library.Models.SharpPlayer, *System.String: Huh?  (Type "help" for help.)*, <null>, *Announce*)
  	Notify(SharpMUSH.Library.Models.SharpPlayer: SharpMUSH.Library.Models.SharpPlayer, *System.String: The SCORE command is not supported.*, <null>, *Announce*)
  	Notify(SharpMUSH.Library.Models.SharpPlayer: SharpMUSH.Library.Models.SharpPlayer, *System.String: SharpMUSH does not track money or pennies.*, <null>, *Announce*)
  	Notify(SharpMUSH.Library.Models.SharpPlayer: SharpMUSH.Library.Models.SharpPlayer, *System.String: You try to buy 'sword'.*, <null>, *Announce*)
  	Notify(SharpMUSH.Library.Models.SharpPlayer: SharpMUSH.Library.Models.SharpPlayer, *System.String: The BUY command requires a full economy system implementation.*, <null>, *Announce*)
  	Notify(SharpMUSH.Library.Models.SharpPlayer: SharpMUSH.Library.Models.SharpPlayer, *System.String: Features needed: PRICELIST attribute parsing, @lock/pay checking, penny transfers.*, <null>, *Announce*)
  	Notify(SharpMUSH.Library.Models.SharpPlayer: SharpMUSH.Library.Models.SharpPlayer, *System.String: Do what with them?*, <null>, *Announce*)
  	Notify(SharpMUSH.Library.Models.SharpPlayer: SharpMUSH.Library.Models.SharpPlayer, *System.String: Hook 'EXTEND' set for command 'HOOKTEST_IGSWITCH_90E2B306DC0F404AA8D48110EACBAA61'.*, <null>, *Announce*)
  	Notify(SharpMUSH.Library.Models.SharpPlayer: SharpMUSH.Library.Models.SharpPlayer, *System.String: Hook 'EXTEND' set for command 'HOOKTEST_EXTEND_7B9527B5C4AD4E5692A3D7B202DF6F69'.*, <null>, *Announce*)
  	Notify(SharpMUSH.Library.Models.SharpPlayer: SharpMUSH.Library.Models.SharpPlayer, *System.String: Hook 'BEFORE' set for command 'HOOKTEST_DEFAULT_C0F8209DA868453993646D7A985728D3'.*, <null>, *Announce*)
  	Notify(SharpMUSH.Library.Models.SharpPlayer: SharpMUSH.Library.Models.SharpPlayer, *System.String: Hook 'BEFORE' set for command 'HOOKTEST_MULTI_27FA7440694545E9AA3D3F7E5D0E8343'.*, <null>, *Announce*)
  	Notify(SharpMUSH.Library.Models.SharpPlayer: SharpMUSH.Library.Models.SharpPlayer, *System.String: Hook 'AFTER' set for command 'HOOKTEST_MULTI_27FA7440694545E9AA3D3F7E5D0E8343'.*, <null>, *Announce*)
  	Notify(SharpMUSH.Library.Models.SharpPlayer: SharpMUSH.Library.Models.SharpPlayer, *System.String: Hook 'IGNORE' set for command 'HOOKTEST_MULTI_27FA7440694545E9AA3D3F7E5D0E8343'.*, <null>, *Announce*)
  	Notify(SharpMUSH.Library.Models.SharpPlayer: SharpMUSH.Library.Models.SharpPlayer, *System.String: Hook 'BEFORE' set for command 'HOOKTEST_INPLACE_BC6ADB80905F4F90A581300ECD852215' (inline).*, <null>, *Announce*)
  	Notify(SharpMUSH.Library.Models.SharpPlayer: SharpMUSH.Library.Models.SharpPlayer, *System.String: Hook 'BEFORE' set for command 'HOOKTEST_INLINE_39FC73499FC74CFB9B8AB143B0659574' (inline).*, <null>, *Announce*)
  	Notify(SharpMUSH.Library.Models.SharpPlayer: SharpMUSH.Library.Models.SharpPlayer, *System.String: No 'BEFORE' hook set for command 'HOOKTEST_CLEAR_0E30049957AE43A1A2222DE5CC7BC33D'.*, <null>, *Announce*)
  	Notify(SharpMUSH.Library.Models.SharpPlayer: SharpMUSH.Library.Models.SharpPlayer, *System.String: Hook 'BEFORE' set for command 'HOOKTEST_SET_2FB3DD950D24474291D18D6AFD5B85B5'.*, <null>, *Announce*)
  	Notify(SharpMUSH.Library.Models.SharpPlayer: SharpMUSH.Library.Models.SharpPlayer, *System.String: No hooks set for command 'HOOKTEST_LIST_E8081791F1864103A58E58AA7CDA67DA'.*, <null>, *Announce*)
  	Notify(SharpMUSH.Library.Models.SharpPlayer: SharpMUSH.Library.Models.SharpPlayer, *System.String: (HTTP): Content-Type set to application/json*, <null>, *Announce*)
  	Notify(SharpMUSH.Library.Models.SharpPlayer: SharpMUSH.Library.Models.SharpPlayer, *System.String: (HTTP): Status 200 OK*, <null>, *Announce*)
  	Notify(SharpMUSH.Library.Models.SharpPlayer: SharpMUSH.Library.Models.SharpPlayer, *System.String: (HTTP): Status 404 Not Found*, <null>, *Announce*)
  	Notify(SharpMUSH.Library.Models.SharpPlayer: SharpMUSH.Library.Models.SharpPlayer, *System.String: Status code required.*, <null>, *Announce*)
  	Notify(SharpMUSH.Library.Models.SharpPlayer: SharpMUSH.Library.Models.SharpPlayer, *System.String: Status line must be less than 40 characters.*, <null>, *Announce*)
  	Notify(SharpMUSH.Library.Models.SharpPlayer: SharpMUSH.Library.Models.SharpPlayer, *System.String: Header name cannot be empty.*, <null>, *Announce*)
  	Notify(SharpMUSH.Library.Models.SharpPlayer: SharpMUSH.Library.Models.SharpPlayer, *System.String: Cannot set Content-Length header.*, <null>, *Announce*)
  	Notify(SharpMUSH.Library.Models.SharpPlayer: SharpMUSH.Library.Models.SharpPlayer, *System.String: (HTTP): Header X-Custom-Header: *, <null>, *Announce*)
  	Notify(SharpMUSH.Library.Models.SharpPlayer: SharpMUSH.Library.Models.SharpPlayer, *System.String: (HTTP): Header X-Powered-By: MUSHCode*, <null>, *Announce*)
  	Notify(SharpMUSH.Library.Models.SharpPlayer: SharpMUSH.Library.Models.SharpPlayer, *System.String: Content-Type cannot be empty.*, <null>, *Announce*)
  	Notify(SharpMUSH.Library.Models.SharpPlayer: SharpMUSH.Library.Models.SharpPlayer, *System.String: (HTTP): Content-Type set to text/html*, <null>, *Announce*)
  	Notify(SharpMUSH.Library.Models.SharpPlayer: SharpMUSH.Library.Models.SharpPlayer, *System.String: (HTTP): Status 500*, <null>, *Announce*)
  	Notify(SharpMUSH.Library.Models.SharpPlayer: SharpMUSH.Library.Models.SharpPlayer, *System.String: Status code must be a 3-digit number.*, <null>, *Announce*)
  	Notify(SharpMUSH.Library.Models.SharpPlayer: SharpMUSH.Library.Models.SharpPlayer, *System.String: Status code must be a 3-digit number.*, <null>, *Announce*)
  	Notify(SharpMUSH.Library.Models.SharpPlayer: SharpMUSH.Library.Models.SharpPlayer, *System.String: (HTTP): Header Set-Cookie: name=Bob; Max-Age=3600; Version=1*, <null>, *Announce*)
  	Notify(SharpMUSH.Library.Models.SharpPlayer: SharpMUSH.Library.Models.SharpPlayer, *System.String: Message logged to Command log.*, <null>, *Announce*)
  	Notify(SharpMUSH.Library.Models.SharpPlayer: SharpMUSH.Library.Models.SharpPlayer, *System.String: Message logged to Command log.*, <null>, *Announce*)
  	Notify(SharpMUSH.Library.Models.SharpPlayer: SharpMUSH.Library.Models.SharpPlayer, *System.String: Message logged to Wizard log.*, <null>, *Announce*)
  	Notify(SharpMUSH.Library.Models.SharpPlayer: SharpMUSH.Library.Models.SharpPlayer, *System.String: Message logged to Error log.*, <null>, *Announce*)
  	Notify(SharpMUSH.Library.Models.SharpPlayer: SharpMUSH.Library.Models.SharpPlayer, *System.String: Usage: @log[/<switch>] <message> or @log/recall[/<switch>] [<number>]*, <null>, *Announce*)
  	Notify(SharpMUSH.Library.Models.SharpPlayer: SharpMUSH.Library.Models.SharpPlayer, *System.String: No log entries found for category 'Command'.*, <null>, *Announce*)
  	Notify(SharpMUSH.Library.Models.SharpPlayer: SharpMUSH.Library.Models.SharpPlayer, *System.String: Locked.*, <null>, *Announce*)
  	Notify(SharpMUSH.Library.Models.SharpPlayer: SharpMUSH.Library.Models.SharpPlayer, *System.String: No such lock: Basic*, <null>, *Announce*)
  	Notify(SharpMUSH.Library.Models.SharpPlayer: SharpMUSH.Library.Models.SharpPlayer, *System.String: Log Management Status:*, <null>, *Announce*)
  	Notify(SharpMUSH.Library.Models.SharpPlayer: SharpMUSH.Library.Models.SharpPlayer, *System.String:   SharpMUSH uses .NET logging infrastructure*, <null>, *Announce*)
  	Notify(SharpMUSH.Library.Models.SharpPlayer: SharpMUSH.Library.Models.SharpPlayer, *System.String:   Logs are managed by configured logging providers*, <null>, *Announce*)
  	Notify(SharpMUSH.Library.Models.SharpPlayer: SharpMUSH.Library.Models.SharpPlayer, *System.String:   Available log types: CMD, CONN, ERR, TRACE, WIZ*, <null>, *Announce*)
  	Notify(SharpMUSH.Library.Models.SharpPlayer: SharpMUSH.Library.Models.SharpPlayer, *System.String:   Available actions: ROTATE, TRIM, WIPE*, <null>, *Announce*)
  	Notify(SharpMUSH.Library.Models.SharpPlayer: SharpMUSH.Library.Models.SharpPlayer, *System.String:   Note: Direct log file manipulation not yet implemented*, <null>, *Announce*)
  	Notify(SharpMUSH.Library.Models.SharpPlayer: SharpMUSH.Library.Models.SharpPlayer, *System.String: MAIL: You sent a message to God.*, <null>, *Announce*)
  	Notify(SharpMUSH.Library.Models.SharpPlayer: SharpMUSH.Library.Models.SharpPlayer, *System.String: MAIL: You have received a message (1) from God.*, <null>, *Announce*)
  	Notify(SharpMUSH.Library.Models.SharpPlayer: SharpMUSH.Library.Models.SharpPlayer, *System.String: @MALIAS/LIST: Mail alias system not yet implemented.*, <null>, *Announce*)
  	Notify(SharpMUSH.Library.Models.SharpPlayer: SharpMUSH.Library.Models.SharpPlayer, *System.String: This command would manage mail distribution lists and aliases.*, <null>, *Announce*)
  	Notify(SharpMUSH.Library.Models.SharpPlayer: SharpMUSH.Library.Models.SharpPlayer, *System.String: Created MsgBasic_1774909472895_2745 (#14:1774909472909).*, <null>, *Announce*)
  	Notify(SharpMUSH.Library.Models.SharpPlayer: SharpMUSH.Library.Models.SharpPlayer, *System.String: Attribute TESTFORMAT_MSGBASIC_93751 SET.*, SharpMUSH.Library.Models.SharpThing: SharpMUSH.Library.Models.SharpThing, *Announce*)
  	Notify(SharpMUSH.Library.Models.SharpPlayer: SharpMUSH.Library.Models.SharpPlayer, *System.String: MsgBasic_1774909472895_2745/TESTFORMAT_MSGBASIC_93751 - Set.*, <null>, *Announce*)
  	Notify(SharpMUSH.Library.Models.SharpThing: SharpMUSH.Library.Models.SharpThing, *MarkupString.MarkupStringModule+MarkupString: MessageBasic_UniqueValue_93751*, SharpMUSH.Library.Models.SharpPlayer: SharpMUSH.Library.Models.SharpPlayer, *Announce*)
  	Notify(SharpMUSH.Library.Models.SharpPlayer: SharpMUSH.Library.Models.SharpPlayer, *System.String: Created MsgWithAttr_1774909472971_1786 (#15:1774909472984).*, <null>, *Announce*)
  	Notify(SharpMUSH.Library.Models.SharpPlayer: SharpMUSH.Library.Models.SharpPlayer, *System.String: Attribute TESTFORMAT_MSGATTR_84729 SET.*, SharpMUSH.Library.Models.SharpThing: SharpMUSH.Library.Models.SharpThing, *Announce*)
  	Notify(SharpMUSH.Library.Models.SharpPlayer: SharpMUSH.Library.Models.SharpPlayer, *System.String: MsgWithAttr_1774909472971_1786/TESTFORMAT_MSGATTR_84729 - Set.*, <null>, *Announce*)
  	Notify(SharpMUSH.Library.Models.SharpThing: SharpMUSH.Library.Models.SharpThing, *MarkupString.MarkupStringModule+MarkupString: MessageWithAttribute_Result_84729:15*, SharpMUSH.Library.Models.SharpPlayer: SharpMUSH.Library.Models.SharpPlayer, *Announce*)
  	Notify(SharpMUSH.Library.Models.SharpPlayer: SharpMUSH.Library.Models.SharpPlayer, *System.String: Created MsgMissingAttr_1774909473031_9726 (#16:1774909473045).*, <null>, *Announce*)
  	Notify(SharpMUSH.Library.Models.SharpThing: SharpMUSH.Library.Models.SharpThing, *MarkupString.MarkupStringModule+MarkupString: DefaultMessage_UniqueValue_72914*, SharpMUSH.Library.Models.SharpPlayer: SharpMUSH.Library.Models.SharpPlayer, *Announce*)
  	Notify(SharpMUSH.Library.Models.SharpPlayer: SharpMUSH.Library.Models.SharpPlayer, *System.String: Created MsgNospoof_1774909473072_5824 (#17:1774909473100).*, <null>, *Announce*)
  	Notify(SharpMUSH.Library.Models.SharpPlayer: SharpMUSH.Library.Models.SharpPlayer, *System.String: Attribute TESTFORMAT_MSGNOSPOOF_48203 SET.*, SharpMUSH.Library.Models.SharpThing: SharpMUSH.Library.Models.SharpThing, *Announce*)
  	Notify(SharpMUSH.Library.Models.SharpPlayer: SharpMUSH.Library.Models.SharpPlayer, *System.String: MsgNospoof_1774909473072_5824/TESTFORMAT_MSGNOSPOOF_48203 - Set.*, <null>, *Announce*)
  	Notify(SharpMUSH.Library.Models.SharpThing: SharpMUSH.Library.Models.SharpThing, *MarkupString.MarkupStringModule+MarkupString: MessageNospoof_Value_48203*, SharpMUSH.Library.Models.SharpPlayer: SharpMUSH.Library.Models.SharpPlayer, *NSAnnounce*)
  	Notify(SharpMUSH.Library.Models.SharpPlayer: SharpMUSH.Library.Models.SharpPlayer, *System.String: Created OemitTarget_1774909473159_2460 (#18:1774909473174).*, <null>, *Announce*)
  	Notify(SharpMUSH.Library.Models.SharpPlayer: SharpMUSH.Library.Models.SharpPlayer, *System.String: Attribute OEMIT_TEST_ATTR_MSG SET.*, SharpMUSH.Library.Models.SharpPlayer: SharpMUSH.Library.Models.SharpPlayer, *Announce*)
  	Notify(SharpMUSH.Library.Models.SharpPlayer: SharpMUSH.Library.Models.SharpPlayer, *System.String: God/OEMIT_TEST_ATTR_MSG - Set.*, <null>, *Announce*)
  	Notify(SharpMUSH.Library.Models.SharpThing: SharpMUSH.Library.Models.SharpThing, *MarkupString.MarkupStringModule+MarkupString: OemitTestMsg_b3d3016078044d55a70ee4cc525a900c*, SharpMUSH.Library.Models.SharpPlayer: SharpMUSH.Library.Models.SharpPlayer, *Announce*)
  	Notify(SharpMUSH.Library.Models.SharpThing: SharpMUSH.Library.Models.SharpThing, *MarkupString.MarkupStringModule+MarkupString: OemitTestMsg_b3d3016078044d55a70ee4cc525a900c*, SharpMUSH.Library.Models.SharpPlayer: SharpMUSH.Library.Models.SharpPlayer, *Announce*)
  	Notify(SharpMUSH.Library.Models.SharpThing: SharpMUSH.Library.Models.SharpThing, *MarkupString.MarkupStringModule+MarkupString: OemitTestMsg_b3d3016078044d55a70ee4cc525a900c*, SharpMUSH.Library.Models.SharpPlayer: SharpMUSH.Library.Models.SharpPlayer, *Announce*)
  	Notify(SharpMUSH.Library.Models.SharpThing: SharpMUSH.Library.Models.SharpThing, *MarkupString.MarkupStringModule+MarkupString: OemitTestMsg_b3d3016078044d55a70ee4cc525a900c*, SharpMUSH.Library.Models.SharpPlayer: SharpMUSH.Library.Models.SharpPlayer, *Announce*)
  	Notify(SharpMUSH.Library.Models.SharpThing: SharpMUSH.Library.Models.SharpThing, *MarkupString.MarkupStringModule+MarkupString: OemitTestMsg_b3d3016078044d55a70ee4cc525a900c*, SharpMUSH.Library.Models.SharpPlayer: SharpMUSH.Library.Models.SharpPlayer, *Announce*)
  	Notify(SharpMUSH.Library.Models.SharpPlayer: SharpMUSH.Library.Models.SharpPlayer, *MarkupString.MarkupStringModule+MarkupString: OemitTestMsg_b3d3016078044d55a70ee4cc525a900c*, SharpMUSH.Library.Models.SharpPlayer: SharpMUSH.Library.Models.SharpPlayer, *Announce*)
  	Notify(SharpMUSH.Library.Models.SharpPlayer: SharpMUSH.Library.Models.SharpPlayer, *MarkupString.MarkupStringModule+MarkupString: OemitTestMsg_b3d3016078044d55a70ee4cc525a900c*, SharpMUSH.Library.Models.SharpPlayer: SharpMUSH.Library.Models.SharpPlayer, *Announce*)
  	Notify(SharpMUSH.Library.Models.SharpPlayer: SharpMUSH.Library.Models.SharpPlayer, *MarkupString.MarkupStringModule+MarkupString: OemitTestMsg_b3d3016078044d55a70ee4cc525a900c*, SharpMUSH.Library.Models.SharpPlayer: SharpMUSH.Library.Models.SharpPlayer, *Announce*)
  	Notify(SharpMUSH.Library.Models.SharpPlayer: SharpMUSH.Library.Models.SharpPlayer, *MarkupString.MarkupStringModule+MarkupString: OemitTestMsg_b3d3016078044d55a70ee4cc525a900c*, SharpMUSH.Library.Models.SharpPlayer: SharpMUSH.Library.Models.SharpPlayer, *Announce*)
  	Notify(SharpMUSH.Library.Models.SharpThing: SharpMUSH.Library.Models.SharpThing, *MarkupString.MarkupStringModule+MarkupString: OemitTestMsg_b3d3016078044d55a70ee4cc525a900c*, SharpMUSH.Library.Models.SharpPlayer: SharpMUSH.Library.Models.SharpPlayer, *Announce*)
  	Notify(SharpMUSH.Library.Models.SharpThing: SharpMUSH.Library.Models.SharpThing, *MarkupString.MarkupStringModule+MarkupString: OemitTestMsg_b3d3016078044d55a70ee4cc525a900c*, SharpMUSH.Library.Models.SharpPlayer: SharpMUSH.Library.Models.SharpPlayer, *Announce*)
  	Notify(SharpMUSH.Library.Models.SharpThing: SharpMUSH.Library.Models.SharpThing, *MarkupString.MarkupStringModule+MarkupString: OemitTestMsg_b3d3016078044d55a70ee4cc525a900c*, SharpMUSH.Library.Models.SharpPlayer: SharpMUSH.Library.Models.SharpPlayer, *Announce*)
  	Notify(SharpMUSH.Library.Models.SharpThing: SharpMUSH.Library.Models.SharpThing, *MarkupString.MarkupStringModule+MarkupString: OemitTestMsg_b3d3016078044d55a70ee4cc525a900c*, SharpMUSH.Library.Models.SharpPlayer: SharpMUSH.Library.Models.SharpPlayer, *Announce*)
  	Notify(SharpMUSH.Library.Models.SharpPlayer: SharpMUSH.Library.Models.SharpPlayer, *MarkupString.MarkupStringModule+MarkupString: OemitTestMsg_b3d3016078044d55a70ee4cc525a900c*, SharpMUSH.Library.Models.SharpPlayer: SharpMUSH.Library.Models.SharpPlayer, *Announce*)
  	Notify(SharpMUSH.Library.Models.SharpPlayer: SharpMUSH.Library.Models.SharpPlayer, *MarkupString.MarkupStringModule+MarkupString: OemitTestMsg_b3d3016078044d55a70ee4cc525a900c*, SharpMUSH.Library.Models.SharpPlayer: SharpMUSH.Library.Models.SharpPlayer, *Announce*)
  	Notify(SharpMUSH.Library.Models.SharpPlayer: SharpMUSH.Library.Models.SharpPlayer, *MarkupString.MarkupStringModule+MarkupString: OemitTestMsg_b3d3016078044d55a70ee4cc525a900c*, SharpMUSH.Library.Models.SharpPlayer: SharpMUSH.Library.Models.SharpPlayer, *Announce*)
  	Notify(SharpMUSH.Library.Models.SharpPlayer: SharpMUSH.Library.Models.SharpPlayer, *System.String: Created MsgNoisy_1774909473234_1871 (#19:1774909473250).*, <null>, *Announce*)
  	Notify(SharpMUSH.Library.Models.SharpPlayer: SharpMUSH.Library.Models.SharpPlayer, *System.String: Attribute TESTFORMAT_MSGNOISY_55193 SET.*, SharpMUSH.Library.Models.SharpThing: SharpMUSH.Library.Models.SharpThing, *Announce*)
  	Notify(SharpMUSH.Library.Models.SharpPlayer: SharpMUSH.Library.Models.SharpPlayer, *System.String: MsgNoisy_1774909473234_1871/TESTFORMAT_MSGNOISY_55193 - Set.*, <null>, *Announce*)
  	Notify(SharpMUSH.Library.Models.SharpThing: SharpMUSH.Library.Models.SharpThing, *MarkupString.MarkupStringModule+MarkupString: MessageNoisy_Value_55193*, SharpMUSH.Library.Models.SharpPlayer: SharpMUSH.Library.Models.SharpPlayer, *Announce*)
  	Notify(SharpMUSH.Library.Models.SharpPlayer: SharpMUSH.Library.Models.SharpPlayer, *System.String: Message sent to 1 recipient(s).*, <null>, *Announce*)
  	Notify(SharpMUSH.Library.Models.SharpPlayer: SharpMUSH.Library.Models.SharpPlayer, *System.String: Attribute REMIT_TEST_ATTR_MSG SET.*, SharpMUSH.Library.Models.SharpPlayer: SharpMUSH.Library.Models.SharpPlayer, *Announce*)
  	Notify(SharpMUSH.Library.Models.SharpPlayer: SharpMUSH.Library.Models.SharpPlayer, *System.String: God/REMIT_TEST_ATTR_MSG - Set.*, <null>, *Announce*)
  	Notify(SharpMUSH.Library.Models.SharpThing: SharpMUSH.Library.Models.SharpThing, *MarkupString.MarkupStringModule+MarkupString: RemitTestMsg_e0da7018ec6a4ca2805118160a83e6be*, SharpMUSH.Library.Models.SharpPlayer: SharpMUSH.Library.Models.SharpPlayer, *Announce*)
  	Notify(SharpMUSH.Library.Models.SharpThing: SharpMUSH.Library.Models.SharpThing, *MarkupString.MarkupStringModule+MarkupString: RemitTestMsg_e0da7018ec6a4ca2805118160a83e6be*, SharpMUSH.Library.Models.SharpPlayer: SharpMUSH.Library.Models.SharpPlayer, *Announce*)
  	Notify(SharpMUSH.Library.Models.SharpThing: SharpMUSH.Library.Models.SharpThing, *MarkupString.MarkupStringModule+MarkupString: RemitTestMsg_e0da7018ec6a4ca2805118160a83e6be*, SharpMUSH.Library.Models.SharpPlayer: SharpMUSH.Library.Models.SharpPlayer, *Announce*)
  	Notify(SharpMUSH.Library.Models.SharpThing: SharpMUSH.Library.Models.SharpThing, *MarkupString.MarkupStringModule+MarkupString: RemitTestMsg_e0da7018ec6a4ca2805118160a83e6be*, SharpMUSH.Library.Models.SharpPlayer: SharpMUSH.Library.Models.SharpPlayer, *Announce*)
  	Notify(SharpMUSH.Library.Models.SharpThing: SharpMUSH.Library.Models.SharpThing, *MarkupString.MarkupStringModule+MarkupString: RemitTestMsg_e0da7018ec6a4ca2805118160a83e6be*, SharpMUSH.Library.Models.SharpPlayer: SharpMUSH.Library.Models.SharpPlayer, *Announce*)
  	Notify(SharpMUSH.Library.Models.SharpThing: SharpMUSH.Library.Models.SharpThing, *MarkupString.MarkupStringModule+MarkupString: RemitTestMsg_e0da7018ec6a4ca2805118160a83e6be*, SharpMUSH.Library.Models.SharpPlayer: SharpMUSH.Library.Models.SharpPlayer, *Announce*)
  	Notify(SharpMUSH.Library.Models.SharpPlayer: SharpMUSH.Library.Models.SharpPlayer, *MarkupString.MarkupStringModule+MarkupString: RemitTestMsg_e0da7018ec6a4ca2805118160a83e6be*, SharpMUSH.Library.Models.SharpPlayer: SharpMUSH.Library.Models.SharpPlayer, *Announce*)
  	Notify(SharpMUSH.Library.Models.SharpPlayer: SharpMUSH.Library.Models.SharpPlayer, *MarkupString.MarkupStringModule+MarkupString: RemitTestMsg_e0da7018ec6a4ca2805118160a83e6be*, SharpMUSH.Library.Models.SharpPlayer: SharpMUSH.Library.Models.SharpPlayer, *Announce*)
  	Notify(SharpMUSH.Library.Models.SharpPlayer: SharpMUSH.Library.Models.SharpPlayer, *MarkupString.MarkupStringModule+MarkupString: RemitTestMsg_e0da7018ec6a4ca2805118160a83e6be*, SharpMUSH.Library.Models.SharpPlayer: SharpMUSH.Library.Models.SharpPlayer, *Announce*)
  	Notify(SharpMUSH.Library.Models.SharpPlayer: SharpMUSH.Library.Models.SharpPlayer, *MarkupString.MarkupStringModule+MarkupString: RemitTestMsg_e0da7018ec6a4ca2805118160a83e6be*, SharpMUSH.Library.Models.SharpPlayer: SharpMUSH.Library.Models.SharpPlayer, *Announce*)
  	Notify(SharpMUSH.Library.Models.SharpThing: SharpMUSH.Library.Models.SharpThing, *MarkupString.MarkupStringModule+MarkupString: RemitTestMsg_e0da7018ec6a4ca2805118160a83e6be*, SharpMUSH.Library.Models.SharpPlayer: SharpMUSH.Library.Models.SharpPlayer, *Announce*)
  	Notify(SharpMUSH.Library.Models.SharpThing: SharpMUSH.Library.Models.SharpThing, *MarkupString.MarkupStringModule+MarkupString: RemitTestMsg_e0da7018ec6a4ca2805118160a83e6be*, SharpMUSH.Library.Models.SharpPlayer: SharpMUSH.Library.Models.SharpPlayer, *Announce*)
  	Notify(SharpMUSH.Library.Models.SharpThing: SharpMUSH.Library.Models.SharpThing, *MarkupString.MarkupStringModule+MarkupString: RemitTestMsg_e0da7018ec6a4ca2805118160a83e6be*, SharpMUSH.Library.Models.SharpPlayer: SharpMUSH.Library.Models.SharpPlayer, *Announce*)
  	Notify(SharpMUSH.Library.Models.SharpThing: SharpMUSH.Library.Models.SharpThing, *MarkupString.MarkupStringModule+MarkupString: RemitTestMsg_e0da7018ec6a4ca2805118160a83e6be*, SharpMUSH.Library.Models.SharpPlayer: SharpMUSH.Library.Models.SharpPlayer, *Announce*)
  	Notify(SharpMUSH.Library.Models.SharpPlayer: SharpMUSH.Library.Models.SharpPlayer, *MarkupString.MarkupStringModule+MarkupString: RemitTestMsg_e0da7018ec6a4ca2805118160a83e6be*, SharpMUSH.Library.Models.SharpPlayer: SharpMUSH.Library.Models.SharpPlayer, *Announce*)
  	Notify(SharpMUSH.Library.Models.SharpPlayer: SharpMUSH.Library.Models.SharpPlayer, *MarkupString.MarkupStringModule+MarkupString: RemitTestMsg_e0da7018ec6a4ca2805118160a83e6be*, SharpMUSH.Library.Models.SharpPlayer: SharpMUSH.Library.Models.SharpPlayer, *Announce*)
  	Notify(SharpMUSH.Library.Models.SharpPlayer: SharpMUSH.Library.Models.SharpPlayer, *MarkupString.MarkupStringModule+MarkupString: RemitTestMsg_e0da7018ec6a4ca2805118160a83e6be*, SharpMUSH.Library.Models.SharpPlayer: SharpMUSH.Library.Models.SharpPlayer, *Announce*)
  	Notify(SharpMUSH.Library.Models.SharpPlayer: SharpMUSH.Library.Models.SharpPlayer, *MarkupString.MarkupStringModule+MarkupString: GOODBYE.*, <null>, *Announce*)
  	Notify(SharpMUSH.Library.Models.SharpPlayer: SharpMUSH.Library.Models.SharpPlayer, *System.String: 
  Goodbye from SharpMUSH!
  
  *, <null>, *Announce*)
  
[m[90m    at NSubstitute.Core.ReceivedCallsExceptionThrower.Throw(ICallSpecification callSpecification, IEnumerable`1 matchingCalls, IEnumerable`1 nonMatchingCalls, Quantity requiredQuantity)
    at NSubstitute.Routing.Handlers.CheckReceivedCallsHandler.Handle(ICall call)
    at NSubstitute.Proxies.CastleDynamicProxy.CastleForwardingInterceptor.Intercept(IInvocation invocation)
    at Castle.DynamicProxy.AbstractInvocation.Proceed()
    at Castle.Proxies.ObjectProxy_4.Notify(AnySharpObject who, OneOf`2 what, AnySharpObject sender, NotificationType type)
    at SharpMUSH.Tests.Commands.SocialCommandTests.SemiposeCommand() in /home/runner/work/SharpMUSH/SharpMUSH/SharpMUSH.Tests/Commands/SocialCommandTests.cs:54[90m
[m[31mfailed[m SayCommand [90m(24ms)[m
[31m  TUnit.Engine.Exceptions.TestFailedException: [Test Failure] ReceivedCallsException: Expected to receive a call matching:
  	Notify(any AnySharpObject, msg => (MessageContains(msg, "You say,") AndAlso MessageContains(msg, "Hello world")), any AnySharpObject, Say)
  Actually received no matching calls.
  Received 1311 non-matching calls (non-matching arguments indicated with '*' characters):
  	Notify(SharpMUSH.Library.Models.SharpPlayer: SharpMUSH.Library.Models.SharpPlayer, *System.String: Invalid password.*, <null>, *Announce*)
  	Notify(SharpMUSH.Library.Models.SharpPlayer: SharpMUSH.Library.Models.SharpPlayer, *System.String: SHUTDOWN initiated.*, <null>, *Announce*)
  	Notify(SharpMUSH.Library.Models.SharpPlayer: SharpMUSH.Library.Models.SharpPlayer, *System.String: Note: SharpMUSH runs as a web application. Traditional shutdown is not applicable.*, <null>, *Announce*)
  	Notify(SharpMUSH.Library.Models.SharpPlayer: SharpMUSH.Library.Models.SharpPlayer, *System.String: In cloud/container deployments, use your orchestration tools to manage server lifecycle.*, <null>, *Announce*)
  	Notify(SharpMUSH.Library.Models.SharpPlayer: SharpMUSH.Library.Models.SharpPlayer, *System.String: Database state is preserved automatically. No explicit save is needed.*, <null>, *Announce*)
  	Notify(SharpMUSH.Library.Models.SharpPlayer: SharpMUSH.Library.Models.SharpPlayer, *System.String: You must specify an object to restart.*, <null>, *Announce*)
  	Notify(SharpMUSH.Library.Models.SharpPlayer: SharpMUSH.Library.Models.SharpPlayer, *System.String: Purge complete. 0 objects advanced to GOING_TWICE. 0 objects marked for final deletion.*, <null>, *Announce*)
  	Notify(SharpMUSH.Library.Models.SharpPlayer: SharpMUSH.Library.Models.SharpPlayer, *System.String: Note: Actual object deletion is handled by background garbage collection in SharpMUSH.*, <null>, *Announce*)
  	Notify(SharpMUSH.Library.Models.SharpPlayer: SharpMUSH.Library.Models.SharpPlayer, *System.String: I don't see that here.*, SharpMUSH.Library.Models.SharpPlayer: SharpMUSH.Library.Models.SharpPlayer, *Announce*)
  	Notify(SharpMUSH.Library.Models.SharpPlayer: SharpMUSH.Library.Models.SharpPlayer, *System.String: Reindexing text files...*, <null>, *Announce*)
  	Notify(SharpMUSH.Library.Models.SharpPlayer: SharpMUSH.Library.Models.SharpPlayer, *System.String: Text file cache rebuilt in 21ms.*, <null>, *Announce*)
  	Notify(SharpMUSH.Library.Models.SharpPlayer: SharpMUSH.Library.Models.SharpPlayer, *System.String: I don't see that here.*, SharpMUSH.Library.Models.SharpPlayer: SharpMUSH.Library.Models.SharpPlayer, *Announce*)
  	Notify(SharpMUSH.Library.Models.SharpPlayer: SharpMUSH.Library.Models.SharpPlayer, *System.String: I don't see that here.*, SharpMUSH.Library.Models.SharpPlayer: SharpMUSH.Library.Models.SharpPlayer, *Announce*)
  	Notify(SharpMUSH.Library.Models.SharpPlayer: SharpMUSH.Library.Models.SharpPlayer, *System.String: COMMANDS:
    ]
    @@
    @ALLHALT
    @ALLQUOTA
    @ASSERT
    @ATRCHOWN
    @ATRLOCK
    @ATTRIBUTE
    @BOOT
    @BREAK
    @CEMIT
    @CHANNEL
    @CHAT
    @CHOWN
    @CHOWNALL
    @CHZONE
    @CHZONEALL
    @CLIST
    @CLOCK
    @CLONE
    @COMMAND
    @CONFIG
    @CPATTR
    @CREATE
    @DBCK
    @DECOMPILE
    @DESTROY
    @DIG
    @DISABLE
    @DOLIST
    @DRAIN
    @DUMP
    @EDIT
    @ELOCK
    @EMIT
    @ENABLE
    @ENTRANCES
    @EUNLOCK
    @FIND
    @FIRSTEXIT
    @FLAG
    @FORCE
    @FUNCTION
    @GREP
    @HALT
    @HIDE
    @HOOK
    @HTTP
    @IFELSE
    @INCLUDE
    @KICK
    @LEMIT
    @LINK
    @LIST
    @LISTMOTD
    @LOCK
    @LOG
    @LOGWIPE
    @LSET
    @MAIL
    @MALIAS
    @MAP
    @MAPSQL
    @MESSAGE
    @MONIKER
    @MOTD
    @MVATTR
    @NAME
    @NEWPASSWORD
    @NOTIFY
    @NSCEMIT
    @NSEMIT
    @NSLEMIT
    @NSOEMIT
    @NSPEMIT
    @NSPROMPT
    @NSREMIT
    @NSZEMIT
    @NUKE
    @OEMIT
    @OPEN
    @PARENT
    @PASSWORD
    @PCREATE
    @PEMIT
    @POLL
    @POOR
    @POWER
    @PROMPT
    @PS
    @PURGE
    @QUOTA
    @READCACHE
    @RECYCLE
    @REJECTMOTD
    @REMIT
    @RESPOND
    @RESTART
    @RETRY
    @RWALL
    @SCAN
    @SEARCH
    @SELECT
    @SET
    @SHUTDOWN
    @SITELOCK
    @SKIP
    @SLAVE
    @SOCKSET
    @SQL
    @SQUOTA
    @STATS
    @SUGGEST
    @SWEEP
    @SWITCH
    @TELEPORT
    @TRIGGER
    @ULOCK
    @UNDESTROY
    @UNLINK
    @UNLOCK
    @UNRECYCLE
    @UPTIME
    @UUNLOCK
    @VERB
    @VERSION
    @WAIT
    @WALL
    @WARNINGS
    @WCHECK
    @WHEREIS
    @WIPE
    @WIZMOTD
    @WIZWALL
    @ZEMIT
    &
    ADDCOM
    AHELP
    ANEWS
    BRIEF
    BUY
    COMLIST
    COMTITLE
    CONNECT
    DELCOM
    DESERT
    DISMISS
    DOING
    DROP
    EMPTY
    ENTER
    EXAMINE
    FOLLOW
    GET
    GIVE
    GOTO
    HELP
    HOME
    HUH_COMMAND
    INVENTORY
    LEAVE
    LOOK
    NEWS
    PAGE
    POSE
    QUIT
    SAY
    SCORE
    SEMIPOSE
    SESSION
    TEACH
    THINK
    UNFOLLOW
    UNIMPLEMENTED_COMMAND
    USE
    WARN_ON_MISSING
    WHISPER
    WHO
    WITH*, <null>, *Announce*)
  	Notify(SharpMUSH.Library.Models.SharpPlayer: SharpMUSH.Library.Models.SharpPlayer, *System.String: LOCK TYPES:
    BASIC
    CHOWN
    CHZONE
    COMMAND
    CONTROL
    DESTROY
    DROP
    DROPIN
    DROPTO
    ENTER
    EXAMINE
    FILTER
    FOLLOW
    FORWARD
    FROM
    GIVE
    INFILTER
    INTERACT
    LEAVE
    LINK
    LISTEN
    MAIL
    MAILFORWARD
    OPEN
    PAGE
    PARENT
    PAY
    RECEIVE
    SPEECH
    TAKE
    TPORT
    USE
    ZONE*, <null>, *Announce*)
  	Notify(SharpMUSH.Library.Models.SharpPlayer: SharpMUSH.Library.Models.SharpPlayer, *System.String: OBJECT POWERS:
  NAME                 ALIAS              TYPE RESTRICTIONS
  -------------------- ------------------ -------------------
  Announce                                ROOM,PLAYER,EXIT,THING
  Boot                                    ROOM,PLAYER,EXIT,THING
  Builder                                 ROOM,PLAYER,EXIT,THING
  Can_Dark                                PLAYER
  Can_HTTP                                ROOM,PLAYER,EXIT,THING
  Can_Spoof                               ROOM,PLAYER,EXIT,THING
  Chat_Privs                              ROOM,PLAYER,EXIT,THING
  Debit                                   ROOM,PLAYER,EXIT,THING
  Functions                               ROOM,PLAYER,EXIT,THING
  Guest                                   ROOM,PLAYER,EXIT,THING
  Halt                                    ROOM,PLAYER,EXIT,THING
  Hide                                    ROOM,PLAYER,EXIT,THING
  Hook                                    ROOM,PLAYER,EXIT,THING
  Idle                                    ROOM,PLAYER,EXIT,THING
  Immortal                                ROOM,PLAYER,EXIT,THING
  Link_Anywhere                           ROOM,PLAYER,EXIT,THING
  Login                                   ROOM,PLAYER,EXIT,THING
  Long_Fingers                            ROOM,PLAYER,EXIT,THING
  Many_Attribs                            ROOM,PLAYER,EXIT,THING
  No_Pay                                  ROOM,PLAYER,EXIT,THING
  No_Quota                                ROOM,PLAYER,EXIT,THING
  Open_Anywhere                           ROOM,PLAYER,EXIT,THING
  Pemit_All                               ROOM,PLAYER,EXIT,THING
  Pick_DBRefs                             ROOM,PLAYER,EXIT,THING
  Player_Create                           ROOM,PLAYER,EXIT,THING
  Poll                                    ROOM,PLAYER,EXIT,THING
  Pueblo_Send                             ROOM,PLAYER,EXIT,THING
  Queue                                   ROOM,PLAYER,EXIT,THING
  Search                                  ROOM,PLAYER,EXIT,THING
  See_All                                 ROOM,PLAYER,EXIT,THING
  See_Queue                               ROOM,PLAYER,EXIT,THING
  See_OOB                                 ROOM,PLAYER,EXIT,THING
  SQL_OK                                  ROOM,PLAYER,EXIT,THING
  Tport_Anything                          ROOM,PLAYER,EXIT,THING
  Tport_Anywhere                          ROOM,PLAYER,EXIT,THING
  Unkillable                              ROOM,PLAYER,EXIT,THING*, <null>, *Announce*)
  	Notify(SharpMUSH.Library.Models.SharpPlayer: SharpMUSH.Library.Models.SharpPlayer, *System.String: Object Flags:
  name                 symbol type restrictions
  -------------------- ------ -------------------
  wizard               w      room,player,exit,thing
  abode                a      room
  ansi                 a      player
  chown_ok             c      room,player,thing
  color                c      player
  dark                 d      room,player,exit,thing
  fixed                f      player
  floating             f      room
  haven                h      player
  trust                i      room,player,exit,thing
  judge                j      player
  jump_ok              j      room
  link_ok              l      room,player,exit,thing
  monitor              m      room,player,thing
  no_leave             n      thing
  no_tel               n      room
  opaque               o      room,player,exit,thing
  quiet                q      room,player,exit,thing
  unfindable           u      room,player,exit,thing
  visual               v      room,player,exit,thing
  safe                 x      room,player,exit,thing
  shared               z      player
  z_tel                z      room,thing
  listen_parent        ^      player,thing,room
  noaccents            ~      player,thing,room
  unregistered         ?      player
  nospoof              "      room,player,exit,thing
  audible              a      room,player,exit,thing
  debug                b      room,player,exit,thing
  destroy_ok           d      thing
  enter_ok             e      room,player,exit,thing
  gagged               g      player
  halt                 h      room,player,exit,thing
  orphan               i      room,player,exit,thing
  jury_ok              j      player
  keepalive            k      player
  light                l      room,player,exit,thing
  mistrust             m      player,exit,thing
  mistrust             m      player,exit,thing
  no_command           n      room,player,exit,thing
  on_vacation          o      player
  puppet               p      thing
  royalty              r      room,player,exit,thing
  suspect              s      room,player,exit,thing
  transparent          t      room,player,exit,thing
  verbose              v      room,player,exit,thing
  no_warn              w      room,player,exit,thing
  cloudy               x      exit
  chan_usefirstmatch          room,player,exit,thing
  hear_connect                player
  heavy                       room,player,exit,thing
  loud                        player
  no_log                      player
  paranoid                    player
  track_money                 player
  xterm256                    player
  moniker                     room,player,exit,thing
  open_ok                     room
  going                g      room,player,exit,thing
  going_twice                 room,player,exit,thing*, <null>, *Announce*)
  	Notify(SharpMUSH.Library.Models.SharpPlayer: SharpMUSH.Library.Models.SharpPlayer, *System.String: You must specify what to list. Use one of: /MOTD /FUNCTIONS /COMMANDS /ATTRIBS /LOCKS /FLAGS /POWERS /ALLOCATIONS*, <null>, *Announce*)
  	Notify(SharpMUSH.Library.Models.SharpPlayer: SharpMUSH.Library.Models.SharpPlayer, *System.String: FUNCTIONS:
    @@
    abs
    accent
    accname
    acos
    add
    addrlog
    after
    alias
    align
    allof
    alphamax
    alphamin
    and
    andflags
    andlflags
    andlpowers
    ansi
    aposs
    art
    asin
    atan
    atan2
    atrlock
    attrib_set
    attrib_set#
    band
    baseconv
    beep
    before
    benchmark
    bnand
    bnot
    bor
    bound
    brackets
    bxor
    cand
    capstr
    case
    caseall
    cat
    cbuffer
    cbufferadd
    cdesc
    ceil
    cemit
    center
    cflags
    channels
    checkpass
    children
    chr
    CINFO
    clflags
    clock
    clone
    cmds
    cmogrifier
    cmsgs
    cnand
    colors
    comp
    con
    cond
    condall
    CONFIG
    conn
    connlog
    connrecord
    controls
    CONVSECS
    CONVTIME
    CONVUTCSECS
    CONVUTCTIME
    cor
    cos
    cowner
    create
    crecall
    csecs
    cstatus
    ctime
    ctitle
    ctu
    cusers
    cwho
    dec
    decode64
    decompose
    decomposeweb
    decrypt
    default
    DELETE
    die
    dig
    digest
    dist2d
    dist3d
    div
    doing
    downmotd
    e
    edefault
    edit
    elements
    elist
    elock
    emit
    encode64
    encrypt
    endtag
    entrances
    eq
    escape
    etime
    etimefmt
    eval
    exit
    extract
    fdiv
    filter
    filterbool
    findable
    first
    firstof
    flags
    flip
    floor
    floordiv
    fmod
    fn
    fold
    folderstats
    followers
    following
    foreach
    formdecode
    fraction
    fullalias
    fullmotd
    fullname
    functions
    get
    get_eval
    getpids
    grab
    graball
    grep
    grepi
    gt
    gte
    hasattr
    hasattrp
    hasattrpval
    hasattrval
    hasflag
    haspower
    hastype
    height
    hidden
    hmac
    home
    host
    html
    ibreak
    idle
    IDLESECS
    if
    ifelse
    ilev
    iname
    inc
    index
    INSERT
    inum
    ipaddr
    isdaylight
    isdbref
    isint
    isjson
    isnum
    isobjid
    isregexp
    isword
    itemize
    items
    iter
    itext
    json
    json_map
    json_mod
    json_query
    lalign
    last
    lattr
    lattrp
    lcon
    lcstr
    LCSTR2
    ldelete
    left
    lemit
    letq
    lexits
    lflags
    link
    linsert
    list
    listq
    lit
    ljust
    llockflags
    llocks
    lmath
    ln
    lnum
    loc
    localize
    locate
    lock
    lockfilter
    lockflags
    lockowner
    locks
    log
    lparent
    lpids
    lplayers
    lports
    lpos
    lreplace
    lsearch
    lsearchr
    lset
    lstats
    lt
    lte
    lthings
    lvcon
    lvexits
    lvplayers
    lvthings
    lwho
    lwhoid
    mail
    maildstats
    mailfrom
    mailfstats
    maillist
    mailsend
    mailstats
    mailstatus
    mailsubject
    mailtime
    malias
    map
    mapsql
    match
    matchall
    max
    mean
    median
    member
    merge
    message
    mid
    min
    mix
    modulo
    money
    moniker
    motd
    msecs
    mtime
    mudname
    mudurl
    mul
    munge
    mwho
    mwhoid
    name
    namegrab
    namegraball
    namelist
    nand
    nattr
    nattrp
    ncand
    nchildren
    ncon
    ncond
    ncondall
    ncor
    nearby
    neq
    nexits
    next
    nextdbref
    nlsearch
    nmwho
    nor
    not
    nplayers
    nscemit
    nsearch
    nsemit
    nslemit
    nsoemit
    nspemit
    nsprompt
    nsremit
    nszemit
    nthings
    null
    num
    numversion
    nvcon
    nvexits
    nvplayers
    nvthings
    nwho
    obj
    objeval
    objid
    objmem
    oemit
    oob
    open
    or
    ord
    ORDINAL
    orflags
    orlflags
    orlpowers
    owner
    parent
    pcreate
    pemit
    pfun
    pgrep
    pi
    pidinfo
    player
    playermem
    pmatch
    poll
    ports
    pos
    poss
    power
    powers
    prompt
    pueblo
    quota
    r
    rand
    randextract
    randword
    recv
    regedit
    regeditall
    regeditalli
    regediti
    registers
    reglattr
    reglattrp
    reglmatch
    reglmatchall
    reglmatchalli
    reglmatchi
    regmatch
    regmatchalli
    regmatchi
    regnattr
    regnattrp
    regrab
    regraball
    regraballi
    regrabi
    regrep
    regrepi
    REGREPLACE
    regxattr
    regxattrp
    remainder
    remit
    remove
    render
    rendermarkdown
    rendermarkdowncustom
    repeat
    rest
    restarts
    restarttime
    reswitch
    reswitchall
    reswitchalli
    reswitchi
    revwords
    right
    rjust
    rloc
    RNUM
    room
    root
    round
    s
    scan
    scramble
    secs
    secscalc
    secure
    sent
    set
    setdiff
    setinter
    setq
    setr
    setsymdiff
    setunion
    SHA0
    shl
    shr
    shuffle
    sign
    sin
    slev
    sort
    sortby
    sortkey
    soundex
    soundslike
    space
    speak
    spellnum
    splice
    sql
    sqlescape
    sqrt
    squish
    ssl
    starttime
    stddev
    step
    stext
    strallof
    strcat
    strdelete
    strfirstof
    stringsecs
    strinsert
    stripaccents
    stripansi
    strlen
    strmatch
    strreplace
    sub
    subj
    suggest
    switch
    switchall
    t
    table
    tag
    tagwrap
    tan
    tel
    terminfo
    testlock
    textentries
    textfile
    textsearch
    time
    timecalc
    timefmt
    timestring
    tr
    trim
    trimpenn
    trimtiny
    trunc
    type
    ucstr
    UCSTR2
    udefault
    ufun
    ulambda
    uldefault
    ulocal
    unique
    unsetq
    uptime
    urldecode
    urlencode
    utctime
    v
    vadd
    valid
    vcross
    vdim
    vdot
    version
    visible
    vmag
    vmax
    vmin
    vmul
    vsub
    vunit
    WEBSOCKET_HTML
    WEBSOCKET_JSON
    where
    width
    wildgrep
    wildgrepi
    wipe
    wizmotd
    wordpos
    words
    wrap
    wshtml
    wsjson
    xattr
    xattrp
    xcon
    xexits
    xget
    xmwho
    xmwhoid
    xor
    xplayers
    xthings
    xvcon
    xvexits
    xvplayers
    xvthings
    xwho
    xwhoid
    zemit
    zfind
    zfun
    zmwho
    zone
    zwho*, <null>, *Announce*)
  	Notify(SharpMUSH.Library.Models.SharpPlayer: SharpMUSH.Library.Models.SharpPlayer, *System.String: Current Message of the Day settings:*, <null>, *Announce*)
  	Notify(SharpMUSH.Library.Models.SharpPlayer: SharpMUSH.Library.Models.SharpPlayer, *System.String:   Connect MOTD File: txt/motd.txt*, <null>, *Announce*)
  	Notify(SharpMUSH.Library.Models.SharpPlayer: SharpMUSH.Library.Models.SharpPlayer, *System.String:   Connect MOTD HTML: txt/motd.html*, <null>, *Announce*)
  	Notify(SharpMUSH.Library.Models.SharpPlayer: SharpMUSH.Library.Models.SharpPlayer, *System.String:   Wizard MOTD File: txt/wizmotd.txt*, <null>, *Announce*)
  	Notify(SharpMUSH.Library.Models.SharpPlayer: SharpMUSH.Library.Models.SharpPlayer, *System.String:   Wizard MOTD HTML: txt/wizmotd.html*, <null>, *Announce*)
  	Notify(SharpMUSH.Library.Models.SharpPlayer: SharpMUSH.Library.Models.SharpPlayer, *System.String: STANDARD ATTRIBUTES:
    AAHEAR
    ABUY
    ACLONE
    ACONNECT
    ADEATH
    ADESCRIBE
    ADESTROY
    ADISCONNECT
    ADROP
    AEFAIL
    AENTER
    AFAILURE
    AFOLLOW
    AGIVE
    AHEAR
    AIDESCRIBE
    ALEAVE
    ALFAIL
    ALIAS
    AMAIL
    AMHEAR
    AMOVE
    ANAME
    APAYMENT
    ARECEIVE
    ASUCCESS
    ATPORT
    AUFAIL
    AUNFOLLOW
    AUSE
    AWAY
    AZENTER
    AZLEAVE
    BUY
    CHANALIAS
    CHARGES
    CHATFORMAT
    COMMENT
    CONFORMAT
    COST
    DEATH
    DEBUGFORWARDLIST
    DESCFORMAT
    DESCRIBE
    DESTINATION
    DOING
    DROP
    EALIAS
    EFAIL
    ENTER
    EXITFORMAT
    EXITTO
    FAILURE
    FILTER
    FOLLOW
    FOLLOWERS
    FOLLOWING
    FORWARDLIST
    GIVE
    HAVEN
    IDESCFORMAT
    IDESCRIBE
    IDLE
    INFILTER
    INPREFIX
    INVFORMAT
    LALIAS
    LAST
    LASTFAILED
    LASTIP
    LASTLOGOUT
    LASTPAGED
    LASTSITE
    LEAVE
    LFAIL
    LISTEN
    MAILCURF
    MAILFILTER
    MAILFILTERS
    MAILFOLDERS
    MAILFORWARDLIST
    MAILQUOTA
    MAILSIGNATURE
    MONIKER
    MOVE
    NAMEACCENT
    NAMEFORMAT
    OBUY
    ODEATH
    ODESCRIBE
    ODROP
    OEFAIL
    OENTER
    OFAILURE
    OFOLLOW
    OGIVE
    OIDESCRIBE
    OLEAVE
    OLFAIL
    OMOVE
    ONAME
    OPAYMENT
    ORECEIVE
    OSUCCESS
    OTPORT
    OUFAIL
    OUNFOLLOW
    OUSE
    OUTPAGEFORMAT
    OXENTER
    OXLEAVE
    OXMOVE
    OXTPORT
    OZENTER
    OZLEAVE
    PAGEFORMAT
    PAYMENT
    PREFIX
    PRICELIST
    QUEUE
    RECEIVE
    REGISTERED_EMAIL
    RQUOTA
    RUNOUT
    SEMAPHORE
    SEX
    SPEECHMOD
    STARTUP
    SUCCESS
    TFPREFIX
    TPORT
    TZ
    UFAIL
    UNFOLLOW
    USE
    VA
    VB
    VC
    VD
    VE
    VF
    VG
    VH
    VI
    VJ
    VK
    VL
    VM
    VN
    VO
    VP
    VQ
    VR
    VRML_URL
    VS
    VT
    VU
    VV
    VW
    VX
    VY
    VZ
    WA
    WB
    WC
    WD
    WE
    WF
    WG
    WH
    WI
    WJ
    WK
    WL
    WM
    WN
    WO
    WP
    WQ
    WR
    WS
    WT
    WU
    WV
    WW
    WX
    WY
    WZ
    XA
    XB
    XC
    XD
    XE
    XF
    XG
    XH
    XI
    XJ
    XK
    XL
    XM
    XN
    XO
    XP
    XQ
    XR
    XS
    XT
    XU
    XV
    XW
    XX
    XY
    XZ
    ZENTER*, <null>, *Announce*)
  	Notify(SharpMUSH.Library.Models.SharpPlayer: SharpMUSH.Library.Models.SharpPlayer, *System.String: OBJECT FLAGS:
  NAME                 SYMBOL TYPE RESTRICTIONS
  -------------------- ------ -------------------
  WIZARD               W      ROOM,PLAYER,EXIT,THING
  ABODE                A      ROOM
  ANSI                 A      PLAYER
  CHOWN_OK             C      ROOM,PLAYER,THING
  COLOR                C      PLAYER
  DARK                 D      ROOM,PLAYER,EXIT,THING
  FIXED                F      PLAYER
  FLOATING             F      ROOM
  HAVEN                H      PLAYER
  TRUST                I      ROOM,PLAYER,EXIT,THING
  JUDGE                J      PLAYER
  JUMP_OK              J      ROOM
  LINK_OK              L      ROOM,PLAYER,EXIT,THING
  MONITOR              M      ROOM,PLAYER,THING
  NO_LEAVE             N      THING
  NO_TEL               N      ROOM
  OPAQUE               O      ROOM,PLAYER,EXIT,THING
  QUIET                Q      ROOM,PLAYER,EXIT,THING
  UNFINDABLE           U      ROOM,PLAYER,EXIT,THING
  VISUAL               V      ROOM,PLAYER,EXIT,THING
  SAFE                 X      ROOM,PLAYER,EXIT,THING
  SHARED               Z      PLAYER
  Z_TEL                Z      ROOM,THING
  LISTEN_PARENT        ^      PLAYER,THING,ROOM
  NOACCENTS            ~      PLAYER,THING,ROOM
  UNREGISTERED         ?      PLAYER
  NOSPOOF              "      ROOM,PLAYER,EXIT,THING
  AUDIBLE              a      ROOM,PLAYER,EXIT,THING
  DEBUG                b      ROOM,PLAYER,EXIT,THING
  DESTROY_OK           d      THING
  ENTER_OK             e      ROOM,PLAYER,EXIT,THING
  GAGGED               g      PLAYER
  HALT                 h      ROOM,PLAYER,EXIT,THING
  ORPHAN               i      ROOM,PLAYER,EXIT,THING
  JURY_OK              j      PLAYER
  KEEPALIVE            k      PLAYER
  LIGHT                l      ROOM,PLAYER,EXIT,THING
  MISTRUST             m      PLAYER,EXIT,THING
  MISTRUST             m      PLAYER,EXIT,THING
  NO_COMMAND           n      ROOM,PLAYER,EXIT,THING
  ON_VACATION          o      PLAYER
  PUPPET               P      THING
  ROYALTY              r      ROOM,PLAYER,EXIT,THING
  SUSPECT              s      ROOM,PLAYER,EXIT,THING
  TRANSPARENT          t      ROOM,PLAYER,EXIT,THING
  VERBOSE              v      ROOM,PLAYER,EXIT,THING
  NO_WARN              w      ROOM,PLAYER,EXIT,THING
  CLOUDY               x      EXIT
  CHAN_USEFIRSTMATCH          ROOM,PLAYER,EXIT,THING
  HEAR_CONNECT                PLAYER
  HEAVY                       ROOM,PLAYER,EXIT,THING
  LOUD                        PLAYER
  NO_LOG                      PLAYER
  PARANOID                    PLAYER
  TRACK_MONEY                 PLAYER
  XTERM256                    PLAYER
  MONIKER                     ROOM,PLAYER,EXIT,THING
  OPEN_OK                     ROOM
  GOING                g      ROOM,PLAYER,EXIT,THING
  GOING_TWICE                 ROOM,PLAYER,EXIT,THING*, <null>, *Announce*)
  	Notify(SharpMUSH.Library.Models.SharpPlayer: SharpMUSH.Library.Models.SharpPlayer, *System.String: You have no channel aliases.*, <null>, *Announce*)
  	Notify(SharpMUSH.Library.Models.SharpPlayer: SharpMUSH.Library.Models.SharpPlayer, *MarkupString.MarkupStringModule+MarkupString: <TestCommandChannel> ChatCommand: Test message*, SharpMUSH.Library.Models.SharpPlayer: SharpMUSH.Library.Models.SharpPlayer, *Emit*)
  	Notify(SharpMUSH.Library.Models.SharpPlayer: SharpMUSH.Library.Models.SharpPlayer, *MarkupString.MarkupStringModule+MarkupString: <TestCommandChannel> ChatCommand: Test message*, SharpMUSH.Library.Models.SharpPlayer: SharpMUSH.Library.Models.SharpPlayer, *Emit*)
  	Notify(SharpMUSH.Library.Models.SharpPlayer: SharpMUSH.Library.Models.SharpPlayer, *MarkupString.MarkupStringModule+MarkupString: <TestCommandChannel> ChatCommand: Test message*, SharpMUSH.Library.Models.SharpPlayer: SharpMUSH.Library.Models.SharpPlayer, *Emit*)
  	Notify(SharpMUSH.Library.Models.SharpPlayer: SharpMUSH.Library.Models.SharpPlayer, *System.String: Alias 'TestCommandChannel' not found.*, <null>, *Announce*)
  	Notify(SharpMUSH.Library.Models.SharpPlayer: SharpMUSH.Library.Models.SharpPlayer, *MarkupString.MarkupStringModule+MarkupString: <TestCommandChannel> God says, "NscemitCommand: Test message"*, SharpMUSH.Library.Models.SharpPlayer: SharpMUSH.Library.Models.SharpPlayer, *NSEmit*)
  	Notify(SharpMUSH.Library.Models.SharpPlayer: SharpMUSH.Library.Models.SharpPlayer, *MarkupString.MarkupStringModule+MarkupString: <TestCommandChannel> God says, "NscemitCommand: Test message"*, SharpMUSH.Library.Models.SharpPlayer: SharpMUSH.Library.Models.SharpPlayer, *NSEmit*)
  	Notify(SharpMUSH.Library.Models.SharpPlayer: SharpMUSH.Library.Models.SharpPlayer, *MarkupString.MarkupStringModule+MarkupString: <TestCommandChannel> God says, "NscemitCommand: Test message"*, SharpMUSH.Library.Models.SharpPlayer: SharpMUSH.Library.Models.SharpPlayer, *NSEmit*)
  	Notify(SharpMUSH.Library.Models.SharpPlayer: SharpMUSH.Library.Models.SharpPlayer, *MarkupString.MarkupStringModule+MarkupString: <TestCommandChannel> God says, "NscemitCommand: Test message"*, SharpMUSH.Library.Models.SharpPlayer: SharpMUSH.Library.Models.SharpPlayer, *NSEmit*)
  	Notify(SharpMUSH.Library.Models.SharpPlayer: SharpMUSH.Library.Models.SharpPlayer, *MarkupString.MarkupStringModule+MarkupString: <TestCommandChannel> God says, "NscemitCommand: Test message"*, SharpMUSH.Library.Models.SharpPlayer: SharpMUSH.Library.Models.SharpPlayer, *NSEmit*)
  	Notify(SharpMUSH.Library.Models.SharpPlayer: SharpMUSH.Library.Models.SharpPlayer, *MarkupString.MarkupStringModule+MarkupString: <TestCommandChannel> God says, "NscemitCommand: Test message"*, SharpMUSH.Library.Models.SharpPlayer: SharpMUSH.Library.Models.SharpPlayer, *NSEmit*)
  	Notify(SharpMUSH.Library.Models.SharpPlayer: SharpMUSH.Library.Models.SharpPlayer, *MarkupString.MarkupStringModule+MarkupString: <TestCommandChannel> God says, "NscemitCommand: Test message"*, SharpMUSH.Library.Models.SharpPlayer: SharpMUSH.Library.Models.SharpPlayer, *NSEmit*)
  	Notify(SharpMUSH.Library.Models.SharpPlayer: SharpMUSH.Library.Models.SharpPlayer, *System.String: Channel not found.*, <null>, *Announce*)
  	Notify(SharpMUSH.Library.Models.SharpPlayer: SharpMUSH.Library.Models.SharpPlayer, *MarkupString.MarkupStringModule+MarkupString: <TestCommandChannel> CemitCommand: Test message*, SharpMUSH.Library.Models.SharpPlayer: SharpMUSH.Library.Models.SharpPlayer, *Emit*)
  	Notify(SharpMUSH.Library.Models.SharpPlayer: SharpMUSH.Library.Models.SharpPlayer, *MarkupString.MarkupStringModule+MarkupString: <TestCommandChannel> CemitCommand: Test message*, SharpMUSH.Library.Models.SharpPlayer: SharpMUSH.Library.Models.SharpPlayer, *Emit*)
  	Notify(SharpMUSH.Library.Models.SharpPlayer: SharpMUSH.Library.Models.SharpPlayer, *MarkupString.MarkupStringModule+MarkupString: <TestCommandChannel> CemitCommand: Test message*, SharpMUSH.Library.Models.SharpPlayer: SharpMUSH.Library.Models.SharpPlayer, *Emit*)
  	Notify(SharpMUSH.Library.Models.SharpPlayer: SharpMUSH.Library.Models.SharpPlayer, *MarkupString.MarkupStringModule+MarkupString: <TestCommandChannel> CemitCommand: Test message*, SharpMUSH.Library.Models.SharpPlayer: SharpMUSH.Library.Models.SharpPlayer, *Emit*)
  	Notify(SharpMUSH.Library.Models.SharpPlayer: SharpMUSH.Library.Models.SharpPlayer, *MarkupString.MarkupStringModule+MarkupString: <TestCommandChannel> CemitCommand: Test message*, SharpMUSH.Library.Models.SharpPlayer: SharpMUSH.Library.Models.SharpPlayer, *Emit*)
  	Notify(SharpMUSH.Library.Models.SharpPlayer: SharpMUSH.Library.Models.SharpPlayer, *MarkupString.MarkupStringModule+MarkupString: <TestCommandChannel> CemitCommand: Test message*, SharpMUSH.Library.Models.SharpPlayer: SharpMUSH.Library.Models.SharpPlayer, *Emit*)
  	Notify(SharpMUSH.Library.Models.SharpPlayer: SharpMUSH.Library.Models.SharpPlayer, *MarkupString.MarkupStringModule+MarkupString: <TestCommandChannel> CemitCommand: Test message*, SharpMUSH.Library.Models.SharpPlayer: SharpMUSH.Library.Models.SharpPlayer, *Emit*)
  	Notify(SharpMUSH.Library.Models.SharpPlayer: SharpMUSH.Library.Models.SharpPlayer, *MarkupString.MarkupStringModule+MarkupString: <TestCommandChannel> CemitCommand: Test message*, SharpMUSH.Library.Models.SharpPlayer: SharpMUSH.Library.Models.SharpPlayer, *Emit*)
  	Notify(SharpMUSH.Library.Models.SharpPlayer: SharpMUSH.Library.Models.SharpPlayer, *MarkupString.MarkupStringModule+MarkupString: <TestCommandChannel> CemitCommand: Test message*, SharpMUSH.Library.Models.SharpPlayer: SharpMUSH.Library.Models.SharpPlayer, *Emit*)
  	Notify(SharpMUSH.Library.Models.SharpPlayer: SharpMUSH.Library.Models.SharpPlayer, *System.String: Alias 'pub' not found.*, <null>, *Announce*)
  	Notify(SharpMUSH.Library.Models.SharpPlayer: SharpMUSH.Library.Models.SharpPlayer, *System.String: *, <null>, *Announce*)
  	Notify(SharpMUSH.Library.Models.SharpPlayer: SharpMUSH.Library.Models.SharpPlayer, *System.String: -1*, <null>, *Announce*)
  	Notify(SharpMUSH.Library.Models.SharpPlayer: SharpMUSH.Library.Models.SharpPlayer, *System.String: -1*, <null>, *Announce*)
  	Notify(SharpMUSH.Library.Models.SharpPlayer: SharpMUSH.Library.Models.SharpPlayer, *System.String: -1*, <null>, *Announce*)
  	Notify(SharpMUSH.Library.Models.SharpPlayer: SharpMUSH.Library.Models.SharpPlayer, *System.String: -1*, <null>, *Announce*)
  	Notify(SharpMUSH.Library.Models.SharpPlayer: SharpMUSH.Library.Models.SharpPlayer, *System.String: -1*, <null>, *Announce*)
  	Notify(SharpMUSH.Library.Models.SharpPlayer: SharpMUSH.Library.Models.SharpPlayer, *System.String: -1*, <null>, *Announce*)
  	Notify(SharpMUSH.Library.Models.SharpPlayer: SharpMUSH.Library.Models.SharpPlayer, *System.String: -1*, <null>, *Announce*)
  	Notify(SharpMUSH.Library.Models.SharpPlayer: SharpMUSH.Library.Models.SharpPlayer, *System.String: -1*, <null>, *Announce*)
  	Notify(SharpMUSH.Library.Models.SharpPlayer: SharpMUSH.Library.Models.SharpPlayer, *System.String: -1*, <null>, *Announce*)
  	Notify(SharpMUSH.Library.Models.SharpPlayer: SharpMUSH.Library.Models.SharpPlayer, *System.String: -1*, <null>, *Announce*)
  	Notify(SharpMUSH.Library.Models.SharpPlayer: SharpMUSH.Library.Models.SharpPlayer, *System.String: -1*, <null>, *Announce*)
  	Notify(SharpMUSH.Library.Models.SharpPlayer: SharpMUSH.Library.Models.SharpPlayer, *System.String: -1*, <null>, *Announce*)
  	Notify(SharpMUSH.Library.Models.SharpPlayer: SharpMUSH.Library.Models.SharpPlayer, *System.String: -1*, <null>, *Announce*)
  	Notify(SharpMUSH.Library.Models.SharpPlayer: SharpMUSH.Library.Models.SharpPlayer, *System.String: -1*, <null>, *Announce*)
  	Notify(SharpMUSH.Library.Models.SharpPlayer: SharpMUSH.Library.Models.SharpPlayer, *System.String: -1*, <null>, *Announce*)
  	Notify(SharpMUSH.Library.Models.SharpPlayer: SharpMUSH.Library.Models.SharpPlayer, *System.String: -1*, <null>, *Announce*)
  	Notify(SharpMUSH.Library.Models.SharpPlayer: SharpMUSH.Library.Models.SharpPlayer, *System.String: -1*, <null>, *Announce*)
  	Notify(SharpMUSH.Library.Models.SharpPlayer: SharpMUSH.Library.Models.SharpPlayer, *System.String: -1*, <null>, *Announce*)
  	Notify(SharpMUSH.Library.Models.SharpPlayer: SharpMUSH.Library.Models.SharpPlayer, *System.String: -1*, <null>, *Announce*)
  	Notify(SharpMUSH.Library.Models.SharpPlayer: SharpMUSH.Library.Models.SharpPlayer, *System.String: -1*, <null>, *Announce*)
  	Notify(SharpMUSH.Library.Models.SharpPlayer: SharpMUSH.Library.Models.SharpPlayer, *System.String: -1*, <null>, *Announce*)
  	Notify(SharpMUSH.Library.Models.SharpPlayer: SharpMUSH.Library.Models.SharpPlayer, *System.String: -1*, <null>, *Announce*)
  	Notify(SharpMUSH.Library.Models.SharpPlayer: SharpMUSH.Library.Models.SharpPlayer, *System.String: -1*, <null>, *Announce*)
  	Notify(SharpMUSH.Library.Models.SharpPlayer: SharpMUSH.Library.Models.SharpPlayer, *System.String: -1*, <null>, *Announce*)
  	Notify(SharpMUSH.Library.Models.SharpPlayer: SharpMUSH.Library.Models.SharpPlayer, *System.String: -1*, <null>, *Announce*)
  	Notify(SharpMUSH.Library.Models.SharpPlayer: SharpMUSH.Library.Models.SharpPlayer, *System.String: -1*, <null>, *Announce*)
  	Notify(SharpMUSH.Library.Models.SharpPlayer: SharpMUSH.Library.Models.SharpPlayer, *System.String: -1*, <null>, *Announce*)
  	Notify(SharpMUSH.Library.Models.SharpPlayer: SharpMUSH.Library.Models.SharpPlayer, *System.String: -1*, <null>, *Announce*)
  	Notify(SharpMUSH.Library.Models.SharpPlayer: SharpMUSH.Library.Models.SharpPlayer, *System.String: -1*, <null>, *Announce*)
  	Notify(SharpMUSH.Library.Models.SharpPlayer: SharpMUSH.Library.Models.SharpPlayer, *System.String: -1*, <null>, *Announce*)
  	Notify(SharpMUSH.Library.Models.SharpPlayer: SharpMUSH.Library.Models.SharpPlayer, *System.String: -1*, <null>, *Announce*)
  	Notify(SharpMUSH.Library.Models.SharpPlayer: SharpMUSH.Library.Models.SharpPlayer, *System.String: -1*, <null>, *Announce*)
  	Notify(SharpMUSH.Library.Models.SharpPlayer: SharpMUSH.Library.Models.SharpPlayer, *System.String: -1*, <null>, *Announce*)
  	Notify(SharpMUSH.Library.Models.SharpPlayer: SharpMUSH.Library.Models.SharpPlayer, *System.String: -1*, <null>, *Announce*)
  	Notify(SharpMUSH.Library.Models.SharpPlayer: SharpMUSH.Library.Models.SharpPlayer, *System.String: -1*, <null>, *Announce*)
  	Notify(SharpMUSH.Library.Models.SharpPlayer: SharpMUSH.Library.Models.SharpPlayer, *System.String: -1*, <null>, *Announce*)
  	Notify(SharpMUSH.Library.Models.SharpPlayer: SharpMUSH.Library.Models.SharpPlayer, *System.String: -1*, <null>, *Announce*)
  	Notify(SharpMUSH.Library.Models.SharpPlayer: SharpMUSH.Library.Models.SharpPlayer, *System.String: -1*, <null>, *Announce*)
  	Notify(SharpMUSH.Library.Models.SharpPlayer: SharpMUSH.Library.Models.SharpPlayer, *System.String: -1*, <null>, *Announce*)
  	Notify(SharpMUSH.Library.Models.SharpPlayer: SharpMUSH.Library.Models.SharpPlayer, *System.String: -1*, <null>, *Announce*)
  	Notify(SharpMUSH.Library.Models.SharpPlayer: SharpMUSH.Library.Models.SharpPlayer, *System.String: -1*, <null>, *Announce*)
  	Notify(SharpMUSH.Library.Models.SharpPlayer: SharpMUSH.Library.Models.SharpPlayer, *System.String: -1*, <null>, *Announce*)
  	Notify(SharpMUSH.Library.Models.SharpPlayer: SharpMUSH.Library.Models.SharpPlayer, *System.String: -1*, <null>, *Announce*)
  	Notify(SharpMUSH.Library.Models.SharpPlayer: SharpMUSH.Library.Models.SharpPlayer, *System.String: -1*, <null>, *Announce*)
  	Notify(SharpMUSH.Library.Models.SharpPlayer: SharpMUSH.Library.Models.SharpPlayer, *System.String: -1*, <null>, *Announce*)
  	Notify(SharpMUSH.Library.Models.SharpPlayer: SharpMUSH.Library.Models.SharpPlayer, *System.String: -1*, <null>, *Announce*)
  	Notify(SharpMUSH.Library.Models.SharpPlayer: SharpMUSH.Library.Models.SharpPlayer, *System.String: -1*, <null>, *Announce*)
  	Notify(SharpMUSH.Library.Models.SharpPlayer: SharpMUSH.Library.Models.SharpPlayer, *System.String: -1*, <null>, *Announce*)
  	Notify(SharpMUSH.Library.Models.SharpPlayer: SharpMUSH.Library.Models.SharpPlayer, *System.String: -1*, <null>, *Announce*)
  	Notify(SharpMUSH.Library.Models.SharpPlayer: SharpMUSH.Library.Models.SharpPlayer, *System.String: -1*, <null>, *Announce*)
  	Notify(SharpMUSH.Library.Models.SharpPlayer: SharpMUSH.Library.Models.SharpPlayer, *System.String: -1*, <null>, *Announce*)
  	Notify(SharpMUSH.Library.Models.SharpPlayer: SharpMUSH.Library.Models.SharpPlayer, *System.String: -1*, <null>, *Announce*)
  	Notify(SharpMUSH.Library.Models.SharpPlayer: SharpMUSH.Library.Models.SharpPlayer, *System.String: -1*, <null>, *Announce*)
  	Notify(SharpMUSH.Library.Models.SharpPlayer: SharpMUSH.Library.Models.SharpPlayer, *System.String: -1*, <null>, *Announce*)
  	Notify(SharpMUSH.Library.Models.SharpPlayer: SharpMUSH.Library.Models.SharpPlayer, *System.String: -1*, <null>, *Announce*)
  	Notify(SharpMUSH.Library.Models.SharpPlayer: SharpMUSH.Library.Models.SharpPlayer, *System.String: -1*, <null>, *Announce*)
  	Notify(SharpMUSH.Library.Models.SharpPlayer: SharpMUSH.Library.Models.SharpPlayer, *System.String: -1*, <null>, *Announce*)
  	Notify(SharpMUSH.Library.Models.SharpPlayer: SharpMUSH.Library.Models.SharpPlayer, *System.String: -1*, <null>, *Announce*)
  	Notify(SharpMUSH.Library.Models.SharpPlayer: SharpMUSH.Library.Models.SharpPlayer, *System.String: -1*, <null>, *Announce*)
  	Notify(SharpMUSH.Library.Models.SharpPlayer: SharpMUSH.Library.Models.SharpPlayer, *System.String: -1*, <null>, *Announce*)
  	Notify(SharpMUSH.Library.Models.SharpPlayer: SharpMUSH.Library.Models.SharpPlayer, *System.String: -1*, <null>, *Announce*)
  	Notify(SharpMUSH.Library.Models.SharpPlayer: SharpMUSH.Library.Models.SharpPlayer, *System.String: -1*, <null>, *Announce*)
  	Notify(SharpMUSH.Library.Models.SharpPlayer: SharpMUSH.Library.Models.SharpPlayer, *System.String: -1*, <null>, *Announce*)
  	Notify(SharpMUSH.Library.Models.SharpPlayer: SharpMUSH.Library.Models.SharpPlayer, *System.String: -1*, <null>, *Announce*)
  	Notify(SharpMUSH.Library.Models.SharpPlayer: SharpMUSH.Library.Models.SharpPlayer, *System.String: -1*, <null>, *Announce*)
  	Notify(SharpMUSH.Library.Models.SharpPlayer: SharpMUSH.Library.Models.SharpPlayer, *System.String: -1*, <null>, *Announce*)
  	Notify(SharpMUSH.Library.Models.SharpPlayer: SharpMUSH.Library.Models.SharpPlayer, *System.String: -1*, <null>, *Announce*)
  	Notify(SharpMUSH.Library.Models.SharpPlayer: SharpMUSH.Library.Models.SharpPlayer, *System.String: -1*, <null>, *Announce*)
  	Notify(SharpMUSH.Library.Models.SharpPlayer: SharpMUSH.Library.Models.SharpPlayer, *System.String: -1*, <null>, *Announce*)
  	Notify(SharpMUSH.Library.Models.SharpPlayer: SharpMUSH.Library.Models.SharpPlayer, *System.String: -1*, <null>, *Announce*)
  	Notify(SharpMUSH.Library.Models.SharpPlayer: SharpMUSH.Library.Models.SharpPlayer, *System.String: -1*, <null>, *Announce*)
  	Notify(SharpMUSH.Library.Models.SharpPlayer: SharpMUSH.Library.Models.SharpPlayer, *System.String: -1*, <null>, *Announce*)
  	Notify(SharpMUSH.Library.Models.SharpPlayer: SharpMUSH.Library.Models.SharpPlayer, *System.String: -1*, <null>, *Announce*)
  	Notify(SharpMUSH.Library.Models.SharpPlayer: SharpMUSH.Library.Models.SharpPlayer, *System.String: -1*, <null>, *Announce*)
  	Notify(SharpMUSH.Library.Models.SharpPlayer: SharpMUSH.Library.Models.SharpPlayer, *System.String: -1*, <null>, *Announce*)
  	Notify(SharpMUSH.Library.Models.SharpPlayer: SharpMUSH.Library.Models.SharpPlayer, *System.String: -1*, <null>, *Announce*)
  	Notify(SharpMUSH.Library.Models.SharpPlayer: SharpMUSH.Library.Models.SharpPlayer, *System.String: -1*, <null>, *Announce*)
  	Notify(SharpMUSH.Library.Models.SharpPlayer: SharpMUSH.Library.Models.SharpPlayer, *System.String: -1*, <null>, *Announce*)
  	Notify(SharpMUSH.Library.Models.SharpPlayer: SharpMUSH.Library.Models.SharpPlayer, *System.String: -1*, <null>, *Announce*)
  	Notify(SharpMUSH.Library.Models.SharpPlayer: SharpMUSH.Library.Models.SharpPlayer, *System.String: -1*, <null>, *Announce*)
  	Notify(SharpMUSH.Library.Models.SharpPlayer: SharpMUSH.Library.Models.SharpPlayer, *System.String: -1*, <null>, *Announce*)
  	Notify(SharpMUSH.Library.Models.SharpPlayer: SharpMUSH.Library.Models.SharpPlayer, *System.String: -1*, <null>, *Announce*)
  	Notify(SharpMUSH.Library.Models.SharpPlayer: SharpMUSH.Library.Models.SharpPlayer, *System.String: -1*, <null>, *Announce*)
  	Notify(SharpMUSH.Library.Models.SharpPlayer: SharpMUSH.Library.Models.SharpPlayer, *System.String: -1*, <null>, *Announce*)
  	Notify(SharpMUSH.Library.Models.SharpPlayer: SharpMUSH.Library.Models.SharpPlayer, *System.String: -1*, <null>, *Announce*)
  	Notify(SharpMUSH.Library.Models.SharpPlayer: SharpMUSH.Library.Models.SharpPlayer, *System.String: -1*, <null>, *Announce*)
  	Notify(SharpMUSH.Library.Models.SharpPlayer: SharpMUSH.Library.Models.SharpPlayer, *System.String: -1*, <null>, *Announce*)
  	Notify(SharpMUSH.Library.Models.SharpPlayer: SharpMUSH.Library.Models.SharpPlayer, *System.String: -1*, <null>, *Announce*)
  	Notify(SharpMUSH.Library.Models.SharpPlayer: SharpMUSH.Library.Models.SharpPlayer, *System.String: -1*, <null>, *Announce*)
  	Notify(SharpMUSH.Library.Models.SharpPlayer: SharpMUSH.Library.Models.SharpPlayer, *System.String: -1*, <null>, *Announce*)
  	Notify(SharpMUSH.Library.Models.SharpPlayer: SharpMUSH.Library.Models.SharpPlayer, *System.String: -1*, <null>, *Announce*)
  	Notify(SharpMUSH.Library.Models.SharpPlayer: SharpMUSH.Library.Models.SharpPlayer, *System.String: -1*, <null>, *Announce*)
  	Notify(SharpMUSH.Library.Models.SharpPlayer: SharpMUSH.Library.Models.SharpPlayer, *System.String: -1*, <null>, *Announce*)
  	Notify(SharpMUSH.Library.Models.SharpPlayer: SharpMUSH.Library.Models.SharpPlayer, *System.String: -1*, <null>, *Announce*)
  	Notify(SharpMUSH.Library.Models.SharpPlayer: SharpMUSH.Library.Models.SharpPlayer, *System.String: -1*, <null>, *Announce*)
  	Notify(SharpMUSH.Library.Models.SharpPlayer: SharpMUSH.Library.Models.SharpPlayer, *System.String: -1*, <null>, *Announce*)
  	Notify(SharpMUSH.Library.Models.SharpPlayer: SharpMUSH.Library.Models.SharpPlayer, *System.String: -1*, <null>, *Announce*)
  	Notify(SharpMUSH.Library.Models.SharpPlayer: SharpMUSH.Library.Models.SharpPlayer, *System.String: -1*, <null>, *Announce*)
  	Notify(SharpMUSH.Library.Models.SharpPlayer: SharpMUSH.Library.Models.SharpPlayer, *System.String: -1*, <null>, *Announce*)
  	Notify(SharpMUSH.Library.Models.SharpPlayer: SharpMUSH.Library.Models.SharpPlayer, *System.String: -1*, <null>, *Announce*)
  	Notify(SharpMUSH.Library.Models.SharpPlayer: SharpMUSH.Library.Models.SharpPlayer, *System.String: -1*, <null>, *Announce*)
  	Notify(SharpMUSH.Library.Models.SharpPlayer: SharpMUSH.Library.Models.SharpPlayer, *System.String: -1*, <null>, *Announce*)
  	Notify(SharpMUSH.Library.Models.SharpPlayer: SharpMUSH.Library.Models.SharpPlayer, *System.String: -1*, <null>, *Announce*)
  	Notify(SharpMUSH.Library.Models.SharpPlayer: SharpMUSH.Library.Models.SharpPlayer, *System.String: -1*, <null>, *Announce*)
  	Notify(SharpMUSH.Library.Models.SharpPlayer: SharpMUSH.Library.Models.SharpPlayer, *System.String: -1*, <null>, *Announce*)
  	Notify(SharpMUSH.Library.Models.SharpPlayer: SharpMUSH.Library.Models.SharpPlayer, *System.String: -1*, <null>, *Announce*)
  	Notify(SharpMUSH.Library.Models.SharpPlayer: SharpMUSH.Library.Models.SharpPlayer, *System.String: -1*, <null>, *Announce*)
  	Notify(SharpMUSH.Library.Models.SharpPlayer: SharpMUSH.Library.Models.SharpPlayer, *System.String: -1*, <null>, *Announce*)
  	Notify(SharpMUSH.Library.Models.SharpPlayer: SharpMUSH.Library.Models.SharpPlayer, *System.String: -1*, <null>, *Announce*)
  	Notify(SharpMUSH.Library.Models.SharpPlayer: SharpMUSH.Library.Models.SharpPlayer, *System.String: -1*, <null>, *Announce*)
  	Notify(SharpMUSH.Library.Models.SharpPlayer: SharpMUSH.Library.Models.SharpPlayer, *System.String: -1*, <null>, *Announce*)
  	Notify(SharpMUSH.Library.Models.SharpPlayer: SharpMUSH.Library.Models.SharpPlayer, *System.String: -1*, <null>, *Announce*)
  	Notify(SharpMUSH.Library.Models.SharpPlayer: SharpMUSH.Library.Models.SharpPlayer, *System.String: -1*, <null>, *Announce*)
  	Notify(SharpMUSH.Library.Models.SharpPlayer: SharpMUSH.Library.Models.SharpPlayer, *System.String: -1*, <null>, *Announce*)
  	Notify(SharpMUSH.Library.Models.SharpPlayer: SharpMUSH.Library.Models.SharpPlayer, *System.String: -1*, <null>, *Announce*)
  	Notify(SharpMUSH.Library.Models.SharpPlayer: SharpMUSH.Library.Models.SharpPlayer, *System.String: -1*, <null>, *Announce*)
  	Notify(SharpMUSH.Library.Models.SharpPlayer: SharpMUSH.Library.Models.SharpPlayer, *System.String: -1*, <null>, *Announce*)
  	Notify(SharpMUSH.Library.Models.SharpPlayer: SharpMUSH.Library.Models.SharpPlayer, *System.String: -1*, <null>, *Announce*)
  	Notify(SharpMUSH.Library.Models.SharpPlayer: SharpMUSH.Library.Models.SharpPlayer, *System.String: -1*, <null>, *Announce*)
  	Notify(SharpMUSH.Library.Models.SharpPlayer: SharpMUSH.Library.Models.SharpPlayer, *System.String: -1*, <null>, *Announce*)
  	Notify(SharpMUSH.Library.Models.SharpPlayer: SharpMUSH.Library.Models.SharpPlayer, *System.String: -1*, <null>, *Announce*)
  	Notify(SharpMUSH.Library.Models.SharpPlayer: SharpMUSH.Library.Models.SharpPlayer, *System.String: -1*, <null>, *Announce*)
  	Notify(SharpMUSH.Library.Models.SharpPlayer: SharpMUSH.Library.Models.SharpPlayer, *System.String: -1*, <null>, *Announce*)
  	Notify(SharpMUSH.Library.Models.SharpPlayer: SharpMUSH.Library.Models.SharpPlayer, *System.String: -1*, <null>, *Announce*)
  	Notify(SharpMUSH.Library.Models.SharpPlayer: SharpMUSH.Library.Models.SharpPlayer, *System.String: -1*, <null>, *Announce*)
  	Notify(SharpMUSH.Library.Models.SharpPlayer: SharpMUSH.Library.Models.SharpPlayer, *System.String: -1*, <null>, *Announce*)
  	Notify(SharpMUSH.Library.Models.SharpPlayer: SharpMUSH.Library.Models.SharpPlayer, *System.String: -1*, <null>, *Announce*)
  	Notify(SharpMUSH.Library.Models.SharpPlayer: SharpMUSH.Library.Models.SharpPlayer, *System.String: -1*, <null>, *Announce*)
  	Notify(SharpMUSH.Library.Models.SharpPlayer: SharpMUSH.Library.Models.SharpPlayer, *System.String: -1*, <null>, *Announce*)
  	Notify(SharpMUSH.Library.Models.SharpPlayer: SharpMUSH.Library.Models.SharpPlayer, *System.String: -1*, <null>, *Announce*)
  	Notify(SharpMUSH.Library.Models.SharpPlayer: SharpMUSH.Library.Models.SharpPlayer, *System.String: -1*, <null>, *Announce*)
  	Notify(SharpMUSH.Library.Models.SharpPlayer: SharpMUSH.Library.Models.SharpPlayer, *System.String: -1*, <null>, *Announce*)
  	Notify(SharpMUSH.Library.Models.SharpPlayer: SharpMUSH.Library.Models.SharpPlayer, *System.String: -1*, <null>, *Announce*)
  	Notify(SharpMUSH.Library.Models.SharpPlayer: SharpMUSH.Library.Models.SharpPlayer, *System.String: -1*, <null>, *Announce*)
  	Notify(SharpMUSH.Library.Models.SharpPlayer: SharpMUSH.Library.Models.SharpPlayer, *System.String: -1*, <null>, *Announce*)
  	Notify(SharpMUSH.Library.Models.SharpPlayer: SharpMUSH.Library.Models.SharpPlayer, *System.String: -1*, <null>, *Announce*)
  	Notify(SharpMUSH.Library.Models.SharpPlayer: SharpMUSH.Library.Models.SharpPlayer, *System.String: -1*, <null>, *Announce*)
  	Notify(SharpMUSH.Library.Models.SharpPlayer: SharpMUSH.Library.Models.SharpPlayer, *System.String: -1*, <null>, *Announce*)
  	Notify(SharpMUSH.Library.Models.SharpPlayer: SharpMUSH.Library.Models.SharpPlayer, *System.String: -1*, <null>, *Announce*)
  	Notify(SharpMUSH.Library.Models.SharpPlayer: SharpMUSH.Library.Models.SharpPlayer, *System.String: -1*, <null>, *Announce*)
  	Notify(SharpMUSH.Library.Models.SharpPlayer: SharpMUSH.Library.Models.SharpPlayer, *System.String: -1*, <null>, *Announce*)
  	Notify(SharpMUSH.Library.Models.SharpPlayer: SharpMUSH.Library.Models.SharpPlayer, *System.String: -1*, <null>, *Announce*)
  	Notify(SharpMUSH.Library.Models.SharpPlayer: SharpMUSH.Library.Models.SharpPlayer, *System.String: -1*, <null>, *Announce*)
  	Notify(SharpMUSH.Library.Models.SharpPlayer: SharpMUSH.Library.Models.SharpPlayer, *System.String: -1*, <null>, *Announce*)
  	Notify(SharpMUSH.Library.Models.SharpPlayer: SharpMUSH.Library.Models.SharpPlayer, *System.String: -1*, <null>, *Announce*)
  	Notify(SharpMUSH.Library.Models.SharpPlayer: SharpMUSH.Library.Models.SharpPlayer, *System.String: -1*, <null>, *Announce*)
  	Notify(SharpMUSH.Library.Models.SharpPlayer: SharpMUSH.Library.Models.SharpPlayer, *System.String: -1*, <null>, *Announce*)
  	Notify(SharpMUSH.Library.Models.SharpPlayer: SharpMUSH.Library.Models.SharpPlayer, *System.String: -1*, <null>, *Announce*)
  	Notify(SharpMUSH.Library.Models.SharpPlayer: SharpMUSH.Library.Models.SharpPlayer, *System.String: -1*, <null>, *Announce*)
  	Notify(SharpMUSH.Library.Models.SharpPlayer: SharpMUSH.Library.Models.SharpPlayer, *System.String: -1*, <null>, *Announce*)
  	Notify(SharpMUSH.Library.Models.SharpPlayer: SharpMUSH.Library.Models.SharpPlayer, *System.String: -1*, <null>, *Announce*)
  	Notify(SharpMUSH.Library.Models.SharpPlayer: SharpMUSH.Library.Models.SharpPlayer, *System.String: -1*, <null>, *Announce*)
  	Notify(SharpMUSH.Library.Models.SharpPlayer: SharpMUSH.Library.Models.SharpPlayer, *System.String: -1*, <null>, *Announce*)
  	Notify(SharpMUSH.Library.Models.SharpPlayer: SharpMUSH.Library.Models.SharpPlayer, *System.String: -1*, <null>, *Announce*)
  	Notify(SharpMUSH.Library.Models.SharpPlayer: SharpMUSH.Library.Models.SharpPlayer, *System.String: -1*, <null>, *Announce*)
  	Notify(SharpMUSH.Library.Models.SharpPlayer: SharpMUSH.Library.Models.SharpPlayer, *System.String: -1*, <null>, *Announce*)
  	Notify(SharpMUSH.Library.Models.SharpPlayer: SharpMUSH.Library.Models.SharpPlayer, *System.String: -1*, <null>, *Announce*)
  	Notify(SharpMUSH.Library.Models.SharpPlayer: SharpMUSH.Library.Models.SharpPlayer, *System.String: -1*, <null>, *Announce*)
  	Notify(SharpMUSH.Library.Models.SharpPlayer: SharpMUSH.Library.Models.SharpPlayer, *System.String: -1*, <null>, *Announce*)
  	Notify(SharpMUSH.Library.Models.SharpPlayer: SharpMUSH.Library.Models.SharpPlayer, *System.String: -1*, <null>, *Announce*)
  	Notify(SharpMUSH.Library.Models.SharpPlayer: SharpMUSH.Library.Models.SharpPlayer, *System.String: -1*, <null>, *Announce*)
  	Notify(SharpMUSH.Library.Models.SharpPlayer: SharpMUSH.Library.Models.SharpPlayer, *System.String: -1*, <null>, *Announce*)
  	Notify(SharpMUSH.Library.Models.SharpPlayer: SharpMUSH.Library.Models.SharpPlayer, *System.String: -1*, <null>, *Announce*)
  	Notify(SharpMUSH.Library.Models.SharpPlayer: SharpMUSH.Library.Models.SharpPlayer, *System.String: -1*, <null>, *Announce*)
  	Notify(SharpMUSH.Library.Models.SharpPlayer: SharpMUSH.Library.Models.SharpPlayer, *System.String: -1*, <null>, *Announce*)
  	Notify(SharpMUSH.Library.Models.SharpPlayer: SharpMUSH.Library.Models.SharpPlayer, *System.String: -1*, <null>, *Announce*)
  	Notify(SharpMUSH.Library.Models.SharpPlayer: SharpMUSH.Library.Models.SharpPlayer, *System.String: -1*, <null>, *Announce*)
  	Notify(SharpMUSH.Library.Models.SharpPlayer: SharpMUSH.Library.Models.SharpPlayer, *System.String: -1*, <null>, *Announce*)
  	Notify(SharpMUSH.Library.Models.SharpPlayer: SharpMUSH.Library.Models.SharpPlayer, *System.String: -1*, <null>, *Announce*)
  	Notify(SharpMUSH.Library.Models.SharpPlayer: SharpMUSH.Library.Models.SharpPlayer, *System.String: -1*, <null>, *Announce*)
  	Notify(SharpMUSH.Library.Models.SharpPlayer: SharpMUSH.Library.Models.SharpPlayer, *System.String: -1*, <null>, *Announce*)
  	Notify(SharpMUSH.Library.Models.SharpPlayer: SharpMUSH.Library.Models.SharpPlayer, *System.String: -1*, <null>, *Announce*)
  	Notify(SharpMUSH.Library.Models.SharpPlayer: SharpMUSH.Library.Models.SharpPlayer, *System.String: -1*, <null>, *Announce*)
  	Notify(SharpMUSH.Library.Models.SharpPlayer: SharpMUSH.Library.Models.SharpPlayer, *System.String: -1*, <null>, *Announce*)
  	Notify(SharpMUSH.Library.Models.SharpPlayer: SharpMUSH.Library.Models.SharpPlayer, *System.String: -1*, <null>, *Announce*)
  	Notify(SharpMUSH.Library.Models.SharpPlayer: SharpMUSH.Library.Models.SharpPlayer, *System.String: -1*, <null>, *Announce*)
  	Notify(SharpMUSH.Library.Models.SharpPlayer: SharpMUSH.Library.Models.SharpPlayer, *System.String: -1*, <null>, *Announce*)
  	Notify(SharpMUSH.Library.Models.SharpPlayer: SharpMUSH.Library.Models.SharpPlayer, *System.String: -1*, <null>, *Announce*)
  	Notify(SharpMUSH.Library.Models.SharpPlayer: SharpMUSH.Library.Models.SharpPlayer, *System.String: -1*, <null>, *Announce*)
  	Notify(SharpMUSH.Library.Models.SharpPlayer: SharpMUSH.Library.Models.SharpPlayer, *System.String: -1*, <null>, *Announce*)
  	Notify(SharpMUSH.Library.Models.SharpPlayer: SharpMUSH.Library.Models.SharpPlayer, *System.String: -1*, <null>, *Announce*)
  	Notify(SharpMUSH.Library.Models.SharpPlayer: SharpMUSH.Library.Models.SharpPlayer, *System.String: -1*, <null>, *Announce*)
  	Notify(SharpMUSH.Library.Models.SharpPlayer: SharpMUSH.Library.Models.SharpPlayer, *System.String: -1*, <null>, *Announce*)
  	Notify(SharpMUSH.Library.Models.SharpPlayer: SharpMUSH.Library.Models.SharpPlayer, *System.String: -1*, <null>, *Announce*)
  	Notify(SharpMUSH.Library.Models.SharpPlayer: SharpMUSH.Library.Models.SharpPlayer, *System.String: -1*, <null>, *Announce*)
  	Notify(SharpMUSH.Library.Models.SharpPlayer: SharpMUSH.Library.Models.SharpPlayer, *System.String: -1*, <null>, *Announce*)
  	Notify(SharpMUSH.Library.Models.SharpPlayer: SharpMUSH.Library.Models.SharpPlayer, *System.String: -1*, <null>, *Announce*)
  	Notify(SharpMUSH.Library.Models.SharpPlayer: SharpMUSH.Library.Models.SharpPlayer, *System.String: -1*, <null>, *Announce*)
  	Notify(SharpMUSH.Library.Models.SharpPlayer: SharpMUSH.Library.Models.SharpPlayer, *System.String: -1*, <null>, *Announce*)
  	Notify(SharpMUSH.Library.Models.SharpPlayer: SharpMUSH.Library.Models.SharpPlayer, *System.String: -1*, <null>, *Announce*)
  	Notify(SharpMUSH.Library.Models.SharpPlayer: SharpMUSH.Library.Models.SharpPlayer, *System.String: -1*, <null>, *Announce*)
  	Notify(SharpMUSH.Library.Models.SharpPlayer: SharpMUSH.Library.Models.SharpPlayer, *System.String: -1*, <null>, *Announce*)
  	Notify(SharpMUSH.Library.Models.SharpPlayer: SharpMUSH.Library.Models.SharpPlayer, *System.String: -1*, <null>, *Announce*)
  	Notify(SharpMUSH.Library.Models.SharpPlayer: SharpMUSH.Library.Models.SharpPlayer, *System.String: -1*, <null>, *Announce*)
  	Notify(SharpMUSH.Library.Models.SharpPlayer: SharpMUSH.Library.Models.SharpPlayer, *System.String: -1*, <null>, *Announce*)
  	Notify(SharpMUSH.Library.Models.SharpPlayer: SharpMUSH.Library.Models.SharpPlayer, *System.String: -1*, <null>, *Announce*)
  	Notify(SharpMUSH.Library.Models.SharpPlayer: SharpMUSH.Library.Models.SharpPlayer, *System.String: -1*, <null>, *Announce*)
  	Notify(SharpMUSH.Library.Models.SharpPlayer: SharpMUSH.Library.Models.SharpPlayer, *System.String: -1*, <null>, *Announce*)
  	Notify(SharpMUSH.Library.Models.SharpPlayer: SharpMUSH.Library.Models.SharpPlayer, *System.String: -1*, <null>, *Announce*)
  	Notify(SharpMUSH.Library.Models.SharpPlayer: SharpMUSH.Library.Models.SharpPlayer, *System.String: -1*, <null>, *Announce*)
  	Notify(SharpMUSH.Library.Models.SharpPlayer: SharpMUSH.Library.Models.SharpPlayer, *System.String: -1*, <null>, *Announce*)
  	Notify(SharpMUSH.Library.Models.SharpPlayer: SharpMUSH.Library.Models.SharpPlayer, *System.String: -1*, <null>, *Announce*)
  	Notify(SharpMUSH.Library.Models.SharpPlayer: SharpMUSH.Library.Models.SharpPlayer, *System.String: -1*, <null>, *Announce*)
  	Notify(SharpMUSH.Library.Models.SharpPlayer: SharpMUSH.Library.Models.SharpPlayer, *System.String: -1*, <null>, *Announce*)
  	Notify(SharpMUSH.Library.Models.SharpPlayer: SharpMUSH.Library.Models.SharpPlayer, *System.String: -1*, <null>, *Announce*)
  	Notify(SharpMUSH.Library.Models.SharpPlayer: SharpMUSH.Library.Models.SharpPlayer, *System.String: -1*, <null>, *Announce*)
  	Notify(SharpMUSH.Library.Models.SharpPlayer: SharpMUSH.Library.Models.SharpPlayer, *System.String: -1*, <null>, *Announce*)
  	Notify(SharpMUSH.Library.Models.SharpPlayer: SharpMUSH.Library.Models.SharpPlayer, *System.String: -1*, <null>, *Announce*)
  	Notify(SharpMUSH.Library.Models.SharpPlayer: SharpMUSH.Library.Models.SharpPlayer, *System.String: -1*, <null>, *Announce*)
  	Notify(SharpMUSH.Library.Models.SharpPlayer: SharpMUSH.Library.Models.SharpPlayer, *System.String: -1*, <null>, *Announce*)
  	Notify(SharpMUSH.Library.Models.SharpPlayer: SharpMUSH.Library.Models.SharpPlayer, *System.String: -1*, <null>, *Announce*)
  	Notify(SharpMUSH.Library.Models.SharpPlayer: SharpMUSH.Library.Models.SharpPlayer, *System.String: -1*, <null>, *Announce*)
  	Notify(SharpMUSH.Library.Models.SharpPlayer: SharpMUSH.Library.Models.SharpPlayer, *System.String: -1*, <null>, *Announce*)
  	Notify(SharpMUSH.Library.Models.SharpPlayer: SharpMUSH.Library.Models.SharpPlayer, *System.String: -1*, <null>, *Announce*)
  	Notify(SharpMUSH.Library.Models.SharpPlayer: SharpMUSH.Library.Models.SharpPlayer, *System.String: -1*, <null>, *Announce*)
  	Notify(SharpMUSH.Library.Models.SharpPlayer: SharpMUSH.Library.Models.SharpPlayer, *System.String: -1*, <null>, *Announce*)
  	Notify(SharpMUSH.Library.Models.SharpPlayer: SharpMUSH.Library.Models.SharpPlayer, *System.String: -1*, <null>, *Announce*)
  	Notify(SharpMUSH.Library.Models.SharpPlayer: SharpMUSH.Library.Models.SharpPlayer, *System.String: -1*, <null>, *Announce*)
  	Notify(SharpMUSH.Library.Models.SharpPlayer: SharpMUSH.Library.Models.SharpPlayer, *System.String: -1*, <null>, *Announce*)
  	Notify(SharpMUSH.Library.Models.SharpPlayer: SharpMUSH.Library.Models.SharpPlayer, *System.String: -1*, <null>, *Announce*)
  	Notify(SharpMUSH.Library.Models.SharpPlayer: SharpMUSH.Library.Models.SharpPlayer, *System.String: -1*, <null>, *Announce*)
  	Notify(SharpMUSH.Library.Models.SharpPlayer: SharpMUSH.Library.Models.SharpPlayer, *System.String: -1*, <null>, *Announce*)
  	Notify(SharpMUSH.Library.Models.SharpPlayer: SharpMUSH.Library.Models.SharpPlayer, *System.String: -1*, <null>, *Announce*)
  	Notify(SharpMUSH.Library.Models.SharpPlayer: SharpMUSH.Library.Models.SharpPlayer, *System.String: -1*, <null>, *Announce*)
  	Notify(SharpMUSH.Library.Models.SharpPlayer: SharpMUSH.Library.Models.SharpPlayer, *System.String: -1*, <null>, *Announce*)
  	Notify(SharpMUSH.Library.Models.SharpPlayer: SharpMUSH.Library.Models.SharpPlayer, *System.String: -1*, <null>, *Announce*)
  	Notify(SharpMUSH.Library.Models.SharpPlayer: SharpMUSH.Library.Models.SharpPlayer, *System.String: -1*, <null>, *Announce*)
  	Notify(SharpMUSH.Library.Models.SharpPlayer: SharpMUSH.Library.Models.SharpPlayer, *System.String: -1*, <null>, *Announce*)
  	Notify(SharpMUSH.Library.Models.SharpPlayer: SharpMUSH.Library.Models.SharpPlayer, *System.String: -1*, <null>, *Announce*)
  	Notify(SharpMUSH.Library.Models.SharpPlayer: SharpMUSH.Library.Models.SharpPlayer, *System.String: -1*, <null>, *Announce*)
  	Notify(SharpMUSH.Library.Models.SharpPlayer: SharpMUSH.Library.Models.SharpPlayer, *System.String: -1*, <null>, *Announce*)
  	Notify(SharpMUSH.Library.Models.SharpPlayer: SharpMUSH.Library.Models.SharpPlayer, *System.String: -1*, <null>, *Announce*)
  	Notify(SharpMUSH.Library.Models.SharpPlayer: SharpMUSH.Library.Models.SharpPlayer, *System.String: -1*, <null>, *Announce*)
  	Notify(SharpMUSH.Library.Models.SharpPlayer: SharpMUSH.Library.Models.SharpPlayer, *System.String: -1*, <null>, *Announce*)
  	Notify(SharpMUSH.Library.Models.SharpPlayer: SharpMUSH.Library.Models.SharpPlayer, *System.String: -1*, <null>, *Announce*)
  	Notify(SharpMUSH.Library.Models.SharpPlayer: SharpMUSH.Library.Models.SharpPlayer, *System.String: -1*, <null>, *Announce*)
  	Notify(SharpMUSH.Library.Models.SharpPlayer: SharpMUSH.Library.Models.SharpPlayer, *System.String: -1*, <null>, *Announce*)
  	Notify(SharpMUSH.Library.Models.SharpPlayer: SharpMUSH.Library.Models.SharpPlayer, *System.String: -1*, <null>, *Announce*)
  	Notify(SharpMUSH.Library.Models.SharpPlayer: SharpMUSH.Library.Models.SharpPlayer, *System.String: -1*, <null>, *Announce*)
  	Notify(SharpMUSH.Library.Models.SharpPlayer: SharpMUSH.Library.Models.SharpPlayer, *System.String: -1*, <null>, *Announce*)
  	Notify(SharpMUSH.Library.Models.SharpPlayer: SharpMUSH.Library.Models.SharpPlayer, *System.String: -1*, <null>, *Announce*)
  	Notify(SharpMUSH.Library.Models.SharpPlayer: SharpMUSH.Library.Models.SharpPlayer, *System.String: -1*, <null>, *Announce*)
  	Notify(SharpMUSH.Library.Models.SharpPlayer: SharpMUSH.Library.Models.SharpPlayer, *System.String: -1*, <null>, *Announce*)
  	Notify(SharpMUSH.Library.Models.SharpPlayer: SharpMUSH.Library.Models.SharpPlayer, *System.String: -1*, <null>, *Announce*)
  	Notify(SharpMUSH.Library.Models.SharpPlayer: SharpMUSH.Library.Models.SharpPlayer, *System.String: -1*, <null>, *Announce*)
  	Notify(SharpMUSH.Library.Models.SharpPlayer: SharpMUSH.Library.Models.SharpPlayer, *System.String: -1*, <null>, *Announce*)
  	Notify(SharpMUSH.Library.Models.SharpPlayer: SharpMUSH.Library.Models.SharpPlayer, *System.String: -1*, <null>, *Announce*)
  	Notify(SharpMUSH.Library.Models.SharpPlayer: SharpMUSH.Library.Models.SharpPlayer, *System.String: -1*, <null>, *Announce*)
  	Notify(SharpMUSH.Library.Models.SharpPlayer: SharpMUSH.Library.Models.SharpPlayer, *System.String: -1*, <null>, *Announce*)
  	Notify(SharpMUSH.Library.Models.SharpPlayer: SharpMUSH.Library.Models.SharpPlayer, *System.String: -1*, <null>, *Announce*)
  	Notify(SharpMUSH.Library.Models.SharpPlayer: SharpMUSH.Library.Models.SharpPlayer, *System.String: -1*, <null>, *Announce*)
  	Notify(SharpMUSH.Library.Models.SharpPlayer: SharpMUSH.Library.Models.SharpPlayer, *System.String: -1*, <null>, *Announce*)
  	Notify(SharpMUSH.Library.Models.SharpPlayer: SharpMUSH.Library.Models.SharpPlayer, *System.String: -1*, <null>, *Announce*)
  	Notify(SharpMUSH.Library.Models.SharpPlayer: SharpMUSH.Library.Models.SharpPlayer, *System.String: -1*, <null>, *Announce*)
  	Notify(SharpMUSH.Library.Models.SharpPlayer: SharpMUSH.Library.Models.SharpPlayer, *System.String: -1*, <null>, *Announce*)
  	Notify(SharpMUSH.Library.Models.SharpPlayer: SharpMUSH.Library.Models.SharpPlayer, *System.String: -1*, <null>, *Announce*)
  	Notify(SharpMUSH.Library.Models.SharpPlayer: SharpMUSH.Library.Models.SharpPlayer, *System.String: -1*, <null>, *Announce*)
  	Notify(SharpMUSH.Library.Models.SharpPlayer: SharpMUSH.Library.Models.SharpPlayer, *System.String: -1*, <null>, *Announce*)
  	Notify(SharpMUSH.Library.Models.SharpPlayer: SharpMUSH.Library.Models.SharpPlayer, *System.String: -1*, <null>, *Announce*)
  	Notify(SharpMUSH.Library.Models.SharpPlayer: SharpMUSH.Library.Models.SharpPlayer, *System.String: -1*, <null>, *Announce*)
  	Notify(SharpMUSH.Library.Models.SharpPlayer: SharpMUSH.Library.Models.SharpPlayer, *System.String: -1*, <null>, *Announce*)
  	Notify(SharpMUSH.Library.Models.SharpPlayer: SharpMUSH.Library.Models.SharpPlayer, *System.String: -1*, <null>, *Announce*)
  	Notify(SharpMUSH.Library.Models.SharpPlayer: SharpMUSH.Library.Models.SharpPlayer, *System.String: -1*, <null>, *Announce*)
  	Notify(SharpMUSH.Library.Models.SharpPlayer: SharpMUSH.Library.Models.SharpPlayer, *System.String: -1*, <null>, *Announce*)
  	Notify(SharpMUSH.Library.Models.SharpPlayer: SharpMUSH.Library.Models.SharpPlayer, *System.String: -1*, <null>, *Announce*)
  	Notify(SharpMUSH.Library.Models.SharpPlayer: SharpMUSH.Library.Models.SharpPlayer, *System.String: -1*, <null>, *Announce*)
  	Notify(SharpMUSH.Library.Models.SharpPlayer: SharpMUSH.Library.Models.SharpPlayer, *System.String: -1*, <null>, *Announce*)
  	Notify(SharpMUSH.Library.Models.SharpPlayer: SharpMUSH.Library.Models.SharpPlayer, *System.String: -1*, <null>, *Announce*)
  	Notify(SharpMUSH.Library.Models.SharpPlayer: SharpMUSH.Library.Models.SharpPlayer, *System.String: -1*, <null>, *Announce*)
  	Notify(SharpMUSH.Library.Models.SharpPlayer: SharpMUSH.Library.Models.SharpPlayer, *System.String: -1*, <null>, *Announce*)
  	Notify(SharpMUSH.Library.Models.SharpPlayer: SharpMUSH.Library.Models.SharpPlayer, *System.String: -1*, <null>, *Announce*)
  	Notify(SharpMUSH.Library.Models.SharpPlayer: SharpMUSH.Library.Models.SharpPlayer, *System.String: -1*, <null>, *Announce*)
  	Notify(SharpMUSH.Library.Models.SharpPlayer: SharpMUSH.Library.Models.SharpPlayer, *System.String: -1*, <null>, *Announce*)
  	Notify(SharpMUSH.Library.Models.SharpPlayer: SharpMUSH.Library.Models.SharpPlayer, *System.String: -1*, <null>, *Announce*)
  	Notify(SharpMUSH.Library.Models.SharpPlayer: SharpMUSH.Library.Models.SharpPlayer, *System.String: -1*, <null>, *Announce*)
  	Notify(SharpMUSH.Library.Models.SharpPlayer: SharpMUSH.Library.Models.SharpPlayer, *System.String: -1*, <null>, *Announce*)
  	Notify(SharpMUSH.Library.Models.SharpPlayer: SharpMUSH.Library.Models.SharpPlayer, *System.String: -1*, <null>, *Announce*)
  	Notify(SharpMUSH.Library.Models.SharpPlayer: SharpMUSH.Library.Models.SharpPlayer, *System.String: -1*, <null>, *Announce*)
  	Notify(SharpMUSH.Library.Models.SharpPlayer: SharpMUSH.Library.Models.SharpPlayer, *System.String: -1*, <null>, *Announce*)
  	Notify(SharpMUSH.Library.Models.SharpPlayer: SharpMUSH.Library.Models.SharpPlayer, *System.String: -1*, <null>, *Announce*)
  	Notify(SharpMUSH.Library.Models.SharpPlayer: SharpMUSH.Library.Models.SharpPlayer, *System.String: -1*, <null>, *Announce*)
  	Notify(SharpMUSH.Library.Models.SharpPlayer: SharpMUSH.Library.Models.SharpPlayer, *System.String: -1*, <null>, *Announce*)
  	Notify(SharpMUSH.Library.Models.SharpPlayer: SharpMUSH.Library.Models.SharpPlayer, *System.String: -1*, <null>, *Announce*)
  	Notify(SharpMUSH.Library.Models.SharpPlayer: SharpMUSH.Library.Models.SharpPlayer, *System.String: -1*, <null>, *Announce*)
  	Notify(SharpMUSH.Library.Models.SharpPlayer: SharpMUSH.Library.Models.SharpPlayer, *System.String: -1*, <null>, *Announce*)
  	Notify(SharpMUSH.Library.Models.SharpPlayer: SharpMUSH.Library.Models.SharpPlayer, *System.String: -1*, <null>, *Announce*)
  	Notify(SharpMUSH.Library.Models.SharpPlayer: SharpMUSH.Library.Models.SharpPlayer, *System.String: -1*, <null>, *Announce*)
  	Notify(SharpMUSH.Library.Models.SharpPlayer: SharpMUSH.Library.Models.SharpPlayer, *System.String: -1*, <null>, *Announce*)
  	Notify(SharpMUSH.Library.Models.SharpPlayer: SharpMUSH.Library.Models.SharpPlayer, *System.String: -1*, <null>, *Announce*)
  	Notify(SharpMUSH.Library.Models.SharpPlayer: SharpMUSH.Library.Models.SharpPlayer, *System.String: -1*, <null>, *Announce*)
  	Notify(SharpMUSH.Library.Models.SharpPlayer: SharpMUSH.Library.Models.SharpPlayer, *System.String: -1*, <null>, *Announce*)
  	Notify(SharpMUSH.Library.Models.SharpPlayer: SharpMUSH.Library.Models.SharpPlayer, *System.String: -1*, <null>, *Announce*)
  	Notify(SharpMUSH.Library.Models.SharpPlayer: SharpMUSH.Library.Models.SharpPlayer, *System.String: -1*, <null>, *Announce*)
  	Notify(SharpMUSH.Library.Models.SharpPlayer: SharpMUSH.Library.Models.SharpPlayer, *System.String: -1*, <null>, *Announce*)
  	Notify(SharpMUSH.Library.Models.SharpPlayer: SharpMUSH.Library.Models.SharpPlayer, *System.String: -1*, <null>, *Announce*)
  	Notify(SharpMUSH.Library.Models.SharpPlayer: SharpMUSH.Library.Models.SharpPlayer, *System.String: -1*, <null>, *Announce*)
  	Notify(SharpMUSH.Library.Models.SharpPlayer: SharpMUSH.Library.Models.SharpPlayer, *System.String: -1*, <null>, *Announce*)
  	Notify(SharpMUSH.Library.Models.SharpPlayer: SharpMUSH.Library.Models.SharpPlayer, *System.String: -1*, <null>, *Announce*)
  	Notify(SharpMUSH.Library.Models.SharpPlayer: SharpMUSH.Library.Models.SharpPlayer, *System.String: -1*, <null>, *Announce*)
  	Notify(SharpMUSH.Library.Models.SharpPlayer: SharpMUSH.Library.Models.SharpPlayer, *System.String: -1*, <null>, *Announce*)
  	Notify(SharpMUSH.Library.Models.SharpPlayer: SharpMUSH.Library.Models.SharpPlayer, *System.String: -1*, <null>, *Announce*)
  	Notify(SharpMUSH.Library.Models.SharpPlayer: SharpMUSH.Library.Models.SharpPlayer, *System.String: -1*, <null>, *Announce*)
  	Notify(SharpMUSH.Library.Models.SharpPlayer: SharpMUSH.Library.Models.SharpPlayer, *System.String: -1*, <null>, *Announce*)
  	Notify(SharpMUSH.Library.Models.SharpPlayer: SharpMUSH.Library.Models.SharpPlayer, *System.String: -1*, <null>, *Announce*)
  	Notify(SharpMUSH.Library.Models.SharpPlayer: SharpMUSH.Library.Models.SharpPlayer, *System.String: -1*, <null>, *Announce*)
  	Notify(SharpMUSH.Library.Models.SharpPlayer: SharpMUSH.Library.Models.SharpPlayer, *System.String: -1*, <null>, *Announce*)
  	Notify(SharpMUSH.Library.Models.SharpPlayer: SharpMUSH.Library.Models.SharpPlayer, *System.String: -1*, <null>, *Announce*)
  	Notify(SharpMUSH.Library.Models.SharpPlayer: SharpMUSH.Library.Models.SharpPlayer, *System.String: -1*, <null>, *Announce*)
  	Notify(SharpMUSH.Library.Models.SharpPlayer: SharpMUSH.Library.Models.SharpPlayer, *System.String: -1*, <null>, *Announce*)
  	Notify(SharpMUSH.Library.Models.SharpPlayer: SharpMUSH.Library.Models.SharpPlayer, *System.String: -1*, <null>, *Announce*)
  	Notify(SharpMUSH.Library.Models.SharpPlayer: SharpMUSH.Library.Models.SharpPlayer, *System.String: -1*, <null>, *Announce*)
  	Notify(SharpMUSH.Library.Models.SharpPlayer: SharpMUSH.Library.Models.SharpPlayer, *System.String: -1*, <null>, *Announce*)
  	Notify(SharpMUSH.Library.Models.SharpPlayer: SharpMUSH.Library.Models.SharpPlayer, *System.String: -1*, <null>, *Announce*)
  	Notify(SharpMUSH.Library.Models.SharpPlayer: SharpMUSH.Library.Models.SharpPlayer, *System.String: -1*, <null>, *Announce*)
  	Notify(SharpMUSH.Library.Models.SharpPlayer: SharpMUSH.Library.Models.SharpPlayer, *System.String: -1*, <null>, *Announce*)
  	Notify(SharpMUSH.Library.Models.SharpPlayer: SharpMUSH.Library.Models.SharpPlayer, *System.String: -1*, <null>, *Announce*)
  	Notify(SharpMUSH.Library.Models.SharpPlayer: SharpMUSH.Library.Models.SharpPlayer, *System.String: -1*, <null>, *Announce*)
  	Notify(SharpMUSH.Library.Models.SharpPlayer: SharpMUSH.Library.Models.SharpPlayer, *System.String: -1*, <null>, *Announce*)
  	Notify(SharpMUSH.Library.Models.SharpPlayer: SharpMUSH.Library.Models.SharpPlayer, *System.String: -1*, <null>, *Announce*)
  	Notify(SharpMUSH.Library.Models.SharpPlayer: SharpMUSH.Library.Models.SharpPlayer, *System.String: -1*, <null>, *Announce*)
  	Notify(SharpMUSH.Library.Models.SharpPlayer: SharpMUSH.Library.Models.SharpPlayer, *System.String: -1*, <null>, *Announce*)
  	Notify(SharpMUSH.Library.Models.SharpPlayer: SharpMUSH.Library.Models.SharpPlayer, *System.String: -1*, <null>, *Announce*)
  	Notify(SharpMUSH.Library.Models.SharpPlayer: SharpMUSH.Library.Models.SharpPlayer, *System.String: -1*, <null>, *Announce*)
  	Notify(SharpMUSH.Library.Models.SharpPlayer: SharpMUSH.Library.Models.SharpPlayer, *System.String: -1*, <null>, *Announce*)
  	Notify(SharpMUSH.Library.Models.SharpPlayer: SharpMUSH.Library.Models.SharpPlayer, *System.String: -1*, <null>, *Announce*)
  	Notify(SharpMUSH.Library.Models.SharpPlayer: SharpMUSH.Library.Models.SharpPlayer, *System.String: -1*, <null>, *Announce*)
  	Notify(SharpMUSH.Library.Models.SharpPlayer: SharpMUSH.Library.Models.SharpPlayer, *System.String: -1*, <null>, *Announce*)
  	Notify(SharpMUSH.Library.Models.SharpPlayer: SharpMUSH.Library.Models.SharpPlayer, *System.String: -1*, <null>, *Announce*)
  	Notify(SharpMUSH.Library.Models.SharpPlayer: SharpMUSH.Library.Models.SharpPlayer, *System.String: -1*, <null>, *Announce*)
  	Notify(SharpMUSH.Library.Models.SharpPlayer: SharpMUSH.Library.Models.SharpPlayer, *System.String: -1*, <null>, *Announce*)
  	Notify(SharpMUSH.Library.Models.SharpPlayer: SharpMUSH.Library.Models.SharpPlayer, *System.String: -1*, <null>, *Announce*)
  	Notify(SharpMUSH.Library.Models.SharpPlayer: SharpMUSH.Library.Models.SharpPlayer, *System.String: -1*, <null>, *Announce*)
  	Notify(SharpMUSH.Library.Models.SharpPlayer: SharpMUSH.Library.Models.SharpPlayer, *System.String: -1*, <null>, *Announce*)
  	Notify(SharpMUSH.Library.Models.SharpPlayer: SharpMUSH.Library.Models.SharpPlayer, *System.String: -1*, <null>, *Announce*)
  	Notify(SharpMUSH.Library.Models.SharpPlayer: SharpMUSH.Library.Models.SharpPlayer, *System.String: -1*, <null>, *Announce*)
  	Notify(SharpMUSH.Library.Models.SharpPlayer: SharpMUSH.Library.Models.SharpPlayer, *System.String: -1*, <null>, *Announce*)
  	Notify(SharpMUSH.Library.Models.SharpPlayer: SharpMUSH.Library.Models.SharpPlayer, *System.String: -1*, <null>, *Announce*)
  	Notify(SharpMUSH.Library.Models.SharpPlayer: SharpMUSH.Library.Models.SharpPlayer, *System.String: -1*, <null>, *Announce*)
  	Notify(SharpMUSH.Library.Models.SharpPlayer: SharpMUSH.Library.Models.SharpPlayer, *System.String: -1*, <null>, *Announce*)
  	Notify(SharpMUSH.Library.Models.SharpPlayer: SharpMUSH.Library.Models.SharpPlayer, *System.String: -1*, <null>, *Announce*)
  	Notify(SharpMUSH.Library.Models.SharpPlayer: SharpMUSH.Library.Models.SharpPlayer, *System.String: -1*, <null>, *Announce*)
  	Notify(SharpMUSH.Library.Models.SharpPlayer: SharpMUSH.Library.Models.SharpPlayer, *System.String: -1*, <null>, *Announce*)
  	Notify(SharpMUSH.Library.Models.SharpPlayer: SharpMUSH.Library.Models.SharpPlayer, *System.String: -1*, <null>, *Announce*)
  	Notify(SharpMUSH.Library.Models.SharpPlayer: SharpMUSH.Library.Models.SharpPlayer, *System.String: -1*, <null>, *Announce*)
  	Notify(SharpMUSH.Library.Models.SharpPlayer: SharpMUSH.Library.Models.SharpPlayer, *System.String: -1*, <null>, *Announce*)
  	Notify(SharpMUSH.Library.Models.SharpPlayer: SharpMUSH.Library.Models.SharpPlayer, *System.String: -1*, <null>, *Announce*)
  	Notify(SharpMUSH.Library.Models.SharpPlayer: SharpMUSH.Library.Models.SharpPlayer, *System.String: -1*, <null>, *Announce*)
  	Notify(SharpMUSH.Library.Models.SharpPlayer: SharpMUSH.Library.Models.SharpPlayer, *System.String: -1*, <null>, *Announce*)
  	Notify(SharpMUSH.Library.Models.SharpPlayer: SharpMUSH.Library.Models.SharpPlayer, *System.String: -1*, <null>, *Announce*)
  	Notify(SharpMUSH.Library.Models.SharpPlayer: SharpMUSH.Library.Models.SharpPlayer, *System.String: -1*, <null>, *Announce*)
  	Notify(SharpMUSH.Library.Models.SharpPlayer: SharpMUSH.Library.Models.SharpPlayer, *System.String: -1*, <null>, *Announce*)
  	Notify(SharpMUSH.Library.Models.SharpPlayer: SharpMUSH.Library.Models.SharpPlayer, *System.String: -1*, <null>, *Announce*)
  	Notify(SharpMUSH.Library.Models.SharpPlayer: SharpMUSH.Library.Models.SharpPlayer, *System.String: -1*, <null>, *Announce*)
  	Notify(SharpMUSH.Library.Models.SharpPlayer: SharpMUSH.Library.Models.SharpPlayer, *System.String: -1*, <null>, *Announce*)
  	Notify(SharpMUSH.Library.Models.SharpPlayer: SharpMUSH.Library.Models.SharpPlayer, *System.String: -1*, <null>, *Announce*)
  	Notify(SharpMUSH.Library.Models.SharpPlayer: SharpMUSH.Library.Models.SharpPlayer, *System.String: -1*, <null>, *Announce*)
  	Notify(SharpMUSH.Library.Models.SharpPlayer: SharpMUSH.Library.Models.SharpPlayer, *System.String: -1*, <null>, *Announce*)
  	Notify(SharpMUSH.Library.Models.SharpPlayer: SharpMUSH.Library.Models.SharpPlayer, *System.String: -1*, <null>, *Announce*)
  	Notify(SharpMUSH.Library.Models.SharpPlayer: SharpMUSH.Library.Models.SharpPlayer, *System.String: -1*, <null>, *Announce*)
  	Notify(SharpMUSH.Library.Models.SharpPlayer: SharpMUSH.Library.Models.SharpPlayer, *System.String: -1*, <null>, *Announce*)
  	Notify(SharpMUSH.Library.Models.SharpPlayer: SharpMUSH.Library.Models.SharpPlayer, *System.String: -1*, <null>, *Announce*)
  	Notify(SharpMUSH.Library.Models.SharpPlayer: SharpMUSH.Library.Models.SharpPlayer, *System.String: -1*, <null>, *Announce*)
  	Notify(SharpMUSH.Library.Models.SharpPlayer: SharpMUSH.Library.Models.SharpPlayer, *System.String: -1*, <null>, *Announce*)
  	Notify(SharpMUSH.Library.Models.SharpPlayer: SharpMUSH.Library.Models.SharpPlayer, *System.String: -1*, <null>, *Announce*)
  	Notify(SharpMUSH.Library.Models.SharpPlayer: SharpMUSH.Library.Models.SharpPlayer, *System.String: -1*, <null>, *Announce*)
  	Notify(SharpMUSH.Library.Models.SharpPlayer: SharpMUSH.Library.Models.SharpPlayer, *System.String: -1*, <null>, *Announce*)
  	Notify(SharpMUSH.Library.Models.SharpPlayer: SharpMUSH.Library.Models.SharpPlayer, *System.String: -1*, <null>, *Announce*)
  	Notify(SharpMUSH.Library.Models.SharpPlayer: SharpMUSH.Library.Models.SharpPlayer, *System.String: -1*, <null>, *Announce*)
  	Notify(SharpMUSH.Library.Models.SharpPlayer: SharpMUSH.Library.Models.SharpPlayer, *System.String: -1*, <null>, *Announce*)
  	Notify(SharpMUSH.Library.Models.SharpPlayer: SharpMUSH.Library.Models.SharpPlayer, *System.String: -1*, <null>, *Announce*)
  	Notify(SharpMUSH.Library.Models.SharpPlayer: SharpMUSH.Library.Models.SharpPlayer, *System.String: -1*, <null>, *Announce*)
  	Notify(SharpMUSH.Library.Models.SharpPlayer: SharpMUSH.Library.Models.SharpPlayer, *System.String: -1*, <null>, *Announce*)
  	Notify(SharpMUSH.Library.Models.SharpPlayer: SharpMUSH.Library.Models.SharpPlayer, *System.String: -1*, <null>, *Announce*)
  	Notify(SharpMUSH.Library.Models.SharpPlayer: SharpMUSH.Library.Models.SharpPlayer, *System.String: -1*, <null>, *Announce*)
  	Notify(SharpMUSH.Library.Models.SharpPlayer: SharpMUSH.Library.Models.SharpPlayer, *System.String: -1*, <null>, *Announce*)
  	Notify(SharpMUSH.Library.Models.SharpPlayer: SharpMUSH.Library.Models.SharpPlayer, *System.String: -1*, <null>, *Announce*)
  	Notify(SharpMUSH.Library.Models.SharpPlayer: SharpMUSH.Library.Models.SharpPlayer, *System.String: -1*, <null>, *Announce*)
  	Notify(SharpMUSH.Library.Models.SharpPlayer: SharpMUSH.Library.Models.SharpPlayer, *System.String: -1*, <null>, *Announce*)
  	Notify(SharpMUSH.Library.Models.SharpPlayer: SharpMUSH.Library.Models.SharpPlayer, *System.String: -1*, <null>, *Announce*)
  	Notify(SharpMUSH.Library.Models.SharpPlayer: SharpMUSH.Library.Models.SharpPlayer, *System.String: -1*, <null>, *Announce*)
  	Notify(SharpMUSH.Library.Models.SharpPlayer: SharpMUSH.Library.Models.SharpPlayer, *System.String: -1*, <null>, *Announce*)
  	Notify(SharpMUSH.Library.Models.SharpPlayer: SharpMUSH.Library.Models.SharpPlayer, *System.String: -1*, <null>, *Announce*)
  	Notify(SharpMUSH.Library.Models.SharpPlayer: SharpMUSH.Library.Models.SharpPlayer, *System.String: -1*, <null>, *Announce*)
  	Notify(SharpMUSH.Library.Models.SharpPlayer: SharpMUSH.Library.Models.SharpPlayer, *System.String: -1*, <null>, *Announce*)
  	Notify(SharpMUSH.Library.Models.SharpPlayer: SharpMUSH.Library.Models.SharpPlayer, *System.String: -1*, <null>, *Announce*)
  	Notify(SharpMUSH.Library.Models.SharpPlayer: SharpMUSH.Library.Models.SharpPlayer, *System.String: -1*, <null>, *Announce*)
  	Notify(SharpMUSH.Library.Models.SharpPlayer: SharpMUSH.Library.Models.SharpPlayer, *System.String: -1*, <null>, *Announce*)
  	Notify(SharpMUSH.Library.Models.SharpPlayer: SharpMUSH.Library.Models.SharpPlayer, *System.String: -1*, <null>, *Announce*)
  	Notify(SharpMUSH.Library.Models.SharpPlayer: SharpMUSH.Library.Models.SharpPlayer, *System.String: -1*, <null>, *Announce*)
  	Notify(SharpMUSH.Library.Models.SharpPlayer: SharpMUSH.Library.Models.SharpPlayer, *System.String: -1*, <null>, *Announce*)
  	Notify(SharpMUSH.Library.Models.SharpPlayer: SharpMUSH.Library.Models.SharpPlayer, *System.String: -1*, <null>, *Announce*)
  	Notify(SharpMUSH.Library.Models.SharpPlayer: SharpMUSH.Library.Models.SharpPlayer, *System.String: -1*, <null>, *Announce*)
  	Notify(SharpMUSH.Library.Models.SharpPlayer: SharpMUSH.Library.Models.SharpPlayer, *System.String: -1*, <null>, *Announce*)
  	Notify(SharpMUSH.Library.Models.SharpPlayer: SharpMUSH.Library.Models.SharpPlayer, *System.String: -1*, <null>, *Announce*)
  	Notify(SharpMUSH.Library.Models.SharpPlayer: SharpMUSH.Library.Models.SharpPlayer, *System.String: -1*, <null>, *Announce*)
  	Notify(SharpMUSH.Library.Models.SharpPlayer: SharpMUSH.Library.Models.SharpPlayer, *System.String: -1*, <null>, *Announce*)
  	Notify(SharpMUSH.Library.Models.SharpPlayer: SharpMUSH.Library.Models.SharpPlayer, *System.String: -1*, <null>, *Announce*)
  	Notify(SharpMUSH.Library.Models.SharpPlayer: SharpMUSH.Library.Models.SharpPlayer, *System.String: -1*, <null>, *Announce*)
  	Notify(SharpMUSH.Library.Models.SharpPlayer: SharpMUSH.Library.Models.SharpPlayer, *System.String: -1*, <null>, *Announce*)
  	Notify(SharpMUSH.Library.Models.SharpPlayer: SharpMUSH.Library.Models.SharpPlayer, *System.String: -1*, <null>, *Announce*)
  	Notify(SharpMUSH.Library.Models.SharpPlayer: SharpMUSH.Library.Models.SharpPlayer, *System.String: -1*, <null>, *Announce*)
  	Notify(SharpMUSH.Library.Models.SharpPlayer: SharpMUSH.Library.Models.SharpPlayer, *System.String: -1*, <null>, *Announce*)
  	Notify(SharpMUSH.Library.Models.SharpPlayer: SharpMUSH.Library.Models.SharpPlayer, *System.String: -1*, <null>, *Announce*)
  	Notify(SharpMUSH.Library.Models.SharpPlayer: SharpMUSH.Library.Models.SharpPlayer, *System.String: -1*, <null>, *Announce*)
  	Notify(SharpMUSH.Library.Models.SharpPlayer: SharpMUSH.Library.Models.SharpPlayer, *System.String: -1*, <null>, *Announce*)
  	Notify(SharpMUSH.Library.Models.SharpPlayer: SharpMUSH.Library.Models.SharpPlayer, *System.String: -1*, <null>, *Announce*)
  	Notify(SharpMUSH.Library.Models.SharpPlayer: SharpMUSH.Library.Models.SharpPlayer, *System.String: -1*, <null>, *Announce*)
  	Notify(SharpMUSH.Library.Models.SharpPlayer: SharpMUSH.Library.Models.SharpPlayer, *System.String: -1*, <null>, *Announce*)
  	Notify(SharpMUSH.Library.Models.SharpPlayer: SharpMUSH.Library.Models.SharpPlayer, *System.String: -1*, <null>, *Announce*)
  	Notify(SharpMUSH.Library.Models.SharpPlayer: SharpMUSH.Library.Models.SharpPlayer, *System.String: -1*, <null>, *Announce*)
  	Notify(SharpMUSH.Library.Models.SharpPlayer: SharpMUSH.Library.Models.SharpPlayer, *System.String: -1*, <null>, *Announce*)
  	Notify(SharpMUSH.Library.Models.SharpPlayer: SharpMUSH.Library.Models.SharpPlayer, *System.String: -1*, <null>, *Announce*)
  	Notify(SharpMUSH.Library.Models.SharpPlayer: SharpMUSH.Library.Models.SharpPlayer, *System.String: -1*, <null>, *Announce*)
  	Notify(SharpMUSH.Library.Models.SharpPlayer: SharpMUSH.Library.Models.SharpPlayer, *System.String: -1*, <null>, *Announce*)
  	Notify(SharpMUSH.Library.Models.SharpPlayer: SharpMUSH.Library.Models.SharpPlayer, *System.String: -1*, <null>, *Announce*)
  	Notify(SharpMUSH.Library.Models.SharpPlayer: SharpMUSH.Library.Models.SharpPlayer, *System.String: -1*, <null>, *Announce*)
  	Notify(SharpMUSH.Library.Models.SharpPlayer: SharpMUSH.Library.Models.SharpPlayer, *System.String: -1*, <null>, *Announce*)
  	Notify(SharpMUSH.Library.Models.SharpPlayer: SharpMUSH.Library.Models.SharpPlayer, *System.String: -1*, <null>, *Announce*)
  	Notify(SharpMUSH.Library.Models.SharpPlayer: SharpMUSH.Library.Models.SharpPlayer, *System.String: -1*, <null>, *Announce*)
  	Notify(SharpMUSH.Library.Models.SharpPlayer: SharpMUSH.Library.Models.SharpPlayer, *System.String: -1*, <null>, *Announce*)
  	Notify(SharpMUSH.Library.Models.SharpPlayer: SharpMUSH.Library.Models.SharpPlayer, *System.String: -1*, <null>, *Announce*)
  	Notify(SharpMUSH.Library.Models.SharpPlayer: SharpMUSH.Library.Models.SharpPlayer, *System.String: -1*, <null>, *Announce*)
  	Notify(SharpMUSH.Library.Models.SharpPlayer: SharpMUSH.Library.Models.SharpPlayer, *System.String: -1*, <null>, *Announce*)
  	Notify(SharpMUSH.Library.Models.SharpPlayer: SharpMUSH.Library.Models.SharpPlayer, *System.String: -1*, <null>, *Announce*)
  	Notify(SharpMUSH.Library.Models.SharpPlayer: SharpMUSH.Library.Models.SharpPlayer, *System.String: -1*, <null>, *Announce*)
  	Notify(SharpMUSH.Library.Models.SharpPlayer: SharpMUSH.Library.Models.SharpPlayer, *System.String: -1*, <null>, *Announce*)
  	Notify(SharpMUSH.Library.Models.SharpPlayer: SharpMUSH.Library.Models.SharpPlayer, *System.String: -1*, <null>, *Announce*)
  	Notify(SharpMUSH.Library.Models.SharpPlayer: SharpMUSH.Library.Models.SharpPlayer, *System.String: -1*, <null>, *Announce*)
  	Notify(SharpMUSH.Library.Models.SharpPlayer: SharpMUSH.Library.Models.SharpPlayer, *System.String: -1*, <null>, *Announce*)
  	Notify(SharpMUSH.Library.Models.SharpPlayer: SharpMUSH.Library.Models.SharpPlayer, *System.String: -1*, <null>, *Announce*)
  	Notify(SharpMUSH.Library.Models.SharpPlayer: SharpMUSH.Library.Models.SharpPlayer, *System.String: -1*, <null>, *Announce*)
  	Notify(SharpMUSH.Library.Models.SharpPlayer: SharpMUSH.Library.Models.SharpPlayer, *System.String: -1*, <null>, *Announce*)
  	Notify(SharpMUSH.Library.Models.SharpPlayer: SharpMUSH.Library.Models.SharpPlayer, *System.String: -1*, <null>, *Announce*)
  	Notify(SharpMUSH.Library.Models.SharpPlayer: SharpMUSH.Library.Models.SharpPlayer, *System.String: -1*, <null>, *Announce*)
  	Notify(SharpMUSH.Library.Models.SharpPlayer: SharpMUSH.Library.Models.SharpPlayer, *System.String: -1*, <null>, *Announce*)
  	Notify(SharpMUSH.Library.Models.SharpPlayer: SharpMUSH.Library.Models.SharpPlayer, *System.String: -1*, <null>, *Announce*)
  	Notify(SharpMUSH.Library.Models.SharpPlayer: SharpMUSH.Library.Models.SharpPlayer, *System.String: -1*, <null>, *Announce*)
  	Notify(SharpMUSH.Library.Models.SharpPlayer: SharpMUSH.Library.Models.SharpPlayer, *System.String: -1*, <null>, *Announce*)
  	Notify(SharpMUSH.Library.Models.SharpPlayer: SharpMUSH.Library.Models.SharpPlayer, *System.String: -1*, <null>, *Announce*)
  	Notify(SharpMUSH.Library.Models.SharpPlayer: SharpMUSH.Library.Models.SharpPlayer, *System.String: -1*, <null>, *Announce*)
  	Notify(SharpMUSH.Library.Models.SharpPlayer: SharpMUSH.Library.Models.SharpPlayer, *System.String: -1*, <null>, *Announce*)
  	Notify(SharpMUSH.Library.Models.SharpPlayer: SharpMUSH.Library.Models.SharpPlayer, *System.String: -1*, <null>, *Announce*)
  	Notify(SharpMUSH.Library.Models.SharpPlayer: SharpMUSH.Library.Models.SharpPlayer, *System.String: -1*, <null>, *Announce*)
  	Notify(SharpMUSH.Library.Models.SharpPlayer: SharpMUSH.Library.Models.SharpPlayer, *System.String: -1*, <null>, *Announce*)
  	Notify(SharpMUSH.Library.Models.SharpPlayer: SharpMUSH.Library.Models.SharpPlayer, *System.String: -1*, <null>, *Announce*)
  	Notify(SharpMUSH.Library.Models.SharpPlayer: SharpMUSH.Library.Models.SharpPlayer, *System.String: -1*, <null>, *Announce*)
  	Notify(SharpMUSH.Library.Models.SharpPlayer: SharpMUSH.Library.Models.SharpPlayer, *System.String: -1*, <null>, *Announce*)
  	Notify(SharpMUSH.Library.Models.SharpPlayer: SharpMUSH.Library.Models.SharpPlayer, *System.String: -1*, <null>, *Announce*)
  	Notify(SharpMUSH.Library.Models.SharpPlayer: SharpMUSH.Library.Models.SharpPlayer, *System.String: -1*, <null>, *Announce*)
  	Notify(SharpMUSH.Library.Models.SharpPlayer: SharpMUSH.Library.Models.SharpPlayer, *System.String: -1*, <null>, *Announce*)
  	Notify(SharpMUSH.Library.Models.SharpPlayer: SharpMUSH.Library.Models.SharpPlayer, *System.String: -1*, <null>, *Announce*)
  	Notify(SharpMUSH.Library.Models.SharpPlayer: SharpMUSH.Library.Models.SharpPlayer, *System.String: -1*, <null>, *Announce*)
  	Notify(SharpMUSH.Library.Models.SharpPlayer: SharpMUSH.Library.Models.SharpPlayer, *System.String: -1*, <null>, *Announce*)
  	Notify(SharpMUSH.Library.Models.SharpPlayer: SharpMUSH.Library.Models.SharpPlayer, *System.String: -1*, <null>, *Announce*)
  	Notify(SharpMUSH.Library.Models.SharpPlayer: SharpMUSH.Library.Models.SharpPlayer, *System.String: -1*, <null>, *Announce*)
  	Notify(SharpMUSH.Library.Models.SharpPlayer: SharpMUSH.Library.Models.SharpPlayer, *System.String: -1*, <null>, *Announce*)
  	Notify(SharpMUSH.Library.Models.SharpPlayer: SharpMUSH.Library.Models.SharpPlayer, *System.String: -1*, <null>, *Announce*)
  	Notify(SharpMUSH.Library.Models.SharpPlayer: SharpMUSH.Library.Models.SharpPlayer, *System.String: -1*, <null>, *Announce*)
  	Notify(SharpMUSH.Library.Models.SharpPlayer: SharpMUSH.Library.Models.SharpPlayer, *System.String: -1*, <null>, *Announce*)
  	Notify(SharpMUSH.Library.Models.SharpPlayer: SharpMUSH.Library.Models.SharpPlayer, *System.String: -1*, <null>, *Announce*)
  	Notify(SharpMUSH.Library.Models.SharpPlayer: SharpMUSH.Library.Models.SharpPlayer, *System.String: -1*, <null>, *Announce*)
  	Notify(SharpMUSH.Library.Models.SharpPlayer: SharpMUSH.Library.Models.SharpPlayer, *System.String: -1*, <null>, *Announce*)
  	Notify(SharpMUSH.Library.Models.SharpPlayer: SharpMUSH.Library.Models.SharpPlayer, *System.String: -1*, <null>, *Announce*)
  	Notify(SharpMUSH.Library.Models.SharpPlayer: SharpMUSH.Library.Models.SharpPlayer, *System.String: -1*, <null>, *Announce*)
  	Notify(SharpMUSH.Library.Models.SharpPlayer: SharpMUSH.Library.Models.SharpPlayer, *System.String: -1*, <null>, *Announce*)
  	Notify(SharpMUSH.Library.Models.SharpPlayer: SharpMUSH.Library.Models.SharpPlayer, *System.String: -1*, <null>, *Announce*)
  	Notify(SharpMUSH.Library.Models.SharpPlayer: SharpMUSH.Library.Models.SharpPlayer, *System.String: -1*, <null>, *Announce*)
  	Notify(SharpMUSH.Library.Models.SharpPlayer: SharpMUSH.Library.Models.SharpPlayer, *System.String: -1*, <null>, *Announce*)
  	Notify(SharpMUSH.Library.Models.SharpPlayer: SharpMUSH.Library.Models.SharpPlayer, *System.String: -1*, <null>, *Announce*)
  	Notify(SharpMUSH.Library.Models.SharpPlayer: SharpMUSH.Library.Models.SharpPlayer, *System.String: -1*, <null>, *Announce*)
  	Notify(SharpMUSH.Library.Models.SharpPlayer: SharpMUSH.Library.Models.SharpPlayer, *System.String: -1*, <null>, *Announce*)
  	Notify(SharpMUSH.Library.Models.SharpPlayer: SharpMUSH.Library.Models.SharpPlayer, *System.String: -1*, <null>, *Announce*)
  	Notify(SharpMUSH.Library.Models.SharpPlayer: SharpMUSH.Library.Models.SharpPlayer, *System.String: -1*, <null>, *Announce*)
  	Notify(SharpMUSH.Library.Models.SharpPlayer: SharpMUSH.Library.Models.SharpPlayer, *System.String: -1*, <null>, *Announce*)
  	Notify(SharpMUSH.Library.Models.SharpPlayer: SharpMUSH.Library.Models.SharpPlayer, *System.String: -1*, <null>, *Announce*)
  	Notify(SharpMUSH.Library.Models.SharpPlayer: SharpMUSH.Library.Models.SharpPlayer, *System.String: -1*, <null>, *Announce*)
  	Notify(SharpMUSH.Library.Models.SharpPlayer: SharpMUSH.Library.Models.SharpPlayer, *System.String: -1*, <null>, *Announce*)
  	Notify(SharpMUSH.Library.Models.SharpPlayer: SharpMUSH.Library.Models.SharpPlayer, *System.String: -1*, <null>, *Announce*)
  	Notify(SharpMUSH.Library.Models.SharpPlayer: SharpMUSH.Library.Models.SharpPlayer, *System.String: -1*, <null>, *Announce*)
  	Notify(SharpMUSH.Library.Models.SharpPlayer: SharpMUSH.Library.Models.SharpPlayer, *System.String: -1*, <null>, *Announce*)
  	Notify(SharpMUSH.Library.Models.SharpPlayer: SharpMUSH.Library.Models.SharpPlayer, *System.String: -1*, <null>, *Announce*)
  	Notify(SharpMUSH.Library.Models.SharpPlayer: SharpMUSH.Library.Models.SharpPlayer, *System.String: -1*, <null>, *Announce*)
  	Notify(SharpMUSH.Library.Models.SharpPlayer: SharpMUSH.Library.Models.SharpPlayer, *System.String: -1*, <null>, *Announce*)
  	Notify(SharpMUSH.Library.Models.SharpPlayer: SharpMUSH.Library.Models.SharpPlayer, *System.String: -1*, <null>, *Announce*)
  	Notify(SharpMUSH.Library.Models.SharpPlayer: SharpMUSH.Library.Models.SharpPlayer, *System.String: -1*, <null>, *Announce*)
  	Notify(SharpMUSH.Library.Models.SharpPlayer: SharpMUSH.Library.Models.SharpPlayer, *System.String: -1*, <null>, *Announce*)
  	Notify(SharpMUSH.Library.Models.SharpPlayer: SharpMUSH.Library.Models.SharpPlayer, *System.String: -1*, <null>, *Announce*)
  	Notify(SharpMUSH.Library.Models.SharpPlayer: SharpMUSH.Library.Models.SharpPlayer, *System.String: -1*, <null>, *Announce*)
  	Notify(SharpMUSH.Library.Models.SharpPlayer: SharpMUSH.Library.Models.SharpPlayer, *System.String: -1*, <null>, *Announce*)
  	Notify(SharpMUSH.Library.Models.SharpPlayer: SharpMUSH.Library.Models.SharpPlayer, *System.String: -1*, <null>, *Announce*)
  	Notify(SharpMUSH.Library.Models.SharpPlayer: SharpMUSH.Library.Models.SharpPlayer, *System.String: -1*, <null>, *Announce*)
  	Notify(SharpMUSH.Library.Models.SharpPlayer: SharpMUSH.Library.Models.SharpPlayer, *System.String: -1*, <null>, *Announce*)
  	Notify(SharpMUSH.Library.Models.SharpPlayer: SharpMUSH.Library.Models.SharpPlayer, *System.String: -1*, <null>, *Announce*)
  	Notify(SharpMUSH.Library.Models.SharpPlayer: SharpMUSH.Library.Models.SharpPlayer, *System.String: -1*, <null>, *Announce*)
  	Notify(SharpMUSH.Library.Models.SharpPlayer: SharpMUSH.Library.Models.SharpPlayer, *System.String: -1*, <null>, *Announce*)
  	Notify(SharpMUSH.Library.Models.SharpPlayer: SharpMUSH.Library.Models.SharpPlayer, *System.String: -1*, <null>, *Announce*)
  	Notify(SharpMUSH.Library.Models.SharpPlayer: SharpMUSH.Library.Models.SharpPlayer, *System.String: -1*, <null>, *Announce*)
  	Notify(SharpMUSH.Library.Models.SharpPlayer: SharpMUSH.Library.Models.SharpPlayer, *System.String: -1*, <null>, *Announce*)
  	Notify(SharpMUSH.Library.Models.SharpPlayer: SharpMUSH.Library.Models.SharpPlayer, *System.String: -1*, <null>, *Announce*)
  	Notify(SharpMUSH.Library.Models.SharpPlayer: SharpMUSH.Library.Models.SharpPlayer, *System.String: -1*, <null>, *Announce*)
  	Notify(SharpMUSH.Library.Models.SharpPlayer: SharpMUSH.Library.Models.SharpPlayer, *System.String: -1*, <null>, *Announce*)
  	Notify(SharpMUSH.Library.Models.SharpPlayer: SharpMUSH.Library.Models.SharpPlayer, *System.String: -1*, <null>, *Announce*)
  	Notify(SharpMUSH.Library.Models.SharpPlayer: SharpMUSH.Library.Models.SharpPlayer, *System.String: -1*, <null>, *Announce*)
  	Notify(SharpMUSH.Library.Models.SharpPlayer: SharpMUSH.Library.Models.SharpPlayer, *System.String: -1*, <null>, *Announce*)
  	Notify(SharpMUSH.Library.Models.SharpPlayer: SharpMUSH.Library.Models.SharpPlayer, *System.String: -1*, <null>, *Announce*)
  	Notify(SharpMUSH.Library.Models.SharpPlayer: SharpMUSH.Library.Models.SharpPlayer, *System.String: -1*, <null>, *Announce*)
  	Notify(SharpMUSH.Library.Models.SharpPlayer: SharpMUSH.Library.Models.SharpPlayer, *System.String: -1*, <null>, *Announce*)
  	Notify(SharpMUSH.Library.Models.SharpPlayer: SharpMUSH.Library.Models.SharpPlayer, *System.String: -1*, <null>, *Announce*)
  	Notify(SharpMUSH.Library.Models.SharpPlayer: SharpMUSH.Library.Models.SharpPlayer, *System.String: -1*, <null>, *Announce*)
  	Notify(SharpMUSH.Library.Models.SharpPlayer: SharpMUSH.Library.Models.SharpPlayer, *System.String: -1*, <null>, *Announce*)
  	Notify(SharpMUSH.Library.Models.SharpPlayer: SharpMUSH.Library.Models.SharpPlayer, *System.String: -1*, <null>, *Announce*)
  	Notify(SharpMUSH.Library.Models.SharpPlayer: SharpMUSH.Library.Models.SharpPlayer, *System.String: -1*, <null>, *Announce*)
  	Notify(SharpMUSH.Library.Models.SharpPlayer: SharpMUSH.Library.Models.SharpPlayer, *System.String: -1*, <null>, *Announce*)
  	Notify(SharpMUSH.Library.Models.SharpPlayer: SharpMUSH.Library.Models.SharpPlayer, *System.String: -1*, <null>, *Announce*)
  	Notify(SharpMUSH.Library.Models.SharpPlayer: SharpMUSH.Library.Models.SharpPlayer, *System.String: -1*, <null>, *Announce*)
  	Notify(SharpMUSH.Library.Models.SharpPlayer: SharpMUSH.Library.Models.SharpPlayer, *System.String: -1*, <null>, *Announce*)
  	Notify(SharpMUSH.Library.Models.SharpPlayer: SharpMUSH.Library.Models.SharpPlayer, *System.String: -1*, <null>, *Announce*)
  	Notify(SharpMUSH.Library.Models.SharpPlayer: SharpMUSH.Library.Models.SharpPlayer, *System.String: -1*, <null>, *Announce*)
  	Notify(SharpMUSH.Library.Models.SharpPlayer: SharpMUSH.Library.Models.SharpPlayer, *System.String: -1*, <null>, *Announce*)
  	Notify(SharpMUSH.Library.Models.SharpPlayer: SharpMUSH.Library.Models.SharpPlayer, *System.String: -1*, <null>, *Announce*)
  	Notify(SharpMUSH.Library.Models.SharpPlayer: SharpMUSH.Library.Models.SharpPlayer, *System.String: -1*, <null>, *Announce*)
  	Notify(SharpMUSH.Library.Models.SharpPlayer: SharpMUSH.Library.Models.SharpPlayer, *System.String: -1*, <null>, *Announce*)
  	Notify(SharpMUSH.Library.Models.SharpPlayer: SharpMUSH.Library.Models.SharpPlayer, *System.String: -1*, <null>, *Announce*)
  	Notify(SharpMUSH.Library.Models.SharpPlayer: SharpMUSH.Library.Models.SharpPlayer, *System.String: -1*, <null>, *Announce*)
  	Notify(SharpMUSH.Library.Models.SharpPlayer: SharpMUSH.Library.Models.SharpPlayer, *System.String: -1*, <null>, *Announce*)
  	Notify(SharpMUSH.Library.Models.SharpPlayer: SharpMUSH.Library.Models.SharpPlayer, *System.String: -1*, <null>, *Announce*)
  	Notify(SharpMUSH.Library.Models.SharpPlayer: SharpMUSH.Library.Models.SharpPlayer, *System.String: -1*, <null>, *Announce*)
  	Notify(SharpMUSH.Library.Models.SharpPlayer: SharpMUSH.Library.Models.SharpPlayer, *System.String: -1*, <null>, *Announce*)
  	Notify(SharpMUSH.Library.Models.SharpPlayer: SharpMUSH.Library.Models.SharpPlayer, *System.String: -1*, <null>, *Announce*)
  	Notify(SharpMUSH.Library.Models.SharpPlayer: SharpMUSH.Library.Models.SharpPlayer, *System.String: -1*, <null>, *Announce*)
  	Notify(SharpMUSH.Library.Models.SharpPlayer: SharpMUSH.Library.Models.SharpPlayer, *System.String: -1*, <null>, *Announce*)
  	Notify(SharpMUSH.Library.Models.SharpPlayer: SharpMUSH.Library.Models.SharpPlayer, *System.String: -1*, <null>, *Announce*)
  	Notify(SharpMUSH.Library.Models.SharpPlayer: SharpMUSH.Library.Models.SharpPlayer, *System.String: -1*, <null>, *Announce*)
  	Notify(SharpMUSH.Library.Models.SharpPlayer: SharpMUSH.Library.Models.SharpPlayer, *System.String: -1*, <null>, *Announce*)
  	Notify(SharpMUSH.Library.Models.SharpPlayer: SharpMUSH.Library.Models.SharpPlayer, *System.String: -1*, <null>, *Announce*)
  	Notify(SharpMUSH.Library.Models.SharpPlayer: SharpMUSH.Library.Models.SharpPlayer, *System.String: -1*, <null>, *Announce*)
  	Notify(SharpMUSH.Library.Models.SharpPlayer: SharpMUSH.Library.Models.SharpPlayer, *System.String: -1*, <null>, *Announce*)
  	Notify(SharpMUSH.Library.Models.SharpPlayer: SharpMUSH.Library.Models.SharpPlayer, *System.String: -1*, <null>, *Announce*)
  	Notify(SharpMUSH.Library.Models.SharpPlayer: SharpMUSH.Library.Models.SharpPlayer, *System.String: -1*, <null>, *Announce*)
  	Notify(SharpMUSH.Library.Models.SharpPlayer: SharpMUSH.Library.Models.SharpPlayer, *System.String: -1*, <null>, *Announce*)
  	Notify(SharpMUSH.Library.Models.SharpPlayer: SharpMUSH.Library.Models.SharpPlayer, *System.String: -1*, <null>, *Announce*)
  	Notify(SharpMUSH.Library.Models.SharpPlayer: SharpMUSH.Library.Models.SharpPlayer, *System.String: -1*, <null>, *Announce*)
  	Notify(SharpMUSH.Library.Models.SharpPlayer: SharpMUSH.Library.Models.SharpPlayer, *System.String: -1*, <null>, *Announce*)
  	Notify(SharpMUSH.Library.Models.SharpPlayer: SharpMUSH.Library.Models.SharpPlayer, *System.String: -1*, <null>, *Announce*)
  	Notify(SharpMUSH.Library.Models.SharpPlayer: SharpMUSH.Library.Models.SharpPlayer, *System.String: -1*, <null>, *Announce*)
  	Notify(SharpMUSH.Library.Models.SharpPlayer: SharpMUSH.Library.Models.SharpPlayer, *System.String: -1*, <null>, *Announce*)
  	Notify(SharpMUSH.Library.Models.SharpPlayer: SharpMUSH.Library.Models.SharpPlayer, *System.String: -1*, <null>, *Announce*)
  	Notify(SharpMUSH.Library.Models.SharpPlayer: SharpMUSH.Library.Models.SharpPlayer, *System.String: -1*, <null>, *Announce*)
  	Notify(SharpMUSH.Library.Models.SharpPlayer: SharpMUSH.Library.Models.SharpPlayer, *System.String: -1*, <null>, *Announce*)
  	Notify(SharpMUSH.Library.Models.SharpPlayer: SharpMUSH.Library.Models.SharpPlayer, *System.String: -1*, <null>, *Announce*)
  	Notify(SharpMUSH.Library.Models.SharpPlayer: SharpMUSH.Library.Models.SharpPlayer, *System.String: -1*, <null>, *Announce*)
  	Notify(SharpMUSH.Library.Models.SharpPlayer: SharpMUSH.Library.Models.SharpPlayer, *System.String: -1*, <null>, *Announce*)
  	Notify(SharpMUSH.Library.Models.SharpPlayer: SharpMUSH.Library.Models.SharpPlayer, *System.String: -1*, <null>, *Announce*)
  	Notify(SharpMUSH.Library.Models.SharpPlayer: SharpMUSH.Library.Models.SharpPlayer, *System.String: -1*, <null>, *Announce*)
  	Notify(SharpMUSH.Library.Models.SharpPlayer: SharpMUSH.Library.Models.SharpPlayer, *System.String: -1*, <null>, *Announce*)
  	Notify(SharpMUSH.Library.Models.SharpPlayer: SharpMUSH.Library.Models.SharpPlayer, *System.String: -1*, <null>, *Announce*)
  	Notify(SharpMUSH.Library.Models.SharpPlayer: SharpMUSH.Library.Models.SharpPlayer, *System.String: -1*, <null>, *Announce*)
  	Notify(SharpMUSH.Library.Models.SharpPlayer: SharpMUSH.Library.Models.SharpPlayer, *System.String: -1*, <null>, *Announce*)
  	Notify(SharpMUSH.Library.Models.SharpPlayer: SharpMUSH.Library.Models.SharpPlayer, *System.String: -1*, <null>, *Announce*)
  	Notify(SharpMUSH.Library.Models.SharpPlayer: SharpMUSH.Library.Models.SharpPlayer, *System.String: -1*, <null>, *Announce*)
  	Notify(SharpMUSH.Library.Models.SharpPlayer: SharpMUSH.Library.Models.SharpPlayer, *System.String: -1*, <null>, *Announce*)
  	Notify(SharpMUSH.Library.Models.SharpPlayer: SharpMUSH.Library.Models.SharpPlayer, *System.String: -1*, <null>, *Announce*)
  	Notify(SharpMUSH.Library.Models.SharpPlayer: SharpMUSH.Library.Models.SharpPlayer, *System.String: -1*, <null>, *Announce*)
  	Notify(SharpMUSH.Library.Models.SharpPlayer: SharpMUSH.Library.Models.SharpPlayer, *System.String: -1*, <null>, *Announce*)
  	Notify(SharpMUSH.Library.Models.SharpPlayer: SharpMUSH.Library.Models.SharpPlayer, *System.String: -1*, <null>, *Announce*)
  	Notify(SharpMUSH.Library.Models.SharpPlayer: SharpMUSH.Library.Models.SharpPlayer, *System.String: -1*, <null>, *Announce*)
  	Notify(SharpMUSH.Library.Models.SharpPlayer: SharpMUSH.Library.Models.SharpPlayer, *System.String: -1*, <null>, *Announce*)
  	Notify(SharpMUSH.Library.Models.SharpPlayer: SharpMUSH.Library.Models.SharpPlayer, *System.String: -1*, <null>, *Announce*)
  	Notify(SharpMUSH.Library.Models.SharpPlayer: SharpMUSH.Library.Models.SharpPlayer, *System.String: -1*, <null>, *Announce*)
  	Notify(SharpMUSH.Library.Models.SharpPlayer: SharpMUSH.Library.Models.SharpPlayer, *System.String: -1*, <null>, *Announce*)
  	Notify(SharpMUSH.Library.Models.SharpPlayer: SharpMUSH.Library.Models.SharpPlayer, *System.String: -1*, <null>, *Announce*)
  	Notify(SharpMUSH.Library.Models.SharpPlayer: SharpMUSH.Library.Models.SharpPlayer, *System.String: -1*, <null>, *Announce*)
  	Notify(SharpMUSH.Library.Models.SharpPlayer: SharpMUSH.Library.Models.SharpPlayer, *System.String: -1*, <null>, *Announce*)
  	Notify(SharpMUSH.Library.Models.SharpPlayer: SharpMUSH.Library.Models.SharpPlayer, *System.String: -1*, <null>, *Announce*)
  	Notify(SharpMUSH.Library.Models.SharpPlayer: SharpMUSH.Library.Models.SharpPlayer, *System.String: -1*, <null>, *Announce*)
  	Notify(SharpMUSH.Library.Models.SharpPlayer: SharpMUSH.Library.Models.SharpPlayer, *System.String: -1*, <null>, *Announce*)
  	Notify(SharpMUSH.Library.Models.SharpPlayer: SharpMUSH.Library.Models.SharpPlayer, *System.String: -1*, <null>, *Announce*)
  	Notify(SharpMUSH.Library.Models.SharpPlayer: SharpMUSH.Library.Models.SharpPlayer, *System.String: -1*, <null>, *Announce*)
  	Notify(SharpMUSH.Library.Models.SharpPlayer: SharpMUSH.Library.Models.SharpPlayer, *System.String: -1*, <null>, *Announce*)
  	Notify(SharpMUSH.Library.Models.SharpPlayer: SharpMUSH.Library.Models.SharpPlayer, *System.String: -1*, <null>, *Announce*)
  	Notify(SharpMUSH.Library.Models.SharpPlayer: SharpMUSH.Library.Models.SharpPlayer, *System.String: -1*, <null>, *Announce*)
  	Notify(SharpMUSH.Library.Models.SharpPlayer: SharpMUSH.Library.Models.SharpPlayer, *System.String: -1*, <null>, *Announce*)
  	Notify(SharpMUSH.Library.Models.SharpPlayer: SharpMUSH.Library.Models.SharpPlayer, *System.String: -1*, <null>, *Announce*)
  	Notify(SharpMUSH.Library.Models.SharpPlayer: SharpMUSH.Library.Models.SharpPlayer, *System.String: -1*, <null>, *Announce*)
  	Notify(SharpMUSH.Library.Models.SharpPlayer: SharpMUSH.Library.Models.SharpPlayer, *System.String: -1*, <null>, *Announce*)
  	Notify(SharpMUSH.Library.Models.SharpPlayer: SharpMUSH.Library.Models.SharpPlayer, *System.String: -1*, <null>, *Announce*)
  	Notify(SharpMUSH.Library.Models.SharpPlayer: SharpMUSH.Library.Models.SharpPlayer, *System.String: -1*, <null>, *Announce*)
  	Notify(SharpMUSH.Library.Models.SharpPlayer: SharpMUSH.Library.Models.SharpPlayer, *System.String: -1*, <null>, *Announce*)
  	Notify(SharpMUSH.Library.Models.SharpPlayer: SharpMUSH.Library.Models.SharpPlayer, *System.String: -1*, <null>, *Announce*)
  	Notify(SharpMUSH.Library.Models.SharpPlayer: SharpMUSH.Library.Models.SharpPlayer, *System.String: -1*, <null>, *Announce*)
  	Notify(SharpMUSH.Library.Models.SharpPlayer: SharpMUSH.Library.Models.SharpPlayer, *System.String: -1*, <null>, *Announce*)
  	Notify(SharpMUSH.Library.Models.SharpPlayer: SharpMUSH.Library.Models.SharpPlayer, *System.String: -1*, <null>, *Announce*)
  	Notify(SharpMUSH.Library.Models.SharpPlayer: SharpMUSH.Library.Models.SharpPlayer, *System.String: -1*, <null>, *Announce*)
  	Notify(SharpMUSH.Library.Models.SharpPlayer: SharpMUSH.Library.Models.SharpPlayer, *System.String: -1*, <null>, *Announce*)
  	Notify(SharpMUSH.Library.Models.SharpPlayer: SharpMUSH.Library.Models.SharpPlayer, *System.String: -1*, <null>, *Announce*)
  	Notify(SharpMUSH.Library.Models.SharpPlayer: SharpMUSH.Library.Models.SharpPlayer, *System.String: -1*, <null>, *Announce*)
  	Notify(SharpMUSH.Library.Models.SharpPlayer: SharpMUSH.Library.Models.SharpPlayer, *System.String: -1*, <null>, *Announce*)
  	Notify(SharpMUSH.Library.Models.SharpPlayer: SharpMUSH.Library.Models.SharpPlayer, *System.String: -1*, <null>, *Announce*)
  	Notify(SharpMUSH.Library.Models.SharpPlayer: SharpMUSH.Library.Models.SharpPlayer, *System.String: -1*, <null>, *Announce*)
  	Notify(SharpMUSH.Library.Models.SharpPlayer: SharpMUSH.Library.Models.SharpPlayer, *System.String: -1*, <null>, *Announce*)
  	Notify(SharpMUSH.Library.Models.SharpPlayer: SharpMUSH.Library.Models.SharpPlayer, *System.String: -1*, <null>, *Announce*)
  	Notify(SharpMUSH.Library.Models.SharpPlayer: SharpMUSH.Library.Models.SharpPlayer, *System.String: -1*, <null>, *Announce*)
  	Notify(SharpMUSH.Library.Models.SharpPlayer: SharpMUSH.Library.Models.SharpPlayer, *System.String: -1*, <null>, *Announce*)
  	Notify(SharpMUSH.Library.Models.SharpPlayer: SharpMUSH.Library.Models.SharpPlayer, *System.String: -1*, <null>, *Announce*)
  	Notify(SharpMUSH.Library.Models.SharpPlayer: SharpMUSH.Library.Models.SharpPlayer, *System.String: -1*, <null>, *Announce*)
  	Notify(SharpMUSH.Library.Models.SharpPlayer: SharpMUSH.Library.Models.SharpPlayer, *System.String: -1*, <null>, *Announce*)
  	Notify(SharpMUSH.Library.Models.SharpPlayer: SharpMUSH.Library.Models.SharpPlayer, *System.String: -1*, <null>, *Announce*)
  	Notify(SharpMUSH.Library.Models.SharpPlayer: SharpMUSH.Library.Models.SharpPlayer, *System.String: -1*, <null>, *Announce*)
  	Notify(SharpMUSH.Library.Models.SharpPlayer: SharpMUSH.Library.Models.SharpPlayer, *System.String: -1*, <null>, *Announce*)
  	Notify(SharpMUSH.Library.Models.SharpPlayer: SharpMUSH.Library.Models.SharpPlayer, *System.String: -1*, <null>, *Announce*)
  	Notify(SharpMUSH.Library.Models.SharpPlayer: SharpMUSH.Library.Models.SharpPlayer, *System.String: -1*, <null>, *Announce*)
  	Notify(SharpMUSH.Library.Models.SharpPlayer: SharpMUSH.Library.Models.SharpPlayer, *System.String: -1*, <null>, *Announce*)
  	Notify(SharpMUSH.Library.Models.SharpPlayer: SharpMUSH.Library.Models.SharpPlayer, *System.String: -1*, <null>, *Announce*)
  	Notify(SharpMUSH.Library.Models.SharpPlayer: SharpMUSH.Library.Models.SharpPlayer, *System.String: -1*, <null>, *Announce*)
  	Notify(SharpMUSH.Library.Models.SharpPlayer: SharpMUSH.Library.Models.SharpPlayer, *System.String: -1*, <null>, *Announce*)
  	Notify(SharpMUSH.Library.Models.SharpPlayer: SharpMUSH.Library.Models.SharpPlayer, *System.String: -1*, <null>, *Announce*)
  	Notify(SharpMUSH.Library.Models.SharpPlayer: SharpMUSH.Library.Models.SharpPlayer, *System.String: -1*, <null>, *Announce*)
  	Notify(SharpMUSH.Library.Models.SharpPlayer: SharpMUSH.Library.Models.SharpPlayer, *System.String: -1*, <null>, *Announce*)
  	Notify(SharpMUSH.Library.Models.SharpPlayer: SharpMUSH.Library.Models.SharpPlayer, *System.String: -1*, <null>, *Announce*)
  	Notify(SharpMUSH.Library.Models.SharpPlayer: SharpMUSH.Library.Models.SharpPlayer, *System.String: -1*, <null>, *Announce*)
  	Notify(SharpMUSH.Library.Models.SharpPlayer: SharpMUSH.Library.Models.SharpPlayer, *System.String: -1*, <null>, *Announce*)
  	Notify(SharpMUSH.Library.Models.SharpPlayer: SharpMUSH.Library.Models.SharpPlayer, *System.String: -1*, <null>, *Announce*)
  	Notify(SharpMUSH.Library.Models.SharpPlayer: SharpMUSH.Library.Models.SharpPlayer, *System.String: -1*, <null>, *Announce*)
  	Notify(SharpMUSH.Library.Models.SharpPlayer: SharpMUSH.Library.Models.SharpPlayer, *System.String: -1*, <null>, *Announce*)
  	Notify(SharpMUSH.Library.Models.SharpPlayer: SharpMUSH.Library.Models.SharpPlayer, *System.String: -1*, <null>, *Announce*)
  	Notify(SharpMUSH.Library.Models.SharpPlayer: SharpMUSH.Library.Models.SharpPlayer, *System.String: -1*, <null>, *Announce*)
  	Notify(SharpMUSH.Library.Models.SharpPlayer: SharpMUSH.Library.Models.SharpPlayer, *System.String: -1*, <null>, *Announce*)
  	Notify(SharpMUSH.Library.Models.SharpPlayer: SharpMUSH.Library.Models.SharpPlayer, *System.String: -1*, <null>, *Announce*)
  	Notify(SharpMUSH.Library.Models.SharpPlayer: SharpMUSH.Library.Models.SharpPlayer, *System.String: -1*, <null>, *Announce*)
  	Notify(SharpMUSH.Library.Models.SharpPlayer: SharpMUSH.Library.Models.SharpPlayer, *System.String: -1*, <null>, *Announce*)
  	Notify(SharpMUSH.Library.Models.SharpPlayer: SharpMUSH.Library.Models.SharpPlayer, *System.String: -1*, <null>, *Announce*)
  	Notify(SharpMUSH.Library.Models.SharpPlayer: SharpMUSH.Library.Models.SharpPlayer, *System.String: -1*, <null>, *Announce*)
  	Notify(SharpMUSH.Library.Models.SharpPlayer: SharpMUSH.Library.Models.SharpPlayer, *System.String: -1*, <null>, *Announce*)
  	Notify(SharpMUSH.Library.Models.SharpPlayer: SharpMUSH.Library.Models.SharpPlayer, *System.String: -1*, <null>, *Announce*)
  	Notify(SharpMUSH.Library.Models.SharpPlayer: SharpMUSH.Library.Models.SharpPlayer, *System.String: -1*, <null>, *Announce*)
  	Notify(SharpMUSH.Library.Models.SharpPlayer: SharpMUSH.Library.Models.SharpPlayer, *System.String: -1*, <null>, *Announce*)
  	Notify(SharpMUSH.Library.Models.SharpPlayer: SharpMUSH.Library.Models.SharpPlayer, *System.String: -1*, <null>, *Announce*)
  	Notify(SharpMUSH.Library.Models.SharpPlayer: SharpMUSH.Library.Models.SharpPlayer, *System.String: -1*, <null>, *Announce*)
  	Notify(SharpMUSH.Library.Models.SharpPlayer: SharpMUSH.Library.Models.SharpPlayer, *System.String: -1*, <null>, *Announce*)
  	Notify(SharpMUSH.Library.Models.SharpPlayer: SharpMUSH.Library.Models.SharpPlayer, *System.String: -1*, <null>, *Announce*)
  	Notify(SharpMUSH.Library.Models.SharpPlayer: SharpMUSH.Library.Models.SharpPlayer, *System.String: -1*, <null>, *Announce*)
  	Notify(SharpMUSH.Library.Models.SharpPlayer: SharpMUSH.Library.Models.SharpPlayer, *System.String: -1*, <null>, *Announce*)
  	Notify(SharpMUSH.Library.Models.SharpPlayer: SharpMUSH.Library.Models.SharpPlayer, *System.String: -1*, <null>, *Announce*)
  	Notify(SharpMUSH.Library.Models.SharpPlayer: SharpMUSH.Library.Models.SharpPlayer, *System.String: -1*, <null>, *Announce*)
  	Notify(SharpMUSH.Library.Models.SharpPlayer: SharpMUSH.Library.Models.SharpPlayer, *System.String: -1*, <null>, *Announce*)
  	Notify(SharpMUSH.Library.Models.SharpPlayer: SharpMUSH.Library.Models.SharpPlayer, *System.String: -1*, <null>, *Announce*)
  	Notify(SharpMUSH.Library.Models.SharpPlayer: SharpMUSH.Library.Models.SharpPlayer, *System.String: -1*, <null>, *Announce*)
  	Notify(SharpMUSH.Library.Models.SharpPlayer: SharpMUSH.Library.Models.SharpPlayer, *System.String: -1*, <null>, *Announce*)
  	Notify(SharpMUSH.Library.Models.SharpPlayer: SharpMUSH.Library.Models.SharpPlayer, *System.String: -1*, <null>, *Announce*)
  	Notify(SharpMUSH.Library.Models.SharpPlayer: SharpMUSH.Library.Models.SharpPlayer, *System.String: -1*, <null>, *Announce*)
  	Notify(SharpMUSH.Library.Models.SharpPlayer: SharpMUSH.Library.Models.SharpPlayer, *System.String: -1*, <null>, *Announce*)
  	Notify(SharpMUSH.Library.Models.SharpPlayer: SharpMUSH.Library.Models.SharpPlayer, *System.String: -1*, <null>, *Announce*)
  	Notify(SharpMUSH.Library.Models.SharpPlayer: SharpMUSH.Library.Models.SharpPlayer, *System.String: -1*, <null>, *Announce*)
  	Notify(SharpMUSH.Library.Models.SharpPlayer: SharpMUSH.Library.Models.SharpPlayer, *System.String: -1*, <null>, *Announce*)
  	Notify(SharpMUSH.Library.Models.SharpPlayer: SharpMUSH.Library.Models.SharpPlayer, *System.String: -1*, <null>, *Announce*)
  	Notify(SharpMUSH.Library.Models.SharpPlayer: SharpMUSH.Library.Models.SharpPlayer, *System.String: -1*, <null>, *Announce*)
  	Notify(SharpMUSH.Library.Models.SharpPlayer: SharpMUSH.Library.Models.SharpPlayer, *System.String: -1*, <null>, *Announce*)
  	Notify(SharpMUSH.Library.Models.SharpPlayer: SharpMUSH.Library.Models.SharpPlayer, *System.String: -1*, <null>, *Announce*)
  	Notify(SharpMUSH.Library.Models.SharpPlayer: SharpMUSH.Library.Models.SharpPlayer, *System.String: -1*, <null>, *Announce*)
  	Notify(SharpMUSH.Library.Models.SharpPlayer: SharpMUSH.Library.Models.SharpPlayer, *System.String: -1*, <null>, *Announce*)
  	Notify(SharpMUSH.Library.Models.SharpPlayer: SharpMUSH.Library.Models.SharpPlayer, *System.String: -1*, <null>, *Announce*)
  	Notify(SharpMUSH.Library.Models.SharpPlayer: SharpMUSH.Library.Models.SharpPlayer, *System.String: -1*, <null>, *Announce*)
  	Notify(SharpMUSH.Library.Models.SharpPlayer: SharpMUSH.Library.Models.SharpPlayer, *System.String: -1*, <null>, *Announce*)
  	Notify(SharpMUSH.Library.Models.SharpPlayer: SharpMUSH.Library.Models.SharpPlayer, *System.String: -1*, <null>, *Announce*)
  	Notify(SharpMUSH.Library.Models.SharpPlayer: SharpMUSH.Library.Models.SharpPlayer, *System.String: -1*, <null>, *Announce*)
  	Notify(SharpMUSH.Library.Models.SharpPlayer: SharpMUSH.Library.Models.SharpPlayer, *System.String: -1*, <null>, *Announce*)
  	Notify(SharpMUSH.Library.Models.SharpPlayer: SharpMUSH.Library.Models.SharpPlayer, *System.String: -1*, <null>, *Announce*)
  	Notify(SharpMUSH.Library.Models.SharpPlayer: SharpMUSH.Library.Models.SharpPlayer, *System.String: -1*, <null>, *Announce*)
  	Notify(SharpMUSH.Library.Models.SharpPlayer: SharpMUSH.Library.Models.SharpPlayer, *System.String: -1*, <null>, *Announce*)
  	Notify(SharpMUSH.Library.Models.SharpPlayer: SharpMUSH.Library.Models.SharpPlayer, *System.String: -1*, <null>, *Announce*)
  	Notify(SharpMUSH.Library.Models.SharpPlayer: SharpMUSH.Library.Models.SharpPlayer, *System.String: -1*, <null>, *Announce*)
  	Notify(SharpMUSH.Library.Models.SharpPlayer: SharpMUSH.Library.Models.SharpPlayer, *System.String: -1*, <null>, *Announce*)
  	Notify(SharpMUSH.Library.Models.SharpPlayer: SharpMUSH.Library.Models.SharpPlayer, *System.String: -1*, <null>, *Announce*)
  	Notify(SharpMUSH.Library.Models.SharpPlayer: SharpMUSH.Library.Models.SharpPlayer, *System.String: -1*, <null>, *Announce*)
  	Notify(SharpMUSH.Library.Models.SharpPlayer: SharpMUSH.Library.Models.SharpPlayer, *System.String: -1*, <null>, *Announce*)
  	Notify(SharpMUSH.Library.Models.SharpPlayer: SharpMUSH.Library.Models.SharpPlayer, *System.String: -1*, <null>, *Announce*)
  	Notify(SharpMUSH.Library.Models.SharpPlayer: SharpMUSH.Library.Models.SharpPlayer, *System.String: -1*, <null>, *Announce*)
  	Notify(SharpMUSH.Library.Models.SharpPlayer: SharpMUSH.Library.Models.SharpPlayer, *System.String: -1*, <null>, *Announce*)
  	Notify(SharpMUSH.Library.Models.SharpPlayer: SharpMUSH.Library.Models.SharpPlayer, *System.String: -1*, <null>, *Announce*)
  	Notify(SharpMUSH.Library.Models.SharpPlayer: SharpMUSH.Library.Models.SharpPlayer, *System.String: -1*, <null>, *Announce*)
  	Notify(SharpMUSH.Library.Models.SharpPlayer: SharpMUSH.Library.Models.SharpPlayer, *System.String: -1*, <null>, *Announce*)
  	Notify(SharpMUSH.Library.Models.SharpPlayer: SharpMUSH.Library.Models.SharpPlayer, *System.String: -1*, <null>, *Announce*)
  	Notify(SharpMUSH.Library.Models.SharpPlayer: SharpMUSH.Library.Models.SharpPlayer, *System.String: -1*, <null>, *Announce*)
  	Notify(SharpMUSH.Library.Models.SharpPlayer: SharpMUSH.Library.Models.SharpPlayer, *System.String: -1*, <null>, *Announce*)
  	Notify(SharpMUSH.Library.Models.SharpPlayer: SharpMUSH.Library.Models.SharpPlayer, *System.String: -1*, <null>, *Announce*)
  	Notify(SharpMUSH.Library.Models.SharpPlayer: SharpMUSH.Library.Models.SharpPlayer, *System.String: -1*, <null>, *Announce*)
  	Notify(SharpMUSH.Library.Models.SharpPlayer: SharpMUSH.Library.Models.SharpPlayer, *System.String: -1*, <null>, *Announce*)
  	Notify(SharpMUSH.Library.Models.SharpPlayer: SharpMUSH.Library.Models.SharpPlayer, *System.String: -1*, <null>, *Announce*)
  	Notify(SharpMUSH.Library.Models.SharpPlayer: SharpMUSH.Library.Models.SharpPlayer, *System.String: -1*, <null>, *Announce*)
  	Notify(SharpMUSH.Library.Models.SharpPlayer: SharpMUSH.Library.Models.SharpPlayer, *System.String: -1*, <null>, *Announce*)
  	Notify(SharpMUSH.Library.Models.SharpPlayer: SharpMUSH.Library.Models.SharpPlayer, *System.String: -1*, <null>, *Announce*)
  	Notify(SharpMUSH.Library.Models.SharpPlayer: SharpMUSH.Library.Models.SharpPlayer, *System.String: -1*, <null>, *Announce*)
  	Notify(SharpMUSH.Library.Models.SharpPlayer: SharpMUSH.Library.Models.SharpPlayer, *System.String: -1*, <null>, *Announce*)
  	Notify(SharpMUSH.Library.Models.SharpPlayer: SharpMUSH.Library.Models.SharpPlayer, *System.String: -1*, <null>, *Announce*)
  	Notify(SharpMUSH.Library.Models.SharpPlayer: SharpMUSH.Library.Models.SharpPlayer, *System.String: -1*, <null>, *Announce*)
  	Notify(SharpMUSH.Library.Models.SharpPlayer: SharpMUSH.Library.Models.SharpPlayer, *System.String: -1*, <null>, *Announce*)
  	Notify(SharpMUSH.Library.Models.SharpPlayer: SharpMUSH.Library.Models.SharpPlayer, *System.String: -1*, <null>, *Announce*)
  	Notify(SharpMUSH.Library.Models.SharpPlayer: SharpMUSH.Library.Models.SharpPlayer, *System.String: -1*, <null>, *Announce*)
  	Notify(SharpMUSH.Library.Models.SharpPlayer: SharpMUSH.Library.Models.SharpPlayer, *System.String: -1*, <null>, *Announce*)
  	Notify(SharpMUSH.Library.Models.SharpPlayer: SharpMUSH.Library.Models.SharpPlayer, *System.String: -1*, <null>, *Announce*)
  	Notify(SharpMUSH.Library.Models.SharpPlayer: SharpMUSH.Library.Models.SharpPlayer, *System.String: -1*, <null>, *Announce*)
  	Notify(SharpMUSH.Library.Models.SharpPlayer: SharpMUSH.Library.Models.SharpPlayer, *System.String: -1*, <null>, *Announce*)
  	Notify(SharpMUSH.Library.Models.SharpPlayer: SharpMUSH.Library.Models.SharpPlayer, *System.String: -1*, <null>, *Announce*)
  	Notify(SharpMUSH.Library.Models.SharpPlayer: SharpMUSH.Library.Models.SharpPlayer, *System.String: -1*, <null>, *Announce*)
  	Notify(SharpMUSH.Library.Models.SharpPlayer: SharpMUSH.Library.Models.SharpPlayer, *System.String: -1*, <null>, *Announce*)
  	Notify(SharpMUSH.Library.Models.SharpPlayer: SharpMUSH.Library.Models.SharpPlayer, *System.String: -1*, <null>, *Announce*)
  	Notify(SharpMUSH.Library.Models.SharpPlayer: SharpMUSH.Library.Models.SharpPlayer, *System.String: -1*, <null>, *Announce*)
  	Notify(SharpMUSH.Library.Models.SharpPlayer: SharpMUSH.Library.Models.SharpPlayer, *System.String: -1*, <null>, *Announce*)
  	Notify(SharpMUSH.Library.Models.SharpPlayer: SharpMUSH.Library.Models.SharpPlayer, *System.String: -1*, <null>, *Announce*)
  	Notify(SharpMUSH.Library.Models.SharpPlayer: SharpMUSH.Library.Models.SharpPlayer, *System.String: -1*, <null>, *Announce*)
  	Notify(SharpMUSH.Library.Models.SharpPlayer: SharpMUSH.Library.Models.SharpPlayer, *System.String: -1*, <null>, *Announce*)
  	Notify(SharpMUSH.Library.Models.SharpPlayer: SharpMUSH.Library.Models.SharpPlayer, *System.String: -1*, <null>, *Announce*)
  	Notify(SharpMUSH.Library.Models.SharpPlayer: SharpMUSH.Library.Models.SharpPlayer, *System.String: -1*, <null>, *Announce*)
  	Notify(SharpMUSH.Library.Models.SharpPlayer: SharpMUSH.Library.Models.SharpPlayer, *System.String: -1*, <null>, *Announce*)
  	Notify(SharpMUSH.Library.Models.SharpPlayer: SharpMUSH.Library.Models.SharpPlayer, *System.String: -1*, <null>, *Announce*)
  	Notify(SharpMUSH.Library.Models.SharpPlayer: SharpMUSH.Library.Models.SharpPlayer, *System.String: -1*, <null>, *Announce*)
  	Notify(SharpMUSH.Library.Models.SharpPlayer: SharpMUSH.Library.Models.SharpPlayer, *System.String: -1*, <null>, *Announce*)
  	Notify(SharpMUSH.Library.Models.SharpPlayer: SharpMUSH.Library.Models.SharpPlayer, *System.String: -1*, <null>, *Announce*)
  	Notify(SharpMUSH.Library.Models.SharpPlayer: SharpMUSH.Library.Models.SharpPlayer, *System.String: -1*, <null>, *Announce*)
  	Notify(SharpMUSH.Library.Models.SharpPlayer: SharpMUSH.Library.Models.SharpPlayer, *System.String: -1*, <null>, *Announce*)
  	Notify(SharpMUSH.Library.Models.SharpPlayer: SharpMUSH.Library.Models.SharpPlayer, *System.String: -1*, <null>, *Announce*)
  	Notify(SharpMUSH.Library.Models.SharpPlayer: SharpMUSH.Library.Models.SharpPlayer, *System.String: -1*, <null>, *Announce*)
  	Notify(SharpMUSH.Library.Models.SharpPlayer: SharpMUSH.Library.Models.SharpPlayer, *System.String: -1*, <null>, *Announce*)
  	Notify(SharpMUSH.Library.Models.SharpPlayer: SharpMUSH.Library.Models.SharpPlayer, *System.String: -1*, <null>, *Announce*)
  	Notify(SharpMUSH.Library.Models.SharpPlayer: SharpMUSH.Library.Models.SharpPlayer, *System.String: -1*, <null>, *Announce*)
  	Notify(SharpMUSH.Library.Models.SharpPlayer: SharpMUSH.Library.Models.SharpPlayer, *System.String: -1*, <null>, *Announce*)
  	Notify(SharpMUSH.Library.Models.SharpPlayer: SharpMUSH.Library.Models.SharpPlayer, *System.String: -1*, <null>, *Announce*)
  	Notify(SharpMUSH.Library.Models.SharpPlayer: SharpMUSH.Library.Models.SharpPlayer, *System.String: -1*, <null>, *Announce*)
  	Notify(SharpMUSH.Library.Models.SharpPlayer: SharpMUSH.Library.Models.SharpPlayer, *System.String: -1*, <null>, *Announce*)
  	Notify(SharpMUSH.Library.Models.SharpPlayer: SharpMUSH.Library.Models.SharpPlayer, *System.String: -1*, <null>, *Announce*)
  	Notify(SharpMUSH.Library.Models.SharpPlayer: SharpMUSH.Library.Models.SharpPlayer, *System.String: -1*, <null>, *Announce*)
  	Notify(SharpMUSH.Library.Models.SharpPlayer: SharpMUSH.Library.Models.SharpPlayer, *System.String: -1*, <null>, *Announce*)
  	Notify(SharpMUSH.Library.Models.SharpPlayer: SharpMUSH.Library.Models.SharpPlayer, *System.String: -1*, <null>, *Announce*)
  	Notify(SharpMUSH.Library.Models.SharpPlayer: SharpMUSH.Library.Models.SharpPlayer, *System.String: -1*, <null>, *Announce*)
  	Notify(SharpMUSH.Library.Models.SharpPlayer: SharpMUSH.Library.Models.SharpPlayer, *System.String: -1*, <null>, *Announce*)
  	Notify(SharpMUSH.Library.Models.SharpPlayer: SharpMUSH.Library.Models.SharpPlayer, *System.String: -1*, <null>, *Announce*)
  	Notify(SharpMUSH.Library.Models.SharpPlayer: SharpMUSH.Library.Models.SharpPlayer, *System.String: -1*, <null>, *Announce*)
  	Notify(SharpMUSH.Library.Models.SharpPlayer: SharpMUSH.Library.Models.SharpPlayer, *System.String: -1*, <null>, *Announce*)
  	Notify(SharpMUSH.Library.Models.SharpPlayer: SharpMUSH.Library.Models.SharpPlayer, *System.String: -1*, <null>, *Announce*)
  	Notify(SharpMUSH.Library.Models.SharpPlayer: SharpMUSH.Library.Models.SharpPlayer, *System.String: -1*, <null>, *Announce*)
  	Notify(SharpMUSH.Library.Models.SharpPlayer: SharpMUSH.Library.Models.SharpPlayer, *System.String: -1*, <null>, *Announce*)
  	Notify(SharpMUSH.Library.Models.SharpPlayer: SharpMUSH.Library.Models.SharpPlayer, *System.String: -1*, <null>, *Announce*)
  	Notify(SharpMUSH.Library.Models.SharpPlayer: SharpMUSH.Library.Models.SharpPlayer, *System.String: -1*, <null>, *Announce*)
  	Notify(SharpMUSH.Library.Models.SharpPlayer: SharpMUSH.Library.Models.SharpPlayer, *System.String: -1*, <null>, *Announce*)
  	Notify(SharpMUSH.Library.Models.SharpPlayer: SharpMUSH.Library.Models.SharpPlayer, *System.String: -1*, <null>, *Announce*)
  	Notify(SharpMUSH.Library.Models.SharpPlayer: SharpMUSH.Library.Models.SharpPlayer, *System.String: -1*, <null>, *Announce*)
  	Notify(SharpMUSH.Library.Models.SharpPlayer: SharpMUSH.Library.Models.SharpPlayer, *System.String: -1*, <null>, *Announce*)
  	Notify(SharpMUSH.Library.Models.SharpPlayer: SharpMUSH.Library.Models.SharpPlayer, *System.String: -1*, <null>, *Announce*)
  	Notify(SharpMUSH.Library.Models.SharpPlayer: SharpMUSH.Library.Models.SharpPlayer, *System.String: -1*, <null>, *Announce*)
  	Notify(SharpMUSH.Library.Models.SharpPlayer: SharpMUSH.Library.Models.SharpPlayer, *System.String: -1*, <null>, *Announce*)
  	Notify(SharpMUSH.Library.Models.SharpPlayer: SharpMUSH.Library.Models.SharpPlayer, *System.String: -1*, <null>, *Announce*)
  	Notify(SharpMUSH.Library.Models.SharpPlayer: SharpMUSH.Library.Models.SharpPlayer, *System.String: -1*, <null>, *Announce*)
  	Notify(SharpMUSH.Library.Models.SharpPlayer: SharpMUSH.Library.Models.SharpPlayer, *System.String: -1*, <null>, *Announce*)
  	Notify(SharpMUSH.Library.Models.SharpPlayer: SharpMUSH.Library.Models.SharpPlayer, *System.String: -1*, <null>, *Announce*)
  	Notify(SharpMUSH.Library.Models.SharpPlayer: SharpMUSH.Library.Models.SharpPlayer, *System.String: -1*, <null>, *Announce*)
  	Notify(SharpMUSH.Library.Models.SharpPlayer: SharpMUSH.Library.Models.SharpPlayer, *System.String: -1*, <null>, *Announce*)
  	Notify(SharpMUSH.Library.Models.SharpPlayer: SharpMUSH.Library.Models.SharpPlayer, *System.String: -1*, <null>, *Announce*)
  	Notify(SharpMUSH.Library.Models.SharpPlayer: SharpMUSH.Library.Models.SharpPlayer, *System.String: -1*, <null>, *Announce*)
  	Notify(SharpMUSH.Library.Models.SharpPlayer: SharpMUSH.Library.Models.SharpPlayer, *System.String: -1*, <null>, *Announce*)
  	Notify(SharpMUSH.Library.Models.SharpPlayer: SharpMUSH.Library.Models.SharpPlayer, *System.String: -1*, <null>, *Announce*)
  	Notify(SharpMUSH.Library.Models.SharpPlayer: SharpMUSH.Library.Models.SharpPlayer, *System.String: -1*, <null>, *Announce*)
  	Notify(SharpMUSH.Library.Models.SharpPlayer: SharpMUSH.Library.Models.SharpPlayer, *System.String: -1*, <null>, *Announce*)
  	Notify(SharpMUSH.Library.Models.SharpPlayer: SharpMUSH.Library.Models.SharpPlayer, *System.String: -1*, <null>, *Announce*)
  	Notify(SharpMUSH.Library.Models.SharpPlayer: SharpMUSH.Library.Models.SharpPlayer, *System.String: -1*, <null>, *Announce*)
  	Notify(SharpMUSH.Library.Models.SharpPlayer: SharpMUSH.Library.Models.SharpPlayer, *System.String: -1*, <null>, *Announce*)
  	Notify(SharpMUSH.Library.Models.SharpPlayer: SharpMUSH.Library.Models.SharpPlayer, *System.String: -1*, <null>, *Announce*)
  	Notify(SharpMUSH.Library.Models.SharpPlayer: SharpMUSH.Library.Models.SharpPlayer, *System.String: -1*, <null>, *Announce*)
  	Notify(SharpMUSH.Library.Models.SharpPlayer: SharpMUSH.Library.Models.SharpPlayer, *System.String: -1*, <null>, *Announce*)
  	Notify(SharpMUSH.Library.Models.SharpPlayer: SharpMUSH.Library.Models.SharpPlayer, *System.String: -1*, <null>, *Announce*)
  	Notify(SharpMUSH.Library.Models.SharpPlayer: SharpMUSH.Library.Models.SharpPlayer, *System.String: -1*, <null>, *Announce*)
  	Notify(SharpMUSH.Library.Models.SharpPlayer: SharpMUSH.Library.Models.SharpPlayer, *System.String: -1*, <null>, *Announce*)
  	Notify(SharpMUSH.Library.Models.SharpPlayer: SharpMUSH.Library.Models.SharpPlayer, *System.String: -1*, <null>, *Announce*)
  	Notify(SharpMUSH.Library.Models.SharpPlayer: SharpMUSH.Library.Models.SharpPlayer, *System.String: -1*, <null>, *Announce*)
  	Notify(SharpMUSH.Library.Models.SharpPlayer: SharpMUSH.Library.Models.SharpPlayer, *System.String: -1*, <null>, *Announce*)
  	Notify(SharpMUSH.Library.Models.SharpPlayer: SharpMUSH.Library.Models.SharpPlayer, *System.String: -1*, <null>, *Announce*)
  	Notify(SharpMUSH.Library.Models.SharpPlayer: SharpMUSH.Library.Models.SharpPlayer, *System.String: -1*, <null>, *Announce*)
  	Notify(SharpMUSH.Library.Models.SharpPlayer: SharpMUSH.Library.Models.SharpPlayer, *System.String: -1*, <null>, *Announce*)
  	Notify(SharpMUSH.Library.Models.SharpPlayer: SharpMUSH.Library.Models.SharpPlayer, *System.String: -1*, <null>, *Announce*)
  	Notify(SharpMUSH.Library.Models.SharpPlayer: SharpMUSH.Library.Models.SharpPlayer, *System.String: -1*, <null>, *Announce*)
  	Notify(SharpMUSH.Library.Models.SharpPlayer: SharpMUSH.Library.Models.SharpPlayer, *System.String: -1*, <null>, *Announce*)
  	Notify(SharpMUSH.Library.Models.SharpPlayer: SharpMUSH.Library.Models.SharpPlayer, *System.String: -1*, <null>, *Announce*)
  	Notify(SharpMUSH.Library.Models.SharpPlayer: SharpMUSH.Library.Models.SharpPlayer, *System.String: -1*, <null>, *Announce*)
  	Notify(SharpMUSH.Library.Models.SharpPlayer: SharpMUSH.Library.Models.SharpPlayer, *System.String: -1*, <null>, *Announce*)
  	Notify(SharpMUSH.Library.Models.SharpPlayer: SharpMUSH.Library.Models.SharpPlayer, *System.String: -1*, <null>, *Announce*)
  	Notify(SharpMUSH.Library.Models.SharpPlayer: SharpMUSH.Library.Models.SharpPlayer, *System.String: -1*, <null>, *Announce*)
  	Notify(SharpMUSH.Library.Models.SharpPlayer: SharpMUSH.Library.Models.SharpPlayer, *System.String: -1*, <null>, *Announce*)
  	Notify(SharpMUSH.Library.Models.SharpPlayer: SharpMUSH.Library.Models.SharpPlayer, *System.String: -1*, <null>, *Announce*)
  	Notify(SharpMUSH.Library.Models.SharpPlayer: SharpMUSH.Library.Models.SharpPlayer, *System.String: -1*, <null>, *Announce*)
  	Notify(SharpMUSH.Library.Models.SharpPlayer: SharpMUSH.Library.Models.SharpPlayer, *System.String: -1*, <null>, *Announce*)
  	Notify(SharpMUSH.Library.Models.SharpPlayer: SharpMUSH.Library.Models.SharpPlayer, *System.String: -1*, <null>, *Announce*)
  	Notify(SharpMUSH.Library.Models.SharpPlayer: SharpMUSH.Library.Models.SharpPlayer, *System.String: -1*, <null>, *Announce*)
  	Notify(SharpMUSH.Library.Models.SharpPlayer: SharpMUSH.Library.Models.SharpPlayer, *System.String: -1*, <null>, *Announce*)
  	Notify(SharpMUSH.Library.Models.SharpPlayer: SharpMUSH.Library.Models.SharpPlayer, *System.String: -1*, <null>, *Announce*)
  	Notify(SharpMUSH.Library.Models.SharpPlayer: SharpMUSH.Library.Models.SharpPlayer, *System.String: -1*, <null>, *Announce*)
  	Notify(SharpMUSH.Library.Models.SharpPlayer: SharpMUSH.Library.Models.SharpPlayer, *System.String: -1*, <null>, *Announce*)
  	Notify(SharpMUSH.Library.Models.SharpPlayer: SharpMUSH.Library.Models.SharpPlayer, *System.String: -1*, <null>, *Announce*)
  	Notify(SharpMUSH.Library.Models.SharpPlayer: SharpMUSH.Library.Models.SharpPlayer, *System.String: -1*, <null>, *Announce*)
  	Notify(SharpMUSH.Library.Models.SharpPlayer: SharpMUSH.Library.Models.SharpPlayer, *System.String: -1*, <null>, *Announce*)
  	Notify(SharpMUSH.Library.Models.SharpPlayer: SharpMUSH.Library.Models.SharpPlayer, *System.String: -1*, <null>, *Announce*)
  	Notify(SharpMUSH.Library.Models.SharpPlayer: SharpMUSH.Library.Models.SharpPlayer, *System.String: -1*, <null>, *Announce*)
  	Notify(SharpMUSH.Library.Models.SharpPlayer: SharpMUSH.Library.Models.SharpPlayer, *System.String: -1*, <null>, *Announce*)
  	Notify(SharpMUSH.Library.Models.SharpPlayer: SharpMUSH.Library.Models.SharpPlayer, *System.String: -1*, <null>, *Announce*)
  	Notify(SharpMUSH.Library.Models.SharpPlayer: SharpMUSH.Library.Models.SharpPlayer, *System.String: -1*, <null>, *Announce*)
  	Notify(SharpMUSH.Library.Models.SharpPlayer: SharpMUSH.Library.Models.SharpPlayer, *System.String: -1*, <null>, *Announce*)
  	Notify(SharpMUSH.Library.Models.SharpPlayer: SharpMUSH.Library.Models.SharpPlayer, *System.String: -1*, <null>, *Announce*)
  	Notify(SharpMUSH.Library.Models.SharpPlayer: SharpMUSH.Library.Models.SharpPlayer, *System.String: -1*, <null>, *Announce*)
  	Notify(SharpMUSH.Library.Models.SharpPlayer: SharpMUSH.Library.Models.SharpPlayer, *System.String: -1*, <null>, *Announce*)
  	Notify(SharpMUSH.Library.Models.SharpPlayer: SharpMUSH.Library.Models.SharpPlayer, *System.String: -1*, <null>, *Announce*)
  	Notify(SharpMUSH.Library.Models.SharpPlayer: SharpMUSH.Library.Models.SharpPlayer, *System.String: -1*, <null>, *Announce*)
  	Notify(SharpMUSH.Library.Models.SharpPlayer: SharpMUSH.Library.Models.SharpPlayer, *System.String: -1*, <null>, *Announce*)
  	Notify(SharpMUSH.Library.Models.SharpPlayer: SharpMUSH.Library.Models.SharpPlayer, *System.String: -1*, <null>, *Announce*)
  	Notify(SharpMUSH.Library.Models.SharpPlayer: SharpMUSH.Library.Models.SharpPlayer, *System.String: -1*, <null>, *Announce*)
  	Notify(SharpMUSH.Library.Models.SharpPlayer: SharpMUSH.Library.Models.SharpPlayer, *System.String: -1*, <null>, *Announce*)
  	Notify(SharpMUSH.Library.Models.SharpPlayer: SharpMUSH.Library.Models.SharpPlayer, *System.String: -1*, <null>, *Announce*)
  	Notify(SharpMUSH.Library.Models.SharpPlayer: SharpMUSH.Library.Models.SharpPlayer, *System.String: -1*, <null>, *Announce*)
  	Notify(SharpMUSH.Library.Models.SharpPlayer: SharpMUSH.Library.Models.SharpPlayer, *System.String: -1*, <null>, *Announce*)
  	Notify(SharpMUSH.Library.Models.SharpPlayer: SharpMUSH.Library.Models.SharpPlayer, *System.String: -1*, <null>, *Announce*)
  	Notify(SharpMUSH.Library.Models.SharpPlayer: SharpMUSH.Library.Models.SharpPlayer, *System.String: -1*, <null>, *Announce*)
  	Notify(SharpMUSH.Library.Models.SharpPlayer: SharpMUSH.Library.Models.SharpPlayer, *System.String: -1*, <null>, *Announce*)
  	Notify(SharpMUSH.Library.Models.SharpPlayer: SharpMUSH.Library.Models.SharpPlayer, *System.String: -1*, <null>, *Announce*)
  	Notify(SharpMUSH.Library.Models.SharpPlayer: SharpMUSH.Library.Models.SharpPlayer, *System.String: -1*, <null>, *Announce*)
  	Notify(SharpMUSH.Library.Models.SharpPlayer: SharpMUSH.Library.Models.SharpPlayer, *System.String: -1*, <null>, *Announce*)
  	Notify(SharpMUSH.Library.Models.SharpPlayer: SharpMUSH.Library.Models.SharpPlayer, *System.String: -1*, <null>, *Announce*)
  	Notify(SharpMUSH.Library.Models.SharpPlayer: SharpMUSH.Library.Models.SharpPlayer, *System.String: -1*, <null>, *Announce*)
  	Notify(SharpMUSH.Library.Models.SharpPlayer: SharpMUSH.Library.Models.SharpPlayer, *System.String: -1*, <null>, *Announce*)
  	Notify(SharpMUSH.Library.Models.SharpPlayer: SharpMUSH.Library.Models.SharpPlayer, *System.String: -1*, <null>, *Announce*)
  	Notify(SharpMUSH.Library.Models.SharpPlayer: SharpMUSH.Library.Models.SharpPlayer, *System.String: -1*, <null>, *Announce*)
  	Notify(SharpMUSH.Library.Models.SharpPlayer: SharpMUSH.Library.Models.SharpPlayer, *System.String: -1*, <null>, *Announce*)
  	Notify(SharpMUSH.Library.Models.SharpPlayer: SharpMUSH.Library.Models.SharpPlayer, *System.String: -1*, <null>, *Announce*)
  	Notify(SharpMUSH.Library.Models.SharpPlayer: SharpMUSH.Library.Models.SharpPlayer, *System.String: -1*, <null>, *Announce*)
  	Notify(SharpMUSH.Library.Models.SharpPlayer: SharpMUSH.Library.Models.SharpPlayer, *System.String: -1*, <null>, *Announce*)
  	Notify(SharpMUSH.Library.Models.SharpPlayer: SharpMUSH.Library.Models.SharpPlayer, *System.String: -1*, <null>, *Announce*)
  	Notify(SharpMUSH.Library.Models.SharpPlayer: SharpMUSH.Library.Models.SharpPlayer, *System.String: -1*, <null>, *Announce*)
  	Notify(SharpMUSH.Library.Models.SharpPlayer: SharpMUSH.Library.Models.SharpPlayer, *System.String: -1*, <null>, *Announce*)
  	Notify(SharpMUSH.Library.Models.SharpPlayer: SharpMUSH.Library.Models.SharpPlayer, *System.String: -1*, <null>, *Announce*)
  	Notify(SharpMUSH.Library.Models.SharpPlayer: SharpMUSH.Library.Models.SharpPlayer, *System.String: -1*, <null>, *Announce*)
  	Notify(SharpMUSH.Library.Models.SharpPlayer: SharpMUSH.Library.Models.SharpPlayer, *System.String: -1*, <null>, *Announce*)
  	Notify(SharpMUSH.Library.Models.SharpPlayer: SharpMUSH.Library.Models.SharpPlayer, *System.String: -1*, <null>, *Announce*)
  	Notify(SharpMUSH.Library.Models.SharpPlayer: SharpMUSH.Library.Models.SharpPlayer, *System.String: -1*, <null>, *Announce*)
  	Notify(SharpMUSH.Library.Models.SharpPlayer: SharpMUSH.Library.Models.SharpPlayer, *System.String: -1*, <null>, *Announce*)
  	Notify(SharpMUSH.Library.Models.SharpPlayer: SharpMUSH.Library.Models.SharpPlayer, *System.String: -1*, <null>, *Announce*)
  	Notify(SharpMUSH.Library.Models.SharpPlayer: SharpMUSH.Library.Models.SharpPlayer, *System.String: -1*, <null>, *Announce*)
  	Notify(SharpMUSH.Library.Models.SharpPlayer: SharpMUSH.Library.Models.SharpPlayer, *System.String: -1*, <null>, *Announce*)
  	Notify(SharpMUSH.Library.Models.SharpPlayer: SharpMUSH.Library.Models.SharpPlayer, *System.String: -1*, <null>, *Announce*)
  	Notify(SharpMUSH.Library.Models.SharpPlayer: SharpMUSH.Library.Models.SharpPlayer, *System.String: -1*, <null>, *Announce*)
  	Notify(SharpMUSH.Library.Models.SharpPlayer: SharpMUSH.Library.Models.SharpPlayer, *System.String: -1*, <null>, *Announce*)
  	Notify(SharpMUSH.Library.Models.SharpPlayer: SharpMUSH.Library.Models.SharpPlayer, *System.String: -1*, <null>, *Announce*)
  	Notify(SharpMUSH.Library.Models.SharpPlayer: SharpMUSH.Library.Models.SharpPlayer, *System.String: -1*, <null>, *Announce*)
  	Notify(SharpMUSH.Library.Models.SharpPlayer: SharpMUSH.Library.Models.SharpPlayer, *System.String: -1*, <null>, *Announce*)
  	Notify(SharpMUSH.Library.Models.SharpPlayer: SharpMUSH.Library.Models.SharpPlayer, *System.String: -1*, <null>, *Announce*)
  	Notify(SharpMUSH.Library.Models.SharpPlayer: SharpMUSH.Library.Models.SharpPlayer, *System.String: -1*, <null>, *Announce*)
  	Notify(SharpMUSH.Library.Models.SharpPlayer: SharpMUSH.Library.Models.SharpPlayer, *System.String: -1*, <null>, *Announce*)
  	Notify(SharpMUSH.Library.Models.SharpPlayer: SharpMUSH.Library.Models.SharpPlayer, *System.String: -1*, <null>, *Announce*)
  	Notify(SharpMUSH.Library.Models.SharpPlayer: SharpMUSH.Library.Models.SharpPlayer, *System.String: -1*, <null>, *Announce*)
  	Notify(SharpMUSH.Library.Models.SharpPlayer: SharpMUSH.Library.Models.SharpPlayer, *System.String: -1*, <null>, *Announce*)
  	Notify(SharpMUSH.Library.Models.SharpPlayer: SharpMUSH.Library.Models.SharpPlayer, *System.String: -1*, <null>, *Announce*)
  	Notify(SharpMUSH.Library.Models.SharpPlayer: SharpMUSH.Library.Models.SharpPlayer, *System.String: -1*, <null>, *Announce*)
  	Notify(SharpMUSH.Library.Models.SharpPlayer: SharpMUSH.Library.Models.SharpPlayer, *System.String: -1*, <null>, *Announce*)
  	Notify(SharpMUSH.Library.Models.SharpPlayer: SharpMUSH.Library.Models.SharpPlayer, *System.String: -1*, <null>, *Announce*)
  	Notify(SharpMUSH.Library.Models.SharpPlayer: SharpMUSH.Library.Models.SharpPlayer, *System.String: -1*, <null>, *Announce*)
  	Notify(SharpMUSH.Library.Models.SharpPlayer: SharpMUSH.Library.Models.SharpPlayer, *System.String: -1*, <null>, *Announce*)
  	Notify(SharpMUSH.Library.Models.SharpPlayer: SharpMUSH.Library.Models.SharpPlayer, *System.String: -1*, <null>, *Announce*)
  	Notify(SharpMUSH.Library.Models.SharpPlayer: SharpMUSH.Library.Models.SharpPlayer, *System.String: -1*, <null>, *Announce*)
  	Notify(SharpMUSH.Library.Models.SharpPlayer: SharpMUSH.Library.Models.SharpPlayer, *System.String: -1*, <null>, *Announce*)
  	Notify(SharpMUSH.Library.Models.SharpPlayer: SharpMUSH.Library.Models.SharpPlayer, *System.String: -1*, <null>, *Announce*)
  	Notify(SharpMUSH.Library.Models.SharpPlayer: SharpMUSH.Library.Models.SharpPlayer, *System.String: -1*, <null>, *Announce*)
  	Notify(SharpMUSH.Library.Models.SharpPlayer: SharpMUSH.Library.Models.SharpPlayer, *System.String: -1*, <null>, *Announce*)
  	Notify(SharpMUSH.Library.Models.SharpPlayer: SharpMUSH.Library.Models.SharpPlayer, *System.String: -1*, <null>, *Announce*)
  	Notify(SharpMUSH.Library.Models.SharpPlayer: SharpMUSH.Library.Models.SharpPlayer, *System.String: -1*, <null>, *Announce*)
  	Notify(SharpMUSH.Library.Models.SharpPlayer: SharpMUSH.Library.Models.SharpPlayer, *System.String: -1*, <null>, *Announce*)
  	Notify(SharpMUSH.Library.Models.SharpPlayer: SharpMUSH.Library.Models.SharpPlayer, *System.String: -1*, <null>, *Announce*)
  	Notify(SharpMUSH.Library.Models.SharpPlayer: SharpMUSH.Library.Models.SharpPlayer, *System.String: -1*, <null>, *Announce*)
  	Notify(SharpMUSH.Library.Models.SharpPlayer: SharpMUSH.Library.Models.SharpPlayer, *System.String: -1*, <null>, *Announce*)
  	Notify(SharpMUSH.Library.Models.SharpPlayer: SharpMUSH.Library.Models.SharpPlayer, *System.String: -1*, <null>, *Announce*)
  	Notify(SharpMUSH.Library.Models.SharpPlayer: SharpMUSH.Library.Models.SharpPlayer, *System.String: -1*, <null>, *Announce*)
  	Notify(SharpMUSH.Library.Models.SharpPlayer: SharpMUSH.Library.Models.SharpPlayer, *System.String: -1*, <null>, *Announce*)
  	Notify(SharpMUSH.Library.Models.SharpPlayer: SharpMUSH.Library.Models.SharpPlayer, *System.String: -1*, <null>, *Announce*)
  	Notify(SharpMUSH.Library.Models.SharpPlayer: SharpMUSH.Library.Models.SharpPlayer, *System.String: -1*, <null>, *Announce*)
  	Notify(SharpMUSH.Library.Models.SharpPlayer: SharpMUSH.Library.Models.SharpPlayer, *System.String: -1*, <null>, *Announce*)
  	Notify(SharpMUSH.Library.Models.SharpPlayer: SharpMUSH.Library.Models.SharpPlayer, *System.String: -1*, <null>, *Announce*)
  	Notify(SharpMUSH.Library.Models.SharpPlayer: SharpMUSH.Library.Models.SharpPlayer, *System.String: -1*, <null>, *Announce*)
  	Notify(SharpMUSH.Library.Models.SharpPlayer: SharpMUSH.Library.Models.SharpPlayer, *System.String: -1*, <null>, *Announce*)
  	Notify(SharpMUSH.Library.Models.SharpPlayer: SharpMUSH.Library.Models.SharpPlayer, *System.String: -1*, <null>, *Announce*)
  	Notify(SharpMUSH.Library.Models.SharpPlayer: SharpMUSH.Library.Models.SharpPlayer, *System.String: -1*, <null>, *Announce*)
  	Notify(SharpMUSH.Library.Models.SharpPlayer: SharpMUSH.Library.Models.SharpPlayer, *System.String: -1*, <null>, *Announce*)
  	Notify(SharpMUSH.Library.Models.SharpPlayer: SharpMUSH.Library.Models.SharpPlayer, *System.String: -1*, <null>, *Announce*)
  	Notify(SharpMUSH.Library.Models.SharpPlayer: SharpMUSH.Library.Models.SharpPlayer, *System.String: -1*, <null>, *Announce*)
  	Notify(SharpMUSH.Library.Models.SharpPlayer: SharpMUSH.Library.Models.SharpPlayer, *System.String: -1*, <null>, *Announce*)
  	Notify(SharpMUSH.Library.Models.SharpPlayer: SharpMUSH.Library.Models.SharpPlayer, *System.String: -1*, <null>, *Announce*)
  	Notify(SharpMUSH.Library.Models.SharpPlayer: SharpMUSH.Library.Models.SharpPlayer, *System.String: -1*, <null>, *Announce*)
  	Notify(SharpMUSH.Library.Models.SharpPlayer: SharpMUSH.Library.Models.SharpPlayer, *System.String: -1*, <null>, *Announce*)
  	Notify(SharpMUSH.Library.Models.SharpPlayer: SharpMUSH.Library.Models.SharpPlayer, *System.String: -1*, <null>, *Announce*)
  	Notify(SharpMUSH.Library.Models.SharpPlayer: SharpMUSH.Library.Models.SharpPlayer, *System.String: -1*, <null>, *Announce*)
  	Notify(SharpMUSH.Library.Models.SharpPlayer: SharpMUSH.Library.Models.SharpPlayer, *System.String: -1*, <null>, *Announce*)
  	Notify(SharpMUSH.Library.Models.SharpPlayer: SharpMUSH.Library.Models.SharpPlayer, *System.String: -1*, <null>, *Announce*)
  	Notify(SharpMUSH.Library.Models.SharpPlayer: SharpMUSH.Library.Models.SharpPlayer, *System.String: -1*, <null>, *Announce*)
  	Notify(SharpMUSH.Library.Models.SharpPlayer: SharpMUSH.Library.Models.SharpPlayer, *System.String: -1*, <null>, *Announce*)
  	Notify(SharpMUSH.Library.Models.SharpPlayer: SharpMUSH.Library.Models.SharpPlayer, *System.String: -1*, <null>, *Announce*)
  	Notify(SharpMUSH.Library.Models.SharpPlayer: SharpMUSH.Library.Models.SharpPlayer, *System.String: -1*, <null>, *Announce*)
  	Notify(SharpMUSH.Library.Models.SharpPlayer: SharpMUSH.Library.Models.SharpPlayer, *System.String: -1*, <null>, *Announce*)
  	Notify(SharpMUSH.Library.Models.SharpPlayer: SharpMUSH.Library.Models.SharpPlayer, *System.String: -1*, <null>, *Announce*)
  	Notify(SharpMUSH.Library.Models.SharpPlayer: SharpMUSH.Library.Models.SharpPlayer, *System.String: -1*, <null>, *Announce*)
  	Notify(SharpMUSH.Library.Models.SharpPlayer: SharpMUSH.Library.Models.SharpPlayer, *System.String: -1*, <null>, *Announce*)
  	Notify(SharpMUSH.Library.Models.SharpPlayer: SharpMUSH.Library.Models.SharpPlayer, *System.String: -1*, <null>, *Announce*)
  	Notify(SharpMUSH.Library.Models.SharpPlayer: SharpMUSH.Library.Models.SharpPlayer, *System.String: -1*, <null>, *Announce*)
  	Notify(SharpMUSH.Library.Models.SharpPlayer: SharpMUSH.Library.Models.SharpPlayer, *System.String: -1*, <null>, *Announce*)
  	Notify(SharpMUSH.Library.Models.SharpPlayer: SharpMUSH.Library.Models.SharpPlayer, *System.String: -1*, <null>, *Announce*)
  	Notify(SharpMUSH.Library.Models.SharpPlayer: SharpMUSH.Library.Models.SharpPlayer, *System.String: -1*, <null>, *Announce*)
  	Notify(SharpMUSH.Library.Models.SharpPlayer: SharpMUSH.Library.Models.SharpPlayer, *System.String: -1*, <null>, *Announce*)
  	Notify(SharpMUSH.Library.Models.SharpPlayer: SharpMUSH.Library.Models.SharpPlayer, *System.String: -1*, <null>, *Announce*)
  	Notify(SharpMUSH.Library.Models.SharpPlayer: SharpMUSH.Library.Models.SharpPlayer, *System.String: -1*, <null>, *Announce*)
  	Notify(SharpMUSH.Library.Models.SharpPlayer: SharpMUSH.Library.Models.SharpPlayer, *System.String: -1*, <null>, *Announce*)
  	Notify(SharpMUSH.Library.Models.SharpPlayer: SharpMUSH.Library.Models.SharpPlayer, *System.String: -1*, <null>, *Announce*)
  	Notify(SharpMUSH.Library.Models.SharpPlayer: SharpMUSH.Library.Models.SharpPlayer, *System.String: -1*, <null>, *Announce*)
  	Notify(SharpMUSH.Library.Models.SharpPlayer: SharpMUSH.Library.Models.SharpPlayer, *System.String: -1*, <null>, *Announce*)
  	Notify(SharpMUSH.Library.Models.SharpPlayer: SharpMUSH.Library.Models.SharpPlayer, *System.String: -1*, <null>, *Announce*)
  	Notify(SharpMUSH.Library.Models.SharpPlayer: SharpMUSH.Library.Models.SharpPlayer, *System.String: -1*, <null>, *Announce*)
  	Notify(SharpMUSH.Library.Models.SharpPlayer: SharpMUSH.Library.Models.SharpPlayer, *System.String: -1*, <null>, *Announce*)
  	Notify(SharpMUSH.Library.Models.SharpPlayer: SharpMUSH.Library.Models.SharpPlayer, *System.String: -1*, <null>, *Announce*)
  	Notify(SharpMUSH.Library.Models.SharpPlayer: SharpMUSH.Library.Models.SharpPlayer, *System.String: -1*, <null>, *Announce*)
  	Notify(SharpMUSH.Library.Models.SharpPlayer: SharpMUSH.Library.Models.SharpPlayer, *System.String: -1*, <null>, *Announce*)
  	Notify(SharpMUSH.Library.Models.SharpPlayer: SharpMUSH.Library.Models.SharpPlayer, *System.String: -1*, <null>, *Announce*)
  	Notify(SharpMUSH.Library.Models.SharpPlayer: SharpMUSH.Library.Models.SharpPlayer, *System.String: -1*, <null>, *Announce*)
  	Notify(SharpMUSH.Library.Models.SharpPlayer: SharpMUSH.Library.Models.SharpPlayer, *System.String: -1*, <null>, *Announce*)
  	Notify(SharpMUSH.Library.Models.SharpPlayer: SharpMUSH.Library.Models.SharpPlayer, *System.String: -1*, <null>, *Announce*)
  	Notify(SharpMUSH.Library.Models.SharpPlayer: SharpMUSH.Library.Models.SharpPlayer, *System.String: -1*, <null>, *Announce*)
  	Notify(SharpMUSH.Library.Models.SharpPlayer: SharpMUSH.Library.Models.SharpPlayer, *System.String: -1*, <null>, *Announce*)
  	Notify(SharpMUSH.Library.Models.SharpPlayer: SharpMUSH.Library.Models.SharpPlayer, *System.String: -1*, <null>, *Announce*)
  	Notify(SharpMUSH.Library.Models.SharpPlayer: SharpMUSH.Library.Models.SharpPlayer, *System.String: -1*, <null>, *Announce*)
  	Notify(SharpMUSH.Library.Models.SharpPlayer: SharpMUSH.Library.Models.SharpPlayer, *System.String: -1*, <null>, *Announce*)
  	Notify(SharpMUSH.Library.Models.SharpPlayer: SharpMUSH.Library.Models.SharpPlayer, *System.String: -1*, <null>, *Announce*)
  	Notify(SharpMUSH.Library.Models.SharpPlayer: SharpMUSH.Library.Models.SharpPlayer, *System.String: -1*, <null>, *Announce*)
  	Notify(SharpMUSH.Library.Models.SharpPlayer: SharpMUSH.Library.Models.SharpPlayer, *System.String: -1*, <null>, *Announce*)
  	Notify(SharpMUSH.Library.Models.SharpPlayer: SharpMUSH.Library.Models.SharpPlayer, *System.String: -1*, <null>, *Announce*)
  	Notify(SharpMUSH.Library.Models.SharpPlayer: SharpMUSH.Library.Models.SharpPlayer, *System.String: -1*, <null>, *Announce*)
  	Notify(SharpMUSH.Library.Models.SharpPlayer: SharpMUSH.Library.Models.SharpPlayer, *System.String: -1*, <null>, *Announce*)
  	Notify(SharpMUSH.Library.Models.SharpPlayer: SharpMUSH.Library.Models.SharpPlayer, *System.String: -1*, <null>, *Announce*)
  	Notify(SharpMUSH.Library.Models.SharpPlayer: SharpMUSH.Library.Models.SharpPlayer, *System.String: -1*, <null>, *Announce*)
  	Notify(SharpMUSH.Library.Models.SharpPlayer: SharpMUSH.Library.Models.SharpPlayer, *System.String: -1*, <null>, *Announce*)
  	Notify(SharpMUSH.Library.Models.SharpPlayer: SharpMUSH.Library.Models.SharpPlayer, *System.String: -1*, <null>, *Announce*)
  	Notify(SharpMUSH.Library.Models.SharpPlayer: SharpMUSH.Library.Models.SharpPlayer, *System.String: -1*, <null>, *Announce*)
  	Notify(SharpMUSH.Library.Models.SharpPlayer: SharpMUSH.Library.Models.SharpPlayer, *System.String: -1*, <null>, *Announce*)
  	Notify(SharpMUSH.Library.Models.SharpPlayer: SharpMUSH.Library.Models.SharpPlayer, *System.String: -1*, <null>, *Announce*)
  	Notify(SharpMUSH.Library.Models.SharpPlayer: SharpMUSH.Library.Models.SharpPlayer, *System.String: -1*, <null>, *Announce*)
  	Notify(SharpMUSH.Library.Models.SharpPlayer: SharpMUSH.Library.Models.SharpPlayer, *System.String: -1*, <null>, *Announce*)
  	Notify(SharpMUSH.Library.Models.SharpPlayer: SharpMUSH.Library.Models.SharpPlayer, *System.String: -1*, <null>, *Announce*)
  	Notify(SharpMUSH.Library.Models.SharpPlayer: SharpMUSH.Library.Models.SharpPlayer, *System.String: -1*, <null>, *Announce*)
  	Notify(SharpMUSH.Library.Models.SharpPlayer: SharpMUSH.Library.Models.SharpPlayer, *System.String: -1*, <null>, *Announce*)
  	Notify(SharpMUSH.Library.Models.SharpPlayer: SharpMUSH.Library.Models.SharpPlayer, *System.String: -1*, <null>, *Announce*)
  	Notify(SharpMUSH.Library.Models.SharpPlayer: SharpMUSH.Library.Models.SharpPlayer, *System.String: -1*, <null>, *Announce*)
  	Notify(SharpMUSH.Library.Models.SharpPlayer: SharpMUSH.Library.Models.SharpPlayer, *System.String: -1*, <null>, *Announce*)
  	Notify(SharpMUSH.Library.Models.SharpPlayer: SharpMUSH.Library.Models.SharpPlayer, *System.String: -1*, <null>, *Announce*)
  	Notify(SharpMUSH.Library.Models.SharpPlayer: SharpMUSH.Library.Models.SharpPlayer, *System.String: -1*, <null>, *Announce*)
  	Notify(SharpMUSH.Library.Models.SharpPlayer: SharpMUSH.Library.Models.SharpPlayer, *System.String: -1*, <null>, *Announce*)
  	Notify(SharpMUSH.Library.Models.SharpPlayer: SharpMUSH.Library.Models.SharpPlayer, *System.String: -1*, <null>, *Announce*)
  	Notify(SharpMUSH.Library.Models.SharpPlayer: SharpMUSH.Library.Models.SharpPlayer, *System.String: -1*, <null>, *Announce*)
  	Notify(SharpMUSH.Library.Models.SharpPlayer: SharpMUSH.Library.Models.SharpPlayer, *System.String: -1*, <null>, *Announce*)
  	Notify(SharpMUSH.Library.Models.SharpPlayer: SharpMUSH.Library.Models.SharpPlayer, *System.String: -1*, <null>, *Announce*)
  	Notify(SharpMUSH.Library.Models.SharpPlayer: SharpMUSH.Library.Models.SharpPlayer, *System.String: -1*, <null>, *Announce*)
  	Notify(SharpMUSH.Library.Models.SharpPlayer: SharpMUSH.Library.Models.SharpPlayer, *System.String: -1*, <null>, *Announce*)
  	Notify(SharpMUSH.Library.Models.SharpPlayer: SharpMUSH.Library.Models.SharpPlayer, *System.String: -1*, <null>, *Announce*)
  	Notify(SharpMUSH.Library.Models.SharpPlayer: SharpMUSH.Library.Models.SharpPlayer, *System.String: -1*, <null>, *Announce*)
  	Notify(SharpMUSH.Library.Models.SharpPlayer: SharpMUSH.Library.Models.SharpPlayer, *System.String: -1*, <null>, *Announce*)
  	Notify(SharpMUSH.Library.Models.SharpPlayer: SharpMUSH.Library.Models.SharpPlayer, *System.String: -1*, <null>, *Announce*)
  	Notify(SharpMUSH.Library.Models.SharpPlayer: SharpMUSH.Library.Models.SharpPlayer, *System.String: -1*, <null>, *Announce*)
  	Notify(SharpMUSH.Library.Models.SharpPlayer: SharpMUSH.Library.Models.SharpPlayer, *System.String: -1*, <null>, *Announce*)
  	Notify(SharpMUSH.Library.Models.SharpPlayer: SharpMUSH.Library.Models.SharpPlayer, *System.String: -1*, <null>, *Announce*)
  	Notify(SharpMUSH.Library.Models.SharpPlayer: SharpMUSH.Library.Models.SharpPlayer, *System.String: -1*, <null>, *Announce*)
  	Notify(SharpMUSH.Library.Models.SharpPlayer: SharpMUSH.Library.Models.SharpPlayer, *System.String: -1*, <null>, *Announce*)
  	Notify(SharpMUSH.Library.Models.SharpPlayer: SharpMUSH.Library.Models.SharpPlayer, *System.String: -1*, <null>, *Announce*)
  	Notify(SharpMUSH.Library.Models.SharpPlayer: SharpMUSH.Library.Models.SharpPlayer, *System.String: -1*, <null>, *Announce*)
  	Notify(SharpMUSH.Library.Models.SharpPlayer: SharpMUSH.Library.Models.SharpPlayer, *System.String: -1*, <null>, *Announce*)
  	Notify(SharpMUSH.Library.Models.SharpPlayer: SharpMUSH.Library.Models.SharpPlayer, *System.String: -1*, <null>, *Announce*)
  	Notify(SharpMUSH.Library.Models.SharpPlayer: SharpMUSH.Library.Models.SharpPlayer, *System.String: -1*, <null>, *Announce*)
  	Notify(SharpMUSH.Library.Models.SharpPlayer: SharpMUSH.Library.Models.SharpPlayer, *System.String: -1*, <null>, *Announce*)
  	Notify(SharpMUSH.Library.Models.SharpPlayer: SharpMUSH.Library.Models.SharpPlayer, *System.String: -1*, <null>, *Announce*)
  	Notify(SharpMUSH.Library.Models.SharpPlayer: SharpMUSH.Library.Models.SharpPlayer, *System.String: -1*, <null>, *Announce*)
  	Notify(SharpMUSH.Library.Models.SharpPlayer: SharpMUSH.Library.Models.SharpPlayer, *System.String: -1*, <null>, *Announce*)
  	Notify(SharpMUSH.Library.Models.SharpPlayer: SharpMUSH.Library.Models.SharpPlayer, *System.String: -1*, <null>, *Announce*)
  	Notify(SharpMUSH.Library.Models.SharpPlayer: SharpMUSH.Library.Models.SharpPlayer, *System.String: -1*, <null>, *Announce*)
  	Notify(SharpMUSH.Library.Models.SharpPlayer: SharpMUSH.Library.Models.SharpPlayer, *System.String: -1*, <null>, *Announce*)
  	Notify(SharpMUSH.Library.Models.SharpPlayer: SharpMUSH.Library.Models.SharpPlayer, *System.String: -1*, <null>, *Announce*)
  	Notify(SharpMUSH.Library.Models.SharpPlayer: SharpMUSH.Library.Models.SharpPlayer, *System.String: -1*, <null>, *Announce*)
  	Notify(SharpMUSH.Library.Models.SharpPlayer: SharpMUSH.Library.Models.SharpPlayer, *System.String: -1*, <null>, *Announce*)
  	Notify(SharpMUSH.Library.Models.SharpPlayer: SharpMUSH.Library.Models.SharpPlayer, *System.String: -1*, <null>, *Announce*)
  	Notify(SharpMUSH.Library.Models.SharpPlayer: SharpMUSH.Library.Models.SharpPlayer, *System.String: -1*, <null>, *Announce*)
  	Notify(SharpMUSH.Library.Models.SharpPlayer: SharpMUSH.Library.Models.SharpPlayer, *System.String: -1*, <null>, *Announce*)
  	Notify(SharpMUSH.Library.Models.SharpPlayer: SharpMUSH.Library.Models.SharpPlayer, *System.String: -1*, <null>, *Announce*)
  	Notify(SharpMUSH.Library.Models.SharpPlayer: SharpMUSH.Library.Models.SharpPlayer, *System.String: -1*, <null>, *Announce*)
  	Notify(SharpMUSH.Library.Models.SharpPlayer: SharpMUSH.Library.Models.SharpPlayer, *System.String: -1*, <null>, *Announce*)
  	Notify(SharpMUSH.Library.Models.SharpPlayer: SharpMUSH.Library.Models.SharpPlayer, *System.String: -1*, <null>, *Announce*)
  	Notify(SharpMUSH.Library.Models.SharpPlayer: SharpMUSH.Library.Models.SharpPlayer, *System.String: -1*, <null>, *Announce*)
  	Notify(SharpMUSH.Library.Models.SharpPlayer: SharpMUSH.Library.Models.SharpPlayer, *System.String: -1*, <null>, *Announce*)
  	Notify(SharpMUSH.Library.Models.SharpPlayer: SharpMUSH.Library.Models.SharpPlayer, *System.String: -1*, <null>, *Announce*)
  	Notify(SharpMUSH.Library.Models.SharpPlayer: SharpMUSH.Library.Models.SharpPlayer, *System.String: -1*, <null>, *Announce*)
  	Notify(SharpMUSH.Library.Models.SharpPlayer: SharpMUSH.Library.Models.SharpPlayer, *System.String: -1*, <null>, *Announce*)
  	Notify(SharpMUSH.Library.Models.SharpPlayer: SharpMUSH.Library.Models.SharpPlayer, *System.String: -1*, <null>, *Announce*)
  	Notify(SharpMUSH.Library.Models.SharpPlayer: SharpMUSH.Library.Models.SharpPlayer, *System.String: -1*, <null>, *Announce*)
  	Notify(SharpMUSH.Library.Models.SharpPlayer: SharpMUSH.Library.Models.SharpPlayer, *System.String: -1*, <null>, *Announce*)
  	Notify(SharpMUSH.Library.Models.SharpPlayer: SharpMUSH.Library.Models.SharpPlayer, *System.String: -1*, <null>, *Announce*)
  	Notify(SharpMUSH.Library.Models.SharpPlayer: SharpMUSH.Library.Models.SharpPlayer, *System.String: Command1 Arg*, <null>, *Announce*)
  	Notify(SharpMUSH.Library.Models.SharpPlayer: SharpMUSH.Library.Models.SharpPlayer, *System.String: Command2 Arg*, <null>, *Announce*)
  	Notify(SharpMUSH.Library.Models.SharpPlayer: SharpMUSH.Library.Models.SharpPlayer, *System.String: 32*, <null>, *Announce*)
  	Notify(SharpMUSH.Library.Models.SharpPlayer: SharpMUSH.Library.Models.SharpPlayer, *System.String: [1;31mred[0m*, <null>, *Announce*)
  	Notify(SharpMUSH.Library.Models.SharpPlayer: SharpMUSH.Library.Models.SharpPlayer, *System.String: [1;32mgreen[0m*, <null>, *Announce*)
  	Notify(SharpMUSH.Library.Models.SharpPlayer: SharpMUSH.Library.Models.SharpPlayer, *System.String: 36*, <null>, *Announce*)
  	Notify(SharpMUSH.Library.Models.SharpPlayer: SharpMUSH.Library.Models.SharpPlayer, *System.String: 57*, <null>, *Announce*)
  	Notify(SharpMUSH.Library.Models.SharpPlayer: SharpMUSH.Library.Models.SharpPlayer, *System.String: Command3 Arg*, <null>, *Announce*)
  	Notify(SharpMUSH.Library.Models.SharpPlayer: SharpMUSH.Library.Models.SharpPlayer, *System.String: Command4 Arg.*, <null>, *Announce*)
  	Notify(SharpMUSH.Library.Models.SharpPlayer: SharpMUSH.Library.Models.SharpPlayer, *System.String: 34*, <null>, *Announce*)
  	Notify(SharpMUSH.Library.Models.SharpPlayer: SharpMUSH.Library.Models.SharpPlayer, *System.String: 55*, <null>, *Announce*)
  	Notify(SharpMUSH.Library.Models.SharpPlayer: SharpMUSH.Library.Models.SharpPlayer, *System.String: [add(1,2)]3*, <null>, *Announce*)
  	Notify(SharpMUSH.Library.Models.SharpPlayer: SharpMUSH.Library.Models.SharpPlayer, *System.String: 31*, <null>, *Announce*)
  	Notify(SharpMUSH.Library.Models.SharpPlayer: SharpMUSH.Library.Models.SharpPlayer, *System.String: Command1 Arg;think Command2 Arg*, <null>, *Announce*)
  	Notify(SharpMUSH.Library.Models.SharpPlayer: SharpMUSH.Library.Models.SharpPlayer, *System.String: Configuration Categories:*, <null>, *Announce*)
  	Notify(SharpMUSH.Library.Models.SharpPlayer: SharpMUSH.Library.Models.SharpPlayer, *System.String:   Attribute*, <null>, *Announce*)
  	Notify(SharpMUSH.Library.Models.SharpPlayer: SharpMUSH.Library.Models.SharpPlayer, *System.String:   Chat*, <null>, *Announce*)
  	Notify(SharpMUSH.Library.Models.SharpPlayer: SharpMUSH.Library.Models.SharpPlayer, *System.String:   Command*, <null>, *Announce*)
  	Notify(SharpMUSH.Library.Models.SharpPlayer: SharpMUSH.Library.Models.SharpPlayer, *System.String:   Compatibility*, <null>, *Announce*)
  	Notify(SharpMUSH.Library.Models.SharpPlayer: SharpMUSH.Library.Models.SharpPlayer, *System.String:   Cosmetic*, <null>, *Announce*)
  	Notify(SharpMUSH.Library.Models.SharpPlayer: SharpMUSH.Library.Models.SharpPlayer, *System.String:   Cost*, <null>, *Announce*)
  	Notify(SharpMUSH.Library.Models.SharpPlayer: SharpMUSH.Library.Models.SharpPlayer, *System.String:   Database*, <null>, *Announce*)
  	Notify(SharpMUSH.Library.Models.SharpPlayer: SharpMUSH.Library.Models.SharpPlayer, *System.String:   Dump*, <null>, *Announce*)
  	Notify(SharpMUSH.Library.Models.SharpPlayer: SharpMUSH.Library.Models.SharpPlayer, *System.String:   File*, <null>, *Announce*)
  	Notify(SharpMUSH.Library.Models.SharpPlayer: SharpMUSH.Library.Models.SharpPlayer, *System.String:   Flag*, <null>, *Announce*)
  	Notify(SharpMUSH.Library.Models.SharpPlayer: SharpMUSH.Library.Models.SharpPlayer, *System.String:   Function*, <null>, *Announce*)
  	Notify(SharpMUSH.Library.Models.SharpPlayer: SharpMUSH.Library.Models.SharpPlayer, *System.String:   Limit*, <null>, *Announce*)
  	Notify(SharpMUSH.Library.Models.SharpPlayer: SharpMUSH.Library.Models.SharpPlayer, *System.String:   Log*, <null>, *Announce*)
  	Notify(SharpMUSH.Library.Models.SharpPlayer: SharpMUSH.Library.Models.SharpPlayer, *System.String:   Message*, <null>, *Announce*)
  	Notify(SharpMUSH.Library.Models.SharpPlayer: SharpMUSH.Library.Models.SharpPlayer, *System.String:   Net*, <null>, *Announce*)
  	Notify(SharpMUSH.Library.Models.SharpPlayer: SharpMUSH.Library.Models.SharpPlayer, *System.String:   Debug*, <null>, *Announce*)
  	Notify(SharpMUSH.Library.Models.SharpPlayer: SharpMUSH.Library.Models.SharpPlayer, *System.String:   Alias*, <null>, *Announce*)
  	Notify(SharpMUSH.Library.Models.SharpPlayer: SharpMUSH.Library.Models.SharpPlayer, *System.String:   Restriction*, <null>, *Announce*)
  	Notify(SharpMUSH.Library.Models.SharpPlayer: SharpMUSH.Library.Models.SharpPlayer, *System.String:   BannedNames*, <null>, *Announce*)
  	Notify(SharpMUSH.Library.Models.SharpPlayer: SharpMUSH.Library.Models.SharpPlayer, *System.String:   SitelockRules*, <null>, *Announce*)
  	Notify(SharpMUSH.Library.Models.SharpPlayer: SharpMUSH.Library.Models.SharpPlayer, *System.String:   Warning*, <null>, *Announce*)
  	Notify(SharpMUSH.Library.Models.SharpPlayer: SharpMUSH.Library.Models.SharpPlayer, *System.String:   TextFile*, <null>, *Announce*)
  	Notify(SharpMUSH.Library.Models.SharpPlayer: SharpMUSH.Library.Models.SharpPlayer, *System.String: Use '@config <category>' to see options in a category.*, <null>, *Announce*)
  	Notify(SharpMUSH.Library.Models.SharpPlayer: SharpMUSH.Library.Models.SharpPlayer, *System.String: Use '@config <option>' to see the value of an option.*, <null>, *Announce*)
  	Notify(SharpMUSH.Library.Models.SharpPlayer: SharpMUSH.Library.Models.SharpPlayer, *System.String: Options in Net:*, <null>, *Announce*)
  	Notify(SharpMUSH.Library.Models.SharpPlayer: SharpMUSH.Library.Models.SharpPlayer, *System.String:   guests: True*, <null>, *Announce*)
  	Notify(SharpMUSH.Library.Models.SharpPlayer: SharpMUSH.Library.Models.SharpPlayer, *System.String:   ip_addr: null*, <null>, *Announce*)
  	Notify(SharpMUSH.Library.Models.SharpPlayer: SharpMUSH.Library.Models.SharpPlayer, *System.String:   json_unsafe_unescape: False*, <null>, *Announce*)
  	Notify(SharpMUSH.Library.Models.SharpPlayer: SharpMUSH.Library.Models.SharpPlayer, *System.String:   logins: True*, <null>, *Announce*)
  	Notify(SharpMUSH.Library.Models.SharpPlayer: SharpMUSH.Library.Models.SharpPlayer, *System.String:   mud_name: PennMUSH Emulation by SharpMUSH*, <null>, *Announce*)
  	Notify(SharpMUSH.Library.Models.SharpPlayer: SharpMUSH.Library.Models.SharpPlayer, *System.String:   mud_url: null*, <null>, *Announce*)
  	Notify(SharpMUSH.Library.Models.SharpPlayer: SharpMUSH.Library.Models.SharpPlayer, *System.String:   player_creation: True*, <null>, *Announce*)
  	Notify(SharpMUSH.Library.Models.SharpPlayer: SharpMUSH.Library.Models.SharpPlayer, *System.String:   port: 4203*, <null>, *Announce*)
  	Notify(SharpMUSH.Library.Models.SharpPlayer: SharpMUSH.Library.Models.SharpPlayer, *System.String:   portal_port: 5117*, <null>, *Announce*)
  	Notify(SharpMUSH.Library.Models.SharpPlayer: SharpMUSH.Library.Models.SharpPlayer, *System.String:   pueblo: False*, <null>, *Announce*)
  	Notify(SharpMUSH.Library.Models.SharpPlayer: SharpMUSH.Library.Models.SharpPlayer, *System.String:   socket_file: data/netmush.sock*, <null>, *Announce*)
  	Notify(SharpMUSH.Library.Models.SharpPlayer: SharpMUSH.Library.Models.SharpPlayer, *System.String:   sql_database: mush*, <null>, *Announce*)
  	Notify(SharpMUSH.Library.Models.SharpPlayer: SharpMUSH.Library.Models.SharpPlayer, *System.String:   sql_host: 127.0.0.1*, <null>, *Announce*)
  	Notify(SharpMUSH.Library.Models.SharpPlayer: SharpMUSH.Library.Models.SharpPlayer, *System.String:   sql_password: mush*, <null>, *Announce*)
  	Notify(SharpMUSH.Library.Models.SharpPlayer: SharpMUSH.Library.Models.SharpPlayer, *System.String:   sql_platform: disabled*, <null>, *Announce*)
  	Notify(SharpMUSH.Library.Models.SharpPlayer: SharpMUSH.Library.Models.SharpPlayer, *System.String:   sql_username: mush*, <null>, *Announce*)
  	Notify(SharpMUSH.Library.Models.SharpPlayer: SharpMUSH.Library.Models.SharpPlayer, *System.String:   ssl_ip_addr: null*, <null>, *Announce*)
  	Notify(SharpMUSH.Library.Models.SharpPlayer: SharpMUSH.Library.Models.SharpPlayer, *System.String:   ssl_port: 0*, <null>, *Announce*)
  	Notify(SharpMUSH.Library.Models.SharpPlayer: SharpMUSH.Library.Models.SharpPlayer, *System.String:   ssl_portal_port: 7296*, <null>, *Announce*)
  	Notify(SharpMUSH.Library.Models.SharpPlayer: SharpMUSH.Library.Models.SharpPlayer, *System.String:   ssl_require_clientcert: False*, <null>, *Announce*)
  	Notify(SharpMUSH.Library.Models.SharpPlayer: SharpMUSH.Library.Models.SharpPlayer, *System.String:   use_dns: True*, <null>, *Announce*)
  	Notify(SharpMUSH.Library.Models.SharpPlayer: SharpMUSH.Library.Models.SharpPlayer, *System.String:   use_ws: True*, <null>, *Announce*)
  	Notify(SharpMUSH.Library.Models.SharpPlayer: SharpMUSH.Library.Models.SharpPlayer, *System.String:   ws_url: /wsclient*, <null>, *Announce*)
  	Notify(SharpMUSH.Library.Models.SharpPlayer: SharpMUSH.Library.Models.SharpPlayer, *System.String: Attribute DOING SET.*, SharpMUSH.Library.Models.SharpPlayer: SharpMUSH.Library.Models.SharpPlayer, *Announce*)
  	Notify(SharpMUSH.Library.Models.SharpPlayer: SharpMUSH.Library.Models.SharpPlayer, *System.String: No configuration category or option named 'test_string_CONFIG_invalid_option'.*, <null>, *Announce*)
  	Notify(SharpMUSH.Library.Models.SharpPlayer: SharpMUSH.Library.Models.SharpPlayer, *System.String: Attribute MONIKER SET.*, SharpMUSH.Library.Models.SharpPlayer: SharpMUSH.Library.Models.SharpPlayer, *Announce*)
  	Notify(SharpMUSH.Library.Models.SharpPlayer: SharpMUSH.Library.Models.SharpPlayer, *System.String: Moniker set.*, <null>, *Announce*)
  	Notify(SharpMUSH.Library.Models.SharpPlayer: SharpMUSH.Library.Models.SharpPlayer, *System.String: Usage: @motd[/<type>] <message>*, <null>, *Announce*)
  	Notify(SharpMUSH.Library.Models.SharpPlayer: SharpMUSH.Library.Models.SharpPlayer, *System.String: Current Message of the Day settings:*, <null>, *Announce*)
  	Notify(SharpMUSH.Library.Models.SharpPlayer: SharpMUSH.Library.Models.SharpPlayer, *System.String:   Connect MOTD File: txt/motd.txt*, <null>, *Announce*)
  	Notify(SharpMUSH.Library.Models.SharpPlayer: SharpMUSH.Library.Models.SharpPlayer, *System.String:   Connect MOTD HTML: txt/motd.html*, <null>, *Announce*)
  	Notify(SharpMUSH.Library.Models.SharpPlayer: SharpMUSH.Library.Models.SharpPlayer, *System.String:   Wizard MOTD File: txt/wizmotd.txt*, <null>, *Announce*)
  	Notify(SharpMUSH.Library.Models.SharpPlayer: SharpMUSH.Library.Models.SharpPlayer, *System.String:   Wizard MOTD HTML: txt/wizmotd.html*, <null>, *Announce*)
  	Notify(SharpMUSH.Library.Models.SharpPlayer: SharpMUSH.Library.Models.SharpPlayer, *System.String: *, <null>, *Announce*)
  	Notify(SharpMUSH.Library.Models.SharpPlayer: SharpMUSH.Library.Models.SharpPlayer, *System.String: Temporary Message of the Day (cleared on restart):*, <null>, *Announce*)
  	Notify(SharpMUSH.Library.Models.SharpPlayer: SharpMUSH.Library.Models.SharpPlayer, *System.String:   Connect MOTD: (not set)*, <null>, *Announce*)
  	Notify(SharpMUSH.Library.Models.SharpPlayer: SharpMUSH.Library.Models.SharpPlayer, *System.String:   Wizard MOTD:  (not set)*, <null>, *Announce*)
  	Notify(SharpMUSH.Library.Models.SharpPlayer: SharpMUSH.Library.Models.SharpPlayer, *System.String:   Down MOTD:    (not set)*, <null>, *Announce*)
  	Notify(SharpMUSH.Library.Models.SharpPlayer: SharpMUSH.Library.Models.SharpPlayer, *System.String:   Full MOTD:    (not set)*, <null>, *Announce*)
  	Notify(SharpMUSH.Library.Models.SharpPlayer: SharpMUSH.Library.Models.SharpPlayer, *System.String: Usage: @wizmotd <message>*, <null>, *Announce*)
  	Notify(SharpMUSH.Library.Models.SharpPlayer: SharpMUSH.Library.Models.SharpPlayer, *System.String: Usage: @rejectmotd <message>*, <null>, *Announce*)
  	Notify(SharpMUSH.Library.Models.SharpPlayer: SharpMUSH.Library.Models.SharpPlayer, *System.String: mud_name: PennMUSH Emulation by SharpMUSH*, <null>, *Announce*)
  	Notify(SharpMUSH.Library.Models.SharpPlayer: SharpMUSH.Library.Models.SharpPlayer, *System.String:   Description: Name of your MUSH as displayed to players*, <null>, *Announce*)
  	Notify(SharpMUSH.Library.Models.SharpPlayer: SharpMUSH.Library.Models.SharpPlayer, *System.String:   Category: Net*, <null>, *Announce*)
  	Notify(SharpMUSH.Library.Models.SharpPlayer: SharpMUSH.Library.Models.SharpPlayer, *System.String: Player Name            On For   Idle  Doing                           
  God                        3s     0s  Test activity                   
  1 players logged in.*, <null>, *Announce*)
  	Notify(SharpMUSH.Library.Models.SharpPlayer: SharpMUSH.Library.Models.SharpPlayer, *System.String: @enable is equivalent to @config/set noisy_whisper=yes*, <null>, *Announce*)
  	Notify(SharpMUSH.Library.Models.SharpPlayer: SharpMUSH.Library.Models.SharpPlayer, *System.String: Runtime configuration modification is not yet implemented. Changes require server restart.*, <null>, *Announce*)
  	Notify(SharpMUSH.Library.Models.SharpPlayer: SharpMUSH.Library.Models.SharpPlayer, *System.String: Current value: noisy_whisper=False*, <null>, *Announce*)
  	Notify(SharpMUSH.Library.Models.SharpPlayer: SharpMUSH.Library.Models.SharpPlayer, *System.String: Option 'probate_judge' is not a boolean option. Use @config/set instead.*, <null>, *Announce*)
  	Notify(SharpMUSH.Library.Models.SharpPlayer: SharpMUSH.Library.Models.SharpPlayer, *System.String: Usage: @enable <option>*, <null>, *Announce*)
  	Notify(SharpMUSH.Library.Models.SharpPlayer: SharpMUSH.Library.Models.SharpPlayer, *System.String: Usage: @disable <option>*, <null>, *Announce*)
  	Notify(SharpMUSH.Library.Models.SharpPlayer: SharpMUSH.Library.Models.SharpPlayer, *System.String: Player Name            On For   Idle  Doing                           
  
  0 players logged in.*, <null>, *Announce*)
  	Notify(SharpMUSH.Library.Models.SharpPlayer: SharpMUSH.Library.Models.SharpPlayer, *System.String: No configuration option named 'test_string_DISABLE_invalid_option_xyz'.*, <null>, *Announce*)
  	Notify(SharpMUSH.Library.Models.SharpPlayer: SharpMUSH.Library.Models.SharpPlayer, *System.String: No configuration option named 'test_string_ENABLE_invalid_option_xyz'.*, <null>, *Announce*)
  	Notify(SharpMUSH.Library.Models.SharpPlayer: SharpMUSH.Library.Models.SharpPlayer, *System.String: @disable is equivalent to @config/set noisy_whisper=no*, <null>, *Announce*)
  	Notify(SharpMUSH.Library.Models.SharpPlayer: SharpMUSH.Library.Models.SharpPlayer, *System.String: Runtime configuration modification is not yet implemented. Changes require server restart.*, <null>, *Announce*)
  	Notify(SharpMUSH.Library.Models.SharpPlayer: SharpMUSH.Library.Models.SharpPlayer, *System.String: Current value: noisy_whisper=False*, <null>, *Announce*)
  	Notify(SharpMUSH.Library.Models.SharpPlayer: SharpMUSH.Library.Models.SharpPlayer, *System.String: Option 'mud_name' is not a boolean option. Use @config/set instead.*, <null>, *Announce*)
  	Notify(SharpMUSH.Library.Models.SharpPlayer: SharpMUSH.Library.Models.SharpPlayer, *System.String: Power 'TEST_POWER_E9AB9A3B' created with alias 'TPOW'.*, <null>, *Announce*)
  	Notify(SharpMUSH.Library.Models.SharpPlayer: SharpMUSH.Library.Models.SharpPlayer, *System.String: Object Powers:
  Name                 Alias              Type Restrictions
  -------------------- ------------------ -------------------
  Announce                                ROOM,PLAYER,EXIT,THING
  Boot                                    ROOM,PLAYER,EXIT,THING
  Builder                                 ROOM,PLAYER,EXIT,THING
  Can_Dark                                PLAYER
  Can_HTTP                                ROOM,PLAYER,EXIT,THING
  Can_Spoof                               ROOM,PLAYER,EXIT,THING
  Chat_Privs                              ROOM,PLAYER,EXIT,THING
  Debit                                   ROOM,PLAYER,EXIT,THING
  Functions                               ROOM,PLAYER,EXIT,THING
  Guest                                   ROOM,PLAYER,EXIT,THING
  Halt                                    ROOM,PLAYER,EXIT,THING
  Hide                                    ROOM,PLAYER,EXIT,THING
  Hook                                    ROOM,PLAYER,EXIT,THING
  Idle                                    ROOM,PLAYER,EXIT,THING
  Immortal                                ROOM,PLAYER,EXIT,THING
  Link_Anywhere                           ROOM,PLAYER,EXIT,THING
  Login                                   ROOM,PLAYER,EXIT,THING
  Long_Fingers                            ROOM,PLAYER,EXIT,THING
  Many_Attribs                            ROOM,PLAYER,EXIT,THING
  No_Pay                                  ROOM,PLAYER,EXIT,THING
  No_Quota                                ROOM,PLAYER,EXIT,THING
  Open_Anywhere                           ROOM,PLAYER,EXIT,THING
  Pemit_All                               ROOM,PLAYER,EXIT,THING
  Pick_DBRefs                             ROOM,PLAYER,EXIT,THING
  Player_Create                           ROOM,PLAYER,EXIT,THING
  Poll                                    ROOM,PLAYER,EXIT,THING
  Pueblo_Send                             ROOM,PLAYER,EXIT,THING
  Queue                                   ROOM,PLAYER,EXIT,THING
  Search                                  ROOM,PLAYER,EXIT,THING
  See_All                                 ROOM,PLAYER,EXIT,THING
  See_Queue                               ROOM,PLAYER,EXIT,THING
  See_OOB                                 ROOM,PLAYER,EXIT,THING
  SQL_OK                                  ROOM,PLAYER,EXIT,THING
  Tport_Anything                          ROOM,PLAYER,EXIT,THING
  Tport_Anywhere                          ROOM,PLAYER,EXIT,THING
  Unkillable                              ROOM,PLAYER,EXIT,THING*, <null>, *Announce*)
  	Notify(SharpMUSH.Library.Models.SharpPlayer: SharpMUSH.Library.Models.SharpPlayer, *System.String: Object Flags:
  Name                 Symbol Type Restrictions
  -------------------- ------ -------------------
  WIZARD               W      ROOM,PLAYER,EXIT,THING
  ABODE                A      ROOM
  ANSI                 A      PLAYER
  CHOWN_OK             C      ROOM,PLAYER,THING
  COLOR                C      PLAYER
  DARK                 D      ROOM,PLAYER,EXIT,THING
  FIXED                F      PLAYER
  FLOATING             F      ROOM
  HAVEN                H      PLAYER
  TRUST                I      ROOM,PLAYER,EXIT,THING
  JUDGE                J      PLAYER
  JUMP_OK              J      ROOM
  LINK_OK              L      ROOM,PLAYER,EXIT,THING
  MONITOR              M      ROOM,PLAYER,THING
  NO_LEAVE             N      THING
  NO_TEL               N      ROOM
  OPAQUE               O      ROOM,PLAYER,EXIT,THING
  QUIET                Q      ROOM,PLAYER,EXIT,THING
  UNFINDABLE           U      ROOM,PLAYER,EXIT,THING
  VISUAL               V      ROOM,PLAYER,EXIT,THING
  SAFE                 X      ROOM,PLAYER,EXIT,THING
  SHARED               Z      PLAYER
  Z_TEL                Z      ROOM,THING
  LISTEN_PARENT        ^      PLAYER,THING,ROOM
  NOACCENTS            ~      PLAYER,THING,ROOM
  UNREGISTERED         ?      PLAYER
  NOSPOOF              "      ROOM,PLAYER,EXIT,THING
  AUDIBLE              a      ROOM,PLAYER,EXIT,THING
  DEBUG                b      ROOM,PLAYER,EXIT,THING
  DESTROY_OK           d      THING
  ENTER_OK             e      ROOM,PLAYER,EXIT,THING
  GAGGED               g      PLAYER
  HALT                 h      ROOM,PLAYER,EXIT,THING
  ORPHAN               i      ROOM,PLAYER,EXIT,THING
  JURY_OK              j      PLAYER
  KEEPALIVE            k      PLAYER
  LIGHT                l      ROOM,PLAYER,EXIT,THING
  MISTRUST             m      PLAYER,EXIT,THING
  MISTRUST             m      PLAYER,EXIT,THING
  NO_COMMAND           n      ROOM,PLAYER,EXIT,THING
  ON_VACATION          o      PLAYER
  PUPPET               P      THING
  ROYALTY              r      ROOM,PLAYER,EXIT,THING
  SUSPECT              s      ROOM,PLAYER,EXIT,THING
  TRANSPARENT          t      ROOM,PLAYER,EXIT,THING
  VERBOSE              v      ROOM,PLAYER,EXIT,THING
  NO_WARN              w      ROOM,PLAYER,EXIT,THING
  CLOUDY               x      EXIT
  CHAN_USEFIRSTMATCH          ROOM,PLAYER,EXIT,THING
  HEAR_CONNECT                PLAYER
  HEAVY                       ROOM,PLAYER,EXIT,THING
  LOUD                        PLAYER
  NO_LOG                      PLAYER
  PARANOID                    PLAYER
  TRACK_MONEY                 PLAYER
  XTERM256                    PLAYER
  MONIKER                     ROOM,PLAYER,EXIT,THING
  OPEN_OK                     ROOM
  GOING                g      ROOM,PLAYER,EXIT,THING
  GOING_TWICE                 ROOM,PLAYER,EXIT,THING*, <null>, *Announce*)
  	Notify(SharpMUSH.Library.Models.SharpPlayer: SharpMUSH.Library.Models.SharpPlayer, *System.String: Flag 'TEST_FLAG_36F4C586' created with symbol 'T'.*, <null>, *Announce*)
  	Notify(SharpMUSH.Library.Models.SharpPlayer: SharpMUSH.Library.Models.SharpPlayer, *System.String: Flag 'TEST_FLAG_EF8D1235' created with symbol 'T'.*, <null>, *Announce*)
  	Notify(SharpMUSH.Library.Models.SharpPlayer: SharpMUSH.Library.Models.SharpPlayer, *System.String: Flag 'TEST_FLAG_7EE4E12F' created with symbol 'T'.*, <null>, *Announce*)
  	Notify(SharpMUSH.Library.Models.SharpPlayer: SharpMUSH.Library.Models.SharpPlayer, *System.String: Flag 'TEST_FLAG_7EE4E12F' already exists.*, <null>, *Announce*)
  	Notify(SharpMUSH.Library.Models.SharpPlayer: SharpMUSH.Library.Models.SharpPlayer, *System.String: Flag 'TEST_FLAG_310C1EAA' deleted.*, <null>, *Announce*)
  	Notify(SharpMUSH.Library.Models.SharpPlayer: SharpMUSH.Library.Models.SharpPlayer, *System.String: Cannot delete system flag 'WIZARD'.*, <null>, *Announce*)
  	Notify(SharpMUSH.Library.Models.SharpPlayer: SharpMUSH.Library.Models.SharpPlayer, *System.String: Flag 'NONEXISTENT_FLAG_XYZ123' not found.*, <null>, *Announce*)
  	Notify(SharpMUSH.Library.Models.SharpPlayer: SharpMUSH.Library.Models.SharpPlayer, *System.String: Power 'TEST_POWER_ENABLE_556A3B81' created with alias 'TPOW'.*, <null>, *Announce*)
  	Notify(SharpMUSH.Library.Models.SharpPlayer: SharpMUSH.Library.Models.SharpPlayer, *System.String: Power 'TEST_POWER_ENABLE_556A3B81' disabled.*, <null>, *Announce*)
  	Notify(SharpMUSH.Library.Models.SharpPlayer: SharpMUSH.Library.Models.SharpPlayer, *System.String: Power 'TEST_POWER_ENABLE_556A3B81' enabled.*, <null>, *Announce*)
  	Notify(SharpMUSH.Library.Models.SharpPlayer: SharpMUSH.Library.Models.SharpPlayer, *System.String: Power 'TEST_POWER_DISABLE_FA5E4FB5' created with alias 'TPOW'.*, <null>, *Announce*)
  	Notify(SharpMUSH.Library.Models.SharpPlayer: SharpMUSH.Library.Models.SharpPlayer, *System.String: Power 'TEST_POWER_DISABLE_FA5E4FB5' disabled.*, <null>, *Announce*)
  	Notify(SharpMUSH.Library.Models.SharpPlayer: SharpMUSH.Library.Models.SharpPlayer, *System.String: Cannot disable system power 'Builder'.*, <null>, *Announce*)
  	Notify(SharpMUSH.Library.Models.SharpPlayer: SharpMUSH.Library.Models.SharpPlayer, *System.String: Flag 'TEST_FLAG_ENABLE_F9F4489C' created with symbol 'T'.*, <null>, *Announce*)
  	Notify(SharpMUSH.Library.Models.SharpPlayer: SharpMUSH.Library.Models.SharpPlayer, *System.String: Flag 'TEST_FLAG_ENABLE_F9F4489C' disabled.*, <null>, *Announce*)
  	Notify(SharpMUSH.Library.Models.SharpPlayer: SharpMUSH.Library.Models.SharpPlayer, *System.String: Flag 'TEST_FLAG_ENABLE_F9F4489C' enabled.*, <null>, *Announce*)
  	Notify(SharpMUSH.Library.Models.SharpPlayer: SharpMUSH.Library.Models.SharpPlayer, *System.String: Flag 'TEST_FLAG_DISABLE_842F3BDD' created with symbol 'T'.*, <null>, *Announce*)
  	Notify(SharpMUSH.Library.Models.SharpPlayer: SharpMUSH.Library.Models.SharpPlayer, *System.String: Flag 'TEST_FLAG_DISABLE_842F3BDD' disabled.*, <null>, *Announce*)
  	Notify(SharpMUSH.Library.Models.SharpPlayer: SharpMUSH.Library.Models.SharpPlayer, *System.String: @POWER/ADD requires power name and alias.*, <null>, *Announce*)
  	Notify(SharpMUSH.Library.Models.SharpPlayer: SharpMUSH.Library.Models.SharpPlayer, *System.String: @FLAG/ADD requires flag name and symbol.*, <null>, *Announce*)
  	Notify(SharpMUSH.Library.Models.SharpPlayer: SharpMUSH.Library.Models.SharpPlayer, *System.String: Power 'NONEXISTENT_POWER_XYZ123' not found.*, <null>, *Announce*)
  	Notify(SharpMUSH.Library.Models.SharpPlayer: SharpMUSH.Library.Models.SharpPlayer, *System.String: Cannot delete system power 'BUILDER'.*, <null>, *Announce*)
  	Notify(SharpMUSH.Library.Models.SharpPlayer: SharpMUSH.Library.Models.SharpPlayer, *System.String: Power 'TEST_POWER_9E7AFEEF' deleted.*, <null>, *Announce*)
  	Notify(SharpMUSH.Library.Models.SharpPlayer: SharpMUSH.Library.Models.SharpPlayer, *System.String: Power 'TEST_POWER_F0978529' created with alias 'TPOW'.*, <null>, *Announce*)
  	Notify(SharpMUSH.Library.Models.SharpPlayer: SharpMUSH.Library.Models.SharpPlayer, *System.String: Cannot disable system flag 'WIZARD'.*, <null>, *Announce*)
  	Notify(SharpMUSH.Library.Models.SharpPlayer: SharpMUSH.Library.Models.SharpPlayer, *System.String: You aren't following anyone.*, <null>, *Announce*)
  	Notify(SharpMUSH.Library.Models.SharpPlayer: SharpMUSH.Library.Models.SharpPlayer, *System.String: Created EmptyTestBox (#5:1774909470451).*, <null>, *Announce*)
  	Notify(SharpMUSH.Library.Models.SharpPlayer: SharpMUSH.Library.Models.SharpPlayer, *System.String: Created EmptyTestThing (#6:1774909470473).*, <null>, *Announce*)
  	Notify(SharpMUSH.Library.Models.SharpPlayer: SharpMUSH.Library.Models.SharpPlayer, *System.String: Flag: ENTER_OK Set.*, <null>, *Announce*)
  	Notify(SharpMUSH.Library.Models.SharpPlayer: SharpMUSH.Library.Models.SharpPlayer, *System.String: You don't have that.*, <null>, *Announce*)
  	Notify(SharpMUSH.Library.Models.SharpPlayer: SharpMUSH.Library.Models.SharpPlayer, *System.String: You aren't carrying that.*, <null>, *Announce*)
  	Notify(SharpMUSH.Library.Models.SharpPlayer: SharpMUSH.Library.Models.SharpPlayer, *System.String: EmptyTestBox is already empty.*, <null>, *Announce*)
  	Notify(SharpMUSH.Library.Models.SharpPlayer: SharpMUSH.Library.Models.SharpPlayer, *System.String: Created EmptyTestContainer (#7:1774909470613).*, <null>, *Announce*)
  	Notify(SharpMUSH.Library.Models.SharpPlayer: SharpMUSH.Library.Models.SharpPlayer, *System.String: Created EmptyTestItem1 (#8:1774909470637).*, <null>, *Announce*)
  	Notify(SharpMUSH.Library.Models.SharpPlayer: SharpMUSH.Library.Models.SharpPlayer, *System.String: Created EmptyTestItem2 (#9:1774909470654).*, <null>, *Announce*)
  	Notify(SharpMUSH.Library.Models.SharpPlayer: SharpMUSH.Library.Models.SharpPlayer, *System.String: Flag: ENTER_OK Set.*, <null>, *Announce*)
  	Notify(SharpMUSH.Library.Models.SharpPlayer: SharpMUSH.Library.Models.SharpPlayer, *System.String: Taken.*, <null>, *Announce*)
  	Notify(SharpMUSH.Library.Models.SharpPlayer: SharpMUSH.Library.Models.SharpPlayer, *System.String: You don't have that.*, <null>, *Announce*)
  	Notify(SharpMUSH.Library.Models.SharpPlayer: SharpMUSH.Library.Models.SharpPlayer, *System.String: You don't have that.*, <null>, *Announce*)
  	Notify(SharpMUSH.Library.Models.SharpPlayer: SharpMUSH.Library.Models.SharpPlayer, *System.String: EmptyTestContainer is already empty.*, <null>, *Announce*)
  	Notify(SharpMUSH.Library.Models.SharpPlayer: SharpMUSH.Library.Models.SharpPlayer, *System.String: God is not following you.*, <null>, *Announce*)
  	Notify(SharpMUSH.Library.Models.SharpPlayer: SharpMUSH.Library.Models.SharpPlayer, *System.String: You stop following and dismiss all followers.*, <null>, *Announce*)
  	Notify(SharpMUSH.Library.Models.SharpPlayer: SharpMUSH.Library.Models.SharpPlayer, *System.String: You can't follow yourself.*, <null>, *Announce*)
  	Notify(SharpMUSH.Library.Models.SharpThing: SharpMUSH.Library.Models.SharpThing, *MarkupString.MarkupStringModule+MarkupString: God types --> #1=skill*, SharpMUSH.Library.Models.SharpPlayer: SharpMUSH.Library.Models.SharpPlayer, *Emit*)
  	Notify(SharpMUSH.Library.Models.SharpThing: SharpMUSH.Library.Models.SharpThing, *MarkupString.MarkupStringModule+MarkupString: God types --> #1=skill*, SharpMUSH.Library.Models.SharpPlayer: SharpMUSH.Library.Models.SharpPlayer, *Emit*)
  	Notify(SharpMUSH.Library.Models.SharpThing: SharpMUSH.Library.Models.SharpThing, *MarkupString.MarkupStringModule+MarkupString: God types --> #1=skill*, SharpMUSH.Library.Models.SharpPlayer: SharpMUSH.Library.Models.SharpPlayer, *Emit*)
  	Notify(SharpMUSH.Library.Models.SharpThing: SharpMUSH.Library.Models.SharpThing, *MarkupString.MarkupStringModule+MarkupString: God types --> #1=skill*, SharpMUSH.Library.Models.SharpPlayer: SharpMUSH.Library.Models.SharpPlayer, *Emit*)
  	Notify(SharpMUSH.Library.Models.SharpPlayer: SharpMUSH.Library.Models.SharpPlayer, *MarkupString.MarkupStringModule+MarkupString: God types --> #1=skill*, SharpMUSH.Library.Models.SharpPlayer: SharpMUSH.Library.Models.SharpPlayer, *Emit*)
  	Notify(SharpMUSH.Library.Models.SharpPlayer: SharpMUSH.Library.Models.SharpPlayer, *MarkupString.MarkupStringModule+MarkupString: God types --> #1=skill*, SharpMUSH.Library.Models.SharpPlayer: SharpMUSH.Library.Models.SharpPlayer, *Emit*)
  	Notify(SharpMUSH.Library.Models.SharpPlayer: SharpMUSH.Library.Models.SharpPlayer, *MarkupString.MarkupStringModule+MarkupString: God types --> #1=skill*, SharpMUSH.Library.Models.SharpPlayer: SharpMUSH.Library.Models.SharpPlayer, *Emit*)
  	Notify(SharpMUSH.Library.Models.SharpPlayer: SharpMUSH.Library.Models.SharpPlayer, *System.String: Huh?  (Type "help" for help.)*, <null>, *Announce*)
  	Notify(SharpMUSH.Library.Models.SharpPlayer: SharpMUSH.Library.Models.SharpPlayer, *System.String: The SCORE command is not supported.*, <null>, *Announce*)
  	Notify(SharpMUSH.Library.Models.SharpPlayer: SharpMUSH.Library.Models.SharpPlayer, *System.String: SharpMUSH does not track money or pennies.*, <null>, *Announce*)
  	Notify(SharpMUSH.Library.Models.SharpPlayer: SharpMUSH.Library.Models.SharpPlayer, *System.String: You try to buy 'sword'.*, <null>, *Announce*)
  	Notify(SharpMUSH.Library.Models.SharpPlayer: SharpMUSH.Library.Models.SharpPlayer, *System.String: The BUY command requires a full economy system implementation.*, <null>, *Announce*)
  	Notify(SharpMUSH.Library.Models.SharpPlayer: SharpMUSH.Library.Models.SharpPlayer, *System.String: Features needed: PRICELIST attribute parsing, @lock/pay checking, penny transfers.*, <null>, *Announce*)
  	Notify(SharpMUSH.Library.Models.SharpPlayer: SharpMUSH.Library.Models.SharpPlayer, *System.String: Do what with them?*, <null>, *Announce*)
  	Notify(SharpMUSH.Library.Models.SharpPlayer: SharpMUSH.Library.Models.SharpPlayer, *System.String: Hook 'EXTEND' set for command 'HOOKTEST_IGSWITCH_90E2B306DC0F404AA8D48110EACBAA61'.*, <null>, *Announce*)
  	Notify(SharpMUSH.Library.Models.SharpPlayer: SharpMUSH.Library.Models.SharpPlayer, *System.String: Hook 'EXTEND' set for command 'HOOKTEST_EXTEND_7B9527B5C4AD4E5692A3D7B202DF6F69'.*, <null>, *Announce*)
  	Notify(SharpMUSH.Library.Models.SharpPlayer: SharpMUSH.Library.Models.SharpPlayer, *System.String: Hook 'BEFORE' set for command 'HOOKTEST_DEFAULT_C0F8209DA868453993646D7A985728D3'.*, <null>, *Announce*)
  	Notify(SharpMUSH.Library.Models.SharpPlayer: SharpMUSH.Library.Models.SharpPlayer, *System.String: Hook 'BEFORE' set for command 'HOOKTEST_MULTI_27FA7440694545E9AA3D3F7E5D0E8343'.*, <null>, *Announce*)
  	Notify(SharpMUSH.Library.Models.SharpPlayer: SharpMUSH.Library.Models.SharpPlayer, *System.String: Hook 'AFTER' set for command 'HOOKTEST_MULTI_27FA7440694545E9AA3D3F7E5D0E8343'.*, <null>, *Announce*)
  	Notify(SharpMUSH.Library.Models.SharpPlayer: SharpMUSH.Library.Models.SharpPlayer, *System.String: Hook 'IGNORE' set for command 'HOOKTEST_MULTI_27FA7440694545E9AA3D3F7E5D0E8343'.*, <null>, *Announce*)
  	Notify(SharpMUSH.Library.Models.SharpPlayer: SharpMUSH.Library.Models.SharpPlayer, *System.String: Hook 'BEFORE' set for command 'HOOKTEST_INPLACE_BC6ADB80905F4F90A581300ECD852215' (inline).*, <null>, *Announce*)
  	Notify(SharpMUSH.Library.Models.SharpPlayer: SharpMUSH.Library.Models.SharpPlayer, *System.String: Hook 'BEFORE' set for command 'HOOKTEST_INLINE_39FC73499FC74CFB9B8AB143B0659574' (inline).*, <null>, *Announce*)
  	Notify(SharpMUSH.Library.Models.SharpPlayer: SharpMUSH.Library.Models.SharpPlayer, *System.String: No 'BEFORE' hook set for command 'HOOKTEST_CLEAR_0E30049957AE43A1A2222DE5CC7BC33D'.*, <null>, *Announce*)
  	Notify(SharpMUSH.Library.Models.SharpPlayer: SharpMUSH.Library.Models.SharpPlayer, *System.String: Hook 'BEFORE' set for command 'HOOKTEST_SET_2FB3DD950D24474291D18D6AFD5B85B5'.*, <null>, *Announce*)
  	Notify(SharpMUSH.Library.Models.SharpPlayer: SharpMUSH.Library.Models.SharpPlayer, *System.String: No hooks set for command 'HOOKTEST_LIST_E8081791F1864103A58E58AA7CDA67DA'.*, <null>, *Announce*)
  	Notify(SharpMUSH.Library.Models.SharpPlayer: SharpMUSH.Library.Models.SharpPlayer, *System.String: (HTTP): Content-Type set to application/json*, <null>, *Announce*)
  	Notify(SharpMUSH.Library.Models.SharpPlayer: SharpMUSH.Library.Models.SharpPlayer, *System.String: (HTTP): Status 200 OK*, <null>, *Announce*)
  	Notify(SharpMUSH.Library.Models.SharpPlayer: SharpMUSH.Library.Models.SharpPlayer, *System.String: (HTTP): Status 404 Not Found*, <null>, *Announce*)
  	Notify(SharpMUSH.Library.Models.SharpPlayer: SharpMUSH.Library.Models.SharpPlayer, *System.String: Status code required.*, <null>, *Announce*)
  	Notify(SharpMUSH.Library.Models.SharpPlayer: SharpMUSH.Library.Models.SharpPlayer, *System.String: Status line must be less than 40 characters.*, <null>, *Announce*)
  	Notify(SharpMUSH.Library.Models.SharpPlayer: SharpMUSH.Library.Models.SharpPlayer, *System.String: Header name cannot be empty.*, <null>, *Announce*)
  	Notify(SharpMUSH.Library.Models.SharpPlayer: SharpMUSH.Library.Models.SharpPlayer, *System.String: Cannot set Content-Length header.*, <null>, *Announce*)
  	Notify(SharpMUSH.Library.Models.SharpPlayer: SharpMUSH.Library.Models.SharpPlayer, *System.String: (HTTP): Header X-Custom-Header: *, <null>, *Announce*)
  	Notify(SharpMUSH.Library.Models.SharpPlayer: SharpMUSH.Library.Models.SharpPlayer, *System.String: (HTTP): Header X-Powered-By: MUSHCode*, <null>, *Announce*)
  	Notify(SharpMUSH.Library.Models.SharpPlayer: SharpMUSH.Library.Models.SharpPlayer, *System.String: Content-Type cannot be empty.*, <null>, *Announce*)
  	Notify(SharpMUSH.Library.Models.SharpPlayer: SharpMUSH.Library.Models.SharpPlayer, *System.String: (HTTP): Content-Type set to text/html*, <null>, *Announce*)
  	Notify(SharpMUSH.Library.Models.SharpPlayer: SharpMUSH.Library.Models.SharpPlayer, *System.String: (HTTP): Status 500*, <null>, *Announce*)
  	Notify(SharpMUSH.Library.Models.SharpPlayer: SharpMUSH.Library.Models.SharpPlayer, *System.String: Status code must be a 3-digit number.*, <null>, *Announce*)
  	Notify(SharpMUSH.Library.Models.SharpPlayer: SharpMUSH.Library.Models.SharpPlayer, *System.String: Status code must be a 3-digit number.*, <null>, *Announce*)
  	Notify(SharpMUSH.Library.Models.SharpPlayer: SharpMUSH.Library.Models.SharpPlayer, *System.String: (HTTP): Header Set-Cookie: name=Bob; Max-Age=3600; Version=1*, <null>, *Announce*)
  	Notify(SharpMUSH.Library.Models.SharpPlayer: SharpMUSH.Library.Models.SharpPlayer, *System.String: Message logged to Command log.*, <null>, *Announce*)
  	Notify(SharpMUSH.Library.Models.SharpPlayer: SharpMUSH.Library.Models.SharpPlayer, *System.String: Message logged to Command log.*, <null>, *Announce*)
  	Notify(SharpMUSH.Library.Models.SharpPlayer: SharpMUSH.Library.Models.SharpPlayer, *System.String: Message logged to Wizard log.*, <null>, *Announce*)
  	Notify(SharpMUSH.Library.Models.SharpPlayer: SharpMUSH.Library.Models.SharpPlayer, *System.String: Message logged to Error log.*, <null>, *Announce*)
  	Notify(SharpMUSH.Library.Models.SharpPlayer: SharpMUSH.Library.Models.SharpPlayer, *System.String: Usage: @log[/<switch>] <message> or @log/recall[/<switch>] [<number>]*, <null>, *Announce*)
  	Notify(SharpMUSH.Library.Models.SharpPlayer: SharpMUSH.Library.Models.SharpPlayer, *System.String: No log entries found for category 'Command'.*, <null>, *Announce*)
  	Notify(SharpMUSH.Library.Models.SharpPlayer: SharpMUSH.Library.Models.SharpPlayer, *System.String: Locked.*, <null>, *Announce*)
  	Notify(SharpMUSH.Library.Models.SharpPlayer: SharpMUSH.Library.Models.SharpPlayer, *System.String: No such lock: Basic*, <null>, *Announce*)
  	Notify(SharpMUSH.Library.Models.SharpPlayer: SharpMUSH.Library.Models.SharpPlayer, *System.String: Log Management Status:*, <null>, *Announce*)
  	Notify(SharpMUSH.Library.Models.SharpPlayer: SharpMUSH.Library.Models.SharpPlayer, *System.String:   SharpMUSH uses .NET logging infrastructure*, <null>, *Announce*)
  	Notify(SharpMUSH.Library.Models.SharpPlayer: SharpMUSH.Library.Models.SharpPlayer, *System.String:   Logs are managed by configured logging providers*, <null>, *Announce*)
  	Notify(SharpMUSH.Library.Models.SharpPlayer: SharpMUSH.Library.Models.SharpPlayer, *System.String:   Available log types: CMD, CONN, ERR, TRACE, WIZ*, <null>, *Announce*)
  	Notify(SharpMUSH.Library.Models.SharpPlayer: SharpMUSH.Library.Models.SharpPlayer, *System.String:   Available actions: ROTATE, TRIM, WIPE*, <null>, *Announce*)
  	Notify(SharpMUSH.Library.Models.SharpPlayer: SharpMUSH.Library.Models.SharpPlayer, *System.String:   Note: Direct log file manipulation not yet implemented*, <null>, *Announce*)
  	Notify(SharpMUSH.Library.Models.SharpPlayer: SharpMUSH.Library.Models.SharpPlayer, *System.String: MAIL: You sent a message to God.*, <null>, *Announce*)
  	Notify(SharpMUSH.Library.Models.SharpPlayer: SharpMUSH.Library.Models.SharpPlayer, *System.String: MAIL: You have received a message (1) from God.*, <null>, *Announce*)
  	Notify(SharpMUSH.Library.Models.SharpPlayer: SharpMUSH.Library.Models.SharpPlayer, *System.String: @MALIAS/LIST: Mail alias system not yet implemented.*, <null>, *Announce*)
  	Notify(SharpMUSH.Library.Models.SharpPlayer: SharpMUSH.Library.Models.SharpPlayer, *System.String: This command would manage mail distribution lists and aliases.*, <null>, *Announce*)
  	Notify(SharpMUSH.Library.Models.SharpPlayer: SharpMUSH.Library.Models.SharpPlayer, *System.String: Created MsgBasic_1774909472895_2745 (#14:1774909472909).*, <null>, *Announce*)
  	Notify(SharpMUSH.Library.Models.SharpPlayer: SharpMUSH.Library.Models.SharpPlayer, *System.String: Attribute TESTFORMAT_MSGBASIC_93751 SET.*, SharpMUSH.Library.Models.SharpThing: SharpMUSH.Library.Models.SharpThing, *Announce*)
  	Notify(SharpMUSH.Library.Models.SharpPlayer: SharpMUSH.Library.Models.SharpPlayer, *System.String: MsgBasic_1774909472895_2745/TESTFORMAT_MSGBASIC_93751 - Set.*, <null>, *Announce*)
  	Notify(SharpMUSH.Library.Models.SharpThing: SharpMUSH.Library.Models.SharpThing, *MarkupString.MarkupStringModule+MarkupString: MessageBasic_UniqueValue_93751*, SharpMUSH.Library.Models.SharpPlayer: SharpMUSH.Library.Models.SharpPlayer, *Announce*)
  	Notify(SharpMUSH.Library.Models.SharpPlayer: SharpMUSH.Library.Models.SharpPlayer, *System.String: Created MsgWithAttr_1774909472971_1786 (#15:1774909472984).*, <null>, *Announce*)
  	Notify(SharpMUSH.Library.Models.SharpPlayer: SharpMUSH.Library.Models.SharpPlayer, *System.String: Attribute TESTFORMAT_MSGATTR_84729 SET.*, SharpMUSH.Library.Models.SharpThing: SharpMUSH.Library.Models.SharpThing, *Announce*)
  	Notify(SharpMUSH.Library.Models.SharpPlayer: SharpMUSH.Library.Models.SharpPlayer, *System.String: MsgWithAttr_1774909472971_1786/TESTFORMAT_MSGATTR_84729 - Set.*, <null>, *Announce*)
  	Notify(SharpMUSH.Library.Models.SharpThing: SharpMUSH.Library.Models.SharpThing, *MarkupString.MarkupStringModule+MarkupString: MessageWithAttribute_Result_84729:15*, SharpMUSH.Library.Models.SharpPlayer: SharpMUSH.Library.Models.SharpPlayer, *Announce*)
  	Notify(SharpMUSH.Library.Models.SharpPlayer: SharpMUSH.Library.Models.SharpPlayer, *System.String: Created MsgMissingAttr_1774909473031_9726 (#16:1774909473045).*, <null>, *Announce*)
  	Notify(SharpMUSH.Library.Models.SharpThing: SharpMUSH.Library.Models.SharpThing, *MarkupString.MarkupStringModule+MarkupString: DefaultMessage_UniqueValue_72914*, SharpMUSH.Library.Models.SharpPlayer: SharpMUSH.Library.Models.SharpPlayer, *Announce*)
  	Notify(SharpMUSH.Library.Models.SharpPlayer: SharpMUSH.Library.Models.SharpPlayer, *System.String: Created MsgNospoof_1774909473072_5824 (#17:1774909473100).*, <null>, *Announce*)
  	Notify(SharpMUSH.Library.Models.SharpPlayer: SharpMUSH.Library.Models.SharpPlayer, *System.String: Attribute TESTFORMAT_MSGNOSPOOF_48203 SET.*, SharpMUSH.Library.Models.SharpThing: SharpMUSH.Library.Models.SharpThing, *Announce*)
  	Notify(SharpMUSH.Library.Models.SharpPlayer: SharpMUSH.Library.Models.SharpPlayer, *System.String: MsgNospoof_1774909473072_5824/TESTFORMAT_MSGNOSPOOF_48203 - Set.*, <null>, *Announce*)
  	Notify(SharpMUSH.Library.Models.SharpThing: SharpMUSH.Library.Models.SharpThing, *MarkupString.MarkupStringModule+MarkupString: MessageNospoof_Value_48203*, SharpMUSH.Library.Models.SharpPlayer: SharpMUSH.Library.Models.SharpPlayer, *NSAnnounce*)
  	Notify(SharpMUSH.Library.Models.SharpPlayer: SharpMUSH.Library.Models.SharpPlayer, *System.String: Created OemitTarget_1774909473159_2460 (#18:1774909473174).*, <null>, *Announce*)
  	Notify(SharpMUSH.Library.Models.SharpPlayer: SharpMUSH.Library.Models.SharpPlayer, *System.String: Attribute OEMIT_TEST_ATTR_MSG SET.*, SharpMUSH.Library.Models.SharpPlayer: SharpMUSH.Library.Models.SharpPlayer, *Announce*)
  	Notify(SharpMUSH.Library.Models.SharpPlayer: SharpMUSH.Library.Models.SharpPlayer, *System.String: God/OEMIT_TEST_ATTR_MSG - Set.*, <null>, *Announce*)
  	Notify(SharpMUSH.Library.Models.SharpThing: SharpMUSH.Library.Models.SharpThing, *MarkupString.MarkupStringModule+MarkupString: OemitTestMsg_b3d3016078044d55a70ee4cc525a900c*, SharpMUSH.Library.Models.SharpPlayer: SharpMUSH.Library.Models.SharpPlayer, *Announce*)
  	Notify(SharpMUSH.Library.Models.SharpThing: SharpMUSH.Library.Models.SharpThing, *MarkupString.MarkupStringModule+MarkupString: OemitTestMsg_b3d3016078044d55a70ee4cc525a900c*, SharpMUSH.Library.Models.SharpPlayer: SharpMUSH.Library.Models.SharpPlayer, *Announce*)
  	Notify(SharpMUSH.Library.Models.SharpThing: SharpMUSH.Library.Models.SharpThing, *MarkupString.MarkupStringModule+MarkupString: OemitTestMsg_b3d3016078044d55a70ee4cc525a900c*, SharpMUSH.Library.Models.SharpPlayer: SharpMUSH.Library.Models.SharpPlayer, *Announce*)
  	Notify(SharpMUSH.Library.Models.SharpThing: SharpMUSH.Library.Models.SharpThing, *MarkupString.MarkupStringModule+MarkupString: OemitTestMsg_b3d3016078044d55a70ee4cc525a900c*, SharpMUSH.Library.Models.SharpPlayer: SharpMUSH.Library.Models.SharpPlayer, *Announce*)
  	Notify(SharpMUSH.Library.Models.SharpThing: SharpMUSH.Library.Models.SharpThing, *MarkupString.MarkupStringModule+MarkupString: OemitTestMsg_b3d3016078044d55a70ee4cc525a900c*, SharpMUSH.Library.Models.SharpPlayer: SharpMUSH.Library.Models.SharpPlayer, *Announce*)
  	Notify(SharpMUSH.Library.Models.SharpPlayer: SharpMUSH.Library.Models.SharpPlayer, *MarkupString.MarkupStringModule+MarkupString: OemitTestMsg_b3d3016078044d55a70ee4cc525a900c*, SharpMUSH.Library.Models.SharpPlayer: SharpMUSH.Library.Models.SharpPlayer, *Announce*)
  	Notify(SharpMUSH.Library.Models.SharpPlayer: SharpMUSH.Library.Models.SharpPlayer, *MarkupString.MarkupStringModule+MarkupString: OemitTestMsg_b3d3016078044d55a70ee4cc525a900c*, SharpMUSH.Library.Models.SharpPlayer: SharpMUSH.Library.Models.SharpPlayer, *Announce*)
  	Notify(SharpMUSH.Library.Models.SharpPlayer: SharpMUSH.Library.Models.SharpPlayer, *MarkupString.MarkupStringModule+MarkupString: OemitTestMsg_b3d3016078044d55a70ee4cc525a900c*, SharpMUSH.Library.Models.SharpPlayer: SharpMUSH.Library.Models.SharpPlayer, *Announce*)
  	Notify(SharpMUSH.Library.Models.SharpPlayer: SharpMUSH.Library.Models.SharpPlayer, *MarkupString.MarkupStringModule+MarkupString: OemitTestMsg_b3d3016078044d55a70ee4cc525a900c*, SharpMUSH.Library.Models.SharpPlayer: SharpMUSH.Library.Models.SharpPlayer, *Announce*)
  	Notify(SharpMUSH.Library.Models.SharpThing: SharpMUSH.Library.Models.SharpThing, *MarkupString.MarkupStringModule+MarkupString: OemitTestMsg_b3d3016078044d55a70ee4cc525a900c*, SharpMUSH.Library.Models.SharpPlayer: SharpMUSH.Library.Models.SharpPlayer, *Announce*)
  	Notify(SharpMUSH.Library.Models.SharpThing: SharpMUSH.Library.Models.SharpThing, *MarkupString.MarkupStringModule+MarkupString: OemitTestMsg_b3d3016078044d55a70ee4cc525a900c*, SharpMUSH.Library.Models.SharpPlayer: SharpMUSH.Library.Models.SharpPlayer, *Announce*)
  	Notify(SharpMUSH.Library.Models.SharpThing: SharpMUSH.Library.Models.SharpThing, *MarkupString.MarkupStringModule+MarkupString: OemitTestMsg_b3d3016078044d55a70ee4cc525a900c*, SharpMUSH.Library.Models.SharpPlayer: SharpMUSH.Library.Models.SharpPlayer, *Announce*)
  	Notify(SharpMUSH.Library.Models.SharpThing: SharpMUSH.Library.Models.SharpThing, *MarkupString.MarkupStringModule+MarkupString: OemitTestMsg_b3d3016078044d55a70ee4cc525a900c*, SharpMUSH.Library.Models.SharpPlayer: SharpMUSH.Library.Models.SharpPlayer, *Announce*)
  	Notify(SharpMUSH.Library.Models.SharpPlayer: SharpMUSH.Library.Models.SharpPlayer, *MarkupString.MarkupStringModule+MarkupString: OemitTestMsg_b3d3016078044d55a70ee4cc525a900c*, SharpMUSH.Library.Models.SharpPlayer: SharpMUSH.Library.Models.SharpPlayer, *Announce*)
  	Notify(SharpMUSH.Library.Models.SharpPlayer: SharpMUSH.Library.Models.SharpPlayer, *MarkupString.MarkupStringModule+MarkupString: OemitTestMsg_b3d3016078044d55a70ee4cc525a900c*, SharpMUSH.Library.Models.SharpPlayer: SharpMUSH.Library.Models.SharpPlayer, *Announce*)
  	Notify(SharpMUSH.Library.Models.SharpPlayer: SharpMUSH.Library.Models.SharpPlayer, *MarkupString.MarkupStringModule+MarkupString: OemitTestMsg_b3d3016078044d55a70ee4cc525a900c*, SharpMUSH.Library.Models.SharpPlayer: SharpMUSH.Library.Models.SharpPlayer, *Announce*)
  	Notify(SharpMUSH.Library.Models.SharpPlayer: SharpMUSH.Library.Models.SharpPlayer, *System.String: Created MsgNoisy_1774909473234_1871 (#19:1774909473250).*, <null>, *Announce*)
  	Notify(SharpMUSH.Library.Models.SharpPlayer: SharpMUSH.Library.Models.SharpPlayer, *System.String: Attribute TESTFORMAT_MSGNOISY_55193 SET.*, SharpMUSH.Library.Models.SharpThing: SharpMUSH.Library.Models.SharpThing, *Announce*)
  	Notify(SharpMUSH.Library.Models.SharpPlayer: SharpMUSH.Library.Models.SharpPlayer, *System.String: MsgNoisy_1774909473234_1871/TESTFORMAT_MSGNOISY_55193 - Set.*, <null>, *Announce*)
  	Notify(SharpMUSH.Library.Models.SharpThing: SharpMUSH.Library.Models.SharpThing, *MarkupString.MarkupStringModule+MarkupString: MessageNoisy_Value_55193*, SharpMUSH.Library.Models.SharpPlayer: SharpMUSH.Library.Models.SharpPlayer, *Announce*)
  	Notify(SharpMUSH.Library.Models.SharpPlayer: SharpMUSH.Library.Models.SharpPlayer, *System.String: Message sent to 1 recipient(s).*, <null>, *Announce*)
  	Notify(SharpMUSH.Library.Models.SharpPlayer: SharpMUSH.Library.Models.SharpPlayer, *System.String: Attribute REMIT_TEST_ATTR_MSG SET.*, SharpMUSH.Library.Models.SharpPlayer: SharpMUSH.Library.Models.SharpPlayer, *Announce*)
  	Notify(SharpMUSH.Library.Models.SharpPlayer: SharpMUSH.Library.Models.SharpPlayer, *System.String: God/REMIT_TEST_ATTR_MSG - Set.*, <null>, *Announce*)
  	Notify(SharpMUSH.Library.Models.SharpThing: SharpMUSH.Library.Models.SharpThing, *MarkupString.MarkupStringModule+MarkupString: RemitTestMsg_e0da7018ec6a4ca2805118160a83e6be*, SharpMUSH.Library.Models.SharpPlayer: SharpMUSH.Library.Models.SharpPlayer, *Announce*)
  	Notify(SharpMUSH.Library.Models.SharpThing: SharpMUSH.Library.Models.SharpThing, *MarkupString.MarkupStringModule+MarkupString: RemitTestMsg_e0da7018ec6a4ca2805118160a83e6be*, SharpMUSH.Library.Models.SharpPlayer: SharpMUSH.Library.Models.SharpPlayer, *Announce*)
  	Notify(SharpMUSH.Library.Models.SharpThing: SharpMUSH.Library.Models.SharpThing, *MarkupString.MarkupStringModule+MarkupString: RemitTestMsg_e0da7018ec6a4ca2805118160a83e6be*, SharpMUSH.Library.Models.SharpPlayer: SharpMUSH.Library.Models.SharpPlayer, *Announce*)
  	Notify(SharpMUSH.Library.Models.SharpThing: SharpMUSH.Library.Models.SharpThing, *MarkupString.MarkupStringModule+MarkupString: RemitTestMsg_e0da7018ec6a4ca2805118160a83e6be*, SharpMUSH.Library.Models.SharpPlayer: SharpMUSH.Library.Models.SharpPlayer, *Announce*)
  	Notify(SharpMUSH.Library.Models.SharpThing: SharpMUSH.Library.Models.SharpThing, *MarkupString.MarkupStringModule+MarkupString: RemitTestMsg_e0da7018ec6a4ca2805118160a83e6be*, SharpMUSH.Library.Models.SharpPlayer: SharpMUSH.Library.Models.SharpPlayer, *Announce*)
  	Notify(SharpMUSH.Library.Models.SharpThing: SharpMUSH.Library.Models.SharpThing, *MarkupString.MarkupStringModule+MarkupString: RemitTestMsg_e0da7018ec6a4ca2805118160a83e6be*, SharpMUSH.Library.Models.SharpPlayer: SharpMUSH.Library.Models.SharpPlayer, *Announce*)
  	Notify(SharpMUSH.Library.Models.SharpPlayer: SharpMUSH.Library.Models.SharpPlayer, *MarkupString.MarkupStringModule+MarkupString: RemitTestMsg_e0da7018ec6a4ca2805118160a83e6be*, SharpMUSH.Library.Models.SharpPlayer: SharpMUSH.Library.Models.SharpPlayer, *Announce*)
  	Notify(SharpMUSH.Library.Models.SharpPlayer: SharpMUSH.Library.Models.SharpPlayer, *MarkupString.MarkupStringModule+MarkupString: RemitTestMsg_e0da7018ec6a4ca2805118160a83e6be*, SharpMUSH.Library.Models.SharpPlayer: SharpMUSH.Library.Models.SharpPlayer, *Announce*)
  	Notify(SharpMUSH.Library.Models.SharpPlayer: SharpMUSH.Library.Models.SharpPlayer, *MarkupString.MarkupStringModule+MarkupString: RemitTestMsg_e0da7018ec6a4ca2805118160a83e6be*, SharpMUSH.Library.Models.SharpPlayer: SharpMUSH.Library.Models.SharpPlayer, *Announce*)
  	Notify(SharpMUSH.Library.Models.SharpPlayer: SharpMUSH.Library.Models.SharpPlayer, *MarkupString.MarkupStringModule+MarkupString: RemitTestMsg_e0da7018ec6a4ca2805118160a83e6be*, SharpMUSH.Library.Models.SharpPlayer: SharpMUSH.Library.Models.SharpPlayer, *Announce*)
  	Notify(SharpMUSH.Library.Models.SharpThing: SharpMUSH.Library.Models.SharpThing, *MarkupString.MarkupStringModule+MarkupString: RemitTestMsg_e0da7018ec6a4ca2805118160a83e6be*, SharpMUSH.Library.Models.SharpPlayer: SharpMUSH.Library.Models.SharpPlayer, *Announce*)
  	Notify(SharpMUSH.Library.Models.SharpThing: SharpMUSH.Library.Models.SharpThing, *MarkupString.MarkupStringModule+MarkupString: RemitTestMsg_e0da7018ec6a4ca2805118160a83e6be*, SharpMUSH.Library.Models.SharpPlayer: SharpMUSH.Library.Models.SharpPlayer, *Announce*)
  	Notify(SharpMUSH.Library.Models.SharpThing: SharpMUSH.Library.Models.SharpThing, *MarkupString.MarkupStringModule+MarkupString: RemitTestMsg_e0da7018ec6a4ca2805118160a83e6be*, SharpMUSH.Library.Models.SharpPlayer: SharpMUSH.Library.Models.SharpPlayer, *Announce*)
  	Notify(SharpMUSH.Library.Models.SharpThing: SharpMUSH.Library.Models.SharpThing, *MarkupString.MarkupStringModule+MarkupString: RemitTestMsg_e0da7018ec6a4ca2805118160a83e6be*, SharpMUSH.Library.Models.SharpPlayer: SharpMUSH.Library.Models.SharpPlayer, *Announce*)
  	Notify(SharpMUSH.Library.Models.SharpPlayer: SharpMUSH.Library.Models.SharpPlayer, *MarkupString.MarkupStringModule+MarkupString: RemitTestMsg_e0da7018ec6a4ca2805118160a83e6be*, SharpMUSH.Library.Models.SharpPlayer: SharpMUSH.Library.Models.SharpPlayer, *Announce*)
  	Notify(SharpMUSH.Library.Models.SharpPlayer: SharpMUSH.Library.Models.SharpPlayer, *MarkupString.MarkupStringModule+MarkupString: RemitTestMsg_e0da7018ec6a4ca2805118160a83e6be*, SharpMUSH.Library.Models.SharpPlayer: SharpMUSH.Library.Models.SharpPlayer, *Announce*)
  	Notify(SharpMUSH.Library.Models.SharpPlayer: SharpMUSH.Library.Models.SharpPlayer, *MarkupString.MarkupStringModule+MarkupString: RemitTestMsg_e0da7018ec6a4ca2805118160a83e6be*, SharpMUSH.Library.Models.SharpPlayer: SharpMUSH.Library.Models.SharpPlayer, *Announce*)
  	Notify(SharpMUSH.Library.Models.SharpPlayer: SharpMUSH.Library.Models.SharpPlayer, *MarkupString.MarkupStringModule+MarkupString: GOODBYE.*, <null>, *Announce*)
  	Notify(SharpMUSH.Library.Models.SharpPlayer: SharpMUSH.Library.Models.SharpPlayer, *System.String: 
  Goodbye from SharpMUSH!
  
  *, <null>, *Announce*)
  
[m[90m    at NSubstitute.Core.ReceivedCallsExceptionThrower.Throw(ICallSpecification callSpecification, IEnumerable`1 matchingCalls, IEnumerable`1 nonMatchingCalls, Quantity requiredQuantity)
    at NSubstitute.Routing.Handlers.CheckReceivedCallsHandler.Handle(ICall call)
    at NSubstitute.Proxies.CastleDynamicProxy.CastleForwardingInterceptor.Intercept(IInvocation invocation)
    at Castle.DynamicProxy.AbstractInvocation.Proceed()
    at Castle.Proxies.ObjectProxy_4.Notify(AnySharpObject who, OneOf`2 what, AnySharpObject sender, NotificationType type)
    at SharpMUSH.Tests.Commands.SocialCommandTests.SayCommand() in /home/runner/work/SharpMUSH/SharpMUSH/SharpMUSH.Tests/Commands/SocialCommandTests.cs:26[90m
[m[31mfailed[m PageCommand [90m(22ms)[m
[31m  TUnit.Engine.Exceptions.TestFailedException: [Test Failure] ReceivedCallsException: Expected to receive a call matching:
  	Notify(any AnySharpObject, msg => (MessageContains(msg, "Hello there") OrElse MessageContains(msg, "pages")), any AnySharpObject, any INotifyService+NotificationType)
  Actually received no matching calls.
  Received 1311 non-matching calls (non-matching arguments indicated with '*' characters):
  	Notify(SharpMUSH.Library.Models.SharpPlayer: SharpMUSH.Library.Models.SharpPlayer, *System.String: Invalid password.*, <null>, Announce)
  	Notify(SharpMUSH.Library.Models.SharpPlayer: SharpMUSH.Library.Models.SharpPlayer, *System.String: SHUTDOWN initiated.*, <null>, Announce)
  	Notify(SharpMUSH.Library.Models.SharpPlayer: SharpMUSH.Library.Models.SharpPlayer, *System.String: Note: SharpMUSH runs as a web application. Traditional shutdown is not applicable.*, <null>, Announce)
  	Notify(SharpMUSH.Library.Models.SharpPlayer: SharpMUSH.Library.Models.SharpPlayer, *System.String: In cloud/container deployments, use your orchestration tools to manage server lifecycle.*, <null>, Announce)
  	Notify(SharpMUSH.Library.Models.SharpPlayer: SharpMUSH.Library.Models.SharpPlayer, *System.String: Database state is preserved automatically. No explicit save is needed.*, <null>, Announce)
  	Notify(SharpMUSH.Library.Models.SharpPlayer: SharpMUSH.Library.Models.SharpPlayer, *System.String: You must specify an object to restart.*, <null>, Announce)
  	Notify(SharpMUSH.Library.Models.SharpPlayer: SharpMUSH.Library.Models.SharpPlayer, *System.String: Purge complete. 0 objects advanced to GOING_TWICE. 0 objects marked for final deletion.*, <null>, Announce)
  	Notify(SharpMUSH.Library.Models.SharpPlayer: SharpMUSH.Library.Models.SharpPlayer, *System.String: Note: Actual object deletion is handled by background garbage collection in SharpMUSH.*, <null>, Announce)
  	Notify(SharpMUSH.Library.Models.SharpPlayer: SharpMUSH.Library.Models.SharpPlayer, *System.String: I don't see that here.*, SharpMUSH.Library.Models.SharpPlayer: SharpMUSH.Library.Models.SharpPlayer, Announce)
  	Notify(SharpMUSH.Library.Models.SharpPlayer: SharpMUSH.Library.Models.SharpPlayer, *System.String: Reindexing text files...*, <null>, Announce)
  	Notify(SharpMUSH.Library.Models.SharpPlayer: SharpMUSH.Library.Models.SharpPlayer, *System.String: Text file cache rebuilt in 21ms.*, <null>, Announce)
  	Notify(SharpMUSH.Library.Models.SharpPlayer: SharpMUSH.Library.Models.SharpPlayer, *System.String: I don't see that here.*, SharpMUSH.Library.Models.SharpPlayer: SharpMUSH.Library.Models.SharpPlayer, Announce)
  	Notify(SharpMUSH.Library.Models.SharpPlayer: SharpMUSH.Library.Models.SharpPlayer, *System.String: I don't see that here.*, SharpMUSH.Library.Models.SharpPlayer: SharpMUSH.Library.Models.SharpPlayer, Announce)
  	Notify(SharpMUSH.Library.Models.SharpPlayer: SharpMUSH.Library.Models.SharpPlayer, *System.String: COMMANDS:
    ]
    @@
    @ALLHALT
    @ALLQUOTA
    @ASSERT
    @ATRCHOWN
    @ATRLOCK
    @ATTRIBUTE
    @BOOT
    @BREAK
    @CEMIT
    @CHANNEL
    @CHAT
    @CHOWN
    @CHOWNALL
    @CHZONE
    @CHZONEALL
    @CLIST
    @CLOCK
    @CLONE
    @COMMAND
    @CONFIG
    @CPATTR
    @CREATE
    @DBCK
    @DECOMPILE
    @DESTROY
    @DIG
    @DISABLE
    @DOLIST
    @DRAIN
    @DUMP
    @EDIT
    @ELOCK
    @EMIT
    @ENABLE
    @ENTRANCES
    @EUNLOCK
    @FIND
    @FIRSTEXIT
    @FLAG
    @FORCE
    @FUNCTION
    @GREP
    @HALT
    @HIDE
    @HOOK
    @HTTP
    @IFELSE
    @INCLUDE
    @KICK
    @LEMIT
    @LINK
    @LIST
    @LISTMOTD
    @LOCK
    @LOG
    @LOGWIPE
    @LSET
    @MAIL
    @MALIAS
    @MAP
    @MAPSQL
    @MESSAGE
    @MONIKER
    @MOTD
    @MVATTR
    @NAME
    @NEWPASSWORD
    @NOTIFY
    @NSCEMIT
    @NSEMIT
    @NSLEMIT
    @NSOEMIT
    @NSPEMIT
    @NSPROMPT
    @NSREMIT
    @NSZEMIT
    @NUKE
    @OEMIT
    @OPEN
    @PARENT
    @PASSWORD
    @PCREATE
    @PEMIT
    @POLL
    @POOR
    @POWER
    @PROMPT
    @PS
    @PURGE
    @QUOTA
    @READCACHE
    @RECYCLE
    @REJECTMOTD
    @REMIT
    @RESPOND
    @RESTART
    @RETRY
    @RWALL
    @SCAN
    @SEARCH
    @SELECT
    @SET
    @SHUTDOWN
    @SITELOCK
    @SKIP
    @SLAVE
    @SOCKSET
    @SQL
    @SQUOTA
    @STATS
    @SUGGEST
    @SWEEP
    @SWITCH
    @TELEPORT
    @TRIGGER
    @ULOCK
    @UNDESTROY
    @UNLINK
    @UNLOCK
    @UNRECYCLE
    @UPTIME
    @UUNLOCK
    @VERB
    @VERSION
    @WAIT
    @WALL
    @WARNINGS
    @WCHECK
    @WHEREIS
    @WIPE
    @WIZMOTD
    @WIZWALL
    @ZEMIT
    &
    ADDCOM
    AHELP
    ANEWS
    BRIEF
    BUY
    COMLIST
    COMTITLE
    CONNECT
    DELCOM
    DESERT
    DISMISS
    DOING
    DROP
    EMPTY
    ENTER
    EXAMINE
    FOLLOW
    GET
    GIVE
    GOTO
    HELP
    HOME
    HUH_COMMAND
    INVENTORY
    LEAVE
    LOOK
    NEWS
    PAGE
    POSE
    QUIT
    SAY
    SCORE
    SEMIPOSE
    SESSION
    TEACH
    THINK
    UNFOLLOW
    UNIMPLEMENTED_COMMAND
    USE
    WARN_ON_MISSING
    WHISPER
    WHO
    WITH*, <null>, Announce)
  	Notify(SharpMUSH.Library.Models.SharpPlayer: SharpMUSH.Library.Models.SharpPlayer, *System.String: LOCK TYPES:
    BASIC
    CHOWN
    CHZONE
    COMMAND
    CONTROL
    DESTROY
    DROP
    DROPIN
    DROPTO
    ENTER
    EXAMINE
    FILTER
    FOLLOW
    FORWARD
    FROM
    GIVE
    INFILTER
    INTERACT
    LEAVE
    LINK
    LISTEN
    MAIL
    MAILFORWARD
    OPEN
    PAGE
    PARENT
    PAY
    RECEIVE
    SPEECH
    TAKE
    TPORT
    USE
    ZONE*, <null>, Announce)
  	Notify(SharpMUSH.Library.Models.SharpPlayer: SharpMUSH.Library.Models.SharpPlayer, *System.String: OBJECT POWERS:
  NAME                 ALIAS              TYPE RESTRICTIONS
  -------------------- ------------------ -------------------
  Announce                                ROOM,PLAYER,EXIT,THING
  Boot                                    ROOM,PLAYER,EXIT,THING
  Builder                                 ROOM,PLAYER,EXIT,THING
  Can_Dark                                PLAYER
  Can_HTTP                                ROOM,PLAYER,EXIT,THING
  Can_Spoof                               ROOM,PLAYER,EXIT,THING
  Chat_Privs                              ROOM,PLAYER,EXIT,THING
  Debit                                   ROOM,PLAYER,EXIT,THING
  Functions                               ROOM,PLAYER,EXIT,THING
  Guest                                   ROOM,PLAYER,EXIT,THING
  Halt                                    ROOM,PLAYER,EXIT,THING
  Hide                                    ROOM,PLAYER,EXIT,THING
  Hook                                    ROOM,PLAYER,EXIT,THING
  Idle                                    ROOM,PLAYER,EXIT,THING
  Immortal                                ROOM,PLAYER,EXIT,THING
  Link_Anywhere                           ROOM,PLAYER,EXIT,THING
  Login                                   ROOM,PLAYER,EXIT,THING
  Long_Fingers                            ROOM,PLAYER,EXIT,THING
  Many_Attribs                            ROOM,PLAYER,EXIT,THING
  No_Pay                                  ROOM,PLAYER,EXIT,THING
  No_Quota                                ROOM,PLAYER,EXIT,THING
  Open_Anywhere                           ROOM,PLAYER,EXIT,THING
  Pemit_All                               ROOM,PLAYER,EXIT,THING
  Pick_DBRefs                             ROOM,PLAYER,EXIT,THING
  Player_Create                           ROOM,PLAYER,EXIT,THING
  Poll                                    ROOM,PLAYER,EXIT,THING
  Pueblo_Send                             ROOM,PLAYER,EXIT,THING
  Queue                                   ROOM,PLAYER,EXIT,THING
  Search                                  ROOM,PLAYER,EXIT,THING
  See_All                                 ROOM,PLAYER,EXIT,THING
  See_Queue                               ROOM,PLAYER,EXIT,THING
  See_OOB                                 ROOM,PLAYER,EXIT,THING
  SQL_OK                                  ROOM,PLAYER,EXIT,THING
  Tport_Anything                          ROOM,PLAYER,EXIT,THING
  Tport_Anywhere                          ROOM,PLAYER,EXIT,THING
  Unkillable                              ROOM,PLAYER,EXIT,THING*, <null>, Announce)
  	Notify(SharpMUSH.Library.Models.SharpPlayer: SharpMUSH.Library.Models.SharpPlayer, *System.String: Object Flags:
  name                 symbol type restrictions
  -------------------- ------ -------------------
  wizard               w      room,player,exit,thing
  abode                a      room
  ansi                 a      player
  chown_ok             c      room,player,thing
  color                c      player
  dark                 d      room,player,exit,thing
  fixed                f      player
  floating             f      room
  haven                h      player
  trust                i      room,player,exit,thing
  judge                j      player
  jump_ok              j      room
  link_ok              l      room,player,exit,thing
  monitor              m      room,player,thing
  no_leave             n      thing
  no_tel               n      room
  opaque               o      room,player,exit,thing
  quiet                q      room,player,exit,thing
  unfindable           u      room,player,exit,thing
  visual               v      room,player,exit,thing
  safe                 x      room,player,exit,thing
  shared               z      player
  z_tel                z      room,thing
  listen_parent        ^      player,thing,room
  noaccents            ~      player,thing,room
  unregistered         ?      player
  nospoof              "      room,player,exit,thing
  audible              a      room,player,exit,thing
  debug                b      room,player,exit,thing
  destroy_ok           d      thing
  enter_ok             e      room,player,exit,thing
  gagged               g      player
  halt                 h      room,player,exit,thing
  orphan               i      room,player,exit,thing
  jury_ok              j      player
  keepalive            k      player
  light                l      room,player,exit,thing
  mistrust             m      player,exit,thing
  mistrust             m      player,exit,thing
  no_command           n      room,player,exit,thing
  on_vacation          o      player
  puppet               p      thing
  royalty              r      room,player,exit,thing
  suspect              s      room,player,exit,thing
  transparent          t      room,player,exit,thing
  verbose              v      room,player,exit,thing
  no_warn              w      room,player,exit,thing
  cloudy               x      exit
  chan_usefirstmatch          room,player,exit,thing
  hear_connect                player
  heavy                       room,player,exit,thing
  loud                        player
  no_log                      player
  paranoid                    player
  track_money                 player
  xterm256                    player
  moniker                     room,player,exit,thing
  open_ok                     room
  going                g      room,player,exit,thing
  going_twice                 room,player,exit,thing*, <null>, Announce)
  	Notify(SharpMUSH.Library.Models.SharpPlayer: SharpMUSH.Library.Models.SharpPlayer, *System.String: You must specify what to list. Use one of: /MOTD /FUNCTIONS /COMMANDS /ATTRIBS /LOCKS /FLAGS /POWERS /ALLOCATIONS*, <null>, Announce)
  	Notify(SharpMUSH.Library.Models.SharpPlayer: SharpMUSH.Library.Models.SharpPlayer, *System.String: FUNCTIONS:
    @@
    abs
    accent
    accname
    acos
    add
    addrlog
    after
    alias
    align
    allof
    alphamax
    alphamin
    and
    andflags
    andlflags
    andlpowers
    ansi
    aposs
    art
    asin
    atan
    atan2
    atrlock
    attrib_set
    attrib_set#
    band
    baseconv
    beep
    before
    benchmark
    bnand
    bnot
    bor
    bound
    brackets
    bxor
    cand
    capstr
    case
    caseall
    cat
    cbuffer
    cbufferadd
    cdesc
    ceil
    cemit
    center
    cflags
    channels
    checkpass
    children
    chr
    CINFO
    clflags
    clock
    clone
    cmds
    cmogrifier
    cmsgs
    cnand
    colors
    comp
    con
    cond
    condall
    CONFIG
    conn
    connlog
    connrecord
    controls
    CONVSECS
    CONVTIME
    CONVUTCSECS
    CONVUTCTIME
    cor
    cos
    cowner
    create
    crecall
    csecs
    cstatus
    ctime
    ctitle
    ctu
    cusers
    cwho
    dec
    decode64
    decompose
    decomposeweb
    decrypt
    default
    DELETE
    die
    dig
    digest
    dist2d
    dist3d
    div
    doing
    downmotd
    e
    edefault
    edit
    elements
    elist
    elock
    emit
    encode64
    encrypt
    endtag
    entrances
    eq
    escape
    etime
    etimefmt
    eval
    exit
    extract
    fdiv
    filter
    filterbool
    findable
    first
    firstof
    flags
    flip
    floor
    floordiv
    fmod
    fn
    fold
    folderstats
    followers
    following
    foreach
    formdecode
    fraction
    fullalias
    fullmotd
    fullname
    functions
    get
    get_eval
    getpids
    grab
    graball
    grep
    grepi
    gt
    gte
    hasattr
    hasattrp
    hasattrpval
    hasattrval
    hasflag
    haspower
    hastype
    height
    hidden
    hmac
    home
    host
    html
    ibreak
    idle
    IDLESECS
    if
    ifelse
    ilev
    iname
    inc
    index
    INSERT
    inum
    ipaddr
    isdaylight
    isdbref
    isint
    isjson
    isnum
    isobjid
    isregexp
    isword
    itemize
    items
    iter
    itext
    json
    json_map
    json_mod
    json_query
    lalign
    last
    lattr
    lattrp
    lcon
    lcstr
    LCSTR2
    ldelete
    left
    lemit
    letq
    lexits
    lflags
    link
    linsert
    list
    listq
    lit
    ljust
    llockflags
    llocks
    lmath
    ln
    lnum
    loc
    localize
    locate
    lock
    lockfilter
    lockflags
    lockowner
    locks
    log
    lparent
    lpids
    lplayers
    lports
    lpos
    lreplace
    lsearch
    lsearchr
    lset
    lstats
    lt
    lte
    lthings
    lvcon
    lvexits
    lvplayers
    lvthings
    lwho
    lwhoid
    mail
    maildstats
    mailfrom
    mailfstats
    maillist
    mailsend
    mailstats
    mailstatus
    mailsubject
    mailtime
    malias
    map
    mapsql
    match
    matchall
    max
    mean
    median
    member
    merge
    message
    mid
    min
    mix
    modulo
    money
    moniker
    motd
    msecs
    mtime
    mudname
    mudurl
    mul
    munge
    mwho
    mwhoid
    name
    namegrab
    namegraball
    namelist
    nand
    nattr
    nattrp
    ncand
    nchildren
    ncon
    ncond
    ncondall
    ncor
    nearby
    neq
    nexits
    next
    nextdbref
    nlsearch
    nmwho
    nor
    not
    nplayers
    nscemit
    nsearch
    nsemit
    nslemit
    nsoemit
    nspemit
    nsprompt
    nsremit
    nszemit
    nthings
    null
    num
    numversion
    nvcon
    nvexits
    nvplayers
    nvthings
    nwho
    obj
    objeval
    objid
    objmem
    oemit
    oob
    open
    or
    ord
    ORDINAL
    orflags
    orlflags
    orlpowers
    owner
    parent
    pcreate
    pemit
    pfun
    pgrep
    pi
    pidinfo
    player
    playermem
    pmatch
    poll
    ports
    pos
    poss
    power
    powers
    prompt
    pueblo
    quota
    r
    rand
    randextract
    randword
    recv
    regedit
    regeditall
    regeditalli
    regediti
    registers
    reglattr
    reglattrp
    reglmatch
    reglmatchall
    reglmatchalli
    reglmatchi
    regmatch
    regmatchalli
    regmatchi
    regnattr
    regnattrp
    regrab
    regraball
    regraballi
    regrabi
    regrep
    regrepi
    REGREPLACE
    regxattr
    regxattrp
    remainder
    remit
    remove
    render
    rendermarkdown
    rendermarkdowncustom
    repeat
    rest
    restarts
    restarttime
    reswitch
    reswitchall
    reswitchalli
    reswitchi
    revwords
    right
    rjust
    rloc
    RNUM
    room
    root
    round
    s
    scan
    scramble
    secs
    secscalc
    secure
    sent
    set
    setdiff
    setinter
    setq
    setr
    setsymdiff
    setunion
    SHA0
    shl
    shr
    shuffle
    sign
    sin
    slev
    sort
    sortby
    sortkey
    soundex
    soundslike
    space
    speak
    spellnum
    splice
    sql
    sqlescape
    sqrt
    squish
    ssl
    starttime
    stddev
    step
    stext
    strallof
    strcat
    strdelete
    strfirstof
    stringsecs
    strinsert
    stripaccents
    stripansi
    strlen
    strmatch
    strreplace
    sub
    subj
    suggest
    switch
    switchall
    t
    table
    tag
    tagwrap
    tan
    tel
    terminfo
    testlock
    textentries
    textfile
    textsearch
    time
    timecalc
    timefmt
    timestring
    tr
    trim
    trimpenn
    trimtiny
    trunc
    type
    ucstr
    UCSTR2
    udefault
    ufun
    ulambda
    uldefault
    ulocal
    unique
    unsetq
    uptime
    urldecode
    urlencode
    utctime
    v
    vadd
    valid
    vcross
    vdim
    vdot
    version
    visible
    vmag
    vmax
    vmin
    vmul
    vsub
    vunit
    WEBSOCKET_HTML
    WEBSOCKET_JSON
    where
    width
    wildgrep
    wildgrepi
    wipe
    wizmotd
    wordpos
    words
    wrap
    wshtml
    wsjson
    xattr
    xattrp
    xcon
    xexits
    xget
    xmwho
    xmwhoid
    xor
    xplayers
    xthings
    xvcon
    xvexits
    xvplayers
    xvthings
    xwho
    xwhoid
    zemit
    zfind
    zfun
    zmwho
    zone
    zwho*, <null>, Announce)
  	Notify(SharpMUSH.Library.Models.SharpPlayer: SharpMUSH.Library.Models.SharpPlayer, *System.String: Current Message of the Day settings:*, <null>, Announce)
  	Notify(SharpMUSH.Library.Models.SharpPlayer: SharpMUSH.Library.Models.SharpPlayer, *System.String:   Connect MOTD File: txt/motd.txt*, <null>, Announce)
  	Notify(SharpMUSH.Library.Models.SharpPlayer: SharpMUSH.Library.Models.SharpPlayer, *System.String:   Connect MOTD HTML: txt/motd.html*, <null>, Announce)
  	Notify(SharpMUSH.Library.Models.SharpPlayer: SharpMUSH.Library.Models.SharpPlayer, *System.String:   Wizard MOTD File: txt/wizmotd.txt*, <null>, Announce)
  	Notify(SharpMUSH.Library.Models.SharpPlayer: SharpMUSH.Library.Models.SharpPlayer, *System.String:   Wizard MOTD HTML: txt/wizmotd.html*, <null>, Announce)
  	Notify(SharpMUSH.Library.Models.SharpPlayer: SharpMUSH.Library.Models.SharpPlayer, *System.String: STANDARD ATTRIBUTES:
    AAHEAR
    ABUY
    ACLONE
    ACONNECT
    ADEATH
    ADESCRIBE
    ADESTROY
    ADISCONNECT
    ADROP
    AEFAIL
    AENTER
    AFAILURE
    AFOLLOW
    AGIVE
    AHEAR
    AIDESCRIBE
    ALEAVE
    ALFAIL
    ALIAS
    AMAIL
    AMHEAR
    AMOVE
    ANAME
    APAYMENT
    ARECEIVE
    ASUCCESS
    ATPORT
    AUFAIL
    AUNFOLLOW
    AUSE
    AWAY
    AZENTER
    AZLEAVE
    BUY
    CHANALIAS
    CHARGES
    CHATFORMAT
    COMMENT
    CONFORMAT
    COST
    DEATH
    DEBUGFORWARDLIST
    DESCFORMAT
    DESCRIBE
    DESTINATION
    DOING
    DROP
    EALIAS
    EFAIL
    ENTER
    EXITFORMAT
    EXITTO
    FAILURE
    FILTER
    FOLLOW
    FOLLOWERS
    FOLLOWING
    FORWARDLIST
    GIVE
    HAVEN
    IDESCFORMAT
    IDESCRIBE
    IDLE
    INFILTER
    INPREFIX
    INVFORMAT
    LALIAS
    LAST
    LASTFAILED
    LASTIP
    LASTLOGOUT
    LASTPAGED
    LASTSITE
    LEAVE
    LFAIL
    LISTEN
    MAILCURF
    MAILFILTER
    MAILFILTERS
    MAILFOLDERS
    MAILFORWARDLIST
    MAILQUOTA
    MAILSIGNATURE
    MONIKER
    MOVE
    NAMEACCENT
    NAMEFORMAT
    OBUY
    ODEATH
    ODESCRIBE
    ODROP
    OEFAIL
    OENTER
    OFAILURE
    OFOLLOW
    OGIVE
    OIDESCRIBE
    OLEAVE
    OLFAIL
    OMOVE
    ONAME
    OPAYMENT
    ORECEIVE
    OSUCCESS
    OTPORT
    OUFAIL
    OUNFOLLOW
    OUSE
    OUTPAGEFORMAT
    OXENTER
    OXLEAVE
    OXMOVE
    OXTPORT
    OZENTER
    OZLEAVE
    PAGEFORMAT
    PAYMENT
    PREFIX
    PRICELIST
    QUEUE
    RECEIVE
    REGISTERED_EMAIL
    RQUOTA
    RUNOUT
    SEMAPHORE
    SEX
    SPEECHMOD
    STARTUP
    SUCCESS
    TFPREFIX
    TPORT
    TZ
    UFAIL
    UNFOLLOW
    USE
    VA
    VB
    VC
    VD
    VE
    VF
    VG
    VH
    VI
    VJ
    VK
    VL
    VM
    VN
    VO
    VP
    VQ
    VR
    VRML_URL
    VS
    VT
    VU
    VV
    VW
    VX
    VY
    VZ
    WA
    WB
    WC
    WD
    WE
    WF
    WG
    WH
    WI
    WJ
    WK
    WL
    WM
    WN
    WO
    WP
    WQ
    WR
    WS
    WT
    WU
    WV
    WW
    WX
    WY
    WZ
    XA
    XB
    XC
    XD
    XE
    XF
    XG
    XH
    XI
    XJ
    XK
    XL
    XM
    XN
    XO
    XP
    XQ
    XR
    XS
    XT
    XU
    XV
    XW
    XX
    XY
    XZ
    ZENTER*, <null>, Announce)
  	Notify(SharpMUSH.Library.Models.SharpPlayer: SharpMUSH.Library.Models.SharpPlayer, *System.String: OBJECT FLAGS:
  NAME                 SYMBOL TYPE RESTRICTIONS
  -------------------- ------ -------------------
  WIZARD               W      ROOM,PLAYER,EXIT,THING
  ABODE                A      ROOM
  ANSI                 A      PLAYER
  CHOWN_OK             C      ROOM,PLAYER,THING
  COLOR                C      PLAYER
  DARK                 D      ROOM,PLAYER,EXIT,THING
  FIXED                F      PLAYER
  FLOATING             F      ROOM
  HAVEN                H      PLAYER
  TRUST                I      ROOM,PLAYER,EXIT,THING
  JUDGE                J      PLAYER
  JUMP_OK              J      ROOM
  LINK_OK              L      ROOM,PLAYER,EXIT,THING
  MONITOR              M      ROOM,PLAYER,THING
  NO_LEAVE             N      THING
  NO_TEL               N      ROOM
  OPAQUE               O      ROOM,PLAYER,EXIT,THING
  QUIET                Q      ROOM,PLAYER,EXIT,THING
  UNFINDABLE           U      ROOM,PLAYER,EXIT,THING
  VISUAL               V      ROOM,PLAYER,EXIT,THING
  SAFE                 X      ROOM,PLAYER,EXIT,THING
  SHARED               Z      PLAYER
  Z_TEL                Z      ROOM,THING
  LISTEN_PARENT        ^      PLAYER,THING,ROOM
  NOACCENTS            ~      PLAYER,THING,ROOM
  UNREGISTERED         ?      PLAYER
  NOSPOOF              "      ROOM,PLAYER,EXIT,THING
  AUDIBLE              a      ROOM,PLAYER,EXIT,THING
  DEBUG                b      ROOM,PLAYER,EXIT,THING
  DESTROY_OK           d      THING
  ENTER_OK             e      ROOM,PLAYER,EXIT,THING
  GAGGED               g      PLAYER
  HALT                 h      ROOM,PLAYER,EXIT,THING
  ORPHAN               i      ROOM,PLAYER,EXIT,THING
  JURY_OK              j      PLAYER
  KEEPALIVE            k      PLAYER
  LIGHT                l      ROOM,PLAYER,EXIT,THING
  MISTRUST             m      PLAYER,EXIT,THING
  MISTRUST             m      PLAYER,EXIT,THING
  NO_COMMAND           n      ROOM,PLAYER,EXIT,THING
  ON_VACATION          o      PLAYER
  PUPPET               P      THING
  ROYALTY              r      ROOM,PLAYER,EXIT,THING
  SUSPECT              s      ROOM,PLAYER,EXIT,THING
  TRANSPARENT          t      ROOM,PLAYER,EXIT,THING
  VERBOSE              v      ROOM,PLAYER,EXIT,THING
  NO_WARN              w      ROOM,PLAYER,EXIT,THING
  CLOUDY               x      EXIT
  CHAN_USEFIRSTMATCH          ROOM,PLAYER,EXIT,THING
  HEAR_CONNECT                PLAYER
  HEAVY                       ROOM,PLAYER,EXIT,THING
  LOUD                        PLAYER
  NO_LOG                      PLAYER
  PARANOID                    PLAYER
  TRACK_MONEY                 PLAYER
  XTERM256                    PLAYER
  MONIKER                     ROOM,PLAYER,EXIT,THING
  OPEN_OK                     ROOM
  GOING                g      ROOM,PLAYER,EXIT,THING
  GOING_TWICE                 ROOM,PLAYER,EXIT,THING*, <null>, Announce)
  	Notify(SharpMUSH.Library.Models.SharpPlayer: SharpMUSH.Library.Models.SharpPlayer, *System.String: You have no channel aliases.*, <null>, Announce)
  	Notify(SharpMUSH.Library.Models.SharpPlayer: SharpMUSH.Library.Models.SharpPlayer, *MarkupString.MarkupStringModule+MarkupString: <TestCommandChannel> ChatCommand: Test message*, SharpMUSH.Library.Models.SharpPlayer: SharpMUSH.Library.Models.SharpPlayer, Emit)
  	Notify(SharpMUSH.Library.Models.SharpPlayer: SharpMUSH.Library.Models.SharpPlayer, *MarkupString.MarkupStringModule+MarkupString: <TestCommandChannel> ChatCommand: Test message*, SharpMUSH.Library.Models.SharpPlayer: SharpMUSH.Library.Models.SharpPlayer, Emit)
  	Notify(SharpMUSH.Library.Models.SharpPlayer: SharpMUSH.Library.Models.SharpPlayer, *MarkupString.MarkupStringModule+MarkupString: <TestCommandChannel> ChatCommand: Test message*, SharpMUSH.Library.Models.SharpPlayer: SharpMUSH.Library.Models.SharpPlayer, Emit)
  	Notify(SharpMUSH.Library.Models.SharpPlayer: SharpMUSH.Library.Models.SharpPlayer, *System.String: Alias 'TestCommandChannel' not found.*, <null>, Announce)
  	Notify(SharpMUSH.Library.Models.SharpPlayer: SharpMUSH.Library.Models.SharpPlayer, *MarkupString.MarkupStringModule+MarkupString: <TestCommandChannel> God says, "NscemitCommand: Test message"*, SharpMUSH.Library.Models.SharpPlayer: SharpMUSH.Library.Models.SharpPlayer, NSEmit)
  	Notify(SharpMUSH.Library.Models.SharpPlayer: SharpMUSH.Library.Models.SharpPlayer, *MarkupString.MarkupStringModule+MarkupString: <TestCommandChannel> God says, "NscemitCommand: Test message"*, SharpMUSH.Library.Models.SharpPlayer: SharpMUSH.Library.Models.SharpPlayer, NSEmit)
  	Notify(SharpMUSH.Library.Models.SharpPlayer: SharpMUSH.Library.Models.SharpPlayer, *MarkupString.MarkupStringModule+MarkupString: <TestCommandChannel> God says, "NscemitCommand: Test message"*, SharpMUSH.Library.Models.SharpPlayer: SharpMUSH.Library.Models.SharpPlayer, NSEmit)
  	Notify(SharpMUSH.Library.Models.SharpPlayer: SharpMUSH.Library.Models.SharpPlayer, *MarkupString.MarkupStringModule+MarkupString: <TestCommandChannel> God says, "NscemitCommand: Test message"*, SharpMUSH.Library.Models.SharpPlayer: SharpMUSH.Library.Models.SharpPlayer, NSEmit)
  	Notify(SharpMUSH.Library.Models.SharpPlayer: SharpMUSH.Library.Models.SharpPlayer, *MarkupString.MarkupStringModule+MarkupString: <TestCommandChannel> God says, "NscemitCommand: Test message"*, SharpMUSH.Library.Models.SharpPlayer: SharpMUSH.Library.Models.SharpPlayer, NSEmit)
  	Notify(SharpMUSH.Library.Models.SharpPlayer: SharpMUSH.Library.Models.SharpPlayer, *MarkupString.MarkupStringModule+MarkupString: <TestCommandChannel> God says, "NscemitCommand: Test message"*, SharpMUSH.Library.Models.SharpPlayer: SharpMUSH.Library.Models.SharpPlayer, NSEmit)
  	Notify(SharpMUSH.Library.Models.SharpPlayer: SharpMUSH.Library.Models.SharpPlayer, *MarkupString.MarkupStringModule+MarkupString: <TestCommandChannel> God says, "NscemitCommand: Test message"*, SharpMUSH.Library.Models.SharpPlayer: SharpMUSH.Library.Models.SharpPlayer, NSEmit)
  	Notify(SharpMUSH.Library.Models.SharpPlayer: SharpMUSH.Library.Models.SharpPlayer, *System.String: Channel not found.*, <null>, Announce)
  	Notify(SharpMUSH.Library.Models.SharpPlayer: SharpMUSH.Library.Models.SharpPlayer, *MarkupString.MarkupStringModule+MarkupString: <TestCommandChannel> CemitCommand: Test message*, SharpMUSH.Library.Models.SharpPlayer: SharpMUSH.Library.Models.SharpPlayer, Emit)
  	Notify(SharpMUSH.Library.Models.SharpPlayer: SharpMUSH.Library.Models.SharpPlayer, *MarkupString.MarkupStringModule+MarkupString: <TestCommandChannel> CemitCommand: Test message*, SharpMUSH.Library.Models.SharpPlayer: SharpMUSH.Library.Models.SharpPlayer, Emit)
  	Notify(SharpMUSH.Library.Models.SharpPlayer: SharpMUSH.Library.Models.SharpPlayer, *MarkupString.MarkupStringModule+MarkupString: <TestCommandChannel> CemitCommand: Test message*, SharpMUSH.Library.Models.SharpPlayer: SharpMUSH.Library.Models.SharpPlayer, Emit)
  	Notify(SharpMUSH.Library.Models.SharpPlayer: SharpMUSH.Library.Models.SharpPlayer, *MarkupString.MarkupStringModule+MarkupString: <TestCommandChannel> CemitCommand: Test message*, SharpMUSH.Library.Models.SharpPlayer: SharpMUSH.Library.Models.SharpPlayer, Emit)
  	Notify(SharpMUSH.Library.Models.SharpPlayer: SharpMUSH.Library.Models.SharpPlayer, *MarkupString.MarkupStringModule+MarkupString: <TestCommandChannel> CemitCommand: Test message*, SharpMUSH.Library.Models.SharpPlayer: SharpMUSH.Library.Models.SharpPlayer, Emit)
  	Notify(SharpMUSH.Library.Models.SharpPlayer: SharpMUSH.Library.Models.SharpPlayer, *MarkupString.MarkupStringModule+MarkupString: <TestCommandChannel> CemitCommand: Test message*, SharpMUSH.Library.Models.SharpPlayer: SharpMUSH.Library.Models.SharpPlayer, Emit)
  	Notify(SharpMUSH.Library.Models.SharpPlayer: SharpMUSH.Library.Models.SharpPlayer, *MarkupString.MarkupStringModule+MarkupString: <TestCommandChannel> CemitCommand: Test message*, SharpMUSH.Library.Models.SharpPlayer: SharpMUSH.Library.Models.SharpPlayer, Emit)
  	Notify(SharpMUSH.Library.Models.SharpPlayer: SharpMUSH.Library.Models.SharpPlayer, *MarkupString.MarkupStringModule+MarkupString: <TestCommandChannel> CemitCommand: Test message*, SharpMUSH.Library.Models.SharpPlayer: SharpMUSH.Library.Models.SharpPlayer, Emit)
  	Notify(SharpMUSH.Library.Models.SharpPlayer: SharpMUSH.Library.Models.SharpPlayer, *MarkupString.MarkupStringModule+MarkupString: <TestCommandChannel> CemitCommand: Test message*, SharpMUSH.Library.Models.SharpPlayer: SharpMUSH.Library.Models.SharpPlayer, Emit)
  	Notify(SharpMUSH.Library.Models.SharpPlayer: SharpMUSH.Library.Models.SharpPlayer, *System.String: Alias 'pub' not found.*, <null>, Announce)
  	Notify(SharpMUSH.Library.Models.SharpPlayer: SharpMUSH.Library.Models.SharpPlayer, *System.String: *, <null>, Announce)
  	Notify(SharpMUSH.Library.Models.SharpPlayer: SharpMUSH.Library.Models.SharpPlayer, *System.String: -1*, <null>, Announce)
  	Notify(SharpMUSH.Library.Models.SharpPlayer: SharpMUSH.Library.Models.SharpPlayer, *System.String: -1*, <null>, Announce)
  	Notify(SharpMUSH.Library.Models.SharpPlayer: SharpMUSH.Library.Models.SharpPlayer, *System.String: -1*, <null>, Announce)
  	Notify(SharpMUSH.Library.Models.SharpPlayer: SharpMUSH.Library.Models.SharpPlayer, *System.String: -1*, <null>, Announce)
  	Notify(SharpMUSH.Library.Models.SharpPlayer: SharpMUSH.Library.Models.SharpPlayer, *System.String: -1*, <null>, Announce)
  	Notify(SharpMUSH.Library.Models.SharpPlayer: SharpMUSH.Library.Models.SharpPlayer, *System.String: -1*, <null>, Announce)
  	Notify(SharpMUSH.Library.Models.SharpPlayer: SharpMUSH.Library.Models.SharpPlayer, *System.String: -1*, <null>, Announce)
  	Notify(SharpMUSH.Library.Models.SharpPlayer: SharpMUSH.Library.Models.SharpPlayer, *System.String: -1*, <null>, Announce)
  	Notify(SharpMUSH.Library.Models.SharpPlayer: SharpMUSH.Library.Models.SharpPlayer, *System.String: -1*, <null>, Announce)
  	Notify(SharpMUSH.Library.Models.SharpPlayer: SharpMUSH.Library.Models.SharpPlayer, *System.String: -1*, <null>, Announce)
  	Notify(SharpMUSH.Library.Models.SharpPlayer: SharpMUSH.Library.Models.SharpPlayer, *System.String: -1*, <null>, Announce)
  	Notify(SharpMUSH.Library.Models.SharpPlayer: SharpMUSH.Library.Models.SharpPlayer, *System.String: -1*, <null>, Announce)
  	Notify(SharpMUSH.Library.Models.SharpPlayer: SharpMUSH.Library.Models.SharpPlayer, *System.String: -1*, <null>, Announce)
  	Notify(SharpMUSH.Library.Models.SharpPlayer: SharpMUSH.Library.Models.SharpPlayer, *System.String: -1*, <null>, Announce)
  	Notify(SharpMUSH.Library.Models.SharpPlayer: SharpMUSH.Library.Models.SharpPlayer, *System.String: -1*, <null>, Announce)
  	Notify(SharpMUSH.Library.Models.SharpPlayer: SharpMUSH.Library.Models.SharpPlayer, *System.String: -1*, <null>, Announce)
  	Notify(SharpMUSH.Library.Models.SharpPlayer: SharpMUSH.Library.Models.SharpPlayer, *System.String: -1*, <null>, Announce)
  	Notify(SharpMUSH.Library.Models.SharpPlayer: SharpMUSH.Library.Models.SharpPlayer, *System.String: -1*, <null>, Announce)
  	Notify(SharpMUSH.Library.Models.SharpPlayer: SharpMUSH.Library.Models.SharpPlayer, *System.String: -1*, <null>, Announce)
  	Notify(SharpMUSH.Library.Models.SharpPlayer: SharpMUSH.Library.Models.SharpPlayer, *System.String: -1*, <null>, Announce)
  	Notify(SharpMUSH.Library.Models.SharpPlayer: SharpMUSH.Library.Models.SharpPlayer, *System.String: -1*, <null>, Announce)
  	Notify(SharpMUSH.Library.Models.SharpPlayer: SharpMUSH.Library.Models.SharpPlayer, *System.String: -1*, <null>, Announce)
  	Notify(SharpMUSH.Library.Models.SharpPlayer: SharpMUSH.Library.Models.SharpPlayer, *System.String: -1*, <null>, Announce)
  	Notify(SharpMUSH.Library.Models.SharpPlayer: SharpMUSH.Library.Models.SharpPlayer, *System.String: -1*, <null>, Announce)
  	Notify(SharpMUSH.Library.Models.SharpPlayer: SharpMUSH.Library.Models.SharpPlayer, *System.String: -1*, <null>, Announce)
  	Notify(SharpMUSH.Library.Models.SharpPlayer: SharpMUSH.Library.Models.SharpPlayer, *System.String: -1*, <null>, Announce)
  	Notify(SharpMUSH.Library.Models.SharpPlayer: SharpMUSH.Library.Models.SharpPlayer, *System.String: -1*, <null>, Announce)
  	Notify(SharpMUSH.Library.Models.SharpPlayer: SharpMUSH.Library.Models.SharpPlayer, *System.String: -1*, <null>, Announce)
  	Notify(SharpMUSH.Library.Models.SharpPlayer: SharpMUSH.Library.Models.SharpPlayer, *System.String: -1*, <null>, Announce)
  	Notify(SharpMUSH.Library.Models.SharpPlayer: SharpMUSH.Library.Models.SharpPlayer, *System.String: -1*, <null>, Announce)
  	Notify(SharpMUSH.Library.Models.SharpPlayer: SharpMUSH.Library.Models.SharpPlayer, *System.String: -1*, <null>, Announce)
  	Notify(SharpMUSH.Library.Models.SharpPlayer: SharpMUSH.Library.Models.SharpPlayer, *System.String: -1*, <null>, Announce)
  	Notify(SharpMUSH.Library.Models.SharpPlayer: SharpMUSH.Library.Models.SharpPlayer, *System.String: -1*, <null>, Announce)
  	Notify(SharpMUSH.Library.Models.SharpPlayer: SharpMUSH.Library.Models.SharpPlayer, *System.String: -1*, <null>, Announce)
  	Notify(SharpMUSH.Library.Models.SharpPlayer: SharpMUSH.Library.Models.SharpPlayer, *System.String: -1*, <null>, Announce)
  	Notify(SharpMUSH.Library.Models.SharpPlayer: SharpMUSH.Library.Models.SharpPlayer, *System.String: -1*, <null>, Announce)
  	Notify(SharpMUSH.Library.Models.SharpPlayer: SharpMUSH.Library.Models.SharpPlayer, *System.String: -1*, <null>, Announce)
  	Notify(SharpMUSH.Library.Models.SharpPlayer: SharpMUSH.Library.Models.SharpPlayer, *System.String: -1*, <null>, Announce)
  	Notify(SharpMUSH.Library.Models.SharpPlayer: SharpMUSH.Library.Models.SharpPlayer, *System.String: -1*, <null>, Announce)
  	Notify(SharpMUSH.Library.Models.SharpPlayer: SharpMUSH.Library.Models.SharpPlayer, *System.String: -1*, <null>, Announce)
  	Notify(SharpMUSH.Library.Models.SharpPlayer: SharpMUSH.Library.Models.SharpPlayer, *System.String: -1*, <null>, Announce)
  	Notify(SharpMUSH.Library.Models.SharpPlayer: SharpMUSH.Library.Models.SharpPlayer, *System.String: -1*, <null>, Announce)
  	Notify(SharpMUSH.Library.Models.SharpPlayer: SharpMUSH.Library.Models.SharpPlayer, *System.String: -1*, <null>, Announce)
  	Notify(SharpMUSH.Library.Models.SharpPlayer: SharpMUSH.Library.Models.SharpPlayer, *System.String: -1*, <null>, Announce)
  	Notify(SharpMUSH.Library.Models.SharpPlayer: SharpMUSH.Library.Models.SharpPlayer, *System.String: -1*, <null>, Announce)
  	Notify(SharpMUSH.Library.Models.SharpPlayer: SharpMUSH.Library.Models.SharpPlayer, *System.String: -1*, <null>, Announce)
  	Notify(SharpMUSH.Library.Models.SharpPlayer: SharpMUSH.Library.Models.SharpPlayer, *System.String: -1*, <null>, Announce)
  	Notify(SharpMUSH.Library.Models.SharpPlayer: SharpMUSH.Library.Models.SharpPlayer, *System.String: -1*, <null>, Announce)
  	Notify(SharpMUSH.Library.Models.SharpPlayer: SharpMUSH.Library.Models.SharpPlayer, *System.String: -1*, <null>, Announce)
  	Notify(SharpMUSH.Library.Models.SharpPlayer: SharpMUSH.Library.Models.SharpPlayer, *System.String: -1*, <null>, Announce)
  	Notify(SharpMUSH.Library.Models.SharpPlayer: SharpMUSH.Library.Models.SharpPlayer, *System.String: -1*, <null>, Announce)
  	Notify(SharpMUSH.Library.Models.SharpPlayer: SharpMUSH.Library.Models.SharpPlayer, *System.String: -1*, <null>, Announce)
  	Notify(SharpMUSH.Library.Models.SharpPlayer: SharpMUSH.Library.Models.SharpPlayer, *System.String: -1*, <null>, Announce)
  	Notify(SharpMUSH.Library.Models.SharpPlayer: SharpMUSH.Library.Models.SharpPlayer, *System.String: -1*, <null>, Announce)
  	Notify(SharpMUSH.Library.Models.SharpPlayer: SharpMUSH.Library.Models.SharpPlayer, *System.String: -1*, <null>, Announce)
  	Notify(SharpMUSH.Library.Models.SharpPlayer: SharpMUSH.Library.Models.SharpPlayer, *System.String: -1*, <null>, Announce)
  	Notify(SharpMUSH.Library.Models.SharpPlayer: SharpMUSH.Library.Models.SharpPlayer, *System.String: -1*, <null>, Announce)
  	Notify(SharpMUSH.Library.Models.SharpPlayer: SharpMUSH.Library.Models.SharpPlayer, *System.String: -1*, <null>, Announce)
  	Notify(SharpMUSH.Library.Models.SharpPlayer: SharpMUSH.Library.Models.SharpPlayer, *System.String: -1*, <null>, Announce)
  	Notify(SharpMUSH.Library.Models.SharpPlayer: SharpMUSH.Library.Models.SharpPlayer, *System.String: -1*, <null>, Announce)
  	Notify(SharpMUSH.Library.Models.SharpPlayer: SharpMUSH.Library.Models.SharpPlayer, *System.String: -1*, <null>, Announce)
  	Notify(SharpMUSH.Library.Models.SharpPlayer: SharpMUSH.Library.Models.SharpPlayer, *System.String: -1*, <null>, Announce)
  	Notify(SharpMUSH.Library.Models.SharpPlayer: SharpMUSH.Library.Models.SharpPlayer, *System.String: -1*, <null>, Announce)
  	Notify(SharpMUSH.Library.Models.SharpPlayer: SharpMUSH.Library.Models.SharpPlayer, *System.String: -1*, <null>, Announce)
  	Notify(SharpMUSH.Library.Models.SharpPlayer: SharpMUSH.Library.Models.SharpPlayer, *System.String: -1*, <null>, Announce)
  	Notify(SharpMUSH.Library.Models.SharpPlayer: SharpMUSH.Library.Models.SharpPlayer, *System.String: -1*, <null>, Announce)
  	Notify(SharpMUSH.Library.Models.SharpPlayer: SharpMUSH.Library.Models.SharpPlayer, *System.String: -1*, <null>, Announce)
  	Notify(SharpMUSH.Library.Models.SharpPlayer: SharpMUSH.Library.Models.SharpPlayer, *System.String: -1*, <null>, Announce)
  	Notify(SharpMUSH.Library.Models.SharpPlayer: SharpMUSH.Library.Models.SharpPlayer, *System.String: -1*, <null>, Announce)
  	Notify(SharpMUSH.Library.Models.SharpPlayer: SharpMUSH.Library.Models.SharpPlayer, *System.String: -1*, <null>, Announce)
  	Notify(SharpMUSH.Library.Models.SharpPlayer: SharpMUSH.Library.Models.SharpPlayer, *System.String: -1*, <null>, Announce)
  	Notify(SharpMUSH.Library.Models.SharpPlayer: SharpMUSH.Library.Models.SharpPlayer, *System.String: -1*, <null>, Announce)
  	Notify(SharpMUSH.Library.Models.SharpPlayer: SharpMUSH.Library.Models.SharpPlayer, *System.String: -1*, <null>, Announce)
  	Notify(SharpMUSH.Library.Models.SharpPlayer: SharpMUSH.Library.Models.SharpPlayer, *System.String: -1*, <null>, Announce)
  	Notify(SharpMUSH.Library.Models.SharpPlayer: SharpMUSH.Library.Models.SharpPlayer, *System.String: -1*, <null>, Announce)
  	Notify(SharpMUSH.Library.Models.SharpPlayer: SharpMUSH.Library.Models.SharpPlayer, *System.String: -1*, <null>, Announce)
  	Notify(SharpMUSH.Library.Models.SharpPlayer: SharpMUSH.Library.Models.SharpPlayer, *System.String: -1*, <null>, Announce)
  	Notify(SharpMUSH.Library.Models.SharpPlayer: SharpMUSH.Library.Models.SharpPlayer, *System.String: -1*, <null>, Announce)
  	Notify(SharpMUSH.Library.Models.SharpPlayer: SharpMUSH.Library.Models.SharpPlayer, *System.String: -1*, <null>, Announce)
  	Notify(SharpMUSH.Library.Models.SharpPlayer: SharpMUSH.Library.Models.SharpPlayer, *System.String: -1*, <null>, Announce)
  	Notify(SharpMUSH.Library.Models.SharpPlayer: SharpMUSH.Library.Models.SharpPlayer, *System.String: -1*, <null>, Announce)
  	Notify(SharpMUSH.Library.Models.SharpPlayer: SharpMUSH.Library.Models.SharpPlayer, *System.String: -1*, <null>, Announce)
  	Notify(SharpMUSH.Library.Models.SharpPlayer: SharpMUSH.Library.Models.SharpPlayer, *System.String: -1*, <null>, Announce)
  	Notify(SharpMUSH.Library.Models.SharpPlayer: SharpMUSH.Library.Models.SharpPlayer, *System.String: -1*, <null>, Announce)
  	Notify(SharpMUSH.Library.Models.SharpPlayer: SharpMUSH.Library.Models.SharpPlayer, *System.String: -1*, <null>, Announce)
  	Notify(SharpMUSH.Library.Models.SharpPlayer: SharpMUSH.Library.Models.SharpPlayer, *System.String: -1*, <null>, Announce)
  	Notify(SharpMUSH.Library.Models.SharpPlayer: SharpMUSH.Library.Models.SharpPlayer, *System.String: -1*, <null>, Announce)
  	Notify(SharpMUSH.Library.Models.SharpPlayer: SharpMUSH.Library.Models.SharpPlayer, *System.String: -1*, <null>, Announce)
  	Notify(SharpMUSH.Library.Models.SharpPlayer: SharpMUSH.Library.Models.SharpPlayer, *System.String: -1*, <null>, Announce)
  	Notify(SharpMUSH.Library.Models.SharpPlayer: SharpMUSH.Library.Models.SharpPlayer, *System.String: -1*, <null>, Announce)
  	Notify(SharpMUSH.Library.Models.SharpPlayer: SharpMUSH.Library.Models.SharpPlayer, *System.String: -1*, <null>, Announce)
  	Notify(SharpMUSH.Library.Models.SharpPlayer: SharpMUSH.Library.Models.SharpPlayer, *System.String: -1*, <null>, Announce)
  	Notify(SharpMUSH.Library.Models.SharpPlayer: SharpMUSH.Library.Models.SharpPlayer, *System.String: -1*, <null>, Announce)
  	Notify(SharpMUSH.Library.Models.SharpPlayer: SharpMUSH.Library.Models.SharpPlayer, *System.String: -1*, <null>, Announce)
  	Notify(SharpMUSH.Library.Models.SharpPlayer: SharpMUSH.Library.Models.SharpPlayer, *System.String: -1*, <null>, Announce)
  	Notify(SharpMUSH.Library.Models.SharpPlayer: SharpMUSH.Library.Models.SharpPlayer, *System.String: -1*, <null>, Announce)
  	Notify(SharpMUSH.Library.Models.SharpPlayer: SharpMUSH.Library.Models.SharpPlayer, *System.String: -1*, <null>, Announce)
  	Notify(SharpMUSH.Library.Models.SharpPlayer: SharpMUSH.Library.Models.SharpPlayer, *System.String: -1*, <null>, Announce)
  	Notify(SharpMUSH.Library.Models.SharpPlayer: SharpMUSH.Library.Models.SharpPlayer, *System.String: -1*, <null>, Announce)
  	Notify(SharpMUSH.Library.Models.SharpPlayer: SharpMUSH.Library.Models.SharpPlayer, *System.String: -1*, <null>, Announce)
  	Notify(SharpMUSH.Library.Models.SharpPlayer: SharpMUSH.Library.Models.SharpPlayer, *System.String: -1*, <null>, Announce)
  	Notify(SharpMUSH.Library.Models.SharpPlayer: SharpMUSH.Library.Models.SharpPlayer, *System.String: -1*, <null>, Announce)
  	Notify(SharpMUSH.Library.Models.SharpPlayer: SharpMUSH.Library.Models.SharpPlayer, *System.String: -1*, <null>, Announce)
  	Notify(SharpMUSH.Library.Models.SharpPlayer: SharpMUSH.Library.Models.SharpPlayer, *System.String: -1*, <null>, Announce)
  	Notify(SharpMUSH.Library.Models.SharpPlayer: SharpMUSH.Library.Models.SharpPlayer, *System.String: -1*, <null>, Announce)
  	Notify(SharpMUSH.Library.Models.SharpPlayer: SharpMUSH.Library.Models.SharpPlayer, *System.String: -1*, <null>, Announce)
  	Notify(SharpMUSH.Library.Models.SharpPlayer: SharpMUSH.Library.Models.SharpPlayer, *System.String: -1*, <null>, Announce)
  	Notify(SharpMUSH.Library.Models.SharpPlayer: SharpMUSH.Library.Models.SharpPlayer, *System.String: -1*, <null>, Announce)
  	Notify(SharpMUSH.Library.Models.SharpPlayer: SharpMUSH.Library.Models.SharpPlayer, *System.String: -1*, <null>, Announce)
  	Notify(SharpMUSH.Library.Models.SharpPlayer: SharpMUSH.Library.Models.SharpPlayer, *System.String: -1*, <null>, Announce)
  	Notify(SharpMUSH.Library.Models.SharpPlayer: SharpMUSH.Library.Models.SharpPlayer, *System.String: -1*, <null>, Announce)
  	Notify(SharpMUSH.Library.Models.SharpPlayer: SharpMUSH.Library.Models.SharpPlayer, *System.String: -1*, <null>, Announce)
  	Notify(SharpMUSH.Library.Models.SharpPlayer: SharpMUSH.Library.Models.SharpPlayer, *System.String: -1*, <null>, Announce)
  	Notify(SharpMUSH.Library.Models.SharpPlayer: SharpMUSH.Library.Models.SharpPlayer, *System.String: -1*, <null>, Announce)
  	Notify(SharpMUSH.Library.Models.SharpPlayer: SharpMUSH.Library.Models.SharpPlayer, *System.String: -1*, <null>, Announce)
  	Notify(SharpMUSH.Library.Models.SharpPlayer: SharpMUSH.Library.Models.SharpPlayer, *System.String: -1*, <null>, Announce)
  	Notify(SharpMUSH.Library.Models.SharpPlayer: SharpMUSH.Library.Models.SharpPlayer, *System.String: -1*, <null>, Announce)
  	Notify(SharpMUSH.Library.Models.SharpPlayer: SharpMUSH.Library.Models.SharpPlayer, *System.String: -1*, <null>, Announce)
  	Notify(SharpMUSH.Library.Models.SharpPlayer: SharpMUSH.Library.Models.SharpPlayer, *System.String: -1*, <null>, Announce)
  	Notify(SharpMUSH.Library.Models.SharpPlayer: SharpMUSH.Library.Models.SharpPlayer, *System.String: -1*, <null>, Announce)
  	Notify(SharpMUSH.Library.Models.SharpPlayer: SharpMUSH.Library.Models.SharpPlayer, *System.String: -1*, <null>, Announce)
  	Notify(SharpMUSH.Library.Models.SharpPlayer: SharpMUSH.Library.Models.SharpPlayer, *System.String: -1*, <null>, Announce)
  	Notify(SharpMUSH.Library.Models.SharpPlayer: SharpMUSH.Library.Models.SharpPlayer, *System.String: -1*, <null>, Announce)
  	Notify(SharpMUSH.Library.Models.SharpPlayer: SharpMUSH.Library.Models.SharpPlayer, *System.String: -1*, <null>, Announce)
  	Notify(SharpMUSH.Library.Models.SharpPlayer: SharpMUSH.Library.Models.SharpPlayer, *System.String: -1*, <null>, Announce)
  	Notify(SharpMUSH.Library.Models.SharpPlayer: SharpMUSH.Library.Models.SharpPlayer, *System.String: -1*, <null>, Announce)
  	Notify(SharpMUSH.Library.Models.SharpPlayer: SharpMUSH.Library.Models.SharpPlayer, *System.String: -1*, <null>, Announce)
  	Notify(SharpMUSH.Library.Models.SharpPlayer: SharpMUSH.Library.Models.SharpPlayer, *System.String: -1*, <null>, Announce)
  	Notify(SharpMUSH.Library.Models.SharpPlayer: SharpMUSH.Library.Models.SharpPlayer, *System.String: -1*, <null>, Announce)
  	Notify(SharpMUSH.Library.Models.SharpPlayer: SharpMUSH.Library.Models.SharpPlayer, *System.String: -1*, <null>, Announce)
  	Notify(SharpMUSH.Library.Models.SharpPlayer: SharpMUSH.Library.Models.SharpPlayer, *System.String: -1*, <null>, Announce)
  	Notify(SharpMUSH.Library.Models.SharpPlayer: SharpMUSH.Library.Models.SharpPlayer, *System.String: -1*, <null>, Announce)
  	Notify(SharpMUSH.Library.Models.SharpPlayer: SharpMUSH.Library.Models.SharpPlayer, *System.String: -1*, <null>, Announce)
  	Notify(SharpMUSH.Library.Models.SharpPlayer: SharpMUSH.Library.Models.SharpPlayer, *System.String: -1*, <null>, Announce)
  	Notify(SharpMUSH.Library.Models.SharpPlayer: SharpMUSH.Library.Models.SharpPlayer, *System.String: -1*, <null>, Announce)
  	Notify(SharpMUSH.Library.Models.SharpPlayer: SharpMUSH.Library.Models.SharpPlayer, *System.String: -1*, <null>, Announce)
  	Notify(SharpMUSH.Library.Models.SharpPlayer: SharpMUSH.Library.Models.SharpPlayer, *System.String: -1*, <null>, Announce)
  	Notify(SharpMUSH.Library.Models.SharpPlayer: SharpMUSH.Library.Models.SharpPlayer, *System.String: -1*, <null>, Announce)
  	Notify(SharpMUSH.Library.Models.SharpPlayer: SharpMUSH.Library.Models.SharpPlayer, *System.String: -1*, <null>, Announce)
  	Notify(SharpMUSH.Library.Models.SharpPlayer: SharpMUSH.Library.Models.SharpPlayer, *System.String: -1*, <null>, Announce)
  	Notify(SharpMUSH.Library.Models.SharpPlayer: SharpMUSH.Library.Models.SharpPlayer, *System.String: -1*, <null>, Announce)
  	Notify(SharpMUSH.Library.Models.SharpPlayer: SharpMUSH.Library.Models.SharpPlayer, *System.String: -1*, <null>, Announce)
  	Notify(SharpMUSH.Library.Models.SharpPlayer: SharpMUSH.Library.Models.SharpPlayer, *System.String: -1*, <null>, Announce)
  	Notify(SharpMUSH.Library.Models.SharpPlayer: SharpMUSH.Library.Models.SharpPlayer, *System.String: -1*, <null>, Announce)
  	Notify(SharpMUSH.Library.Models.SharpPlayer: SharpMUSH.Library.Models.SharpPlayer, *System.String: -1*, <null>, Announce)
  	Notify(SharpMUSH.Library.Models.SharpPlayer: SharpMUSH.Library.Models.SharpPlayer, *System.String: -1*, <null>, Announce)
  	Notify(SharpMUSH.Library.Models.SharpPlayer: SharpMUSH.Library.Models.SharpPlayer, *System.String: -1*, <null>, Announce)
  	Notify(SharpMUSH.Library.Models.SharpPlayer: SharpMUSH.Library.Models.SharpPlayer, *System.String: -1*, <null>, Announce)
  	Notify(SharpMUSH.Library.Models.SharpPlayer: SharpMUSH.Library.Models.SharpPlayer, *System.String: -1*, <null>, Announce)
  	Notify(SharpMUSH.Library.Models.SharpPlayer: SharpMUSH.Library.Models.SharpPlayer, *System.String: -1*, <null>, Announce)
  	Notify(SharpMUSH.Library.Models.SharpPlayer: SharpMUSH.Library.Models.SharpPlayer, *System.String: -1*, <null>, Announce)
  	Notify(SharpMUSH.Library.Models.SharpPlayer: SharpMUSH.Library.Models.SharpPlayer, *System.String: -1*, <null>, Announce)
  	Notify(SharpMUSH.Library.Models.SharpPlayer: SharpMUSH.Library.Models.SharpPlayer, *System.String: -1*, <null>, Announce)
  	Notify(SharpMUSH.Library.Models.SharpPlayer: SharpMUSH.Library.Models.SharpPlayer, *System.String: -1*, <null>, Announce)
  	Notify(SharpMUSH.Library.Models.SharpPlayer: SharpMUSH.Library.Models.SharpPlayer, *System.String: -1*, <null>, Announce)
  	Notify(SharpMUSH.Library.Models.SharpPlayer: SharpMUSH.Library.Models.SharpPlayer, *System.String: -1*, <null>, Announce)
  	Notify(SharpMUSH.Library.Models.SharpPlayer: SharpMUSH.Library.Models.SharpPlayer, *System.String: -1*, <null>, Announce)
  	Notify(SharpMUSH.Library.Models.SharpPlayer: SharpMUSH.Library.Models.SharpPlayer, *System.String: -1*, <null>, Announce)
  	Notify(SharpMUSH.Library.Models.SharpPlayer: SharpMUSH.Library.Models.SharpPlayer, *System.String: -1*, <null>, Announce)
  	Notify(SharpMUSH.Library.Models.SharpPlayer: SharpMUSH.Library.Models.SharpPlayer, *System.String: -1*, <null>, Announce)
  	Notify(SharpMUSH.Library.Models.SharpPlayer: SharpMUSH.Library.Models.SharpPlayer, *System.String: -1*, <null>, Announce)
  	Notify(SharpMUSH.Library.Models.SharpPlayer: SharpMUSH.Library.Models.SharpPlayer, *System.String: -1*, <null>, Announce)
  	Notify(SharpMUSH.Library.Models.SharpPlayer: SharpMUSH.Library.Models.SharpPlayer, *System.String: -1*, <null>, Announce)
  	Notify(SharpMUSH.Library.Models.SharpPlayer: SharpMUSH.Library.Models.SharpPlayer, *System.String: -1*, <null>, Announce)
  	Notify(SharpMUSH.Library.Models.SharpPlayer: SharpMUSH.Library.Models.SharpPlayer, *System.String: -1*, <null>, Announce)
  	Notify(SharpMUSH.Library.Models.SharpPlayer: SharpMUSH.Library.Models.SharpPlayer, *System.String: -1*, <null>, Announce)
  	Notify(SharpMUSH.Library.Models.SharpPlayer: SharpMUSH.Library.Models.SharpPlayer, *System.String: -1*, <null>, Announce)
  	Notify(SharpMUSH.Library.Models.SharpPlayer: SharpMUSH.Library.Models.SharpPlayer, *System.String: -1*, <null>, Announce)
  	Notify(SharpMUSH.Library.Models.SharpPlayer: SharpMUSH.Library.Models.SharpPlayer, *System.String: -1*, <null>, Announce)
  	Notify(SharpMUSH.Library.Models.SharpPlayer: SharpMUSH.Library.Models.SharpPlayer, *System.String: -1*, <null>, Announce)
  	Notify(SharpMUSH.Library.Models.SharpPlayer: SharpMUSH.Library.Models.SharpPlayer, *System.String: -1*, <null>, Announce)
  	Notify(SharpMUSH.Library.Models.SharpPlayer: SharpMUSH.Library.Models.SharpPlayer, *System.String: -1*, <null>, Announce)
  	Notify(SharpMUSH.Library.Models.SharpPlayer: SharpMUSH.Library.Models.SharpPlayer, *System.String: -1*, <null>, Announce)
  	Notify(SharpMUSH.Library.Models.SharpPlayer: SharpMUSH.Library.Models.SharpPlayer, *System.String: -1*, <null>, Announce)
  	Notify(SharpMUSH.Library.Models.SharpPlayer: SharpMUSH.Library.Models.SharpPlayer, *System.String: -1*, <null>, Announce)
  	Notify(SharpMUSH.Library.Models.SharpPlayer: SharpMUSH.Library.Models.SharpPlayer, *System.String: -1*, <null>, Announce)
  	Notify(SharpMUSH.Library.Models.SharpPlayer: SharpMUSH.Library.Models.SharpPlayer, *System.String: -1*, <null>, Announce)
  	Notify(SharpMUSH.Library.Models.SharpPlayer: SharpMUSH.Library.Models.SharpPlayer, *System.String: -1*, <null>, Announce)
  	Notify(SharpMUSH.Library.Models.SharpPlayer: SharpMUSH.Library.Models.SharpPlayer, *System.String: -1*, <null>, Announce)
  	Notify(SharpMUSH.Library.Models.SharpPlayer: SharpMUSH.Library.Models.SharpPlayer, *System.String: -1*, <null>, Announce)
  	Notify(SharpMUSH.Library.Models.SharpPlayer: SharpMUSH.Library.Models.SharpPlayer, *System.String: -1*, <null>, Announce)
  	Notify(SharpMUSH.Library.Models.SharpPlayer: SharpMUSH.Library.Models.SharpPlayer, *System.String: -1*, <null>, Announce)
  	Notify(SharpMUSH.Library.Models.SharpPlayer: SharpMUSH.Library.Models.SharpPlayer, *System.String: -1*, <null>, Announce)
  	Notify(SharpMUSH.Library.Models.SharpPlayer: SharpMUSH.Library.Models.SharpPlayer, *System.String: -1*, <null>, Announce)
  	Notify(SharpMUSH.Library.Models.SharpPlayer: SharpMUSH.Library.Models.SharpPlayer, *System.String: -1*, <null>, Announce)
  	Notify(SharpMUSH.Library.Models.SharpPlayer: SharpMUSH.Library.Models.SharpPlayer, *System.String: -1*, <null>, Announce)
  	Notify(SharpMUSH.Library.Models.SharpPlayer: SharpMUSH.Library.Models.SharpPlayer, *System.String: -1*, <null>, Announce)
  	Notify(SharpMUSH.Library.Models.SharpPlayer: SharpMUSH.Library.Models.SharpPlayer, *System.String: -1*, <null>, Announce)
  	Notify(SharpMUSH.Library.Models.SharpPlayer: SharpMUSH.Library.Models.SharpPlayer, *System.String: -1*, <null>, Announce)
  	Notify(SharpMUSH.Library.Models.SharpPlayer: SharpMUSH.Library.Models.SharpPlayer, *System.String: -1*, <null>, Announce)
  	Notify(SharpMUSH.Library.Models.SharpPlayer: SharpMUSH.Library.Models.SharpPlayer, *System.String: -1*, <null>, Announce)
  	Notify(SharpMUSH.Library.Models.SharpPlayer: SharpMUSH.Library.Models.SharpPlayer, *System.String: -1*, <null>, Announce)
  	Notify(SharpMUSH.Library.Models.SharpPlayer: SharpMUSH.Library.Models.SharpPlayer, *System.String: -1*, <null>, Announce)
  	Notify(SharpMUSH.Library.Models.SharpPlayer: SharpMUSH.Library.Models.SharpPlayer, *System.String: -1*, <null>, Announce)
  	Notify(SharpMUSH.Library.Models.SharpPlayer: SharpMUSH.Library.Models.SharpPlayer, *System.String: -1*, <null>, Announce)
  	Notify(SharpMUSH.Library.Models.SharpPlayer: SharpMUSH.Library.Models.SharpPlayer, *System.String: -1*, <null>, Announce)
  	Notify(SharpMUSH.Library.Models.SharpPlayer: SharpMUSH.Library.Models.SharpPlayer, *System.String: -1*, <null>, Announce)
  	Notify(SharpMUSH.Library.Models.SharpPlayer: SharpMUSH.Library.Models.SharpPlayer, *System.String: -1*, <null>, Announce)
  	Notify(SharpMUSH.Library.Models.SharpPlayer: SharpMUSH.Library.Models.SharpPlayer, *System.String: -1*, <null>, Announce)
  	Notify(SharpMUSH.Library.Models.SharpPlayer: SharpMUSH.Library.Models.SharpPlayer, *System.String: -1*, <null>, Announce)
  	Notify(SharpMUSH.Library.Models.SharpPlayer: SharpMUSH.Library.Models.SharpPlayer, *System.String: -1*, <null>, Announce)
  	Notify(SharpMUSH.Library.Models.SharpPlayer: SharpMUSH.Library.Models.SharpPlayer, *System.String: -1*, <null>, Announce)
  	Notify(SharpMUSH.Library.Models.SharpPlayer: SharpMUSH.Library.Models.SharpPlayer, *System.String: -1*, <null>, Announce)
  	Notify(SharpMUSH.Library.Models.SharpPlayer: SharpMUSH.Library.Models.SharpPlayer, *System.String: -1*, <null>, Announce)
  	Notify(SharpMUSH.Library.Models.SharpPlayer: SharpMUSH.Library.Models.SharpPlayer, *System.String: -1*, <null>, Announce)
  	Notify(SharpMUSH.Library.Models.SharpPlayer: SharpMUSH.Library.Models.SharpPlayer, *System.String: -1*, <null>, Announce)
  	Notify(SharpMUSH.Library.Models.SharpPlayer: SharpMUSH.Library.Models.SharpPlayer, *System.String: -1*, <null>, Announce)
  	Notify(SharpMUSH.Library.Models.SharpPlayer: SharpMUSH.Library.Models.SharpPlayer, *System.String: -1*, <null>, Announce)
  	Notify(SharpMUSH.Library.Models.SharpPlayer: SharpMUSH.Library.Models.SharpPlayer, *System.String: -1*, <null>, Announce)
  	Notify(SharpMUSH.Library.Models.SharpPlayer: SharpMUSH.Library.Models.SharpPlayer, *System.String: -1*, <null>, Announce)
  	Notify(SharpMUSH.Library.Models.SharpPlayer: SharpMUSH.Library.Models.SharpPlayer, *System.String: -1*, <null>, Announce)
  	Notify(SharpMUSH.Library.Models.SharpPlayer: SharpMUSH.Library.Models.SharpPlayer, *System.String: -1*, <null>, Announce)
  	Notify(SharpMUSH.Library.Models.SharpPlayer: SharpMUSH.Library.Models.SharpPlayer, *System.String: -1*, <null>, Announce)
  	Notify(SharpMUSH.Library.Models.SharpPlayer: SharpMUSH.Library.Models.SharpPlayer, *System.String: -1*, <null>, Announce)
  	Notify(SharpMUSH.Library.Models.SharpPlayer: SharpMUSH.Library.Models.SharpPlayer, *System.String: -1*, <null>, Announce)
  	Notify(SharpMUSH.Library.Models.SharpPlayer: SharpMUSH.Library.Models.SharpPlayer, *System.String: -1*, <null>, Announce)
  	Notify(SharpMUSH.Library.Models.SharpPlayer: SharpMUSH.Library.Models.SharpPlayer, *System.String: -1*, <null>, Announce)
  	Notify(SharpMUSH.Library.Models.SharpPlayer: SharpMUSH.Library.Models.SharpPlayer, *System.String: -1*, <null>, Announce)
  	Notify(SharpMUSH.Library.Models.SharpPlayer: SharpMUSH.Library.Models.SharpPlayer, *System.String: -1*, <null>, Announce)
  	Notify(SharpMUSH.Library.Models.SharpPlayer: SharpMUSH.Library.Models.SharpPlayer, *System.String: -1*, <null>, Announce)
  	Notify(SharpMUSH.Library.Models.SharpPlayer: SharpMUSH.Library.Models.SharpPlayer, *System.String: -1*, <null>, Announce)
  	Notify(SharpMUSH.Library.Models.SharpPlayer: SharpMUSH.Library.Models.SharpPlayer, *System.String: -1*, <null>, Announce)
  	Notify(SharpMUSH.Library.Models.SharpPlayer: SharpMUSH.Library.Models.SharpPlayer, *System.String: -1*, <null>, Announce)
  	Notify(SharpMUSH.Library.Models.SharpPlayer: SharpMUSH.Library.Models.SharpPlayer, *System.String: -1*, <null>, Announce)
  	Notify(SharpMUSH.Library.Models.SharpPlayer: SharpMUSH.Library.Models.SharpPlayer, *System.String: -1*, <null>, Announce)
  	Notify(SharpMUSH.Library.Models.SharpPlayer: SharpMUSH.Library.Models.SharpPlayer, *System.String: -1*, <null>, Announce)
  	Notify(SharpMUSH.Library.Models.SharpPlayer: SharpMUSH.Library.Models.SharpPlayer, *System.String: -1*, <null>, Announce)
  	Notify(SharpMUSH.Library.Models.SharpPlayer: SharpMUSH.Library.Models.SharpPlayer, *System.String: -1*, <null>, Announce)
  	Notify(SharpMUSH.Library.Models.SharpPlayer: SharpMUSH.Library.Models.SharpPlayer, *System.String: -1*, <null>, Announce)
  	Notify(SharpMUSH.Library.Models.SharpPlayer: SharpMUSH.Library.Models.SharpPlayer, *System.String: -1*, <null>, Announce)
  	Notify(SharpMUSH.Library.Models.SharpPlayer: SharpMUSH.Library.Models.SharpPlayer, *System.String: -1*, <null>, Announce)
  	Notify(SharpMUSH.Library.Models.SharpPlayer: SharpMUSH.Library.Models.SharpPlayer, *System.String: -1*, <null>, Announce)
  	Notify(SharpMUSH.Library.Models.SharpPlayer: SharpMUSH.Library.Models.SharpPlayer, *System.String: -1*, <null>, Announce)
  	Notify(SharpMUSH.Library.Models.SharpPlayer: SharpMUSH.Library.Models.SharpPlayer, *System.String: -1*, <null>, Announce)
  	Notify(SharpMUSH.Library.Models.SharpPlayer: SharpMUSH.Library.Models.SharpPlayer, *System.String: -1*, <null>, Announce)
  	Notify(SharpMUSH.Library.Models.SharpPlayer: SharpMUSH.Library.Models.SharpPlayer, *System.String: -1*, <null>, Announce)
  	Notify(SharpMUSH.Library.Models.SharpPlayer: SharpMUSH.Library.Models.SharpPlayer, *System.String: -1*, <null>, Announce)
  	Notify(SharpMUSH.Library.Models.SharpPlayer: SharpMUSH.Library.Models.SharpPlayer, *System.String: -1*, <null>, Announce)
  	Notify(SharpMUSH.Library.Models.SharpPlayer: SharpMUSH.Library.Models.SharpPlayer, *System.String: -1*, <null>, Announce)
  	Notify(SharpMUSH.Library.Models.SharpPlayer: SharpMUSH.Library.Models.SharpPlayer, *System.String: -1*, <null>, Announce)
  	Notify(SharpMUSH.Library.Models.SharpPlayer: SharpMUSH.Library.Models.SharpPlayer, *System.String: -1*, <null>, Announce)
  	Notify(SharpMUSH.Library.Models.SharpPlayer: SharpMUSH.Library.Models.SharpPlayer, *System.String: -1*, <null>, Announce)
  	Notify(SharpMUSH.Library.Models.SharpPlayer: SharpMUSH.Library.Models.SharpPlayer, *System.String: -1*, <null>, Announce)
  	Notify(SharpMUSH.Library.Models.SharpPlayer: SharpMUSH.Library.Models.SharpPlayer, *System.String: -1*, <null>, Announce)
  	Notify(SharpMUSH.Library.Models.SharpPlayer: SharpMUSH.Library.Models.SharpPlayer, *System.String: -1*, <null>, Announce)
  	Notify(SharpMUSH.Library.Models.SharpPlayer: SharpMUSH.Library.Models.SharpPlayer, *System.String: -1*, <null>, Announce)
  	Notify(SharpMUSH.Library.Models.SharpPlayer: SharpMUSH.Library.Models.SharpPlayer, *System.String: -1*, <null>, Announce)
  	Notify(SharpMUSH.Library.Models.SharpPlayer: SharpMUSH.Library.Models.SharpPlayer, *System.String: -1*, <null>, Announce)
  	Notify(SharpMUSH.Library.Models.SharpPlayer: SharpMUSH.Library.Models.SharpPlayer, *System.String: -1*, <null>, Announce)
  	Notify(SharpMUSH.Library.Models.SharpPlayer: SharpMUSH.Library.Models.SharpPlayer, *System.String: -1*, <null>, Announce)
  	Notify(SharpMUSH.Library.Models.SharpPlayer: SharpMUSH.Library.Models.SharpPlayer, *System.String: -1*, <null>, Announce)
  	Notify(SharpMUSH.Library.Models.SharpPlayer: SharpMUSH.Library.Models.SharpPlayer, *System.String: -1*, <null>, Announce)
  	Notify(SharpMUSH.Library.Models.SharpPlayer: SharpMUSH.Library.Models.SharpPlayer, *System.String: -1*, <null>, Announce)
  	Notify(SharpMUSH.Library.Models.SharpPlayer: SharpMUSH.Library.Models.SharpPlayer, *System.String: -1*, <null>, Announce)
  	Notify(SharpMUSH.Library.Models.SharpPlayer: SharpMUSH.Library.Models.SharpPlayer, *System.String: -1*, <null>, Announce)
  	Notify(SharpMUSH.Library.Models.SharpPlayer: SharpMUSH.Library.Models.SharpPlayer, *System.String: -1*, <null>, Announce)
  	Notify(SharpMUSH.Library.Models.SharpPlayer: SharpMUSH.Library.Models.SharpPlayer, *System.String: -1*, <null>, Announce)
  	Notify(SharpMUSH.Library.Models.SharpPlayer: SharpMUSH.Library.Models.SharpPlayer, *System.String: -1*, <null>, Announce)
  	Notify(SharpMUSH.Library.Models.SharpPlayer: SharpMUSH.Library.Models.SharpPlayer, *System.String: -1*, <null>, Announce)
  	Notify(SharpMUSH.Library.Models.SharpPlayer: SharpMUSH.Library.Models.SharpPlayer, *System.String: -1*, <null>, Announce)
  	Notify(SharpMUSH.Library.Models.SharpPlayer: SharpMUSH.Library.Models.SharpPlayer, *System.String: -1*, <null>, Announce)
  	Notify(SharpMUSH.Library.Models.SharpPlayer: SharpMUSH.Library.Models.SharpPlayer, *System.String: -1*, <null>, Announce)
  	Notify(SharpMUSH.Library.Models.SharpPlayer: SharpMUSH.Library.Models.SharpPlayer, *System.String: -1*, <null>, Announce)
  	Notify(SharpMUSH.Library.Models.SharpPlayer: SharpMUSH.Library.Models.SharpPlayer, *System.String: -1*, <null>, Announce)
  	Notify(SharpMUSH.Library.Models.SharpPlayer: SharpMUSH.Library.Models.SharpPlayer, *System.String: -1*, <null>, Announce)
  	Notify(SharpMUSH.Library.Models.SharpPlayer: SharpMUSH.Library.Models.SharpPlayer, *System.String: -1*, <null>, Announce)
  	Notify(SharpMUSH.Library.Models.SharpPlayer: SharpMUSH.Library.Models.SharpPlayer, *System.String: -1*, <null>, Announce)
  	Notify(SharpMUSH.Library.Models.SharpPlayer: SharpMUSH.Library.Models.SharpPlayer, *System.String: -1*, <null>, Announce)
  	Notify(SharpMUSH.Library.Models.SharpPlayer: SharpMUSH.Library.Models.SharpPlayer, *System.String: -1*, <null>, Announce)
  	Notify(SharpMUSH.Library.Models.SharpPlayer: SharpMUSH.Library.Models.SharpPlayer, *System.String: -1*, <null>, Announce)
  	Notify(SharpMUSH.Library.Models.SharpPlayer: SharpMUSH.Library.Models.SharpPlayer, *System.String: -1*, <null>, Announce)
  	Notify(SharpMUSH.Library.Models.SharpPlayer: SharpMUSH.Library.Models.SharpPlayer, *System.String: -1*, <null>, Announce)
  	Notify(SharpMUSH.Library.Models.SharpPlayer: SharpMUSH.Library.Models.SharpPlayer, *System.String: -1*, <null>, Announce)
  	Notify(SharpMUSH.Library.Models.SharpPlayer: SharpMUSH.Library.Models.SharpPlayer, *System.String: -1*, <null>, Announce)
  	Notify(SharpMUSH.Library.Models.SharpPlayer: SharpMUSH.Library.Models.SharpPlayer, *System.String: -1*, <null>, Announce)
  	Notify(SharpMUSH.Library.Models.SharpPlayer: SharpMUSH.Library.Models.SharpPlayer, *System.String: -1*, <null>, Announce)
  	Notify(SharpMUSH.Library.Models.SharpPlayer: SharpMUSH.Library.Models.SharpPlayer, *System.String: -1*, <null>, Announce)
  	Notify(SharpMUSH.Library.Models.SharpPlayer: SharpMUSH.Library.Models.SharpPlayer, *System.String: -1*, <null>, Announce)
  	Notify(SharpMUSH.Library.Models.SharpPlayer: SharpMUSH.Library.Models.SharpPlayer, *System.String: -1*, <null>, Announce)
  	Notify(SharpMUSH.Library.Models.SharpPlayer: SharpMUSH.Library.Models.SharpPlayer, *System.String: -1*, <null>, Announce)
  	Notify(SharpMUSH.Library.Models.SharpPlayer: SharpMUSH.Library.Models.SharpPlayer, *System.String: -1*, <null>, Announce)
  	Notify(SharpMUSH.Library.Models.SharpPlayer: SharpMUSH.Library.Models.SharpPlayer, *System.String: -1*, <null>, Announce)
  	Notify(SharpMUSH.Library.Models.SharpPlayer: SharpMUSH.Library.Models.SharpPlayer, *System.String: -1*, <null>, Announce)
  	Notify(SharpMUSH.Library.Models.SharpPlayer: SharpMUSH.Library.Models.SharpPlayer, *System.String: -1*, <null>, Announce)
  	Notify(SharpMUSH.Library.Models.SharpPlayer: SharpMUSH.Library.Models.SharpPlayer, *System.String: -1*, <null>, Announce)
  	Notify(SharpMUSH.Library.Models.SharpPlayer: SharpMUSH.Library.Models.SharpPlayer, *System.String: -1*, <null>, Announce)
  	Notify(SharpMUSH.Library.Models.SharpPlayer: SharpMUSH.Library.Models.SharpPlayer, *System.String: -1*, <null>, Announce)
  	Notify(SharpMUSH.Library.Models.SharpPlayer: SharpMUSH.Library.Models.SharpPlayer, *System.String: -1*, <null>, Announce)
  	Notify(SharpMUSH.Library.Models.SharpPlayer: SharpMUSH.Library.Models.SharpPlayer, *System.String: -1*, <null>, Announce)
  	Notify(SharpMUSH.Library.Models.SharpPlayer: SharpMUSH.Library.Models.SharpPlayer, *System.String: -1*, <null>, Announce)
  	Notify(SharpMUSH.Library.Models.SharpPlayer: SharpMUSH.Library.Models.SharpPlayer, *System.String: -1*, <null>, Announce)
  	Notify(SharpMUSH.Library.Models.SharpPlayer: SharpMUSH.Library.Models.SharpPlayer, *System.String: -1*, <null>, Announce)
  	Notify(SharpMUSH.Library.Models.SharpPlayer: SharpMUSH.Library.Models.SharpPlayer, *System.String: -1*, <null>, Announce)
  	Notify(SharpMUSH.Library.Models.SharpPlayer: SharpMUSH.Library.Models.SharpPlayer, *System.String: -1*, <null>, Announce)
  	Notify(SharpMUSH.Library.Models.SharpPlayer: SharpMUSH.Library.Models.SharpPlayer, *System.String: -1*, <null>, Announce)
  	Notify(SharpMUSH.Library.Models.SharpPlayer: SharpMUSH.Library.Models.SharpPlayer, *System.String: -1*, <null>, Announce)
  	Notify(SharpMUSH.Library.Models.SharpPlayer: SharpMUSH.Library.Models.SharpPlayer, *System.String: -1*, <null>, Announce)
  	Notify(SharpMUSH.Library.Models.SharpPlayer: SharpMUSH.Library.Models.SharpPlayer, *System.String: -1*, <null>, Announce)
  	Notify(SharpMUSH.Library.Models.SharpPlayer: SharpMUSH.Library.Models.SharpPlayer, *System.String: -1*, <null>, Announce)
  	Notify(SharpMUSH.Library.Models.SharpPlayer: SharpMUSH.Library.Models.SharpPlayer, *System.String: -1*, <null>, Announce)
  	Notify(SharpMUSH.Library.Models.SharpPlayer: SharpMUSH.Library.Models.SharpPlayer, *System.String: -1*, <null>, Announce)
  	Notify(SharpMUSH.Library.Models.SharpPlayer: SharpMUSH.Library.Models.SharpPlayer, *System.String: -1*, <null>, Announce)
  	Notify(SharpMUSH.Library.Models.SharpPlayer: SharpMUSH.Library.Models.SharpPlayer, *System.String: -1*, <null>, Announce)
  	Notify(SharpMUSH.Library.Models.SharpPlayer: SharpMUSH.Library.Models.SharpPlayer, *System.String: -1*, <null>, Announce)
  	Notify(SharpMUSH.Library.Models.SharpPlayer: SharpMUSH.Library.Models.SharpPlayer, *System.String: -1*, <null>, Announce)
  	Notify(SharpMUSH.Library.Models.SharpPlayer: SharpMUSH.Library.Models.SharpPlayer, *System.String: -1*, <null>, Announce)
  	Notify(SharpMUSH.Library.Models.SharpPlayer: SharpMUSH.Library.Models.SharpPlayer, *System.String: -1*, <null>, Announce)
  	Notify(SharpMUSH.Library.Models.SharpPlayer: SharpMUSH.Library.Models.SharpPlayer, *System.String: -1*, <null>, Announce)
  	Notify(SharpMUSH.Library.Models.SharpPlayer: SharpMUSH.Library.Models.SharpPlayer, *System.String: -1*, <null>, Announce)
  	Notify(SharpMUSH.Library.Models.SharpPlayer: SharpMUSH.Library.Models.SharpPlayer, *System.String: -1*, <null>, Announce)
  	Notify(SharpMUSH.Library.Models.SharpPlayer: SharpMUSH.Library.Models.SharpPlayer, *System.String: -1*, <null>, Announce)
  	Notify(SharpMUSH.Library.Models.SharpPlayer: SharpMUSH.Library.Models.SharpPlayer, *System.String: -1*, <null>, Announce)
  	Notify(SharpMUSH.Library.Models.SharpPlayer: SharpMUSH.Library.Models.SharpPlayer, *System.String: -1*, <null>, Announce)
  	Notify(SharpMUSH.Library.Models.SharpPlayer: SharpMUSH.Library.Models.SharpPlayer, *System.String: -1*, <null>, Announce)
  	Notify(SharpMUSH.Library.Models.SharpPlayer: SharpMUSH.Library.Models.SharpPlayer, *System.String: -1*, <null>, Announce)
  	Notify(SharpMUSH.Library.Models.SharpPlayer: SharpMUSH.Library.Models.SharpPlayer, *System.String: -1*, <null>, Announce)
  	Notify(SharpMUSH.Library.Models.SharpPlayer: SharpMUSH.Library.Models.SharpPlayer, *System.String: -1*, <null>, Announce)
  	Notify(SharpMUSH.Library.Models.SharpPlayer: SharpMUSH.Library.Models.SharpPlayer, *System.String: -1*, <null>, Announce)
  	Notify(SharpMUSH.Library.Models.SharpPlayer: SharpMUSH.Library.Models.SharpPlayer, *System.String: -1*, <null>, Announce)
  	Notify(SharpMUSH.Library.Models.SharpPlayer: SharpMUSH.Library.Models.SharpPlayer, *System.String: -1*, <null>, Announce)
  	Notify(SharpMUSH.Library.Models.SharpPlayer: SharpMUSH.Library.Models.SharpPlayer, *System.String: -1*, <null>, Announce)
  	Notify(SharpMUSH.Library.Models.SharpPlayer: SharpMUSH.Library.Models.SharpPlayer, *System.String: -1*, <null>, Announce)
  	Notify(SharpMUSH.Library.Models.SharpPlayer: SharpMUSH.Library.Models.SharpPlayer, *System.String: -1*, <null>, Announce)
  	Notify(SharpMUSH.Library.Models.SharpPlayer: SharpMUSH.Library.Models.SharpPlayer, *System.String: -1*, <null>, Announce)
  	Notify(SharpMUSH.Library.Models.SharpPlayer: SharpMUSH.Library.Models.SharpPlayer, *System.String: -1*, <null>, Announce)
  	Notify(SharpMUSH.Library.Models.SharpPlayer: SharpMUSH.Library.Models.SharpPlayer, *System.String: -1*, <null>, Announce)
  	Notify(SharpMUSH.Library.Models.SharpPlayer: SharpMUSH.Library.Models.SharpPlayer, *System.String: -1*, <null>, Announce)
  	Notify(SharpMUSH.Library.Models.SharpPlayer: SharpMUSH.Library.Models.SharpPlayer, *System.String: -1*, <null>, Announce)
  	Notify(SharpMUSH.Library.Models.SharpPlayer: SharpMUSH.Library.Models.SharpPlayer, *System.String: -1*, <null>, Announce)
  	Notify(SharpMUSH.Library.Models.SharpPlayer: SharpMUSH.Library.Models.SharpPlayer, *System.String: -1*, <null>, Announce)
  	Notify(SharpMUSH.Library.Models.SharpPlayer: SharpMUSH.Library.Models.SharpPlayer, *System.String: -1*, <null>, Announce)
  	Notify(SharpMUSH.Library.Models.SharpPlayer: SharpMUSH.Library.Models.SharpPlayer, *System.String: -1*, <null>, Announce)
  	Notify(SharpMUSH.Library.Models.SharpPlayer: SharpMUSH.Library.Models.SharpPlayer, *System.String: -1*, <null>, Announce)
  	Notify(SharpMUSH.Library.Models.SharpPlayer: SharpMUSH.Library.Models.SharpPlayer, *System.String: -1*, <null>, Announce)
  	Notify(SharpMUSH.Library.Models.SharpPlayer: SharpMUSH.Library.Models.SharpPlayer, *System.String: -1*, <null>, Announce)
  	Notify(SharpMUSH.Library.Models.SharpPlayer: SharpMUSH.Library.Models.SharpPlayer, *System.String: -1*, <null>, Announce)
  	Notify(SharpMUSH.Library.Models.SharpPlayer: SharpMUSH.Library.Models.SharpPlayer, *System.String: -1*, <null>, Announce)
  	Notify(SharpMUSH.Library.Models.SharpPlayer: SharpMUSH.Library.Models.SharpPlayer, *System.String: -1*, <null>, Announce)
  	Notify(SharpMUSH.Library.Models.SharpPlayer: SharpMUSH.Library.Models.SharpPlayer, *System.String: -1*, <null>, Announce)
  	Notify(SharpMUSH.Library.Models.SharpPlayer: SharpMUSH.Library.Models.SharpPlayer, *System.String: -1*, <null>, Announce)
  	Notify(SharpMUSH.Library.Models.SharpPlayer: SharpMUSH.Library.Models.SharpPlayer, *System.String: -1*, <null>, Announce)
  	Notify(SharpMUSH.Library.Models.SharpPlayer: SharpMUSH.Library.Models.SharpPlayer, *System.String: -1*, <null>, Announce)
  	Notify(SharpMUSH.Library.Models.SharpPlayer: SharpMUSH.Library.Models.SharpPlayer, *System.String: -1*, <null>, Announce)
  	Notify(SharpMUSH.Library.Models.SharpPlayer: SharpMUSH.Library.Models.SharpPlayer, *System.String: -1*, <null>, Announce)
  	Notify(SharpMUSH.Library.Models.SharpPlayer: SharpMUSH.Library.Models.SharpPlayer, *System.String: -1*, <null>, Announce)
  	Notify(SharpMUSH.Library.Models.SharpPlayer: SharpMUSH.Library.Models.SharpPlayer, *System.String: -1*, <null>, Announce)
  	Notify(SharpMUSH.Library.Models.SharpPlayer: SharpMUSH.Library.Models.SharpPlayer, *System.String: -1*, <null>, Announce)
  	Notify(SharpMUSH.Library.Models.SharpPlayer: SharpMUSH.Library.Models.SharpPlayer, *System.String: -1*, <null>, Announce)
  	Notify(SharpMUSH.Library.Models.SharpPlayer: SharpMUSH.Library.Models.SharpPlayer, *System.String: -1*, <null>, Announce)
  	Notify(SharpMUSH.Library.Models.SharpPlayer: SharpMUSH.Library.Models.SharpPlayer, *System.String: -1*, <null>, Announce)
  	Notify(SharpMUSH.Library.Models.SharpPlayer: SharpMUSH.Library.Models.SharpPlayer, *System.String: -1*, <null>, Announce)
  	Notify(SharpMUSH.Library.Models.SharpPlayer: SharpMUSH.Library.Models.SharpPlayer, *System.String: -1*, <null>, Announce)
  	Notify(SharpMUSH.Library.Models.SharpPlayer: SharpMUSH.Library.Models.SharpPlayer, *System.String: -1*, <null>, Announce)
  	Notify(SharpMUSH.Library.Models.SharpPlayer: SharpMUSH.Library.Models.SharpPlayer, *System.String: -1*, <null>, Announce)
  	Notify(SharpMUSH.Library.Models.SharpPlayer: SharpMUSH.Library.Models.SharpPlayer, *System.String: -1*, <null>, Announce)
  	Notify(SharpMUSH.Library.Models.SharpPlayer: SharpMUSH.Library.Models.SharpPlayer, *System.String: -1*, <null>, Announce)
  	Notify(SharpMUSH.Library.Models.SharpPlayer: SharpMUSH.Library.Models.SharpPlayer, *System.String: -1*, <null>, Announce)
  	Notify(SharpMUSH.Library.Models.SharpPlayer: SharpMUSH.Library.Models.SharpPlayer, *System.String: -1*, <null>, Announce)
  	Notify(SharpMUSH.Library.Models.SharpPlayer: SharpMUSH.Library.Models.SharpPlayer, *System.String: -1*, <null>, Announce)
  	Notify(SharpMUSH.Library.Models.SharpPlayer: SharpMUSH.Library.Models.SharpPlayer, *System.String: -1*, <null>, Announce)
  	Notify(SharpMUSH.Library.Models.SharpPlayer: SharpMUSH.Library.Models.SharpPlayer, *System.String: -1*, <null>, Announce)
  	Notify(SharpMUSH.Library.Models.SharpPlayer: SharpMUSH.Library.Models.SharpPlayer, *System.String: -1*, <null>, Announce)
  	Notify(SharpMUSH.Library.Models.SharpPlayer: SharpMUSH.Library.Models.SharpPlayer, *System.String: -1*, <null>, Announce)
  	Notify(SharpMUSH.Library.Models.SharpPlayer: SharpMUSH.Library.Models.SharpPlayer, *System.String: -1*, <null>, Announce)
  	Notify(SharpMUSH.Library.Models.SharpPlayer: SharpMUSH.Library.Models.SharpPlayer, *System.String: -1*, <null>, Announce)
  	Notify(SharpMUSH.Library.Models.SharpPlayer: SharpMUSH.Library.Models.SharpPlayer, *System.String: -1*, <null>, Announce)
  	Notify(SharpMUSH.Library.Models.SharpPlayer: SharpMUSH.Library.Models.SharpPlayer, *System.String: -1*, <null>, Announce)
  	Notify(SharpMUSH.Library.Models.SharpPlayer: SharpMUSH.Library.Models.SharpPlayer, *System.String: -1*, <null>, Announce)
  	Notify(SharpMUSH.Library.Models.SharpPlayer: SharpMUSH.Library.Models.SharpPlayer, *System.String: -1*, <null>, Announce)
  	Notify(SharpMUSH.Library.Models.SharpPlayer: SharpMUSH.Library.Models.SharpPlayer, *System.String: -1*, <null>, Announce)
  	Notify(SharpMUSH.Library.Models.SharpPlayer: SharpMUSH.Library.Models.SharpPlayer, *System.String: -1*, <null>, Announce)
  	Notify(SharpMUSH.Library.Models.SharpPlayer: SharpMUSH.Library.Models.SharpPlayer, *System.String: -1*, <null>, Announce)
  	Notify(SharpMUSH.Library.Models.SharpPlayer: SharpMUSH.Library.Models.SharpPlayer, *System.String: -1*, <null>, Announce)
  	Notify(SharpMUSH.Library.Models.SharpPlayer: SharpMUSH.Library.Models.SharpPlayer, *System.String: -1*, <null>, Announce)
  	Notify(SharpMUSH.Library.Models.SharpPlayer: SharpMUSH.Library.Models.SharpPlayer, *System.String: -1*, <null>, Announce)
  	Notify(SharpMUSH.Library.Models.SharpPlayer: SharpMUSH.Library.Models.SharpPlayer, *System.String: -1*, <null>, Announce)
  	Notify(SharpMUSH.Library.Models.SharpPlayer: SharpMUSH.Library.Models.SharpPlayer, *System.String: -1*, <null>, Announce)
  	Notify(SharpMUSH.Library.Models.SharpPlayer: SharpMUSH.Library.Models.SharpPlayer, *System.String: -1*, <null>, Announce)
  	Notify(SharpMUSH.Library.Models.SharpPlayer: SharpMUSH.Library.Models.SharpPlayer, *System.String: -1*, <null>, Announce)
  	Notify(SharpMUSH.Library.Models.SharpPlayer: SharpMUSH.Library.Models.SharpPlayer, *System.String: -1*, <null>, Announce)
  	Notify(SharpMUSH.Library.Models.SharpPlayer: SharpMUSH.Library.Models.SharpPlayer, *System.String: -1*, <null>, Announce)
  	Notify(SharpMUSH.Library.Models.SharpPlayer: SharpMUSH.Library.Models.SharpPlayer, *System.String: -1*, <null>, Announce)
  	Notify(SharpMUSH.Library.Models.SharpPlayer: SharpMUSH.Library.Models.SharpPlayer, *System.String: -1*, <null>, Announce)
  	Notify(SharpMUSH.Library.Models.SharpPlayer: SharpMUSH.Library.Models.SharpPlayer, *System.String: -1*, <null>, Announce)
  	Notify(SharpMUSH.Library.Models.SharpPlayer: SharpMUSH.Library.Models.SharpPlayer, *System.String: -1*, <null>, Announce)
  	Notify(SharpMUSH.Library.Models.SharpPlayer: SharpMUSH.Library.Models.SharpPlayer, *System.String: -1*, <null>, Announce)
  	Notify(SharpMUSH.Library.Models.SharpPlayer: SharpMUSH.Library.Models.SharpPlayer, *System.String: -1*, <null>, Announce)
  	Notify(SharpMUSH.Library.Models.SharpPlayer: SharpMUSH.Library.Models.SharpPlayer, *System.String: -1*, <null>, Announce)
  	Notify(SharpMUSH.Library.Models.SharpPlayer: SharpMUSH.Library.Models.SharpPlayer, *System.String: -1*, <null>, Announce)
  	Notify(SharpMUSH.Library.Models.SharpPlayer: SharpMUSH.Library.Models.SharpPlayer, *System.String: -1*, <null>, Announce)
  	Notify(SharpMUSH.Library.Models.SharpPlayer: SharpMUSH.Library.Models.SharpPlayer, *System.String: -1*, <null>, Announce)
  	Notify(SharpMUSH.Library.Models.SharpPlayer: SharpMUSH.Library.Models.SharpPlayer, *System.String: -1*, <null>, Announce)
  	Notify(SharpMUSH.Library.Models.SharpPlayer: SharpMUSH.Library.Models.SharpPlayer, *System.String: -1*, <null>, Announce)
  	Notify(SharpMUSH.Library.Models.SharpPlayer: SharpMUSH.Library.Models.SharpPlayer, *System.String: -1*, <null>, Announce)
  	Notify(SharpMUSH.Library.Models.SharpPlayer: SharpMUSH.Library.Models.SharpPlayer, *System.String: -1*, <null>, Announce)
  	Notify(SharpMUSH.Library.Models.SharpPlayer: SharpMUSH.Library.Models.SharpPlayer, *System.String: -1*, <null>, Announce)
  	Notify(SharpMUSH.Library.Models.SharpPlayer: SharpMUSH.Library.Models.SharpPlayer, *System.String: -1*, <null>, Announce)
  	Notify(SharpMUSH.Library.Models.SharpPlayer: SharpMUSH.Library.Models.SharpPlayer, *System.String: -1*, <null>, Announce)
  	Notify(SharpMUSH.Library.Models.SharpPlayer: SharpMUSH.Library.Models.SharpPlayer, *System.String: -1*, <null>, Announce)
  	Notify(SharpMUSH.Library.Models.SharpPlayer: SharpMUSH.Library.Models.SharpPlayer, *System.String: -1*, <null>, Announce)
  	Notify(SharpMUSH.Library.Models.SharpPlayer: SharpMUSH.Library.Models.SharpPlayer, *System.String: -1*, <null>, Announce)
  	Notify(SharpMUSH.Library.Models.SharpPlayer: SharpMUSH.Library.Models.SharpPlayer, *System.String: -1*, <null>, Announce)
  	Notify(SharpMUSH.Library.Models.SharpPlayer: SharpMUSH.Library.Models.SharpPlayer, *System.String: -1*, <null>, Announce)
  	Notify(SharpMUSH.Library.Models.SharpPlayer: SharpMUSH.Library.Models.SharpPlayer, *System.String: -1*, <null>, Announce)
  	Notify(SharpMUSH.Library.Models.SharpPlayer: SharpMUSH.Library.Models.SharpPlayer, *System.String: -1*, <null>, Announce)
  	Notify(SharpMUSH.Library.Models.SharpPlayer: SharpMUSH.Library.Models.SharpPlayer, *System.String: -1*, <null>, Announce)
  	Notify(SharpMUSH.Library.Models.SharpPlayer: SharpMUSH.Library.Models.SharpPlayer, *System.String: -1*, <null>, Announce)
  	Notify(SharpMUSH.Library.Models.SharpPlayer: SharpMUSH.Library.Models.SharpPlayer, *System.String: -1*, <null>, Announce)
  	Notify(SharpMUSH.Library.Models.SharpPlayer: SharpMUSH.Library.Models.SharpPlayer, *System.String: -1*, <null>, Announce)
  	Notify(SharpMUSH.Library.Models.SharpPlayer: SharpMUSH.Library.Models.SharpPlayer, *System.String: -1*, <null>, Announce)
  	Notify(SharpMUSH.Library.Models.SharpPlayer: SharpMUSH.Library.Models.SharpPlayer, *System.String: -1*, <null>, Announce)
  	Notify(SharpMUSH.Library.Models.SharpPlayer: SharpMUSH.Library.Models.SharpPlayer, *System.String: -1*, <null>, Announce)
  	Notify(SharpMUSH.Library.Models.SharpPlayer: SharpMUSH.Library.Models.SharpPlayer, *System.String: -1*, <null>, Announce)
  	Notify(SharpMUSH.Library.Models.SharpPlayer: SharpMUSH.Library.Models.SharpPlayer, *System.String: -1*, <null>, Announce)
  	Notify(SharpMUSH.Library.Models.SharpPlayer: SharpMUSH.Library.Models.SharpPlayer, *System.String: -1*, <null>, Announce)
  	Notify(SharpMUSH.Library.Models.SharpPlayer: SharpMUSH.Library.Models.SharpPlayer, *System.String: -1*, <null>, Announce)
  	Notify(SharpMUSH.Library.Models.SharpPlayer: SharpMUSH.Library.Models.SharpPlayer, *System.String: -1*, <null>, Announce)
  	Notify(SharpMUSH.Library.Models.SharpPlayer: SharpMUSH.Library.Models.SharpPlayer, *System.String: -1*, <null>, Announce)
  	Notify(SharpMUSH.Library.Models.SharpPlayer: SharpMUSH.Library.Models.SharpPlayer, *System.String: -1*, <null>, Announce)
  	Notify(SharpMUSH.Library.Models.SharpPlayer: SharpMUSH.Library.Models.SharpPlayer, *System.String: -1*, <null>, Announce)
  	Notify(SharpMUSH.Library.Models.SharpPlayer: SharpMUSH.Library.Models.SharpPlayer, *System.String: -1*, <null>, Announce)
  	Notify(SharpMUSH.Library.Models.SharpPlayer: SharpMUSH.Library.Models.SharpPlayer, *System.String: -1*, <null>, Announce)
  	Notify(SharpMUSH.Library.Models.SharpPlayer: SharpMUSH.Library.Models.SharpPlayer, *System.String: -1*, <null>, Announce)
  	Notify(SharpMUSH.Library.Models.SharpPlayer: SharpMUSH.Library.Models.SharpPlayer, *System.String: -1*, <null>, Announce)
  	Notify(SharpMUSH.Library.Models.SharpPlayer: SharpMUSH.Library.Models.SharpPlayer, *System.String: -1*, <null>, Announce)
  	Notify(SharpMUSH.Library.Models.SharpPlayer: SharpMUSH.Library.Models.SharpPlayer, *System.String: -1*, <null>, Announce)
  	Notify(SharpMUSH.Library.Models.SharpPlayer: SharpMUSH.Library.Models.SharpPlayer, *System.String: -1*, <null>, Announce)
  	Notify(SharpMUSH.Library.Models.SharpPlayer: SharpMUSH.Library.Models.SharpPlayer, *System.String: -1*, <null>, Announce)
  	Notify(SharpMUSH.Library.Models.SharpPlayer: SharpMUSH.Library.Models.SharpPlayer, *System.String: -1*, <null>, Announce)
  	Notify(SharpMUSH.Library.Models.SharpPlayer: SharpMUSH.Library.Models.SharpPlayer, *System.String: -1*, <null>, Announce)
  	Notify(SharpMUSH.Library.Models.SharpPlayer: SharpMUSH.Library.Models.SharpPlayer, *System.String: -1*, <null>, Announce)
  	Notify(SharpMUSH.Library.Models.SharpPlayer: SharpMUSH.Library.Models.SharpPlayer, *System.String: -1*, <null>, Announce)
  	Notify(SharpMUSH.Library.Models.SharpPlayer: SharpMUSH.Library.Models.SharpPlayer, *System.String: -1*, <null>, Announce)
  	Notify(SharpMUSH.Library.Models.SharpPlayer: SharpMUSH.Library.Models.SharpPlayer, *System.String: -1*, <null>, Announce)
  	Notify(SharpMUSH.Library.Models.SharpPlayer: SharpMUSH.Library.Models.SharpPlayer, *System.String: -1*, <null>, Announce)
  	Notify(SharpMUSH.Library.Models.SharpPlayer: SharpMUSH.Library.Models.SharpPlayer, *System.String: -1*, <null>, Announce)
  	Notify(SharpMUSH.Library.Models.SharpPlayer: SharpMUSH.Library.Models.SharpPlayer, *System.String: -1*, <null>, Announce)
  	Notify(SharpMUSH.Library.Models.SharpPlayer: SharpMUSH.Library.Models.SharpPlayer, *System.String: -1*, <null>, Announce)
  	Notify(SharpMUSH.Library.Models.SharpPlayer: SharpMUSH.Library.Models.SharpPlayer, *System.String: -1*, <null>, Announce)
  	Notify(SharpMUSH.Library.Models.SharpPlayer: SharpMUSH.Library.Models.SharpPlayer, *System.String: -1*, <null>, Announce)
  	Notify(SharpMUSH.Library.Models.SharpPlayer: SharpMUSH.Library.Models.SharpPlayer, *System.String: -1*, <null>, Announce)
  	Notify(SharpMUSH.Library.Models.SharpPlayer: SharpMUSH.Library.Models.SharpPlayer, *System.String: -1*, <null>, Announce)
  	Notify(SharpMUSH.Library.Models.SharpPlayer: SharpMUSH.Library.Models.SharpPlayer, *System.String: -1*, <null>, Announce)
  	Notify(SharpMUSH.Library.Models.SharpPlayer: SharpMUSH.Library.Models.SharpPlayer, *System.String: -1*, <null>, Announce)
  	Notify(SharpMUSH.Library.Models.SharpPlayer: SharpMUSH.Library.Models.SharpPlayer, *System.String: -1*, <null>, Announce)
  	Notify(SharpMUSH.Library.Models.SharpPlayer: SharpMUSH.Library.Models.SharpPlayer, *System.String: -1*, <null>, Announce)
  	Notify(SharpMUSH.Library.Models.SharpPlayer: SharpMUSH.Library.Models.SharpPlayer, *System.String: -1*, <null>, Announce)
  	Notify(SharpMUSH.Library.Models.SharpPlayer: SharpMUSH.Library.Models.SharpPlayer, *System.String: -1*, <null>, Announce)
  	Notify(SharpMUSH.Library.Models.SharpPlayer: SharpMUSH.Library.Models.SharpPlayer, *System.String: -1*, <null>, Announce)
  	Notify(SharpMUSH.Library.Models.SharpPlayer: SharpMUSH.Library.Models.SharpPlayer, *System.String: -1*, <null>, Announce)
  	Notify(SharpMUSH.Library.Models.SharpPlayer: SharpMUSH.Library.Models.SharpPlayer, *System.String: -1*, <null>, Announce)
  	Notify(SharpMUSH.Library.Models.SharpPlayer: SharpMUSH.Library.Models.SharpPlayer, *System.String: -1*, <null>, Announce)
  	Notify(SharpMUSH.Library.Models.SharpPlayer: SharpMUSH.Library.Models.SharpPlayer, *System.String: -1*, <null>, Announce)
  	Notify(SharpMUSH.Library.Models.SharpPlayer: SharpMUSH.Library.Models.SharpPlayer, *System.String: -1*, <null>, Announce)
  	Notify(SharpMUSH.Library.Models.SharpPlayer: SharpMUSH.Library.Models.SharpPlayer, *System.String: -1*, <null>, Announce)
  	Notify(SharpMUSH.Library.Models.SharpPlayer: SharpMUSH.Library.Models.SharpPlayer, *System.String: -1*, <null>, Announce)
  	Notify(SharpMUSH.Library.Models.SharpPlayer: SharpMUSH.Library.Models.SharpPlayer, *System.String: -1*, <null>, Announce)
  	Notify(SharpMUSH.Library.Models.SharpPlayer: SharpMUSH.Library.Models.SharpPlayer, *System.String: -1*, <null>, Announce)
  	Notify(SharpMUSH.Library.Models.SharpPlayer: SharpMUSH.Library.Models.SharpPlayer, *System.String: -1*, <null>, Announce)
  	Notify(SharpMUSH.Library.Models.SharpPlayer: SharpMUSH.Library.Models.SharpPlayer, *System.String: -1*, <null>, Announce)
  	Notify(SharpMUSH.Library.Models.SharpPlayer: SharpMUSH.Library.Models.SharpPlayer, *System.String: -1*, <null>, Announce)
  	Notify(SharpMUSH.Library.Models.SharpPlayer: SharpMUSH.Library.Models.SharpPlayer, *System.String: -1*, <null>, Announce)
  	Notify(SharpMUSH.Library.Models.SharpPlayer: SharpMUSH.Library.Models.SharpPlayer, *System.String: -1*, <null>, Announce)
  	Notify(SharpMUSH.Library.Models.SharpPlayer: SharpMUSH.Library.Models.SharpPlayer, *System.String: -1*, <null>, Announce)
  	Notify(SharpMUSH.Library.Models.SharpPlayer: SharpMUSH.Library.Models.SharpPlayer, *System.String: -1*, <null>, Announce)
  	Notify(SharpMUSH.Library.Models.SharpPlayer: SharpMUSH.Library.Models.SharpPlayer, *System.String: -1*, <null>, Announce)
  	Notify(SharpMUSH.Library.Models.SharpPlayer: SharpMUSH.Library.Models.SharpPlayer, *System.String: -1*, <null>, Announce)
  	Notify(SharpMUSH.Library.Models.SharpPlayer: SharpMUSH.Library.Models.SharpPlayer, *System.String: -1*, <null>, Announce)
  	Notify(SharpMUSH.Library.Models.SharpPlayer: SharpMUSH.Library.Models.SharpPlayer, *System.String: -1*, <null>, Announce)
  	Notify(SharpMUSH.Library.Models.SharpPlayer: SharpMUSH.Library.Models.SharpPlayer, *System.String: -1*, <null>, Announce)
  	Notify(SharpMUSH.Library.Models.SharpPlayer: SharpMUSH.Library.Models.SharpPlayer, *System.String: -1*, <null>, Announce)
  	Notify(SharpMUSH.Library.Models.SharpPlayer: SharpMUSH.Library.Models.SharpPlayer, *System.String: -1*, <null>, Announce)
  	Notify(SharpMUSH.Library.Models.SharpPlayer: SharpMUSH.Library.Models.SharpPlayer, *System.String: -1*, <null>, Announce)
  	Notify(SharpMUSH.Library.Models.SharpPlayer: SharpMUSH.Library.Models.SharpPlayer, *System.String: -1*, <null>, Announce)
  	Notify(SharpMUSH.Library.Models.SharpPlayer: SharpMUSH.Library.Models.SharpPlayer, *System.String: -1*, <null>, Announce)
  	Notify(SharpMUSH.Library.Models.SharpPlayer: SharpMUSH.Library.Models.SharpPlayer, *System.String: -1*, <null>, Announce)
  	Notify(SharpMUSH.Library.Models.SharpPlayer: SharpMUSH.Library.Models.SharpPlayer, *System.String: -1*, <null>, Announce)
  	Notify(SharpMUSH.Library.Models.SharpPlayer: SharpMUSH.Library.Models.SharpPlayer, *System.String: -1*, <null>, Announce)
  	Notify(SharpMUSH.Library.Models.SharpPlayer: SharpMUSH.Library.Models.SharpPlayer, *System.String: -1*, <null>, Announce)
  	Notify(SharpMUSH.Library.Models.SharpPlayer: SharpMUSH.Library.Models.SharpPlayer, *System.String: -1*, <null>, Announce)
  	Notify(SharpMUSH.Library.Models.SharpPlayer: SharpMUSH.Library.Models.SharpPlayer, *System.String: -1*, <null>, Announce)
  	Notify(SharpMUSH.Library.Models.SharpPlayer: SharpMUSH.Library.Models.SharpPlayer, *System.String: -1*, <null>, Announce)
  	Notify(SharpMUSH.Library.Models.SharpPlayer: SharpMUSH.Library.Models.SharpPlayer, *System.String: -1*, <null>, Announce)
  	Notify(SharpMUSH.Library.Models.SharpPlayer: SharpMUSH.Library.Models.SharpPlayer, *System.String: -1*, <null>, Announce)
  	Notify(SharpMUSH.Library.Models.SharpPlayer: SharpMUSH.Library.Models.SharpPlayer, *System.String: -1*, <null>, Announce)
  	Notify(SharpMUSH.Library.Models.SharpPlayer: SharpMUSH.Library.Models.SharpPlayer, *System.String: -1*, <null>, Announce)
  	Notify(SharpMUSH.Library.Models.SharpPlayer: SharpMUSH.Library.Models.SharpPlayer, *System.String: -1*, <null>, Announce)
  	Notify(SharpMUSH.Library.Models.SharpPlayer: SharpMUSH.Library.Models.SharpPlayer, *System.String: -1*, <null>, Announce)
  	Notify(SharpMUSH.Library.Models.SharpPlayer: SharpMUSH.Library.Models.SharpPlayer, *System.String: -1*, <null>, Announce)
  	Notify(SharpMUSH.Library.Models.SharpPlayer: SharpMUSH.Library.Models.SharpPlayer, *System.String: -1*, <null>, Announce)
  	Notify(SharpMUSH.Library.Models.SharpPlayer: SharpMUSH.Library.Models.SharpPlayer, *System.String: -1*, <null>, Announce)
  	Notify(SharpMUSH.Library.Models.SharpPlayer: SharpMUSH.Library.Models.SharpPlayer, *System.String: -1*, <null>, Announce)
  	Notify(SharpMUSH.Library.Models.SharpPlayer: SharpMUSH.Library.Models.SharpPlayer, *System.String: -1*, <null>, Announce)
  	Notify(SharpMUSH.Library.Models.SharpPlayer: SharpMUSH.Library.Models.SharpPlayer, *System.String: -1*, <null>, Announce)
  	Notify(SharpMUSH.Library.Models.SharpPlayer: SharpMUSH.Library.Models.SharpPlayer, *System.String: -1*, <null>, Announce)
  	Notify(SharpMUSH.Library.Models.SharpPlayer: SharpMUSH.Library.Models.SharpPlayer, *System.String: -1*, <null>, Announce)
  	Notify(SharpMUSH.Library.Models.SharpPlayer: SharpMUSH.Library.Models.SharpPlayer, *System.String: -1*, <null>, Announce)
  	Notify(SharpMUSH.Library.Models.SharpPlayer: SharpMUSH.Library.Models.SharpPlayer, *System.String: -1*, <null>, Announce)
  	Notify(SharpMUSH.Library.Models.SharpPlayer: SharpMUSH.Library.Models.SharpPlayer, *System.String: -1*, <null>, Announce)
  	Notify(SharpMUSH.Library.Models.SharpPlayer: SharpMUSH.Library.Models.SharpPlayer, *System.String: -1*, <null>, Announce)
  	Notify(SharpMUSH.Library.Models.SharpPlayer: SharpMUSH.Library.Models.SharpPlayer, *System.String: -1*, <null>, Announce)
  	Notify(SharpMUSH.Library.Models.SharpPlayer: SharpMUSH.Library.Models.SharpPlayer, *System.String: -1*, <null>, Announce)
  	Notify(SharpMUSH.Library.Models.SharpPlayer: SharpMUSH.Library.Models.SharpPlayer, *System.String: -1*, <null>, Announce)
  	Notify(SharpMUSH.Library.Models.SharpPlayer: SharpMUSH.Library.Models.SharpPlayer, *System.String: -1*, <null>, Announce)
  	Notify(SharpMUSH.Library.Models.SharpPlayer: SharpMUSH.Library.Models.SharpPlayer, *System.String: -1*, <null>, Announce)
  	Notify(SharpMUSH.Library.Models.SharpPlayer: SharpMUSH.Library.Models.SharpPlayer, *System.String: -1*, <null>, Announce)
  	Notify(SharpMUSH.Library.Models.SharpPlayer: SharpMUSH.Library.Models.SharpPlayer, *System.String: -1*, <null>, Announce)
  	Notify(SharpMUSH.Library.Models.SharpPlayer: SharpMUSH.Library.Models.SharpPlayer, *System.String: -1*, <null>, Announce)
  	Notify(SharpMUSH.Library.Models.SharpPlayer: SharpMUSH.Library.Models.SharpPlayer, *System.String: -1*, <null>, Announce)
  	Notify(SharpMUSH.Library.Models.SharpPlayer: SharpMUSH.Library.Models.SharpPlayer, *System.String: -1*, <null>, Announce)
  	Notify(SharpMUSH.Library.Models.SharpPlayer: SharpMUSH.Library.Models.SharpPlayer, *System.String: -1*, <null>, Announce)
  	Notify(SharpMUSH.Library.Models.SharpPlayer: SharpMUSH.Library.Models.SharpPlayer, *System.String: -1*, <null>, Announce)
  	Notify(SharpMUSH.Library.Models.SharpPlayer: SharpMUSH.Library.Models.SharpPlayer, *System.String: -1*, <null>, Announce)
  	Notify(SharpMUSH.Library.Models.SharpPlayer: SharpMUSH.Library.Models.SharpPlayer, *System.String: -1*, <null>, Announce)
  	Notify(SharpMUSH.Library.Models.SharpPlayer: SharpMUSH.Library.Models.SharpPlayer, *System.String: -1*, <null>, Announce)
  	Notify(SharpMUSH.Library.Models.SharpPlayer: SharpMUSH.Library.Models.SharpPlayer, *System.String: -1*, <null>, Announce)
  	Notify(SharpMUSH.Library.Models.SharpPlayer: SharpMUSH.Library.Models.SharpPlayer, *System.String: -1*, <null>, Announce)
  	Notify(SharpMUSH.Library.Models.SharpPlayer: SharpMUSH.Library.Models.SharpPlayer, *System.String: -1*, <null>, Announce)
  	Notify(SharpMUSH.Library.Models.SharpPlayer: SharpMUSH.Library.Models.SharpPlayer, *System.String: -1*, <null>, Announce)
  	Notify(SharpMUSH.Library.Models.SharpPlayer: SharpMUSH.Library.Models.SharpPlayer, *System.String: -1*, <null>, Announce)
  	Notify(SharpMUSH.Library.Models.SharpPlayer: SharpMUSH.Library.Models.SharpPlayer, *System.String: -1*, <null>, Announce)
  	Notify(SharpMUSH.Library.Models.SharpPlayer: SharpMUSH.Library.Models.SharpPlayer, *System.String: -1*, <null>, Announce)
  	Notify(SharpMUSH.Library.Models.SharpPlayer: SharpMUSH.Library.Models.SharpPlayer, *System.String: -1*, <null>, Announce)
  	Notify(SharpMUSH.Library.Models.SharpPlayer: SharpMUSH.Library.Models.SharpPlayer, *System.String: -1*, <null>, Announce)
  	Notify(SharpMUSH.Library.Models.SharpPlayer: SharpMUSH.Library.Models.SharpPlayer, *System.String: -1*, <null>, Announce)
  	Notify(SharpMUSH.Library.Models.SharpPlayer: SharpMUSH.Library.Models.SharpPlayer, *System.String: -1*, <null>, Announce)
  	Notify(SharpMUSH.Library.Models.SharpPlayer: SharpMUSH.Library.Models.SharpPlayer, *System.String: -1*, <null>, Announce)
  	Notify(SharpMUSH.Library.Models.SharpPlayer: SharpMUSH.Library.Models.SharpPlayer, *System.String: -1*, <null>, Announce)
  	Notify(SharpMUSH.Library.Models.SharpPlayer: SharpMUSH.Library.Models.SharpPlayer, *System.String: -1*, <null>, Announce)
  	Notify(SharpMUSH.Library.Models.SharpPlayer: SharpMUSH.Library.Models.SharpPlayer, *System.String: -1*, <null>, Announce)
  	Notify(SharpMUSH.Library.Models.SharpPlayer: SharpMUSH.Library.Models.SharpPlayer, *System.String: -1*, <null>, Announce)
  	Notify(SharpMUSH.Library.Models.SharpPlayer: SharpMUSH.Library.Models.SharpPlayer, *System.String: -1*, <null>, Announce)
  	Notify(SharpMUSH.Library.Models.SharpPlayer: SharpMUSH.Library.Models.SharpPlayer, *System.String: -1*, <null>, Announce)
  	Notify(SharpMUSH.Library.Models.SharpPlayer: SharpMUSH.Library.Models.SharpPlayer, *System.String: -1*, <null>, Announce)
  	Notify(SharpMUSH.Library.Models.SharpPlayer: SharpMUSH.Library.Models.SharpPlayer, *System.String: -1*, <null>, Announce)
  	Notify(SharpMUSH.Library.Models.SharpPlayer: SharpMUSH.Library.Models.SharpPlayer, *System.String: -1*, <null>, Announce)
  	Notify(SharpMUSH.Library.Models.SharpPlayer: SharpMUSH.Library.Models.SharpPlayer, *System.String: -1*, <null>, Announce)
  	Notify(SharpMUSH.Library.Models.SharpPlayer: SharpMUSH.Library.Models.SharpPlayer, *System.String: -1*, <null>, Announce)
  	Notify(SharpMUSH.Library.Models.SharpPlayer: SharpMUSH.Library.Models.SharpPlayer, *System.String: -1*, <null>, Announce)
  	Notify(SharpMUSH.Library.Models.SharpPlayer: SharpMUSH.Library.Models.SharpPlayer, *System.String: -1*, <null>, Announce)
  	Notify(SharpMUSH.Library.Models.SharpPlayer: SharpMUSH.Library.Models.SharpPlayer, *System.String: -1*, <null>, Announce)
  	Notify(SharpMUSH.Library.Models.SharpPlayer: SharpMUSH.Library.Models.SharpPlayer, *System.String: -1*, <null>, Announce)
  	Notify(SharpMUSH.Library.Models.SharpPlayer: SharpMUSH.Library.Models.SharpPlayer, *System.String: -1*, <null>, Announce)
  	Notify(SharpMUSH.Library.Models.SharpPlayer: SharpMUSH.Library.Models.SharpPlayer, *System.String: -1*, <null>, Announce)
  	Notify(SharpMUSH.Library.Models.SharpPlayer: SharpMUSH.Library.Models.SharpPlayer, *System.String: -1*, <null>, Announce)
  	Notify(SharpMUSH.Library.Models.SharpPlayer: SharpMUSH.Library.Models.SharpPlayer, *System.String: -1*, <null>, Announce)
  	Notify(SharpMUSH.Library.Models.SharpPlayer: SharpMUSH.Library.Models.SharpPlayer, *System.String: -1*, <null>, Announce)
  	Notify(SharpMUSH.Library.Models.SharpPlayer: SharpMUSH.Library.Models.SharpPlayer, *System.String: -1*, <null>, Announce)
  	Notify(SharpMUSH.Library.Models.SharpPlayer: SharpMUSH.Library.Models.SharpPlayer, *System.String: -1*, <null>, Announce)
  	Notify(SharpMUSH.Library.Models.SharpPlayer: SharpMUSH.Library.Models.SharpPlayer, *System.String: -1*, <null>, Announce)
  	Notify(SharpMUSH.Library.Models.SharpPlayer: SharpMUSH.Library.Models.SharpPlayer, *System.String: -1*, <null>, Announce)
  	Notify(SharpMUSH.Library.Models.SharpPlayer: SharpMUSH.Library.Models.SharpPlayer, *System.String: -1*, <null>, Announce)
  	Notify(SharpMUSH.Library.Models.SharpPlayer: SharpMUSH.Library.Models.SharpPlayer, *System.String: -1*, <null>, Announce)
  	Notify(SharpMUSH.Library.Models.SharpPlayer: SharpMUSH.Library.Models.SharpPlayer, *System.String: -1*, <null>, Announce)
  	Notify(SharpMUSH.Library.Models.SharpPlayer: SharpMUSH.Library.Models.SharpPlayer, *System.String: -1*, <null>, Announce)
  	Notify(SharpMUSH.Library.Models.SharpPlayer: SharpMUSH.Library.Models.SharpPlayer, *System.String: -1*, <null>, Announce)
  	Notify(SharpMUSH.Library.Models.SharpPlayer: SharpMUSH.Library.Models.SharpPlayer, *System.String: -1*, <null>, Announce)
  	Notify(SharpMUSH.Library.Models.SharpPlayer: SharpMUSH.Library.Models.SharpPlayer, *System.String: -1*, <null>, Announce)
  	Notify(SharpMUSH.Library.Models.SharpPlayer: SharpMUSH.Library.Models.SharpPlayer, *System.String: -1*, <null>, Announce)
  	Notify(SharpMUSH.Library.Models.SharpPlayer: SharpMUSH.Library.Models.SharpPlayer, *System.String: -1*, <null>, Announce)
  	Notify(SharpMUSH.Library.Models.SharpPlayer: SharpMUSH.Library.Models.SharpPlayer, *System.String: -1*, <null>, Announce)
  	Notify(SharpMUSH.Library.Models.SharpPlayer: SharpMUSH.Library.Models.SharpPlayer, *System.String: -1*, <null>, Announce)
  	Notify(SharpMUSH.Library.Models.SharpPlayer: SharpMUSH.Library.Models.SharpPlayer, *System.String: -1*, <null>, Announce)
  	Notify(SharpMUSH.Library.Models.SharpPlayer: SharpMUSH.Library.Models.SharpPlayer, *System.String: -1*, <null>, Announce)
  	Notify(SharpMUSH.Library.Models.SharpPlayer: SharpMUSH.Library.Models.SharpPlayer, *System.String: -1*, <null>, Announce)
  	Notify(SharpMUSH.Library.Models.SharpPlayer: SharpMUSH.Library.Models.SharpPlayer, *System.String: -1*, <null>, Announce)
  	Notify(SharpMUSH.Library.Models.SharpPlayer: SharpMUSH.Library.Models.SharpPlayer, *System.String: -1*, <null>, Announce)
  	Notify(SharpMUSH.Library.Models.SharpPlayer: SharpMUSH.Library.Models.SharpPlayer, *System.String: -1*, <null>, Announce)
  	Notify(SharpMUSH.Library.Models.SharpPlayer: SharpMUSH.Library.Models.SharpPlayer, *System.String: -1*, <null>, Announce)
  	Notify(SharpMUSH.Library.Models.SharpPlayer: SharpMUSH.Library.Models.SharpPlayer, *System.String: -1*, <null>, Announce)
  	Notify(SharpMUSH.Library.Models.SharpPlayer: SharpMUSH.Library.Models.SharpPlayer, *System.String: -1*, <null>, Announce)
  	Notify(SharpMUSH.Library.Models.SharpPlayer: SharpMUSH.Library.Models.SharpPlayer, *System.String: -1*, <null>, Announce)
  	Notify(SharpMUSH.Library.Models.SharpPlayer: SharpMUSH.Library.Models.SharpPlayer, *System.String: -1*, <null>, Announce)
  	Notify(SharpMUSH.Library.Models.SharpPlayer: SharpMUSH.Library.Models.SharpPlayer, *System.String: -1*, <null>, Announce)
  	Notify(SharpMUSH.Library.Models.SharpPlayer: SharpMUSH.Library.Models.SharpPlayer, *System.String: -1*, <null>, Announce)
  	Notify(SharpMUSH.Library.Models.SharpPlayer: SharpMUSH.Library.Models.SharpPlayer, *System.String: -1*, <null>, Announce)
  	Notify(SharpMUSH.Library.Models.SharpPlayer: SharpMUSH.Library.Models.SharpPlayer, *System.String: -1*, <null>, Announce)
  	Notify(SharpMUSH.Library.Models.SharpPlayer: SharpMUSH.Library.Models.SharpPlayer, *System.String: -1*, <null>, Announce)
  	Notify(SharpMUSH.Library.Models.SharpPlayer: SharpMUSH.Library.Models.SharpPlayer, *System.String: -1*, <null>, Announce)
  	Notify(SharpMUSH.Library.Models.SharpPlayer: SharpMUSH.Library.Models.SharpPlayer, *System.String: -1*, <null>, Announce)
  	Notify(SharpMUSH.Library.Models.SharpPlayer: SharpMUSH.Library.Models.SharpPlayer, *System.String: -1*, <null>, Announce)
  	Notify(SharpMUSH.Library.Models.SharpPlayer: SharpMUSH.Library.Models.SharpPlayer, *System.String: -1*, <null>, Announce)
  	Notify(SharpMUSH.Library.Models.SharpPlayer: SharpMUSH.Library.Models.SharpPlayer, *System.String: -1*, <null>, Announce)
  	Notify(SharpMUSH.Library.Models.SharpPlayer: SharpMUSH.Library.Models.SharpPlayer, *System.String: -1*, <null>, Announce)
  	Notify(SharpMUSH.Library.Models.SharpPlayer: SharpMUSH.Library.Models.SharpPlayer, *System.String: -1*, <null>, Announce)
  	Notify(SharpMUSH.Library.Models.SharpPlayer: SharpMUSH.Library.Models.SharpPlayer, *System.String: -1*, <null>, Announce)
  	Notify(SharpMUSH.Library.Models.SharpPlayer: SharpMUSH.Library.Models.SharpPlayer, *System.String: -1*, <null>, Announce)
  	Notify(SharpMUSH.Library.Models.SharpPlayer: SharpMUSH.Library.Models.SharpPlayer, *System.String: -1*, <null>, Announce)
  	Notify(SharpMUSH.Library.Models.SharpPlayer: SharpMUSH.Library.Models.SharpPlayer, *System.String: -1*, <null>, Announce)
  	Notify(SharpMUSH.Library.Models.SharpPlayer: SharpMUSH.Library.Models.SharpPlayer, *System.String: -1*, <null>, Announce)
  	Notify(SharpMUSH.Library.Models.SharpPlayer: SharpMUSH.Library.Models.SharpPlayer, *System.String: -1*, <null>, Announce)
  	Notify(SharpMUSH.Library.Models.SharpPlayer: SharpMUSH.Library.Models.SharpPlayer, *System.String: -1*, <null>, Announce)
  	Notify(SharpMUSH.Library.Models.SharpPlayer: SharpMUSH.Library.Models.SharpPlayer, *System.String: -1*, <null>, Announce)
  	Notify(SharpMUSH.Library.Models.SharpPlayer: SharpMUSH.Library.Models.SharpPlayer, *System.String: -1*, <null>, Announce)
  	Notify(SharpMUSH.Library.Models.SharpPlayer: SharpMUSH.Library.Models.SharpPlayer, *System.String: -1*, <null>, Announce)
  	Notify(SharpMUSH.Library.Models.SharpPlayer: SharpMUSH.Library.Models.SharpPlayer, *System.String: -1*, <null>, Announce)
  	Notify(SharpMUSH.Library.Models.SharpPlayer: SharpMUSH.Library.Models.SharpPlayer, *System.String: -1*, <null>, Announce)
  	Notify(SharpMUSH.Library.Models.SharpPlayer: SharpMUSH.Library.Models.SharpPlayer, *System.String: -1*, <null>, Announce)
  	Notify(SharpMUSH.Library.Models.SharpPlayer: SharpMUSH.Library.Models.SharpPlayer, *System.String: -1*, <null>, Announce)
  	Notify(SharpMUSH.Library.Models.SharpPlayer: SharpMUSH.Library.Models.SharpPlayer, *System.String: -1*, <null>, Announce)
  	Notify(SharpMUSH.Library.Models.SharpPlayer: SharpMUSH.Library.Models.SharpPlayer, *System.String: -1*, <null>, Announce)
  	Notify(SharpMUSH.Library.Models.SharpPlayer: SharpMUSH.Library.Models.SharpPlayer, *System.String: -1*, <null>, Announce)
  	Notify(SharpMUSH.Library.Models.SharpPlayer: SharpMUSH.Library.Models.SharpPlayer, *System.String: -1*, <null>, Announce)
  	Notify(SharpMUSH.Library.Models.SharpPlayer: SharpMUSH.Library.Models.SharpPlayer, *System.String: -1*, <null>, Announce)
  	Notify(SharpMUSH.Library.Models.SharpPlayer: SharpMUSH.Library.Models.SharpPlayer, *System.String: -1*, <null>, Announce)
  	Notify(SharpMUSH.Library.Models.SharpPlayer: SharpMUSH.Library.Models.SharpPlayer, *System.String: -1*, <null>, Announce)
  	Notify(SharpMUSH.Library.Models.SharpPlayer: SharpMUSH.Library.Models.SharpPlayer, *System.String: -1*, <null>, Announce)
  	Notify(SharpMUSH.Library.Models.SharpPlayer: SharpMUSH.Library.Models.SharpPlayer, *System.String: -1*, <null>, Announce)
  	Notify(SharpMUSH.Library.Models.SharpPlayer: SharpMUSH.Library.Models.SharpPlayer, *System.String: -1*, <null>, Announce)
  	Notify(SharpMUSH.Library.Models.SharpPlayer: SharpMUSH.Library.Models.SharpPlayer, *System.String: -1*, <null>, Announce)
  	Notify(SharpMUSH.Library.Models.SharpPlayer: SharpMUSH.Library.Models.SharpPlayer, *System.String: -1*, <null>, Announce)
  	Notify(SharpMUSH.Library.Models.SharpPlayer: SharpMUSH.Library.Models.SharpPlayer, *System.String: -1*, <null>, Announce)
  	Notify(SharpMUSH.Library.Models.SharpPlayer: SharpMUSH.Library.Models.SharpPlayer, *System.String: -1*, <null>, Announce)
  	Notify(SharpMUSH.Library.Models.SharpPlayer: SharpMUSH.Library.Models.SharpPlayer, *System.String: -1*, <null>, Announce)
  	Notify(SharpMUSH.Library.Models.SharpPlayer: SharpMUSH.Library.Models.SharpPlayer, *System.String: -1*, <null>, Announce)
  	Notify(SharpMUSH.Library.Models.SharpPlayer: SharpMUSH.Library.Models.SharpPlayer, *System.String: -1*, <null>, Announce)
  	Notify(SharpMUSH.Library.Models.SharpPlayer: SharpMUSH.Library.Models.SharpPlayer, *System.String: -1*, <null>, Announce)
  	Notify(SharpMUSH.Library.Models.SharpPlayer: SharpMUSH.Library.Models.SharpPlayer, *System.String: -1*, <null>, Announce)
  	Notify(SharpMUSH.Library.Models.SharpPlayer: SharpMUSH.Library.Models.SharpPlayer, *System.String: -1*, <null>, Announce)
  	Notify(SharpMUSH.Library.Models.SharpPlayer: SharpMUSH.Library.Models.SharpPlayer, *System.String: -1*, <null>, Announce)
  	Notify(SharpMUSH.Library.Models.SharpPlayer: SharpMUSH.Library.Models.SharpPlayer, *System.String: -1*, <null>, Announce)
  	Notify(SharpMUSH.Library.Models.SharpPlayer: SharpMUSH.Library.Models.SharpPlayer, *System.String: -1*, <null>, Announce)
  	Notify(SharpMUSH.Library.Models.SharpPlayer: SharpMUSH.Library.Models.SharpPlayer, *System.String: -1*, <null>, Announce)
  	Notify(SharpMUSH.Library.Models.SharpPlayer: SharpMUSH.Library.Models.SharpPlayer, *System.String: -1*, <null>, Announce)
  	Notify(SharpMUSH.Library.Models.SharpPlayer: SharpMUSH.Library.Models.SharpPlayer, *System.String: -1*, <null>, Announce)
  	Notify(SharpMUSH.Library.Models.SharpPlayer: SharpMUSH.Library.Models.SharpPlayer, *System.String: -1*, <null>, Announce)
  	Notify(SharpMUSH.Library.Models.SharpPlayer: SharpMUSH.Library.Models.SharpPlayer, *System.String: -1*, <null>, Announce)
  	Notify(SharpMUSH.Library.Models.SharpPlayer: SharpMUSH.Library.Models.SharpPlayer, *System.String: -1*, <null>, Announce)
  	Notify(SharpMUSH.Library.Models.SharpPlayer: SharpMUSH.Library.Models.SharpPlayer, *System.String: -1*, <null>, Announce)
  	Notify(SharpMUSH.Library.Models.SharpPlayer: SharpMUSH.Library.Models.SharpPlayer, *System.String: -1*, <null>, Announce)
  	Notify(SharpMUSH.Library.Models.SharpPlayer: SharpMUSH.Library.Models.SharpPlayer, *System.String: -1*, <null>, Announce)
  	Notify(SharpMUSH.Library.Models.SharpPlayer: SharpMUSH.Library.Models.SharpPlayer, *System.String: -1*, <null>, Announce)
  	Notify(SharpMUSH.Library.Models.SharpPlayer: SharpMUSH.Library.Models.SharpPlayer, *System.String: -1*, <null>, Announce)
  	Notify(SharpMUSH.Library.Models.SharpPlayer: SharpMUSH.Library.Models.SharpPlayer, *System.String: -1*, <null>, Announce)
  	Notify(SharpMUSH.Library.Models.SharpPlayer: SharpMUSH.Library.Models.SharpPlayer, *System.String: -1*, <null>, Announce)
  	Notify(SharpMUSH.Library.Models.SharpPlayer: SharpMUSH.Library.Models.SharpPlayer, *System.String: -1*, <null>, Announce)
  	Notify(SharpMUSH.Library.Models.SharpPlayer: SharpMUSH.Library.Models.SharpPlayer, *System.String: -1*, <null>, Announce)
  	Notify(SharpMUSH.Library.Models.SharpPlayer: SharpMUSH.Library.Models.SharpPlayer, *System.String: -1*, <null>, Announce)
  	Notify(SharpMUSH.Library.Models.SharpPlayer: SharpMUSH.Library.Models.SharpPlayer, *System.String: -1*, <null>, Announce)
  	Notify(SharpMUSH.Library.Models.SharpPlayer: SharpMUSH.Library.Models.SharpPlayer, *System.String: -1*, <null>, Announce)
  	Notify(SharpMUSH.Library.Models.SharpPlayer: SharpMUSH.Library.Models.SharpPlayer, *System.String: -1*, <null>, Announce)
  	Notify(SharpMUSH.Library.Models.SharpPlayer: SharpMUSH.Library.Models.SharpPlayer, *System.String: -1*, <null>, Announce)
  	Notify(SharpMUSH.Library.Models.SharpPlayer: SharpMUSH.Library.Models.SharpPlayer, *System.String: -1*, <null>, Announce)
  	Notify(SharpMUSH.Library.Models.SharpPlayer: SharpMUSH.Library.Models.SharpPlayer, *System.String: -1*, <null>, Announce)
  	Notify(SharpMUSH.Library.Models.SharpPlayer: SharpMUSH.Library.Models.SharpPlayer, *System.String: -1*, <null>, Announce)
  	Notify(SharpMUSH.Library.Models.SharpPlayer: SharpMUSH.Library.Models.SharpPlayer, *System.String: -1*, <null>, Announce)
  	Notify(SharpMUSH.Library.Models.SharpPlayer: SharpMUSH.Library.Models.SharpPlayer, *System.String: -1*, <null>, Announce)
  	Notify(SharpMUSH.Library.Models.SharpPlayer: SharpMUSH.Library.Models.SharpPlayer, *System.String: -1*, <null>, Announce)
  	Notify(SharpMUSH.Library.Models.SharpPlayer: SharpMUSH.Library.Models.SharpPlayer, *System.String: -1*, <null>, Announce)
  	Notify(SharpMUSH.Library.Models.SharpPlayer: SharpMUSH.Library.Models.SharpPlayer, *System.String: -1*, <null>, Announce)
  	Notify(SharpMUSH.Library.Models.SharpPlayer: SharpMUSH.Library.Models.SharpPlayer, *System.String: -1*, <null>, Announce)
  	Notify(SharpMUSH.Library.Models.SharpPlayer: SharpMUSH.Library.Models.SharpPlayer, *System.String: -1*, <null>, Announce)
  	Notify(SharpMUSH.Library.Models.SharpPlayer: SharpMUSH.Library.Models.SharpPlayer, *System.String: -1*, <null>, Announce)
  	Notify(SharpMUSH.Library.Models.SharpPlayer: SharpMUSH.Library.Models.SharpPlayer, *System.String: -1*, <null>, Announce)
  	Notify(SharpMUSH.Library.Models.SharpPlayer: SharpMUSH.Library.Models.SharpPlayer, *System.String: -1*, <null>, Announce)
  	Notify(SharpMUSH.Library.Models.SharpPlayer: SharpMUSH.Library.Models.SharpPlayer, *System.String: -1*, <null>, Announce)
  	Notify(SharpMUSH.Library.Models.SharpPlayer: SharpMUSH.Library.Models.SharpPlayer, *System.String: -1*, <null>, Announce)
  	Notify(SharpMUSH.Library.Models.SharpPlayer: SharpMUSH.Library.Models.SharpPlayer, *System.String: -1*, <null>, Announce)
  	Notify(SharpMUSH.Library.Models.SharpPlayer: SharpMUSH.Library.Models.SharpPlayer, *System.String: -1*, <null>, Announce)
  	Notify(SharpMUSH.Library.Models.SharpPlayer: SharpMUSH.Library.Models.SharpPlayer, *System.String: -1*, <null>, Announce)
  	Notify(SharpMUSH.Library.Models.SharpPlayer: SharpMUSH.Library.Models.SharpPlayer, *System.String: -1*, <null>, Announce)
  	Notify(SharpMUSH.Library.Models.SharpPlayer: SharpMUSH.Library.Models.SharpPlayer, *System.String: -1*, <null>, Announce)
  	Notify(SharpMUSH.Library.Models.SharpPlayer: SharpMUSH.Library.Models.SharpPlayer, *System.String: -1*, <null>, Announce)
  	Notify(SharpMUSH.Library.Models.SharpPlayer: SharpMUSH.Library.Models.SharpPlayer, *System.String: -1*, <null>, Announce)
  	Notify(SharpMUSH.Library.Models.SharpPlayer: SharpMUSH.Library.Models.SharpPlayer, *System.String: -1*, <null>, Announce)
  	Notify(SharpMUSH.Library.Models.SharpPlayer: SharpMUSH.Library.Models.SharpPlayer, *System.String: -1*, <null>, Announce)
  	Notify(SharpMUSH.Library.Models.SharpPlayer: SharpMUSH.Library.Models.SharpPlayer, *System.String: -1*, <null>, Announce)
  	Notify(SharpMUSH.Library.Models.SharpPlayer: SharpMUSH.Library.Models.SharpPlayer, *System.String: -1*, <null>, Announce)
  	Notify(SharpMUSH.Library.Models.SharpPlayer: SharpMUSH.Library.Models.SharpPlayer, *System.String: -1*, <null>, Announce)
  	Notify(SharpMUSH.Library.Models.SharpPlayer: SharpMUSH.Library.Models.SharpPlayer, *System.String: -1*, <null>, Announce)
  	Notify(SharpMUSH.Library.Models.SharpPlayer: SharpMUSH.Library.Models.SharpPlayer, *System.String: -1*, <null>, Announce)
  	Notify(SharpMUSH.Library.Models.SharpPlayer: SharpMUSH.Library.Models.SharpPlayer, *System.String: -1*, <null>, Announce)
  	Notify(SharpMUSH.Library.Models.SharpPlayer: SharpMUSH.Library.Models.SharpPlayer, *System.String: -1*, <null>, Announce)
  	Notify(SharpMUSH.Library.Models.SharpPlayer: SharpMUSH.Library.Models.SharpPlayer, *System.String: -1*, <null>, Announce)
  	Notify(SharpMUSH.Library.Models.SharpPlayer: SharpMUSH.Library.Models.SharpPlayer, *System.String: -1*, <null>, Announce)
  	Notify(SharpMUSH.Library.Models.SharpPlayer: SharpMUSH.Library.Models.SharpPlayer, *System.String: -1*, <null>, Announce)
  	Notify(SharpMUSH.Library.Models.SharpPlayer: SharpMUSH.Library.Models.SharpPlayer, *System.String: -1*, <null>, Announce)
  	Notify(SharpMUSH.Library.Models.SharpPlayer: SharpMUSH.Library.Models.SharpPlayer, *System.String: -1*, <null>, Announce)
  	Notify(SharpMUSH.Library.Models.SharpPlayer: SharpMUSH.Library.Models.SharpPlayer, *System.String: -1*, <null>, Announce)
  	Notify(SharpMUSH.Library.Models.SharpPlayer: SharpMUSH.Library.Models.SharpPlayer, *System.String: -1*, <null>, Announce)
  	Notify(SharpMUSH.Library.Models.SharpPlayer: SharpMUSH.Library.Models.SharpPlayer, *System.String: -1*, <null>, Announce)
  	Notify(SharpMUSH.Library.Models.SharpPlayer: SharpMUSH.Library.Models.SharpPlayer, *System.String: -1*, <null>, Announce)
  	Notify(SharpMUSH.Library.Models.SharpPlayer: SharpMUSH.Library.Models.SharpPlayer, *System.String: -1*, <null>, Announce)
  	Notify(SharpMUSH.Library.Models.SharpPlayer: SharpMUSH.Library.Models.SharpPlayer, *System.String: -1*, <null>, Announce)
  	Notify(SharpMUSH.Library.Models.SharpPlayer: SharpMUSH.Library.Models.SharpPlayer, *System.String: -1*, <null>, Announce)
  	Notify(SharpMUSH.Library.Models.SharpPlayer: SharpMUSH.Library.Models.SharpPlayer, *System.String: -1*, <null>, Announce)
  	Notify(SharpMUSH.Library.Models.SharpPlayer: SharpMUSH.Library.Models.SharpPlayer, *System.String: -1*, <null>, Announce)
  	Notify(SharpMUSH.Library.Models.SharpPlayer: SharpMUSH.Library.Models.SharpPlayer, *System.String: -1*, <null>, Announce)
  	Notify(SharpMUSH.Library.Models.SharpPlayer: SharpMUSH.Library.Models.SharpPlayer, *System.String: -1*, <null>, Announce)
  	Notify(SharpMUSH.Library.Models.SharpPlayer: SharpMUSH.Library.Models.SharpPlayer, *System.String: -1*, <null>, Announce)
  	Notify(SharpMUSH.Library.Models.SharpPlayer: SharpMUSH.Library.Models.SharpPlayer, *System.String: -1*, <null>, Announce)
  	Notify(SharpMUSH.Library.Models.SharpPlayer: SharpMUSH.Library.Models.SharpPlayer, *System.String: -1*, <null>, Announce)
  	Notify(SharpMUSH.Library.Models.SharpPlayer: SharpMUSH.Library.Models.SharpPlayer, *System.String: -1*, <null>, Announce)
  	Notify(SharpMUSH.Library.Models.SharpPlayer: SharpMUSH.Library.Models.SharpPlayer, *System.String: -1*, <null>, Announce)
  	Notify(SharpMUSH.Library.Models.SharpPlayer: SharpMUSH.Library.Models.SharpPlayer, *System.String: -1*, <null>, Announce)
  	Notify(SharpMUSH.Library.Models.SharpPlayer: SharpMUSH.Library.Models.SharpPlayer, *System.String: -1*, <null>, Announce)
  	Notify(SharpMUSH.Library.Models.SharpPlayer: SharpMUSH.Library.Models.SharpPlayer, *System.String: -1*, <null>, Announce)
  	Notify(SharpMUSH.Library.Models.SharpPlayer: SharpMUSH.Library.Models.SharpPlayer, *System.String: -1*, <null>, Announce)
  	Notify(SharpMUSH.Library.Models.SharpPlayer: SharpMUSH.Library.Models.SharpPlayer, *System.String: -1*, <null>, Announce)
  	Notify(SharpMUSH.Library.Models.SharpPlayer: SharpMUSH.Library.Models.SharpPlayer, *System.String: -1*, <null>, Announce)
  	Notify(SharpMUSH.Library.Models.SharpPlayer: SharpMUSH.Library.Models.SharpPlayer, *System.String: -1*, <null>, Announce)
  	Notify(SharpMUSH.Library.Models.SharpPlayer: SharpMUSH.Library.Models.SharpPlayer, *System.String: -1*, <null>, Announce)
  	Notify(SharpMUSH.Library.Models.SharpPlayer: SharpMUSH.Library.Models.SharpPlayer, *System.String: -1*, <null>, Announce)
  	Notify(SharpMUSH.Library.Models.SharpPlayer: SharpMUSH.Library.Models.SharpPlayer, *System.String: -1*, <null>, Announce)
  	Notify(SharpMUSH.Library.Models.SharpPlayer: SharpMUSH.Library.Models.SharpPlayer, *System.String: -1*, <null>, Announce)
  	Notify(SharpMUSH.Library.Models.SharpPlayer: SharpMUSH.Library.Models.SharpPlayer, *System.String: -1*, <null>, Announce)
  	Notify(SharpMUSH.Library.Models.SharpPlayer: SharpMUSH.Library.Models.SharpPlayer, *System.String: -1*, <null>, Announce)
  	Notify(SharpMUSH.Library.Models.SharpPlayer: SharpMUSH.Library.Models.SharpPlayer, *System.String: -1*, <null>, Announce)
  	Notify(SharpMUSH.Library.Models.SharpPlayer: SharpMUSH.Library.Models.SharpPlayer, *System.String: -1*, <null>, Announce)
  	Notify(SharpMUSH.Library.Models.SharpPlayer: SharpMUSH.Library.Models.SharpPlayer, *System.String: -1*, <null>, Announce)
  	Notify(SharpMUSH.Library.Models.SharpPlayer: SharpMUSH.Library.Models.SharpPlayer, *System.String: -1*, <null>, Announce)
  	Notify(SharpMUSH.Library.Models.SharpPlayer: SharpMUSH.Library.Models.SharpPlayer, *System.String: -1*, <null>, Announce)
  	Notify(SharpMUSH.Library.Models.SharpPlayer: SharpMUSH.Library.Models.SharpPlayer, *System.String: -1*, <null>, Announce)
  	Notify(SharpMUSH.Library.Models.SharpPlayer: SharpMUSH.Library.Models.SharpPlayer, *System.String: -1*, <null>, Announce)
  	Notify(SharpMUSH.Library.Models.SharpPlayer: SharpMUSH.Library.Models.SharpPlayer, *System.String: -1*, <null>, Announce)
  	Notify(SharpMUSH.Library.Models.SharpPlayer: SharpMUSH.Library.Models.SharpPlayer, *System.String: -1*, <null>, Announce)
  	Notify(SharpMUSH.Library.Models.SharpPlayer: SharpMUSH.Library.Models.SharpPlayer, *System.String: -1*, <null>, Announce)
  	Notify(SharpMUSH.Library.Models.SharpPlayer: SharpMUSH.Library.Models.SharpPlayer, *System.String: -1*, <null>, Announce)
  	Notify(SharpMUSH.Library.Models.SharpPlayer: SharpMUSH.Library.Models.SharpPlayer, *System.String: -1*, <null>, Announce)
  	Notify(SharpMUSH.Library.Models.SharpPlayer: SharpMUSH.Library.Models.SharpPlayer, *System.String: -1*, <null>, Announce)
  	Notify(SharpMUSH.Library.Models.SharpPlayer: SharpMUSH.Library.Models.SharpPlayer, *System.String: -1*, <null>, Announce)
  	Notify(SharpMUSH.Library.Models.SharpPlayer: SharpMUSH.Library.Models.SharpPlayer, *System.String: -1*, <null>, Announce)
  	Notify(SharpMUSH.Library.Models.SharpPlayer: SharpMUSH.Library.Models.SharpPlayer, *System.String: -1*, <null>, Announce)
  	Notify(SharpMUSH.Library.Models.SharpPlayer: SharpMUSH.Library.Models.SharpPlayer, *System.String: -1*, <null>, Announce)
  	Notify(SharpMUSH.Library.Models.SharpPlayer: SharpMUSH.Library.Models.SharpPlayer, *System.String: -1*, <null>, Announce)
  	Notify(SharpMUSH.Library.Models.SharpPlayer: SharpMUSH.Library.Models.SharpPlayer, *System.String: -1*, <null>, Announce)
  	Notify(SharpMUSH.Library.Models.SharpPlayer: SharpMUSH.Library.Models.SharpPlayer, *System.String: -1*, <null>, Announce)
  	Notify(SharpMUSH.Library.Models.SharpPlayer: SharpMUSH.Library.Models.SharpPlayer, *System.String: -1*, <null>, Announce)
  	Notify(SharpMUSH.Library.Models.SharpPlayer: SharpMUSH.Library.Models.SharpPlayer, *System.String: -1*, <null>, Announce)
  	Notify(SharpMUSH.Library.Models.SharpPlayer: SharpMUSH.Library.Models.SharpPlayer, *System.String: -1*, <null>, Announce)
  	Notify(SharpMUSH.Library.Models.SharpPlayer: SharpMUSH.Library.Models.SharpPlayer, *System.String: -1*, <null>, Announce)
  	Notify(SharpMUSH.Library.Models.SharpPlayer: SharpMUSH.Library.Models.SharpPlayer, *System.String: -1*, <null>, Announce)
  	Notify(SharpMUSH.Library.Models.SharpPlayer: SharpMUSH.Library.Models.SharpPlayer, *System.String: -1*, <null>, Announce)
  	Notify(SharpMUSH.Library.Models.SharpPlayer: SharpMUSH.Library.Models.SharpPlayer, *System.String: -1*, <null>, Announce)
  	Notify(SharpMUSH.Library.Models.SharpPlayer: SharpMUSH.Library.Models.SharpPlayer, *System.String: -1*, <null>, Announce)
  	Notify(SharpMUSH.Library.Models.SharpPlayer: SharpMUSH.Library.Models.SharpPlayer, *System.String: -1*, <null>, Announce)
  	Notify(SharpMUSH.Library.Models.SharpPlayer: SharpMUSH.Library.Models.SharpPlayer, *System.String: -1*, <null>, Announce)
  	Notify(SharpMUSH.Library.Models.SharpPlayer: SharpMUSH.Library.Models.SharpPlayer, *System.String: -1*, <null>, Announce)
  	Notify(SharpMUSH.Library.Models.SharpPlayer: SharpMUSH.Library.Models.SharpPlayer, *System.String: -1*, <null>, Announce)
  	Notify(SharpMUSH.Library.Models.SharpPlayer: SharpMUSH.Library.Models.SharpPlayer, *System.String: -1*, <null>, Announce)
  	Notify(SharpMUSH.Library.Models.SharpPlayer: SharpMUSH.Library.Models.SharpPlayer, *System.String: -1*, <null>, Announce)
  	Notify(SharpMUSH.Library.Models.SharpPlayer: SharpMUSH.Library.Models.SharpPlayer, *System.String: -1*, <null>, Announce)
  	Notify(SharpMUSH.Library.Models.SharpPlayer: SharpMUSH.Library.Models.SharpPlayer, *System.String: -1*, <null>, Announce)
  	Notify(SharpMUSH.Library.Models.SharpPlayer: SharpMUSH.Library.Models.SharpPlayer, *System.String: -1*, <null>, Announce)
  	Notify(SharpMUSH.Library.Models.SharpPlayer: SharpMUSH.Library.Models.SharpPlayer, *System.String: -1*, <null>, Announce)
  	Notify(SharpMUSH.Library.Models.SharpPlayer: SharpMUSH.Library.Models.SharpPlayer, *System.String: -1*, <null>, Announce)
  	Notify(SharpMUSH.Library.Models.SharpPlayer: SharpMUSH.Library.Models.SharpPlayer, *System.String: -1*, <null>, Announce)
  	Notify(SharpMUSH.Library.Models.SharpPlayer: SharpMUSH.Library.Models.SharpPlayer, *System.String: -1*, <null>, Announce)
  	Notify(SharpMUSH.Library.Models.SharpPlayer: SharpMUSH.Library.Models.SharpPlayer, *System.String: -1*, <null>, Announce)
  	Notify(SharpMUSH.Library.Models.SharpPlayer: SharpMUSH.Library.Models.SharpPlayer, *System.String: -1*, <null>, Announce)
  	Notify(SharpMUSH.Library.Models.SharpPlayer: SharpMUSH.Library.Models.SharpPlayer, *System.String: -1*, <null>, Announce)
  	Notify(SharpMUSH.Library.Models.SharpPlayer: SharpMUSH.Library.Models.SharpPlayer, *System.String: -1*, <null>, Announce)
  	Notify(SharpMUSH.Library.Models.SharpPlayer: SharpMUSH.Library.Models.SharpPlayer, *System.String: -1*, <null>, Announce)
  	Notify(SharpMUSH.Library.Models.SharpPlayer: SharpMUSH.Library.Models.SharpPlayer, *System.String: -1*, <null>, Announce)
  	Notify(SharpMUSH.Library.Models.SharpPlayer: SharpMUSH.Library.Models.SharpPlayer, *System.String: -1*, <null>, Announce)
  	Notify(SharpMUSH.Library.Models.SharpPlayer: SharpMUSH.Library.Models.SharpPlayer, *System.String: -1*, <null>, Announce)
  	Notify(SharpMUSH.Library.Models.SharpPlayer: SharpMUSH.Library.Models.SharpPlayer, *System.String: -1*, <null>, Announce)
  	Notify(SharpMUSH.Library.Models.SharpPlayer: SharpMUSH.Library.Models.SharpPlayer, *System.String: -1*, <null>, Announce)
  	Notify(SharpMUSH.Library.Models.SharpPlayer: SharpMUSH.Library.Models.SharpPlayer, *System.String: -1*, <null>, Announce)
  	Notify(SharpMUSH.Library.Models.SharpPlayer: SharpMUSH.Library.Models.SharpPlayer, *System.String: -1*, <null>, Announce)
  	Notify(SharpMUSH.Library.Models.SharpPlayer: SharpMUSH.Library.Models.SharpPlayer, *System.String: -1*, <null>, Announce)
  	Notify(SharpMUSH.Library.Models.SharpPlayer: SharpMUSH.Library.Models.SharpPlayer, *System.String: -1*, <null>, Announce)
  	Notify(SharpMUSH.Library.Models.SharpPlayer: SharpMUSH.Library.Models.SharpPlayer, *System.String: -1*, <null>, Announce)
  	Notify(SharpMUSH.Library.Models.SharpPlayer: SharpMUSH.Library.Models.SharpPlayer, *System.String: -1*, <null>, Announce)
  	Notify(SharpMUSH.Library.Models.SharpPlayer: SharpMUSH.Library.Models.SharpPlayer, *System.String: -1*, <null>, Announce)
  	Notify(SharpMUSH.Library.Models.SharpPlayer: SharpMUSH.Library.Models.SharpPlayer, *System.String: -1*, <null>, Announce)
  	Notify(SharpMUSH.Library.Models.SharpPlayer: SharpMUSH.Library.Models.SharpPlayer, *System.String: -1*, <null>, Announce)
  	Notify(SharpMUSH.Library.Models.SharpPlayer: SharpMUSH.Library.Models.SharpPlayer, *System.String: -1*, <null>, Announce)
  	Notify(SharpMUSH.Library.Models.SharpPlayer: SharpMUSH.Library.Models.SharpPlayer, *System.String: -1*, <null>, Announce)
  	Notify(SharpMUSH.Library.Models.SharpPlayer: SharpMUSH.Library.Models.SharpPlayer, *System.String: -1*, <null>, Announce)
  	Notify(SharpMUSH.Library.Models.SharpPlayer: SharpMUSH.Library.Models.SharpPlayer, *System.String: -1*, <null>, Announce)
  	Notify(SharpMUSH.Library.Models.SharpPlayer: SharpMUSH.Library.Models.SharpPlayer, *System.String: -1*, <null>, Announce)
  	Notify(SharpMUSH.Library.Models.SharpPlayer: SharpMUSH.Library.Models.SharpPlayer, *System.String: -1*, <null>, Announce)
  	Notify(SharpMUSH.Library.Models.SharpPlayer: SharpMUSH.Library.Models.SharpPlayer, *System.String: -1*, <null>, Announce)
  	Notify(SharpMUSH.Library.Models.SharpPlayer: SharpMUSH.Library.Models.SharpPlayer, *System.String: -1*, <null>, Announce)
  	Notify(SharpMUSH.Library.Models.SharpPlayer: SharpMUSH.Library.Models.SharpPlayer, *System.String: -1*, <null>, Announce)
  	Notify(SharpMUSH.Library.Models.SharpPlayer: SharpMUSH.Library.Models.SharpPlayer, *System.String: -1*, <null>, Announce)
  	Notify(SharpMUSH.Library.Models.SharpPlayer: SharpMUSH.Library.Models.SharpPlayer, *System.String: -1*, <null>, Announce)
  	Notify(SharpMUSH.Library.Models.SharpPlayer: SharpMUSH.Library.Models.SharpPlayer, *System.String: -1*, <null>, Announce)
  	Notify(SharpMUSH.Library.Models.SharpPlayer: SharpMUSH.Library.Models.SharpPlayer, *System.String: -1*, <null>, Announce)
  	Notify(SharpMUSH.Library.Models.SharpPlayer: SharpMUSH.Library.Models.SharpPlayer, *System.String: -1*, <null>, Announce)
  	Notify(SharpMUSH.Library.Models.SharpPlayer: SharpMUSH.Library.Models.SharpPlayer, *System.String: -1*, <null>, Announce)
  	Notify(SharpMUSH.Library.Models.SharpPlayer: SharpMUSH.Library.Models.SharpPlayer, *System.String: -1*, <null>, Announce)
  	Notify(SharpMUSH.Library.Models.SharpPlayer: SharpMUSH.Library.Models.SharpPlayer, *System.String: -1*, <null>, Announce)
  	Notify(SharpMUSH.Library.Models.SharpPlayer: SharpMUSH.Library.Models.SharpPlayer, *System.String: -1*, <null>, Announce)
  	Notify(SharpMUSH.Library.Models.SharpPlayer: SharpMUSH.Library.Models.SharpPlayer, *System.String: -1*, <null>, Announce)
  	Notify(SharpMUSH.Library.Models.SharpPlayer: SharpMUSH.Library.Models.SharpPlayer, *System.String: -1*, <null>, Announce)
  	Notify(SharpMUSH.Library.Models.SharpPlayer: SharpMUSH.Library.Models.SharpPlayer, *System.String: -1*, <null>, Announce)
  	Notify(SharpMUSH.Library.Models.SharpPlayer: SharpMUSH.Library.Models.SharpPlayer, *System.String: -1*, <null>, Announce)
  	Notify(SharpMUSH.Library.Models.SharpPlayer: SharpMUSH.Library.Models.SharpPlayer, *System.String: -1*, <null>, Announce)
  	Notify(SharpMUSH.Library.Models.SharpPlayer: SharpMUSH.Library.Models.SharpPlayer, *System.String: -1*, <null>, Announce)
  	Notify(SharpMUSH.Library.Models.SharpPlayer: SharpMUSH.Library.Models.SharpPlayer, *System.String: -1*, <null>, Announce)
  	Notify(SharpMUSH.Library.Models.SharpPlayer: SharpMUSH.Library.Models.SharpPlayer, *System.String: -1*, <null>, Announce)
  	Notify(SharpMUSH.Library.Models.SharpPlayer: SharpMUSH.Library.Models.SharpPlayer, *System.String: -1*, <null>, Announce)
  	Notify(SharpMUSH.Library.Models.SharpPlayer: SharpMUSH.Library.Models.SharpPlayer, *System.String: -1*, <null>, Announce)
  	Notify(SharpMUSH.Library.Models.SharpPlayer: SharpMUSH.Library.Models.SharpPlayer, *System.String: -1*, <null>, Announce)
  	Notify(SharpMUSH.Library.Models.SharpPlayer: SharpMUSH.Library.Models.SharpPlayer, *System.String: -1*, <null>, Announce)
  	Notify(SharpMUSH.Library.Models.SharpPlayer: SharpMUSH.Library.Models.SharpPlayer, *System.String: -1*, <null>, Announce)
  	Notify(SharpMUSH.Library.Models.SharpPlayer: SharpMUSH.Library.Models.SharpPlayer, *System.String: -1*, <null>, Announce)
  	Notify(SharpMUSH.Library.Models.SharpPlayer: SharpMUSH.Library.Models.SharpPlayer, *System.String: -1*, <null>, Announce)
  	Notify(SharpMUSH.Library.Models.SharpPlayer: SharpMUSH.Library.Models.SharpPlayer, *System.String: -1*, <null>, Announce)
  	Notify(SharpMUSH.Library.Models.SharpPlayer: SharpMUSH.Library.Models.SharpPlayer, *System.String: -1*, <null>, Announce)
  	Notify(SharpMUSH.Library.Models.SharpPlayer: SharpMUSH.Library.Models.SharpPlayer, *System.String: -1*, <null>, Announce)
  	Notify(SharpMUSH.Library.Models.SharpPlayer: SharpMUSH.Library.Models.SharpPlayer, *System.String: -1*, <null>, Announce)
  	Notify(SharpMUSH.Library.Models.SharpPlayer: SharpMUSH.Library.Models.SharpPlayer, *System.String: -1*, <null>, Announce)
  	Notify(SharpMUSH.Library.Models.SharpPlayer: SharpMUSH.Library.Models.SharpPlayer, *System.String: -1*, <null>, Announce)
  	Notify(SharpMUSH.Library.Models.SharpPlayer: SharpMUSH.Library.Models.SharpPlayer, *System.String: -1*, <null>, Announce)
  	Notify(SharpMUSH.Library.Models.SharpPlayer: SharpMUSH.Library.Models.SharpPlayer, *System.String: -1*, <null>, Announce)
  	Notify(SharpMUSH.Library.Models.SharpPlayer: SharpMUSH.Library.Models.SharpPlayer, *System.String: -1*, <null>, Announce)
  	Notify(SharpMUSH.Library.Models.SharpPlayer: SharpMUSH.Library.Models.SharpPlayer, *System.String: -1*, <null>, Announce)
  	Notify(SharpMUSH.Library.Models.SharpPlayer: SharpMUSH.Library.Models.SharpPlayer, *System.String: -1*, <null>, Announce)
  	Notify(SharpMUSH.Library.Models.SharpPlayer: SharpMUSH.Library.Models.SharpPlayer, *System.String: -1*, <null>, Announce)
  	Notify(SharpMUSH.Library.Models.SharpPlayer: SharpMUSH.Library.Models.SharpPlayer, *System.String: -1*, <null>, Announce)
  	Notify(SharpMUSH.Library.Models.SharpPlayer: SharpMUSH.Library.Models.SharpPlayer, *System.String: -1*, <null>, Announce)
  	Notify(SharpMUSH.Library.Models.SharpPlayer: SharpMUSH.Library.Models.SharpPlayer, *System.String: -1*, <null>, Announce)
  	Notify(SharpMUSH.Library.Models.SharpPlayer: SharpMUSH.Library.Models.SharpPlayer, *System.String: -1*, <null>, Announce)
  	Notify(SharpMUSH.Library.Models.SharpPlayer: SharpMUSH.Library.Models.SharpPlayer, *System.String: -1*, <null>, Announce)
  	Notify(SharpMUSH.Library.Models.SharpPlayer: SharpMUSH.Library.Models.SharpPlayer, *System.String: -1*, <null>, Announce)
  	Notify(SharpMUSH.Library.Models.SharpPlayer: SharpMUSH.Library.Models.SharpPlayer, *System.String: -1*, <null>, Announce)
  	Notify(SharpMUSH.Library.Models.SharpPlayer: SharpMUSH.Library.Models.SharpPlayer, *System.String: -1*, <null>, Announce)
  	Notify(SharpMUSH.Library.Models.SharpPlayer: SharpMUSH.Library.Models.SharpPlayer, *System.String: -1*, <null>, Announce)
  	Notify(SharpMUSH.Library.Models.SharpPlayer: SharpMUSH.Library.Models.SharpPlayer, *System.String: -1*, <null>, Announce)
  	Notify(SharpMUSH.Library.Models.SharpPlayer: SharpMUSH.Library.Models.SharpPlayer, *System.String: -1*, <null>, Announce)
  	Notify(SharpMUSH.Library.Models.SharpPlayer: SharpMUSH.Library.Models.SharpPlayer, *System.String: -1*, <null>, Announce)
  	Notify(SharpMUSH.Library.Models.SharpPlayer: SharpMUSH.Library.Models.SharpPlayer, *System.String: -1*, <null>, Announce)
  	Notify(SharpMUSH.Library.Models.SharpPlayer: SharpMUSH.Library.Models.SharpPlayer, *System.String: -1*, <null>, Announce)
  	Notify(SharpMUSH.Library.Models.SharpPlayer: SharpMUSH.Library.Models.SharpPlayer, *System.String: -1*, <null>, Announce)
  	Notify(SharpMUSH.Library.Models.SharpPlayer: SharpMUSH.Library.Models.SharpPlayer, *System.String: -1*, <null>, Announce)
  	Notify(SharpMUSH.Library.Models.SharpPlayer: SharpMUSH.Library.Models.SharpPlayer, *System.String: -1*, <null>, Announce)
  	Notify(SharpMUSH.Library.Models.SharpPlayer: SharpMUSH.Library.Models.SharpPlayer, *System.String: -1*, <null>, Announce)
  	Notify(SharpMUSH.Library.Models.SharpPlayer: SharpMUSH.Library.Models.SharpPlayer, *System.String: -1*, <null>, Announce)
  	Notify(SharpMUSH.Library.Models.SharpPlayer: SharpMUSH.Library.Models.SharpPlayer, *System.String: -1*, <null>, Announce)
  	Notify(SharpMUSH.Library.Models.SharpPlayer: SharpMUSH.Library.Models.SharpPlayer, *System.String: -1*, <null>, Announce)
  	Notify(SharpMUSH.Library.Models.SharpPlayer: SharpMUSH.Library.Models.SharpPlayer, *System.String: -1*, <null>, Announce)
  	Notify(SharpMUSH.Library.Models.SharpPlayer: SharpMUSH.Library.Models.SharpPlayer, *System.String: -1*, <null>, Announce)
  	Notify(SharpMUSH.Library.Models.SharpPlayer: SharpMUSH.Library.Models.SharpPlayer, *System.String: -1*, <null>, Announce)
  	Notify(SharpMUSH.Library.Models.SharpPlayer: SharpMUSH.Library.Models.SharpPlayer, *System.String: -1*, <null>, Announce)
  	Notify(SharpMUSH.Library.Models.SharpPlayer: SharpMUSH.Library.Models.SharpPlayer, *System.String: -1*, <null>, Announce)
  	Notify(SharpMUSH.Library.Models.SharpPlayer: SharpMUSH.Library.Models.SharpPlayer, *System.String: -1*, <null>, Announce)
  	Notify(SharpMUSH.Library.Models.SharpPlayer: SharpMUSH.Library.Models.SharpPlayer, *System.String: -1*, <null>, Announce)
  	Notify(SharpMUSH.Library.Models.SharpPlayer: SharpMUSH.Library.Models.SharpPlayer, *System.String: -1*, <null>, Announce)
  	Notify(SharpMUSH.Library.Models.SharpPlayer: SharpMUSH.Library.Models.SharpPlayer, *System.String: -1*, <null>, Announce)
  	Notify(SharpMUSH.Library.Models.SharpPlayer: SharpMUSH.Library.Models.SharpPlayer, *System.String: -1*, <null>, Announce)
  	Notify(SharpMUSH.Library.Models.SharpPlayer: SharpMUSH.Library.Models.SharpPlayer, *System.String: -1*, <null>, Announce)
  	Notify(SharpMUSH.Library.Models.SharpPlayer: SharpMUSH.Library.Models.SharpPlayer, *System.String: -1*, <null>, Announce)
  	Notify(SharpMUSH.Library.Models.SharpPlayer: SharpMUSH.Library.Models.SharpPlayer, *System.String: -1*, <null>, Announce)
  	Notify(SharpMUSH.Library.Models.SharpPlayer: SharpMUSH.Library.Models.SharpPlayer, *System.String: -1*, <null>, Announce)
  	Notify(SharpMUSH.Library.Models.SharpPlayer: SharpMUSH.Library.Models.SharpPlayer, *System.String: -1*, <null>, Announce)
  	Notify(SharpMUSH.Library.Models.SharpPlayer: SharpMUSH.Library.Models.SharpPlayer, *System.String: -1*, <null>, Announce)
  	Notify(SharpMUSH.Library.Models.SharpPlayer: SharpMUSH.Library.Models.SharpPlayer, *System.String: -1*, <null>, Announce)
  	Notify(SharpMUSH.Library.Models.SharpPlayer: SharpMUSH.Library.Models.SharpPlayer, *System.String: -1*, <null>, Announce)
  	Notify(SharpMUSH.Library.Models.SharpPlayer: SharpMUSH.Library.Models.SharpPlayer, *System.String: -1*, <null>, Announce)
  	Notify(SharpMUSH.Library.Models.SharpPlayer: SharpMUSH.Library.Models.SharpPlayer, *System.String: -1*, <null>, Announce)
  	Notify(SharpMUSH.Library.Models.SharpPlayer: SharpMUSH.Library.Models.SharpPlayer, *System.String: -1*, <null>, Announce)
  	Notify(SharpMUSH.Library.Models.SharpPlayer: SharpMUSH.Library.Models.SharpPlayer, *System.String: -1*, <null>, Announce)
  	Notify(SharpMUSH.Library.Models.SharpPlayer: SharpMUSH.Library.Models.SharpPlayer, *System.String: -1*, <null>, Announce)
  	Notify(SharpMUSH.Library.Models.SharpPlayer: SharpMUSH.Library.Models.SharpPlayer, *System.String: -1*, <null>, Announce)
  	Notify(SharpMUSH.Library.Models.SharpPlayer: SharpMUSH.Library.Models.SharpPlayer, *System.String: -1*, <null>, Announce)
  	Notify(SharpMUSH.Library.Models.SharpPlayer: SharpMUSH.Library.Models.SharpPlayer, *System.String: -1*, <null>, Announce)
  	Notify(SharpMUSH.Library.Models.SharpPlayer: SharpMUSH.Library.Models.SharpPlayer, *System.String: -1*, <null>, Announce)
  	Notify(SharpMUSH.Library.Models.SharpPlayer: SharpMUSH.Library.Models.SharpPlayer, *System.String: -1*, <null>, Announce)
  	Notify(SharpMUSH.Library.Models.SharpPlayer: SharpMUSH.Library.Models.SharpPlayer, *System.String: -1*, <null>, Announce)
  	Notify(SharpMUSH.Library.Models.SharpPlayer: SharpMUSH.Library.Models.SharpPlayer, *System.String: -1*, <null>, Announce)
  	Notify(SharpMUSH.Library.Models.SharpPlayer: SharpMUSH.Library.Models.SharpPlayer, *System.String: -1*, <null>, Announce)
  	Notify(SharpMUSH.Library.Models.SharpPlayer: SharpMUSH.Library.Models.SharpPlayer, *System.String: -1*, <null>, Announce)
  	Notify(SharpMUSH.Library.Models.SharpPlayer: SharpMUSH.Library.Models.SharpPlayer, *System.String: -1*, <null>, Announce)
  	Notify(SharpMUSH.Library.Models.SharpPlayer: SharpMUSH.Library.Models.SharpPlayer, *System.String: -1*, <null>, Announce)
  	Notify(SharpMUSH.Library.Models.SharpPlayer: SharpMUSH.Library.Models.SharpPlayer, *System.String: -1*, <null>, Announce)
  	Notify(SharpMUSH.Library.Models.SharpPlayer: SharpMUSH.Library.Models.SharpPlayer, *System.String: -1*, <null>, Announce)
  	Notify(SharpMUSH.Library.Models.SharpPlayer: SharpMUSH.Library.Models.SharpPlayer, *System.String: -1*, <null>, Announce)
  	Notify(SharpMUSH.Library.Models.SharpPlayer: SharpMUSH.Library.Models.SharpPlayer, *System.String: -1*, <null>, Announce)
  	Notify(SharpMUSH.Library.Models.SharpPlayer: SharpMUSH.Library.Models.SharpPlayer, *System.String: -1*, <null>, Announce)
  	Notify(SharpMUSH.Library.Models.SharpPlayer: SharpMUSH.Library.Models.SharpPlayer, *System.String: -1*, <null>, Announce)
  	Notify(SharpMUSH.Library.Models.SharpPlayer: SharpMUSH.Library.Models.SharpPlayer, *System.String: -1*, <null>, Announce)
  	Notify(SharpMUSH.Library.Models.SharpPlayer: SharpMUSH.Library.Models.SharpPlayer, *System.String: -1*, <null>, Announce)
  	Notify(SharpMUSH.Library.Models.SharpPlayer: SharpMUSH.Library.Models.SharpPlayer, *System.String: -1*, <null>, Announce)
  	Notify(SharpMUSH.Library.Models.SharpPlayer: SharpMUSH.Library.Models.SharpPlayer, *System.String: -1*, <null>, Announce)
  	Notify(SharpMUSH.Library.Models.SharpPlayer: SharpMUSH.Library.Models.SharpPlayer, *System.String: -1*, <null>, Announce)
  	Notify(SharpMUSH.Library.Models.SharpPlayer: SharpMUSH.Library.Models.SharpPlayer, *System.String: -1*, <null>, Announce)
  	Notify(SharpMUSH.Library.Models.SharpPlayer: SharpMUSH.Library.Models.SharpPlayer, *System.String: -1*, <null>, Announce)
  	Notify(SharpMUSH.Library.Models.SharpPlayer: SharpMUSH.Library.Models.SharpPlayer, *System.String: -1*, <null>, Announce)
  	Notify(SharpMUSH.Library.Models.SharpPlayer: SharpMUSH.Library.Models.SharpPlayer, *System.String: -1*, <null>, Announce)
  	Notify(SharpMUSH.Library.Models.SharpPlayer: SharpMUSH.Library.Models.SharpPlayer, *System.String: -1*, <null>, Announce)
  	Notify(SharpMUSH.Library.Models.SharpPlayer: SharpMUSH.Library.Models.SharpPlayer, *System.String: -1*, <null>, Announce)
  	Notify(SharpMUSH.Library.Models.SharpPlayer: SharpMUSH.Library.Models.SharpPlayer, *System.String: -1*, <null>, Announce)
  	Notify(SharpMUSH.Library.Models.SharpPlayer: SharpMUSH.Library.Models.SharpPlayer, *System.String: -1*, <null>, Announce)
  	Notify(SharpMUSH.Library.Models.SharpPlayer: SharpMUSH.Library.Models.SharpPlayer, *System.String: -1*, <null>, Announce)
  	Notify(SharpMUSH.Library.Models.SharpPlayer: SharpMUSH.Library.Models.SharpPlayer, *System.String: -1*, <null>, Announce)
  	Notify(SharpMUSH.Library.Models.SharpPlayer: SharpMUSH.Library.Models.SharpPlayer, *System.String: -1*, <null>, Announce)
  	Notify(SharpMUSH.Library.Models.SharpPlayer: SharpMUSH.Library.Models.SharpPlayer, *System.String: -1*, <null>, Announce)
  	Notify(SharpMUSH.Library.Models.SharpPlayer: SharpMUSH.Library.Models.SharpPlayer, *System.String: -1*, <null>, Announce)
  	Notify(SharpMUSH.Library.Models.SharpPlayer: SharpMUSH.Library.Models.SharpPlayer, *System.String: -1*, <null>, Announce)
  	Notify(SharpMUSH.Library.Models.SharpPlayer: SharpMUSH.Library.Models.SharpPlayer, *System.String: -1*, <null>, Announce)
  	Notify(SharpMUSH.Library.Models.SharpPlayer: SharpMUSH.Library.Models.SharpPlayer, *System.String: -1*, <null>, Announce)
  	Notify(SharpMUSH.Library.Models.SharpPlayer: SharpMUSH.Library.Models.SharpPlayer, *System.String: -1*, <null>, Announce)
  	Notify(SharpMUSH.Library.Models.SharpPlayer: SharpMUSH.Library.Models.SharpPlayer, *System.String: -1*, <null>, Announce)
  	Notify(SharpMUSH.Library.Models.SharpPlayer: SharpMUSH.Library.Models.SharpPlayer, *System.String: -1*, <null>, Announce)
  	Notify(SharpMUSH.Library.Models.SharpPlayer: SharpMUSH.Library.Models.SharpPlayer, *System.String: -1*, <null>, Announce)
  	Notify(SharpMUSH.Library.Models.SharpPlayer: SharpMUSH.Library.Models.SharpPlayer, *System.String: -1*, <null>, Announce)
  	Notify(SharpMUSH.Library.Models.SharpPlayer: SharpMUSH.Library.Models.SharpPlayer, *System.String: -1*, <null>, Announce)
  	Notify(SharpMUSH.Library.Models.SharpPlayer: SharpMUSH.Library.Models.SharpPlayer, *System.String: -1*, <null>, Announce)
  	Notify(SharpMUSH.Library.Models.SharpPlayer: SharpMUSH.Library.Models.SharpPlayer, *System.String: -1*, <null>, Announce)
  	Notify(SharpMUSH.Library.Models.SharpPlayer: SharpMUSH.Library.Models.SharpPlayer, *System.String: -1*, <null>, Announce)
  	Notify(SharpMUSH.Library.Models.SharpPlayer: SharpMUSH.Library.Models.SharpPlayer, *System.String: -1*, <null>, Announce)
  	Notify(SharpMUSH.Library.Models.SharpPlayer: SharpMUSH.Library.Models.SharpPlayer, *System.String: -1*, <null>, Announce)
  	Notify(SharpMUSH.Library.Models.SharpPlayer: SharpMUSH.Library.Models.SharpPlayer, *System.String: -1*, <null>, Announce)
  	Notify(SharpMUSH.Library.Models.SharpPlayer: SharpMUSH.Library.Models.SharpPlayer, *System.String: -1*, <null>, Announce)
  	Notify(SharpMUSH.Library.Models.SharpPlayer: SharpMUSH.Library.Models.SharpPlayer, *System.String: -1*, <null>, Announce)
  	Notify(SharpMUSH.Library.Models.SharpPlayer: SharpMUSH.Library.Models.SharpPlayer, *System.String: -1*, <null>, Announce)
  	Notify(SharpMUSH.Library.Models.SharpPlayer: SharpMUSH.Library.Models.SharpPlayer, *System.String: -1*, <null>, Announce)
  	Notify(SharpMUSH.Library.Models.SharpPlayer: SharpMUSH.Library.Models.SharpPlayer, *System.String: -1*, <null>, Announce)
  	Notify(SharpMUSH.Library.Models.SharpPlayer: SharpMUSH.Library.Models.SharpPlayer, *System.String: -1*, <null>, Announce)
  	Notify(SharpMUSH.Library.Models.SharpPlayer: SharpMUSH.Library.Models.SharpPlayer, *System.String: -1*, <null>, Announce)
  	Notify(SharpMUSH.Library.Models.SharpPlayer: SharpMUSH.Library.Models.SharpPlayer, *System.String: -1*, <null>, Announce)
  	Notify(SharpMUSH.Library.Models.SharpPlayer: SharpMUSH.Library.Models.SharpPlayer, *System.String: -1*, <null>, Announce)
  	Notify(SharpMUSH.Library.Models.SharpPlayer: SharpMUSH.Library.Models.SharpPlayer, *System.String: -1*, <null>, Announce)
  	Notify(SharpMUSH.Library.Models.SharpPlayer: SharpMUSH.Library.Models.SharpPlayer, *System.String: -1*, <null>, Announce)
  	Notify(SharpMUSH.Library.Models.SharpPlayer: SharpMUSH.Library.Models.SharpPlayer, *System.String: -1*, <null>, Announce)
  	Notify(SharpMUSH.Library.Models.SharpPlayer: SharpMUSH.Library.Models.SharpPlayer, *System.String: -1*, <null>, Announce)
  	Notify(SharpMUSH.Library.Models.SharpPlayer: SharpMUSH.Library.Models.SharpPlayer, *System.String: -1*, <null>, Announce)
  	Notify(SharpMUSH.Library.Models.SharpPlayer: SharpMUSH.Library.Models.SharpPlayer, *System.String: -1*, <null>, Announce)
  	Notify(SharpMUSH.Library.Models.SharpPlayer: SharpMUSH.Library.Models.SharpPlayer, *System.String: -1*, <null>, Announce)
  	Notify(SharpMUSH.Library.Models.SharpPlayer: SharpMUSH.Library.Models.SharpPlayer, *System.String: -1*, <null>, Announce)
  	Notify(SharpMUSH.Library.Models.SharpPlayer: SharpMUSH.Library.Models.SharpPlayer, *System.String: -1*, <null>, Announce)
  	Notify(SharpMUSH.Library.Models.SharpPlayer: SharpMUSH.Library.Models.SharpPlayer, *System.String: -1*, <null>, Announce)
  	Notify(SharpMUSH.Library.Models.SharpPlayer: SharpMUSH.Library.Models.SharpPlayer, *System.String: -1*, <null>, Announce)
  	Notify(SharpMUSH.Library.Models.SharpPlayer: SharpMUSH.Library.Models.SharpPlayer, *System.String: -1*, <null>, Announce)
  	Notify(SharpMUSH.Library.Models.SharpPlayer: SharpMUSH.Library.Models.SharpPlayer, *System.String: -1*, <null>, Announce)
  	Notify(SharpMUSH.Library.Models.SharpPlayer: SharpMUSH.Library.Models.SharpPlayer, *System.String: -1*, <null>, Announce)
  	Notify(SharpMUSH.Library.Models.SharpPlayer: SharpMUSH.Library.Models.SharpPlayer, *System.String: -1*, <null>, Announce)
  	Notify(SharpMUSH.Library.Models.SharpPlayer: SharpMUSH.Library.Models.SharpPlayer, *System.String: -1*, <null>, Announce)
  	Notify(SharpMUSH.Library.Models.SharpPlayer: SharpMUSH.Library.Models.SharpPlayer, *System.String: -1*, <null>, Announce)
  	Notify(SharpMUSH.Library.Models.SharpPlayer: SharpMUSH.Library.Models.SharpPlayer, *System.String: -1*, <null>, Announce)
  	Notify(SharpMUSH.Library.Models.SharpPlayer: SharpMUSH.Library.Models.SharpPlayer, *System.String: -1*, <null>, Announce)
  	Notify(SharpMUSH.Library.Models.SharpPlayer: SharpMUSH.Library.Models.SharpPlayer, *System.String: -1*, <null>, Announce)
  	Notify(SharpMUSH.Library.Models.SharpPlayer: SharpMUSH.Library.Models.SharpPlayer, *System.String: -1*, <null>, Announce)
  	Notify(SharpMUSH.Library.Models.SharpPlayer: SharpMUSH.Library.Models.SharpPlayer, *System.String: -1*, <null>, Announce)
  	Notify(SharpMUSH.Library.Models.SharpPlayer: SharpMUSH.Library.Models.SharpPlayer, *System.String: -1*, <null>, Announce)
  	Notify(SharpMUSH.Library.Models.SharpPlayer: SharpMUSH.Library.Models.SharpPlayer, *System.String: -1*, <null>, Announce)
  	Notify(SharpMUSH.Library.Models.SharpPlayer: SharpMUSH.Library.Models.SharpPlayer, *System.String: -1*, <null>, Announce)
  	Notify(SharpMUSH.Library.Models.SharpPlayer: SharpMUSH.Library.Models.SharpPlayer, *System.String: -1*, <null>, Announce)
  	Notify(SharpMUSH.Library.Models.SharpPlayer: SharpMUSH.Library.Models.SharpPlayer, *System.String: -1*, <null>, Announce)
  	Notify(SharpMUSH.Library.Models.SharpPlayer: SharpMUSH.Library.Models.SharpPlayer, *System.String: -1*, <null>, Announce)
  	Notify(SharpMUSH.Library.Models.SharpPlayer: SharpMUSH.Library.Models.SharpPlayer, *System.String: -1*, <null>, Announce)
  	Notify(SharpMUSH.Library.Models.SharpPlayer: SharpMUSH.Library.Models.SharpPlayer, *System.String: -1*, <null>, Announce)
  	Notify(SharpMUSH.Library.Models.SharpPlayer: SharpMUSH.Library.Models.SharpPlayer, *System.String: -1*, <null>, Announce)
  	Notify(SharpMUSH.Library.Models.SharpPlayer: SharpMUSH.Library.Models.SharpPlayer, *System.String: -1*, <null>, Announce)
  	Notify(SharpMUSH.Library.Models.SharpPlayer: SharpMUSH.Library.Models.SharpPlayer, *System.String: -1*, <null>, Announce)
  	Notify(SharpMUSH.Library.Models.SharpPlayer: SharpMUSH.Library.Models.SharpPlayer, *System.String: -1*, <null>, Announce)
  	Notify(SharpMUSH.Library.Models.SharpPlayer: SharpMUSH.Library.Models.SharpPlayer, *System.String: -1*, <null>, Announce)
  	Notify(SharpMUSH.Library.Models.SharpPlayer: SharpMUSH.Library.Models.SharpPlayer, *System.String: -1*, <null>, Announce)
  	Notify(SharpMUSH.Library.Models.SharpPlayer: SharpMUSH.Library.Models.SharpPlayer, *System.String: -1*, <null>, Announce)
  	Notify(SharpMUSH.Library.Models.SharpPlayer: SharpMUSH.Library.Models.SharpPlayer, *System.String: -1*, <null>, Announce)
  	Notify(SharpMUSH.Library.Models.SharpPlayer: SharpMUSH.Library.Models.SharpPlayer, *System.String: -1*, <null>, Announce)
  	Notify(SharpMUSH.Library.Models.SharpPlayer: SharpMUSH.Library.Models.SharpPlayer, *System.String: -1*, <null>, Announce)
  	Notify(SharpMUSH.Library.Models.SharpPlayer: SharpMUSH.Library.Models.SharpPlayer, *System.String: -1*, <null>, Announce)
  	Notify(SharpMUSH.Library.Models.SharpPlayer: SharpMUSH.Library.Models.SharpPlayer, *System.String: -1*, <null>, Announce)
  	Notify(SharpMUSH.Library.Models.SharpPlayer: SharpMUSH.Library.Models.SharpPlayer, *System.String: -1*, <null>, Announce)
  	Notify(SharpMUSH.Library.Models.SharpPlayer: SharpMUSH.Library.Models.SharpPlayer, *System.String: -1*, <null>, Announce)
  	Notify(SharpMUSH.Library.Models.SharpPlayer: SharpMUSH.Library.Models.SharpPlayer, *System.String: -1*, <null>, Announce)
  	Notify(SharpMUSH.Library.Models.SharpPlayer: SharpMUSH.Library.Models.SharpPlayer, *System.String: -1*, <null>, Announce)
  	Notify(SharpMUSH.Library.Models.SharpPlayer: SharpMUSH.Library.Models.SharpPlayer, *System.String: -1*, <null>, Announce)
  	Notify(SharpMUSH.Library.Models.SharpPlayer: SharpMUSH.Library.Models.SharpPlayer, *System.String: -1*, <null>, Announce)
  	Notify(SharpMUSH.Library.Models.SharpPlayer: SharpMUSH.Library.Models.SharpPlayer, *System.String: -1*, <null>, Announce)
  	Notify(SharpMUSH.Library.Models.SharpPlayer: SharpMUSH.Library.Models.SharpPlayer, *System.String: -1*, <null>, Announce)
  	Notify(SharpMUSH.Library.Models.SharpPlayer: SharpMUSH.Library.Models.SharpPlayer, *System.String: -1*, <null>, Announce)
  	Notify(SharpMUSH.Library.Models.SharpPlayer: SharpMUSH.Library.Models.SharpPlayer, *System.String: -1*, <null>, Announce)
  	Notify(SharpMUSH.Library.Models.SharpPlayer: SharpMUSH.Library.Models.SharpPlayer, *System.String: -1*, <null>, Announce)
  	Notify(SharpMUSH.Library.Models.SharpPlayer: SharpMUSH.Library.Models.SharpPlayer, *System.String: -1*, <null>, Announce)
  	Notify(SharpMUSH.Library.Models.SharpPlayer: SharpMUSH.Library.Models.SharpPlayer, *System.String: -1*, <null>, Announce)
  	Notify(SharpMUSH.Library.Models.SharpPlayer: SharpMUSH.Library.Models.SharpPlayer, *System.String: -1*, <null>, Announce)
  	Notify(SharpMUSH.Library.Models.SharpPlayer: SharpMUSH.Library.Models.SharpPlayer, *System.String: -1*, <null>, Announce)
  	Notify(SharpMUSH.Library.Models.SharpPlayer: SharpMUSH.Library.Models.SharpPlayer, *System.String: -1*, <null>, Announce)
  	Notify(SharpMUSH.Library.Models.SharpPlayer: SharpMUSH.Library.Models.SharpPlayer, *System.String: -1*, <null>, Announce)
  	Notify(SharpMUSH.Library.Models.SharpPlayer: SharpMUSH.Library.Models.SharpPlayer, *System.String: -1*, <null>, Announce)
  	Notify(SharpMUSH.Library.Models.SharpPlayer: SharpMUSH.Library.Models.SharpPlayer, *System.String: -1*, <null>, Announce)
  	Notify(SharpMUSH.Library.Models.SharpPlayer: SharpMUSH.Library.Models.SharpPlayer, *System.String: -1*, <null>, Announce)
  	Notify(SharpMUSH.Library.Models.SharpPlayer: SharpMUSH.Library.Models.SharpPlayer, *System.String: -1*, <null>, Announce)
  	Notify(SharpMUSH.Library.Models.SharpPlayer: SharpMUSH.Library.Models.SharpPlayer, *System.String: -1*, <null>, Announce)
  	Notify(SharpMUSH.Library.Models.SharpPlayer: SharpMUSH.Library.Models.SharpPlayer, *System.String: -1*, <null>, Announce)
  	Notify(SharpMUSH.Library.Models.SharpPlayer: SharpMUSH.Library.Models.SharpPlayer, *System.String: -1*, <null>, Announce)
  	Notify(SharpMUSH.Library.Models.SharpPlayer: SharpMUSH.Library.Models.SharpPlayer, *System.String: -1*, <null>, Announce)
  	Notify(SharpMUSH.Library.Models.SharpPlayer: SharpMUSH.Library.Models.SharpPlayer, *System.String: -1*, <null>, Announce)
  	Notify(SharpMUSH.Library.Models.SharpPlayer: SharpMUSH.Library.Models.SharpPlayer, *System.String: -1*, <null>, Announce)
  	Notify(SharpMUSH.Library.Models.SharpPlayer: SharpMUSH.Library.Models.SharpPlayer, *System.String: -1*, <null>, Announce)
  	Notify(SharpMUSH.Library.Models.SharpPlayer: SharpMUSH.Library.Models.SharpPlayer, *System.String: -1*, <null>, Announce)
  	Notify(SharpMUSH.Library.Models.SharpPlayer: SharpMUSH.Library.Models.SharpPlayer, *System.String: -1*, <null>, Announce)
  	Notify(SharpMUSH.Library.Models.SharpPlayer: SharpMUSH.Library.Models.SharpPlayer, *System.String: -1*, <null>, Announce)
  	Notify(SharpMUSH.Library.Models.SharpPlayer: SharpMUSH.Library.Models.SharpPlayer, *System.String: -1*, <null>, Announce)
  	Notify(SharpMUSH.Library.Models.SharpPlayer: SharpMUSH.Library.Models.SharpPlayer, *System.String: -1*, <null>, Announce)
  	Notify(SharpMUSH.Library.Models.SharpPlayer: SharpMUSH.Library.Models.SharpPlayer, *System.String: -1*, <null>, Announce)
  	Notify(SharpMUSH.Library.Models.SharpPlayer: SharpMUSH.Library.Models.SharpPlayer, *System.String: -1*, <null>, Announce)
  	Notify(SharpMUSH.Library.Models.SharpPlayer: SharpMUSH.Library.Models.SharpPlayer, *System.String: -1*, <null>, Announce)
  	Notify(SharpMUSH.Library.Models.SharpPlayer: SharpMUSH.Library.Models.SharpPlayer, *System.String: -1*, <null>, Announce)
  	Notify(SharpMUSH.Library.Models.SharpPlayer: SharpMUSH.Library.Models.SharpPlayer, *System.String: -1*, <null>, Announce)
  	Notify(SharpMUSH.Library.Models.SharpPlayer: SharpMUSH.Library.Models.SharpPlayer, *System.String: -1*, <null>, Announce)
  	Notify(SharpMUSH.Library.Models.SharpPlayer: SharpMUSH.Library.Models.SharpPlayer, *System.String: -1*, <null>, Announce)
  	Notify(SharpMUSH.Library.Models.SharpPlayer: SharpMUSH.Library.Models.SharpPlayer, *System.String: -1*, <null>, Announce)
  	Notify(SharpMUSH.Library.Models.SharpPlayer: SharpMUSH.Library.Models.SharpPlayer, *System.String: -1*, <null>, Announce)
  	Notify(SharpMUSH.Library.Models.SharpPlayer: SharpMUSH.Library.Models.SharpPlayer, *System.String: -1*, <null>, Announce)
  	Notify(SharpMUSH.Library.Models.SharpPlayer: SharpMUSH.Library.Models.SharpPlayer, *System.String: Command1 Arg*, <null>, Announce)
  	Notify(SharpMUSH.Library.Models.SharpPlayer: SharpMUSH.Library.Models.SharpPlayer, *System.String: Command2 Arg*, <null>, Announce)
  	Notify(SharpMUSH.Library.Models.SharpPlayer: SharpMUSH.Library.Models.SharpPlayer, *System.String: 32*, <null>, Announce)
  	Notify(SharpMUSH.Library.Models.SharpPlayer: SharpMUSH.Library.Models.SharpPlayer, *System.String: [1;31mred[0m*, <null>, Announce)
  	Notify(SharpMUSH.Library.Models.SharpPlayer: SharpMUSH.Library.Models.SharpPlayer, *System.String: [1;32mgreen[0m*, <null>, Announce)
  	Notify(SharpMUSH.Library.Models.SharpPlayer: SharpMUSH.Library.Models.SharpPlayer, *System.String: 36*, <null>, Announce)
  	Notify(SharpMUSH.Library.Models.SharpPlayer: SharpMUSH.Library.Models.SharpPlayer, *System.String: 57*, <null>, Announce)
  	Notify(SharpMUSH.Library.Models.SharpPlayer: SharpMUSH.Library.Models.SharpPlayer, *System.String: Command3 Arg*, <null>, Announce)
  	Notify(SharpMUSH.Library.Models.SharpPlayer: SharpMUSH.Library.Models.SharpPlayer, *System.String: Command4 Arg.*, <null>, Announce)
  	Notify(SharpMUSH.Library.Models.SharpPlayer: SharpMUSH.Library.Models.SharpPlayer, *System.String: 34*, <null>, Announce)
  	Notify(SharpMUSH.Library.Models.SharpPlayer: SharpMUSH.Library.Models.SharpPlayer, *System.String: 55*, <null>, Announce)
  	Notify(SharpMUSH.Library.Models.SharpPlayer: SharpMUSH.Library.Models.SharpPlayer, *System.String: [add(1,2)]3*, <null>, Announce)
  	Notify(SharpMUSH.Library.Models.SharpPlayer: SharpMUSH.Library.Models.SharpPlayer, *System.String: 31*, <null>, Announce)
  	Notify(SharpMUSH.Library.Models.SharpPlayer: SharpMUSH.Library.Models.SharpPlayer, *System.String: Command1 Arg;think Command2 Arg*, <null>, Announce)
  	Notify(SharpMUSH.Library.Models.SharpPlayer: SharpMUSH.Library.Models.SharpPlayer, *System.String: Configuration Categories:*, <null>, Announce)
  	Notify(SharpMUSH.Library.Models.SharpPlayer: SharpMUSH.Library.Models.SharpPlayer, *System.String:   Attribute*, <null>, Announce)
  	Notify(SharpMUSH.Library.Models.SharpPlayer: SharpMUSH.Library.Models.SharpPlayer, *System.String:   Chat*, <null>, Announce)
  	Notify(SharpMUSH.Library.Models.SharpPlayer: SharpMUSH.Library.Models.SharpPlayer, *System.String:   Command*, <null>, Announce)
  	Notify(SharpMUSH.Library.Models.SharpPlayer: SharpMUSH.Library.Models.SharpPlayer, *System.String:   Compatibility*, <null>, Announce)
  	Notify(SharpMUSH.Library.Models.SharpPlayer: SharpMUSH.Library.Models.SharpPlayer, *System.String:   Cosmetic*, <null>, Announce)
  	Notify(SharpMUSH.Library.Models.SharpPlayer: SharpMUSH.Library.Models.SharpPlayer, *System.String:   Cost*, <null>, Announce)
  	Notify(SharpMUSH.Library.Models.SharpPlayer: SharpMUSH.Library.Models.SharpPlayer, *System.String:   Database*, <null>, Announce)
  	Notify(SharpMUSH.Library.Models.SharpPlayer: SharpMUSH.Library.Models.SharpPlayer, *System.String:   Dump*, <null>, Announce)
  	Notify(SharpMUSH.Library.Models.SharpPlayer: SharpMUSH.Library.Models.SharpPlayer, *System.String:   File*, <null>, Announce)
  	Notify(SharpMUSH.Library.Models.SharpPlayer: SharpMUSH.Library.Models.SharpPlayer, *System.String:   Flag*, <null>, Announce)
  	Notify(SharpMUSH.Library.Models.SharpPlayer: SharpMUSH.Library.Models.SharpPlayer, *System.String:   Function*, <null>, Announce)
  	Notify(SharpMUSH.Library.Models.SharpPlayer: SharpMUSH.Library.Models.SharpPlayer, *System.String:   Limit*, <null>, Announce)
  	Notify(SharpMUSH.Library.Models.SharpPlayer: SharpMUSH.Library.Models.SharpPlayer, *System.String:   Log*, <null>, Announce)
  	Notify(SharpMUSH.Library.Models.SharpPlayer: SharpMUSH.Library.Models.SharpPlayer, *System.String:   Message*, <null>, Announce)
  	Notify(SharpMUSH.Library.Models.SharpPlayer: SharpMUSH.Library.Models.SharpPlayer, *System.String:   Net*, <null>, Announce)
  	Notify(SharpMUSH.Library.Models.SharpPlayer: SharpMUSH.Library.Models.SharpPlayer, *System.String:   Debug*, <null>, Announce)
  	Notify(SharpMUSH.Library.Models.SharpPlayer: SharpMUSH.Library.Models.SharpPlayer, *System.String:   Alias*, <null>, Announce)
  	Notify(SharpMUSH.Library.Models.SharpPlayer: SharpMUSH.Library.Models.SharpPlayer, *System.String:   Restriction*, <null>, Announce)
  	Notify(SharpMUSH.Library.Models.SharpPlayer: SharpMUSH.Library.Models.SharpPlayer, *System.String:   BannedNames*, <null>, Announce)
  	Notify(SharpMUSH.Library.Models.SharpPlayer: SharpMUSH.Library.Models.SharpPlayer, *System.String:   SitelockRules*, <null>, Announce)
  	Notify(SharpMUSH.Library.Models.SharpPlayer: SharpMUSH.Library.Models.SharpPlayer, *System.String:   Warning*, <null>, Announce)
  	Notify(SharpMUSH.Library.Models.SharpPlayer: SharpMUSH.Library.Models.SharpPlayer, *System.String:   TextFile*, <null>, Announce)
  	Notify(SharpMUSH.Library.Models.SharpPlayer: SharpMUSH.Library.Models.SharpPlayer, *System.String: Use '@config <category>' to see options in a category.*, <null>, Announce)
  	Notify(SharpMUSH.Library.Models.SharpPlayer: SharpMUSH.Library.Models.SharpPlayer, *System.String: Use '@config <option>' to see the value of an option.*, <null>, Announce)
  	Notify(SharpMUSH.Library.Models.SharpPlayer: SharpMUSH.Library.Models.SharpPlayer, *System.String: Options in Net:*, <null>, Announce)
  	Notify(SharpMUSH.Library.Models.SharpPlayer: SharpMUSH.Library.Models.SharpPlayer, *System.String:   guests: True*, <null>, Announce)
  	Notify(SharpMUSH.Library.Models.SharpPlayer: SharpMUSH.Library.Models.SharpPlayer, *System.String:   ip_addr: null*, <null>, Announce)
  	Notify(SharpMUSH.Library.Models.SharpPlayer: SharpMUSH.Library.Models.SharpPlayer, *System.String:   json_unsafe_unescape: False*, <null>, Announce)
  	Notify(SharpMUSH.Library.Models.SharpPlayer: SharpMUSH.Library.Models.SharpPlayer, *System.String:   logins: True*, <null>, Announce)
  	Notify(SharpMUSH.Library.Models.SharpPlayer: SharpMUSH.Library.Models.SharpPlayer, *System.String:   mud_name: PennMUSH Emulation by SharpMUSH*, <null>, Announce)
  	Notify(SharpMUSH.Library.Models.SharpPlayer: SharpMUSH.Library.Models.SharpPlayer, *System.String:   mud_url: null*, <null>, Announce)
  	Notify(SharpMUSH.Library.Models.SharpPlayer: SharpMUSH.Library.Models.SharpPlayer, *System.String:   player_creation: True*, <null>, Announce)
  	Notify(SharpMUSH.Library.Models.SharpPlayer: SharpMUSH.Library.Models.SharpPlayer, *System.String:   port: 4203*, <null>, Announce)
  	Notify(SharpMUSH.Library.Models.SharpPlayer: SharpMUSH.Library.Models.SharpPlayer, *System.String:   portal_port: 5117*, <null>, Announce)
  	Notify(SharpMUSH.Library.Models.SharpPlayer: SharpMUSH.Library.Models.SharpPlayer, *System.String:   pueblo: False*, <null>, Announce)
  	Notify(SharpMUSH.Library.Models.SharpPlayer: SharpMUSH.Library.Models.SharpPlayer, *System.String:   socket_file: data/netmush.sock*, <null>, Announce)
  	Notify(SharpMUSH.Library.Models.SharpPlayer: SharpMUSH.Library.Models.SharpPlayer, *System.String:   sql_database: mush*, <null>, Announce)
  	Notify(SharpMUSH.Library.Models.SharpPlayer: SharpMUSH.Library.Models.SharpPlayer, *System.String:   sql_host: 127.0.0.1*, <null>, Announce)
  	Notify(SharpMUSH.Library.Models.SharpPlayer: SharpMUSH.Library.Models.SharpPlayer, *System.String:   sql_password: mush*, <null>, Announce)
  	Notify(SharpMUSH.Library.Models.SharpPlayer: SharpMUSH.Library.Models.SharpPlayer, *System.String:   sql_platform: disabled*, <null>, Announce)
  	Notify(SharpMUSH.Library.Models.SharpPlayer: SharpMUSH.Library.Models.SharpPlayer, *System.String:   sql_username: mush*, <null>, Announce)
  	Notify(SharpMUSH.Library.Models.SharpPlayer: SharpMUSH.Library.Models.SharpPlayer, *System.String:   ssl_ip_addr: null*, <null>, Announce)
  	Notify(SharpMUSH.Library.Models.SharpPlayer: SharpMUSH.Library.Models.SharpPlayer, *System.String:   ssl_port: 0*, <null>, Announce)
  	Notify(SharpMUSH.Library.Models.SharpPlayer: SharpMUSH.Library.Models.SharpPlayer, *System.String:   ssl_portal_port: 7296*, <null>, Announce)
  	Notify(SharpMUSH.Library.Models.SharpPlayer: SharpMUSH.Library.Models.SharpPlayer, *System.String:   ssl_require_clientcert: False*, <null>, Announce)
  	Notify(SharpMUSH.Library.Models.SharpPlayer: SharpMUSH.Library.Models.SharpPlayer, *System.String:   use_dns: True*, <null>, Announce)
  	Notify(SharpMUSH.Library.Models.SharpPlayer: SharpMUSH.Library.Models.SharpPlayer, *System.String:   use_ws: True*, <null>, Announce)
  	Notify(SharpMUSH.Library.Models.SharpPlayer: SharpMUSH.Library.Models.SharpPlayer, *System.String:   ws_url: /wsclient*, <null>, Announce)
  	Notify(SharpMUSH.Library.Models.SharpPlayer: SharpMUSH.Library.Models.SharpPlayer, *System.String: Attribute DOING SET.*, SharpMUSH.Library.Models.SharpPlayer: SharpMUSH.Library.Models.SharpPlayer, Announce)
  	Notify(SharpMUSH.Library.Models.SharpPlayer: SharpMUSH.Library.Models.SharpPlayer, *System.String: No configuration category or option named 'test_string_CONFIG_invalid_option'.*, <null>, Announce)
  	Notify(SharpMUSH.Library.Models.SharpPlayer: SharpMUSH.Library.Models.SharpPlayer, *System.String: Attribute MONIKER SET.*, SharpMUSH.Library.Models.SharpPlayer: SharpMUSH.Library.Models.SharpPlayer, Announce)
  	Notify(SharpMUSH.Library.Models.SharpPlayer: SharpMUSH.Library.Models.SharpPlayer, *System.String: Moniker set.*, <null>, Announce)
  	Notify(SharpMUSH.Library.Models.SharpPlayer: SharpMUSH.Library.Models.SharpPlayer, *System.String: Usage: @motd[/<type>] <message>*, <null>, Announce)
  	Notify(SharpMUSH.Library.Models.SharpPlayer: SharpMUSH.Library.Models.SharpPlayer, *System.String: Current Message of the Day settings:*, <null>, Announce)
  	Notify(SharpMUSH.Library.Models.SharpPlayer: SharpMUSH.Library.Models.SharpPlayer, *System.String:   Connect MOTD File: txt/motd.txt*, <null>, Announce)
  	Notify(SharpMUSH.Library.Models.SharpPlayer: SharpMUSH.Library.Models.SharpPlayer, *System.String:   Connect MOTD HTML: txt/motd.html*, <null>, Announce)
  	Notify(SharpMUSH.Library.Models.SharpPlayer: SharpMUSH.Library.Models.SharpPlayer, *System.String:   Wizard MOTD File: txt/wizmotd.txt*, <null>, Announce)
  	Notify(SharpMUSH.Library.Models.SharpPlayer: SharpMUSH.Library.Models.SharpPlayer, *System.String:   Wizard MOTD HTML: txt/wizmotd.html*, <null>, Announce)
  	Notify(SharpMUSH.Library.Models.SharpPlayer: SharpMUSH.Library.Models.SharpPlayer, *System.String: *, <null>, Announce)
  	Notify(SharpMUSH.Library.Models.SharpPlayer: SharpMUSH.Library.Models.SharpPlayer, *System.String: Temporary Message of the Day (cleared on restart):*, <null>, Announce)
  	Notify(SharpMUSH.Library.Models.SharpPlayer: SharpMUSH.Library.Models.SharpPlayer, *System.String:   Connect MOTD: (not set)*, <null>, Announce)
  	Notify(SharpMUSH.Library.Models.SharpPlayer: SharpMUSH.Library.Models.SharpPlayer, *System.String:   Wizard MOTD:  (not set)*, <null>, Announce)
  	Notify(SharpMUSH.Library.Models.SharpPlayer: SharpMUSH.Library.Models.SharpPlayer, *System.String:   Down MOTD:    (not set)*, <null>, Announce)
  	Notify(SharpMUSH.Library.Models.SharpPlayer: SharpMUSH.Library.Models.SharpPlayer, *System.String:   Full MOTD:    (not set)*, <null>, Announce)
  	Notify(SharpMUSH.Library.Models.SharpPlayer: SharpMUSH.Library.Models.SharpPlayer, *System.String: Usage: @wizmotd <message>*, <null>, Announce)
  	Notify(SharpMUSH.Library.Models.SharpPlayer: SharpMUSH.Library.Models.SharpPlayer, *System.String: Usage: @rejectmotd <message>*, <null>, Announce)
  	Notify(SharpMUSH.Library.Models.SharpPlayer: SharpMUSH.Library.Models.SharpPlayer, *System.String: mud_name: PennMUSH Emulation by SharpMUSH*, <null>, Announce)
  	Notify(SharpMUSH.Library.Models.SharpPlayer: SharpMUSH.Library.Models.SharpPlayer, *System.String:   Description: Name of your MUSH as displayed to players*, <null>, Announce)
  	Notify(SharpMUSH.Library.Models.SharpPlayer: SharpMUSH.Library.Models.SharpPlayer, *System.String:   Category: Net*, <null>, Announce)
  	Notify(SharpMUSH.Library.Models.SharpPlayer: SharpMUSH.Library.Models.SharpPlayer, *System.String: Player Name            On For   Idle  Doing                           
  God                        3s     0s  Test activity                   
  1 players logged in.*, <null>, Announce)
  	Notify(SharpMUSH.Library.Models.SharpPlayer: SharpMUSH.Library.Models.SharpPlayer, *System.String: @enable is equivalent to @config/set noisy_whisper=yes*, <null>, Announce)
  	Notify(SharpMUSH.Library.Models.SharpPlayer: SharpMUSH.Library.Models.SharpPlayer, *System.String: Runtime configuration modification is not yet implemented. Changes require server restart.*, <null>, Announce)
  	Notify(SharpMUSH.Library.Models.SharpPlayer: SharpMUSH.Library.Models.SharpPlayer, *System.String: Current value: noisy_whisper=False*, <null>, Announce)
  	Notify(SharpMUSH.Library.Models.SharpPlayer: SharpMUSH.Library.Models.SharpPlayer, *System.String: Option 'probate_judge' is not a boolean option. Use @config/set instead.*, <null>, Announce)
  	Notify(SharpMUSH.Library.Models.SharpPlayer: SharpMUSH.Library.Models.SharpPlayer, *System.String: Usage: @enable <option>*, <null>, Announce)
  	Notify(SharpMUSH.Library.Models.SharpPlayer: SharpMUSH.Library.Models.SharpPlayer, *System.String: Usage: @disable <option>*, <null>, Announce)
  	Notify(SharpMUSH.Library.Models.SharpPlayer: SharpMUSH.Library.Models.SharpPlayer, *System.String: Player Name            On For   Idle  Doing                           
  
  0 players logged in.*, <null>, Announce)
  	Notify(SharpMUSH.Library.Models.SharpPlayer: SharpMUSH.Library.Models.SharpPlayer, *System.String: No configuration option named 'test_string_DISABLE_invalid_option_xyz'.*, <null>, Announce)
  	Notify(SharpMUSH.Library.Models.SharpPlayer: SharpMUSH.Library.Models.SharpPlayer, *System.String: No configuration option named 'test_string_ENABLE_invalid_option_xyz'.*, <null>, Announce)
  	Notify(SharpMUSH.Library.Models.SharpPlayer: SharpMUSH.Library.Models.SharpPlayer, *System.String: @disable is equivalent to @config/set noisy_whisper=no*, <null>, Announce)
  	Notify(SharpMUSH.Library.Models.SharpPlayer: SharpMUSH.Library.Models.SharpPlayer, *System.String: Runtime configuration modification is not yet implemented. Changes require server restart.*, <null>, Announce)
  	Notify(SharpMUSH.Library.Models.SharpPlayer: SharpMUSH.Library.Models.SharpPlayer, *System.String: Current value: noisy_whisper=False*, <null>, Announce)
  	Notify(SharpMUSH.Library.Models.SharpPlayer: SharpMUSH.Library.Models.SharpPlayer, *System.String: Option 'mud_name' is not a boolean option. Use @config/set instead.*, <null>, Announce)
  	Notify(SharpMUSH.Library.Models.SharpPlayer: SharpMUSH.Library.Models.SharpPlayer, *System.String: Power 'TEST_POWER_E9AB9A3B' created with alias 'TPOW'.*, <null>, Announce)
  	Notify(SharpMUSH.Library.Models.SharpPlayer: SharpMUSH.Library.Models.SharpPlayer, *System.String: Object Powers:
  Name                 Alias              Type Restrictions
  -------------------- ------------------ -------------------
  Announce                                ROOM,PLAYER,EXIT,THING
  Boot                                    ROOM,PLAYER,EXIT,THING
  Builder                                 ROOM,PLAYER,EXIT,THING
  Can_Dark                                PLAYER
  Can_HTTP                                ROOM,PLAYER,EXIT,THING
  Can_Spoof                               ROOM,PLAYER,EXIT,THING
  Chat_Privs                              ROOM,PLAYER,EXIT,THING
  Debit                                   ROOM,PLAYER,EXIT,THING
  Functions                               ROOM,PLAYER,EXIT,THING
  Guest                                   ROOM,PLAYER,EXIT,THING
  Halt                                    ROOM,PLAYER,EXIT,THING
  Hide                                    ROOM,PLAYER,EXIT,THING
  Hook                                    ROOM,PLAYER,EXIT,THING
  Idle                                    ROOM,PLAYER,EXIT,THING
  Immortal                                ROOM,PLAYER,EXIT,THING
  Link_Anywhere                           ROOM,PLAYER,EXIT,THING
  Login                                   ROOM,PLAYER,EXIT,THING
  Long_Fingers                            ROOM,PLAYER,EXIT,THING
  Many_Attribs                            ROOM,PLAYER,EXIT,THING
  No_Pay                                  ROOM,PLAYER,EXIT,THING
  No_Quota                                ROOM,PLAYER,EXIT,THING
  Open_Anywhere                           ROOM,PLAYER,EXIT,THING
  Pemit_All                               ROOM,PLAYER,EXIT,THING
  Pick_DBRefs                             ROOM,PLAYER,EXIT,THING
  Player_Create                           ROOM,PLAYER,EXIT,THING
  Poll                                    ROOM,PLAYER,EXIT,THING
  Pueblo_Send                             ROOM,PLAYER,EXIT,THING
  Queue                                   ROOM,PLAYER,EXIT,THING
  Search                                  ROOM,PLAYER,EXIT,THING
  See_All                                 ROOM,PLAYER,EXIT,THING
  See_Queue                               ROOM,PLAYER,EXIT,THING
  See_OOB                                 ROOM,PLAYER,EXIT,THING
  SQL_OK                                  ROOM,PLAYER,EXIT,THING
  Tport_Anything                          ROOM,PLAYER,EXIT,THING
  Tport_Anywhere                          ROOM,PLAYER,EXIT,THING
  Unkillable                              ROOM,PLAYER,EXIT,THING*, <null>, Announce)
  	Notify(SharpMUSH.Library.Models.SharpPlayer: SharpMUSH.Library.Models.SharpPlayer, *System.String: Object Flags:
  Name                 Symbol Type Restrictions
  -------------------- ------ -------------------
  WIZARD               W      ROOM,PLAYER,EXIT,THING
  ABODE                A      ROOM
  ANSI                 A      PLAYER
  CHOWN_OK             C      ROOM,PLAYER,THING
  COLOR                C      PLAYER
  DARK                 D      ROOM,PLAYER,EXIT,THING
  FIXED                F      PLAYER
  FLOATING             F      ROOM
  HAVEN                H      PLAYER
  TRUST                I      ROOM,PLAYER,EXIT,THING
  JUDGE                J      PLAYER
  JUMP_OK              J      ROOM
  LINK_OK              L      ROOM,PLAYER,EXIT,THING
  MONITOR              M      ROOM,PLAYER,THING
  NO_LEAVE             N      THING
  NO_TEL               N      ROOM
  OPAQUE               O      ROOM,PLAYER,EXIT,THING
  QUIET                Q      ROOM,PLAYER,EXIT,THING
  UNFINDABLE           U      ROOM,PLAYER,EXIT,THING
  VISUAL               V      ROOM,PLAYER,EXIT,THING
  SAFE                 X      ROOM,PLAYER,EXIT,THING
  SHARED               Z      PLAYER
  Z_TEL                Z      ROOM,THING
  LISTEN_PARENT        ^      PLAYER,THING,ROOM
  NOACCENTS            ~      PLAYER,THING,ROOM
  UNREGISTERED         ?      PLAYER
  NOSPOOF              "      ROOM,PLAYER,EXIT,THING
  AUDIBLE              a      ROOM,PLAYER,EXIT,THING
  DEBUG                b      ROOM,PLAYER,EXIT,THING
  DESTROY_OK           d      THING
  ENTER_OK             e      ROOM,PLAYER,EXIT,THING
  GAGGED               g      PLAYER
  HALT                 h      ROOM,PLAYER,EXIT,THING
  ORPHAN               i      ROOM,PLAYER,EXIT,THING
  JURY_OK              j      PLAYER
  KEEPALIVE            k      PLAYER
  LIGHT                l      ROOM,PLAYER,EXIT,THING
  MISTRUST             m      PLAYER,EXIT,THING
  MISTRUST             m      PLAYER,EXIT,THING
  NO_COMMAND           n      ROOM,PLAYER,EXIT,THING
  ON_VACATION          o      PLAYER
  PUPPET               P      THING
  ROYALTY              r      ROOM,PLAYER,EXIT,THING
  SUSPECT              s      ROOM,PLAYER,EXIT,THING
  TRANSPARENT          t      ROOM,PLAYER,EXIT,THING
  VERBOSE              v      ROOM,PLAYER,EXIT,THING
  NO_WARN              w      ROOM,PLAYER,EXIT,THING
  CLOUDY               x      EXIT
  CHAN_USEFIRSTMATCH          ROOM,PLAYER,EXIT,THING
  HEAR_CONNECT                PLAYER
  HEAVY                       ROOM,PLAYER,EXIT,THING
  LOUD                        PLAYER
  NO_LOG                      PLAYER
  PARANOID                    PLAYER
  TRACK_MONEY                 PLAYER
  XTERM256                    PLAYER
  MONIKER                     ROOM,PLAYER,EXIT,THING
  OPEN_OK                     ROOM
  GOING                g      ROOM,PLAYER,EXIT,THING
  GOING_TWICE                 ROOM,PLAYER,EXIT,THING*, <null>, Announce)
  	Notify(SharpMUSH.Library.Models.SharpPlayer: SharpMUSH.Library.Models.SharpPlayer, *System.String: Flag 'TEST_FLAG_36F4C586' created with symbol 'T'.*, <null>, Announce)
  	Notify(SharpMUSH.Library.Models.SharpPlayer: SharpMUSH.Library.Models.SharpPlayer, *System.String: Flag 'TEST_FLAG_EF8D1235' created with symbol 'T'.*, <null>, Announce)
  	Notify(SharpMUSH.Library.Models.SharpPlayer: SharpMUSH.Library.Models.SharpPlayer, *System.String: Flag 'TEST_FLAG_7EE4E12F' created with symbol 'T'.*, <null>, Announce)
  	Notify(SharpMUSH.Library.Models.SharpPlayer: SharpMUSH.Library.Models.SharpPlayer, *System.String: Flag 'TEST_FLAG_7EE4E12F' already exists.*, <null>, Announce)
  	Notify(SharpMUSH.Library.Models.SharpPlayer: SharpMUSH.Library.Models.SharpPlayer, *System.String: Flag 'TEST_FLAG_310C1EAA' deleted.*, <null>, Announce)
  	Notify(SharpMUSH.Library.Models.SharpPlayer: SharpMUSH.Library.Models.SharpPlayer, *System.String: Cannot delete system flag 'WIZARD'.*, <null>, Announce)
  	Notify(SharpMUSH.Library.Models.SharpPlayer: SharpMUSH.Library.Models.SharpPlayer, *System.String: Flag 'NONEXISTENT_FLAG_XYZ123' not found.*, <null>, Announce)
  	Notify(SharpMUSH.Library.Models.SharpPlayer: SharpMUSH.Library.Models.SharpPlayer, *System.String: Power 'TEST_POWER_ENABLE_556A3B81' created with alias 'TPOW'.*, <null>, Announce)
  	Notify(SharpMUSH.Library.Models.SharpPlayer: SharpMUSH.Library.Models.SharpPlayer, *System.String: Power 'TEST_POWER_ENABLE_556A3B81' disabled.*, <null>, Announce)
  	Notify(SharpMUSH.Library.Models.SharpPlayer: SharpMUSH.Library.Models.SharpPlayer, *System.String: Power 'TEST_POWER_ENABLE_556A3B81' enabled.*, <null>, Announce)
  	Notify(SharpMUSH.Library.Models.SharpPlayer: SharpMUSH.Library.Models.SharpPlayer, *System.String: Power 'TEST_POWER_DISABLE_FA5E4FB5' created with alias 'TPOW'.*, <null>, Announce)
  	Notify(SharpMUSH.Library.Models.SharpPlayer: SharpMUSH.Library.Models.SharpPlayer, *System.String: Power 'TEST_POWER_DISABLE_FA5E4FB5' disabled.*, <null>, Announce)
  	Notify(SharpMUSH.Library.Models.SharpPlayer: SharpMUSH.Library.Models.SharpPlayer, *System.String: Cannot disable system power 'Builder'.*, <null>, Announce)
  	Notify(SharpMUSH.Library.Models.SharpPlayer: SharpMUSH.Library.Models.SharpPlayer, *System.String: Flag 'TEST_FLAG_ENABLE_F9F4489C' created with symbol 'T'.*, <null>, Announce)
  	Notify(SharpMUSH.Library.Models.SharpPlayer: SharpMUSH.Library.Models.SharpPlayer, *System.String: Flag 'TEST_FLAG_ENABLE_F9F4489C' disabled.*, <null>, Announce)
  	Notify(SharpMUSH.Library.Models.SharpPlayer: SharpMUSH.Library.Models.SharpPlayer, *System.String: Flag 'TEST_FLAG_ENABLE_F9F4489C' enabled.*, <null>, Announce)
  	Notify(SharpMUSH.Library.Models.SharpPlayer: SharpMUSH.Library.Models.SharpPlayer, *System.String: Flag 'TEST_FLAG_DISABLE_842F3BDD' created with symbol 'T'.*, <null>, Announce)
  	Notify(SharpMUSH.Library.Models.SharpPlayer: SharpMUSH.Library.Models.SharpPlayer, *System.String: Flag 'TEST_FLAG_DISABLE_842F3BDD' disabled.*, <null>, Announce)
  	Notify(SharpMUSH.Library.Models.SharpPlayer: SharpMUSH.Library.Models.SharpPlayer, *System.String: @POWER/ADD requires power name and alias.*, <null>, Announce)
  	Notify(SharpMUSH.Library.Models.SharpPlayer: SharpMUSH.Library.Models.SharpPlayer, *System.String: @FLAG/ADD requires flag name and symbol.*, <null>, Announce)
  	Notify(SharpMUSH.Library.Models.SharpPlayer: SharpMUSH.Library.Models.SharpPlayer, *System.String: Power 'NONEXISTENT_POWER_XYZ123' not found.*, <null>, Announce)
  	Notify(SharpMUSH.Library.Models.SharpPlayer: SharpMUSH.Library.Models.SharpPlayer, *System.String: Cannot delete system power 'BUILDER'.*, <null>, Announce)
  	Notify(SharpMUSH.Library.Models.SharpPlayer: SharpMUSH.Library.Models.SharpPlayer, *System.String: Power 'TEST_POWER_9E7AFEEF' deleted.*, <null>, Announce)
  	Notify(SharpMUSH.Library.Models.SharpPlayer: SharpMUSH.Library.Models.SharpPlayer, *System.String: Power 'TEST_POWER_F0978529' created with alias 'TPOW'.*, <null>, Announce)
  	Notify(SharpMUSH.Library.Models.SharpPlayer: SharpMUSH.Library.Models.SharpPlayer, *System.String: Cannot disable system flag 'WIZARD'.*, <null>, Announce)
  	Notify(SharpMUSH.Library.Models.SharpPlayer: SharpMUSH.Library.Models.SharpPlayer, *System.String: You aren't following anyone.*, <null>, Announce)
  	Notify(SharpMUSH.Library.Models.SharpPlayer: SharpMUSH.Library.Models.SharpPlayer, *System.String: Created EmptyTestBox (#5:1774909470451).*, <null>, Announce)
  	Notify(SharpMUSH.Library.Models.SharpPlayer: SharpMUSH.Library.Models.SharpPlayer, *System.String: Created EmptyTestThing (#6:1774909470473).*, <null>, Announce)
  	Notify(SharpMUSH.Library.Models.SharpPlayer: SharpMUSH.Library.Models.SharpPlayer, *System.String: Flag: ENTER_OK Set.*, <null>, Announce)
  	Notify(SharpMUSH.Library.Models.SharpPlayer: SharpMUSH.Library.Models.SharpPlayer, *System.String: You don't have that.*, <null>, Announce)
  	Notify(SharpMUSH.Library.Models.SharpPlayer: SharpMUSH.Library.Models.SharpPlayer, *System.String: You aren't carrying that.*, <null>, Announce)
  	Notify(SharpMUSH.Library.Models.SharpPlayer: SharpMUSH.Library.Models.SharpPlayer, *System.String: EmptyTestBox is already empty.*, <null>, Announce)
  	Notify(SharpMUSH.Library.Models.SharpPlayer: SharpMUSH.Library.Models.SharpPlayer, *System.String: Created EmptyTestContainer (#7:1774909470613).*, <null>, Announce)
  	Notify(SharpMUSH.Library.Models.SharpPlayer: SharpMUSH.Library.Models.SharpPlayer, *System.String: Created EmptyTestItem1 (#8:1774909470637).*, <null>, Announce)
  	Notify(SharpMUSH.Library.Models.SharpPlayer: SharpMUSH.Library.Models.SharpPlayer, *System.String: Created EmptyTestItem2 (#9:1774909470654).*, <null>, Announce)
  	Notify(SharpMUSH.Library.Models.SharpPlayer: SharpMUSH.Library.Models.SharpPlayer, *System.String: Flag: ENTER_OK Set.*, <null>, Announce)
  	Notify(SharpMUSH.Library.Models.SharpPlayer: SharpMUSH.Library.Models.SharpPlayer, *System.String: Taken.*, <null>, Announce)
  	Notify(SharpMUSH.Library.Models.SharpPlayer: SharpMUSH.Library.Models.SharpPlayer, *System.String: You don't have that.*, <null>, Announce)
  	Notify(SharpMUSH.Library.Models.SharpPlayer: SharpMUSH.Library.Models.SharpPlayer, *System.String: You don't have that.*, <null>, Announce)
  	Notify(SharpMUSH.Library.Models.SharpPlayer: SharpMUSH.Library.Models.SharpPlayer, *System.String: EmptyTestContainer is already empty.*, <null>, Announce)
  	Notify(SharpMUSH.Library.Models.SharpPlayer: SharpMUSH.Library.Models.SharpPlayer, *System.String: God is not following you.*, <null>, Announce)
  	Notify(SharpMUSH.Library.Models.SharpPlayer: SharpMUSH.Library.Models.SharpPlayer, *System.String: You stop following and dismiss all followers.*, <null>, Announce)
  	Notify(SharpMUSH.Library.Models.SharpPlayer: SharpMUSH.Library.Models.SharpPlayer, *System.String: You can't follow yourself.*, <null>, Announce)
  	Notify(SharpMUSH.Library.Models.SharpThing: SharpMUSH.Library.Models.SharpThing, *MarkupString.MarkupStringModule+MarkupString: God types --> #1=skill*, SharpMUSH.Library.Models.SharpPlayer: SharpMUSH.Library.Models.SharpPlayer, Emit)
  	Notify(SharpMUSH.Library.Models.SharpThing: SharpMUSH.Library.Models.SharpThing, *MarkupString.MarkupStringModule+MarkupString: God types --> #1=skill*, SharpMUSH.Library.Models.SharpPlayer: SharpMUSH.Library.Models.SharpPlayer, Emit)
  	Notify(SharpMUSH.Library.Models.SharpThing: SharpMUSH.Library.Models.SharpThing, *MarkupString.MarkupStringModule+MarkupString: God types --> #1=skill*, SharpMUSH.Library.Models.SharpPlayer: SharpMUSH.Library.Models.SharpPlayer, Emit)
  	Notify(SharpMUSH.Library.Models.SharpThing: SharpMUSH.Library.Models.SharpThing, *MarkupString.MarkupStringModule+MarkupString: God types --> #1=skill*, SharpMUSH.Library.Models.SharpPlayer: SharpMUSH.Library.Models.SharpPlayer, Emit)
  	Notify(SharpMUSH.Library.Models.SharpPlayer: SharpMUSH.Library.Models.SharpPlayer, *MarkupString.MarkupStringModule+MarkupString: God types --> #1=skill*, SharpMUSH.Library.Models.SharpPlayer: SharpMUSH.Library.Models.SharpPlayer, Emit)
  	Notify(SharpMUSH.Library.Models.SharpPlayer: SharpMUSH.Library.Models.SharpPlayer, *MarkupString.MarkupStringModule+MarkupString: God types --> #1=skill*, SharpMUSH.Library.Models.SharpPlayer: SharpMUSH.Library.Models.SharpPlayer, Emit)
  	Notify(SharpMUSH.Library.Models.SharpPlayer: SharpMUSH.Library.Models.SharpPlayer, *MarkupString.MarkupStringModule+MarkupString: God types --> #1=skill*, SharpMUSH.Library.Models.SharpPlayer: SharpMUSH.Library.Models.SharpPlayer, Emit)
  	Notify(SharpMUSH.Library.Models.SharpPlayer: SharpMUSH.Library.Models.SharpPlayer, *System.String: Huh?  (Type "help" for help.)*, <null>, Announce)
  	Notify(SharpMUSH.Library.Models.SharpPlayer: SharpMUSH.Library.Models.SharpPlayer, *System.String: The SCORE command is not supported.*, <null>, Announce)
  	Notify(SharpMUSH.Library.Models.SharpPlayer: SharpMUSH.Library.Models.SharpPlayer, *System.String: SharpMUSH does not track money or pennies.*, <null>, Announce)
  	Notify(SharpMUSH.Library.Models.SharpPlayer: SharpMUSH.Library.Models.SharpPlayer, *System.String: You try to buy 'sword'.*, <null>, Announce)
  	Notify(SharpMUSH.Library.Models.SharpPlayer: SharpMUSH.Library.Models.SharpPlayer, *System.String: The BUY command requires a full economy system implementation.*, <null>, Announce)
  	Notify(SharpMUSH.Library.Models.SharpPlayer: SharpMUSH.Library.Models.SharpPlayer, *System.String: Features needed: PRICELIST attribute parsing, @lock/pay checking, penny transfers.*, <null>, Announce)
  	Notify(SharpMUSH.Library.Models.SharpPlayer: SharpMUSH.Library.Models.SharpPlayer, *System.String: Do what with them?*, <null>, Announce)
  	Notify(SharpMUSH.Library.Models.SharpPlayer: SharpMUSH.Library.Models.SharpPlayer, *System.String: Hook 'EXTEND' set for command 'HOOKTEST_IGSWITCH_90E2B306DC0F404AA8D48110EACBAA61'.*, <null>, Announce)
  	Notify(SharpMUSH.Library.Models.SharpPlayer: SharpMUSH.Library.Models.SharpPlayer, *System.String: Hook 'EXTEND' set for command 'HOOKTEST_EXTEND_7B9527B5C4AD4E5692A3D7B202DF6F69'.*, <null>, Announce)
  	Notify(SharpMUSH.Library.Models.SharpPlayer: SharpMUSH.Library.Models.SharpPlayer, *System.String: Hook 'BEFORE' set for command 'HOOKTEST_DEFAULT_C0F8209DA868453993646D7A985728D3'.*, <null>, Announce)
  	Notify(SharpMUSH.Library.Models.SharpPlayer: SharpMUSH.Library.Models.SharpPlayer, *System.String: Hook 'BEFORE' set for command 'HOOKTEST_MULTI_27FA7440694545E9AA3D3F7E5D0E8343'.*, <null>, Announce)
  	Notify(SharpMUSH.Library.Models.SharpPlayer: SharpMUSH.Library.Models.SharpPlayer, *System.String: Hook 'AFTER' set for command 'HOOKTEST_MULTI_27FA7440694545E9AA3D3F7E5D0E8343'.*, <null>, Announce)
  	Notify(SharpMUSH.Library.Models.SharpPlayer: SharpMUSH.Library.Models.SharpPlayer, *System.String: Hook 'IGNORE' set for command 'HOOKTEST_MULTI_27FA7440694545E9AA3D3F7E5D0E8343'.*, <null>, Announce)
  	Notify(SharpMUSH.Library.Models.SharpPlayer: SharpMUSH.Library.Models.SharpPlayer, *System.String: Hook 'BEFORE' set for command 'HOOKTEST_INPLACE_BC6ADB80905F4F90A581300ECD852215' (inline).*, <null>, Announce)
  	Notify(SharpMUSH.Library.Models.SharpPlayer: SharpMUSH.Library.Models.SharpPlayer, *System.String: Hook 'BEFORE' set for command 'HOOKTEST_INLINE_39FC73499FC74CFB9B8AB143B0659574' (inline).*, <null>, Announce)
  	Notify(SharpMUSH.Library.Models.SharpPlayer: SharpMUSH.Library.Models.SharpPlayer, *System.String: No 'BEFORE' hook set for command 'HOOKTEST_CLEAR_0E30049957AE43A1A2222DE5CC7BC33D'.*, <null>, Announce)
  	Notify(SharpMUSH.Library.Models.SharpPlayer: SharpMUSH.Library.Models.SharpPlayer, *System.String: Hook 'BEFORE' set for command 'HOOKTEST_SET_2FB3DD950D24474291D18D6AFD5B85B5'.*, <null>, Announce)
  	Notify(SharpMUSH.Library.Models.SharpPlayer: SharpMUSH.Library.Models.SharpPlayer, *System.String: No hooks set for command 'HOOKTEST_LIST_E8081791F1864103A58E58AA7CDA67DA'.*, <null>, Announce)
  	Notify(SharpMUSH.Library.Models.SharpPlayer: SharpMUSH.Library.Models.SharpPlayer, *System.String: (HTTP): Content-Type set to application/json*, <null>, Announce)
  	Notify(SharpMUSH.Library.Models.SharpPlayer: SharpMUSH.Library.Models.SharpPlayer, *System.String: (HTTP): Status 200 OK*, <null>, Announce)
  	Notify(SharpMUSH.Library.Models.SharpPlayer: SharpMUSH.Library.Models.SharpPlayer, *System.String: (HTTP): Status 404 Not Found*, <null>, Announce)
  	Notify(SharpMUSH.Library.Models.SharpPlayer: SharpMUSH.Library.Models.SharpPlayer, *System.String: Status code required.*, <null>, Announce)
  	Notify(SharpMUSH.Library.Models.SharpPlayer: SharpMUSH.Library.Models.SharpPlayer, *System.String: Status line must be less than 40 characters.*, <null>, Announce)
  	Notify(SharpMUSH.Library.Models.SharpPlayer: SharpMUSH.Library.Models.SharpPlayer, *System.String: Header name cannot be empty.*, <null>, Announce)
  	Notify(SharpMUSH.Library.Models.SharpPlayer: SharpMUSH.Library.Models.SharpPlayer, *System.String: Cannot set Content-Length header.*, <null>, Announce)
  	Notify(SharpMUSH.Library.Models.SharpPlayer: SharpMUSH.Library.Models.SharpPlayer, *System.String: (HTTP): Header X-Custom-Header: *, <null>, Announce)
  	Notify(SharpMUSH.Library.Models.SharpPlayer: SharpMUSH.Library.Models.SharpPlayer, *System.String: (HTTP): Header X-Powered-By: MUSHCode*, <null>, Announce)
  	Notify(SharpMUSH.Library.Models.SharpPlayer: SharpMUSH.Library.Models.SharpPlayer, *System.String: Content-Type cannot be empty.*, <null>, Announce)
  	Notify(SharpMUSH.Library.Models.SharpPlayer: SharpMUSH.Library.Models.SharpPlayer, *System.String: (HTTP): Content-Type set to text/html*, <null>, Announce)
  	Notify(SharpMUSH.Library.Models.SharpPlayer: SharpMUSH.Library.Models.SharpPlayer, *System.String: (HTTP): Status 500*, <null>, Announce)
  	Notify(SharpMUSH.Library.Models.SharpPlayer: SharpMUSH.Library.Models.SharpPlayer, *System.String: Status code must be a 3-digit number.*, <null>, Announce)
  	Notify(SharpMUSH.Library.Models.SharpPlayer: SharpMUSH.Library.Models.SharpPlayer, *System.String: Status code must be a 3-digit number.*, <null>, Announce)
  	Notify(SharpMUSH.Library.Models.SharpPlayer: SharpMUSH.Library.Models.SharpPlayer, *System.String: (HTTP): Header Set-Cookie: name=Bob; Max-Age=3600; Version=1*, <null>, Announce)
  	Notify(SharpMUSH.Library.Models.SharpPlayer: SharpMUSH.Library.Models.SharpPlayer, *System.String: Message logged to Command log.*, <null>, Announce)
  	Notify(SharpMUSH.Library.Models.SharpPlayer: SharpMUSH.Library.Models.SharpPlayer, *System.String: Message logged to Command log.*, <null>, Announce)
  	Notify(SharpMUSH.Library.Models.SharpPlayer: SharpMUSH.Library.Models.SharpPlayer, *System.String: Message logged to Wizard log.*, <null>, Announce)
  	Notify(SharpMUSH.Library.Models.SharpPlayer: SharpMUSH.Library.Models.SharpPlayer, *System.String: Message logged to Error log.*, <null>, Announce)
  	Notify(SharpMUSH.Library.Models.SharpPlayer: SharpMUSH.Library.Models.SharpPlayer, *System.String: Usage: @log[/<switch>] <message> or @log/recall[/<switch>] [<number>]*, <null>, Announce)
  	Notify(SharpMUSH.Library.Models.SharpPlayer: SharpMUSH.Library.Models.SharpPlayer, *System.String: No log entries found for category 'Command'.*, <null>, Announce)
  	Notify(SharpMUSH.Library.Models.SharpPlayer: SharpMUSH.Library.Models.SharpPlayer, *System.String: Locked.*, <null>, Announce)
  	Notify(SharpMUSH.Library.Models.SharpPlayer: SharpMUSH.Library.Models.SharpPlayer, *System.String: No such lock: Basic*, <null>, Announce)
  	Notify(SharpMUSH.Library.Models.SharpPlayer: SharpMUSH.Library.Models.SharpPlayer, *System.String: Log Management Status:*, <null>, Announce)
  	Notify(SharpMUSH.Library.Models.SharpPlayer: SharpMUSH.Library.Models.SharpPlayer, *System.String:   SharpMUSH uses .NET logging infrastructure*, <null>, Announce)
  	Notify(SharpMUSH.Library.Models.SharpPlayer: SharpMUSH.Library.Models.SharpPlayer, *System.String:   Logs are managed by configured logging providers*, <null>, Announce)
  	Notify(SharpMUSH.Library.Models.SharpPlayer: SharpMUSH.Library.Models.SharpPlayer, *System.String:   Available log types: CMD, CONN, ERR, TRACE, WIZ*, <null>, Announce)
  	Notify(SharpMUSH.Library.Models.SharpPlayer: SharpMUSH.Library.Models.SharpPlayer, *System.String:   Available actions: ROTATE, TRIM, WIPE*, <null>, Announce)
  	Notify(SharpMUSH.Library.Models.SharpPlayer: SharpMUSH.Library.Models.SharpPlayer, *System.String:   Note: Direct log file manipulation not yet implemented*, <null>, Announce)
  	Notify(SharpMUSH.Library.Models.SharpPlayer: SharpMUSH.Library.Models.SharpPlayer, *System.String: MAIL: You sent a message to God.*, <null>, Announce)
  	Notify(SharpMUSH.Library.Models.SharpPlayer: SharpMUSH.Library.Models.SharpPlayer, *System.String: MAIL: You have received a message (1) from God.*, <null>, Announce)
  	Notify(SharpMUSH.Library.Models.SharpPlayer: SharpMUSH.Library.Models.SharpPlayer, *System.String: @MALIAS/LIST: Mail alias system not yet implemented.*, <null>, Announce)
  	Notify(SharpMUSH.Library.Models.SharpPlayer: SharpMUSH.Library.Models.SharpPlayer, *System.String: This command would manage mail distribution lists and aliases.*, <null>, Announce)
  	Notify(SharpMUSH.Library.Models.SharpPlayer: SharpMUSH.Library.Models.SharpPlayer, *System.String: Created MsgBasic_1774909472895_2745 (#14:1774909472909).*, <null>, Announce)
  	Notify(SharpMUSH.Library.Models.SharpPlayer: SharpMUSH.Library.Models.SharpPlayer, *System.String: Attribute TESTFORMAT_MSGBASIC_93751 SET.*, SharpMUSH.Library.Models.SharpThing: SharpMUSH.Library.Models.SharpThing, Announce)
  	Notify(SharpMUSH.Library.Models.SharpPlayer: SharpMUSH.Library.Models.SharpPlayer, *System.String: MsgBasic_1774909472895_2745/TESTFORMAT_MSGBASIC_93751 - Set.*, <null>, Announce)
  	Notify(SharpMUSH.Library.Models.SharpThing: SharpMUSH.Library.Models.SharpThing, *MarkupString.MarkupStringModule+MarkupString: MessageBasic_UniqueValue_93751*, SharpMUSH.Library.Models.SharpPlayer: SharpMUSH.Library.Models.SharpPlayer, Announce)
  	Notify(SharpMUSH.Library.Models.SharpPlayer: SharpMUSH.Library.Models.SharpPlayer, *System.String: Created MsgWithAttr_1774909472971_1786 (#15:1774909472984).*, <null>, Announce)
  	Notify(SharpMUSH.Library.Models.SharpPlayer: SharpMUSH.Library.Models.SharpPlayer, *System.String: Attribute TESTFORMAT_MSGATTR_84729 SET.*, SharpMUSH.Library.Models.SharpThing: SharpMUSH.Library.Models.SharpThing, Announce)
  	Notify(SharpMUSH.Library.Models.SharpPlayer: SharpMUSH.Library.Models.SharpPlayer, *System.String: MsgWithAttr_1774909472971_1786/TESTFORMAT_MSGATTR_84729 - Set.*, <null>, Announce)
  	Notify(SharpMUSH.Library.Models.SharpThing: SharpMUSH.Library.Models.SharpThing, *MarkupString.MarkupStringModule+MarkupString: MessageWithAttribute_Result_84729:15*, SharpMUSH.Library.Models.SharpPlayer: SharpMUSH.Library.Models.SharpPlayer, Announce)
  	Notify(SharpMUSH.Library.Models.SharpPlayer: SharpMUSH.Library.Models.SharpPlayer, *System.String: Created MsgMissingAttr_1774909473031_9726 (#16:1774909473045).*, <null>, Announce)
  	Notify(SharpMUSH.Library.Models.SharpThing: SharpMUSH.Library.Models.SharpThing, *MarkupString.MarkupStringModule+MarkupString: DefaultMessage_UniqueValue_72914*, SharpMUSH.Library.Models.SharpPlayer: SharpMUSH.Library.Models.SharpPlayer, Announce)
  	Notify(SharpMUSH.Library.Models.SharpPlayer: SharpMUSH.Library.Models.SharpPlayer, *System.String: Created MsgNospoof_1774909473072_5824 (#17:1774909473100).*, <null>, Announce)
  	Notify(SharpMUSH.Library.Models.SharpPlayer: SharpMUSH.Library.Models.SharpPlayer, *System.String: Attribute TESTFORMAT_MSGNOSPOOF_48203 SET.*, SharpMUSH.Library.Models.SharpThing: SharpMUSH.Library.Models.SharpThing, Announce)
  	Notify(SharpMUSH.Library.Models.SharpPlayer: SharpMUSH.Library.Models.SharpPlayer, *System.String: MsgNospoof_1774909473072_5824/TESTFORMAT_MSGNOSPOOF_48203 - Set.*, <null>, Announce)
  	Notify(SharpMUSH.Library.Models.SharpThing: SharpMUSH.Library.Models.SharpThing, *MarkupString.MarkupStringModule+MarkupString: MessageNospoof_Value_48203*, SharpMUSH.Library.Models.SharpPlayer: SharpMUSH.Library.Models.SharpPlayer, NSAnnounce)
  	Notify(SharpMUSH.Library.Models.SharpPlayer: SharpMUSH.Library.Models.SharpPlayer, *System.String: Created OemitTarget_1774909473159_2460 (#18:1774909473174).*, <null>, Announce)
  	Notify(SharpMUSH.Library.Models.SharpPlayer: SharpMUSH.Library.Models.SharpPlayer, *System.String: Attribute OEMIT_TEST_ATTR_MSG SET.*, SharpMUSH.Library.Models.SharpPlayer: SharpMUSH.Library.Models.SharpPlayer, Announce)
  	Notify(SharpMUSH.Library.Models.SharpPlayer: SharpMUSH.Library.Models.SharpPlayer, *System.String: God/OEMIT_TEST_ATTR_MSG - Set.*, <null>, Announce)
  	Notify(SharpMUSH.Library.Models.SharpThing: SharpMUSH.Library.Models.SharpThing, *MarkupString.MarkupStringModule+MarkupString: OemitTestMsg_b3d3016078044d55a70ee4cc525a900c*, SharpMUSH.Library.Models.SharpPlayer: SharpMUSH.Library.Models.SharpPlayer, Announce)
  	Notify(SharpMUSH.Library.Models.SharpThing: SharpMUSH.Library.Models.SharpThing, *MarkupString.MarkupStringModule+MarkupString: OemitTestMsg_b3d3016078044d55a70ee4cc525a900c*, SharpMUSH.Library.Models.SharpPlayer: SharpMUSH.Library.Models.SharpPlayer, Announce)
  	Notify(SharpMUSH.Library.Models.SharpThing: SharpMUSH.Library.Models.SharpThing, *MarkupString.MarkupStringModule+MarkupString: OemitTestMsg_b3d3016078044d55a70ee4cc525a900c*, SharpMUSH.Library.Models.SharpPlayer: SharpMUSH.Library.Models.SharpPlayer, Announce)
  	Notify(SharpMUSH.Library.Models.SharpThing: SharpMUSH.Library.Models.SharpThing, *MarkupString.MarkupStringModule+MarkupString: OemitTestMsg_b3d3016078044d55a70ee4cc525a900c*, SharpMUSH.Library.Models.SharpPlayer: SharpMUSH.Library.Models.SharpPlayer, Announce)
  	Notify(SharpMUSH.Library.Models.SharpThing: SharpMUSH.Library.Models.SharpThing, *MarkupString.MarkupStringModule+MarkupString: OemitTestMsg_b3d3016078044d55a70ee4cc525a900c*, SharpMUSH.Library.Models.SharpPlayer: SharpMUSH.Library.Models.SharpPlayer, Announce)
  	Notify(SharpMUSH.Library.Models.SharpPlayer: SharpMUSH.Library.Models.SharpPlayer, *MarkupString.MarkupStringModule+MarkupString: OemitTestMsg_b3d3016078044d55a70ee4cc525a900c*, SharpMUSH.Library.Models.SharpPlayer: SharpMUSH.Library.Models.SharpPlayer, Announce)
  	Notify(SharpMUSH.Library.Models.SharpPlayer: SharpMUSH.Library.Models.SharpPlayer, *MarkupString.MarkupStringModule+MarkupString: OemitTestMsg_b3d3016078044d55a70ee4cc525a900c*, SharpMUSH.Library.Models.SharpPlayer: SharpMUSH.Library.Models.SharpPlayer, Announce)
  	Notify(SharpMUSH.Library.Models.SharpPlayer: SharpMUSH.Library.Models.SharpPlayer, *MarkupString.MarkupStringModule+MarkupString: OemitTestMsg_b3d3016078044d55a70ee4cc525a900c*, SharpMUSH.Library.Models.SharpPlayer: SharpMUSH.Library.Models.SharpPlayer, Announce)
  	Notify(SharpMUSH.Library.Models.SharpPlayer: SharpMUSH.Library.Models.SharpPlayer, *MarkupString.MarkupStringModule+MarkupString: OemitTestMsg_b3d3016078044d55a70ee4cc525a900c*, SharpMUSH.Library.Models.SharpPlayer: SharpMUSH.Library.Models.SharpPlayer, Announce)
  	Notify(SharpMUSH.Library.Models.SharpThing: SharpMUSH.Library.Models.SharpThing, *MarkupString.MarkupStringModule+MarkupString: OemitTestMsg_b3d3016078044d55a70ee4cc525a900c*, SharpMUSH.Library.Models.SharpPlayer: SharpMUSH.Library.Models.SharpPlayer, Announce)
  	Notify(SharpMUSH.Library.Models.SharpThing: SharpMUSH.Library.Models.SharpThing, *MarkupString.MarkupStringModule+MarkupString: OemitTestMsg_b3d3016078044d55a70ee4cc525a900c*, SharpMUSH.Library.Models.SharpPlayer: SharpMUSH.Library.Models.SharpPlayer, Announce)
  	Notify(SharpMUSH.Library.Models.SharpThing: SharpMUSH.Library.Models.SharpThing, *MarkupString.MarkupStringModule+MarkupString: OemitTestMsg_b3d3016078044d55a70ee4cc525a900c*, SharpMUSH.Library.Models.SharpPlayer: SharpMUSH.Library.Models.SharpPlayer, Announce)
  	Notify(SharpMUSH.Library.Models.SharpThing: SharpMUSH.Library.Models.SharpThing, *MarkupString.MarkupStringModule+MarkupString: OemitTestMsg_b3d3016078044d55a70ee4cc525a900c*, SharpMUSH.Library.Models.SharpPlayer: SharpMUSH.Library.Models.SharpPlayer, Announce)
  	Notify(SharpMUSH.Library.Models.SharpPlayer: SharpMUSH.Library.Models.SharpPlayer, *MarkupString.MarkupStringModule+MarkupString: OemitTestMsg_b3d3016078044d55a70ee4cc525a900c*, SharpMUSH.Library.Models.SharpPlayer: SharpMUSH.Library.Models.SharpPlayer, Announce)
  	Notify(SharpMUSH.Library.Models.SharpPlayer: SharpMUSH.Library.Models.SharpPlayer, *MarkupString.MarkupStringModule+MarkupString: OemitTestMsg_b3d3016078044d55a70ee4cc525a900c*, SharpMUSH.Library.Models.SharpPlayer: SharpMUSH.Library.Models.SharpPlayer, Announce)
  	Notify(SharpMUSH.Library.Models.SharpPlayer: SharpMUSH.Library.Models.SharpPlayer, *MarkupString.MarkupStringModule+MarkupString: OemitTestMsg_b3d3016078044d55a70ee4cc525a900c*, SharpMUSH.Library.Models.SharpPlayer: SharpMUSH.Library.Models.SharpPlayer, Announce)
  	Notify(SharpMUSH.Library.Models.SharpPlayer: SharpMUSH.Library.Models.SharpPlayer, *System.String: Created MsgNoisy_1774909473234_1871 (#19:1774909473250).*, <null>, Announce)
  	Notify(SharpMUSH.Library.Models.SharpPlayer: SharpMUSH.Library.Models.SharpPlayer, *System.String: Attribute TESTFORMAT_MSGNOISY_55193 SET.*, SharpMUSH.Library.Models.SharpThing: SharpMUSH.Library.Models.SharpThing, Announce)
  	Notify(SharpMUSH.Library.Models.SharpPlayer: SharpMUSH.Library.Models.SharpPlayer, *System.String: MsgNoisy_1774909473234_1871/TESTFORMAT_MSGNOISY_55193 - Set.*, <null>, Announce)
  	Notify(SharpMUSH.Library.Models.SharpThing: SharpMUSH.Library.Models.SharpThing, *MarkupString.MarkupStringModule+MarkupString: MessageNoisy_Value_55193*, SharpMUSH.Library.Models.SharpPlayer: SharpMUSH.Library.Models.SharpPlayer, Announce)
  	Notify(SharpMUSH.Library.Models.SharpPlayer: SharpMUSH.Library.Models.SharpPlayer, *System.String: Message sent to 1 recipient(s).*, <null>, Announce)
  	Notify(SharpMUSH.Library.Models.SharpPlayer: SharpMUSH.Library.Models.SharpPlayer, *System.String: Attribute REMIT_TEST_ATTR_MSG SET.*, SharpMUSH.Library.Models.SharpPlayer: SharpMUSH.Library.Models.SharpPlayer, Announce)
  	Notify(SharpMUSH.Library.Models.SharpPlayer: SharpMUSH.Library.Models.SharpPlayer, *System.String: God/REMIT_TEST_ATTR_MSG - Set.*, <null>, Announce)
  	Notify(SharpMUSH.Library.Models.SharpThing: SharpMUSH.Library.Models.SharpThing, *MarkupString.MarkupStringModule+MarkupString: RemitTestMsg_e0da7018ec6a4ca2805118160a83e6be*, SharpMUSH.Library.Models.SharpPlayer: SharpMUSH.Library.Models.SharpPlayer, Announce)
  	Notify(SharpMUSH.Library.Models.SharpThing: SharpMUSH.Library.Models.SharpThing, *MarkupString.MarkupStringModule+MarkupString: RemitTestMsg_e0da7018ec6a4ca2805118160a83e6be*, SharpMUSH.Library.Models.SharpPlayer: SharpMUSH.Library.Models.SharpPlayer, Announce)
  	Notify(SharpMUSH.Library.Models.SharpThing: SharpMUSH.Library.Models.SharpThing, *MarkupString.MarkupStringModule+MarkupString: RemitTestMsg_e0da7018ec6a4ca2805118160a83e6be*, SharpMUSH.Library.Models.SharpPlayer: SharpMUSH.Library.Models.SharpPlayer, Announce)
  	Notify(SharpMUSH.Library.Models.SharpThing: SharpMUSH.Library.Models.SharpThing, *MarkupString.MarkupStringModule+MarkupString: RemitTestMsg_e0da7018ec6a4ca2805118160a83e6be*, SharpMUSH.Library.Models.SharpPlayer: SharpMUSH.Library.Models.SharpPlayer, Announce)
  	Notify(SharpMUSH.Library.Models.SharpThing: SharpMUSH.Library.Models.SharpThing, *MarkupString.MarkupStringModule+MarkupString: RemitTestMsg_e0da7018ec6a4ca2805118160a83e6be*, SharpMUSH.Library.Models.SharpPlayer: SharpMUSH.Library.Models.SharpPlayer, Announce)
  	Notify(SharpMUSH.Library.Models.SharpThing: SharpMUSH.Library.Models.SharpThing, *MarkupString.MarkupStringModule+MarkupString: RemitTestMsg_e0da7018ec6a4ca2805118160a83e6be*, SharpMUSH.Library.Models.SharpPlayer: SharpMUSH.Library.Models.SharpPlayer, Announce)
  	Notify(SharpMUSH.Library.Models.SharpPlayer: SharpMUSH.Library.Models.SharpPlayer, *MarkupString.MarkupStringModule+MarkupString: RemitTestMsg_e0da7018ec6a4ca2805118160a83e6be*, SharpMUSH.Library.Models.SharpPlayer: SharpMUSH.Library.Models.SharpPlayer, Announce)
  	Notify(SharpMUSH.Library.Models.SharpPlayer: SharpMUSH.Library.Models.SharpPlayer, *MarkupString.MarkupStringModule+MarkupString: RemitTestMsg_e0da7018ec6a4ca2805118160a83e6be*, SharpMUSH.Library.Models.SharpPlayer: SharpMUSH.Library.Models.SharpPlayer, Announce)
  	Notify(SharpMUSH.Library.Models.SharpPlayer: SharpMUSH.Library.Models.SharpPlayer, *MarkupString.MarkupStringModule+MarkupString: RemitTestMsg_e0da7018ec6a4ca2805118160a83e6be*, SharpMUSH.Library.Models.SharpPlayer: SharpMUSH.Library.Models.SharpPlayer, Announce)
  	Notify(SharpMUSH.Library.Models.SharpPlayer: SharpMUSH.Library.Models.SharpPlayer, *MarkupString.MarkupStringModule+MarkupString: RemitTestMsg_e0da7018ec6a4ca2805118160a83e6be*, SharpMUSH.Library.Models.SharpPlayer: SharpMUSH.Library.Models.SharpPlayer, Announce)
  	Notify(SharpMUSH.Library.Models.SharpThing: SharpMUSH.Library.Models.SharpThing, *MarkupString.MarkupStringModule+MarkupString: RemitTestMsg_e0da7018ec6a4ca2805118160a83e6be*, SharpMUSH.Library.Models.SharpPlayer: SharpMUSH.Library.Models.SharpPlayer, Announce)
  	Notify(SharpMUSH.Library.Models.SharpThing: SharpMUSH.Library.Models.SharpThing, *MarkupString.MarkupStringModule+MarkupString: RemitTestMsg_e0da7018ec6a4ca2805118160a83e6be*, SharpMUSH.Library.Models.SharpPlayer: SharpMUSH.Library.Models.SharpPlayer, Announce)
  	Notify(SharpMUSH.Library.Models.SharpThing: SharpMUSH.Library.Models.SharpThing, *MarkupString.MarkupStringModule+MarkupString: RemitTestMsg_e0da7018ec6a4ca2805118160a83e6be*, SharpMUSH.Library.Models.SharpPlayer: SharpMUSH.Library.Models.SharpPlayer, Announce)
  	Notify(SharpMUSH.Library.Models.SharpThing: SharpMUSH.Library.Models.SharpThing, *MarkupString.MarkupStringModule+MarkupString: RemitTestMsg_e0da7018ec6a4ca2805118160a83e6be*, SharpMUSH.Library.Models.SharpPlayer: SharpMUSH.Library.Models.SharpPlayer, Announce)
  	Notify(SharpMUSH.Library.Models.SharpPlayer: SharpMUSH.Library.Models.SharpPlayer, *MarkupString.MarkupStringModule+MarkupString: RemitTestMsg_e0da7018ec6a4ca2805118160a83e6be*, SharpMUSH.Library.Models.SharpPlayer: SharpMUSH.Library.Models.SharpPlayer, Announce)
  	Notify(SharpMUSH.Library.Models.SharpPlayer: SharpMUSH.Library.Models.SharpPlayer, *MarkupString.MarkupStringModule+MarkupString: RemitTestMsg_e0da7018ec6a4ca2805118160a83e6be*, SharpMUSH.Library.Models.SharpPlayer: SharpMUSH.Library.Models.SharpPlayer, Announce)
  	Notify(SharpMUSH.Library.Models.SharpPlayer: SharpMUSH.Library.Models.SharpPlayer, *MarkupString.MarkupStringModule+MarkupString: RemitTestMsg_e0da7018ec6a4ca2805118160a83e6be*, SharpMUSH.Library.Models.SharpPlayer: SharpMUSH.Library.Models.SharpPlayer, Announce)
  	Notify(SharpMUSH.Library.Models.SharpPlayer: SharpMUSH.Library.Models.SharpPlayer, *MarkupString.MarkupStringModule+MarkupString: GOODBYE.*, <null>, Announce)
  	Notify(SharpMUSH.Library.Models.SharpPlayer: SharpMUSH.Library.Models.SharpPlayer, *System.String: 
  Goodbye from SharpMUSH!
  
  *, <null>, Announce)
  
[m[90m    at NSubstitute.Core.ReceivedCallsExceptionThrower.Throw(ICallSpecification callSpecification, IEnumerable`1 matchingCalls, IEnumerable`1 nonMatchingCalls, Quantity requiredQuantity)
    at NSubstitute.Routing.Handlers.CheckReceivedCallsHandler.Handle(ICall call)
    at NSubstitute.Proxies.CastleDynamicProxy.CastleForwardingInterceptor.Intercept(IInvocation invocation)
    at Castle.DynamicProxy.AbstractInvocation.Proceed()
    at Castle.Proxies.ObjectProxy_4.Notify(AnySharpObject who, OneOf`2 what, AnySharpObject sender, NotificationType type)
    at SharpMUSH.Tests.Commands.SocialCommandTests.PageCommand() in /home/runner/work/SharpMUSH/SharpMUSH/SharpMUSH.Tests/Commands/SocialCommandTests.cs:78[90m
[m[31mfailed[m PoseCommand [90m(25ms)[m
[31m  TUnit.Engine.Exceptions.TestFailedException: [Test Failure] ReceivedCallsException: Expected to receive a call matching:
  	Notify(any AnySharpObject, msg => MessageContains(msg, "waves hello"), any AnySharpObject, Pose)
  Actually received no matching calls.
  Received 1311 non-matching calls (non-matching arguments indicated with '*' characters):
  	Notify(SharpMUSH.Library.Models.SharpPlayer: SharpMUSH.Library.Models.SharpPlayer, *System.String: Invalid password.*, <null>, *Announce*)
  	Notify(SharpMUSH.Library.Models.SharpPlayer: SharpMUSH.Library.Models.SharpPlayer, *System.String: SHUTDOWN initiated.*, <null>, *Announce*)
  	Notify(SharpMUSH.Library.Models.SharpPlayer: SharpMUSH.Library.Models.SharpPlayer, *System.String: Note: SharpMUSH runs as a web application. Traditional shutdown is not applicable.*, <null>, *Announce*)
  	Notify(SharpMUSH.Library.Models.SharpPlayer: SharpMUSH.Library.Models.SharpPlayer, *System.String: In cloud/container deployments, use your orchestration tools to manage server lifecycle.*, <null>, *Announce*)
  	Notify(SharpMUSH.Library.Models.SharpPlayer: SharpMUSH.Library.Models.SharpPlayer, *System.String: Database state is preserved automatically. No explicit save is needed.*, <null>, *Announce*)
  	Notify(SharpMUSH.Library.Models.SharpPlayer: SharpMUSH.Library.Models.SharpPlayer, *System.String: You must specify an object to restart.*, <null>, *Announce*)
  	Notify(SharpMUSH.Library.Models.SharpPlayer: SharpMUSH.Library.Models.SharpPlayer, *System.String: Purge complete. 0 objects advanced to GOING_TWICE. 0 objects marked for final deletion.*, <null>, *Announce*)
  	Notify(SharpMUSH.Library.Models.SharpPlayer: SharpMUSH.Library.Models.SharpPlayer, *System.String: Note: Actual object deletion is handled by background garbage collection in SharpMUSH.*, <null>, *Announce*)
  	Notify(SharpMUSH.Library.Models.SharpPlayer: SharpMUSH.Library.Models.SharpPlayer, *System.String: I don't see that here.*, SharpMUSH.Library.Models.SharpPlayer: SharpMUSH.Library.Models.SharpPlayer, *Announce*)
  	Notify(SharpMUSH.Library.Models.SharpPlayer: SharpMUSH.Library.Models.SharpPlayer, *System.String: Reindexing text files...*, <null>, *Announce*)
  	Notify(SharpMUSH.Library.Models.SharpPlayer: SharpMUSH.Library.Models.SharpPlayer, *System.String: Text file cache rebuilt in 21ms.*, <null>, *Announce*)
  	Notify(SharpMUSH.Library.Models.SharpPlayer: SharpMUSH.Library.Models.SharpPlayer, *System.String: I don't see that here.*, SharpMUSH.Library.Models.SharpPlayer: SharpMUSH.Library.Models.SharpPlayer, *Announce*)
  	Notify(SharpMUSH.Library.Models.SharpPlayer: SharpMUSH.Library.Models.SharpPlayer, *System.String: I don't see that here.*, SharpMUSH.Library.Models.SharpPlayer: SharpMUSH.Library.Models.SharpPlayer, *Announce*)
  	Notify(SharpMUSH.Library.Models.SharpPlayer: SharpMUSH.Library.Models.SharpPlayer, *System.String: COMMANDS:
    ]
    @@
    @ALLHALT
    @ALLQUOTA
    @ASSERT
    @ATRCHOWN
    @ATRLOCK
    @ATTRIBUTE
    @BOOT
    @BREAK
    @CEMIT
    @CHANNEL
    @CHAT
    @CHOWN
    @CHOWNALL
    @CHZONE
    @CHZONEALL
    @CLIST
    @CLOCK
    @CLONE
    @COMMAND
    @CONFIG
    @CPATTR
    @CREATE
    @DBCK
    @DECOMPILE
    @DESTROY
    @DIG
    @DISABLE
    @DOLIST
    @DRAIN
    @DUMP
    @EDIT
    @ELOCK
    @EMIT
    @ENABLE
    @ENTRANCES
    @EUNLOCK
    @FIND
    @FIRSTEXIT
    @FLAG
    @FORCE
    @FUNCTION
    @GREP
    @HALT
    @HIDE
    @HOOK
    @HTTP
    @IFELSE
    @INCLUDE
    @KICK
    @LEMIT
    @LINK
    @LIST
    @LISTMOTD
    @LOCK
    @LOG
    @LOGWIPE
    @LSET
    @MAIL
    @MALIAS
    @MAP
    @MAPSQL
    @MESSAGE
    @MONIKER
    @MOTD
    @MVATTR
    @NAME
    @NEWPASSWORD
    @NOTIFY
    @NSCEMIT
    @NSEMIT
    @NSLEMIT
    @NSOEMIT
    @NSPEMIT
    @NSPROMPT
    @NSREMIT
    @NSZEMIT
    @NUKE
    @OEMIT
    @OPEN
    @PARENT
    @PASSWORD
    @PCREATE
    @PEMIT
    @POLL
    @POOR
    @POWER
    @PROMPT
    @PS
    @PURGE
    @QUOTA
    @READCACHE
    @RECYCLE
    @REJECTMOTD
    @REMIT
    @RESPOND
    @RESTART
    @RETRY
    @RWALL
    @SCAN
    @SEARCH
    @SELECT
    @SET
    @SHUTDOWN
    @SITELOCK
    @SKIP
    @SLAVE
    @SOCKSET
    @SQL
    @SQUOTA
    @STATS
    @SUGGEST
    @SWEEP
    @SWITCH
    @TELEPORT
    @TRIGGER
    @ULOCK
    @UNDESTROY
    @UNLINK
    @UNLOCK
    @UNRECYCLE
    @UPTIME
    @UUNLOCK
    @VERB
    @VERSION
    @WAIT
    @WALL
    @WARNINGS
    @WCHECK
    @WHEREIS
    @WIPE
    @WIZMOTD
    @WIZWALL
    @ZEMIT
    &
    ADDCOM
    AHELP
    ANEWS
    BRIEF
    BUY
    COMLIST
    COMTITLE
    CONNECT
    DELCOM
    DESERT
    DISMISS
    DOING
    DROP
    EMPTY
    ENTER
    EXAMINE
    FOLLOW
    GET
    GIVE
    GOTO
    HELP
    HOME
    HUH_COMMAND
    INVENTORY
    LEAVE
    LOOK
    NEWS
    PAGE
    POSE
    QUIT
    SAY
    SCORE
    SEMIPOSE
    SESSION
    TEACH
    THINK
    UNFOLLOW
    UNIMPLEMENTED_COMMAND
    USE
    WARN_ON_MISSING
    WHISPER
    WHO
    WITH*, <null>, *Announce*)
  	Notify(SharpMUSH.Library.Models.SharpPlayer: SharpMUSH.Library.Models.SharpPlayer, *System.String: LOCK TYPES:
    BASIC
    CHOWN
    CHZONE
    COMMAND
    CONTROL
    DESTROY
    DROP
    DROPIN
    DROPTO
    ENTER
    EXAMINE
    FILTER
    FOLLOW
    FORWARD
    FROM
    GIVE
    INFILTER
    INTERACT
    LEAVE
    LINK
    LISTEN
    MAIL
    MAILFORWARD
    OPEN
    PAGE
    PARENT
    PAY
    RECEIVE
    SPEECH
    TAKE
    TPORT
    USE
    ZONE*, <null>, *Announce*)
  	Notify(SharpMUSH.Library.Models.SharpPlayer: SharpMUSH.Library.Models.SharpPlayer, *System.String: OBJECT POWERS:
  NAME                 ALIAS              TYPE RESTRICTIONS
  -------------------- ------------------ -------------------
  Announce                                ROOM,PLAYER,EXIT,THING
  Boot                                    ROOM,PLAYER,EXIT,THING
  Builder                                 ROOM,PLAYER,EXIT,THING
  Can_Dark                                PLAYER
  Can_HTTP                                ROOM,PLAYER,EXIT,THING
  Can_Spoof                               ROOM,PLAYER,EXIT,THING
  Chat_Privs                              ROOM,PLAYER,EXIT,THING
  Debit                                   ROOM,PLAYER,EXIT,THING
  Functions                               ROOM,PLAYER,EXIT,THING
  Guest                                   ROOM,PLAYER,EXIT,THING
  Halt                                    ROOM,PLAYER,EXIT,THING
  Hide                                    ROOM,PLAYER,EXIT,THING
  Hook                                    ROOM,PLAYER,EXIT,THING
  Idle                                    ROOM,PLAYER,EXIT,THING
  Immortal                                ROOM,PLAYER,EXIT,THING
  Link_Anywhere                           ROOM,PLAYER,EXIT,THING
  Login                                   ROOM,PLAYER,EXIT,THING
  Long_Fingers                            ROOM,PLAYER,EXIT,THING
  Many_Attribs                            ROOM,PLAYER,EXIT,THING
  No_Pay                                  ROOM,PLAYER,EXIT,THING
  No_Quota                                ROOM,PLAYER,EXIT,THING
  Open_Anywhere                           ROOM,PLAYER,EXIT,THING
  Pemit_All                               ROOM,PLAYER,EXIT,THING
  Pick_DBRefs                             ROOM,PLAYER,EXIT,THING
  Player_Create                           ROOM,PLAYER,EXIT,THING
  Poll                                    ROOM,PLAYER,EXIT,THING
  Pueblo_Send                             ROOM,PLAYER,EXIT,THING
  Queue                                   ROOM,PLAYER,EXIT,THING
  Search                                  ROOM,PLAYER,EXIT,THING
  See_All                                 ROOM,PLAYER,EXIT,THING
  See_Queue                               ROOM,PLAYER,EXIT,THING
  See_OOB                                 ROOM,PLAYER,EXIT,THING
  SQL_OK                                  ROOM,PLAYER,EXIT,THING
  Tport_Anything                          ROOM,PLAYER,EXIT,THING
  Tport_Anywhere                          ROOM,PLAYER,EXIT,THING
  Unkillable                              ROOM,PLAYER,EXIT,THING*, <null>, *Announce*)
  	Notify(SharpMUSH.Library.Models.SharpPlayer: SharpMUSH.Library.Models.SharpPlayer, *System.String: Object Flags:
  name                 symbol type restrictions
  -------------------- ------ -------------------
  wizard               w      room,player,exit,thing
  abode                a      room
  ansi                 a      player
  chown_ok             c      room,player,thing
  color                c      player
  dark                 d      room,player,exit,thing
  fixed                f      player
  floating             f      room
  haven                h      player
  trust                i      room,player,exit,thing
  judge                j      player
  jump_ok              j      room
  link_ok              l      room,player,exit,thing
  monitor              m      room,player,thing
  no_leave             n      thing
  no_tel               n      room
  opaque               o      room,player,exit,thing
  quiet                q      room,player,exit,thing
  unfindable           u      room,player,exit,thing
  visual               v      room,player,exit,thing
  safe                 x      room,player,exit,thing
  shared               z      player
  z_tel                z      room,thing
  listen_parent        ^      player,thing,room
  noaccents            ~      player,thing,room
  unregistered         ?      player
  nospoof              "      room,player,exit,thing
  audible              a      room,player,exit,thing
  debug                b      room,player,exit,thing
  destroy_ok           d      thing
  enter_ok             e      room,player,exit,thing
  gagged               g      player
  halt                 h      room,player,exit,thing
  orphan               i      room,player,exit,thing
  jury_ok              j      player
  keepalive            k      player
  light                l      room,player,exit,thing
  mistrust             m      player,exit,thing
  mistrust             m      player,exit,thing
  no_command           n      room,player,exit,thing
  on_vacation          o      player
  puppet               p      thing
  royalty              r      room,player,exit,thing
  suspect              s      room,player,exit,thing
  transparent          t      room,player,exit,thing
  verbose              v      room,player,exit,thing
  no_warn              w      room,player,exit,thing
  cloudy               x      exit
  chan_usefirstmatch          room,player,exit,thing
  hear_connect                player
  heavy                       room,player,exit,thing
  loud                        player
  no_log                      player
  paranoid                    player
  track_money                 player
  xterm256                    player
  moniker                     room,player,exit,thing
  open_ok                     room
  going                g      room,player,exit,thing
  going_twice                 room,player,exit,thing*, <null>, *Announce*)
  	Notify(SharpMUSH.Library.Models.SharpPlayer: SharpMUSH.Library.Models.SharpPlayer, *System.String: You must specify what to list. Use one of: /MOTD /FUNCTIONS /COMMANDS /ATTRIBS /LOCKS /FLAGS /POWERS /ALLOCATIONS*, <null>, *Announce*)
  	Notify(SharpMUSH.Library.Models.SharpPlayer: SharpMUSH.Library.Models.SharpPlayer, *System.String: FUNCTIONS:
    @@
    abs
    accent
    accname
    acos
    add
    addrlog
    after
    alias
    align
    allof
    alphamax
    alphamin
    and
    andflags
    andlflags
    andlpowers
    ansi
    aposs
    art
    asin
    atan
    atan2
    atrlock
    attrib_set
    attrib_set#
    band
    baseconv
    beep
    before
    benchmark
    bnand
    bnot
    bor
    bound
    brackets
    bxor
    cand
    capstr
    case
    caseall
    cat
    cbuffer
    cbufferadd
    cdesc
    ceil
    cemit
    center
    cflags
    channels
    checkpass
    children
    chr
    CINFO
    clflags
    clock
    clone
    cmds
    cmogrifier
    cmsgs
    cnand
    colors
    comp
    con
    cond
    condall
    CONFIG
    conn
    connlog
    connrecord
    controls
    CONVSECS
    CONVTIME
    CONVUTCSECS
    CONVUTCTIME
    cor
    cos
    cowner
    create
    crecall
    csecs
    cstatus
    ctime
    ctitle
    ctu
    cusers
    cwho
    dec
    decode64
    decompose
    decomposeweb
    decrypt
    default
    DELETE
    die
    dig
    digest
    dist2d
    dist3d
    div
    doing
    downmotd
    e
    edefault
    edit
    elements
    elist
    elock
    emit
    encode64
    encrypt
    endtag
    entrances
    eq
    escape
    etime
    etimefmt
    eval
    exit
    extract
    fdiv
    filter
    filterbool
    findable
    first
    firstof
    flags
    flip
    floor
    floordiv
    fmod
    fn
    fold
    folderstats
    followers
    following
    foreach
    formdecode
    fraction
    fullalias
    fullmotd
    fullname
    functions
    get
    get_eval
    getpids
    grab
    graball
    grep
    grepi
    gt
    gte
    hasattr
    hasattrp
    hasattrpval
    hasattrval
    hasflag
    haspower
    hastype
    height
    hidden
    hmac
    home
    host
    html
    ibreak
    idle
    IDLESECS
    if
    ifelse
    ilev
    iname
    inc
    index
    INSERT
    inum
    ipaddr
    isdaylight
    isdbref
    isint
    isjson
    isnum
    isobjid
    isregexp
    isword
    itemize
    items
    iter
    itext
    json
    json_map
    json_mod
    json_query
    lalign
    last
    lattr
    lattrp
    lcon
    lcstr
    LCSTR2
    ldelete
    left
    lemit
    letq
    lexits
    lflags
    link
    linsert
    list
    listq
    lit
    ljust
    llockflags
    llocks
    lmath
    ln
    lnum
    loc
    localize
    locate
    lock
    lockfilter
    lockflags
    lockowner
    locks
    log
    lparent
    lpids
    lplayers
    lports
    lpos
    lreplace
    lsearch
    lsearchr
    lset
    lstats
    lt
    lte
    lthings
    lvcon
    lvexits
    lvplayers
    lvthings
    lwho
    lwhoid
    mail
    maildstats
    mailfrom
    mailfstats
    maillist
    mailsend
    mailstats
    mailstatus
    mailsubject
    mailtime
    malias
    map
    mapsql
    match
    matchall
    max
    mean
    median
    member
    merge
    message
    mid
    min
    mix
    modulo
    money
    moniker
    motd
    msecs
    mtime
    mudname
    mudurl
    mul
    munge
    mwho
    mwhoid
    name
    namegrab
    namegraball
    namelist
    nand
    nattr
    nattrp
    ncand
    nchildren
    ncon
    ncond
    ncondall
    ncor
    nearby
    neq
    nexits
    next
    nextdbref
    nlsearch
    nmwho
    nor
    not
    nplayers
    nscemit
    nsearch
    nsemit
    nslemit
    nsoemit
    nspemit
    nsprompt
    nsremit
    nszemit
    nthings
    null
    num
    numversion
    nvcon
    nvexits
    nvplayers
    nvthings
    nwho
    obj
    objeval
    objid
    objmem
    oemit
    oob
    open
    or
    ord
    ORDINAL
    orflags
    orlflags
    orlpowers
    owner
    parent
    pcreate
    pemit
    pfun
    pgrep
    pi
    pidinfo
    player
    playermem
    pmatch
    poll
    ports
    pos
    poss
    power
    powers
    prompt
    pueblo
    quota
    r
    rand
    randextract
    randword
    recv
    regedit
    regeditall
    regeditalli
    regediti
    registers
    reglattr
    reglattrp
    reglmatch
    reglmatchall
    reglmatchalli
    reglmatchi
    regmatch
    regmatchalli
    regmatchi
    regnattr
    regnattrp
    regrab
    regraball
    regraballi
    regrabi
    regrep
    regrepi
    REGREPLACE
    regxattr
    regxattrp
    remainder
    remit
    remove
    render
    rendermarkdown
    rendermarkdowncustom
    repeat
    rest
    restarts
    restarttime
    reswitch
    reswitchall
    reswitchalli
    reswitchi
    revwords
    right
    rjust
    rloc
    RNUM
    room
    root
    round
    s
    scan
    scramble
    secs
    secscalc
    secure
    sent
    set
    setdiff
    setinter
    setq
    setr
    setsymdiff
    setunion
    SHA0
    shl
    shr
    shuffle
    sign
    sin
    slev
    sort
    sortby
    sortkey
    soundex
    soundslike
    space
    speak
    spellnum
    splice
    sql
    sqlescape
    sqrt
    squish
    ssl
    starttime
    stddev
    step
    stext
    strallof
    strcat
    strdelete
    strfirstof
    stringsecs
    strinsert
    stripaccents
    stripansi
    strlen
    strmatch
    strreplace
    sub
    subj
    suggest
    switch
    switchall
    t
    table
    tag
    tagwrap
    tan
    tel
    terminfo
    testlock
    textentries
    textfile
    textsearch
    time
    timecalc
    timefmt
    timestring
    tr
    trim
    trimpenn
    trimtiny
    trunc
    type
    ucstr
    UCSTR2
    udefault
    ufun
    ulambda
    uldefault
    ulocal
    unique
    unsetq
    uptime
    urldecode
    urlencode
    utctime
    v
    vadd
    valid
    vcross
    vdim
    vdot
    version
    visible
    vmag
    vmax
    vmin
    vmul
    vsub
    vunit
    WEBSOCKET_HTML
    WEBSOCKET_JSON
    where
    width
    wildgrep
    wildgrepi
    wipe
    wizmotd
    wordpos
    words
    wrap
    wshtml
    wsjson
    xattr
    xattrp
    xcon
    xexits
    xget
    xmwho
    xmwhoid
    xor
    xplayers
    xthings
    xvcon
    xvexits
    xvplayers
    xvthings
    xwho
    xwhoid
    zemit
    zfind
    zfun
    zmwho
    zone
    zwho*, <null>, *Announce*)
  	Notify(SharpMUSH.Library.Models.SharpPlayer: SharpMUSH.Library.Models.SharpPlayer, *System.String: Current Message of the Day settings:*, <null>, *Announce*)
  	Notify(SharpMUSH.Library.Models.SharpPlayer: SharpMUSH.Library.Models.SharpPlayer, *System.String:   Connect MOTD File: txt/motd.txt*, <null>, *Announce*)
  	Notify(SharpMUSH.Library.Models.SharpPlayer: SharpMUSH.Library.Models.SharpPlayer, *System.String:   Connect MOTD HTML: txt/motd.html*, <null>, *Announce*)
  	Notify(SharpMUSH.Library.Models.SharpPlayer: SharpMUSH.Library.Models.SharpPlayer, *System.String:   Wizard MOTD File: txt/wizmotd.txt*, <null>, *Announce*)
  	Notify(SharpMUSH.Library.Models.SharpPlayer: SharpMUSH.Library.Models.SharpPlayer, *System.String:   Wizard MOTD HTML: txt/wizmotd.html*, <null>, *Announce*)
  	Notify(SharpMUSH.Library.Models.SharpPlayer: SharpMUSH.Library.Models.SharpPlayer, *System.String: STANDARD ATTRIBUTES:
    AAHEAR
    ABUY
    ACLONE
    ACONNECT
    ADEATH
    ADESCRIBE
    ADESTROY
    ADISCONNECT
    ADROP
    AEFAIL
    AENTER
    AFAILURE
    AFOLLOW
    AGIVE
    AHEAR
    AIDESCRIBE
    ALEAVE
    ALFAIL
    ALIAS
    AMAIL
    AMHEAR
    AMOVE
    ANAME
    APAYMENT
    ARECEIVE
    ASUCCESS
    ATPORT
    AUFAIL
    AUNFOLLOW
    AUSE
    AWAY
    AZENTER
    AZLEAVE
    BUY
    CHANALIAS
    CHARGES
    CHATFORMAT
    COMMENT
    CONFORMAT
    COST
    DEATH
    DEBUGFORWARDLIST
    DESCFORMAT
    DESCRIBE
    DESTINATION
    DOING
    DROP
    EALIAS
    EFAIL
    ENTER
    EXITFORMAT
    EXITTO
    FAILURE
    FILTER
    FOLLOW
    FOLLOWERS
    FOLLOWING
    FORWARDLIST
    GIVE
    HAVEN
    IDESCFORMAT
    IDESCRIBE
    IDLE
    INFILTER
    INPREFIX
    INVFORMAT
    LALIAS
    LAST
    LASTFAILED
    LASTIP
    LASTLOGOUT
    LASTPAGED
    LASTSITE
    LEAVE
    LFAIL
    LISTEN
    MAILCURF
    MAILFILTER
    MAILFILTERS
    MAILFOLDERS
    MAILFORWARDLIST
    MAILQUOTA
    MAILSIGNATURE
    MONIKER
    MOVE
    NAMEACCENT
    NAMEFORMAT
    OBUY
    ODEATH
    ODESCRIBE
    ODROP
    OEFAIL
    OENTER
    OFAILURE
    OFOLLOW
    OGIVE
    OIDESCRIBE
    OLEAVE
    OLFAIL
    OMOVE
    ONAME
    OPAYMENT
    ORECEIVE
    OSUCCESS
    OTPORT
    OUFAIL
    OUNFOLLOW
    OUSE
    OUTPAGEFORMAT
    OXENTER
    OXLEAVE
    OXMOVE
    OXTPORT
    OZENTER
    OZLEAVE
    PAGEFORMAT
    PAYMENT
    PREFIX
    PRICELIST
    QUEUE
    RECEIVE
    REGISTERED_EMAIL
    RQUOTA
    RUNOUT
    SEMAPHORE
    SEX
    SPEECHMOD
    STARTUP
    SUCCESS
    TFPREFIX
    TPORT
    TZ
    UFAIL
    UNFOLLOW
    USE
    VA
    VB
    VC
    VD
    VE
    VF
    VG
    VH
    VI
    VJ
    VK
    VL
    VM
    VN
    VO
    VP
    VQ
    VR
    VRML_URL
    VS
    VT
    VU
    VV
    VW
    VX
    VY
    VZ
    WA
    WB
    WC
    WD
    WE
    WF
    WG
    WH
    WI
    WJ
    WK
    WL
    WM
    WN
    WO
    WP
    WQ
    WR
    WS
    WT
    WU
    WV
    WW
    WX
    WY
    WZ
    XA
    XB
    XC
    XD
    XE
    XF
    XG
    XH
    XI
    XJ
    XK
    XL
    XM
    XN
    XO
    XP
    XQ
    XR
    XS
    XT
    XU
    XV
    XW
    XX
    XY
    XZ
    ZENTER*, <null>, *Announce*)
  	Notify(SharpMUSH.Library.Models.SharpPlayer: SharpMUSH.Library.Models.SharpPlayer, *System.String: OBJECT FLAGS:
  NAME                 SYMBOL TYPE RESTRICTIONS
  -------------------- ------ -------------------
  WIZARD               W      ROOM,PLAYER,EXIT,THING
  ABODE                A      ROOM
  ANSI                 A      PLAYER
  CHOWN_OK             C      ROOM,PLAYER,THING
  COLOR                C      PLAYER
  DARK                 D      ROOM,PLAYER,EXIT,THING
  FIXED                F      PLAYER
  FLOATING             F      ROOM
  HAVEN                H      PLAYER
  TRUST                I      ROOM,PLAYER,EXIT,THING
  JUDGE                J      PLAYER
  JUMP_OK              J      ROOM
  LINK_OK              L      ROOM,PLAYER,EXIT,THING
  MONITOR              M      ROOM,PLAYER,THING
  NO_LEAVE             N      THING
  NO_TEL               N      ROOM
  OPAQUE               O      ROOM,PLAYER,EXIT,THING
  QUIET                Q      ROOM,PLAYER,EXIT,THING
  UNFINDABLE           U      ROOM,PLAYER,EXIT,THING
  VISUAL               V      ROOM,PLAYER,EXIT,THING
  SAFE                 X      ROOM,PLAYER,EXIT,THING
  SHARED               Z      PLAYER
  Z_TEL                Z      ROOM,THING
  LISTEN_PARENT        ^      PLAYER,THING,ROOM
  NOACCENTS            ~      PLAYER,THING,ROOM
  UNREGISTERED         ?      PLAYER
  NOSPOOF              "      ROOM,PLAYER,EXIT,THING
  AUDIBLE              a      ROOM,PLAYER,EXIT,THING
  DEBUG                b      ROOM,PLAYER,EXIT,THING
  DESTROY_OK           d      THING
  ENTER_OK             e      ROOM,PLAYER,EXIT,THING
  GAGGED               g      PLAYER
  HALT                 h      ROOM,PLAYER,EXIT,THING
  ORPHAN               i      ROOM,PLAYER,EXIT,THING
  JURY_OK              j      PLAYER
  KEEPALIVE            k      PLAYER
  LIGHT                l      ROOM,PLAYER,EXIT,THING
  MISTRUST             m      PLAYER,EXIT,THING
  MISTRUST             m      PLAYER,EXIT,THING
  NO_COMMAND           n      ROOM,PLAYER,EXIT,THING
  ON_VACATION          o      PLAYER
  PUPPET               P      THING
  ROYALTY              r      ROOM,PLAYER,EXIT,THING
  SUSPECT              s      ROOM,PLAYER,EXIT,THING
  TRANSPARENT          t      ROOM,PLAYER,EXIT,THING
  VERBOSE              v      ROOM,PLAYER,EXIT,THING
  NO_WARN              w      ROOM,PLAYER,EXIT,THING
  CLOUDY               x      EXIT
  CHAN_USEFIRSTMATCH          ROOM,PLAYER,EXIT,THING
  HEAR_CONNECT                PLAYER
  HEAVY                       ROOM,PLAYER,EXIT,THING
  LOUD                        PLAYER
  NO_LOG                      PLAYER
  PARANOID                    PLAYER
  TRACK_MONEY                 PLAYER
  XTERM256                    PLAYER
  MONIKER                     ROOM,PLAYER,EXIT,THING
  OPEN_OK                     ROOM
  GOING                g      ROOM,PLAYER,EXIT,THING
  GOING_TWICE                 ROOM,PLAYER,EXIT,THING*, <null>, *Announce*)
  	Notify(SharpMUSH.Library.Models.SharpPlayer: SharpMUSH.Library.Models.SharpPlayer, *System.String: You have no channel aliases.*, <null>, *Announce*)
  	Notify(SharpMUSH.Library.Models.SharpPlayer: SharpMUSH.Library.Models.SharpPlayer, *MarkupString.MarkupStringModule+MarkupString: <TestCommandChannel> ChatCommand: Test message*, SharpMUSH.Library.Models.SharpPlayer: SharpMUSH.Library.Models.SharpPlayer, *Emit*)
  	Notify(SharpMUSH.Library.Models.SharpPlayer: SharpMUSH.Library.Models.SharpPlayer, *MarkupString.MarkupStringModule+MarkupString: <TestCommandChannel> ChatCommand: Test message*, SharpMUSH.Library.Models.SharpPlayer: SharpMUSH.Library.Models.SharpPlayer, *Emit*)
  	Notify(SharpMUSH.Library.Models.SharpPlayer: SharpMUSH.Library.Models.SharpPlayer, *MarkupString.MarkupStringModule+MarkupString: <TestCommandChannel> ChatCommand: Test message*, SharpMUSH.Library.Models.SharpPlayer: SharpMUSH.Library.Models.SharpPlayer, *Emit*)
  	Notify(SharpMUSH.Library.Models.SharpPlayer: SharpMUSH.Library.Models.SharpPlayer, *System.String: Alias 'TestCommandChannel' not found.*, <null>, *Announce*)
  	Notify(SharpMUSH.Library.Models.SharpPlayer: SharpMUSH.Library.Models.SharpPlayer, *MarkupString.MarkupStringModule+MarkupString: <TestCommandChannel> God says, "NscemitCommand: Test message"*, SharpMUSH.Library.Models.SharpPlayer: SharpMUSH.Library.Models.SharpPlayer, *NSEmit*)
  	Notify(SharpMUSH.Library.Models.SharpPlayer: SharpMUSH.Library.Models.SharpPlayer, *MarkupString.MarkupStringModule+MarkupString: <TestCommandChannel> God says, "NscemitCommand: Test message"*, SharpMUSH.Library.Models.SharpPlayer: SharpMUSH.Library.Models.SharpPlayer, *NSEmit*)
  	Notify(SharpMUSH.Library.Models.SharpPlayer: SharpMUSH.Library.Models.SharpPlayer, *MarkupString.MarkupStringModule+MarkupString: <TestCommandChannel> God says, "NscemitCommand: Test message"*, SharpMUSH.Library.Models.SharpPlayer: SharpMUSH.Library.Models.SharpPlayer, *NSEmit*)
  	Notify(SharpMUSH.Library.Models.SharpPlayer: SharpMUSH.Library.Models.SharpPlayer, *MarkupString.MarkupStringModule+MarkupString: <TestCommandChannel> God says, "NscemitCommand: Test message"*, SharpMUSH.Library.Models.SharpPlayer: SharpMUSH.Library.Models.SharpPlayer, *NSEmit*)
  	Notify(SharpMUSH.Library.Models.SharpPlayer: SharpMUSH.Library.Models.SharpPlayer, *MarkupString.MarkupStringModule+MarkupString: <TestCommandChannel> God says, "NscemitCommand: Test message"*, SharpMUSH.Library.Models.SharpPlayer: SharpMUSH.Library.Models.SharpPlayer, *NSEmit*)
  	Notify(SharpMUSH.Library.Models.SharpPlayer: SharpMUSH.Library.Models.SharpPlayer, *MarkupString.MarkupStringModule+MarkupString: <TestCommandChannel> God says, "NscemitCommand: Test message"*, SharpMUSH.Library.Models.SharpPlayer: SharpMUSH.Library.Models.SharpPlayer, *NSEmit*)
  	Notify(SharpMUSH.Library.Models.SharpPlayer: SharpMUSH.Library.Models.SharpPlayer, *MarkupString.MarkupStringModule+MarkupString: <TestCommandChannel> God says, "NscemitCommand: Test message"*, SharpMUSH.Library.Models.SharpPlayer: SharpMUSH.Library.Models.SharpPlayer, *NSEmit*)
  	Notify(SharpMUSH.Library.Models.SharpPlayer: SharpMUSH.Library.Models.SharpPlayer, *System.String: Channel not found.*, <null>, *Announce*)
  	Notify(SharpMUSH.Library.Models.SharpPlayer: SharpMUSH.Library.Models.SharpPlayer, *MarkupString.MarkupStringModule+MarkupString: <TestCommandChannel> CemitCommand: Test message*, SharpMUSH.Library.Models.SharpPlayer: SharpMUSH.Library.Models.SharpPlayer, *Emit*)
  	Notify(SharpMUSH.Library.Models.SharpPlayer: SharpMUSH.Library.Models.SharpPlayer, *MarkupString.MarkupStringModule+MarkupString: <TestCommandChannel> CemitCommand: Test message*, SharpMUSH.Library.Models.SharpPlayer: SharpMUSH.Library.Models.SharpPlayer, *Emit*)
  	Notify(SharpMUSH.Library.Models.SharpPlayer: SharpMUSH.Library.Models.SharpPlayer, *MarkupString.MarkupStringModule+MarkupString: <TestCommandChannel> CemitCommand: Test message*, SharpMUSH.Library.Models.SharpPlayer: SharpMUSH.Library.Models.SharpPlayer, *Emit*)
  	Notify(SharpMUSH.Library.Models.SharpPlayer: SharpMUSH.Library.Models.SharpPlayer, *MarkupString.MarkupStringModule+MarkupString: <TestCommandChannel> CemitCommand: Test message*, SharpMUSH.Library.Models.SharpPlayer: SharpMUSH.Library.Models.SharpPlayer, *Emit*)
  	Notify(SharpMUSH.Library.Models.SharpPlayer: SharpMUSH.Library.Models.SharpPlayer, *MarkupString.MarkupStringModule+MarkupString: <TestCommandChannel> CemitCommand: Test message*, SharpMUSH.Library.Models.SharpPlayer: SharpMUSH.Library.Models.SharpPlayer, *Emit*)
  	Notify(SharpMUSH.Library.Models.SharpPlayer: SharpMUSH.Library.Models.SharpPlayer, *MarkupString.MarkupStringModule+MarkupString: <TestCommandChannel> CemitCommand: Test message*, SharpMUSH.Library.Models.SharpPlayer: SharpMUSH.Library.Models.SharpPlayer, *Emit*)
  	Notify(SharpMUSH.Library.Models.SharpPlayer: SharpMUSH.Library.Models.SharpPlayer, *MarkupString.MarkupStringModule+MarkupString: <TestCommandChannel> CemitCommand: Test message*, SharpMUSH.Library.Models.SharpPlayer: SharpMUSH.Library.Models.SharpPlayer, *Emit*)
  	Notify(SharpMUSH.Library.Models.SharpPlayer: SharpMUSH.Library.Models.SharpPlayer, *MarkupString.MarkupStringModule+MarkupString: <TestCommandChannel> CemitCommand: Test message*, SharpMUSH.Library.Models.SharpPlayer: SharpMUSH.Library.Models.SharpPlayer, *Emit*)
  	Notify(SharpMUSH.Library.Models.SharpPlayer: SharpMUSH.Library.Models.SharpPlayer, *MarkupString.MarkupStringModule+MarkupString: <TestCommandChannel> CemitCommand: Test message*, SharpMUSH.Library.Models.SharpPlayer: SharpMUSH.Library.Models.SharpPlayer, *Emit*)
  	Notify(SharpMUSH.Library.Models.SharpPlayer: SharpMUSH.Library.Models.SharpPlayer, *System.String: Alias 'pub' not found.*, <null>, *Announce*)
  	Notify(SharpMUSH.Library.Models.SharpPlayer: SharpMUSH.Library.Models.SharpPlayer, *System.String: *, <null>, *Announce*)
  	Notify(SharpMUSH.Library.Models.SharpPlayer: SharpMUSH.Library.Models.SharpPlayer, *System.String: -1*, <null>, *Announce*)
  	Notify(SharpMUSH.Library.Models.SharpPlayer: SharpMUSH.Library.Models.SharpPlayer, *System.String: -1*, <null>, *Announce*)
  	Notify(SharpMUSH.Library.Models.SharpPlayer: SharpMUSH.Library.Models.SharpPlayer, *System.String: -1*, <null>, *Announce*)
  	Notify(SharpMUSH.Library.Models.SharpPlayer: SharpMUSH.Library.Models.SharpPlayer, *System.String: -1*, <null>, *Announce*)
  	Notify(SharpMUSH.Library.Models.SharpPlayer: SharpMUSH.Library.Models.SharpPlayer, *System.String: -1*, <null>, *Announce*)
  	Notify(SharpMUSH.Library.Models.SharpPlayer: SharpMUSH.Library.Models.SharpPlayer, *System.String: -1*, <null>, *Announce*)
  	Notify(SharpMUSH.Library.Models.SharpPlayer: SharpMUSH.Library.Models.SharpPlayer, *System.String: -1*, <null>, *Announce*)
  	Notify(SharpMUSH.Library.Models.SharpPlayer: SharpMUSH.Library.Models.SharpPlayer, *System.String: -1*, <null>, *Announce*)
  	Notify(SharpMUSH.Library.Models.SharpPlayer: SharpMUSH.Library.Models.SharpPlayer, *System.String: -1*, <null>, *Announce*)
  	Notify(SharpMUSH.Library.Models.SharpPlayer: SharpMUSH.Library.Models.SharpPlayer, *System.String: -1*, <null>, *Announce*)
  	Notify(SharpMUSH.Library.Models.SharpPlayer: SharpMUSH.Library.Models.SharpPlayer, *System.String: -1*, <null>, *Announce*)
  	Notify(SharpMUSH.Library.Models.SharpPlayer: SharpMUSH.Library.Models.SharpPlayer, *System.String: -1*, <null>, *Announce*)
  	Notify(SharpMUSH.Library.Models.SharpPlayer: SharpMUSH.Library.Models.SharpPlayer, *System.String: -1*, <null>, *Announce*)
  	Notify(SharpMUSH.Library.Models.SharpPlayer: SharpMUSH.Library.Models.SharpPlayer, *System.String: -1*, <null>, *Announce*)
  	Notify(SharpMUSH.Library.Models.SharpPlayer: SharpMUSH.Library.Models.SharpPlayer, *System.String: -1*, <null>, *Announce*)
  	Notify(SharpMUSH.Library.Models.SharpPlayer: SharpMUSH.Library.Models.SharpPlayer, *System.String: -1*, <null>, *Announce*)
  	Notify(SharpMUSH.Library.Models.SharpPlayer: SharpMUSH.Library.Models.SharpPlayer, *System.String: -1*, <null>, *Announce*)
  	Notify(SharpMUSH.Library.Models.SharpPlayer: SharpMUSH.Library.Models.SharpPlayer, *System.String: -1*, <null>, *Announce*)
  	Notify(SharpMUSH.Library.Models.SharpPlayer: SharpMUSH.Library.Models.SharpPlayer, *System.String: -1*, <null>, *Announce*)
  	Notify(SharpMUSH.Library.Models.SharpPlayer: SharpMUSH.Library.Models.SharpPlayer, *System.String: -1*, <null>, *Announce*)
  	Notify(SharpMUSH.Library.Models.SharpPlayer: SharpMUSH.Library.Models.SharpPlayer, *System.String: -1*, <null>, *Announce*)
  	Notify(SharpMUSH.Library.Models.SharpPlayer: SharpMUSH.Library.Models.SharpPlayer, *System.String: -1*, <null>, *Announce*)
  	Notify(SharpMUSH.Library.Models.SharpPlayer: SharpMUSH.Library.Models.SharpPlayer, *System.String: -1*, <null>, *Announce*)
  	Notify(SharpMUSH.Library.Models.SharpPlayer: SharpMUSH.Library.Models.SharpPlayer, *System.String: -1*, <null>, *Announce*)
  	Notify(SharpMUSH.Library.Models.SharpPlayer: SharpMUSH.Library.Models.SharpPlayer, *System.String: -1*, <null>, *Announce*)
  	Notify(SharpMUSH.Library.Models.SharpPlayer: SharpMUSH.Library.Models.SharpPlayer, *System.String: -1*, <null>, *Announce*)
  	Notify(SharpMUSH.Library.Models.SharpPlayer: SharpMUSH.Library.Models.SharpPlayer, *System.String: -1*, <null>, *Announce*)
  	Notify(SharpMUSH.Library.Models.SharpPlayer: SharpMUSH.Library.Models.SharpPlayer, *System.String: -1*, <null>, *Announce*)
  	Notify(SharpMUSH.Library.Models.SharpPlayer: SharpMUSH.Library.Models.SharpPlayer, *System.String: -1*, <null>, *Announce*)
  	Notify(SharpMUSH.Library.Models.SharpPlayer: SharpMUSH.Library.Models.SharpPlayer, *System.String: -1*, <null>, *Announce*)
  	Notify(SharpMUSH.Library.Models.SharpPlayer: SharpMUSH.Library.Models.SharpPlayer, *System.String: -1*, <null>, *Announce*)
  	Notify(SharpMUSH.Library.Models.SharpPlayer: SharpMUSH.Library.Models.SharpPlayer, *System.String: -1*, <null>, *Announce*)
  	Notify(SharpMUSH.Library.Models.SharpPlayer: SharpMUSH.Library.Models.SharpPlayer, *System.String: -1*, <null>, *Announce*)
  	Notify(SharpMUSH.Library.Models.SharpPlayer: SharpMUSH.Library.Models.SharpPlayer, *System.String: -1*, <null>, *Announce*)
  	Notify(SharpMUSH.Library.Models.SharpPlayer: SharpMUSH.Library.Models.SharpPlayer, *System.String: -1*, <null>, *Announce*)
  	Notify(SharpMUSH.Library.Models.SharpPlayer: SharpMUSH.Library.Models.SharpPlayer, *System.String: -1*, <null>, *Announce*)
  	Notify(SharpMUSH.Library.Models.SharpPlayer: SharpMUSH.Library.Models.SharpPlayer, *System.String: -1*, <null>, *Announce*)
  	Notify(SharpMUSH.Library.Models.SharpPlayer: SharpMUSH.Library.Models.SharpPlayer, *System.String: -1*, <null>, *Announce*)
  	Notify(SharpMUSH.Library.Models.SharpPlayer: SharpMUSH.Library.Models.SharpPlayer, *System.String: -1*, <null>, *Announce*)
  	Notify(SharpMUSH.Library.Models.SharpPlayer: SharpMUSH.Library.Models.SharpPlayer, *System.String: -1*, <null>, *Announce*)
  	Notify(SharpMUSH.Library.Models.SharpPlayer: SharpMUSH.Library.Models.SharpPlayer, *System.String: -1*, <null>, *Announce*)
  	Notify(SharpMUSH.Library.Models.SharpPlayer: SharpMUSH.Library.Models.SharpPlayer, *System.String: -1*, <null>, *Announce*)
  	Notify(SharpMUSH.Library.Models.SharpPlayer: SharpMUSH.Library.Models.SharpPlayer, *System.String: -1*, <null>, *Announce*)
  	Notify(SharpMUSH.Library.Models.SharpPlayer: SharpMUSH.Library.Models.SharpPlayer, *System.String: -1*, <null>, *Announce*)
  	Notify(SharpMUSH.Library.Models.SharpPlayer: SharpMUSH.Library.Models.SharpPlayer, *System.String: -1*, <null>, *Announce*)
  	Notify(SharpMUSH.Library.Models.SharpPlayer: SharpMUSH.Library.Models.SharpPlayer, *System.String: -1*, <null>, *Announce*)
  	Notify(SharpMUSH.Library.Models.SharpPlayer: SharpMUSH.Library.Models.SharpPlayer, *System.String: -1*, <null>, *Announce*)
  	Notify(SharpMUSH.Library.Models.SharpPlayer: SharpMUSH.Library.Models.SharpPlayer, *System.String: -1*, <null>, *Announce*)
  	Notify(SharpMUSH.Library.Models.SharpPlayer: SharpMUSH.Library.Models.SharpPlayer, *System.String: -1*, <null>, *Announce*)
  	Notify(SharpMUSH.Library.Models.SharpPlayer: SharpMUSH.Library.Models.SharpPlayer, *System.String: -1*, <null>, *Announce*)
  	Notify(SharpMUSH.Library.Models.SharpPlayer: SharpMUSH.Library.Models.SharpPlayer, *System.String: -1*, <null>, *Announce*)
  	Notify(SharpMUSH.Library.Models.SharpPlayer: SharpMUSH.Library.Models.SharpPlayer, *System.String: -1*, <null>, *Announce*)
  	Notify(SharpMUSH.Library.Models.SharpPlayer: SharpMUSH.Library.Models.SharpPlayer, *System.String: -1*, <null>, *Announce*)
  	Notify(SharpMUSH.Library.Models.SharpPlayer: SharpMUSH.Library.Models.SharpPlayer, *System.String: -1*, <null>, *Announce*)
  	Notify(SharpMUSH.Library.Models.SharpPlayer: SharpMUSH.Library.Models.SharpPlayer, *System.String: -1*, <null>, *Announce*)
  	Notify(SharpMUSH.Library.Models.SharpPlayer: SharpMUSH.Library.Models.SharpPlayer, *System.String: -1*, <null>, *Announce*)
  	Notify(SharpMUSH.Library.Models.SharpPlayer: SharpMUSH.Library.Models.SharpPlayer, *System.String: -1*, <null>, *Announce*)
  	Notify(SharpMUSH.Library.Models.SharpPlayer: SharpMUSH.Library.Models.SharpPlayer, *System.String: -1*, <null>, *Announce*)
  	Notify(SharpMUSH.Library.Models.SharpPlayer: SharpMUSH.Library.Models.SharpPlayer, *System.String: -1*, <null>, *Announce*)
  	Notify(SharpMUSH.Library.Models.SharpPlayer: SharpMUSH.Library.Models.SharpPlayer, *System.String: -1*, <null>, *Announce*)
  	Notify(SharpMUSH.Library.Models.SharpPlayer: SharpMUSH.Library.Models.SharpPlayer, *System.String: -1*, <null>, *Announce*)
  	Notify(SharpMUSH.Library.Models.SharpPlayer: SharpMUSH.Library.Models.SharpPlayer, *System.String: -1*, <null>, *Announce*)
  	Notify(SharpMUSH.Library.Models.SharpPlayer: SharpMUSH.Library.Models.SharpPlayer, *System.String: -1*, <null>, *Announce*)
  	Notify(SharpMUSH.Library.Models.SharpPlayer: SharpMUSH.Library.Models.SharpPlayer, *System.String: -1*, <null>, *Announce*)
  	Notify(SharpMUSH.Library.Models.SharpPlayer: SharpMUSH.Library.Models.SharpPlayer, *System.String: -1*, <null>, *Announce*)
  	Notify(SharpMUSH.Library.Models.SharpPlayer: SharpMUSH.Library.Models.SharpPlayer, *System.String: -1*, <null>, *Announce*)
  	Notify(SharpMUSH.Library.Models.SharpPlayer: SharpMUSH.Library.Models.SharpPlayer, *System.String: -1*, <null>, *Announce*)
  	Notify(SharpMUSH.Library.Models.SharpPlayer: SharpMUSH.Library.Models.SharpPlayer, *System.String: -1*, <null>, *Announce*)
  	Notify(SharpMUSH.Library.Models.SharpPlayer: SharpMUSH.Library.Models.SharpPlayer, *System.String: -1*, <null>, *Announce*)
  	Notify(SharpMUSH.Library.Models.SharpPlayer: SharpMUSH.Library.Models.SharpPlayer, *System.String: -1*, <null>, *Announce*)
  	Notify(SharpMUSH.Library.Models.SharpPlayer: SharpMUSH.Library.Models.SharpPlayer, *System.String: -1*, <null>, *Announce*)
  	Notify(SharpMUSH.Library.Models.SharpPlayer: SharpMUSH.Library.Models.SharpPlayer, *System.String: -1*, <null>, *Announce*)
  	Notify(SharpMUSH.Library.Models.SharpPlayer: SharpMUSH.Library.Models.SharpPlayer, *System.String: -1*, <null>, *Announce*)
  	Notify(SharpMUSH.Library.Models.SharpPlayer: SharpMUSH.Library.Models.SharpPlayer, *System.String: -1*, <null>, *Announce*)
  	Notify(SharpMUSH.Library.Models.SharpPlayer: SharpMUSH.Library.Models.SharpPlayer, *System.String: -1*, <null>, *Announce*)
  	Notify(SharpMUSH.Library.Models.SharpPlayer: SharpMUSH.Library.Models.SharpPlayer, *System.String: -1*, <null>, *Announce*)
  	Notify(SharpMUSH.Library.Models.SharpPlayer: SharpMUSH.Library.Models.SharpPlayer, *System.String: -1*, <null>, *Announce*)
  	Notify(SharpMUSH.Library.Models.SharpPlayer: SharpMUSH.Library.Models.SharpPlayer, *System.String: -1*, <null>, *Announce*)
  	Notify(SharpMUSH.Library.Models.SharpPlayer: SharpMUSH.Library.Models.SharpPlayer, *System.String: -1*, <null>, *Announce*)
  	Notify(SharpMUSH.Library.Models.SharpPlayer: SharpMUSH.Library.Models.SharpPlayer, *System.String: -1*, <null>, *Announce*)
  	Notify(SharpMUSH.Library.Models.SharpPlayer: SharpMUSH.Library.Models.SharpPlayer, *System.String: -1*, <null>, *Announce*)
  	Notify(SharpMUSH.Library.Models.SharpPlayer: SharpMUSH.Library.Models.SharpPlayer, *System.String: -1*, <null>, *Announce*)
  	Notify(SharpMUSH.Library.Models.SharpPlayer: SharpMUSH.Library.Models.SharpPlayer, *System.String: -1*, <null>, *Announce*)
  	Notify(SharpMUSH.Library.Models.SharpPlayer: SharpMUSH.Library.Models.SharpPlayer, *System.String: -1*, <null>, *Announce*)
  	Notify(SharpMUSH.Library.Models.SharpPlayer: SharpMUSH.Library.Models.SharpPlayer, *System.String: -1*, <null>, *Announce*)
  	Notify(SharpMUSH.Library.Models.SharpPlayer: SharpMUSH.Library.Models.SharpPlayer, *System.String: -1*, <null>, *Announce*)
  	Notify(SharpMUSH.Library.Models.SharpPlayer: SharpMUSH.Library.Models.SharpPlayer, *System.String: -1*, <null>, *Announce*)
  	Notify(SharpMUSH.Library.Models.SharpPlayer: SharpMUSH.Library.Models.SharpPlayer, *System.String: -1*, <null>, *Announce*)
  	Notify(SharpMUSH.Library.Models.SharpPlayer: SharpMUSH.Library.Models.SharpPlayer, *System.String: -1*, <null>, *Announce*)
  	Notify(SharpMUSH.Library.Models.SharpPlayer: SharpMUSH.Library.Models.SharpPlayer, *System.String: -1*, <null>, *Announce*)
  	Notify(SharpMUSH.Library.Models.SharpPlayer: SharpMUSH.Library.Models.SharpPlayer, *System.String: -1*, <null>, *Announce*)
  	Notify(SharpMUSH.Library.Models.SharpPlayer: SharpMUSH.Library.Models.SharpPlayer, *System.String: -1*, <null>, *Announce*)
  	Notify(SharpMUSH.Library.Models.SharpPlayer: SharpMUSH.Library.Models.SharpPlayer, *System.String: -1*, <null>, *Announce*)
  	Notify(SharpMUSH.Library.Models.SharpPlayer: SharpMUSH.Library.Models.SharpPlayer, *System.String: -1*, <null>, *Announce*)
  	Notify(SharpMUSH.Library.Models.SharpPlayer: SharpMUSH.Library.Models.SharpPlayer, *System.String: -1*, <null>, *Announce*)
  	Notify(SharpMUSH.Library.Models.SharpPlayer: SharpMUSH.Library.Models.SharpPlayer, *System.String: -1*, <null>, *Announce*)
  	Notify(SharpMUSH.Library.Models.SharpPlayer: SharpMUSH.Library.Models.SharpPlayer, *System.String: -1*, <null>, *Announce*)
  	Notify(SharpMUSH.Library.Models.SharpPlayer: SharpMUSH.Library.Models.SharpPlayer, *System.String: -1*, <null>, *Announce*)
  	Notify(SharpMUSH.Library.Models.SharpPlayer: SharpMUSH.Library.Models.SharpPlayer, *System.String: -1*, <null>, *Announce*)
  	Notify(SharpMUSH.Library.Models.SharpPlayer: SharpMUSH.Library.Models.SharpPlayer, *System.String: -1*, <null>, *Announce*)
  	Notify(SharpMUSH.Library.Models.SharpPlayer: SharpMUSH.Library.Models.SharpPlayer, *System.String: -1*, <null>, *Announce*)
  	Notify(SharpMUSH.Library.Models.SharpPlayer: SharpMUSH.Library.Models.SharpPlayer, *System.String: -1*, <null>, *Announce*)
  	Notify(SharpMUSH.Library.Models.SharpPlayer: SharpMUSH.Library.Models.SharpPlayer, *System.String: -1*, <null>, *Announce*)
  	Notify(SharpMUSH.Library.Models.SharpPlayer: SharpMUSH.Library.Models.SharpPlayer, *System.String: -1*, <null>, *Announce*)
  	Notify(SharpMUSH.Library.Models.SharpPlayer: SharpMUSH.Library.Models.SharpPlayer, *System.String: -1*, <null>, *Announce*)
  	Notify(SharpMUSH.Library.Models.SharpPlayer: SharpMUSH.Library.Models.SharpPlayer, *System.String: -1*, <null>, *Announce*)
  	Notify(SharpMUSH.Library.Models.SharpPlayer: SharpMUSH.Library.Models.SharpPlayer, *System.String: -1*, <null>, *Announce*)
  	Notify(SharpMUSH.Library.Models.SharpPlayer: SharpMUSH.Library.Models.SharpPlayer, *System.String: -1*, <null>, *Announce*)
  	Notify(SharpMUSH.Library.Models.SharpPlayer: SharpMUSH.Library.Models.SharpPlayer, *System.String: -1*, <null>, *Announce*)
  	Notify(SharpMUSH.Library.Models.SharpPlayer: SharpMUSH.Library.Models.SharpPlayer, *System.String: -1*, <null>, *Announce*)
  	Notify(SharpMUSH.Library.Models.SharpPlayer: SharpMUSH.Library.Models.SharpPlayer, *System.String: -1*, <null>, *Announce*)
  	Notify(SharpMUSH.Library.Models.SharpPlayer: SharpMUSH.Library.Models.SharpPlayer, *System.String: -1*, <null>, *Announce*)
  	Notify(SharpMUSH.Library.Models.SharpPlayer: SharpMUSH.Library.Models.SharpPlayer, *System.String: -1*, <null>, *Announce*)
  	Notify(SharpMUSH.Library.Models.SharpPlayer: SharpMUSH.Library.Models.SharpPlayer, *System.String: -1*, <null>, *Announce*)
  	Notify(SharpMUSH.Library.Models.SharpPlayer: SharpMUSH.Library.Models.SharpPlayer, *System.String: -1*, <null>, *Announce*)
  	Notify(SharpMUSH.Library.Models.SharpPlayer: SharpMUSH.Library.Models.SharpPlayer, *System.String: -1*, <null>, *Announce*)
  	Notify(SharpMUSH.Library.Models.SharpPlayer: SharpMUSH.Library.Models.SharpPlayer, *System.String: -1*, <null>, *Announce*)
  	Notify(SharpMUSH.Library.Models.SharpPlayer: SharpMUSH.Library.Models.SharpPlayer, *System.String: -1*, <null>, *Announce*)
  	Notify(SharpMUSH.Library.Models.SharpPlayer: SharpMUSH.Library.Models.SharpPlayer, *System.String: -1*, <null>, *Announce*)
  	Notify(SharpMUSH.Library.Models.SharpPlayer: SharpMUSH.Library.Models.SharpPlayer, *System.String: -1*, <null>, *Announce*)
  	Notify(SharpMUSH.Library.Models.SharpPlayer: SharpMUSH.Library.Models.SharpPlayer, *System.String: -1*, <null>, *Announce*)
  	Notify(SharpMUSH.Library.Models.SharpPlayer: SharpMUSH.Library.Models.SharpPlayer, *System.String: -1*, <null>, *Announce*)
  	Notify(SharpMUSH.Library.Models.SharpPlayer: SharpMUSH.Library.Models.SharpPlayer, *System.String: -1*, <null>, *Announce*)
  	Notify(SharpMUSH.Library.Models.SharpPlayer: SharpMUSH.Library.Models.SharpPlayer, *System.String: -1*, <null>, *Announce*)
  	Notify(SharpMUSH.Library.Models.SharpPlayer: SharpMUSH.Library.Models.SharpPlayer, *System.String: -1*, <null>, *Announce*)
  	Notify(SharpMUSH.Library.Models.SharpPlayer: SharpMUSH.Library.Models.SharpPlayer, *System.String: -1*, <null>, *Announce*)
  	Notify(SharpMUSH.Library.Models.SharpPlayer: SharpMUSH.Library.Models.SharpPlayer, *System.String: -1*, <null>, *Announce*)
  	Notify(SharpMUSH.Library.Models.SharpPlayer: SharpMUSH.Library.Models.SharpPlayer, *System.String: -1*, <null>, *Announce*)
  	Notify(SharpMUSH.Library.Models.SharpPlayer: SharpMUSH.Library.Models.SharpPlayer, *System.String: -1*, <null>, *Announce*)
  	Notify(SharpMUSH.Library.Models.SharpPlayer: SharpMUSH.Library.Models.SharpPlayer, *System.String: -1*, <null>, *Announce*)
  	Notify(SharpMUSH.Library.Models.SharpPlayer: SharpMUSH.Library.Models.SharpPlayer, *System.String: -1*, <null>, *Announce*)
  	Notify(SharpMUSH.Library.Models.SharpPlayer: SharpMUSH.Library.Models.SharpPlayer, *System.String: -1*, <null>, *Announce*)
  	Notify(SharpMUSH.Library.Models.SharpPlayer: SharpMUSH.Library.Models.SharpPlayer, *System.String: -1*, <null>, *Announce*)
  	Notify(SharpMUSH.Library.Models.SharpPlayer: SharpMUSH.Library.Models.SharpPlayer, *System.String: -1*, <null>, *Announce*)
  	Notify(SharpMUSH.Library.Models.SharpPlayer: SharpMUSH.Library.Models.SharpPlayer, *System.String: -1*, <null>, *Announce*)
  	Notify(SharpMUSH.Library.Models.SharpPlayer: SharpMUSH.Library.Models.SharpPlayer, *System.String: -1*, <null>, *Announce*)
  	Notify(SharpMUSH.Library.Models.SharpPlayer: SharpMUSH.Library.Models.SharpPlayer, *System.String: -1*, <null>, *Announce*)
  	Notify(SharpMUSH.Library.Models.SharpPlayer: SharpMUSH.Library.Models.SharpPlayer, *System.String: -1*, <null>, *Announce*)
  	Notify(SharpMUSH.Library.Models.SharpPlayer: SharpMUSH.Library.Models.SharpPlayer, *System.String: -1*, <null>, *Announce*)
  	Notify(SharpMUSH.Library.Models.SharpPlayer: SharpMUSH.Library.Models.SharpPlayer, *System.String: -1*, <null>, *Announce*)
  	Notify(SharpMUSH.Library.Models.SharpPlayer: SharpMUSH.Library.Models.SharpPlayer, *System.String: -1*, <null>, *Announce*)
  	Notify(SharpMUSH.Library.Models.SharpPlayer: SharpMUSH.Library.Models.SharpPlayer, *System.String: -1*, <null>, *Announce*)
  	Notify(SharpMUSH.Library.Models.SharpPlayer: SharpMUSH.Library.Models.SharpPlayer, *System.String: -1*, <null>, *Announce*)
  	Notify(SharpMUSH.Library.Models.SharpPlayer: SharpMUSH.Library.Models.SharpPlayer, *System.String: -1*, <null>, *Announce*)
  	Notify(SharpMUSH.Library.Models.SharpPlayer: SharpMUSH.Library.Models.SharpPlayer, *System.String: -1*, <null>, *Announce*)
  	Notify(SharpMUSH.Library.Models.SharpPlayer: SharpMUSH.Library.Models.SharpPlayer, *System.String: -1*, <null>, *Announce*)
  	Notify(SharpMUSH.Library.Models.SharpPlayer: SharpMUSH.Library.Models.SharpPlayer, *System.String: -1*, <null>, *Announce*)
  	Notify(SharpMUSH.Library.Models.SharpPlayer: SharpMUSH.Library.Models.SharpPlayer, *System.String: -1*, <null>, *Announce*)
  	Notify(SharpMUSH.Library.Models.SharpPlayer: SharpMUSH.Library.Models.SharpPlayer, *System.String: -1*, <null>, *Announce*)
  	Notify(SharpMUSH.Library.Models.SharpPlayer: SharpMUSH.Library.Models.SharpPlayer, *System.String: -1*, <null>, *Announce*)
  	Notify(SharpMUSH.Library.Models.SharpPlayer: SharpMUSH.Library.Models.SharpPlayer, *System.String: -1*, <null>, *Announce*)
  	Notify(SharpMUSH.Library.Models.SharpPlayer: SharpMUSH.Library.Models.SharpPlayer, *System.String: -1*, <null>, *Announce*)
  	Notify(SharpMUSH.Library.Models.SharpPlayer: SharpMUSH.Library.Models.SharpPlayer, *System.String: -1*, <null>, *Announce*)
  	Notify(SharpMUSH.Library.Models.SharpPlayer: SharpMUSH.Library.Models.SharpPlayer, *System.String: -1*, <null>, *Announce*)
  	Notify(SharpMUSH.Library.Models.SharpPlayer: SharpMUSH.Library.Models.SharpPlayer, *System.String: -1*, <null>, *Announce*)
  	Notify(SharpMUSH.Library.Models.SharpPlayer: SharpMUSH.Library.Models.SharpPlayer, *System.String: -1*, <null>, *Announce*)
  	Notify(SharpMUSH.Library.Models.SharpPlayer: SharpMUSH.Library.Models.SharpPlayer, *System.String: -1*, <null>, *Announce*)
  	Notify(SharpMUSH.Library.Models.SharpPlayer: SharpMUSH.Library.Models.SharpPlayer, *System.String: -1*, <null>, *Announce*)
  	Notify(SharpMUSH.Library.Models.SharpPlayer: SharpMUSH.Library.Models.SharpPlayer, *System.String: -1*, <null>, *Announce*)
  	Notify(SharpMUSH.Library.Models.SharpPlayer: SharpMUSH.Library.Models.SharpPlayer, *System.String: -1*, <null>, *Announce*)
  	Notify(SharpMUSH.Library.Models.SharpPlayer: SharpMUSH.Library.Models.SharpPlayer, *System.String: -1*, <null>, *Announce*)
  	Notify(SharpMUSH.Library.Models.SharpPlayer: SharpMUSH.Library.Models.SharpPlayer, *System.String: -1*, <null>, *Announce*)
  	Notify(SharpMUSH.Library.Models.SharpPlayer: SharpMUSH.Library.Models.SharpPlayer, *System.String: -1*, <null>, *Announce*)
  	Notify(SharpMUSH.Library.Models.SharpPlayer: SharpMUSH.Library.Models.SharpPlayer, *System.String: -1*, <null>, *Announce*)
  	Notify(SharpMUSH.Library.Models.SharpPlayer: SharpMUSH.Library.Models.SharpPlayer, *System.String: -1*, <null>, *Announce*)
  	Notify(SharpMUSH.Library.Models.SharpPlayer: SharpMUSH.Library.Models.SharpPlayer, *System.String: -1*, <null>, *Announce*)
  	Notify(SharpMUSH.Library.Models.SharpPlayer: SharpMUSH.Library.Models.SharpPlayer, *System.String: -1*, <null>, *Announce*)
  	Notify(SharpMUSH.Library.Models.SharpPlayer: SharpMUSH.Library.Models.SharpPlayer, *System.String: -1*, <null>, *Announce*)
  	Notify(SharpMUSH.Library.Models.SharpPlayer: SharpMUSH.Library.Models.SharpPlayer, *System.String: -1*, <null>, *Announce*)
  	Notify(SharpMUSH.Library.Models.SharpPlayer: SharpMUSH.Library.Models.SharpPlayer, *System.String: -1*, <null>, *Announce*)
  	Notify(SharpMUSH.Library.Models.SharpPlayer: SharpMUSH.Library.Models.SharpPlayer, *System.String: -1*, <null>, *Announce*)
  	Notify(SharpMUSH.Library.Models.SharpPlayer: SharpMUSH.Library.Models.SharpPlayer, *System.String: -1*, <null>, *Announce*)
  	Notify(SharpMUSH.Library.Models.SharpPlayer: SharpMUSH.Library.Models.SharpPlayer, *System.String: -1*, <null>, *Announce*)
  	Notify(SharpMUSH.Library.Models.SharpPlayer: SharpMUSH.Library.Models.SharpPlayer, *System.String: -1*, <null>, *Announce*)
  	Notify(SharpMUSH.Library.Models.SharpPlayer: SharpMUSH.Library.Models.SharpPlayer, *System.String: -1*, <null>, *Announce*)
  	Notify(SharpMUSH.Library.Models.SharpPlayer: SharpMUSH.Library.Models.SharpPlayer, *System.String: -1*, <null>, *Announce*)
  	Notify(SharpMUSH.Library.Models.SharpPlayer: SharpMUSH.Library.Models.SharpPlayer, *System.String: -1*, <null>, *Announce*)
  	Notify(SharpMUSH.Library.Models.SharpPlayer: SharpMUSH.Library.Models.SharpPlayer, *System.String: -1*, <null>, *Announce*)
  	Notify(SharpMUSH.Library.Models.SharpPlayer: SharpMUSH.Library.Models.SharpPlayer, *System.String: -1*, <null>, *Announce*)
  	Notify(SharpMUSH.Library.Models.SharpPlayer: SharpMUSH.Library.Models.SharpPlayer, *System.String: -1*, <null>, *Announce*)
  	Notify(SharpMUSH.Library.Models.SharpPlayer: SharpMUSH.Library.Models.SharpPlayer, *System.String: -1*, <null>, *Announce*)
  	Notify(SharpMUSH.Library.Models.SharpPlayer: SharpMUSH.Library.Models.SharpPlayer, *System.String: -1*, <null>, *Announce*)
  	Notify(SharpMUSH.Library.Models.SharpPlayer: SharpMUSH.Library.Models.SharpPlayer, *System.String: -1*, <null>, *Announce*)
  	Notify(SharpMUSH.Library.Models.SharpPlayer: SharpMUSH.Library.Models.SharpPlayer, *System.String: -1*, <null>, *Announce*)
  	Notify(SharpMUSH.Library.Models.SharpPlayer: SharpMUSH.Library.Models.SharpPlayer, *System.String: -1*, <null>, *Announce*)
  	Notify(SharpMUSH.Library.Models.SharpPlayer: SharpMUSH.Library.Models.SharpPlayer, *System.String: -1*, <null>, *Announce*)
  	Notify(SharpMUSH.Library.Models.SharpPlayer: SharpMUSH.Library.Models.SharpPlayer, *System.String: -1*, <null>, *Announce*)
  	Notify(SharpMUSH.Library.Models.SharpPlayer: SharpMUSH.Library.Models.SharpPlayer, *System.String: -1*, <null>, *Announce*)
  	Notify(SharpMUSH.Library.Models.SharpPlayer: SharpMUSH.Library.Models.SharpPlayer, *System.String: -1*, <null>, *Announce*)
  	Notify(SharpMUSH.Library.Models.SharpPlayer: SharpMUSH.Library.Models.SharpPlayer, *System.String: -1*, <null>, *Announce*)
  	Notify(SharpMUSH.Library.Models.SharpPlayer: SharpMUSH.Library.Models.SharpPlayer, *System.String: -1*, <null>, *Announce*)
  	Notify(SharpMUSH.Library.Models.SharpPlayer: SharpMUSH.Library.Models.SharpPlayer, *System.String: -1*, <null>, *Announce*)
  	Notify(SharpMUSH.Library.Models.SharpPlayer: SharpMUSH.Library.Models.SharpPlayer, *System.String: -1*, <null>, *Announce*)
  	Notify(SharpMUSH.Library.Models.SharpPlayer: SharpMUSH.Library.Models.SharpPlayer, *System.String: -1*, <null>, *Announce*)
  	Notify(SharpMUSH.Library.Models.SharpPlayer: SharpMUSH.Library.Models.SharpPlayer, *System.String: -1*, <null>, *Announce*)
  	Notify(SharpMUSH.Library.Models.SharpPlayer: SharpMUSH.Library.Models.SharpPlayer, *System.String: -1*, <null>, *Announce*)
  	Notify(SharpMUSH.Library.Models.SharpPlayer: SharpMUSH.Library.Models.SharpPlayer, *System.String: -1*, <null>, *Announce*)
  	Notify(SharpMUSH.Library.Models.SharpPlayer: SharpMUSH.Library.Models.SharpPlayer, *System.String: -1*, <null>, *Announce*)
  	Notify(SharpMUSH.Library.Models.SharpPlayer: SharpMUSH.Library.Models.SharpPlayer, *System.String: -1*, <null>, *Announce*)
  	Notify(SharpMUSH.Library.Models.SharpPlayer: SharpMUSH.Library.Models.SharpPlayer, *System.String: -1*, <null>, *Announce*)
  	Notify(SharpMUSH.Library.Models.SharpPlayer: SharpMUSH.Library.Models.SharpPlayer, *System.String: -1*, <null>, *Announce*)
  	Notify(SharpMUSH.Library.Models.SharpPlayer: SharpMUSH.Library.Models.SharpPlayer, *System.String: -1*, <null>, *Announce*)
  	Notify(SharpMUSH.Library.Models.SharpPlayer: SharpMUSH.Library.Models.SharpPlayer, *System.String: -1*, <null>, *Announce*)
  	Notify(SharpMUSH.Library.Models.SharpPlayer: SharpMUSH.Library.Models.SharpPlayer, *System.String: -1*, <null>, *Announce*)
  	Notify(SharpMUSH.Library.Models.SharpPlayer: SharpMUSH.Library.Models.SharpPlayer, *System.String: -1*, <null>, *Announce*)
  	Notify(SharpMUSH.Library.Models.SharpPlayer: SharpMUSH.Library.Models.SharpPlayer, *System.String: -1*, <null>, *Announce*)
  	Notify(SharpMUSH.Library.Models.SharpPlayer: SharpMUSH.Library.Models.SharpPlayer, *System.String: -1*, <null>, *Announce*)
  	Notify(SharpMUSH.Library.Models.SharpPlayer: SharpMUSH.Library.Models.SharpPlayer, *System.String: -1*, <null>, *Announce*)
  	Notify(SharpMUSH.Library.Models.SharpPlayer: SharpMUSH.Library.Models.SharpPlayer, *System.String: -1*, <null>, *Announce*)
  	Notify(SharpMUSH.Library.Models.SharpPlayer: SharpMUSH.Library.Models.SharpPlayer, *System.String: -1*, <null>, *Announce*)
  	Notify(SharpMUSH.Library.Models.SharpPlayer: SharpMUSH.Library.Models.SharpPlayer, *System.String: -1*, <null>, *Announce*)
  	Notify(SharpMUSH.Library.Models.SharpPlayer: SharpMUSH.Library.Models.SharpPlayer, *System.String: -1*, <null>, *Announce*)
  	Notify(SharpMUSH.Library.Models.SharpPlayer: SharpMUSH.Library.Models.SharpPlayer, *System.String: -1*, <null>, *Announce*)
  	Notify(SharpMUSH.Library.Models.SharpPlayer: SharpMUSH.Library.Models.SharpPlayer, *System.String: -1*, <null>, *Announce*)
  	Notify(SharpMUSH.Library.Models.SharpPlayer: SharpMUSH.Library.Models.SharpPlayer, *System.String: -1*, <null>, *Announce*)
  	Notify(SharpMUSH.Library.Models.SharpPlayer: SharpMUSH.Library.Models.SharpPlayer, *System.String: -1*, <null>, *Announce*)
  	Notify(SharpMUSH.Library.Models.SharpPlayer: SharpMUSH.Library.Models.SharpPlayer, *System.String: -1*, <null>, *Announce*)
  	Notify(SharpMUSH.Library.Models.SharpPlayer: SharpMUSH.Library.Models.SharpPlayer, *System.String: -1*, <null>, *Announce*)
  	Notify(SharpMUSH.Library.Models.SharpPlayer: SharpMUSH.Library.Models.SharpPlayer, *System.String: -1*, <null>, *Announce*)
  	Notify(SharpMUSH.Library.Models.SharpPlayer: SharpMUSH.Library.Models.SharpPlayer, *System.String: -1*, <null>, *Announce*)
  	Notify(SharpMUSH.Library.Models.SharpPlayer: SharpMUSH.Library.Models.SharpPlayer, *System.String: -1*, <null>, *Announce*)
  	Notify(SharpMUSH.Library.Models.SharpPlayer: SharpMUSH.Library.Models.SharpPlayer, *System.String: -1*, <null>, *Announce*)
  	Notify(SharpMUSH.Library.Models.SharpPlayer: SharpMUSH.Library.Models.SharpPlayer, *System.String: -1*, <null>, *Announce*)
  	Notify(SharpMUSH.Library.Models.SharpPlayer: SharpMUSH.Library.Models.SharpPlayer, *System.String: -1*, <null>, *Announce*)
  	Notify(SharpMUSH.Library.Models.SharpPlayer: SharpMUSH.Library.Models.SharpPlayer, *System.String: -1*, <null>, *Announce*)
  	Notify(SharpMUSH.Library.Models.SharpPlayer: SharpMUSH.Library.Models.SharpPlayer, *System.String: -1*, <null>, *Announce*)
  	Notify(SharpMUSH.Library.Models.SharpPlayer: SharpMUSH.Library.Models.SharpPlayer, *System.String: -1*, <null>, *Announce*)
  	Notify(SharpMUSH.Library.Models.SharpPlayer: SharpMUSH.Library.Models.SharpPlayer, *System.String: -1*, <null>, *Announce*)
  	Notify(SharpMUSH.Library.Models.SharpPlayer: SharpMUSH.Library.Models.SharpPlayer, *System.String: -1*, <null>, *Announce*)
  	Notify(SharpMUSH.Library.Models.SharpPlayer: SharpMUSH.Library.Models.SharpPlayer, *System.String: -1*, <null>, *Announce*)
  	Notify(SharpMUSH.Library.Models.SharpPlayer: SharpMUSH.Library.Models.SharpPlayer, *System.String: -1*, <null>, *Announce*)
  	Notify(SharpMUSH.Library.Models.SharpPlayer: SharpMUSH.Library.Models.SharpPlayer, *System.String: -1*, <null>, *Announce*)
  	Notify(SharpMUSH.Library.Models.SharpPlayer: SharpMUSH.Library.Models.SharpPlayer, *System.String: -1*, <null>, *Announce*)
  	Notify(SharpMUSH.Library.Models.SharpPlayer: SharpMUSH.Library.Models.SharpPlayer, *System.String: -1*, <null>, *Announce*)
  	Notify(SharpMUSH.Library.Models.SharpPlayer: SharpMUSH.Library.Models.SharpPlayer, *System.String: -1*, <null>, *Announce*)
  	Notify(SharpMUSH.Library.Models.SharpPlayer: SharpMUSH.Library.Models.SharpPlayer, *System.String: -1*, <null>, *Announce*)
  	Notify(SharpMUSH.Library.Models.SharpPlayer: SharpMUSH.Library.Models.SharpPlayer, *System.String: -1*, <null>, *Announce*)
  	Notify(SharpMUSH.Library.Models.SharpPlayer: SharpMUSH.Library.Models.SharpPlayer, *System.String: -1*, <null>, *Announce*)
  	Notify(SharpMUSH.Library.Models.SharpPlayer: SharpMUSH.Library.Models.SharpPlayer, *System.String: -1*, <null>, *Announce*)
  	Notify(SharpMUSH.Library.Models.SharpPlayer: SharpMUSH.Library.Models.SharpPlayer, *System.String: -1*, <null>, *Announce*)
  	Notify(SharpMUSH.Library.Models.SharpPlayer: SharpMUSH.Library.Models.SharpPlayer, *System.String: -1*, <null>, *Announce*)
  	Notify(SharpMUSH.Library.Models.SharpPlayer: SharpMUSH.Library.Models.SharpPlayer, *System.String: -1*, <null>, *Announce*)
  	Notify(SharpMUSH.Library.Models.SharpPlayer: SharpMUSH.Library.Models.SharpPlayer, *System.String: -1*, <null>, *Announce*)
  	Notify(SharpMUSH.Library.Models.SharpPlayer: SharpMUSH.Library.Models.SharpPlayer, *System.String: -1*, <null>, *Announce*)
  	Notify(SharpMUSH.Library.Models.SharpPlayer: SharpMUSH.Library.Models.SharpPlayer, *System.String: -1*, <null>, *Announce*)
  	Notify(SharpMUSH.Library.Models.SharpPlayer: SharpMUSH.Library.Models.SharpPlayer, *System.String: -1*, <null>, *Announce*)
  	Notify(SharpMUSH.Library.Models.SharpPlayer: SharpMUSH.Library.Models.SharpPlayer, *System.String: -1*, <null>, *Announce*)
  	Notify(SharpMUSH.Library.Models.SharpPlayer: SharpMUSH.Library.Models.SharpPlayer, *System.String: -1*, <null>, *Announce*)
  	Notify(SharpMUSH.Library.Models.SharpPlayer: SharpMUSH.Library.Models.SharpPlayer, *System.String: -1*, <null>, *Announce*)
  	Notify(SharpMUSH.Library.Models.SharpPlayer: SharpMUSH.Library.Models.SharpPlayer, *System.String: -1*, <null>, *Announce*)
  	Notify(SharpMUSH.Library.Models.SharpPlayer: SharpMUSH.Library.Models.SharpPlayer, *System.String: -1*, <null>, *Announce*)
  	Notify(SharpMUSH.Library.Models.SharpPlayer: SharpMUSH.Library.Models.SharpPlayer, *System.String: -1*, <null>, *Announce*)
  	Notify(SharpMUSH.Library.Models.SharpPlayer: SharpMUSH.Library.Models.SharpPlayer, *System.String: -1*, <null>, *Announce*)
  	Notify(SharpMUSH.Library.Models.SharpPlayer: SharpMUSH.Library.Models.SharpPlayer, *System.String: -1*, <null>, *Announce*)
  	Notify(SharpMUSH.Library.Models.SharpPlayer: SharpMUSH.Library.Models.SharpPlayer, *System.String: -1*, <null>, *Announce*)
  	Notify(SharpMUSH.Library.Models.SharpPlayer: SharpMUSH.Library.Models.SharpPlayer, *System.String: -1*, <null>, *Announce*)
  	Notify(SharpMUSH.Library.Models.SharpPlayer: SharpMUSH.Library.Models.SharpPlayer, *System.String: -1*, <null>, *Announce*)
  	Notify(SharpMUSH.Library.Models.SharpPlayer: SharpMUSH.Library.Models.SharpPlayer, *System.String: -1*, <null>, *Announce*)
  	Notify(SharpMUSH.Library.Models.SharpPlayer: SharpMUSH.Library.Models.SharpPlayer, *System.String: -1*, <null>, *Announce*)
  	Notify(SharpMUSH.Library.Models.SharpPlayer: SharpMUSH.Library.Models.SharpPlayer, *System.String: -1*, <null>, *Announce*)
  	Notify(SharpMUSH.Library.Models.SharpPlayer: SharpMUSH.Library.Models.SharpPlayer, *System.String: -1*, <null>, *Announce*)
  	Notify(SharpMUSH.Library.Models.SharpPlayer: SharpMUSH.Library.Models.SharpPlayer, *System.String: -1*, <null>, *Announce*)
  	Notify(SharpMUSH.Library.Models.SharpPlayer: SharpMUSH.Library.Models.SharpPlayer, *System.String: -1*, <null>, *Announce*)
  	Notify(SharpMUSH.Library.Models.SharpPlayer: SharpMUSH.Library.Models.SharpPlayer, *System.String: -1*, <null>, *Announce*)
  	Notify(SharpMUSH.Library.Models.SharpPlayer: SharpMUSH.Library.Models.SharpPlayer, *System.String: -1*, <null>, *Announce*)
  	Notify(SharpMUSH.Library.Models.SharpPlayer: SharpMUSH.Library.Models.SharpPlayer, *System.String: -1*, <null>, *Announce*)
  	Notify(SharpMUSH.Library.Models.SharpPlayer: SharpMUSH.Library.Models.SharpPlayer, *System.String: -1*, <null>, *Announce*)
  	Notify(SharpMUSH.Library.Models.SharpPlayer: SharpMUSH.Library.Models.SharpPlayer, *System.String: -1*, <null>, *Announce*)
  	Notify(SharpMUSH.Library.Models.SharpPlayer: SharpMUSH.Library.Models.SharpPlayer, *System.String: -1*, <null>, *Announce*)
  	Notify(SharpMUSH.Library.Models.SharpPlayer: SharpMUSH.Library.Models.SharpPlayer, *System.String: -1*, <null>, *Announce*)
  	Notify(SharpMUSH.Library.Models.SharpPlayer: SharpMUSH.Library.Models.SharpPlayer, *System.String: -1*, <null>, *Announce*)
  	Notify(SharpMUSH.Library.Models.SharpPlayer: SharpMUSH.Library.Models.SharpPlayer, *System.String: -1*, <null>, *Announce*)
  	Notify(SharpMUSH.Library.Models.SharpPlayer: SharpMUSH.Library.Models.SharpPlayer, *System.String: -1*, <null>, *Announce*)
  	Notify(SharpMUSH.Library.Models.SharpPlayer: SharpMUSH.Library.Models.SharpPlayer, *System.String: -1*, <null>, *Announce*)
  	Notify(SharpMUSH.Library.Models.SharpPlayer: SharpMUSH.Library.Models.SharpPlayer, *System.String: -1*, <null>, *Announce*)
  	Notify(SharpMUSH.Library.Models.SharpPlayer: SharpMUSH.Library.Models.SharpPlayer, *System.String: -1*, <null>, *Announce*)
  	Notify(SharpMUSH.Library.Models.SharpPlayer: SharpMUSH.Library.Models.SharpPlayer, *System.String: -1*, <null>, *Announce*)
  	Notify(SharpMUSH.Library.Models.SharpPlayer: SharpMUSH.Library.Models.SharpPlayer, *System.String: -1*, <null>, *Announce*)
  	Notify(SharpMUSH.Library.Models.SharpPlayer: SharpMUSH.Library.Models.SharpPlayer, *System.String: -1*, <null>, *Announce*)
  	Notify(SharpMUSH.Library.Models.SharpPlayer: SharpMUSH.Library.Models.SharpPlayer, *System.String: -1*, <null>, *Announce*)
  	Notify(SharpMUSH.Library.Models.SharpPlayer: SharpMUSH.Library.Models.SharpPlayer, *System.String: -1*, <null>, *Announce*)
  	Notify(SharpMUSH.Library.Models.SharpPlayer: SharpMUSH.Library.Models.SharpPlayer, *System.String: -1*, <null>, *Announce*)
  	Notify(SharpMUSH.Library.Models.SharpPlayer: SharpMUSH.Library.Models.SharpPlayer, *System.String: -1*, <null>, *Announce*)
  	Notify(SharpMUSH.Library.Models.SharpPlayer: SharpMUSH.Library.Models.SharpPlayer, *System.String: -1*, <null>, *Announce*)
  	Notify(SharpMUSH.Library.Models.SharpPlayer: SharpMUSH.Library.Models.SharpPlayer, *System.String: -1*, <null>, *Announce*)
  	Notify(SharpMUSH.Library.Models.SharpPlayer: SharpMUSH.Library.Models.SharpPlayer, *System.String: -1*, <null>, *Announce*)
  	Notify(SharpMUSH.Library.Models.SharpPlayer: SharpMUSH.Library.Models.SharpPlayer, *System.String: -1*, <null>, *Announce*)
  	Notify(SharpMUSH.Library.Models.SharpPlayer: SharpMUSH.Library.Models.SharpPlayer, *System.String: -1*, <null>, *Announce*)
  	Notify(SharpMUSH.Library.Models.SharpPlayer: SharpMUSH.Library.Models.SharpPlayer, *System.String: -1*, <null>, *Announce*)
  	Notify(SharpMUSH.Library.Models.SharpPlayer: SharpMUSH.Library.Models.SharpPlayer, *System.String: -1*, <null>, *Announce*)
  	Notify(SharpMUSH.Library.Models.SharpPlayer: SharpMUSH.Library.Models.SharpPlayer, *System.String: -1*, <null>, *Announce*)
  	Notify(SharpMUSH.Library.Models.SharpPlayer: SharpMUSH.Library.Models.SharpPlayer, *System.String: -1*, <null>, *Announce*)
  	Notify(SharpMUSH.Library.Models.SharpPlayer: SharpMUSH.Library.Models.SharpPlayer, *System.String: -1*, <null>, *Announce*)
  	Notify(SharpMUSH.Library.Models.SharpPlayer: SharpMUSH.Library.Models.SharpPlayer, *System.String: -1*, <null>, *Announce*)
  	Notify(SharpMUSH.Library.Models.SharpPlayer: SharpMUSH.Library.Models.SharpPlayer, *System.String: -1*, <null>, *Announce*)
  	Notify(SharpMUSH.Library.Models.SharpPlayer: SharpMUSH.Library.Models.SharpPlayer, *System.String: -1*, <null>, *Announce*)
  	Notify(SharpMUSH.Library.Models.SharpPlayer: SharpMUSH.Library.Models.SharpPlayer, *System.String: -1*, <null>, *Announce*)
  	Notify(SharpMUSH.Library.Models.SharpPlayer: SharpMUSH.Library.Models.SharpPlayer, *System.String: -1*, <null>, *Announce*)
  	Notify(SharpMUSH.Library.Models.SharpPlayer: SharpMUSH.Library.Models.SharpPlayer, *System.String: -1*, <null>, *Announce*)
  	Notify(SharpMUSH.Library.Models.SharpPlayer: SharpMUSH.Library.Models.SharpPlayer, *System.String: -1*, <null>, *Announce*)
  	Notify(SharpMUSH.Library.Models.SharpPlayer: SharpMUSH.Library.Models.SharpPlayer, *System.String: -1*, <null>, *Announce*)
  	Notify(SharpMUSH.Library.Models.SharpPlayer: SharpMUSH.Library.Models.SharpPlayer, *System.String: -1*, <null>, *Announce*)
  	Notify(SharpMUSH.Library.Models.SharpPlayer: SharpMUSH.Library.Models.SharpPlayer, *System.String: -1*, <null>, *Announce*)
  	Notify(SharpMUSH.Library.Models.SharpPlayer: SharpMUSH.Library.Models.SharpPlayer, *System.String: -1*, <null>, *Announce*)
  	Notify(SharpMUSH.Library.Models.SharpPlayer: SharpMUSH.Library.Models.SharpPlayer, *System.String: -1*, <null>, *Announce*)
  	Notify(SharpMUSH.Library.Models.SharpPlayer: SharpMUSH.Library.Models.SharpPlayer, *System.String: -1*, <null>, *Announce*)
  	Notify(SharpMUSH.Library.Models.SharpPlayer: SharpMUSH.Library.Models.SharpPlayer, *System.String: -1*, <null>, *Announce*)
  	Notify(SharpMUSH.Library.Models.SharpPlayer: SharpMUSH.Library.Models.SharpPlayer, *System.String: -1*, <null>, *Announce*)
  	Notify(SharpMUSH.Library.Models.SharpPlayer: SharpMUSH.Library.Models.SharpPlayer, *System.String: -1*, <null>, *Announce*)
  	Notify(SharpMUSH.Library.Models.SharpPlayer: SharpMUSH.Library.Models.SharpPlayer, *System.String: -1*, <null>, *Announce*)
  	Notify(SharpMUSH.Library.Models.SharpPlayer: SharpMUSH.Library.Models.SharpPlayer, *System.String: -1*, <null>, *Announce*)
  	Notify(SharpMUSH.Library.Models.SharpPlayer: SharpMUSH.Library.Models.SharpPlayer, *System.String: -1*, <null>, *Announce*)
  	Notify(SharpMUSH.Library.Models.SharpPlayer: SharpMUSH.Library.Models.SharpPlayer, *System.String: -1*, <null>, *Announce*)
  	Notify(SharpMUSH.Library.Models.SharpPlayer: SharpMUSH.Library.Models.SharpPlayer, *System.String: -1*, <null>, *Announce*)
  	Notify(SharpMUSH.Library.Models.SharpPlayer: SharpMUSH.Library.Models.SharpPlayer, *System.String: -1*, <null>, *Announce*)
  	Notify(SharpMUSH.Library.Models.SharpPlayer: SharpMUSH.Library.Models.SharpPlayer, *System.String: -1*, <null>, *Announce*)
  	Notify(SharpMUSH.Library.Models.SharpPlayer: SharpMUSH.Library.Models.SharpPlayer, *System.String: -1*, <null>, *Announce*)
  	Notify(SharpMUSH.Library.Models.SharpPlayer: SharpMUSH.Library.Models.SharpPlayer, *System.String: -1*, <null>, *Announce*)
  	Notify(SharpMUSH.Library.Models.SharpPlayer: SharpMUSH.Library.Models.SharpPlayer, *System.String: -1*, <null>, *Announce*)
  	Notify(SharpMUSH.Library.Models.SharpPlayer: SharpMUSH.Library.Models.SharpPlayer, *System.String: -1*, <null>, *Announce*)
  	Notify(SharpMUSH.Library.Models.SharpPlayer: SharpMUSH.Library.Models.SharpPlayer, *System.String: -1*, <null>, *Announce*)
  	Notify(SharpMUSH.Library.Models.SharpPlayer: SharpMUSH.Library.Models.SharpPlayer, *System.String: -1*, <null>, *Announce*)
  	Notify(SharpMUSH.Library.Models.SharpPlayer: SharpMUSH.Library.Models.SharpPlayer, *System.String: -1*, <null>, *Announce*)
  	Notify(SharpMUSH.Library.Models.SharpPlayer: SharpMUSH.Library.Models.SharpPlayer, *System.String: -1*, <null>, *Announce*)
  	Notify(SharpMUSH.Library.Models.SharpPlayer: SharpMUSH.Library.Models.SharpPlayer, *System.String: -1*, <null>, *Announce*)
  	Notify(SharpMUSH.Library.Models.SharpPlayer: SharpMUSH.Library.Models.SharpPlayer, *System.String: -1*, <null>, *Announce*)
  	Notify(SharpMUSH.Library.Models.SharpPlayer: SharpMUSH.Library.Models.SharpPlayer, *System.String: -1*, <null>, *Announce*)
  	Notify(SharpMUSH.Library.Models.SharpPlayer: SharpMUSH.Library.Models.SharpPlayer, *System.String: -1*, <null>, *Announce*)
  	Notify(SharpMUSH.Library.Models.SharpPlayer: SharpMUSH.Library.Models.SharpPlayer, *System.String: -1*, <null>, *Announce*)
  	Notify(SharpMUSH.Library.Models.SharpPlayer: SharpMUSH.Library.Models.SharpPlayer, *System.String: -1*, <null>, *Announce*)
  	Notify(SharpMUSH.Library.Models.SharpPlayer: SharpMUSH.Library.Models.SharpPlayer, *System.String: -1*, <null>, *Announce*)
  	Notify(SharpMUSH.Library.Models.SharpPlayer: SharpMUSH.Library.Models.SharpPlayer, *System.String: -1*, <null>, *Announce*)
  	Notify(SharpMUSH.Library.Models.SharpPlayer: SharpMUSH.Library.Models.SharpPlayer, *System.String: -1*, <null>, *Announce*)
  	Notify(SharpMUSH.Library.Models.SharpPlayer: SharpMUSH.Library.Models.SharpPlayer, *System.String: -1*, <null>, *Announce*)
  	Notify(SharpMUSH.Library.Models.SharpPlayer: SharpMUSH.Library.Models.SharpPlayer, *System.String: -1*, <null>, *Announce*)
  	Notify(SharpMUSH.Library.Models.SharpPlayer: SharpMUSH.Library.Models.SharpPlayer, *System.String: -1*, <null>, *Announce*)
  	Notify(SharpMUSH.Library.Models.SharpPlayer: SharpMUSH.Library.Models.SharpPlayer, *System.String: -1*, <null>, *Announce*)
  	Notify(SharpMUSH.Library.Models.SharpPlayer: SharpMUSH.Library.Models.SharpPlayer, *System.String: -1*, <null>, *Announce*)
  	Notify(SharpMUSH.Library.Models.SharpPlayer: SharpMUSH.Library.Models.SharpPlayer, *System.String: -1*, <null>, *Announce*)
  	Notify(SharpMUSH.Library.Models.SharpPlayer: SharpMUSH.Library.Models.SharpPlayer, *System.String: -1*, <null>, *Announce*)
  	Notify(SharpMUSH.Library.Models.SharpPlayer: SharpMUSH.Library.Models.SharpPlayer, *System.String: -1*, <null>, *Announce*)
  	Notify(SharpMUSH.Library.Models.SharpPlayer: SharpMUSH.Library.Models.SharpPlayer, *System.String: -1*, <null>, *Announce*)
  	Notify(SharpMUSH.Library.Models.SharpPlayer: SharpMUSH.Library.Models.SharpPlayer, *System.String: -1*, <null>, *Announce*)
  	Notify(SharpMUSH.Library.Models.SharpPlayer: SharpMUSH.Library.Models.SharpPlayer, *System.String: -1*, <null>, *Announce*)
  	Notify(SharpMUSH.Library.Models.SharpPlayer: SharpMUSH.Library.Models.SharpPlayer, *System.String: -1*, <null>, *Announce*)
  	Notify(SharpMUSH.Library.Models.SharpPlayer: SharpMUSH.Library.Models.SharpPlayer, *System.String: -1*, <null>, *Announce*)
  	Notify(SharpMUSH.Library.Models.SharpPlayer: SharpMUSH.Library.Models.SharpPlayer, *System.String: -1*, <null>, *Announce*)
  	Notify(SharpMUSH.Library.Models.SharpPlayer: SharpMUSH.Library.Models.SharpPlayer, *System.String: -1*, <null>, *Announce*)
  	Notify(SharpMUSH.Library.Models.SharpPlayer: SharpMUSH.Library.Models.SharpPlayer, *System.String: -1*, <null>, *Announce*)
  	Notify(SharpMUSH.Library.Models.SharpPlayer: SharpMUSH.Library.Models.SharpPlayer, *System.String: -1*, <null>, *Announce*)
  	Notify(SharpMUSH.Library.Models.SharpPlayer: SharpMUSH.Library.Models.SharpPlayer, *System.String: -1*, <null>, *Announce*)
  	Notify(SharpMUSH.Library.Models.SharpPlayer: SharpMUSH.Library.Models.SharpPlayer, *System.String: -1*, <null>, *Announce*)
  	Notify(SharpMUSH.Library.Models.SharpPlayer: SharpMUSH.Library.Models.SharpPlayer, *System.String: -1*, <null>, *Announce*)
  	Notify(SharpMUSH.Library.Models.SharpPlayer: SharpMUSH.Library.Models.SharpPlayer, *System.String: -1*, <null>, *Announce*)
  	Notify(SharpMUSH.Library.Models.SharpPlayer: SharpMUSH.Library.Models.SharpPlayer, *System.String: -1*, <null>, *Announce*)
  	Notify(SharpMUSH.Library.Models.SharpPlayer: SharpMUSH.Library.Models.SharpPlayer, *System.String: -1*, <null>, *Announce*)
  	Notify(SharpMUSH.Library.Models.SharpPlayer: SharpMUSH.Library.Models.SharpPlayer, *System.String: -1*, <null>, *Announce*)
  	Notify(SharpMUSH.Library.Models.SharpPlayer: SharpMUSH.Library.Models.SharpPlayer, *System.String: -1*, <null>, *Announce*)
  	Notify(SharpMUSH.Library.Models.SharpPlayer: SharpMUSH.Library.Models.SharpPlayer, *System.String: -1*, <null>, *Announce*)
  	Notify(SharpMUSH.Library.Models.SharpPlayer: SharpMUSH.Library.Models.SharpPlayer, *System.String: -1*, <null>, *Announce*)
  	Notify(SharpMUSH.Library.Models.SharpPlayer: SharpMUSH.Library.Models.SharpPlayer, *System.String: -1*, <null>, *Announce*)
  	Notify(SharpMUSH.Library.Models.SharpPlayer: SharpMUSH.Library.Models.SharpPlayer, *System.String: -1*, <null>, *Announce*)
  	Notify(SharpMUSH.Library.Models.SharpPlayer: SharpMUSH.Library.Models.SharpPlayer, *System.String: -1*, <null>, *Announce*)
  	Notify(SharpMUSH.Library.Models.SharpPlayer: SharpMUSH.Library.Models.SharpPlayer, *System.String: -1*, <null>, *Announce*)
  	Notify(SharpMUSH.Library.Models.SharpPlayer: SharpMUSH.Library.Models.SharpPlayer, *System.String: -1*, <null>, *Announce*)
  	Notify(SharpMUSH.Library.Models.SharpPlayer: SharpMUSH.Library.Models.SharpPlayer, *System.String: -1*, <null>, *Announce*)
  	Notify(SharpMUSH.Library.Models.SharpPlayer: SharpMUSH.Library.Models.SharpPlayer, *System.String: -1*, <null>, *Announce*)
  	Notify(SharpMUSH.Library.Models.SharpPlayer: SharpMUSH.Library.Models.SharpPlayer, *System.String: -1*, <null>, *Announce*)
  	Notify(SharpMUSH.Library.Models.SharpPlayer: SharpMUSH.Library.Models.SharpPlayer, *System.String: -1*, <null>, *Announce*)
  	Notify(SharpMUSH.Library.Models.SharpPlayer: SharpMUSH.Library.Models.SharpPlayer, *System.String: -1*, <null>, *Announce*)
  	Notify(SharpMUSH.Library.Models.SharpPlayer: SharpMUSH.Library.Models.SharpPlayer, *System.String: -1*, <null>, *Announce*)
  	Notify(SharpMUSH.Library.Models.SharpPlayer: SharpMUSH.Library.Models.SharpPlayer, *System.String: -1*, <null>, *Announce*)
  	Notify(SharpMUSH.Library.Models.SharpPlayer: SharpMUSH.Library.Models.SharpPlayer, *System.String: -1*, <null>, *Announce*)
  	Notify(SharpMUSH.Library.Models.SharpPlayer: SharpMUSH.Library.Models.SharpPlayer, *System.String: -1*, <null>, *Announce*)
  	Notify(SharpMUSH.Library.Models.SharpPlayer: SharpMUSH.Library.Models.SharpPlayer, *System.String: -1*, <null>, *Announce*)
  	Notify(SharpMUSH.Library.Models.SharpPlayer: SharpMUSH.Library.Models.SharpPlayer, *System.String: -1*, <null>, *Announce*)
  	Notify(SharpMUSH.Library.Models.SharpPlayer: SharpMUSH.Library.Models.SharpPlayer, *System.String: -1*, <null>, *Announce*)
  	Notify(SharpMUSH.Library.Models.SharpPlayer: SharpMUSH.Library.Models.SharpPlayer, *System.String: -1*, <null>, *Announce*)
  	Notify(SharpMUSH.Library.Models.SharpPlayer: SharpMUSH.Library.Models.SharpPlayer, *System.String: -1*, <null>, *Announce*)
  	Notify(SharpMUSH.Library.Models.SharpPlayer: SharpMUSH.Library.Models.SharpPlayer, *System.String: -1*, <null>, *Announce*)
  	Notify(SharpMUSH.Library.Models.SharpPlayer: SharpMUSH.Library.Models.SharpPlayer, *System.String: -1*, <null>, *Announce*)
  	Notify(SharpMUSH.Library.Models.SharpPlayer: SharpMUSH.Library.Models.SharpPlayer, *System.String: -1*, <null>, *Announce*)
  	Notify(SharpMUSH.Library.Models.SharpPlayer: SharpMUSH.Library.Models.SharpPlayer, *System.String: -1*, <null>, *Announce*)
  	Notify(SharpMUSH.Library.Models.SharpPlayer: SharpMUSH.Library.Models.SharpPlayer, *System.String: -1*, <null>, *Announce*)
  	Notify(SharpMUSH.Library.Models.SharpPlayer: SharpMUSH.Library.Models.SharpPlayer, *System.String: -1*, <null>, *Announce*)
  	Notify(SharpMUSH.Library.Models.SharpPlayer: SharpMUSH.Library.Models.SharpPlayer, *System.String: -1*, <null>, *Announce*)
  	Notify(SharpMUSH.Library.Models.SharpPlayer: SharpMUSH.Library.Models.SharpPlayer, *System.String: -1*, <null>, *Announce*)
  	Notify(SharpMUSH.Library.Models.SharpPlayer: SharpMUSH.Library.Models.SharpPlayer, *System.String: -1*, <null>, *Announce*)
  	Notify(SharpMUSH.Library.Models.SharpPlayer: SharpMUSH.Library.Models.SharpPlayer, *System.String: -1*, <null>, *Announce*)
  	Notify(SharpMUSH.Library.Models.SharpPlayer: SharpMUSH.Library.Models.SharpPlayer, *System.String: -1*, <null>, *Announce*)
  	Notify(SharpMUSH.Library.Models.SharpPlayer: SharpMUSH.Library.Models.SharpPlayer, *System.String: -1*, <null>, *Announce*)
  	Notify(SharpMUSH.Library.Models.SharpPlayer: SharpMUSH.Library.Models.SharpPlayer, *System.String: -1*, <null>, *Announce*)
  	Notify(SharpMUSH.Library.Models.SharpPlayer: SharpMUSH.Library.Models.SharpPlayer, *System.String: -1*, <null>, *Announce*)
  	Notify(SharpMUSH.Library.Models.SharpPlayer: SharpMUSH.Library.Models.SharpPlayer, *System.String: -1*, <null>, *Announce*)
  	Notify(SharpMUSH.Library.Models.SharpPlayer: SharpMUSH.Library.Models.SharpPlayer, *System.String: -1*, <null>, *Announce*)
  	Notify(SharpMUSH.Library.Models.SharpPlayer: SharpMUSH.Library.Models.SharpPlayer, *System.String: -1*, <null>, *Announce*)
  	Notify(SharpMUSH.Library.Models.SharpPlayer: SharpMUSH.Library.Models.SharpPlayer, *System.String: -1*, <null>, *Announce*)
  	Notify(SharpMUSH.Library.Models.SharpPlayer: SharpMUSH.Library.Models.SharpPlayer, *System.String: -1*, <null>, *Announce*)
  	Notify(SharpMUSH.Library.Models.SharpPlayer: SharpMUSH.Library.Models.SharpPlayer, *System.String: -1*, <null>, *Announce*)
  	Notify(SharpMUSH.Library.Models.SharpPlayer: SharpMUSH.Library.Models.SharpPlayer, *System.String: -1*, <null>, *Announce*)
  	Notify(SharpMUSH.Library.Models.SharpPlayer: SharpMUSH.Library.Models.SharpPlayer, *System.String: -1*, <null>, *Announce*)
  	Notify(SharpMUSH.Library.Models.SharpPlayer: SharpMUSH.Library.Models.SharpPlayer, *System.String: -1*, <null>, *Announce*)
  	Notify(SharpMUSH.Library.Models.SharpPlayer: SharpMUSH.Library.Models.SharpPlayer, *System.String: -1*, <null>, *Announce*)
  	Notify(SharpMUSH.Library.Models.SharpPlayer: SharpMUSH.Library.Models.SharpPlayer, *System.String: -1*, <null>, *Announce*)
  	Notify(SharpMUSH.Library.Models.SharpPlayer: SharpMUSH.Library.Models.SharpPlayer, *System.String: -1*, <null>, *Announce*)
  	Notify(SharpMUSH.Library.Models.SharpPlayer: SharpMUSH.Library.Models.SharpPlayer, *System.String: -1*, <null>, *Announce*)
  	Notify(SharpMUSH.Library.Models.SharpPlayer: SharpMUSH.Library.Models.SharpPlayer, *System.String: -1*, <null>, *Announce*)
  	Notify(SharpMUSH.Library.Models.SharpPlayer: SharpMUSH.Library.Models.SharpPlayer, *System.String: -1*, <null>, *Announce*)
  	Notify(SharpMUSH.Library.Models.SharpPlayer: SharpMUSH.Library.Models.SharpPlayer, *System.String: -1*, <null>, *Announce*)
  	Notify(SharpMUSH.Library.Models.SharpPlayer: SharpMUSH.Library.Models.SharpPlayer, *System.String: -1*, <null>, *Announce*)
  	Notify(SharpMUSH.Library.Models.SharpPlayer: SharpMUSH.Library.Models.SharpPlayer, *System.String: -1*, <null>, *Announce*)
  	Notify(SharpMUSH.Library.Models.SharpPlayer: SharpMUSH.Library.Models.SharpPlayer, *System.String: -1*, <null>, *Announce*)
  	Notify(SharpMUSH.Library.Models.SharpPlayer: SharpMUSH.Library.Models.SharpPlayer, *System.String: -1*, <null>, *Announce*)
  	Notify(SharpMUSH.Library.Models.SharpPlayer: SharpMUSH.Library.Models.SharpPlayer, *System.String: -1*, <null>, *Announce*)
  	Notify(SharpMUSH.Library.Models.SharpPlayer: SharpMUSH.Library.Models.SharpPlayer, *System.String: -1*, <null>, *Announce*)
  	Notify(SharpMUSH.Library.Models.SharpPlayer: SharpMUSH.Library.Models.SharpPlayer, *System.String: -1*, <null>, *Announce*)
  	Notify(SharpMUSH.Library.Models.SharpPlayer: SharpMUSH.Library.Models.SharpPlayer, *System.String: -1*, <null>, *Announce*)
  	Notify(SharpMUSH.Library.Models.SharpPlayer: SharpMUSH.Library.Models.SharpPlayer, *System.String: -1*, <null>, *Announce*)
  	Notify(SharpMUSH.Library.Models.SharpPlayer: SharpMUSH.Library.Models.SharpPlayer, *System.String: -1*, <null>, *Announce*)
  	Notify(SharpMUSH.Library.Models.SharpPlayer: SharpMUSH.Library.Models.SharpPlayer, *System.String: -1*, <null>, *Announce*)
  	Notify(SharpMUSH.Library.Models.SharpPlayer: SharpMUSH.Library.Models.SharpPlayer, *System.String: -1*, <null>, *Announce*)
  	Notify(SharpMUSH.Library.Models.SharpPlayer: SharpMUSH.Library.Models.SharpPlayer, *System.String: -1*, <null>, *Announce*)
  	Notify(SharpMUSH.Library.Models.SharpPlayer: SharpMUSH.Library.Models.SharpPlayer, *System.String: -1*, <null>, *Announce*)
  	Notify(SharpMUSH.Library.Models.SharpPlayer: SharpMUSH.Library.Models.SharpPlayer, *System.String: -1*, <null>, *Announce*)
  	Notify(SharpMUSH.Library.Models.SharpPlayer: SharpMUSH.Library.Models.SharpPlayer, *System.String: -1*, <null>, *Announce*)
  	Notify(SharpMUSH.Library.Models.SharpPlayer: SharpMUSH.Library.Models.SharpPlayer, *System.String: -1*, <null>, *Announce*)
  	Notify(SharpMUSH.Library.Models.SharpPlayer: SharpMUSH.Library.Models.SharpPlayer, *System.String: -1*, <null>, *Announce*)
  	Notify(SharpMUSH.Library.Models.SharpPlayer: SharpMUSH.Library.Models.SharpPlayer, *System.String: -1*, <null>, *Announce*)
  	Notify(SharpMUSH.Library.Models.SharpPlayer: SharpMUSH.Library.Models.SharpPlayer, *System.String: -1*, <null>, *Announce*)
  	Notify(SharpMUSH.Library.Models.SharpPlayer: SharpMUSH.Library.Models.SharpPlayer, *System.String: -1*, <null>, *Announce*)
  	Notify(SharpMUSH.Library.Models.SharpPlayer: SharpMUSH.Library.Models.SharpPlayer, *System.String: -1*, <null>, *Announce*)
  	Notify(SharpMUSH.Library.Models.SharpPlayer: SharpMUSH.Library.Models.SharpPlayer, *System.String: -1*, <null>, *Announce*)
  	Notify(SharpMUSH.Library.Models.SharpPlayer: SharpMUSH.Library.Models.SharpPlayer, *System.String: -1*, <null>, *Announce*)
  	Notify(SharpMUSH.Library.Models.SharpPlayer: SharpMUSH.Library.Models.SharpPlayer, *System.String: -1*, <null>, *Announce*)
  	Notify(SharpMUSH.Library.Models.SharpPlayer: SharpMUSH.Library.Models.SharpPlayer, *System.String: -1*, <null>, *Announce*)
  	Notify(SharpMUSH.Library.Models.SharpPlayer: SharpMUSH.Library.Models.SharpPlayer, *System.String: -1*, <null>, *Announce*)
  	Notify(SharpMUSH.Library.Models.SharpPlayer: SharpMUSH.Library.Models.SharpPlayer, *System.String: -1*, <null>, *Announce*)
  	Notify(SharpMUSH.Library.Models.SharpPlayer: SharpMUSH.Library.Models.SharpPlayer, *System.String: -1*, <null>, *Announce*)
  	Notify(SharpMUSH.Library.Models.SharpPlayer: SharpMUSH.Library.Models.SharpPlayer, *System.String: -1*, <null>, *Announce*)
  	Notify(SharpMUSH.Library.Models.SharpPlayer: SharpMUSH.Library.Models.SharpPlayer, *System.String: -1*, <null>, *Announce*)
  	Notify(SharpMUSH.Library.Models.SharpPlayer: SharpMUSH.Library.Models.SharpPlayer, *System.String: -1*, <null>, *Announce*)
  	Notify(SharpMUSH.Library.Models.SharpPlayer: SharpMUSH.Library.Models.SharpPlayer, *System.String: -1*, <null>, *Announce*)
  	Notify(SharpMUSH.Library.Models.SharpPlayer: SharpMUSH.Library.Models.SharpPlayer, *System.String: -1*, <null>, *Announce*)
  	Notify(SharpMUSH.Library.Models.SharpPlayer: SharpMUSH.Library.Models.SharpPlayer, *System.String: -1*, <null>, *Announce*)
  	Notify(SharpMUSH.Library.Models.SharpPlayer: SharpMUSH.Library.Models.SharpPlayer, *System.String: -1*, <null>, *Announce*)
  	Notify(SharpMUSH.Library.Models.SharpPlayer: SharpMUSH.Library.Models.SharpPlayer, *System.String: -1*, <null>, *Announce*)
  	Notify(SharpMUSH.Library.Models.SharpPlayer: SharpMUSH.Library.Models.SharpPlayer, *System.String: -1*, <null>, *Announce*)
  	Notify(SharpMUSH.Library.Models.SharpPlayer: SharpMUSH.Library.Models.SharpPlayer, *System.String: -1*, <null>, *Announce*)
  	Notify(SharpMUSH.Library.Models.SharpPlayer: SharpMUSH.Library.Models.SharpPlayer, *System.String: -1*, <null>, *Announce*)
  	Notify(SharpMUSH.Library.Models.SharpPlayer: SharpMUSH.Library.Models.SharpPlayer, *System.String: -1*, <null>, *Announce*)
  	Notify(SharpMUSH.Library.Models.SharpPlayer: SharpMUSH.Library.Models.SharpPlayer, *System.String: -1*, <null>, *Announce*)
  	Notify(SharpMUSH.Library.Models.SharpPlayer: SharpMUSH.Library.Models.SharpPlayer, *System.String: -1*, <null>, *Announce*)
  	Notify(SharpMUSH.Library.Models.SharpPlayer: SharpMUSH.Library.Models.SharpPlayer, *System.String: -1*, <null>, *Announce*)
  	Notify(SharpMUSH.Library.Models.SharpPlayer: SharpMUSH.Library.Models.SharpPlayer, *System.String: -1*, <null>, *Announce*)
  	Notify(SharpMUSH.Library.Models.SharpPlayer: SharpMUSH.Library.Models.SharpPlayer, *System.String: -1*, <null>, *Announce*)
  	Notify(SharpMUSH.Library.Models.SharpPlayer: SharpMUSH.Library.Models.SharpPlayer, *System.String: -1*, <null>, *Announce*)
  	Notify(SharpMUSH.Library.Models.SharpPlayer: SharpMUSH.Library.Models.SharpPlayer, *System.String: -1*, <null>, *Announce*)
  	Notify(SharpMUSH.Library.Models.SharpPlayer: SharpMUSH.Library.Models.SharpPlayer, *System.String: -1*, <null>, *Announce*)
  	Notify(SharpMUSH.Library.Models.SharpPlayer: SharpMUSH.Library.Models.SharpPlayer, *System.String: -1*, <null>, *Announce*)
  	Notify(SharpMUSH.Library.Models.SharpPlayer: SharpMUSH.Library.Models.SharpPlayer, *System.String: -1*, <null>, *Announce*)
  	Notify(SharpMUSH.Library.Models.SharpPlayer: SharpMUSH.Library.Models.SharpPlayer, *System.String: -1*, <null>, *Announce*)
  	Notify(SharpMUSH.Library.Models.SharpPlayer: SharpMUSH.Library.Models.SharpPlayer, *System.String: -1*, <null>, *Announce*)
  	Notify(SharpMUSH.Library.Models.SharpPlayer: SharpMUSH.Library.Models.SharpPlayer, *System.String: -1*, <null>, *Announce*)
  	Notify(SharpMUSH.Library.Models.SharpPlayer: SharpMUSH.Library.Models.SharpPlayer, *System.String: -1*, <null>, *Announce*)
  	Notify(SharpMUSH.Library.Models.SharpPlayer: SharpMUSH.Library.Models.SharpPlayer, *System.String: -1*, <null>, *Announce*)
  	Notify(SharpMUSH.Library.Models.SharpPlayer: SharpMUSH.Library.Models.SharpPlayer, *System.String: -1*, <null>, *Announce*)
  	Notify(SharpMUSH.Library.Models.SharpPlayer: SharpMUSH.Library.Models.SharpPlayer, *System.String: -1*, <null>, *Announce*)
  	Notify(SharpMUSH.Library.Models.SharpPlayer: SharpMUSH.Library.Models.SharpPlayer, *System.String: -1*, <null>, *Announce*)
  	Notify(SharpMUSH.Library.Models.SharpPlayer: SharpMUSH.Library.Models.SharpPlayer, *System.String: -1*, <null>, *Announce*)
  	Notify(SharpMUSH.Library.Models.SharpPlayer: SharpMUSH.Library.Models.SharpPlayer, *System.String: -1*, <null>, *Announce*)
  	Notify(SharpMUSH.Library.Models.SharpPlayer: SharpMUSH.Library.Models.SharpPlayer, *System.String: -1*, <null>, *Announce*)
  	Notify(SharpMUSH.Library.Models.SharpPlayer: SharpMUSH.Library.Models.SharpPlayer, *System.String: -1*, <null>, *Announce*)
  	Notify(SharpMUSH.Library.Models.SharpPlayer: SharpMUSH.Library.Models.SharpPlayer, *System.String: -1*, <null>, *Announce*)
  	Notify(SharpMUSH.Library.Models.SharpPlayer: SharpMUSH.Library.Models.SharpPlayer, *System.String: -1*, <null>, *Announce*)
  	Notify(SharpMUSH.Library.Models.SharpPlayer: SharpMUSH.Library.Models.SharpPlayer, *System.String: -1*, <null>, *Announce*)
  	Notify(SharpMUSH.Library.Models.SharpPlayer: SharpMUSH.Library.Models.SharpPlayer, *System.String: -1*, <null>, *Announce*)
  	Notify(SharpMUSH.Library.Models.SharpPlayer: SharpMUSH.Library.Models.SharpPlayer, *System.String: -1*, <null>, *Announce*)
  	Notify(SharpMUSH.Library.Models.SharpPlayer: SharpMUSH.Library.Models.SharpPlayer, *System.String: -1*, <null>, *Announce*)
  	Notify(SharpMUSH.Library.Models.SharpPlayer: SharpMUSH.Library.Models.SharpPlayer, *System.String: -1*, <null>, *Announce*)
  	Notify(SharpMUSH.Library.Models.SharpPlayer: SharpMUSH.Library.Models.SharpPlayer, *System.String: -1*, <null>, *Announce*)
  	Notify(SharpMUSH.Library.Models.SharpPlayer: SharpMUSH.Library.Models.SharpPlayer, *System.String: -1*, <null>, *Announce*)
  	Notify(SharpMUSH.Library.Models.SharpPlayer: SharpMUSH.Library.Models.SharpPlayer, *System.String: -1*, <null>, *Announce*)
  	Notify(SharpMUSH.Library.Models.SharpPlayer: SharpMUSH.Library.Models.SharpPlayer, *System.String: -1*, <null>, *Announce*)
  	Notify(SharpMUSH.Library.Models.SharpPlayer: SharpMUSH.Library.Models.SharpPlayer, *System.String: -1*, <null>, *Announce*)
  	Notify(SharpMUSH.Library.Models.SharpPlayer: SharpMUSH.Library.Models.SharpPlayer, *System.String: -1*, <null>, *Announce*)
  	Notify(SharpMUSH.Library.Models.SharpPlayer: SharpMUSH.Library.Models.SharpPlayer, *System.String: -1*, <null>, *Announce*)
  	Notify(SharpMUSH.Library.Models.SharpPlayer: SharpMUSH.Library.Models.SharpPlayer, *System.String: -1*, <null>, *Announce*)
  	Notify(SharpMUSH.Library.Models.SharpPlayer: SharpMUSH.Library.Models.SharpPlayer, *System.String: -1*, <null>, *Announce*)
  	Notify(SharpMUSH.Library.Models.SharpPlayer: SharpMUSH.Library.Models.SharpPlayer, *System.String: -1*, <null>, *Announce*)
  	Notify(SharpMUSH.Library.Models.SharpPlayer: SharpMUSH.Library.Models.SharpPlayer, *System.String: -1*, <null>, *Announce*)
  	Notify(SharpMUSH.Library.Models.SharpPlayer: SharpMUSH.Library.Models.SharpPlayer, *System.String: -1*, <null>, *Announce*)
  	Notify(SharpMUSH.Library.Models.SharpPlayer: SharpMUSH.Library.Models.SharpPlayer, *System.String: -1*, <null>, *Announce*)
  	Notify(SharpMUSH.Library.Models.SharpPlayer: SharpMUSH.Library.Models.SharpPlayer, *System.String: -1*, <null>, *Announce*)
  	Notify(SharpMUSH.Library.Models.SharpPlayer: SharpMUSH.Library.Models.SharpPlayer, *System.String: -1*, <null>, *Announce*)
  	Notify(SharpMUSH.Library.Models.SharpPlayer: SharpMUSH.Library.Models.SharpPlayer, *System.String: -1*, <null>, *Announce*)
  	Notify(SharpMUSH.Library.Models.SharpPlayer: SharpMUSH.Library.Models.SharpPlayer, *System.String: -1*, <null>, *Announce*)
  	Notify(SharpMUSH.Library.Models.SharpPlayer: SharpMUSH.Library.Models.SharpPlayer, *System.String: -1*, <null>, *Announce*)
  	Notify(SharpMUSH.Library.Models.SharpPlayer: SharpMUSH.Library.Models.SharpPlayer, *System.String: -1*, <null>, *Announce*)
  	Notify(SharpMUSH.Library.Models.SharpPlayer: SharpMUSH.Library.Models.SharpPlayer, *System.String: -1*, <null>, *Announce*)
  	Notify(SharpMUSH.Library.Models.SharpPlayer: SharpMUSH.Library.Models.SharpPlayer, *System.String: -1*, <null>, *Announce*)
  	Notify(SharpMUSH.Library.Models.SharpPlayer: SharpMUSH.Library.Models.SharpPlayer, *System.String: -1*, <null>, *Announce*)
  	Notify(SharpMUSH.Library.Models.SharpPlayer: SharpMUSH.Library.Models.SharpPlayer, *System.String: -1*, <null>, *Announce*)
  	Notify(SharpMUSH.Library.Models.SharpPlayer: SharpMUSH.Library.Models.SharpPlayer, *System.String: -1*, <null>, *Announce*)
  	Notify(SharpMUSH.Library.Models.SharpPlayer: SharpMUSH.Library.Models.SharpPlayer, *System.String: -1*, <null>, *Announce*)
  	Notify(SharpMUSH.Library.Models.SharpPlayer: SharpMUSH.Library.Models.SharpPlayer, *System.String: -1*, <null>, *Announce*)
  	Notify(SharpMUSH.Library.Models.SharpPlayer: SharpMUSH.Library.Models.SharpPlayer, *System.String: -1*, <null>, *Announce*)
  	Notify(SharpMUSH.Library.Models.SharpPlayer: SharpMUSH.Library.Models.SharpPlayer, *System.String: -1*, <null>, *Announce*)
  	Notify(SharpMUSH.Library.Models.SharpPlayer: SharpMUSH.Library.Models.SharpPlayer, *System.String: -1*, <null>, *Announce*)
  	Notify(SharpMUSH.Library.Models.SharpPlayer: SharpMUSH.Library.Models.SharpPlayer, *System.String: -1*, <null>, *Announce*)
  	Notify(SharpMUSH.Library.Models.SharpPlayer: SharpMUSH.Library.Models.SharpPlayer, *System.String: -1*, <null>, *Announce*)
  	Notify(SharpMUSH.Library.Models.SharpPlayer: SharpMUSH.Library.Models.SharpPlayer, *System.String: -1*, <null>, *Announce*)
  	Notify(SharpMUSH.Library.Models.SharpPlayer: SharpMUSH.Library.Models.SharpPlayer, *System.String: -1*, <null>, *Announce*)
  	Notify(SharpMUSH.Library.Models.SharpPlayer: SharpMUSH.Library.Models.SharpPlayer, *System.String: -1*, <null>, *Announce*)
  	Notify(SharpMUSH.Library.Models.SharpPlayer: SharpMUSH.Library.Models.SharpPlayer, *System.String: -1*, <null>, *Announce*)
  	Notify(SharpMUSH.Library.Models.SharpPlayer: SharpMUSH.Library.Models.SharpPlayer, *System.String: -1*, <null>, *Announce*)
  	Notify(SharpMUSH.Library.Models.SharpPlayer: SharpMUSH.Library.Models.SharpPlayer, *System.String: -1*, <null>, *Announce*)
  	Notify(SharpMUSH.Library.Models.SharpPlayer: SharpMUSH.Library.Models.SharpPlayer, *System.String: -1*, <null>, *Announce*)
  	Notify(SharpMUSH.Library.Models.SharpPlayer: SharpMUSH.Library.Models.SharpPlayer, *System.String: -1*, <null>, *Announce*)
  	Notify(SharpMUSH.Library.Models.SharpPlayer: SharpMUSH.Library.Models.SharpPlayer, *System.String: -1*, <null>, *Announce*)
  	Notify(SharpMUSH.Library.Models.SharpPlayer: SharpMUSH.Library.Models.SharpPlayer, *System.String: -1*, <null>, *Announce*)
  	Notify(SharpMUSH.Library.Models.SharpPlayer: SharpMUSH.Library.Models.SharpPlayer, *System.String: -1*, <null>, *Announce*)
  	Notify(SharpMUSH.Library.Models.SharpPlayer: SharpMUSH.Library.Models.SharpPlayer, *System.String: -1*, <null>, *Announce*)
  	Notify(SharpMUSH.Library.Models.SharpPlayer: SharpMUSH.Library.Models.SharpPlayer, *System.String: -1*, <null>, *Announce*)
  	Notify(SharpMUSH.Library.Models.SharpPlayer: SharpMUSH.Library.Models.SharpPlayer, *System.String: -1*, <null>, *Announce*)
  	Notify(SharpMUSH.Library.Models.SharpPlayer: SharpMUSH.Library.Models.SharpPlayer, *System.String: -1*, <null>, *Announce*)
  	Notify(SharpMUSH.Library.Models.SharpPlayer: SharpMUSH.Library.Models.SharpPlayer, *System.String: -1*, <null>, *Announce*)
  	Notify(SharpMUSH.Library.Models.SharpPlayer: SharpMUSH.Library.Models.SharpPlayer, *System.String: -1*, <null>, *Announce*)
  	Notify(SharpMUSH.Library.Models.SharpPlayer: SharpMUSH.Library.Models.SharpPlayer, *System.String: -1*, <null>, *Announce*)
  	Notify(SharpMUSH.Library.Models.SharpPlayer: SharpMUSH.Library.Models.SharpPlayer, *System.String: -1*, <null>, *Announce*)
  	Notify(SharpMUSH.Library.Models.SharpPlayer: SharpMUSH.Library.Models.SharpPlayer, *System.String: -1*, <null>, *Announce*)
  	Notify(SharpMUSH.Library.Models.SharpPlayer: SharpMUSH.Library.Models.SharpPlayer, *System.String: -1*, <null>, *Announce*)
  	Notify(SharpMUSH.Library.Models.SharpPlayer: SharpMUSH.Library.Models.SharpPlayer, *System.String: -1*, <null>, *Announce*)
  	Notify(SharpMUSH.Library.Models.SharpPlayer: SharpMUSH.Library.Models.SharpPlayer, *System.String: -1*, <null>, *Announce*)
  	Notify(SharpMUSH.Library.Models.SharpPlayer: SharpMUSH.Library.Models.SharpPlayer, *System.String: -1*, <null>, *Announce*)
  	Notify(SharpMUSH.Library.Models.SharpPlayer: SharpMUSH.Library.Models.SharpPlayer, *System.String: -1*, <null>, *Announce*)
  	Notify(SharpMUSH.Library.Models.SharpPlayer: SharpMUSH.Library.Models.SharpPlayer, *System.String: -1*, <null>, *Announce*)
  	Notify(SharpMUSH.Library.Models.SharpPlayer: SharpMUSH.Library.Models.SharpPlayer, *System.String: -1*, <null>, *Announce*)
  	Notify(SharpMUSH.Library.Models.SharpPlayer: SharpMUSH.Library.Models.SharpPlayer, *System.String: -1*, <null>, *Announce*)
  	Notify(SharpMUSH.Library.Models.SharpPlayer: SharpMUSH.Library.Models.SharpPlayer, *System.String: -1*, <null>, *Announce*)
  	Notify(SharpMUSH.Library.Models.SharpPlayer: SharpMUSH.Library.Models.SharpPlayer, *System.String: -1*, <null>, *Announce*)
  	Notify(SharpMUSH.Library.Models.SharpPlayer: SharpMUSH.Library.Models.SharpPlayer, *System.String: -1*, <null>, *Announce*)
  	Notify(SharpMUSH.Library.Models.SharpPlayer: SharpMUSH.Library.Models.SharpPlayer, *System.String: -1*, <null>, *Announce*)
  	Notify(SharpMUSH.Library.Models.SharpPlayer: SharpMUSH.Library.Models.SharpPlayer, *System.String: -1*, <null>, *Announce*)
  	Notify(SharpMUSH.Library.Models.SharpPlayer: SharpMUSH.Library.Models.SharpPlayer, *System.String: -1*, <null>, *Announce*)
  	Notify(SharpMUSH.Library.Models.SharpPlayer: SharpMUSH.Library.Models.SharpPlayer, *System.String: -1*, <null>, *Announce*)
  	Notify(SharpMUSH.Library.Models.SharpPlayer: SharpMUSH.Library.Models.SharpPlayer, *System.String: -1*, <null>, *Announce*)
  	Notify(SharpMUSH.Library.Models.SharpPlayer: SharpMUSH.Library.Models.SharpPlayer, *System.String: -1*, <null>, *Announce*)
  	Notify(SharpMUSH.Library.Models.SharpPlayer: SharpMUSH.Library.Models.SharpPlayer, *System.String: -1*, <null>, *Announce*)
  	Notify(SharpMUSH.Library.Models.SharpPlayer: SharpMUSH.Library.Models.SharpPlayer, *System.String: -1*, <null>, *Announce*)
  	Notify(SharpMUSH.Library.Models.SharpPlayer: SharpMUSH.Library.Models.SharpPlayer, *System.String: -1*, <null>, *Announce*)
  	Notify(SharpMUSH.Library.Models.SharpPlayer: SharpMUSH.Library.Models.SharpPlayer, *System.String: -1*, <null>, *Announce*)
  	Notify(SharpMUSH.Library.Models.SharpPlayer: SharpMUSH.Library.Models.SharpPlayer, *System.String: -1*, <null>, *Announce*)
  	Notify(SharpMUSH.Library.Models.SharpPlayer: SharpMUSH.Library.Models.SharpPlayer, *System.String: -1*, <null>, *Announce*)
  	Notify(SharpMUSH.Library.Models.SharpPlayer: SharpMUSH.Library.Models.SharpPlayer, *System.String: -1*, <null>, *Announce*)
  	Notify(SharpMUSH.Library.Models.SharpPlayer: SharpMUSH.Library.Models.SharpPlayer, *System.String: -1*, <null>, *Announce*)
  	Notify(SharpMUSH.Library.Models.SharpPlayer: SharpMUSH.Library.Models.SharpPlayer, *System.String: -1*, <null>, *Announce*)
  	Notify(SharpMUSH.Library.Models.SharpPlayer: SharpMUSH.Library.Models.SharpPlayer, *System.String: -1*, <null>, *Announce*)
  	Notify(SharpMUSH.Library.Models.SharpPlayer: SharpMUSH.Library.Models.SharpPlayer, *System.String: -1*, <null>, *Announce*)
  	Notify(SharpMUSH.Library.Models.SharpPlayer: SharpMUSH.Library.Models.SharpPlayer, *System.String: -1*, <null>, *Announce*)
  	Notify(SharpMUSH.Library.Models.SharpPlayer: SharpMUSH.Library.Models.SharpPlayer, *System.String: -1*, <null>, *Announce*)
  	Notify(SharpMUSH.Library.Models.SharpPlayer: SharpMUSH.Library.Models.SharpPlayer, *System.String: -1*, <null>, *Announce*)
  	Notify(SharpMUSH.Library.Models.SharpPlayer: SharpMUSH.Library.Models.SharpPlayer, *System.String: -1*, <null>, *Announce*)
  	Notify(SharpMUSH.Library.Models.SharpPlayer: SharpMUSH.Library.Models.SharpPlayer, *System.String: -1*, <null>, *Announce*)
  	Notify(SharpMUSH.Library.Models.SharpPlayer: SharpMUSH.Library.Models.SharpPlayer, *System.String: -1*, <null>, *Announce*)
  	Notify(SharpMUSH.Library.Models.SharpPlayer: SharpMUSH.Library.Models.SharpPlayer, *System.String: -1*, <null>, *Announce*)
  	Notify(SharpMUSH.Library.Models.SharpPlayer: SharpMUSH.Library.Models.SharpPlayer, *System.String: -1*, <null>, *Announce*)
  	Notify(SharpMUSH.Library.Models.SharpPlayer: SharpMUSH.Library.Models.SharpPlayer, *System.String: -1*, <null>, *Announce*)
  	Notify(SharpMUSH.Library.Models.SharpPlayer: SharpMUSH.Library.Models.SharpPlayer, *System.String: -1*, <null>, *Announce*)
  	Notify(SharpMUSH.Library.Models.SharpPlayer: SharpMUSH.Library.Models.SharpPlayer, *System.String: -1*, <null>, *Announce*)
  	Notify(SharpMUSH.Library.Models.SharpPlayer: SharpMUSH.Library.Models.SharpPlayer, *System.String: -1*, <null>, *Announce*)
  	Notify(SharpMUSH.Library.Models.SharpPlayer: SharpMUSH.Library.Models.SharpPlayer, *System.String: -1*, <null>, *Announce*)
  	Notify(SharpMUSH.Library.Models.SharpPlayer: SharpMUSH.Library.Models.SharpPlayer, *System.String: -1*, <null>, *Announce*)
  	Notify(SharpMUSH.Library.Models.SharpPlayer: SharpMUSH.Library.Models.SharpPlayer, *System.String: -1*, <null>, *Announce*)
  	Notify(SharpMUSH.Library.Models.SharpPlayer: SharpMUSH.Library.Models.SharpPlayer, *System.String: -1*, <null>, *Announce*)
  	Notify(SharpMUSH.Library.Models.SharpPlayer: SharpMUSH.Library.Models.SharpPlayer, *System.String: -1*, <null>, *Announce*)
  	Notify(SharpMUSH.Library.Models.SharpPlayer: SharpMUSH.Library.Models.SharpPlayer, *System.String: -1*, <null>, *Announce*)
  	Notify(SharpMUSH.Library.Models.SharpPlayer: SharpMUSH.Library.Models.SharpPlayer, *System.String: -1*, <null>, *Announce*)
  	Notify(SharpMUSH.Library.Models.SharpPlayer: SharpMUSH.Library.Models.SharpPlayer, *System.String: -1*, <null>, *Announce*)
  	Notify(SharpMUSH.Library.Models.SharpPlayer: SharpMUSH.Library.Models.SharpPlayer, *System.String: -1*, <null>, *Announce*)
  	Notify(SharpMUSH.Library.Models.SharpPlayer: SharpMUSH.Library.Models.SharpPlayer, *System.String: -1*, <null>, *Announce*)
  	Notify(SharpMUSH.Library.Models.SharpPlayer: SharpMUSH.Library.Models.SharpPlayer, *System.String: -1*, <null>, *Announce*)
  	Notify(SharpMUSH.Library.Models.SharpPlayer: SharpMUSH.Library.Models.SharpPlayer, *System.String: -1*, <null>, *Announce*)
  	Notify(SharpMUSH.Library.Models.SharpPlayer: SharpMUSH.Library.Models.SharpPlayer, *System.String: -1*, <null>, *Announce*)
  	Notify(SharpMUSH.Library.Models.SharpPlayer: SharpMUSH.Library.Models.SharpPlayer, *System.String: -1*, <null>, *Announce*)
  	Notify(SharpMUSH.Library.Models.SharpPlayer: SharpMUSH.Library.Models.SharpPlayer, *System.String: -1*, <null>, *Announce*)
  	Notify(SharpMUSH.Library.Models.SharpPlayer: SharpMUSH.Library.Models.SharpPlayer, *System.String: -1*, <null>, *Announce*)
  	Notify(SharpMUSH.Library.Models.SharpPlayer: SharpMUSH.Library.Models.SharpPlayer, *System.String: -1*, <null>, *Announce*)
  	Notify(SharpMUSH.Library.Models.SharpPlayer: SharpMUSH.Library.Models.SharpPlayer, *System.String: -1*, <null>, *Announce*)
  	Notify(SharpMUSH.Library.Models.SharpPlayer: SharpMUSH.Library.Models.SharpPlayer, *System.String: -1*, <null>, *Announce*)
  	Notify(SharpMUSH.Library.Models.SharpPlayer: SharpMUSH.Library.Models.SharpPlayer, *System.String: -1*, <null>, *Announce*)
  	Notify(SharpMUSH.Library.Models.SharpPlayer: SharpMUSH.Library.Models.SharpPlayer, *System.String: -1*, <null>, *Announce*)
  	Notify(SharpMUSH.Library.Models.SharpPlayer: SharpMUSH.Library.Models.SharpPlayer, *System.String: -1*, <null>, *Announce*)
  	Notify(SharpMUSH.Library.Models.SharpPlayer: SharpMUSH.Library.Models.SharpPlayer, *System.String: -1*, <null>, *Announce*)
  	Notify(SharpMUSH.Library.Models.SharpPlayer: SharpMUSH.Library.Models.SharpPlayer, *System.String: -1*, <null>, *Announce*)
  	Notify(SharpMUSH.Library.Models.SharpPlayer: SharpMUSH.Library.Models.SharpPlayer, *System.String: -1*, <null>, *Announce*)
  	Notify(SharpMUSH.Library.Models.SharpPlayer: SharpMUSH.Library.Models.SharpPlayer, *System.String: -1*, <null>, *Announce*)
  	Notify(SharpMUSH.Library.Models.SharpPlayer: SharpMUSH.Library.Models.SharpPlayer, *System.String: -1*, <null>, *Announce*)
  	Notify(SharpMUSH.Library.Models.SharpPlayer: SharpMUSH.Library.Models.SharpPlayer, *System.String: -1*, <null>, *Announce*)
  	Notify(SharpMUSH.Library.Models.SharpPlayer: SharpMUSH.Library.Models.SharpPlayer, *System.String: -1*, <null>, *Announce*)
  	Notify(SharpMUSH.Library.Models.SharpPlayer: SharpMUSH.Library.Models.SharpPlayer, *System.String: -1*, <null>, *Announce*)
  	Notify(SharpMUSH.Library.Models.SharpPlayer: SharpMUSH.Library.Models.SharpPlayer, *System.String: -1*, <null>, *Announce*)
  	Notify(SharpMUSH.Library.Models.SharpPlayer: SharpMUSH.Library.Models.SharpPlayer, *System.String: -1*, <null>, *Announce*)
  	Notify(SharpMUSH.Library.Models.SharpPlayer: SharpMUSH.Library.Models.SharpPlayer, *System.String: -1*, <null>, *Announce*)
  	Notify(SharpMUSH.Library.Models.SharpPlayer: SharpMUSH.Library.Models.SharpPlayer, *System.String: -1*, <null>, *Announce*)
  	Notify(SharpMUSH.Library.Models.SharpPlayer: SharpMUSH.Library.Models.SharpPlayer, *System.String: -1*, <null>, *Announce*)
  	Notify(SharpMUSH.Library.Models.SharpPlayer: SharpMUSH.Library.Models.SharpPlayer, *System.String: -1*, <null>, *Announce*)
  	Notify(SharpMUSH.Library.Models.SharpPlayer: SharpMUSH.Library.Models.SharpPlayer, *System.String: -1*, <null>, *Announce*)
  	Notify(SharpMUSH.Library.Models.SharpPlayer: SharpMUSH.Library.Models.SharpPlayer, *System.String: -1*, <null>, *Announce*)
  	Notify(SharpMUSH.Library.Models.SharpPlayer: SharpMUSH.Library.Models.SharpPlayer, *System.String: -1*, <null>, *Announce*)
  	Notify(SharpMUSH.Library.Models.SharpPlayer: SharpMUSH.Library.Models.SharpPlayer, *System.String: -1*, <null>, *Announce*)
  	Notify(SharpMUSH.Library.Models.SharpPlayer: SharpMUSH.Library.Models.SharpPlayer, *System.String: -1*, <null>, *Announce*)
  	Notify(SharpMUSH.Library.Models.SharpPlayer: SharpMUSH.Library.Models.SharpPlayer, *System.String: -1*, <null>, *Announce*)
  	Notify(SharpMUSH.Library.Models.SharpPlayer: SharpMUSH.Library.Models.SharpPlayer, *System.String: -1*, <null>, *Announce*)
  	Notify(SharpMUSH.Library.Models.SharpPlayer: SharpMUSH.Library.Models.SharpPlayer, *System.String: -1*, <null>, *Announce*)
  	Notify(SharpMUSH.Library.Models.SharpPlayer: SharpMUSH.Library.Models.SharpPlayer, *System.String: -1*, <null>, *Announce*)
  	Notify(SharpMUSH.Library.Models.SharpPlayer: SharpMUSH.Library.Models.SharpPlayer, *System.String: -1*, <null>, *Announce*)
  	Notify(SharpMUSH.Library.Models.SharpPlayer: SharpMUSH.Library.Models.SharpPlayer, *System.String: -1*, <null>, *Announce*)
  	Notify(SharpMUSH.Library.Models.SharpPlayer: SharpMUSH.Library.Models.SharpPlayer, *System.String: -1*, <null>, *Announce*)
  	Notify(SharpMUSH.Library.Models.SharpPlayer: SharpMUSH.Library.Models.SharpPlayer, *System.String: -1*, <null>, *Announce*)
  	Notify(SharpMUSH.Library.Models.SharpPlayer: SharpMUSH.Library.Models.SharpPlayer, *System.String: -1*, <null>, *Announce*)
  	Notify(SharpMUSH.Library.Models.SharpPlayer: SharpMUSH.Library.Models.SharpPlayer, *System.String: -1*, <null>, *Announce*)
  	Notify(SharpMUSH.Library.Models.SharpPlayer: SharpMUSH.Library.Models.SharpPlayer, *System.String: -1*, <null>, *Announce*)
  	Notify(SharpMUSH.Library.Models.SharpPlayer: SharpMUSH.Library.Models.SharpPlayer, *System.String: -1*, <null>, *Announce*)
  	Notify(SharpMUSH.Library.Models.SharpPlayer: SharpMUSH.Library.Models.SharpPlayer, *System.String: -1*, <null>, *Announce*)
  	Notify(SharpMUSH.Library.Models.SharpPlayer: SharpMUSH.Library.Models.SharpPlayer, *System.String: -1*, <null>, *Announce*)
  	Notify(SharpMUSH.Library.Models.SharpPlayer: SharpMUSH.Library.Models.SharpPlayer, *System.String: -1*, <null>, *Announce*)
  	Notify(SharpMUSH.Library.Models.SharpPlayer: SharpMUSH.Library.Models.SharpPlayer, *System.String: -1*, <null>, *Announce*)
  	Notify(SharpMUSH.Library.Models.SharpPlayer: SharpMUSH.Library.Models.SharpPlayer, *System.String: -1*, <null>, *Announce*)
  	Notify(SharpMUSH.Library.Models.SharpPlayer: SharpMUSH.Library.Models.SharpPlayer, *System.String: -1*, <null>, *Announce*)
  	Notify(SharpMUSH.Library.Models.SharpPlayer: SharpMUSH.Library.Models.SharpPlayer, *System.String: -1*, <null>, *Announce*)
  	Notify(SharpMUSH.Library.Models.SharpPlayer: SharpMUSH.Library.Models.SharpPlayer, *System.String: -1*, <null>, *Announce*)
  	Notify(SharpMUSH.Library.Models.SharpPlayer: SharpMUSH.Library.Models.SharpPlayer, *System.String: -1*, <null>, *Announce*)
  	Notify(SharpMUSH.Library.Models.SharpPlayer: SharpMUSH.Library.Models.SharpPlayer, *System.String: -1*, <null>, *Announce*)
  	Notify(SharpMUSH.Library.Models.SharpPlayer: SharpMUSH.Library.Models.SharpPlayer, *System.String: -1*, <null>, *Announce*)
  	Notify(SharpMUSH.Library.Models.SharpPlayer: SharpMUSH.Library.Models.SharpPlayer, *System.String: -1*, <null>, *Announce*)
  	Notify(SharpMUSH.Library.Models.SharpPlayer: SharpMUSH.Library.Models.SharpPlayer, *System.String: -1*, <null>, *Announce*)
  	Notify(SharpMUSH.Library.Models.SharpPlayer: SharpMUSH.Library.Models.SharpPlayer, *System.String: -1*, <null>, *Announce*)
  	Notify(SharpMUSH.Library.Models.SharpPlayer: SharpMUSH.Library.Models.SharpPlayer, *System.String: -1*, <null>, *Announce*)
  	Notify(SharpMUSH.Library.Models.SharpPlayer: SharpMUSH.Library.Models.SharpPlayer, *System.String: -1*, <null>, *Announce*)
  	Notify(SharpMUSH.Library.Models.SharpPlayer: SharpMUSH.Library.Models.SharpPlayer, *System.String: -1*, <null>, *Announce*)
  	Notify(SharpMUSH.Library.Models.SharpPlayer: SharpMUSH.Library.Models.SharpPlayer, *System.String: -1*, <null>, *Announce*)
  	Notify(SharpMUSH.Library.Models.SharpPlayer: SharpMUSH.Library.Models.SharpPlayer, *System.String: -1*, <null>, *Announce*)
  	Notify(SharpMUSH.Library.Models.SharpPlayer: SharpMUSH.Library.Models.SharpPlayer, *System.String: -1*, <null>, *Announce*)
  	Notify(SharpMUSH.Library.Models.SharpPlayer: SharpMUSH.Library.Models.SharpPlayer, *System.String: -1*, <null>, *Announce*)
  	Notify(SharpMUSH.Library.Models.SharpPlayer: SharpMUSH.Library.Models.SharpPlayer, *System.String: -1*, <null>, *Announce*)
  	Notify(SharpMUSH.Library.Models.SharpPlayer: SharpMUSH.Library.Models.SharpPlayer, *System.String: -1*, <null>, *Announce*)
  	Notify(SharpMUSH.Library.Models.SharpPlayer: SharpMUSH.Library.Models.SharpPlayer, *System.String: -1*, <null>, *Announce*)
  	Notify(SharpMUSH.Library.Models.SharpPlayer: SharpMUSH.Library.Models.SharpPlayer, *System.String: -1*, <null>, *Announce*)
  	Notify(SharpMUSH.Library.Models.SharpPlayer: SharpMUSH.Library.Models.SharpPlayer, *System.String: -1*, <null>, *Announce*)
  	Notify(SharpMUSH.Library.Models.SharpPlayer: SharpMUSH.Library.Models.SharpPlayer, *System.String: -1*, <null>, *Announce*)
  	Notify(SharpMUSH.Library.Models.SharpPlayer: SharpMUSH.Library.Models.SharpPlayer, *System.String: -1*, <null>, *Announce*)
  	Notify(SharpMUSH.Library.Models.SharpPlayer: SharpMUSH.Library.Models.SharpPlayer, *System.String: -1*, <null>, *Announce*)
  	Notify(SharpMUSH.Library.Models.SharpPlayer: SharpMUSH.Library.Models.SharpPlayer, *System.String: -1*, <null>, *Announce*)
  	Notify(SharpMUSH.Library.Models.SharpPlayer: SharpMUSH.Library.Models.SharpPlayer, *System.String: -1*, <null>, *Announce*)
  	Notify(SharpMUSH.Library.Models.SharpPlayer: SharpMUSH.Library.Models.SharpPlayer, *System.String: -1*, <null>, *Announce*)
  	Notify(SharpMUSH.Library.Models.SharpPlayer: SharpMUSH.Library.Models.SharpPlayer, *System.String: -1*, <null>, *Announce*)
  	Notify(SharpMUSH.Library.Models.SharpPlayer: SharpMUSH.Library.Models.SharpPlayer, *System.String: -1*, <null>, *Announce*)
  	Notify(SharpMUSH.Library.Models.SharpPlayer: SharpMUSH.Library.Models.SharpPlayer, *System.String: -1*, <null>, *Announce*)
  	Notify(SharpMUSH.Library.Models.SharpPlayer: SharpMUSH.Library.Models.SharpPlayer, *System.String: -1*, <null>, *Announce*)
  	Notify(SharpMUSH.Library.Models.SharpPlayer: SharpMUSH.Library.Models.SharpPlayer, *System.String: -1*, <null>, *Announce*)
  	Notify(SharpMUSH.Library.Models.SharpPlayer: SharpMUSH.Library.Models.SharpPlayer, *System.String: -1*, <null>, *Announce*)
  	Notify(SharpMUSH.Library.Models.SharpPlayer: SharpMUSH.Library.Models.SharpPlayer, *System.String: -1*, <null>, *Announce*)
  	Notify(SharpMUSH.Library.Models.SharpPlayer: SharpMUSH.Library.Models.SharpPlayer, *System.String: -1*, <null>, *Announce*)
  	Notify(SharpMUSH.Library.Models.SharpPlayer: SharpMUSH.Library.Models.SharpPlayer, *System.String: -1*, <null>, *Announce*)
  	Notify(SharpMUSH.Library.Models.SharpPlayer: SharpMUSH.Library.Models.SharpPlayer, *System.String: -1*, <null>, *Announce*)
  	Notify(SharpMUSH.Library.Models.SharpPlayer: SharpMUSH.Library.Models.SharpPlayer, *System.String: -1*, <null>, *Announce*)
  	Notify(SharpMUSH.Library.Models.SharpPlayer: SharpMUSH.Library.Models.SharpPlayer, *System.String: -1*, <null>, *Announce*)
  	Notify(SharpMUSH.Library.Models.SharpPlayer: SharpMUSH.Library.Models.SharpPlayer, *System.String: -1*, <null>, *Announce*)
  	Notify(SharpMUSH.Library.Models.SharpPlayer: SharpMUSH.Library.Models.SharpPlayer, *System.String: -1*, <null>, *Announce*)
  	Notify(SharpMUSH.Library.Models.SharpPlayer: SharpMUSH.Library.Models.SharpPlayer, *System.String: -1*, <null>, *Announce*)
  	Notify(SharpMUSH.Library.Models.SharpPlayer: SharpMUSH.Library.Models.SharpPlayer, *System.String: -1*, <null>, *Announce*)
  	Notify(SharpMUSH.Library.Models.SharpPlayer: SharpMUSH.Library.Models.SharpPlayer, *System.String: -1*, <null>, *Announce*)
  	Notify(SharpMUSH.Library.Models.SharpPlayer: SharpMUSH.Library.Models.SharpPlayer, *System.String: -1*, <null>, *Announce*)
  	Notify(SharpMUSH.Library.Models.SharpPlayer: SharpMUSH.Library.Models.SharpPlayer, *System.String: -1*, <null>, *Announce*)
  	Notify(SharpMUSH.Library.Models.SharpPlayer: SharpMUSH.Library.Models.SharpPlayer, *System.String: -1*, <null>, *Announce*)
  	Notify(SharpMUSH.Library.Models.SharpPlayer: SharpMUSH.Library.Models.SharpPlayer, *System.String: -1*, <null>, *Announce*)
  	Notify(SharpMUSH.Library.Models.SharpPlayer: SharpMUSH.Library.Models.SharpPlayer, *System.String: -1*, <null>, *Announce*)
  	Notify(SharpMUSH.Library.Models.SharpPlayer: SharpMUSH.Library.Models.SharpPlayer, *System.String: -1*, <null>, *Announce*)
  	Notify(SharpMUSH.Library.Models.SharpPlayer: SharpMUSH.Library.Models.SharpPlayer, *System.String: -1*, <null>, *Announce*)
  	Notify(SharpMUSH.Library.Models.SharpPlayer: SharpMUSH.Library.Models.SharpPlayer, *System.String: -1*, <null>, *Announce*)
  	Notify(SharpMUSH.Library.Models.SharpPlayer: SharpMUSH.Library.Models.SharpPlayer, *System.String: -1*, <null>, *Announce*)
  	Notify(SharpMUSH.Library.Models.SharpPlayer: SharpMUSH.Library.Models.SharpPlayer, *System.String: -1*, <null>, *Announce*)
  	Notify(SharpMUSH.Library.Models.SharpPlayer: SharpMUSH.Library.Models.SharpPlayer, *System.String: -1*, <null>, *Announce*)
  	Notify(SharpMUSH.Library.Models.SharpPlayer: SharpMUSH.Library.Models.SharpPlayer, *System.String: -1*, <null>, *Announce*)
  	Notify(SharpMUSH.Library.Models.SharpPlayer: SharpMUSH.Library.Models.SharpPlayer, *System.String: -1*, <null>, *Announce*)
  	Notify(SharpMUSH.Library.Models.SharpPlayer: SharpMUSH.Library.Models.SharpPlayer, *System.String: -1*, <null>, *Announce*)
  	Notify(SharpMUSH.Library.Models.SharpPlayer: SharpMUSH.Library.Models.SharpPlayer, *System.String: -1*, <null>, *Announce*)
  	Notify(SharpMUSH.Library.Models.SharpPlayer: SharpMUSH.Library.Models.SharpPlayer, *System.String: -1*, <null>, *Announce*)
  	Notify(SharpMUSH.Library.Models.SharpPlayer: SharpMUSH.Library.Models.SharpPlayer, *System.String: -1*, <null>, *Announce*)
  	Notify(SharpMUSH.Library.Models.SharpPlayer: SharpMUSH.Library.Models.SharpPlayer, *System.String: -1*, <null>, *Announce*)
  	Notify(SharpMUSH.Library.Models.SharpPlayer: SharpMUSH.Library.Models.SharpPlayer, *System.String: -1*, <null>, *Announce*)
  	Notify(SharpMUSH.Library.Models.SharpPlayer: SharpMUSH.Library.Models.SharpPlayer, *System.String: -1*, <null>, *Announce*)
  	Notify(SharpMUSH.Library.Models.SharpPlayer: SharpMUSH.Library.Models.SharpPlayer, *System.String: -1*, <null>, *Announce*)
  	Notify(SharpMUSH.Library.Models.SharpPlayer: SharpMUSH.Library.Models.SharpPlayer, *System.String: -1*, <null>, *Announce*)
  	Notify(SharpMUSH.Library.Models.SharpPlayer: SharpMUSH.Library.Models.SharpPlayer, *System.String: -1*, <null>, *Announce*)
  	Notify(SharpMUSH.Library.Models.SharpPlayer: SharpMUSH.Library.Models.SharpPlayer, *System.String: -1*, <null>, *Announce*)
  	Notify(SharpMUSH.Library.Models.SharpPlayer: SharpMUSH.Library.Models.SharpPlayer, *System.String: -1*, <null>, *Announce*)
  	Notify(SharpMUSH.Library.Models.SharpPlayer: SharpMUSH.Library.Models.SharpPlayer, *System.String: -1*, <null>, *Announce*)
  	Notify(SharpMUSH.Library.Models.SharpPlayer: SharpMUSH.Library.Models.SharpPlayer, *System.String: -1*, <null>, *Announce*)
  	Notify(SharpMUSH.Library.Models.SharpPlayer: SharpMUSH.Library.Models.SharpPlayer, *System.String: -1*, <null>, *Announce*)
  	Notify(SharpMUSH.Library.Models.SharpPlayer: SharpMUSH.Library.Models.SharpPlayer, *System.String: -1*, <null>, *Announce*)
  	Notify(SharpMUSH.Library.Models.SharpPlayer: SharpMUSH.Library.Models.SharpPlayer, *System.String: -1*, <null>, *Announce*)
  	Notify(SharpMUSH.Library.Models.SharpPlayer: SharpMUSH.Library.Models.SharpPlayer, *System.String: -1*, <null>, *Announce*)
  	Notify(SharpMUSH.Library.Models.SharpPlayer: SharpMUSH.Library.Models.SharpPlayer, *System.String: -1*, <null>, *Announce*)
  	Notify(SharpMUSH.Library.Models.SharpPlayer: SharpMUSH.Library.Models.SharpPlayer, *System.String: -1*, <null>, *Announce*)
  	Notify(SharpMUSH.Library.Models.SharpPlayer: SharpMUSH.Library.Models.SharpPlayer, *System.String: -1*, <null>, *Announce*)
  	Notify(SharpMUSH.Library.Models.SharpPlayer: SharpMUSH.Library.Models.SharpPlayer, *System.String: -1*, <null>, *Announce*)
  	Notify(SharpMUSH.Library.Models.SharpPlayer: SharpMUSH.Library.Models.SharpPlayer, *System.String: -1*, <null>, *Announce*)
  	Notify(SharpMUSH.Library.Models.SharpPlayer: SharpMUSH.Library.Models.SharpPlayer, *System.String: -1*, <null>, *Announce*)
  	Notify(SharpMUSH.Library.Models.SharpPlayer: SharpMUSH.Library.Models.SharpPlayer, *System.String: -1*, <null>, *Announce*)
  	Notify(SharpMUSH.Library.Models.SharpPlayer: SharpMUSH.Library.Models.SharpPlayer, *System.String: -1*, <null>, *Announce*)
  	Notify(SharpMUSH.Library.Models.SharpPlayer: SharpMUSH.Library.Models.SharpPlayer, *System.String: -1*, <null>, *Announce*)
  	Notify(SharpMUSH.Library.Models.SharpPlayer: SharpMUSH.Library.Models.SharpPlayer, *System.String: -1*, <null>, *Announce*)
  	Notify(SharpMUSH.Library.Models.SharpPlayer: SharpMUSH.Library.Models.SharpPlayer, *System.String: -1*, <null>, *Announce*)
  	Notify(SharpMUSH.Library.Models.SharpPlayer: SharpMUSH.Library.Models.SharpPlayer, *System.String: -1*, <null>, *Announce*)
  	Notify(SharpMUSH.Library.Models.SharpPlayer: SharpMUSH.Library.Models.SharpPlayer, *System.String: -1*, <null>, *Announce*)
  	Notify(SharpMUSH.Library.Models.SharpPlayer: SharpMUSH.Library.Models.SharpPlayer, *System.String: -1*, <null>, *Announce*)
  	Notify(SharpMUSH.Library.Models.SharpPlayer: SharpMUSH.Library.Models.SharpPlayer, *System.String: -1*, <null>, *Announce*)
  	Notify(SharpMUSH.Library.Models.SharpPlayer: SharpMUSH.Library.Models.SharpPlayer, *System.String: -1*, <null>, *Announce*)
  	Notify(SharpMUSH.Library.Models.SharpPlayer: SharpMUSH.Library.Models.SharpPlayer, *System.String: -1*, <null>, *Announce*)
  	Notify(SharpMUSH.Library.Models.SharpPlayer: SharpMUSH.Library.Models.SharpPlayer, *System.String: -1*, <null>, *Announce*)
  	Notify(SharpMUSH.Library.Models.SharpPlayer: SharpMUSH.Library.Models.SharpPlayer, *System.String: -1*, <null>, *Announce*)
  	Notify(SharpMUSH.Library.Models.SharpPlayer: SharpMUSH.Library.Models.SharpPlayer, *System.String: -1*, <null>, *Announce*)
  	Notify(SharpMUSH.Library.Models.SharpPlayer: SharpMUSH.Library.Models.SharpPlayer, *System.String: -1*, <null>, *Announce*)
  	Notify(SharpMUSH.Library.Models.SharpPlayer: SharpMUSH.Library.Models.SharpPlayer, *System.String: -1*, <null>, *Announce*)
  	Notify(SharpMUSH.Library.Models.SharpPlayer: SharpMUSH.Library.Models.SharpPlayer, *System.String: -1*, <null>, *Announce*)
  	Notify(SharpMUSH.Library.Models.SharpPlayer: SharpMUSH.Library.Models.SharpPlayer, *System.String: -1*, <null>, *Announce*)
  	Notify(SharpMUSH.Library.Models.SharpPlayer: SharpMUSH.Library.Models.SharpPlayer, *System.String: -1*, <null>, *Announce*)
  	Notify(SharpMUSH.Library.Models.SharpPlayer: SharpMUSH.Library.Models.SharpPlayer, *System.String: -1*, <null>, *Announce*)
  	Notify(SharpMUSH.Library.Models.SharpPlayer: SharpMUSH.Library.Models.SharpPlayer, *System.String: -1*, <null>, *Announce*)
  	Notify(SharpMUSH.Library.Models.SharpPlayer: SharpMUSH.Library.Models.SharpPlayer, *System.String: -1*, <null>, *Announce*)
  	Notify(SharpMUSH.Library.Models.SharpPlayer: SharpMUSH.Library.Models.SharpPlayer, *System.String: -1*, <null>, *Announce*)
  	Notify(SharpMUSH.Library.Models.SharpPlayer: SharpMUSH.Library.Models.SharpPlayer, *System.String: -1*, <null>, *Announce*)
  	Notify(SharpMUSH.Library.Models.SharpPlayer: SharpMUSH.Library.Models.SharpPlayer, *System.String: -1*, <null>, *Announce*)
  	Notify(SharpMUSH.Library.Models.SharpPlayer: SharpMUSH.Library.Models.SharpPlayer, *System.String: -1*, <null>, *Announce*)
  	Notify(SharpMUSH.Library.Models.SharpPlayer: SharpMUSH.Library.Models.SharpPlayer, *System.String: -1*, <null>, *Announce*)
  	Notify(SharpMUSH.Library.Models.SharpPlayer: SharpMUSH.Library.Models.SharpPlayer, *System.String: -1*, <null>, *Announce*)
  	Notify(SharpMUSH.Library.Models.SharpPlayer: SharpMUSH.Library.Models.SharpPlayer, *System.String: -1*, <null>, *Announce*)
  	Notify(SharpMUSH.Library.Models.SharpPlayer: SharpMUSH.Library.Models.SharpPlayer, *System.String: -1*, <null>, *Announce*)
  	Notify(SharpMUSH.Library.Models.SharpPlayer: SharpMUSH.Library.Models.SharpPlayer, *System.String: -1*, <null>, *Announce*)
  	Notify(SharpMUSH.Library.Models.SharpPlayer: SharpMUSH.Library.Models.SharpPlayer, *System.String: -1*, <null>, *Announce*)
  	Notify(SharpMUSH.Library.Models.SharpPlayer: SharpMUSH.Library.Models.SharpPlayer, *System.String: -1*, <null>, *Announce*)
  	Notify(SharpMUSH.Library.Models.SharpPlayer: SharpMUSH.Library.Models.SharpPlayer, *System.String: -1*, <null>, *Announce*)
  	Notify(SharpMUSH.Library.Models.SharpPlayer: SharpMUSH.Library.Models.SharpPlayer, *System.String: -1*, <null>, *Announce*)
  	Notify(SharpMUSH.Library.Models.SharpPlayer: SharpMUSH.Library.Models.SharpPlayer, *System.String: -1*, <null>, *Announce*)
  	Notify(SharpMUSH.Library.Models.SharpPlayer: SharpMUSH.Library.Models.SharpPlayer, *System.String: -1*, <null>, *Announce*)
  	Notify(SharpMUSH.Library.Models.SharpPlayer: SharpMUSH.Library.Models.SharpPlayer, *System.String: -1*, <null>, *Announce*)
  	Notify(SharpMUSH.Library.Models.SharpPlayer: SharpMUSH.Library.Models.SharpPlayer, *System.String: -1*, <null>, *Announce*)
  	Notify(SharpMUSH.Library.Models.SharpPlayer: SharpMUSH.Library.Models.SharpPlayer, *System.String: -1*, <null>, *Announce*)
  	Notify(SharpMUSH.Library.Models.SharpPlayer: SharpMUSH.Library.Models.SharpPlayer, *System.String: -1*, <null>, *Announce*)
  	Notify(SharpMUSH.Library.Models.SharpPlayer: SharpMUSH.Library.Models.SharpPlayer, *System.String: -1*, <null>, *Announce*)
  	Notify(SharpMUSH.Library.Models.SharpPlayer: SharpMUSH.Library.Models.SharpPlayer, *System.String: -1*, <null>, *Announce*)
  	Notify(SharpMUSH.Library.Models.SharpPlayer: SharpMUSH.Library.Models.SharpPlayer, *System.String: -1*, <null>, *Announce*)
  	Notify(SharpMUSH.Library.Models.SharpPlayer: SharpMUSH.Library.Models.SharpPlayer, *System.String: -1*, <null>, *Announce*)
  	Notify(SharpMUSH.Library.Models.SharpPlayer: SharpMUSH.Library.Models.SharpPlayer, *System.String: -1*, <null>, *Announce*)
  	Notify(SharpMUSH.Library.Models.SharpPlayer: SharpMUSH.Library.Models.SharpPlayer, *System.String: -1*, <null>, *Announce*)
  	Notify(SharpMUSH.Library.Models.SharpPlayer: SharpMUSH.Library.Models.SharpPlayer, *System.String: -1*, <null>, *Announce*)
  	Notify(SharpMUSH.Library.Models.SharpPlayer: SharpMUSH.Library.Models.SharpPlayer, *System.String: -1*, <null>, *Announce*)
  	Notify(SharpMUSH.Library.Models.SharpPlayer: SharpMUSH.Library.Models.SharpPlayer, *System.String: -1*, <null>, *Announce*)
  	Notify(SharpMUSH.Library.Models.SharpPlayer: SharpMUSH.Library.Models.SharpPlayer, *System.String: -1*, <null>, *Announce*)
  	Notify(SharpMUSH.Library.Models.SharpPlayer: SharpMUSH.Library.Models.SharpPlayer, *System.String: -1*, <null>, *Announce*)
  	Notify(SharpMUSH.Library.Models.SharpPlayer: SharpMUSH.Library.Models.SharpPlayer, *System.String: -1*, <null>, *Announce*)
  	Notify(SharpMUSH.Library.Models.SharpPlayer: SharpMUSH.Library.Models.SharpPlayer, *System.String: -1*, <null>, *Announce*)
  	Notify(SharpMUSH.Library.Models.SharpPlayer: SharpMUSH.Library.Models.SharpPlayer, *System.String: -1*, <null>, *Announce*)
  	Notify(SharpMUSH.Library.Models.SharpPlayer: SharpMUSH.Library.Models.SharpPlayer, *System.String: -1*, <null>, *Announce*)
  	Notify(SharpMUSH.Library.Models.SharpPlayer: SharpMUSH.Library.Models.SharpPlayer, *System.String: -1*, <null>, *Announce*)
  	Notify(SharpMUSH.Library.Models.SharpPlayer: SharpMUSH.Library.Models.SharpPlayer, *System.String: -1*, <null>, *Announce*)
  	Notify(SharpMUSH.Library.Models.SharpPlayer: SharpMUSH.Library.Models.SharpPlayer, *System.String: -1*, <null>, *Announce*)
  	Notify(SharpMUSH.Library.Models.SharpPlayer: SharpMUSH.Library.Models.SharpPlayer, *System.String: -1*, <null>, *Announce*)
  	Notify(SharpMUSH.Library.Models.SharpPlayer: SharpMUSH.Library.Models.SharpPlayer, *System.String: -1*, <null>, *Announce*)
  	Notify(SharpMUSH.Library.Models.SharpPlayer: SharpMUSH.Library.Models.SharpPlayer, *System.String: -1*, <null>, *Announce*)
  	Notify(SharpMUSH.Library.Models.SharpPlayer: SharpMUSH.Library.Models.SharpPlayer, *System.String: -1*, <null>, *Announce*)
  	Notify(SharpMUSH.Library.Models.SharpPlayer: SharpMUSH.Library.Models.SharpPlayer, *System.String: -1*, <null>, *Announce*)
  	Notify(SharpMUSH.Library.Models.SharpPlayer: SharpMUSH.Library.Models.SharpPlayer, *System.String: -1*, <null>, *Announce*)
  	Notify(SharpMUSH.Library.Models.SharpPlayer: SharpMUSH.Library.Models.SharpPlayer, *System.String: -1*, <null>, *Announce*)
  	Notify(SharpMUSH.Library.Models.SharpPlayer: SharpMUSH.Library.Models.SharpPlayer, *System.String: -1*, <null>, *Announce*)
  	Notify(SharpMUSH.Library.Models.SharpPlayer: SharpMUSH.Library.Models.SharpPlayer, *System.String: -1*, <null>, *Announce*)
  	Notify(SharpMUSH.Library.Models.SharpPlayer: SharpMUSH.Library.Models.SharpPlayer, *System.String: -1*, <null>, *Announce*)
  	Notify(SharpMUSH.Library.Models.SharpPlayer: SharpMUSH.Library.Models.SharpPlayer, *System.String: -1*, <null>, *Announce*)
  	Notify(SharpMUSH.Library.Models.SharpPlayer: SharpMUSH.Library.Models.SharpPlayer, *System.String: -1*, <null>, *Announce*)
  	Notify(SharpMUSH.Library.Models.SharpPlayer: SharpMUSH.Library.Models.SharpPlayer, *System.String: -1*, <null>, *Announce*)
  	Notify(SharpMUSH.Library.Models.SharpPlayer: SharpMUSH.Library.Models.SharpPlayer, *System.String: -1*, <null>, *Announce*)
  	Notify(SharpMUSH.Library.Models.SharpPlayer: SharpMUSH.Library.Models.SharpPlayer, *System.String: -1*, <null>, *Announce*)
  	Notify(SharpMUSH.Library.Models.SharpPlayer: SharpMUSH.Library.Models.SharpPlayer, *System.String: -1*, <null>, *Announce*)
  	Notify(SharpMUSH.Library.Models.SharpPlayer: SharpMUSH.Library.Models.SharpPlayer, *System.String: -1*, <null>, *Announce*)
  	Notify(SharpMUSH.Library.Models.SharpPlayer: SharpMUSH.Library.Models.SharpPlayer, *System.String: -1*, <null>, *Announce*)
  	Notify(SharpMUSH.Library.Models.SharpPlayer: SharpMUSH.Library.Models.SharpPlayer, *System.String: -1*, <null>, *Announce*)
  	Notify(SharpMUSH.Library.Models.SharpPlayer: SharpMUSH.Library.Models.SharpPlayer, *System.String: -1*, <null>, *Announce*)
  	Notify(SharpMUSH.Library.Models.SharpPlayer: SharpMUSH.Library.Models.SharpPlayer, *System.String: -1*, <null>, *Announce*)
  	Notify(SharpMUSH.Library.Models.SharpPlayer: SharpMUSH.Library.Models.SharpPlayer, *System.String: -1*, <null>, *Announce*)
  	Notify(SharpMUSH.Library.Models.SharpPlayer: SharpMUSH.Library.Models.SharpPlayer, *System.String: -1*, <null>, *Announce*)
  	Notify(SharpMUSH.Library.Models.SharpPlayer: SharpMUSH.Library.Models.SharpPlayer, *System.String: -1*, <null>, *Announce*)
  	Notify(SharpMUSH.Library.Models.SharpPlayer: SharpMUSH.Library.Models.SharpPlayer, *System.String: -1*, <null>, *Announce*)
  	Notify(SharpMUSH.Library.Models.SharpPlayer: SharpMUSH.Library.Models.SharpPlayer, *System.String: -1*, <null>, *Announce*)
  	Notify(SharpMUSH.Library.Models.SharpPlayer: SharpMUSH.Library.Models.SharpPlayer, *System.String: -1*, <null>, *Announce*)
  	Notify(SharpMUSH.Library.Models.SharpPlayer: SharpMUSH.Library.Models.SharpPlayer, *System.String: -1*, <null>, *Announce*)
  	Notify(SharpMUSH.Library.Models.SharpPlayer: SharpMUSH.Library.Models.SharpPlayer, *System.String: -1*, <null>, *Announce*)
  	Notify(SharpMUSH.Library.Models.SharpPlayer: SharpMUSH.Library.Models.SharpPlayer, *System.String: -1*, <null>, *Announce*)
  	Notify(SharpMUSH.Library.Models.SharpPlayer: SharpMUSH.Library.Models.SharpPlayer, *System.String: -1*, <null>, *Announce*)
  	Notify(SharpMUSH.Library.Models.SharpPlayer: SharpMUSH.Library.Models.SharpPlayer, *System.String: -1*, <null>, *Announce*)
  	Notify(SharpMUSH.Library.Models.SharpPlayer: SharpMUSH.Library.Models.SharpPlayer, *System.String: -1*, <null>, *Announce*)
  	Notify(SharpMUSH.Library.Models.SharpPlayer: SharpMUSH.Library.Models.SharpPlayer, *System.String: -1*, <null>, *Announce*)
  	Notify(SharpMUSH.Library.Models.SharpPlayer: SharpMUSH.Library.Models.SharpPlayer, *System.String: -1*, <null>, *Announce*)
  	Notify(SharpMUSH.Library.Models.SharpPlayer: SharpMUSH.Library.Models.SharpPlayer, *System.String: -1*, <null>, *Announce*)
  	Notify(SharpMUSH.Library.Models.SharpPlayer: SharpMUSH.Library.Models.SharpPlayer, *System.String: -1*, <null>, *Announce*)
  	Notify(SharpMUSH.Library.Models.SharpPlayer: SharpMUSH.Library.Models.SharpPlayer, *System.String: -1*, <null>, *Announce*)
  	Notify(SharpMUSH.Library.Models.SharpPlayer: SharpMUSH.Library.Models.SharpPlayer, *System.String: -1*, <null>, *Announce*)
  	Notify(SharpMUSH.Library.Models.SharpPlayer: SharpMUSH.Library.Models.SharpPlayer, *System.String: -1*, <null>, *Announce*)
  	Notify(SharpMUSH.Library.Models.SharpPlayer: SharpMUSH.Library.Models.SharpPlayer, *System.String: -1*, <null>, *Announce*)
  	Notify(SharpMUSH.Library.Models.SharpPlayer: SharpMUSH.Library.Models.SharpPlayer, *System.String: -1*, <null>, *Announce*)
  	Notify(SharpMUSH.Library.Models.SharpPlayer: SharpMUSH.Library.Models.SharpPlayer, *System.String: -1*, <null>, *Announce*)
  	Notify(SharpMUSH.Library.Models.SharpPlayer: SharpMUSH.Library.Models.SharpPlayer, *System.String: -1*, <null>, *Announce*)
  	Notify(SharpMUSH.Library.Models.SharpPlayer: SharpMUSH.Library.Models.SharpPlayer, *System.String: -1*, <null>, *Announce*)
  	Notify(SharpMUSH.Library.Models.SharpPlayer: SharpMUSH.Library.Models.SharpPlayer, *System.String: -1*, <null>, *Announce*)
  	Notify(SharpMUSH.Library.Models.SharpPlayer: SharpMUSH.Library.Models.SharpPlayer, *System.String: -1*, <null>, *Announce*)
  	Notify(SharpMUSH.Library.Models.SharpPlayer: SharpMUSH.Library.Models.SharpPlayer, *System.String: -1*, <null>, *Announce*)
  	Notify(SharpMUSH.Library.Models.SharpPlayer: SharpMUSH.Library.Models.SharpPlayer, *System.String: -1*, <null>, *Announce*)
  	Notify(SharpMUSH.Library.Models.SharpPlayer: SharpMUSH.Library.Models.SharpPlayer, *System.String: -1*, <null>, *Announce*)
  	Notify(SharpMUSH.Library.Models.SharpPlayer: SharpMUSH.Library.Models.SharpPlayer, *System.String: -1*, <null>, *Announce*)
  	Notify(SharpMUSH.Library.Models.SharpPlayer: SharpMUSH.Library.Models.SharpPlayer, *System.String: -1*, <null>, *Announce*)
  	Notify(SharpMUSH.Library.Models.SharpPlayer: SharpMUSH.Library.Models.SharpPlayer, *System.String: -1*, <null>, *Announce*)
  	Notify(SharpMUSH.Library.Models.SharpPlayer: SharpMUSH.Library.Models.SharpPlayer, *System.String: -1*, <null>, *Announce*)
  	Notify(SharpMUSH.Library.Models.SharpPlayer: SharpMUSH.Library.Models.SharpPlayer, *System.String: -1*, <null>, *Announce*)
  	Notify(SharpMUSH.Library.Models.SharpPlayer: SharpMUSH.Library.Models.SharpPlayer, *System.String: -1*, <null>, *Announce*)
  	Notify(SharpMUSH.Library.Models.SharpPlayer: SharpMUSH.Library.Models.SharpPlayer, *System.String: -1*, <null>, *Announce*)
  	Notify(SharpMUSH.Library.Models.SharpPlayer: SharpMUSH.Library.Models.SharpPlayer, *System.String: -1*, <null>, *Announce*)
  	Notify(SharpMUSH.Library.Models.SharpPlayer: SharpMUSH.Library.Models.SharpPlayer, *System.String: -1*, <null>, *Announce*)
  	Notify(SharpMUSH.Library.Models.SharpPlayer: SharpMUSH.Library.Models.SharpPlayer, *System.String: -1*, <null>, *Announce*)
  	Notify(SharpMUSH.Library.Models.SharpPlayer: SharpMUSH.Library.Models.SharpPlayer, *System.String: -1*, <null>, *Announce*)
  	Notify(SharpMUSH.Library.Models.SharpPlayer: SharpMUSH.Library.Models.SharpPlayer, *System.String: -1*, <null>, *Announce*)
  	Notify(SharpMUSH.Library.Models.SharpPlayer: SharpMUSH.Library.Models.SharpPlayer, *System.String: -1*, <null>, *Announce*)
  	Notify(SharpMUSH.Library.Models.SharpPlayer: SharpMUSH.Library.Models.SharpPlayer, *System.String: -1*, <null>, *Announce*)
  	Notify(SharpMUSH.Library.Models.SharpPlayer: SharpMUSH.Library.Models.SharpPlayer, *System.String: -1*, <null>, *Announce*)
  	Notify(SharpMUSH.Library.Models.SharpPlayer: SharpMUSH.Library.Models.SharpPlayer, *System.String: -1*, <null>, *Announce*)
  	Notify(SharpMUSH.Library.Models.SharpPlayer: SharpMUSH.Library.Models.SharpPlayer, *System.String: -1*, <null>, *Announce*)
  	Notify(SharpMUSH.Library.Models.SharpPlayer: SharpMUSH.Library.Models.SharpPlayer, *System.String: -1*, <null>, *Announce*)
  	Notify(SharpMUSH.Library.Models.SharpPlayer: SharpMUSH.Library.Models.SharpPlayer, *System.String: -1*, <null>, *Announce*)
  	Notify(SharpMUSH.Library.Models.SharpPlayer: SharpMUSH.Library.Models.SharpPlayer, *System.String: -1*, <null>, *Announce*)
  	Notify(SharpMUSH.Library.Models.SharpPlayer: SharpMUSH.Library.Models.SharpPlayer, *System.String: -1*, <null>, *Announce*)
  	Notify(SharpMUSH.Library.Models.SharpPlayer: SharpMUSH.Library.Models.SharpPlayer, *System.String: -1*, <null>, *Announce*)
  	Notify(SharpMUSH.Library.Models.SharpPlayer: SharpMUSH.Library.Models.SharpPlayer, *System.String: -1*, <null>, *Announce*)
  	Notify(SharpMUSH.Library.Models.SharpPlayer: SharpMUSH.Library.Models.SharpPlayer, *System.String: -1*, <null>, *Announce*)
  	Notify(SharpMUSH.Library.Models.SharpPlayer: SharpMUSH.Library.Models.SharpPlayer, *System.String: -1*, <null>, *Announce*)
  	Notify(SharpMUSH.Library.Models.SharpPlayer: SharpMUSH.Library.Models.SharpPlayer, *System.String: -1*, <null>, *Announce*)
  	Notify(SharpMUSH.Library.Models.SharpPlayer: SharpMUSH.Library.Models.SharpPlayer, *System.String: -1*, <null>, *Announce*)
  	Notify(SharpMUSH.Library.Models.SharpPlayer: SharpMUSH.Library.Models.SharpPlayer, *System.String: -1*, <null>, *Announce*)
  	Notify(SharpMUSH.Library.Models.SharpPlayer: SharpMUSH.Library.Models.SharpPlayer, *System.String: -1*, <null>, *Announce*)
  	Notify(SharpMUSH.Library.Models.SharpPlayer: SharpMUSH.Library.Models.SharpPlayer, *System.String: -1*, <null>, *Announce*)
  	Notify(SharpMUSH.Library.Models.SharpPlayer: SharpMUSH.Library.Models.SharpPlayer, *System.String: -1*, <null>, *Announce*)
  	Notify(SharpMUSH.Library.Models.SharpPlayer: SharpMUSH.Library.Models.SharpPlayer, *System.String: -1*, <null>, *Announce*)
  	Notify(SharpMUSH.Library.Models.SharpPlayer: SharpMUSH.Library.Models.SharpPlayer, *System.String: -1*, <null>, *Announce*)
  	Notify(SharpMUSH.Library.Models.SharpPlayer: SharpMUSH.Library.Models.SharpPlayer, *System.String: -1*, <null>, *Announce*)
  	Notify(SharpMUSH.Library.Models.SharpPlayer: SharpMUSH.Library.Models.SharpPlayer, *System.String: -1*, <null>, *Announce*)
  	Notify(SharpMUSH.Library.Models.SharpPlayer: SharpMUSH.Library.Models.SharpPlayer, *System.String: -1*, <null>, *Announce*)
  	Notify(SharpMUSH.Library.Models.SharpPlayer: SharpMUSH.Library.Models.SharpPlayer, *System.String: -1*, <null>, *Announce*)
  	Notify(SharpMUSH.Library.Models.SharpPlayer: SharpMUSH.Library.Models.SharpPlayer, *System.String: -1*, <null>, *Announce*)
  	Notify(SharpMUSH.Library.Models.SharpPlayer: SharpMUSH.Library.Models.SharpPlayer, *System.String: -1*, <null>, *Announce*)
  	Notify(SharpMUSH.Library.Models.SharpPlayer: SharpMUSH.Library.Models.SharpPlayer, *System.String: -1*, <null>, *Announce*)
  	Notify(SharpMUSH.Library.Models.SharpPlayer: SharpMUSH.Library.Models.SharpPlayer, *System.String: -1*, <null>, *Announce*)
  	Notify(SharpMUSH.Library.Models.SharpPlayer: SharpMUSH.Library.Models.SharpPlayer, *System.String: -1*, <null>, *Announce*)
  	Notify(SharpMUSH.Library.Models.SharpPlayer: SharpMUSH.Library.Models.SharpPlayer, *System.String: -1*, <null>, *Announce*)
  	Notify(SharpMUSH.Library.Models.SharpPlayer: SharpMUSH.Library.Models.SharpPlayer, *System.String: -1*, <null>, *Announce*)
  	Notify(SharpMUSH.Library.Models.SharpPlayer: SharpMUSH.Library.Models.SharpPlayer, *System.String: -1*, <null>, *Announce*)
  	Notify(SharpMUSH.Library.Models.SharpPlayer: SharpMUSH.Library.Models.SharpPlayer, *System.String: -1*, <null>, *Announce*)
  	Notify(SharpMUSH.Library.Models.SharpPlayer: SharpMUSH.Library.Models.SharpPlayer, *System.String: -1*, <null>, *Announce*)
  	Notify(SharpMUSH.Library.Models.SharpPlayer: SharpMUSH.Library.Models.SharpPlayer, *System.String: -1*, <null>, *Announce*)
  	Notify(SharpMUSH.Library.Models.SharpPlayer: SharpMUSH.Library.Models.SharpPlayer, *System.String: -1*, <null>, *Announce*)
  	Notify(SharpMUSH.Library.Models.SharpPlayer: SharpMUSH.Library.Models.SharpPlayer, *System.String: -1*, <null>, *Announce*)
  	Notify(SharpMUSH.Library.Models.SharpPlayer: SharpMUSH.Library.Models.SharpPlayer, *System.String: -1*, <null>, *Announce*)
  	Notify(SharpMUSH.Library.Models.SharpPlayer: SharpMUSH.Library.Models.SharpPlayer, *System.String: -1*, <null>, *Announce*)
  	Notify(SharpMUSH.Library.Models.SharpPlayer: SharpMUSH.Library.Models.SharpPlayer, *System.String: -1*, <null>, *Announce*)
  	Notify(SharpMUSH.Library.Models.SharpPlayer: SharpMUSH.Library.Models.SharpPlayer, *System.String: -1*, <null>, *Announce*)
  	Notify(SharpMUSH.Library.Models.SharpPlayer: SharpMUSH.Library.Models.SharpPlayer, *System.String: -1*, <null>, *Announce*)
  	Notify(SharpMUSH.Library.Models.SharpPlayer: SharpMUSH.Library.Models.SharpPlayer, *System.String: -1*, <null>, *Announce*)
  	Notify(SharpMUSH.Library.Models.SharpPlayer: SharpMUSH.Library.Models.SharpPlayer, *System.String: -1*, <null>, *Announce*)
  	Notify(SharpMUSH.Library.Models.SharpPlayer: SharpMUSH.Library.Models.SharpPlayer, *System.String: -1*, <null>, *Announce*)
  	Notify(SharpMUSH.Library.Models.SharpPlayer: SharpMUSH.Library.Models.SharpPlayer, *System.String: -1*, <null>, *Announce*)
  	Notify(SharpMUSH.Library.Models.SharpPlayer: SharpMUSH.Library.Models.SharpPlayer, *System.String: -1*, <null>, *Announce*)
  	Notify(SharpMUSH.Library.Models.SharpPlayer: SharpMUSH.Library.Models.SharpPlayer, *System.String: -1*, <null>, *Announce*)
  	Notify(SharpMUSH.Library.Models.SharpPlayer: SharpMUSH.Library.Models.SharpPlayer, *System.String: -1*, <null>, *Announce*)
  	Notify(SharpMUSH.Library.Models.SharpPlayer: SharpMUSH.Library.Models.SharpPlayer, *System.String: -1*, <null>, *Announce*)
  	Notify(SharpMUSH.Library.Models.SharpPlayer: SharpMUSH.Library.Models.SharpPlayer, *System.String: -1*, <null>, *Announce*)
  	Notify(SharpMUSH.Library.Models.SharpPlayer: SharpMUSH.Library.Models.SharpPlayer, *System.String: -1*, <null>, *Announce*)
  	Notify(SharpMUSH.Library.Models.SharpPlayer: SharpMUSH.Library.Models.SharpPlayer, *System.String: -1*, <null>, *Announce*)
  	Notify(SharpMUSH.Library.Models.SharpPlayer: SharpMUSH.Library.Models.SharpPlayer, *System.String: -1*, <null>, *Announce*)
  	Notify(SharpMUSH.Library.Models.SharpPlayer: SharpMUSH.Library.Models.SharpPlayer, *System.String: -1*, <null>, *Announce*)
  	Notify(SharpMUSH.Library.Models.SharpPlayer: SharpMUSH.Library.Models.SharpPlayer, *System.String: -1*, <null>, *Announce*)
  	Notify(SharpMUSH.Library.Models.SharpPlayer: SharpMUSH.Library.Models.SharpPlayer, *System.String: -1*, <null>, *Announce*)
  	Notify(SharpMUSH.Library.Models.SharpPlayer: SharpMUSH.Library.Models.SharpPlayer, *System.String: -1*, <null>, *Announce*)
  	Notify(SharpMUSH.Library.Models.SharpPlayer: SharpMUSH.Library.Models.SharpPlayer, *System.String: -1*, <null>, *Announce*)
  	Notify(SharpMUSH.Library.Models.SharpPlayer: SharpMUSH.Library.Models.SharpPlayer, *System.String: -1*, <null>, *Announce*)
  	Notify(SharpMUSH.Library.Models.SharpPlayer: SharpMUSH.Library.Models.SharpPlayer, *System.String: -1*, <null>, *Announce*)
  	Notify(SharpMUSH.Library.Models.SharpPlayer: SharpMUSH.Library.Models.SharpPlayer, *System.String: -1*, <null>, *Announce*)
  	Notify(SharpMUSH.Library.Models.SharpPlayer: SharpMUSH.Library.Models.SharpPlayer, *System.String: -1*, <null>, *Announce*)
  	Notify(SharpMUSH.Library.Models.SharpPlayer: SharpMUSH.Library.Models.SharpPlayer, *System.String: -1*, <null>, *Announce*)
  	Notify(SharpMUSH.Library.Models.SharpPlayer: SharpMUSH.Library.Models.SharpPlayer, *System.String: -1*, <null>, *Announce*)
  	Notify(SharpMUSH.Library.Models.SharpPlayer: SharpMUSH.Library.Models.SharpPlayer, *System.String: -1*, <null>, *Announce*)
  	Notify(SharpMUSH.Library.Models.SharpPlayer: SharpMUSH.Library.Models.SharpPlayer, *System.String: -1*, <null>, *Announce*)
  	Notify(SharpMUSH.Library.Models.SharpPlayer: SharpMUSH.Library.Models.SharpPlayer, *System.String: -1*, <null>, *Announce*)
  	Notify(SharpMUSH.Library.Models.SharpPlayer: SharpMUSH.Library.Models.SharpPlayer, *System.String: -1*, <null>, *Announce*)
  	Notify(SharpMUSH.Library.Models.SharpPlayer: SharpMUSH.Library.Models.SharpPlayer, *System.String: -1*, <null>, *Announce*)
  	Notify(SharpMUSH.Library.Models.SharpPlayer: SharpMUSH.Library.Models.SharpPlayer, *System.String: -1*, <null>, *Announce*)
  	Notify(SharpMUSH.Library.Models.SharpPlayer: SharpMUSH.Library.Models.SharpPlayer, *System.String: -1*, <null>, *Announce*)
  	Notify(SharpMUSH.Library.Models.SharpPlayer: SharpMUSH.Library.Models.SharpPlayer, *System.String: -1*, <null>, *Announce*)
  	Notify(SharpMUSH.Library.Models.SharpPlayer: SharpMUSH.Library.Models.SharpPlayer, *System.String: -1*, <null>, *Announce*)
  	Notify(SharpMUSH.Library.Models.SharpPlayer: SharpMUSH.Library.Models.SharpPlayer, *System.String: -1*, <null>, *Announce*)
  	Notify(SharpMUSH.Library.Models.SharpPlayer: SharpMUSH.Library.Models.SharpPlayer, *System.String: -1*, <null>, *Announce*)
  	Notify(SharpMUSH.Library.Models.SharpPlayer: SharpMUSH.Library.Models.SharpPlayer, *System.String: -1*, <null>, *Announce*)
  	Notify(SharpMUSH.Library.Models.SharpPlayer: SharpMUSH.Library.Models.SharpPlayer, *System.String: -1*, <null>, *Announce*)
  	Notify(SharpMUSH.Library.Models.SharpPlayer: SharpMUSH.Library.Models.SharpPlayer, *System.String: -1*, <null>, *Announce*)
  	Notify(SharpMUSH.Library.Models.SharpPlayer: SharpMUSH.Library.Models.SharpPlayer, *System.String: -1*, <null>, *Announce*)
  	Notify(SharpMUSH.Library.Models.SharpPlayer: SharpMUSH.Library.Models.SharpPlayer, *System.String: -1*, <null>, *Announce*)
  	Notify(SharpMUSH.Library.Models.SharpPlayer: SharpMUSH.Library.Models.SharpPlayer, *System.String: -1*, <null>, *Announce*)
  	Notify(SharpMUSH.Library.Models.SharpPlayer: SharpMUSH.Library.Models.SharpPlayer, *System.String: -1*, <null>, *Announce*)
  	Notify(SharpMUSH.Library.Models.SharpPlayer: SharpMUSH.Library.Models.SharpPlayer, *System.String: -1*, <null>, *Announce*)
  	Notify(SharpMUSH.Library.Models.SharpPlayer: SharpMUSH.Library.Models.SharpPlayer, *System.String: -1*, <null>, *Announce*)
  	Notify(SharpMUSH.Library.Models.SharpPlayer: SharpMUSH.Library.Models.SharpPlayer, *System.String: -1*, <null>, *Announce*)
  	Notify(SharpMUSH.Library.Models.SharpPlayer: SharpMUSH.Library.Models.SharpPlayer, *System.String: -1*, <null>, *Announce*)
  	Notify(SharpMUSH.Library.Models.SharpPlayer: SharpMUSH.Library.Models.SharpPlayer, *System.String: -1*, <null>, *Announce*)
  	Notify(SharpMUSH.Library.Models.SharpPlayer: SharpMUSH.Library.Models.SharpPlayer, *System.String: -1*, <null>, *Announce*)
  	Notify(SharpMUSH.Library.Models.SharpPlayer: SharpMUSH.Library.Models.SharpPlayer, *System.String: -1*, <null>, *Announce*)
  	Notify(SharpMUSH.Library.Models.SharpPlayer: SharpMUSH.Library.Models.SharpPlayer, *System.String: -1*, <null>, *Announce*)
  	Notify(SharpMUSH.Library.Models.SharpPlayer: SharpMUSH.Library.Models.SharpPlayer, *System.String: -1*, <null>, *Announce*)
  	Notify(SharpMUSH.Library.Models.SharpPlayer: SharpMUSH.Library.Models.SharpPlayer, *System.String: -1*, <null>, *Announce*)
  	Notify(SharpMUSH.Library.Models.SharpPlayer: SharpMUSH.Library.Models.SharpPlayer, *System.String: -1*, <null>, *Announce*)
  	Notify(SharpMUSH.Library.Models.SharpPlayer: SharpMUSH.Library.Models.SharpPlayer, *System.String: -1*, <null>, *Announce*)
  	Notify(SharpMUSH.Library.Models.SharpPlayer: SharpMUSH.Library.Models.SharpPlayer, *System.String: -1*, <null>, *Announce*)
  	Notify(SharpMUSH.Library.Models.SharpPlayer: SharpMUSH.Library.Models.SharpPlayer, *System.String: -1*, <null>, *Announce*)
  	Notify(SharpMUSH.Library.Models.SharpPlayer: SharpMUSH.Library.Models.SharpPlayer, *System.String: -1*, <null>, *Announce*)
  	Notify(SharpMUSH.Library.Models.SharpPlayer: SharpMUSH.Library.Models.SharpPlayer, *System.String: -1*, <null>, *Announce*)
  	Notify(SharpMUSH.Library.Models.SharpPlayer: SharpMUSH.Library.Models.SharpPlayer, *System.String: -1*, <null>, *Announce*)
  	Notify(SharpMUSH.Library.Models.SharpPlayer: SharpMUSH.Library.Models.SharpPlayer, *System.String: -1*, <null>, *Announce*)
  	Notify(SharpMUSH.Library.Models.SharpPlayer: SharpMUSH.Library.Models.SharpPlayer, *System.String: -1*, <null>, *Announce*)
  	Notify(SharpMUSH.Library.Models.SharpPlayer: SharpMUSH.Library.Models.SharpPlayer, *System.String: -1*, <null>, *Announce*)
  	Notify(SharpMUSH.Library.Models.SharpPlayer: SharpMUSH.Library.Models.SharpPlayer, *System.String: -1*, <null>, *Announce*)
  	Notify(SharpMUSH.Library.Models.SharpPlayer: SharpMUSH.Library.Models.SharpPlayer, *System.String: -1*, <null>, *Announce*)
  	Notify(SharpMUSH.Library.Models.SharpPlayer: SharpMUSH.Library.Models.SharpPlayer, *System.String: -1*, <null>, *Announce*)
  	Notify(SharpMUSH.Library.Models.SharpPlayer: SharpMUSH.Library.Models.SharpPlayer, *System.String: -1*, <null>, *Announce*)
  	Notify(SharpMUSH.Library.Models.SharpPlayer: SharpMUSH.Library.Models.SharpPlayer, *System.String: -1*, <null>, *Announce*)
  	Notify(SharpMUSH.Library.Models.SharpPlayer: SharpMUSH.Library.Models.SharpPlayer, *System.String: -1*, <null>, *Announce*)
  	Notify(SharpMUSH.Library.Models.SharpPlayer: SharpMUSH.Library.Models.SharpPlayer, *System.String: -1*, <null>, *Announce*)
  	Notify(SharpMUSH.Library.Models.SharpPlayer: SharpMUSH.Library.Models.SharpPlayer, *System.String: -1*, <null>, *Announce*)
  	Notify(SharpMUSH.Library.Models.SharpPlayer: SharpMUSH.Library.Models.SharpPlayer, *System.String: -1*, <null>, *Announce*)
  	Notify(SharpMUSH.Library.Models.SharpPlayer: SharpMUSH.Library.Models.SharpPlayer, *System.String: -1*, <null>, *Announce*)
  	Notify(SharpMUSH.Library.Models.SharpPlayer: SharpMUSH.Library.Models.SharpPlayer, *System.String: -1*, <null>, *Announce*)
  	Notify(SharpMUSH.Library.Models.SharpPlayer: SharpMUSH.Library.Models.SharpPlayer, *System.String: -1*, <null>, *Announce*)
  	Notify(SharpMUSH.Library.Models.SharpPlayer: SharpMUSH.Library.Models.SharpPlayer, *System.String: -1*, <null>, *Announce*)
  	Notify(SharpMUSH.Library.Models.SharpPlayer: SharpMUSH.Library.Models.SharpPlayer, *System.String: -1*, <null>, *Announce*)
  	Notify(SharpMUSH.Library.Models.SharpPlayer: SharpMUSH.Library.Models.SharpPlayer, *System.String: -1*, <null>, *Announce*)
  	Notify(SharpMUSH.Library.Models.SharpPlayer: SharpMUSH.Library.Models.SharpPlayer, *System.String: -1*, <null>, *Announce*)
  	Notify(SharpMUSH.Library.Models.SharpPlayer: SharpMUSH.Library.Models.SharpPlayer, *System.String: -1*, <null>, *Announce*)
  	Notify(SharpMUSH.Library.Models.SharpPlayer: SharpMUSH.Library.Models.SharpPlayer, *System.String: -1*, <null>, *Announce*)
  	Notify(SharpMUSH.Library.Models.SharpPlayer: SharpMUSH.Library.Models.SharpPlayer, *System.String: -1*, <null>, *Announce*)
  	Notify(SharpMUSH.Library.Models.SharpPlayer: SharpMUSH.Library.Models.SharpPlayer, *System.String: -1*, <null>, *Announce*)
  	Notify(SharpMUSH.Library.Models.SharpPlayer: SharpMUSH.Library.Models.SharpPlayer, *System.String: -1*, <null>, *Announce*)
  	Notify(SharpMUSH.Library.Models.SharpPlayer: SharpMUSH.Library.Models.SharpPlayer, *System.String: -1*, <null>, *Announce*)
  	Notify(SharpMUSH.Library.Models.SharpPlayer: SharpMUSH.Library.Models.SharpPlayer, *System.String: -1*, <null>, *Announce*)
  	Notify(SharpMUSH.Library.Models.SharpPlayer: SharpMUSH.Library.Models.SharpPlayer, *System.String: -1*, <null>, *Announce*)
  	Notify(SharpMUSH.Library.Models.SharpPlayer: SharpMUSH.Library.Models.SharpPlayer, *System.String: -1*, <null>, *Announce*)
  	Notify(SharpMUSH.Library.Models.SharpPlayer: SharpMUSH.Library.Models.SharpPlayer, *System.String: -1*, <null>, *Announce*)
  	Notify(SharpMUSH.Library.Models.SharpPlayer: SharpMUSH.Library.Models.SharpPlayer, *System.String: -1*, <null>, *Announce*)
  	Notify(SharpMUSH.Library.Models.SharpPlayer: SharpMUSH.Library.Models.SharpPlayer, *System.String: -1*, <null>, *Announce*)
  	Notify(SharpMUSH.Library.Models.SharpPlayer: SharpMUSH.Library.Models.SharpPlayer, *System.String: -1*, <null>, *Announce*)
  	Notify(SharpMUSH.Library.Models.SharpPlayer: SharpMUSH.Library.Models.SharpPlayer, *System.String: -1*, <null>, *Announce*)
  	Notify(SharpMUSH.Library.Models.SharpPlayer: SharpMUSH.Library.Models.SharpPlayer, *System.String: -1*, <null>, *Announce*)
  	Notify(SharpMUSH.Library.Models.SharpPlayer: SharpMUSH.Library.Models.SharpPlayer, *System.String: -1*, <null>, *Announce*)
  	Notify(SharpMUSH.Library.Models.SharpPlayer: SharpMUSH.Library.Models.SharpPlayer, *System.String: -1*, <null>, *Announce*)
  	Notify(SharpMUSH.Library.Models.SharpPlayer: SharpMUSH.Library.Models.SharpPlayer, *System.String: -1*, <null>, *Announce*)
  	Notify(SharpMUSH.Library.Models.SharpPlayer: SharpMUSH.Library.Models.SharpPlayer, *System.String: -1*, <null>, *Announce*)
  	Notify(SharpMUSH.Library.Models.SharpPlayer: SharpMUSH.Library.Models.SharpPlayer, *System.String: -1*, <null>, *Announce*)
  	Notify(SharpMUSH.Library.Models.SharpPlayer: SharpMUSH.Library.Models.SharpPlayer, *System.String: -1*, <null>, *Announce*)
  	Notify(SharpMUSH.Library.Models.SharpPlayer: SharpMUSH.Library.Models.SharpPlayer, *System.String: -1*, <null>, *Announce*)
  	Notify(SharpMUSH.Library.Models.SharpPlayer: SharpMUSH.Library.Models.SharpPlayer, *System.String: -1*, <null>, *Announce*)
  	Notify(SharpMUSH.Library.Models.SharpPlayer: SharpMUSH.Library.Models.SharpPlayer, *System.String: -1*, <null>, *Announce*)
  	Notify(SharpMUSH.Library.Models.SharpPlayer: SharpMUSH.Library.Models.SharpPlayer, *System.String: -1*, <null>, *Announce*)
  	Notify(SharpMUSH.Library.Models.SharpPlayer: SharpMUSH.Library.Models.SharpPlayer, *System.String: -1*, <null>, *Announce*)
  	Notify(SharpMUSH.Library.Models.SharpPlayer: SharpMUSH.Library.Models.SharpPlayer, *System.String: -1*, <null>, *Announce*)
  	Notify(SharpMUSH.Library.Models.SharpPlayer: SharpMUSH.Library.Models.SharpPlayer, *System.String: -1*, <null>, *Announce*)
  	Notify(SharpMUSH.Library.Models.SharpPlayer: SharpMUSH.Library.Models.SharpPlayer, *System.String: -1*, <null>, *Announce*)
  	Notify(SharpMUSH.Library.Models.SharpPlayer: SharpMUSH.Library.Models.SharpPlayer, *System.String: -1*, <null>, *Announce*)
  	Notify(SharpMUSH.Library.Models.SharpPlayer: SharpMUSH.Library.Models.SharpPlayer, *System.String: -1*, <null>, *Announce*)
  	Notify(SharpMUSH.Library.Models.SharpPlayer: SharpMUSH.Library.Models.SharpPlayer, *System.String: -1*, <null>, *Announce*)
  	Notify(SharpMUSH.Library.Models.SharpPlayer: SharpMUSH.Library.Models.SharpPlayer, *System.String: -1*, <null>, *Announce*)
  	Notify(SharpMUSH.Library.Models.SharpPlayer: SharpMUSH.Library.Models.SharpPlayer, *System.String: -1*, <null>, *Announce*)
  	Notify(SharpMUSH.Library.Models.SharpPlayer: SharpMUSH.Library.Models.SharpPlayer, *System.String: -1*, <null>, *Announce*)
  	Notify(SharpMUSH.Library.Models.SharpPlayer: SharpMUSH.Library.Models.SharpPlayer, *System.String: -1*, <null>, *Announce*)
  	Notify(SharpMUSH.Library.Models.SharpPlayer: SharpMUSH.Library.Models.SharpPlayer, *System.String: -1*, <null>, *Announce*)
  	Notify(SharpMUSH.Library.Models.SharpPlayer: SharpMUSH.Library.Models.SharpPlayer, *System.String: -1*, <null>, *Announce*)
  	Notify(SharpMUSH.Library.Models.SharpPlayer: SharpMUSH.Library.Models.SharpPlayer, *System.String: -1*, <null>, *Announce*)
  	Notify(SharpMUSH.Library.Models.SharpPlayer: SharpMUSH.Library.Models.SharpPlayer, *System.String: -1*, <null>, *Announce*)
  	Notify(SharpMUSH.Library.Models.SharpPlayer: SharpMUSH.Library.Models.SharpPlayer, *System.String: -1*, <null>, *Announce*)
  	Notify(SharpMUSH.Library.Models.SharpPlayer: SharpMUSH.Library.Models.SharpPlayer, *System.String: -1*, <null>, *Announce*)
  	Notify(SharpMUSH.Library.Models.SharpPlayer: SharpMUSH.Library.Models.SharpPlayer, *System.String: -1*, <null>, *Announce*)
  	Notify(SharpMUSH.Library.Models.SharpPlayer: SharpMUSH.Library.Models.SharpPlayer, *System.String: -1*, <null>, *Announce*)
  	Notify(SharpMUSH.Library.Models.SharpPlayer: SharpMUSH.Library.Models.SharpPlayer, *System.String: -1*, <null>, *Announce*)
  	Notify(SharpMUSH.Library.Models.SharpPlayer: SharpMUSH.Library.Models.SharpPlayer, *System.String: -1*, <null>, *Announce*)
  	Notify(SharpMUSH.Library.Models.SharpPlayer: SharpMUSH.Library.Models.SharpPlayer, *System.String: -1*, <null>, *Announce*)
  	Notify(SharpMUSH.Library.Models.SharpPlayer: SharpMUSH.Library.Models.SharpPlayer, *System.String: -1*, <null>, *Announce*)
  	Notify(SharpMUSH.Library.Models.SharpPlayer: SharpMUSH.Library.Models.SharpPlayer, *System.String: -1*, <null>, *Announce*)
  	Notify(SharpMUSH.Library.Models.SharpPlayer: SharpMUSH.Library.Models.SharpPlayer, *System.String: -1*, <null>, *Announce*)
  	Notify(SharpMUSH.Library.Models.SharpPlayer: SharpMUSH.Library.Models.SharpPlayer, *System.String: Command1 Arg*, <null>, *Announce*)
  	Notify(SharpMUSH.Library.Models.SharpPlayer: SharpMUSH.Library.Models.SharpPlayer, *System.String: Command2 Arg*, <null>, *Announce*)
  	Notify(SharpMUSH.Library.Models.SharpPlayer: SharpMUSH.Library.Models.SharpPlayer, *System.String: 32*, <null>, *Announce*)
  	Notify(SharpMUSH.Library.Models.SharpPlayer: SharpMUSH.Library.Models.SharpPlayer, *System.String: [1;31mred[0m*, <null>, *Announce*)
  	Notify(SharpMUSH.Library.Models.SharpPlayer: SharpMUSH.Library.Models.SharpPlayer, *System.String: [1;32mgreen[0m*, <null>, *Announce*)
  	Notify(SharpMUSH.Library.Models.SharpPlayer: SharpMUSH.Library.Models.SharpPlayer, *System.String: 36*, <null>, *Announce*)
  	Notify(SharpMUSH.Library.Models.SharpPlayer: SharpMUSH.Library.Models.SharpPlayer, *System.String: 57*, <null>, *Announce*)
  	Notify(SharpMUSH.Library.Models.SharpPlayer: SharpMUSH.Library.Models.SharpPlayer, *System.String: Command3 Arg*, <null>, *Announce*)
  	Notify(SharpMUSH.Library.Models.SharpPlayer: SharpMUSH.Library.Models.SharpPlayer, *System.String: Command4 Arg.*, <null>, *Announce*)
  	Notify(SharpMUSH.Library.Models.SharpPlayer: SharpMUSH.Library.Models.SharpPlayer, *System.String: 34*, <null>, *Announce*)
  	Notify(SharpMUSH.Library.Models.SharpPlayer: SharpMUSH.Library.Models.SharpPlayer, *System.String: 55*, <null>, *Announce*)
  	Notify(SharpMUSH.Library.Models.SharpPlayer: SharpMUSH.Library.Models.SharpPlayer, *System.String: [add(1,2)]3*, <null>, *Announce*)
  	Notify(SharpMUSH.Library.Models.SharpPlayer: SharpMUSH.Library.Models.SharpPlayer, *System.String: 31*, <null>, *Announce*)
  	Notify(SharpMUSH.Library.Models.SharpPlayer: SharpMUSH.Library.Models.SharpPlayer, *System.String: Command1 Arg;think Command2 Arg*, <null>, *Announce*)
  	Notify(SharpMUSH.Library.Models.SharpPlayer: SharpMUSH.Library.Models.SharpPlayer, *System.String: Configuration Categories:*, <null>, *Announce*)
  	Notify(SharpMUSH.Library.Models.SharpPlayer: SharpMUSH.Library.Models.SharpPlayer, *System.String:   Attribute*, <null>, *Announce*)
  	Notify(SharpMUSH.Library.Models.SharpPlayer: SharpMUSH.Library.Models.SharpPlayer, *System.String:   Chat*, <null>, *Announce*)
  	Notify(SharpMUSH.Library.Models.SharpPlayer: SharpMUSH.Library.Models.SharpPlayer, *System.String:   Command*, <null>, *Announce*)
  	Notify(SharpMUSH.Library.Models.SharpPlayer: SharpMUSH.Library.Models.SharpPlayer, *System.String:   Compatibility*, <null>, *Announce*)
  	Notify(SharpMUSH.Library.Models.SharpPlayer: SharpMUSH.Library.Models.SharpPlayer, *System.String:   Cosmetic*, <null>, *Announce*)
  	Notify(SharpMUSH.Library.Models.SharpPlayer: SharpMUSH.Library.Models.SharpPlayer, *System.String:   Cost*, <null>, *Announce*)
  	Notify(SharpMUSH.Library.Models.SharpPlayer: SharpMUSH.Library.Models.SharpPlayer, *System.String:   Database*, <null>, *Announce*)
  	Notify(SharpMUSH.Library.Models.SharpPlayer: SharpMUSH.Library.Models.SharpPlayer, *System.String:   Dump*, <null>, *Announce*)
  	Notify(SharpMUSH.Library.Models.SharpPlayer: SharpMUSH.Library.Models.SharpPlayer, *System.String:   File*, <null>, *Announce*)
  	Notify(SharpMUSH.Library.Models.SharpPlayer: SharpMUSH.Library.Models.SharpPlayer, *System.String:   Flag*, <null>, *Announce*)
  	Notify(SharpMUSH.Library.Models.SharpPlayer: SharpMUSH.Library.Models.SharpPlayer, *System.String:   Function*, <null>, *Announce*)
  	Notify(SharpMUSH.Library.Models.SharpPlayer: SharpMUSH.Library.Models.SharpPlayer, *System.String:   Limit*, <null>, *Announce*)
  	Notify(SharpMUSH.Library.Models.SharpPlayer: SharpMUSH.Library.Models.SharpPlayer, *System.String:   Log*, <null>, *Announce*)
  	Notify(SharpMUSH.Library.Models.SharpPlayer: SharpMUSH.Library.Models.SharpPlayer, *System.String:   Message*, <null>, *Announce*)
  	Notify(SharpMUSH.Library.Models.SharpPlayer: SharpMUSH.Library.Models.SharpPlayer, *System.String:   Net*, <null>, *Announce*)
  	Notify(SharpMUSH.Library.Models.SharpPlayer: SharpMUSH.Library.Models.SharpPlayer, *System.String:   Debug*, <null>, *Announce*)
  	Notify(SharpMUSH.Library.Models.SharpPlayer: SharpMUSH.Library.Models.SharpPlayer, *System.String:   Alias*, <null>, *Announce*)
  	Notify(SharpMUSH.Library.Models.SharpPlayer: SharpMUSH.Library.Models.SharpPlayer, *System.String:   Restriction*, <null>, *Announce*)
  	Notify(SharpMUSH.Library.Models.SharpPlayer: SharpMUSH.Library.Models.SharpPlayer, *System.String:   BannedNames*, <null>, *Announce*)
  	Notify(SharpMUSH.Library.Models.SharpPlayer: SharpMUSH.Library.Models.SharpPlayer, *System.String:   SitelockRules*, <null>, *Announce*)
  	Notify(SharpMUSH.Library.Models.SharpPlayer: SharpMUSH.Library.Models.SharpPlayer, *System.String:   Warning*, <null>, *Announce*)
  	Notify(SharpMUSH.Library.Models.SharpPlayer: SharpMUSH.Library.Models.SharpPlayer, *System.String:   TextFile*, <null>, *Announce*)
  	Notify(SharpMUSH.Library.Models.SharpPlayer: SharpMUSH.Library.Models.SharpPlayer, *System.String: Use '@config <category>' to see options in a category.*, <null>, *Announce*)
  	Notify(SharpMUSH.Library.Models.SharpPlayer: SharpMUSH.Library.Models.SharpPlayer, *System.String: Use '@config <option>' to see the value of an option.*, <null>, *Announce*)
  	Notify(SharpMUSH.Library.Models.SharpPlayer: SharpMUSH.Library.Models.SharpPlayer, *System.String: Options in Net:*, <null>, *Announce*)
  	Notify(SharpMUSH.Library.Models.SharpPlayer: SharpMUSH.Library.Models.SharpPlayer, *System.String:   guests: True*, <null>, *Announce*)
  	Notify(SharpMUSH.Library.Models.SharpPlayer: SharpMUSH.Library.Models.SharpPlayer, *System.String:   ip_addr: null*, <null>, *Announce*)
  	Notify(SharpMUSH.Library.Models.SharpPlayer: SharpMUSH.Library.Models.SharpPlayer, *System.String:   json_unsafe_unescape: False*, <null>, *Announce*)
  	Notify(SharpMUSH.Library.Models.SharpPlayer: SharpMUSH.Library.Models.SharpPlayer, *System.String:   logins: True*, <null>, *Announce*)
  	Notify(SharpMUSH.Library.Models.SharpPlayer: SharpMUSH.Library.Models.SharpPlayer, *System.String:   mud_name: PennMUSH Emulation by SharpMUSH*, <null>, *Announce*)
  	Notify(SharpMUSH.Library.Models.SharpPlayer: SharpMUSH.Library.Models.SharpPlayer, *System.String:   mud_url: null*, <null>, *Announce*)
  	Notify(SharpMUSH.Library.Models.SharpPlayer: SharpMUSH.Library.Models.SharpPlayer, *System.String:   player_creation: True*, <null>, *Announce*)
  	Notify(SharpMUSH.Library.Models.SharpPlayer: SharpMUSH.Library.Models.SharpPlayer, *System.String:   port: 4203*, <null>, *Announce*)
  	Notify(SharpMUSH.Library.Models.SharpPlayer: SharpMUSH.Library.Models.SharpPlayer, *System.String:   portal_port: 5117*, <null>, *Announce*)
  	Notify(SharpMUSH.Library.Models.SharpPlayer: SharpMUSH.Library.Models.SharpPlayer, *System.String:   pueblo: False*, <null>, *Announce*)
  	Notify(SharpMUSH.Library.Models.SharpPlayer: SharpMUSH.Library.Models.SharpPlayer, *System.String:   socket_file: data/netmush.sock*, <null>, *Announce*)
  	Notify(SharpMUSH.Library.Models.SharpPlayer: SharpMUSH.Library.Models.SharpPlayer, *System.String:   sql_database: mush*, <null>, *Announce*)
  	Notify(SharpMUSH.Library.Models.SharpPlayer: SharpMUSH.Library.Models.SharpPlayer, *System.String:   sql_host: 127.0.0.1*, <null>, *Announce*)
  	Notify(SharpMUSH.Library.Models.SharpPlayer: SharpMUSH.Library.Models.SharpPlayer, *System.String:   sql_password: mush*, <null>, *Announce*)
  	Notify(SharpMUSH.Library.Models.SharpPlayer: SharpMUSH.Library.Models.SharpPlayer, *System.String:   sql_platform: disabled*, <null>, *Announce*)
  	Notify(SharpMUSH.Library.Models.SharpPlayer: SharpMUSH.Library.Models.SharpPlayer, *System.String:   sql_username: mush*, <null>, *Announce*)
  	Notify(SharpMUSH.Library.Models.SharpPlayer: SharpMUSH.Library.Models.SharpPlayer, *System.String:   ssl_ip_addr: null*, <null>, *Announce*)
  	Notify(SharpMUSH.Library.Models.SharpPlayer: SharpMUSH.Library.Models.SharpPlayer, *System.String:   ssl_port: 0*, <null>, *Announce*)
  	Notify(SharpMUSH.Library.Models.SharpPlayer: SharpMUSH.Library.Models.SharpPlayer, *System.String:   ssl_portal_port: 7296*, <null>, *Announce*)
  	Notify(SharpMUSH.Library.Models.SharpPlayer: SharpMUSH.Library.Models.SharpPlayer, *System.String:   ssl_require_clientcert: False*, <null>, *Announce*)
  	Notify(SharpMUSH.Library.Models.SharpPlayer: SharpMUSH.Library.Models.SharpPlayer, *System.String:   use_dns: True*, <null>, *Announce*)
  	Notify(SharpMUSH.Library.Models.SharpPlayer: SharpMUSH.Library.Models.SharpPlayer, *System.String:   use_ws: True*, <null>, *Announce*)
  	Notify(SharpMUSH.Library.Models.SharpPlayer: SharpMUSH.Library.Models.SharpPlayer, *System.String:   ws_url: /wsclient*, <null>, *Announce*)
  	Notify(SharpMUSH.Library.Models.SharpPlayer: SharpMUSH.Library.Models.SharpPlayer, *System.String: Attribute DOING SET.*, SharpMUSH.Library.Models.SharpPlayer: SharpMUSH.Library.Models.SharpPlayer, *Announce*)
  	Notify(SharpMUSH.Library.Models.SharpPlayer: SharpMUSH.Library.Models.SharpPlayer, *System.String: No configuration category or option named 'test_string_CONFIG_invalid_option'.*, <null>, *Announce*)
  	Notify(SharpMUSH.Library.Models.SharpPlayer: SharpMUSH.Library.Models.SharpPlayer, *System.String: Attribute MONIKER SET.*, SharpMUSH.Library.Models.SharpPlayer: SharpMUSH.Library.Models.SharpPlayer, *Announce*)
  	Notify(SharpMUSH.Library.Models.SharpPlayer: SharpMUSH.Library.Models.SharpPlayer, *System.String: Moniker set.*, <null>, *Announce*)
  	Notify(SharpMUSH.Library.Models.SharpPlayer: SharpMUSH.Library.Models.SharpPlayer, *System.String: Usage: @motd[/<type>] <message>*, <null>, *Announce*)
  	Notify(SharpMUSH.Library.Models.SharpPlayer: SharpMUSH.Library.Models.SharpPlayer, *System.String: Current Message of the Day settings:*, <null>, *Announce*)
  	Notify(SharpMUSH.Library.Models.SharpPlayer: SharpMUSH.Library.Models.SharpPlayer, *System.String:   Connect MOTD File: txt/motd.txt*, <null>, *Announce*)
  	Notify(SharpMUSH.Library.Models.SharpPlayer: SharpMUSH.Library.Models.SharpPlayer, *System.String:   Connect MOTD HTML: txt/motd.html*, <null>, *Announce*)
  	Notify(SharpMUSH.Library.Models.SharpPlayer: SharpMUSH.Library.Models.SharpPlayer, *System.String:   Wizard MOTD File: txt/wizmotd.txt*, <null>, *Announce*)
  	Notify(SharpMUSH.Library.Models.SharpPlayer: SharpMUSH.Library.Models.SharpPlayer, *System.String:   Wizard MOTD HTML: txt/wizmotd.html*, <null>, *Announce*)
  	Notify(SharpMUSH.Library.Models.SharpPlayer: SharpMUSH.Library.Models.SharpPlayer, *System.String: *, <null>, *Announce*)
  	Notify(SharpMUSH.Library.Models.SharpPlayer: SharpMUSH.Library.Models.SharpPlayer, *System.String: Temporary Message of the Day (cleared on restart):*, <null>, *Announce*)
  	Notify(SharpMUSH.Library.Models.SharpPlayer: SharpMUSH.Library.Models.SharpPlayer, *System.String:   Connect MOTD: (not set)*, <null>, *Announce*)
  	Notify(SharpMUSH.Library.Models.SharpPlayer: SharpMUSH.Library.Models.SharpPlayer, *System.String:   Wizard MOTD:  (not set)*, <null>, *Announce*)
  	Notify(SharpMUSH.Library.Models.SharpPlayer: SharpMUSH.Library.Models.SharpPlayer, *System.String:   Down MOTD:    (not set)*, <null>, *Announce*)
  	Notify(SharpMUSH.Library.Models.SharpPlayer: SharpMUSH.Library.Models.SharpPlayer, *System.String:   Full MOTD:    (not set)*, <null>, *Announce*)
  	Notify(SharpMUSH.Library.Models.SharpPlayer: SharpMUSH.Library.Models.SharpPlayer, *System.String: Usage: @wizmotd <message>*, <null>, *Announce*)
  	Notify(SharpMUSH.Library.Models.SharpPlayer: SharpMUSH.Library.Models.SharpPlayer, *System.String: Usage: @rejectmotd <message>*, <null>, *Announce*)
  	Notify(SharpMUSH.Library.Models.SharpPlayer: SharpMUSH.Library.Models.SharpPlayer, *System.String: mud_name: PennMUSH Emulation by SharpMUSH*, <null>, *Announce*)
  	Notify(SharpMUSH.Library.Models.SharpPlayer: SharpMUSH.Library.Models.SharpPlayer, *System.String:   Description: Name of your MUSH as displayed to players*, <null>, *Announce*)
  	Notify(SharpMUSH.Library.Models.SharpPlayer: SharpMUSH.Library.Models.SharpPlayer, *System.String:   Category: Net*, <null>, *Announce*)
  	Notify(SharpMUSH.Library.Models.SharpPlayer: SharpMUSH.Library.Models.SharpPlayer, *System.String: Player Name            On For   Idle  Doing                           
  God                        3s     0s  Test activity                   
  1 players logged in.*, <null>, *Announce*)
  	Notify(SharpMUSH.Library.Models.SharpPlayer: SharpMUSH.Library.Models.SharpPlayer, *System.String: @enable is equivalent to @config/set noisy_whisper=yes*, <null>, *Announce*)
  	Notify(SharpMUSH.Library.Models.SharpPlayer: SharpMUSH.Library.Models.SharpPlayer, *System.String: Runtime configuration modification is not yet implemented. Changes require server restart.*, <null>, *Announce*)
  	Notify(SharpMUSH.Library.Models.SharpPlayer: SharpMUSH.Library.Models.SharpPlayer, *System.String: Current value: noisy_whisper=False*, <null>, *Announce*)
  	Notify(SharpMUSH.Library.Models.SharpPlayer: SharpMUSH.Library.Models.SharpPlayer, *System.String: Option 'probate_judge' is not a boolean option. Use @config/set instead.*, <null>, *Announce*)
  	Notify(SharpMUSH.Library.Models.SharpPlayer: SharpMUSH.Library.Models.SharpPlayer, *System.String: Usage: @enable <option>*, <null>, *Announce*)
  	Notify(SharpMUSH.Library.Models.SharpPlayer: SharpMUSH.Library.Models.SharpPlayer, *System.String: Usage: @disable <option>*, <null>, *Announce*)
  	Notify(SharpMUSH.Library.Models.SharpPlayer: SharpMUSH.Library.Models.SharpPlayer, *System.String: Player Name            On For   Idle  Doing                           
  
  0 players logged in.*, <null>, *Announce*)
  	Notify(SharpMUSH.Library.Models.SharpPlayer: SharpMUSH.Library.Models.SharpPlayer, *System.String: No configuration option named 'test_string_DISABLE_invalid_option_xyz'.*, <null>, *Announce*)
  	Notify(SharpMUSH.Library.Models.SharpPlayer: SharpMUSH.Library.Models.SharpPlayer, *System.String: No configuration option named 'test_string_ENABLE_invalid_option_xyz'.*, <null>, *Announce*)
  	Notify(SharpMUSH.Library.Models.SharpPlayer: SharpMUSH.Library.Models.SharpPlayer, *System.String: @disable is equivalent to @config/set noisy_whisper=no*, <null>, *Announce*)
  	Notify(SharpMUSH.Library.Models.SharpPlayer: SharpMUSH.Library.Models.SharpPlayer, *System.String: Runtime configuration modification is not yet implemented. Changes require server restart.*, <null>, *Announce*)
  	Notify(SharpMUSH.Library.Models.SharpPlayer: SharpMUSH.Library.Models.SharpPlayer, *System.String: Current value: noisy_whisper=False*, <null>, *Announce*)
  	Notify(SharpMUSH.Library.Models.SharpPlayer: SharpMUSH.Library.Models.SharpPlayer, *System.String: Option 'mud_name' is not a boolean option. Use @config/set instead.*, <null>, *Announce*)
  	Notify(SharpMUSH.Library.Models.SharpPlayer: SharpMUSH.Library.Models.SharpPlayer, *System.String: Power 'TEST_POWER_E9AB9A3B' created with alias 'TPOW'.*, <null>, *Announce*)
  	Notify(SharpMUSH.Library.Models.SharpPlayer: SharpMUSH.Library.Models.SharpPlayer, *System.String: Object Powers:
  Name                 Alias              Type Restrictions
  -------------------- ------------------ -------------------
  Announce                                ROOM,PLAYER,EXIT,THING
  Boot                                    ROOM,PLAYER,EXIT,THING
  Builder                                 ROOM,PLAYER,EXIT,THING
  Can_Dark                                PLAYER
  Can_HTTP                                ROOM,PLAYER,EXIT,THING
  Can_Spoof                               ROOM,PLAYER,EXIT,THING
  Chat_Privs                              ROOM,PLAYER,EXIT,THING
  Debit                                   ROOM,PLAYER,EXIT,THING
  Functions                               ROOM,PLAYER,EXIT,THING
  Guest                                   ROOM,PLAYER,EXIT,THING
  Halt                                    ROOM,PLAYER,EXIT,THING
  Hide                                    ROOM,PLAYER,EXIT,THING
  Hook                                    ROOM,PLAYER,EXIT,THING
  Idle                                    ROOM,PLAYER,EXIT,THING
  Immortal                                ROOM,PLAYER,EXIT,THING
  Link_Anywhere                           ROOM,PLAYER,EXIT,THING
  Login                                   ROOM,PLAYER,EXIT,THING
  Long_Fingers                            ROOM,PLAYER,EXIT,THING
  Many_Attribs                            ROOM,PLAYER,EXIT,THING
  No_Pay                                  ROOM,PLAYER,EXIT,THING
  No_Quota                                ROOM,PLAYER,EXIT,THING
  Open_Anywhere                           ROOM,PLAYER,EXIT,THING
  Pemit_All                               ROOM,PLAYER,EXIT,THING
  Pick_DBRefs                             ROOM,PLAYER,EXIT,THING
  Player_Create                           ROOM,PLAYER,EXIT,THING
  Poll                                    ROOM,PLAYER,EXIT,THING
  Pueblo_Send                             ROOM,PLAYER,EXIT,THING
  Queue                                   ROOM,PLAYER,EXIT,THING
  Search                                  ROOM,PLAYER,EXIT,THING
  See_All                                 ROOM,PLAYER,EXIT,THING
  See_Queue                               ROOM,PLAYER,EXIT,THING
  See_OOB                                 ROOM,PLAYER,EXIT,THING
  SQL_OK                                  ROOM,PLAYER,EXIT,THING
  Tport_Anything                          ROOM,PLAYER,EXIT,THING
  Tport_Anywhere                          ROOM,PLAYER,EXIT,THING
  Unkillable                              ROOM,PLAYER,EXIT,THING*, <null>, *Announce*)
  	Notify(SharpMUSH.Library.Models.SharpPlayer: SharpMUSH.Library.Models.SharpPlayer, *System.String: Object Flags:
  Name                 Symbol Type Restrictions
  -------------------- ------ -------------------
  WIZARD               W      ROOM,PLAYER,EXIT,THING
  ABODE                A      ROOM
  ANSI                 A      PLAYER
  CHOWN_OK             C      ROOM,PLAYER,THING
  COLOR                C      PLAYER
  DARK                 D      ROOM,PLAYER,EXIT,THING
  FIXED                F      PLAYER
  FLOATING             F      ROOM
  HAVEN                H      PLAYER
  TRUST                I      ROOM,PLAYER,EXIT,THING
  JUDGE                J      PLAYER
  JUMP_OK              J      ROOM
  LINK_OK              L      ROOM,PLAYER,EXIT,THING
  MONITOR              M      ROOM,PLAYER,THING
  NO_LEAVE             N      THING
  NO_TEL               N      ROOM
  OPAQUE               O      ROOM,PLAYER,EXIT,THING
  QUIET                Q      ROOM,PLAYER,EXIT,THING
  UNFINDABLE           U      ROOM,PLAYER,EXIT,THING
  VISUAL               V      ROOM,PLAYER,EXIT,THING
  SAFE                 X      ROOM,PLAYER,EXIT,THING
  SHARED               Z      PLAYER
  Z_TEL                Z      ROOM,THING
  LISTEN_PARENT        ^      PLAYER,THING,ROOM
  NOACCENTS            ~      PLAYER,THING,ROOM
  UNREGISTERED         ?      PLAYER
  NOSPOOF              "      ROOM,PLAYER,EXIT,THING
  AUDIBLE              a      ROOM,PLAYER,EXIT,THING
  DEBUG                b      ROOM,PLAYER,EXIT,THING
  DESTROY_OK           d      THING
  ENTER_OK             e      ROOM,PLAYER,EXIT,THING
  GAGGED               g      PLAYER
  HALT                 h      ROOM,PLAYER,EXIT,THING
  ORPHAN               i      ROOM,PLAYER,EXIT,THING
  JURY_OK              j      PLAYER
  KEEPALIVE            k      PLAYER
  LIGHT                l      ROOM,PLAYER,EXIT,THING
  MISTRUST             m      PLAYER,EXIT,THING
  MISTRUST             m      PLAYER,EXIT,THING
  NO_COMMAND           n      ROOM,PLAYER,EXIT,THING
  ON_VACATION          o      PLAYER
  PUPPET               P      THING
  ROYALTY              r      ROOM,PLAYER,EXIT,THING
  SUSPECT              s      ROOM,PLAYER,EXIT,THING
  TRANSPARENT          t      ROOM,PLAYER,EXIT,THING
  VERBOSE              v      ROOM,PLAYER,EXIT,THING
  NO_WARN              w      ROOM,PLAYER,EXIT,THING
  CLOUDY               x      EXIT
  CHAN_USEFIRSTMATCH          ROOM,PLAYER,EXIT,THING
  HEAR_CONNECT                PLAYER
  HEAVY                       ROOM,PLAYER,EXIT,THING
  LOUD                        PLAYER
  NO_LOG                      PLAYER
  PARANOID                    PLAYER
  TRACK_MONEY                 PLAYER
  XTERM256                    PLAYER
  MONIKER                     ROOM,PLAYER,EXIT,THING
  OPEN_OK                     ROOM
  GOING                g      ROOM,PLAYER,EXIT,THING
  GOING_TWICE                 ROOM,PLAYER,EXIT,THING*, <null>, *Announce*)
  	Notify(SharpMUSH.Library.Models.SharpPlayer: SharpMUSH.Library.Models.SharpPlayer, *System.String: Flag 'TEST_FLAG_36F4C586' created with symbol 'T'.*, <null>, *Announce*)
  	Notify(SharpMUSH.Library.Models.SharpPlayer: SharpMUSH.Library.Models.SharpPlayer, *System.String: Flag 'TEST_FLAG_EF8D1235' created with symbol 'T'.*, <null>, *Announce*)
  	Notify(SharpMUSH.Library.Models.SharpPlayer: SharpMUSH.Library.Models.SharpPlayer, *System.String: Flag 'TEST_FLAG_7EE4E12F' created with symbol 'T'.*, <null>, *Announce*)
  	Notify(SharpMUSH.Library.Models.SharpPlayer: SharpMUSH.Library.Models.SharpPlayer, *System.String: Flag 'TEST_FLAG_7EE4E12F' already exists.*, <null>, *Announce*)
  	Notify(SharpMUSH.Library.Models.SharpPlayer: SharpMUSH.Library.Models.SharpPlayer, *System.String: Flag 'TEST_FLAG_310C1EAA' deleted.*, <null>, *Announce*)
  	Notify(SharpMUSH.Library.Models.SharpPlayer: SharpMUSH.Library.Models.SharpPlayer, *System.String: Cannot delete system flag 'WIZARD'.*, <null>, *Announce*)
  	Notify(SharpMUSH.Library.Models.SharpPlayer: SharpMUSH.Library.Models.SharpPlayer, *System.String: Flag 'NONEXISTENT_FLAG_XYZ123' not found.*, <null>, *Announce*)
  	Notify(SharpMUSH.Library.Models.SharpPlayer: SharpMUSH.Library.Models.SharpPlayer, *System.String: Power 'TEST_POWER_ENABLE_556A3B81' created with alias 'TPOW'.*, <null>, *Announce*)
  	Notify(SharpMUSH.Library.Models.SharpPlayer: SharpMUSH.Library.Models.SharpPlayer, *System.String: Power 'TEST_POWER_ENABLE_556A3B81' disabled.*, <null>, *Announce*)
  	Notify(SharpMUSH.Library.Models.SharpPlayer: SharpMUSH.Library.Models.SharpPlayer, *System.String: Power 'TEST_POWER_ENABLE_556A3B81' enabled.*, <null>, *Announce*)
  	Notify(SharpMUSH.Library.Models.SharpPlayer: SharpMUSH.Library.Models.SharpPlayer, *System.String: Power 'TEST_POWER_DISABLE_FA5E4FB5' created with alias 'TPOW'.*, <null>, *Announce*)
  	Notify(SharpMUSH.Library.Models.SharpPlayer: SharpMUSH.Library.Models.SharpPlayer, *System.String: Power 'TEST_POWER_DISABLE_FA5E4FB5' disabled.*, <null>, *Announce*)
  	Notify(SharpMUSH.Library.Models.SharpPlayer: SharpMUSH.Library.Models.SharpPlayer, *System.String: Cannot disable system power 'Builder'.*, <null>, *Announce*)
  	Notify(SharpMUSH.Library.Models.SharpPlayer: SharpMUSH.Library.Models.SharpPlayer, *System.String: Flag 'TEST_FLAG_ENABLE_F9F4489C' created with symbol 'T'.*, <null>, *Announce*)
  	Notify(SharpMUSH.Library.Models.SharpPlayer: SharpMUSH.Library.Models.SharpPlayer, *System.String: Flag 'TEST_FLAG_ENABLE_F9F4489C' disabled.*, <null>, *Announce*)
  	Notify(SharpMUSH.Library.Models.SharpPlayer: SharpMUSH.Library.Models.SharpPlayer, *System.String: Flag 'TEST_FLAG_ENABLE_F9F4489C' enabled.*, <null>, *Announce*)
  	Notify(SharpMUSH.Library.Models.SharpPlayer: SharpMUSH.Library.Models.SharpPlayer, *System.String: Flag 'TEST_FLAG_DISABLE_842F3BDD' created with symbol 'T'.*, <null>, *Announce*)
  	Notify(SharpMUSH.Library.Models.SharpPlayer: SharpMUSH.Library.Models.SharpPlayer, *System.String: Flag 'TEST_FLAG_DISABLE_842F3BDD' disabled.*, <null>, *Announce*)
  	Notify(SharpMUSH.Library.Models.SharpPlayer: SharpMUSH.Library.Models.SharpPlayer, *System.String: @POWER/ADD requires power name and alias.*, <null>, *Announce*)
  	Notify(SharpMUSH.Library.Models.SharpPlayer: SharpMUSH.Library.Models.SharpPlayer, *System.String: @FLAG/ADD requires flag name and symbol.*, <null>, *Announce*)
  	Notify(SharpMUSH.Library.Models.SharpPlayer: SharpMUSH.Library.Models.SharpPlayer, *System.String: Power 'NONEXISTENT_POWER_XYZ123' not found.*, <null>, *Announce*)
  	Notify(SharpMUSH.Library.Models.SharpPlayer: SharpMUSH.Library.Models.SharpPlayer, *System.String: Cannot delete system power 'BUILDER'.*, <null>, *Announce*)
  	Notify(SharpMUSH.Library.Models.SharpPlayer: SharpMUSH.Library.Models.SharpPlayer, *System.String: Power 'TEST_POWER_9E7AFEEF' deleted.*, <null>, *Announce*)
  	Notify(SharpMUSH.Library.Models.SharpPlayer: SharpMUSH.Library.Models.SharpPlayer, *System.String: Power 'TEST_POWER_F0978529' created with alias 'TPOW'.*, <null>, *Announce*)
  	Notify(SharpMUSH.Library.Models.SharpPlayer: SharpMUSH.Library.Models.SharpPlayer, *System.String: Cannot disable system flag 'WIZARD'.*, <null>, *Announce*)
  	Notify(SharpMUSH.Library.Models.SharpPlayer: SharpMUSH.Library.Models.SharpPlayer, *System.String: You aren't following anyone.*, <null>, *Announce*)
  	Notify(SharpMUSH.Library.Models.SharpPlayer: SharpMUSH.Library.Models.SharpPlayer, *System.String: Created EmptyTestBox (#5:1774909470451).*, <null>, *Announce*)
  	Notify(SharpMUSH.Library.Models.SharpPlayer: SharpMUSH.Library.Models.SharpPlayer, *System.String: Created EmptyTestThing (#6:1774909470473).*, <null>, *Announce*)
  	Notify(SharpMUSH.Library.Models.SharpPlayer: SharpMUSH.Library.Models.SharpPlayer, *System.String: Flag: ENTER_OK Set.*, <null>, *Announce*)
  	Notify(SharpMUSH.Library.Models.SharpPlayer: SharpMUSH.Library.Models.SharpPlayer, *System.String: You don't have that.*, <null>, *Announce*)
  	Notify(SharpMUSH.Library.Models.SharpPlayer: SharpMUSH.Library.Models.SharpPlayer, *System.String: You aren't carrying that.*, <null>, *Announce*)
  	Notify(SharpMUSH.Library.Models.SharpPlayer: SharpMUSH.Library.Models.SharpPlayer, *System.String: EmptyTestBox is already empty.*, <null>, *Announce*)
  	Notify(SharpMUSH.Library.Models.SharpPlayer: SharpMUSH.Library.Models.SharpPlayer, *System.String: Created EmptyTestContainer (#7:1774909470613).*, <null>, *Announce*)
  	Notify(SharpMUSH.Library.Models.SharpPlayer: SharpMUSH.Library.Models.SharpPlayer, *System.String: Created EmptyTestItem1 (#8:1774909470637).*, <null>, *Announce*)
  	Notify(SharpMUSH.Library.Models.SharpPlayer: SharpMUSH.Library.Models.SharpPlayer, *System.String: Created EmptyTestItem2 (#9:1774909470654).*, <null>, *Announce*)
  	Notify(SharpMUSH.Library.Models.SharpPlayer: SharpMUSH.Library.Models.SharpPlayer, *System.String: Flag: ENTER_OK Set.*, <null>, *Announce*)
  	Notify(SharpMUSH.Library.Models.SharpPlayer: SharpMUSH.Library.Models.SharpPlayer, *System.String: Taken.*, <null>, *Announce*)
  	Notify(SharpMUSH.Library.Models.SharpPlayer: SharpMUSH.Library.Models.SharpPlayer, *System.String: You don't have that.*, <null>, *Announce*)
  	Notify(SharpMUSH.Library.Models.SharpPlayer: SharpMUSH.Library.Models.SharpPlayer, *System.String: You don't have that.*, <null>, *Announce*)
  	Notify(SharpMUSH.Library.Models.SharpPlayer: SharpMUSH.Library.Models.SharpPlayer, *System.String: EmptyTestContainer is already empty.*, <null>, *Announce*)
  	Notify(SharpMUSH.Library.Models.SharpPlayer: SharpMUSH.Library.Models.SharpPlayer, *System.String: God is not following you.*, <null>, *Announce*)
  	Notify(SharpMUSH.Library.Models.SharpPlayer: SharpMUSH.Library.Models.SharpPlayer, *System.String: You stop following and dismiss all followers.*, <null>, *Announce*)
  	Notify(SharpMUSH.Library.Models.SharpPlayer: SharpMUSH.Library.Models.SharpPlayer, *System.String: You can't follow yourself.*, <null>, *Announce*)
  	Notify(SharpMUSH.Library.Models.SharpThing: SharpMUSH.Library.Models.SharpThing, *MarkupString.MarkupStringModule+MarkupString: God types --> #1=skill*, SharpMUSH.Library.Models.SharpPlayer: SharpMUSH.Library.Models.SharpPlayer, *Emit*)
  	Notify(SharpMUSH.Library.Models.SharpThing: SharpMUSH.Library.Models.SharpThing, *MarkupString.MarkupStringModule+MarkupString: God types --> #1=skill*, SharpMUSH.Library.Models.SharpPlayer: SharpMUSH.Library.Models.SharpPlayer, *Emit*)
  	Notify(SharpMUSH.Library.Models.SharpThing: SharpMUSH.Library.Models.SharpThing, *MarkupString.MarkupStringModule+MarkupString: God types --> #1=skill*, SharpMUSH.Library.Models.SharpPlayer: SharpMUSH.Library.Models.SharpPlayer, *Emit*)
  	Notify(SharpMUSH.Library.Models.SharpThing: SharpMUSH.Library.Models.SharpThing, *MarkupString.MarkupStringModule+MarkupString: God types --> #1=skill*, SharpMUSH.Library.Models.SharpPlayer: SharpMUSH.Library.Models.SharpPlayer, *Emit*)
  	Notify(SharpMUSH.Library.Models.SharpPlayer: SharpMUSH.Library.Models.SharpPlayer, *MarkupString.MarkupStringModule+MarkupString: God types --> #1=skill*, SharpMUSH.Library.Models.SharpPlayer: SharpMUSH.Library.Models.SharpPlayer, *Emit*)
  	Notify(SharpMUSH.Library.Models.SharpPlayer: SharpMUSH.Library.Models.SharpPlayer, *MarkupString.MarkupStringModule+MarkupString: God types --> #1=skill*, SharpMUSH.Library.Models.SharpPlayer: SharpMUSH.Library.Models.SharpPlayer, *Emit*)
  	Notify(SharpMUSH.Library.Models.SharpPlayer: SharpMUSH.Library.Models.SharpPlayer, *MarkupString.MarkupStringModule+MarkupString: God types --> #1=skill*, SharpMUSH.Library.Models.SharpPlayer: SharpMUSH.Library.Models.SharpPlayer, *Emit*)
  	Notify(SharpMUSH.Library.Models.SharpPlayer: SharpMUSH.Library.Models.SharpPlayer, *System.String: Huh?  (Type "help" for help.)*, <null>, *Announce*)
  	Notify(SharpMUSH.Library.Models.SharpPlayer: SharpMUSH.Library.Models.SharpPlayer, *System.String: The SCORE command is not supported.*, <null>, *Announce*)
  	Notify(SharpMUSH.Library.Models.SharpPlayer: SharpMUSH.Library.Models.SharpPlayer, *System.String: SharpMUSH does not track money or pennies.*, <null>, *Announce*)
  	Notify(SharpMUSH.Library.Models.SharpPlayer: SharpMUSH.Library.Models.SharpPlayer, *System.String: You try to buy 'sword'.*, <null>, *Announce*)
  	Notify(SharpMUSH.Library.Models.SharpPlayer: SharpMUSH.Library.Models.SharpPlayer, *System.String: The BUY command requires a full economy system implementation.*, <null>, *Announce*)
  	Notify(SharpMUSH.Library.Models.SharpPlayer: SharpMUSH.Library.Models.SharpPlayer, *System.String: Features needed: PRICELIST attribute parsing, @lock/pay checking, penny transfers.*, <null>, *Announce*)
  	Notify(SharpMUSH.Library.Models.SharpPlayer: SharpMUSH.Library.Models.SharpPlayer, *System.String: Do what with them?*, <null>, *Announce*)
  	Notify(SharpMUSH.Library.Models.SharpPlayer: SharpMUSH.Library.Models.SharpPlayer, *System.String: Hook 'EXTEND' set for command 'HOOKTEST_IGSWITCH_90E2B306DC0F404AA8D48110EACBAA61'.*, <null>, *Announce*)
  	Notify(SharpMUSH.Library.Models.SharpPlayer: SharpMUSH.Library.Models.SharpPlayer, *System.String: Hook 'EXTEND' set for command 'HOOKTEST_EXTEND_7B9527B5C4AD4E5692A3D7B202DF6F69'.*, <null>, *Announce*)
  	Notify(SharpMUSH.Library.Models.SharpPlayer: SharpMUSH.Library.Models.SharpPlayer, *System.String: Hook 'BEFORE' set for command 'HOOKTEST_DEFAULT_C0F8209DA868453993646D7A985728D3'.*, <null>, *Announce*)
  	Notify(SharpMUSH.Library.Models.SharpPlayer: SharpMUSH.Library.Models.SharpPlayer, *System.String: Hook 'BEFORE' set for command 'HOOKTEST_MULTI_27FA7440694545E9AA3D3F7E5D0E8343'.*, <null>, *Announce*)
  	Notify(SharpMUSH.Library.Models.SharpPlayer: SharpMUSH.Library.Models.SharpPlayer, *System.String: Hook 'AFTER' set for command 'HOOKTEST_MULTI_27FA7440694545E9AA3D3F7E5D0E8343'.*, <null>, *Announce*)
  	Notify(SharpMUSH.Library.Models.SharpPlayer: SharpMUSH.Library.Models.SharpPlayer, *System.String: Hook 'IGNORE' set for command 'HOOKTEST_MULTI_27FA7440694545E9AA3D3F7E5D0E8343'.*, <null>, *Announce*)
  	Notify(SharpMUSH.Library.Models.SharpPlayer: SharpMUSH.Library.Models.SharpPlayer, *System.String: Hook 'BEFORE' set for command 'HOOKTEST_INPLACE_BC6ADB80905F4F90A581300ECD852215' (inline).*, <null>, *Announce*)
  	Notify(SharpMUSH.Library.Models.SharpPlayer: SharpMUSH.Library.Models.SharpPlayer, *System.String: Hook 'BEFORE' set for command 'HOOKTEST_INLINE_39FC73499FC74CFB9B8AB143B0659574' (inline).*, <null>, *Announce*)
  	Notify(SharpMUSH.Library.Models.SharpPlayer: SharpMUSH.Library.Models.SharpPlayer, *System.String: No 'BEFORE' hook set for command 'HOOKTEST_CLEAR_0E30049957AE43A1A2222DE5CC7BC33D'.*, <null>, *Announce*)
  	Notify(SharpMUSH.Library.Models.SharpPlayer: SharpMUSH.Library.Models.SharpPlayer, *System.String: Hook 'BEFORE' set for command 'HOOKTEST_SET_2FB3DD950D24474291D18D6AFD5B85B5'.*, <null>, *Announce*)
  	Notify(SharpMUSH.Library.Models.SharpPlayer: SharpMUSH.Library.Models.SharpPlayer, *System.String: No hooks set for command 'HOOKTEST_LIST_E8081791F1864103A58E58AA7CDA67DA'.*, <null>, *Announce*)
  	Notify(SharpMUSH.Library.Models.SharpPlayer: SharpMUSH.Library.Models.SharpPlayer, *System.String: (HTTP): Content-Type set to application/json*, <null>, *Announce*)
  	Notify(SharpMUSH.Library.Models.SharpPlayer: SharpMUSH.Library.Models.SharpPlayer, *System.String: (HTTP): Status 200 OK*, <null>, *Announce*)
  	Notify(SharpMUSH.Library.Models.SharpPlayer: SharpMUSH.Library.Models.SharpPlayer, *System.String: (HTTP): Status 404 Not Found*, <null>, *Announce*)
  	Notify(SharpMUSH.Library.Models.SharpPlayer: SharpMUSH.Library.Models.SharpPlayer, *System.String: Status code required.*, <null>, *Announce*)
  	Notify(SharpMUSH.Library.Models.SharpPlayer: SharpMUSH.Library.Models.SharpPlayer, *System.String: Status line must be less than 40 characters.*, <null>, *Announce*)
  	Notify(SharpMUSH.Library.Models.SharpPlayer: SharpMUSH.Library.Models.SharpPlayer, *System.String: Header name cannot be empty.*, <null>, *Announce*)
  	Notify(SharpMUSH.Library.Models.SharpPlayer: SharpMUSH.Library.Models.SharpPlayer, *System.String: Cannot set Content-Length header.*, <null>, *Announce*)
  	Notify(SharpMUSH.Library.Models.SharpPlayer: SharpMUSH.Library.Models.SharpPlayer, *System.String: (HTTP): Header X-Custom-Header: *, <null>, *Announce*)
  	Notify(SharpMUSH.Library.Models.SharpPlayer: SharpMUSH.Library.Models.SharpPlayer, *System.String: (HTTP): Header X-Powered-By: MUSHCode*, <null>, *Announce*)
  	Notify(SharpMUSH.Library.Models.SharpPlayer: SharpMUSH.Library.Models.SharpPlayer, *System.String: Content-Type cannot be empty.*, <null>, *Announce*)
  	Notify(SharpMUSH.Library.Models.SharpPlayer: SharpMUSH.Library.Models.SharpPlayer, *System.String: (HTTP): Content-Type set to text/html*, <null>, *Announce*)
  	Notify(SharpMUSH.Library.Models.SharpPlayer: SharpMUSH.Library.Models.SharpPlayer, *System.String: (HTTP): Status 500*, <null>, *Announce*)
  	Notify(SharpMUSH.Library.Models.SharpPlayer: SharpMUSH.Library.Models.SharpPlayer, *System.String: Status code must be a 3-digit number.*, <null>, *Announce*)
  	Notify(SharpMUSH.Library.Models.SharpPlayer: SharpMUSH.Library.Models.SharpPlayer, *System.String: Status code must be a 3-digit number.*, <null>, *Announce*)
  	Notify(SharpMUSH.Library.Models.SharpPlayer: SharpMUSH.Library.Models.SharpPlayer, *System.String: (HTTP): Header Set-Cookie: name=Bob; Max-Age=3600; Version=1*, <null>, *Announce*)
  	Notify(SharpMUSH.Library.Models.SharpPlayer: SharpMUSH.Library.Models.SharpPlayer, *System.String: Message logged to Command log.*, <null>, *Announce*)
  	Notify(SharpMUSH.Library.Models.SharpPlayer: SharpMUSH.Library.Models.SharpPlayer, *System.String: Message logged to Command log.*, <null>, *Announce*)
  	Notify(SharpMUSH.Library.Models.SharpPlayer: SharpMUSH.Library.Models.SharpPlayer, *System.String: Message logged to Wizard log.*, <null>, *Announce*)
  	Notify(SharpMUSH.Library.Models.SharpPlayer: SharpMUSH.Library.Models.SharpPlayer, *System.String: Message logged to Error log.*, <null>, *Announce*)
  	Notify(SharpMUSH.Library.Models.SharpPlayer: SharpMUSH.Library.Models.SharpPlayer, *System.String: Usage: @log[/<switch>] <message> or @log/recall[/<switch>] [<number>]*, <null>, *Announce*)
  	Notify(SharpMUSH.Library.Models.SharpPlayer: SharpMUSH.Library.Models.SharpPlayer, *System.String: No log entries found for category 'Command'.*, <null>, *Announce*)
  	Notify(SharpMUSH.Library.Models.SharpPlayer: SharpMUSH.Library.Models.SharpPlayer, *System.String: Locked.*, <null>, *Announce*)
  	Notify(SharpMUSH.Library.Models.SharpPlayer: SharpMUSH.Library.Models.SharpPlayer, *System.String: No such lock: Basic*, <null>, *Announce*)
  	Notify(SharpMUSH.Library.Models.SharpPlayer: SharpMUSH.Library.Models.SharpPlayer, *System.String: Log Management Status:*, <null>, *Announce*)
  	Notify(SharpMUSH.Library.Models.SharpPlayer: SharpMUSH.Library.Models.SharpPlayer, *System.String:   SharpMUSH uses .NET logging infrastructure*, <null>, *Announce*)
  	Notify(SharpMUSH.Library.Models.SharpPlayer: SharpMUSH.Library.Models.SharpPlayer, *System.String:   Logs are managed by configured logging providers*, <null>, *Announce*)
  	Notify(SharpMUSH.Library.Models.SharpPlayer: SharpMUSH.Library.Models.SharpPlayer, *System.String:   Available log types: CMD, CONN, ERR, TRACE, WIZ*, <null>, *Announce*)
  	Notify(SharpMUSH.Library.Models.SharpPlayer: SharpMUSH.Library.Models.SharpPlayer, *System.String:   Available actions: ROTATE, TRIM, WIPE*, <null>, *Announce*)
  	Notify(SharpMUSH.Library.Models.SharpPlayer: SharpMUSH.Library.Models.SharpPlayer, *System.String:   Note: Direct log file manipulation not yet implemented*, <null>, *Announce*)
  	Notify(SharpMUSH.Library.Models.SharpPlayer: SharpMUSH.Library.Models.SharpPlayer, *System.String: MAIL: You sent a message to God.*, <null>, *Announce*)
  	Notify(SharpMUSH.Library.Models.SharpPlayer: SharpMUSH.Library.Models.SharpPlayer, *System.String: MAIL: You have received a message (1) from God.*, <null>, *Announce*)
  	Notify(SharpMUSH.Library.Models.SharpPlayer: SharpMUSH.Library.Models.SharpPlayer, *System.String: @MALIAS/LIST: Mail alias system not yet implemented.*, <null>, *Announce*)
  	Notify(SharpMUSH.Library.Models.SharpPlayer: SharpMUSH.Library.Models.SharpPlayer, *System.String: This command would manage mail distribution lists and aliases.*, <null>, *Announce*)
  	Notify(SharpMUSH.Library.Models.SharpPlayer: SharpMUSH.Library.Models.SharpPlayer, *System.String: Created MsgBasic_1774909472895_2745 (#14:1774909472909).*, <null>, *Announce*)
  	Notify(SharpMUSH.Library.Models.SharpPlayer: SharpMUSH.Library.Models.SharpPlayer, *System.String: Attribute TESTFORMAT_MSGBASIC_93751 SET.*, SharpMUSH.Library.Models.SharpThing: SharpMUSH.Library.Models.SharpThing, *Announce*)
  	Notify(SharpMUSH.Library.Models.SharpPlayer: SharpMUSH.Library.Models.SharpPlayer, *System.String: MsgBasic_1774909472895_2745/TESTFORMAT_MSGBASIC_93751 - Set.*, <null>, *Announce*)
  	Notify(SharpMUSH.Library.Models.SharpThing: SharpMUSH.Library.Models.SharpThing, *MarkupString.MarkupStringModule+MarkupString: MessageBasic_UniqueValue_93751*, SharpMUSH.Library.Models.SharpPlayer: SharpMUSH.Library.Models.SharpPlayer, *Announce*)
  	Notify(SharpMUSH.Library.Models.SharpPlayer: SharpMUSH.Library.Models.SharpPlayer, *System.String: Created MsgWithAttr_1774909472971_1786 (#15:1774909472984).*, <null>, *Announce*)
  	Notify(SharpMUSH.Library.Models.SharpPlayer: SharpMUSH.Library.Models.SharpPlayer, *System.String: Attribute TESTFORMAT_MSGATTR_84729 SET.*, SharpMUSH.Library.Models.SharpThing: SharpMUSH.Library.Models.SharpThing, *Announce*)
  	Notify(SharpMUSH.Library.Models.SharpPlayer: SharpMUSH.Library.Models.SharpPlayer, *System.String: MsgWithAttr_1774909472971_1786/TESTFORMAT_MSGATTR_84729 - Set.*, <null>, *Announce*)
  	Notify(SharpMUSH.Library.Models.SharpThing: SharpMUSH.Library.Models.SharpThing, *MarkupString.MarkupStringModule+MarkupString: MessageWithAttribute_Result_84729:15*, SharpMUSH.Library.Models.SharpPlayer: SharpMUSH.Library.Models.SharpPlayer, *Announce*)
  	Notify(SharpMUSH.Library.Models.SharpPlayer: SharpMUSH.Library.Models.SharpPlayer, *System.String: Created MsgMissingAttr_1774909473031_9726 (#16:1774909473045).*, <null>, *Announce*)
  	Notify(SharpMUSH.Library.Models.SharpThing: SharpMUSH.Library.Models.SharpThing, *MarkupString.MarkupStringModule+MarkupString: DefaultMessage_UniqueValue_72914*, SharpMUSH.Library.Models.SharpPlayer: SharpMUSH.Library.Models.SharpPlayer, *Announce*)
  	Notify(SharpMUSH.Library.Models.SharpPlayer: SharpMUSH.Library.Models.SharpPlayer, *System.String: Created MsgNospoof_1774909473072_5824 (#17:1774909473100).*, <null>, *Announce*)
  	Notify(SharpMUSH.Library.Models.SharpPlayer: SharpMUSH.Library.Models.SharpPlayer, *System.String: Attribute TESTFORMAT_MSGNOSPOOF_48203 SET.*, SharpMUSH.Library.Models.SharpThing: SharpMUSH.Library.Models.SharpThing, *Announce*)
  	Notify(SharpMUSH.Library.Models.SharpPlayer: SharpMUSH.Library.Models.SharpPlayer, *System.String: MsgNospoof_1774909473072_5824/TESTFORMAT_MSGNOSPOOF_48203 - Set.*, <null>, *Announce*)
  	Notify(SharpMUSH.Library.Models.SharpThing: SharpMUSH.Library.Models.SharpThing, *MarkupString.MarkupStringModule+MarkupString: MessageNospoof_Value_48203*, SharpMUSH.Library.Models.SharpPlayer: SharpMUSH.Library.Models.SharpPlayer, *NSAnnounce*)
  	Notify(SharpMUSH.Library.Models.SharpPlayer: SharpMUSH.Library.Models.SharpPlayer, *System.String: Created OemitTarget_1774909473159_2460 (#18:1774909473174).*, <null>, *Announce*)
  	Notify(SharpMUSH.Library.Models.SharpPlayer: SharpMUSH.Library.Models.SharpPlayer, *System.String: Attribute OEMIT_TEST_ATTR_MSG SET.*, SharpMUSH.Library.Models.SharpPlayer: SharpMUSH.Library.Models.SharpPlayer, *Announce*)
  	Notify(SharpMUSH.Library.Models.SharpPlayer: SharpMUSH.Library.Models.SharpPlayer, *System.String: God/OEMIT_TEST_ATTR_MSG - Set.*, <null>, *Announce*)
  	Notify(SharpMUSH.Library.Models.SharpThing: SharpMUSH.Library.Models.SharpThing, *MarkupString.MarkupStringModule+MarkupString: OemitTestMsg_b3d3016078044d55a70ee4cc525a900c*, SharpMUSH.Library.Models.SharpPlayer: SharpMUSH.Library.Models.SharpPlayer, *Announce*)
  	Notify(SharpMUSH.Library.Models.SharpThing: SharpMUSH.Library.Models.SharpThing, *MarkupString.MarkupStringModule+MarkupString: OemitTestMsg_b3d3016078044d55a70ee4cc525a900c*, SharpMUSH.Library.Models.SharpPlayer: SharpMUSH.Library.Models.SharpPlayer, *Announce*)
  	Notify(SharpMUSH.Library.Models.SharpThing: SharpMUSH.Library.Models.SharpThing, *MarkupString.MarkupStringModule+MarkupString: OemitTestMsg_b3d3016078044d55a70ee4cc525a900c*, SharpMUSH.Library.Models.SharpPlayer: SharpMUSH.Library.Models.SharpPlayer, *Announce*)
  	Notify(SharpMUSH.Library.Models.SharpThing: SharpMUSH.Library.Models.SharpThing, *MarkupString.MarkupStringModule+MarkupString: OemitTestMsg_b3d3016078044d55a70ee4cc525a900c*, SharpMUSH.Library.Models.SharpPlayer: SharpMUSH.Library.Models.SharpPlayer, *Announce*)
  	Notify(SharpMUSH.Library.Models.SharpThing: SharpMUSH.Library.Models.SharpThing, *MarkupString.MarkupStringModule+MarkupString: OemitTestMsg_b3d3016078044d55a70ee4cc525a900c*, SharpMUSH.Library.Models.SharpPlayer: SharpMUSH.Library.Models.SharpPlayer, *Announce*)
  	Notify(SharpMUSH.Library.Models.SharpPlayer: SharpMUSH.Library.Models.SharpPlayer, *MarkupString.MarkupStringModule+MarkupString: OemitTestMsg_b3d3016078044d55a70ee4cc525a900c*, SharpMUSH.Library.Models.SharpPlayer: SharpMUSH.Library.Models.SharpPlayer, *Announce*)
  	Notify(SharpMUSH.Library.Models.SharpPlayer: SharpMUSH.Library.Models.SharpPlayer, *MarkupString.MarkupStringModule+MarkupString: OemitTestMsg_b3d3016078044d55a70ee4cc525a900c*, SharpMUSH.Library.Models.SharpPlayer: SharpMUSH.Library.Models.SharpPlayer, *Announce*)
  	Notify(SharpMUSH.Library.Models.SharpPlayer: SharpMUSH.Library.Models.SharpPlayer, *MarkupString.MarkupStringModule+MarkupString: OemitTestMsg_b3d3016078044d55a70ee4cc525a900c*, SharpMUSH.Library.Models.SharpPlayer: SharpMUSH.Library.Models.SharpPlayer, *Announce*)
  	Notify(SharpMUSH.Library.Models.SharpPlayer: SharpMUSH.Library.Models.SharpPlayer, *MarkupString.MarkupStringModule+MarkupString: OemitTestMsg_b3d3016078044d55a70ee4cc525a900c*, SharpMUSH.Library.Models.SharpPlayer: SharpMUSH.Library.Models.SharpPlayer, *Announce*)
  	Notify(SharpMUSH.Library.Models.SharpThing: SharpMUSH.Library.Models.SharpThing, *MarkupString.MarkupStringModule+MarkupString: OemitTestMsg_b3d3016078044d55a70ee4cc525a900c*, SharpMUSH.Library.Models.SharpPlayer: SharpMUSH.Library.Models.SharpPlayer, *Announce*)
  	Notify(SharpMUSH.Library.Models.SharpThing: SharpMUSH.Library.Models.SharpThing, *MarkupString.MarkupStringModule+MarkupString: OemitTestMsg_b3d3016078044d55a70ee4cc525a900c*, SharpMUSH.Library.Models.SharpPlayer: SharpMUSH.Library.Models.SharpPlayer, *Announce*)
  	Notify(SharpMUSH.Library.Models.SharpThing: SharpMUSH.Library.Models.SharpThing, *MarkupString.MarkupStringModule+MarkupString: OemitTestMsg_b3d3016078044d55a70ee4cc525a900c*, SharpMUSH.Library.Models.SharpPlayer: SharpMUSH.Library.Models.SharpPlayer, *Announce*)
  	Notify(SharpMUSH.Library.Models.SharpThing: SharpMUSH.Library.Models.SharpThing, *MarkupString.MarkupStringModule+MarkupString: OemitTestMsg_b3d3016078044d55a70ee4cc525a900c*, SharpMUSH.Library.Models.SharpPlayer: SharpMUSH.Library.Models.SharpPlayer, *Announce*)
  	Notify(SharpMUSH.Library.Models.SharpPlayer: SharpMUSH.Library.Models.SharpPlayer, *MarkupString.MarkupStringModule+MarkupString: OemitTestMsg_b3d3016078044d55a70ee4cc525a900c*, SharpMUSH.Library.Models.SharpPlayer: SharpMUSH.Library.Models.SharpPlayer, *Announce*)
  	Notify(SharpMUSH.Library.Models.SharpPlayer: SharpMUSH.Library.Models.SharpPlayer, *MarkupString.MarkupStringModule+MarkupString: OemitTestMsg_b3d3016078044d55a70ee4cc525a900c*, SharpMUSH.Library.Models.SharpPlayer: SharpMUSH.Library.Models.SharpPlayer, *Announce*)
  	Notify(SharpMUSH.Library.Models.SharpPlayer: SharpMUSH.Library.Models.SharpPlayer, *MarkupString.MarkupStringModule+MarkupString: OemitTestMsg_b3d3016078044d55a70ee4cc525a900c*, SharpMUSH.Library.Models.SharpPlayer: SharpMUSH.Library.Models.SharpPlayer, *Announce*)
  	Notify(SharpMUSH.Library.Models.SharpPlayer: SharpMUSH.Library.Models.SharpPlayer, *System.String: Created MsgNoisy_1774909473234_1871 (#19:1774909473250).*, <null>, *Announce*)
  	Notify(SharpMUSH.Library.Models.SharpPlayer: SharpMUSH.Library.Models.SharpPlayer, *System.String: Attribute TESTFORMAT_MSGNOISY_55193 SET.*, SharpMUSH.Library.Models.SharpThing: SharpMUSH.Library.Models.SharpThing, *Announce*)
  	Notify(SharpMUSH.Library.Models.SharpPlayer: SharpMUSH.Library.Models.SharpPlayer, *System.String: MsgNoisy_1774909473234_1871/TESTFORMAT_MSGNOISY_55193 - Set.*, <null>, *Announce*)
  	Notify(SharpMUSH.Library.Models.SharpThing: SharpMUSH.Library.Models.SharpThing, *MarkupString.MarkupStringModule+MarkupString: MessageNoisy_Value_55193*, SharpMUSH.Library.Models.SharpPlayer: SharpMUSH.Library.Models.SharpPlayer, *Announce*)
  	Notify(SharpMUSH.Library.Models.SharpPlayer: SharpMUSH.Library.Models.SharpPlayer, *System.String: Message sent to 1 recipient(s).*, <null>, *Announce*)
  	Notify(SharpMUSH.Library.Models.SharpPlayer: SharpMUSH.Library.Models.SharpPlayer, *System.String: Attribute REMIT_TEST_ATTR_MSG SET.*, SharpMUSH.Library.Models.SharpPlayer: SharpMUSH.Library.Models.SharpPlayer, *Announce*)
  	Notify(SharpMUSH.Library.Models.SharpPlayer: SharpMUSH.Library.Models.SharpPlayer, *System.String: God/REMIT_TEST_ATTR_MSG - Set.*, <null>, *Announce*)
  	Notify(SharpMUSH.Library.Models.SharpThing: SharpMUSH.Library.Models.SharpThing, *MarkupString.MarkupStringModule+MarkupString: RemitTestMsg_e0da7018ec6a4ca2805118160a83e6be*, SharpMUSH.Library.Models.SharpPlayer: SharpMUSH.Library.Models.SharpPlayer, *Announce*)
  	Notify(SharpMUSH.Library.Models.SharpThing: SharpMUSH.Library.Models.SharpThing, *MarkupString.MarkupStringModule+MarkupString: RemitTestMsg_e0da7018ec6a4ca2805118160a83e6be*, SharpMUSH.Library.Models.SharpPlayer: SharpMUSH.Library.Models.SharpPlayer, *Announce*)
  	Notify(SharpMUSH.Library.Models.SharpThing: SharpMUSH.Library.Models.SharpThing, *MarkupString.MarkupStringModule+MarkupString: RemitTestMsg_e0da7018ec6a4ca2805118160a83e6be*, SharpMUSH.Library.Models.SharpPlayer: SharpMUSH.Library.Models.SharpPlayer, *Announce*)
  	Notify(SharpMUSH.Library.Models.SharpThing: SharpMUSH.Library.Models.SharpThing, *MarkupString.MarkupStringModule+MarkupString: RemitTestMsg_e0da7018ec6a4ca2805118160a83e6be*, SharpMUSH.Library.Models.SharpPlayer: SharpMUSH.Library.Models.SharpPlayer, *Announce*)
  	Notify(SharpMUSH.Library.Models.SharpThing: SharpMUSH.Library.Models.SharpThing, *MarkupString.MarkupStringModule+MarkupString: RemitTestMsg_e0da7018ec6a4ca2805118160a83e6be*, SharpMUSH.Library.Models.SharpPlayer: SharpMUSH.Library.Models.SharpPlayer, *Announce*)
  	Notify(SharpMUSH.Library.Models.SharpThing: SharpMUSH.Library.Models.SharpThing, *MarkupString.MarkupStringModule+MarkupString: RemitTestMsg_e0da7018ec6a4ca2805118160a83e6be*, SharpMUSH.Library.Models.SharpPlayer: SharpMUSH.Library.Models.SharpPlayer, *Announce*)
  	Notify(SharpMUSH.Library.Models.SharpPlayer: SharpMUSH.Library.Models.SharpPlayer, *MarkupString.MarkupStringModule+MarkupString: RemitTestMsg_e0da7018ec6a4ca2805118160a83e6be*, SharpMUSH.Library.Models.SharpPlayer: SharpMUSH.Library.Models.SharpPlayer, *Announce*)
  	Notify(SharpMUSH.Library.Models.SharpPlayer: SharpMUSH.Library.Models.SharpPlayer, *MarkupString.MarkupStringModule+MarkupString: RemitTestMsg_e0da7018ec6a4ca2805118160a83e6be*, SharpMUSH.Library.Models.SharpPlayer: SharpMUSH.Library.Models.SharpPlayer, *Announce*)
  	Notify(SharpMUSH.Library.Models.SharpPlayer: SharpMUSH.Library.Models.SharpPlayer, *MarkupString.MarkupStringModule+MarkupString: RemitTestMsg_e0da7018ec6a4ca2805118160a83e6be*, SharpMUSH.Library.Models.SharpPlayer: SharpMUSH.Library.Models.SharpPlayer, *Announce*)
  	Notify(SharpMUSH.Library.Models.SharpPlayer: SharpMUSH.Library.Models.SharpPlayer, *MarkupString.MarkupStringModule+MarkupString: RemitTestMsg_e0da7018ec6a4ca2805118160a83e6be*, SharpMUSH.Library.Models.SharpPlayer: SharpMUSH.Library.Models.SharpPlayer, *Announce*)
  	Notify(SharpMUSH.Library.Models.SharpThing: SharpMUSH.Library.Models.SharpThing, *MarkupString.MarkupStringModule+MarkupString: RemitTestMsg_e0da7018ec6a4ca2805118160a83e6be*, SharpMUSH.Library.Models.SharpPlayer: SharpMUSH.Library.Models.SharpPlayer, *Announce*)
  	Notify(SharpMUSH.Library.Models.SharpThing: SharpMUSH.Library.Models.SharpThing, *MarkupString.MarkupStringModule+MarkupString: RemitTestMsg_e0da7018ec6a4ca2805118160a83e6be*, SharpMUSH.Library.Models.SharpPlayer: SharpMUSH.Library.Models.SharpPlayer, *Announce*)
  	Notify(SharpMUSH.Library.Models.SharpThing: SharpMUSH.Library.Models.SharpThing, *MarkupString.MarkupStringModule+MarkupString: RemitTestMsg_e0da7018ec6a4ca2805118160a83e6be*, SharpMUSH.Library.Models.SharpPlayer: SharpMUSH.Library.Models.SharpPlayer, *Announce*)
  	Notify(SharpMUSH.Library.Models.SharpThing: SharpMUSH.Library.Models.SharpThing, *MarkupString.MarkupStringModule+MarkupString: RemitTestMsg_e0da7018ec6a4ca2805118160a83e6be*, SharpMUSH.Library.Models.SharpPlayer: SharpMUSH.Library.Models.SharpPlayer, *Announce*)
  	Notify(SharpMUSH.Library.Models.SharpPlayer: SharpMUSH.Library.Models.SharpPlayer, *MarkupString.MarkupStringModule+MarkupString: RemitTestMsg_e0da7018ec6a4ca2805118160a83e6be*, SharpMUSH.Library.Models.SharpPlayer: SharpMUSH.Library.Models.SharpPlayer, *Announce*)
  	Notify(SharpMUSH.Library.Models.SharpPlayer: SharpMUSH.Library.Models.SharpPlayer, *MarkupString.MarkupStringModule+MarkupString: RemitTestMsg_e0da7018ec6a4ca2805118160a83e6be*, SharpMUSH.Library.Models.SharpPlayer: SharpMUSH.Library.Models.SharpPlayer, *Announce*)
  	Notify(SharpMUSH.Library.Models.SharpPlayer: SharpMUSH.Library.Models.SharpPlayer, *MarkupString.MarkupStringModule+MarkupString: RemitTestMsg_e0da7018ec6a4ca2805118160a83e6be*, SharpMUSH.Library.Models.SharpPlayer: SharpMUSH.Library.Models.SharpPlayer, *Announce*)
  	Notify(SharpMUSH.Library.Models.SharpPlayer: SharpMUSH.Library.Models.SharpPlayer, *MarkupString.MarkupStringModule+MarkupString: GOODBYE.*, <null>, *Announce*)
  	Notify(SharpMUSH.Library.Models.SharpPlayer: SharpMUSH.Library.Models.SharpPlayer, *System.String: 
  Goodbye from SharpMUSH!
  
  *, <null>, *Announce*)
  
[m[90m    at NSubstitute.Core.ReceivedCallsExceptionThrower.Throw(ICallSpecification callSpecification, IEnumerable`1 matchingCalls, IEnumerable`1 nonMatchingCalls, Quantity requiredQuantity)
    at NSubstitute.Routing.Handlers.CheckReceivedCallsHandler.Handle(ICall call)
    at NSubstitute.Proxies.CastleDynamicProxy.CastleForwardingInterceptor.Intercept(IInvocation invocation)
    at Castle.DynamicProxy.AbstractInvocation.Proceed()
    at Castle.Proxies.ObjectProxy_4.Notify(AnySharpObject who, OneOf`2 what, AnySharpObject sender, NotificationType type)
    at SharpMUSH.Tests.Commands.SocialCommandTests.PoseCommand() in /home/runner/work/SharpMUSH/SharpMUSH/SharpMUSH.Tests/Commands/SocialCommandTests.cs:40[90m
[m[31mfailed[m SetAndResetCacheTest [90m(22ms)[m
[31m  TUnit.Engine.Exceptions.TestFailedException: [Test Failure] ReceivedCallsException: Expected to receive a call matching:
  	Notify(any AnySharpObject, msg => ((msg.IsT0 AndAlso (msg.AsT0.ToPlainText() == "Value 1 received")) OrElse (msg.IsT1 AndAlso (msg.AsT1 == "Value 1 received"))), any AnySharpObject, Announce)
  Actually received no matching calls.
  Received 1311 non-matching calls (non-matching arguments indicated with '*' characters):
  	Notify(SharpMUSH.Library.Models.SharpPlayer: SharpMUSH.Library.Models.SharpPlayer, *System.String: Invalid password.*, <null>, Announce)
  	Notify(SharpMUSH.Library.Models.SharpPlayer: SharpMUSH.Library.Models.SharpPlayer, *System.String: SHUTDOWN initiated.*, <null>, Announce)
  	Notify(SharpMUSH.Library.Models.SharpPlayer: SharpMUSH.Library.Models.SharpPlayer, *System.String: Note: SharpMUSH runs as a web application. Traditional shutdown is not applicable.*, <null>, Announce)
  	Notify(SharpMUSH.Library.Models.SharpPlayer: SharpMUSH.Library.Models.SharpPlayer, *System.String: In cloud/container deployments, use your orchestration tools to manage server lifecycle.*, <null>, Announce)
  	Notify(SharpMUSH.Library.Models.SharpPlayer: SharpMUSH.Library.Models.SharpPlayer, *System.String: Database state is preserved automatically. No explicit save is needed.*, <null>, Announce)
  	Notify(SharpMUSH.Library.Models.SharpPlayer: SharpMUSH.Library.Models.SharpPlayer, *System.String: You must specify an object to restart.*, <null>, Announce)
  	Notify(SharpMUSH.Library.Models.SharpPlayer: SharpMUSH.Library.Models.SharpPlayer, *System.String: Purge complete. 0 objects advanced to GOING_TWICE. 0 objects marked for final deletion.*, <null>, Announce)
  	Notify(SharpMUSH.Library.Models.SharpPlayer: SharpMUSH.Library.Models.SharpPlayer, *System.String: Note: Actual object deletion is handled by background garbage collection in SharpMUSH.*, <null>, Announce)
  	Notify(SharpMUSH.Library.Models.SharpPlayer: SharpMUSH.Library.Models.SharpPlayer, *System.String: I don't see that here.*, SharpMUSH.Library.Models.SharpPlayer: SharpMUSH.Library.Models.SharpPlayer, Announce)
  	Notify(SharpMUSH.Library.Models.SharpPlayer: SharpMUSH.Library.Models.SharpPlayer, *System.String: Reindexing text files...*, <null>, Announce)
  	Notify(SharpMUSH.Library.Models.SharpPlayer: SharpMUSH.Library.Models.SharpPlayer, *System.String: Text file cache rebuilt in 21ms.*, <null>, Announce)
  	Notify(SharpMUSH.Library.Models.SharpPlayer: SharpMUSH.Library.Models.SharpPlayer, *System.String: I don't see that here.*, SharpMUSH.Library.Models.SharpPlayer: SharpMUSH.Library.Models.SharpPlayer, Announce)
  	Notify(SharpMUSH.Library.Models.SharpPlayer: SharpMUSH.Library.Models.SharpPlayer, *System.String: I don't see that here.*, SharpMUSH.Library.Models.SharpPlayer: SharpMUSH.Library.Models.SharpPlayer, Announce)
  	Notify(SharpMUSH.Library.Models.SharpPlayer: SharpMUSH.Library.Models.SharpPlayer, *System.String: COMMANDS:
    ]
    @@
    @ALLHALT
    @ALLQUOTA
    @ASSERT
    @ATRCHOWN
    @ATRLOCK
    @ATTRIBUTE
    @BOOT
    @BREAK
    @CEMIT
    @CHANNEL
    @CHAT
    @CHOWN
    @CHOWNALL
    @CHZONE
    @CHZONEALL
    @CLIST
    @CLOCK
    @CLONE
    @COMMAND
    @CONFIG
    @CPATTR
    @CREATE
    @DBCK
    @DECOMPILE
    @DESTROY
    @DIG
    @DISABLE
    @DOLIST
    @DRAIN
    @DUMP
    @EDIT
    @ELOCK
    @EMIT
    @ENABLE
    @ENTRANCES
    @EUNLOCK
    @FIND
    @FIRSTEXIT
    @FLAG
    @FORCE
    @FUNCTION
    @GREP
    @HALT
    @HIDE
    @HOOK
    @HTTP
    @IFELSE
    @INCLUDE
    @KICK
    @LEMIT
    @LINK
    @LIST
    @LISTMOTD
    @LOCK
    @LOG
    @LOGWIPE
    @LSET
    @MAIL
    @MALIAS
    @MAP
    @MAPSQL
    @MESSAGE
    @MONIKER
    @MOTD
    @MVATTR
    @NAME
    @NEWPASSWORD
    @NOTIFY
    @NSCEMIT
    @NSEMIT
    @NSLEMIT
    @NSOEMIT
    @NSPEMIT
    @NSPROMPT
    @NSREMIT
    @NSZEMIT
    @NUKE
    @OEMIT
    @OPEN
    @PARENT
    @PASSWORD
    @PCREATE
    @PEMIT
    @POLL
    @POOR
    @POWER
    @PROMPT
    @PS
    @PURGE
    @QUOTA
    @READCACHE
    @RECYCLE
    @REJECTMOTD
    @REMIT
    @RESPOND
    @RESTART
    @RETRY
    @RWALL
    @SCAN
    @SEARCH
    @SELECT
    @SET
    @SHUTDOWN
    @SITELOCK
    @SKIP
    @SLAVE
    @SOCKSET
    @SQL
    @SQUOTA
    @STATS
    @SUGGEST
    @SWEEP
    @SWITCH
    @TELEPORT
    @TRIGGER
    @ULOCK
    @UNDESTROY
    @UNLINK
    @UNLOCK
    @UNRECYCLE
    @UPTIME
    @UUNLOCK
    @VERB
    @VERSION
    @WAIT
    @WALL
    @WARNINGS
    @WCHECK
    @WHEREIS
    @WIPE
    @WIZMOTD
    @WIZWALL
    @ZEMIT
    &
    ADDCOM
    AHELP
    ANEWS
    BRIEF
    BUY
    COMLIST
    COMTITLE
    CONNECT
    DELCOM
    DESERT
    DISMISS
    DOING
    DROP
    EMPTY
    ENTER
    EXAMINE
    FOLLOW
    GET
    GIVE
    GOTO
    HELP
    HOME
    HUH_COMMAND
    INVENTORY
    LEAVE
    LOOK
    NEWS
    PAGE
    POSE
    QUIT
    SAY
    SCORE
    SEMIPOSE
    SESSION
    TEACH
    THINK
    UNFOLLOW
    UNIMPLEMENTED_COMMAND
    USE
    WARN_ON_MISSING
    WHISPER
    WHO
    WITH*, <null>, Announce)
  	Notify(SharpMUSH.Library.Models.SharpPlayer: SharpMUSH.Library.Models.SharpPlayer, *System.String: LOCK TYPES:
    BASIC
    CHOWN
    CHZONE
    COMMAND
    CONTROL
    DESTROY
    DROP
    DROPIN
    DROPTO
    ENTER
    EXAMINE
    FILTER
    FOLLOW
    FORWARD
    FROM
    GIVE
    INFILTER
    INTERACT
    LEAVE
    LINK
    LISTEN
    MAIL
    MAILFORWARD
    OPEN
    PAGE
    PARENT
    PAY
    RECEIVE
    SPEECH
    TAKE
    TPORT
    USE
    ZONE*, <null>, Announce)
  	Notify(SharpMUSH.Library.Models.SharpPlayer: SharpMUSH.Library.Models.SharpPlayer, *System.String: OBJECT POWERS:
  NAME                 ALIAS              TYPE RESTRICTIONS
  -------------------- ------------------ -------------------
  Announce                                ROOM,PLAYER,EXIT,THING
  Boot                                    ROOM,PLAYER,EXIT,THING
  Builder                                 ROOM,PLAYER,EXIT,THING
  Can_Dark                                PLAYER
  Can_HTTP                                ROOM,PLAYER,EXIT,THING
  Can_Spoof                               ROOM,PLAYER,EXIT,THING
  Chat_Privs                              ROOM,PLAYER,EXIT,THING
  Debit                                   ROOM,PLAYER,EXIT,THING
  Functions                               ROOM,PLAYER,EXIT,THING
  Guest                                   ROOM,PLAYER,EXIT,THING
  Halt                                    ROOM,PLAYER,EXIT,THING
  Hide                                    ROOM,PLAYER,EXIT,THING
  Hook                                    ROOM,PLAYER,EXIT,THING
  Idle                                    ROOM,PLAYER,EXIT,THING
  Immortal                                ROOM,PLAYER,EXIT,THING
  Link_Anywhere                           ROOM,PLAYER,EXIT,THING
  Login                                   ROOM,PLAYER,EXIT,THING
  Long_Fingers                            ROOM,PLAYER,EXIT,THING
  Many_Attribs                            ROOM,PLAYER,EXIT,THING
  No_Pay                                  ROOM,PLAYER,EXIT,THING
  No_Quota                                ROOM,PLAYER,EXIT,THING
  Open_Anywhere                           ROOM,PLAYER,EXIT,THING
  Pemit_All                               ROOM,PLAYER,EXIT,THING
  Pick_DBRefs                             ROOM,PLAYER,EXIT,THING
  Player_Create                           ROOM,PLAYER,EXIT,THING
  Poll                                    ROOM,PLAYER,EXIT,THING
  Pueblo_Send                             ROOM,PLAYER,EXIT,THING
  Queue                                   ROOM,PLAYER,EXIT,THING
  Search                                  ROOM,PLAYER,EXIT,THING
  See_All                                 ROOM,PLAYER,EXIT,THING
  See_Queue                               ROOM,PLAYER,EXIT,THING
  See_OOB                                 ROOM,PLAYER,EXIT,THING
  SQL_OK                                  ROOM,PLAYER,EXIT,THING
  Tport_Anything                          ROOM,PLAYER,EXIT,THING
  Tport_Anywhere                          ROOM,PLAYER,EXIT,THING
  Unkillable                              ROOM,PLAYER,EXIT,THING*, <null>, Announce)
  	Notify(SharpMUSH.Library.Models.SharpPlayer: SharpMUSH.Library.Models.SharpPlayer, *System.String: Object Flags:
  name                 symbol type restrictions
  -------------------- ------ -------------------
  wizard               w      room,player,exit,thing
  abode                a      room
  ansi                 a      player
  chown_ok             c      room,player,thing
  color                c      player
  dark                 d      room,player,exit,thing
  fixed                f      player
  floating             f      room
  haven                h      player
  trust                i      room,player,exit,thing
  judge                j      player
  jump_ok              j      room
  link_ok              l      room,player,exit,thing
  monitor              m      room,player,thing
  no_leave             n      thing
  no_tel               n      room
  opaque               o      room,player,exit,thing
  quiet                q      room,player,exit,thing
  unfindable           u      room,player,exit,thing
  visual               v      room,player,exit,thing
  safe                 x      room,player,exit,thing
  shared               z      player
  z_tel                z      room,thing
  listen_parent        ^      player,thing,room
  noaccents            ~      player,thing,room
  unregistered         ?      player
  nospoof              "      room,player,exit,thing
  audible              a      room,player,exit,thing
  debug                b      room,player,exit,thing
  destroy_ok           d      thing
  enter_ok             e      room,player,exit,thing
  gagged               g      player
  halt                 h      room,player,exit,thing
  orphan               i      room,player,exit,thing
  jury_ok              j      player
  keepalive            k      player
  light                l      room,player,exit,thing
  mistrust             m      player,exit,thing
  mistrust             m      player,exit,thing
  no_command           n      room,player,exit,thing
  on_vacation          o      player
  puppet               p      thing
  royalty              r      room,player,exit,thing
  suspect              s      room,player,exit,thing
  transparent          t      room,player,exit,thing
  verbose              v      room,player,exit,thing
  no_warn              w      room,player,exit,thing
  cloudy               x      exit
  chan_usefirstmatch          room,player,exit,thing
  hear_connect                player
  heavy                       room,player,exit,thing
  loud                        player
  no_log                      player
  paranoid                    player
  track_money                 player
  xterm256                    player
  moniker                     room,player,exit,thing
  open_ok                     room
  going                g      room,player,exit,thing
  going_twice                 room,player,exit,thing*, <null>, Announce)
  	Notify(SharpMUSH.Library.Models.SharpPlayer: SharpMUSH.Library.Models.SharpPlayer, *System.String: You must specify what to list. Use one of: /MOTD /FUNCTIONS /COMMANDS /ATTRIBS /LOCKS /FLAGS /POWERS /ALLOCATIONS*, <null>, Announce)
  	Notify(SharpMUSH.Library.Models.SharpPlayer: SharpMUSH.Library.Models.SharpPlayer, *System.String: FUNCTIONS:
    @@
    abs
    accent
    accname
    acos
    add
    addrlog
    after
    alias
    align
    allof
    alphamax
    alphamin
    and
    andflags
    andlflags
    andlpowers
    ansi
    aposs
    art
    asin
    atan
    atan2
    atrlock
    attrib_set
    attrib_set#
    band
    baseconv
    beep
    before
    benchmark
    bnand
    bnot
    bor
    bound
    brackets
    bxor
    cand
    capstr
    case
    caseall
    cat
    cbuffer
    cbufferadd
    cdesc
    ceil
    cemit
    center
    cflags
    channels
    checkpass
    children
    chr
    CINFO
    clflags
    clock
    clone
    cmds
    cmogrifier
    cmsgs
    cnand
    colors
    comp
    con
    cond
    condall
    CONFIG
    conn
    connlog
    connrecord
    controls
    CONVSECS
    CONVTIME
    CONVUTCSECS
    CONVUTCTIME
    cor
    cos
    cowner
    create
    crecall
    csecs
    cstatus
    ctime
    ctitle
    ctu
    cusers
    cwho
    dec
    decode64
    decompose
    decomposeweb
    decrypt
    default
    DELETE
    die
    dig
    digest
    dist2d
    dist3d
    div
    doing
    downmotd
    e
    edefault
    edit
    elements
    elist
    elock
    emit
    encode64
    encrypt
    endtag
    entrances
    eq
    escape
    etime
    etimefmt
    eval
    exit
    extract
    fdiv
    filter
    filterbool
    findable
    first
    firstof
    flags
    flip
    floor
    floordiv
    fmod
    fn
    fold
    folderstats
    followers
    following
    foreach
    formdecode
    fraction
    fullalias
    fullmotd
    fullname
    functions
    get
    get_eval
    getpids
    grab
    graball
    grep
    grepi
    gt
    gte
    hasattr
    hasattrp
    hasattrpval
    hasattrval
    hasflag
    haspower
    hastype
    height
    hidden
    hmac
    home
    host
    html
    ibreak
    idle
    IDLESECS
    if
    ifelse
    ilev
    iname
    inc
    index
    INSERT
    inum
    ipaddr
    isdaylight
    isdbref
    isint
    isjson
    isnum
    isobjid
    isregexp
    isword
    itemize
    items
    iter
    itext
    json
    json_map
    json_mod
    json_query
    lalign
    last
    lattr
    lattrp
    lcon
    lcstr
    LCSTR2
    ldelete
    left
    lemit
    letq
    lexits
    lflags
    link
    linsert
    list
    listq
    lit
    ljust
    llockflags
    llocks
    lmath
    ln
    lnum
    loc
    localize
    locate
    lock
    lockfilter
    lockflags
    lockowner
    locks
    log
    lparent
    lpids
    lplayers
    lports
    lpos
    lreplace
    lsearch
    lsearchr
    lset
    lstats
    lt
    lte
    lthings
    lvcon
    lvexits
    lvplayers
    lvthings
    lwho
    lwhoid
    mail
    maildstats
    mailfrom
    mailfstats
    maillist
    mailsend
    mailstats
    mailstatus
    mailsubject
    mailtime
    malias
    map
    mapsql
    match
    matchall
    max
    mean
    median
    member
    merge
    message
    mid
    min
    mix
    modulo
    money
    moniker
    motd
    msecs
    mtime
    mudname
    mudurl
    mul
    munge
    mwho
    mwhoid
    name
    namegrab
    namegraball
    namelist
    nand
    nattr
    nattrp
    ncand
    nchildren
    ncon
    ncond
    ncondall
    ncor
    nearby
    neq
    nexits
    next
    nextdbref
    nlsearch
    nmwho
    nor
    not
    nplayers
    nscemit
    nsearch
    nsemit
    nslemit
    nsoemit
    nspemit
    nsprompt
    nsremit
    nszemit
    nthings
    null
    num
    numversion
    nvcon
    nvexits
    nvplayers
    nvthings
    nwho
    obj
    objeval
    objid
    objmem
    oemit
    oob
    open
    or
    ord
    ORDINAL
    orflags
    orlflags
    orlpowers
    owner
    parent
    pcreate
    pemit
    pfun
    pgrep
    pi
    pidinfo
    player
    playermem
    pmatch
    poll
    ports
    pos
    poss
    power
    powers
    prompt
    pueblo
    quota
    r
    rand
    randextract
    randword
    recv
    regedit
    regeditall
    regeditalli
    regediti
    registers
    reglattr
    reglattrp
    reglmatch
    reglmatchall
    reglmatchalli
    reglmatchi
    regmatch
    regmatchalli
    regmatchi
    regnattr
    regnattrp
    regrab
    regraball
    regraballi
    regrabi
    regrep
    regrepi
    REGREPLACE
    regxattr
    regxattrp
    remainder
    remit
    remove
    render
    rendermarkdown
    rendermarkdowncustom
    repeat
    rest
    restarts
    restarttime
    reswitch
    reswitchall
    reswitchalli
    reswitchi
    revwords
    right
    rjust
    rloc
    RNUM
    room
    root
    round
    s
    scan
    scramble
    secs
    secscalc
    secure
    sent
    set
    setdiff
    setinter
    setq
    setr
    setsymdiff
    setunion
    SHA0
    shl
    shr
    shuffle
    sign
    sin
    slev
    sort
    sortby
    sortkey
    soundex
    soundslike
    space
    speak
    spellnum
    splice
    sql
    sqlescape
    sqrt
    squish
    ssl
    starttime
    stddev
    step
    stext
    strallof
    strcat
    strdelete
    strfirstof
    stringsecs
    strinsert
    stripaccents
    stripansi
    strlen
    strmatch
    strreplace
    sub
    subj
    suggest
    switch
    switchall
    t
    table
    tag
    tagwrap
    tan
    tel
    terminfo
    testlock
    textentries
    textfile
    textsearch
    time
    timecalc
    timefmt
    timestring
    tr
    trim
    trimpenn
    trimtiny
    trunc
    type
    ucstr
    UCSTR2
    udefault
    ufun
    ulambda
    uldefault
    ulocal
    unique
    unsetq
    uptime
    urldecode
    urlencode
    utctime
    v
    vadd
    valid
    vcross
    vdim
    vdot
    version
    visible
    vmag
    vmax
    vmin
    vmul
    vsub
    vunit
    WEBSOCKET_HTML
    WEBSOCKET_JSON
    where
    width
    wildgrep
    wildgrepi
    wipe
    wizmotd
    wordpos
    words
    wrap
    wshtml
    wsjson
    xattr
    xattrp
    xcon
    xexits
    xget
    xmwho
    xmwhoid
    xor
    xplayers
    xthings
    xvcon
    xvexits
    xvplayers
    xvthings
    xwho
    xwhoid
    zemit
    zfind
    zfun
    zmwho
    zone
    zwho*, <null>, Announce)
  	Notify(SharpMUSH.Library.Models.SharpPlayer: SharpMUSH.Library.Models.SharpPlayer, *System.String: Current Message of the Day settings:*, <null>, Announce)
  	Notify(SharpMUSH.Library.Models.SharpPlayer: SharpMUSH.Library.Models.SharpPlayer, *System.String:   Connect MOTD File: txt/motd.txt*, <null>, Announce)
  	Notify(SharpMUSH.Library.Models.SharpPlayer: SharpMUSH.Library.Models.SharpPlayer, *System.String:   Connect MOTD HTML: txt/motd.html*, <null>, Announce)
  	Notify(SharpMUSH.Library.Models.SharpPlayer: SharpMUSH.Library.Models.SharpPlayer, *System.String:   Wizard MOTD File: txt/wizmotd.txt*, <null>, Announce)
  	Notify(SharpMUSH.Library.Models.SharpPlayer: SharpMUSH.Library.Models.SharpPlayer, *System.String:   Wizard MOTD HTML: txt/wizmotd.html*, <null>, Announce)
  	Notify(SharpMUSH.Library.Models.SharpPlayer: SharpMUSH.Library.Models.SharpPlayer, *System.String: STANDARD ATTRIBUTES:
    AAHEAR
    ABUY
    ACLONE
    ACONNECT
    ADEATH
    ADESCRIBE
    ADESTROY
    ADISCONNECT
    ADROP
    AEFAIL
    AENTER
    AFAILURE
    AFOLLOW
    AGIVE
    AHEAR
    AIDESCRIBE
    ALEAVE
    ALFAIL
    ALIAS
    AMAIL
    AMHEAR
    AMOVE
    ANAME
    APAYMENT
    ARECEIVE
    ASUCCESS
    ATPORT
    AUFAIL
    AUNFOLLOW
    AUSE
    AWAY
    AZENTER
    AZLEAVE
    BUY
    CHANALIAS
    CHARGES
    CHATFORMAT
    COMMENT
    CONFORMAT
    COST
    DEATH
    DEBUGFORWARDLIST
    DESCFORMAT
    DESCRIBE
    DESTINATION
    DOING
    DROP
    EALIAS
    EFAIL
    ENTER
    EXITFORMAT
    EXITTO
    FAILURE
    FILTER
    FOLLOW
    FOLLOWERS
    FOLLOWING
    FORWARDLIST
    GIVE
    HAVEN
    IDESCFORMAT
    IDESCRIBE
    IDLE
    INFILTER
    INPREFIX
    INVFORMAT
    LALIAS
    LAST
    LASTFAILED
    LASTIP
    LASTLOGOUT
    LASTPAGED
    LASTSITE
    LEAVE
    LFAIL
    LISTEN
    MAILCURF
    MAILFILTER
    MAILFILTERS
    MAILFOLDERS
    MAILFORWARDLIST
    MAILQUOTA
    MAILSIGNATURE
    MONIKER
    MOVE
    NAMEACCENT
    NAMEFORMAT
    OBUY
    ODEATH
    ODESCRIBE
    ODROP
    OEFAIL
    OENTER
    OFAILURE
    OFOLLOW
    OGIVE
    OIDESCRIBE
    OLEAVE
    OLFAIL
    OMOVE
    ONAME
    OPAYMENT
    ORECEIVE
    OSUCCESS
    OTPORT
    OUFAIL
    OUNFOLLOW
    OUSE
    OUTPAGEFORMAT
    OXENTER
    OXLEAVE
    OXMOVE
    OXTPORT
    OZENTER
    OZLEAVE
    PAGEFORMAT
    PAYMENT
    PREFIX
    PRICELIST
    QUEUE
    RECEIVE
    REGISTERED_EMAIL
    RQUOTA
    RUNOUT
    SEMAPHORE
    SEX
    SPEECHMOD
    STARTUP
    SUCCESS
    TFPREFIX
    TPORT
    TZ
    UFAIL
    UNFOLLOW
    USE
    VA
    VB
    VC
    VD
    VE
    VF
    VG
    VH
    VI
    VJ
    VK
    VL
    VM
    VN
    VO
    VP
    VQ
    VR
    VRML_URL
    VS
    VT
    VU
    VV
    VW
    VX
    VY
    VZ
    WA
    WB
    WC
    WD
    WE
    WF
    WG
    WH
    WI
    WJ
    WK
    WL
    WM
    WN
    WO
    WP
    WQ
    WR
    WS
    WT
    WU
    WV
    WW
    WX
    WY
    WZ
    XA
    XB
    XC
    XD
    XE
    XF
    XG
    XH
    XI
    XJ
    XK
    XL
    XM
    XN
    XO
    XP
    XQ
    XR
    XS
    XT
    XU
    XV
    XW
    XX
    XY
    XZ
    ZENTER*, <null>, Announce)
  	Notify(SharpMUSH.Library.Models.SharpPlayer: SharpMUSH.Library.Models.SharpPlayer, *System.String: OBJECT FLAGS:
  NAME                 SYMBOL TYPE RESTRICTIONS
  -------------------- ------ -------------------
  WIZARD               W      ROOM,PLAYER,EXIT,THING
  ABODE                A      ROOM
  ANSI                 A      PLAYER
  CHOWN_OK             C      ROOM,PLAYER,THING
  COLOR                C      PLAYER
  DARK                 D      ROOM,PLAYER,EXIT,THING
  FIXED                F      PLAYER
  FLOATING             F      ROOM
  HAVEN                H      PLAYER
  TRUST                I      ROOM,PLAYER,EXIT,THING
  JUDGE                J      PLAYER
  JUMP_OK              J      ROOM
  LINK_OK              L      ROOM,PLAYER,EXIT,THING
  MONITOR              M      ROOM,PLAYER,THING
  NO_LEAVE             N      THING
  NO_TEL               N      ROOM
  OPAQUE               O      ROOM,PLAYER,EXIT,THING
  QUIET                Q      ROOM,PLAYER,EXIT,THING
  UNFINDABLE           U      ROOM,PLAYER,EXIT,THING
  VISUAL               V      ROOM,PLAYER,EXIT,THING
  SAFE                 X      ROOM,PLAYER,EXIT,THING
  SHARED               Z      PLAYER
  Z_TEL                Z      ROOM,THING
  LISTEN_PARENT        ^      PLAYER,THING,ROOM
  NOACCENTS            ~      PLAYER,THING,ROOM
  UNREGISTERED         ?      PLAYER
  NOSPOOF              "      ROOM,PLAYER,EXIT,THING
  AUDIBLE              a      ROOM,PLAYER,EXIT,THING
  DEBUG                b      ROOM,PLAYER,EXIT,THING
  DESTROY_OK           d      THING
  ENTER_OK             e      ROOM,PLAYER,EXIT,THING
  GAGGED               g      PLAYER
  HALT                 h      ROOM,PLAYER,EXIT,THING
  ORPHAN               i      ROOM,PLAYER,EXIT,THING
  JURY_OK              j      PLAYER
  KEEPALIVE            k      PLAYER
  LIGHT                l      ROOM,PLAYER,EXIT,THING
  MISTRUST             m      PLAYER,EXIT,THING
  MISTRUST             m      PLAYER,EXIT,THING
  NO_COMMAND           n      ROOM,PLAYER,EXIT,THING
  ON_VACATION          o      PLAYER
  PUPPET               P      THING
  ROYALTY              r      ROOM,PLAYER,EXIT,THING
  SUSPECT              s      ROOM,PLAYER,EXIT,THING
  TRANSPARENT          t      ROOM,PLAYER,EXIT,THING
  VERBOSE              v      ROOM,PLAYER,EXIT,THING
  NO_WARN              w      ROOM,PLAYER,EXIT,THING
  CLOUDY               x      EXIT
  CHAN_USEFIRSTMATCH          ROOM,PLAYER,EXIT,THING
  HEAR_CONNECT                PLAYER
  HEAVY                       ROOM,PLAYER,EXIT,THING
  LOUD                        PLAYER
  NO_LOG                      PLAYER
  PARANOID                    PLAYER
  TRACK_MONEY                 PLAYER
  XTERM256                    PLAYER
  MONIKER                     ROOM,PLAYER,EXIT,THING
  OPEN_OK                     ROOM
  GOING                g      ROOM,PLAYER,EXIT,THING
  GOING_TWICE                 ROOM,PLAYER,EXIT,THING*, <null>, Announce)
  	Notify(SharpMUSH.Library.Models.SharpPlayer: SharpMUSH.Library.Models.SharpPlayer, *System.String: You have no channel aliases.*, <null>, Announce)
  	Notify(SharpMUSH.Library.Models.SharpPlayer: SharpMUSH.Library.Models.SharpPlayer, *MarkupString.MarkupStringModule+MarkupString: <TestCommandChannel> ChatCommand: Test message*, SharpMUSH.Library.Models.SharpPlayer: SharpMUSH.Library.Models.SharpPlayer, *Emit*)
  	Notify(SharpMUSH.Library.Models.SharpPlayer: SharpMUSH.Library.Models.SharpPlayer, *MarkupString.MarkupStringModule+MarkupString: <TestCommandChannel> ChatCommand: Test message*, SharpMUSH.Library.Models.SharpPlayer: SharpMUSH.Library.Models.SharpPlayer, *Emit*)
  	Notify(SharpMUSH.Library.Models.SharpPlayer: SharpMUSH.Library.Models.SharpPlayer, *MarkupString.MarkupStringModule+MarkupString: <TestCommandChannel> ChatCommand: Test message*, SharpMUSH.Library.Models.SharpPlayer: SharpMUSH.Library.Models.SharpPlayer, *Emit*)
  	Notify(SharpMUSH.Library.Models.SharpPlayer: SharpMUSH.Library.Models.SharpPlayer, *System.String: Alias 'TestCommandChannel' not found.*, <null>, Announce)
  	Notify(SharpMUSH.Library.Models.SharpPlayer: SharpMUSH.Library.Models.SharpPlayer, *MarkupString.MarkupStringModule+MarkupString: <TestCommandChannel> God says, "NscemitCommand: Test message"*, SharpMUSH.Library.Models.SharpPlayer: SharpMUSH.Library.Models.SharpPlayer, *NSEmit*)
  	Notify(SharpMUSH.Library.Models.SharpPlayer: SharpMUSH.Library.Models.SharpPlayer, *MarkupString.MarkupStringModule+MarkupString: <TestCommandChannel> God says, "NscemitCommand: Test message"*, SharpMUSH.Library.Models.SharpPlayer: SharpMUSH.Library.Models.SharpPlayer, *NSEmit*)
  	Notify(SharpMUSH.Library.Models.SharpPlayer: SharpMUSH.Library.Models.SharpPlayer, *MarkupString.MarkupStringModule+MarkupString: <TestCommandChannel> God says, "NscemitCommand: Test message"*, SharpMUSH.Library.Models.SharpPlayer: SharpMUSH.Library.Models.SharpPlayer, *NSEmit*)
  	Notify(SharpMUSH.Library.Models.SharpPlayer: SharpMUSH.Library.Models.SharpPlayer, *MarkupString.MarkupStringModule+MarkupString: <TestCommandChannel> God says, "NscemitCommand: Test message"*, SharpMUSH.Library.Models.SharpPlayer: SharpMUSH.Library.Models.SharpPlayer, *NSEmit*)
  	Notify(SharpMUSH.Library.Models.SharpPlayer: SharpMUSH.Library.Models.SharpPlayer, *MarkupString.MarkupStringModule+MarkupString: <TestCommandChannel> God says, "NscemitCommand: Test message"*, SharpMUSH.Library.Models.SharpPlayer: SharpMUSH.Library.Models.SharpPlayer, *NSEmit*)
  	Notify(SharpMUSH.Library.Models.SharpPlayer: SharpMUSH.Library.Models.SharpPlayer, *MarkupString.MarkupStringModule+MarkupString: <TestCommandChannel> God says, "NscemitCommand: Test message"*, SharpMUSH.Library.Models.SharpPlayer: SharpMUSH.Library.Models.SharpPlayer, *NSEmit*)
  	Notify(SharpMUSH.Library.Models.SharpPlayer: SharpMUSH.Library.Models.SharpPlayer, *MarkupString.MarkupStringModule+MarkupString: <TestCommandChannel> God says, "NscemitCommand: Test message"*, SharpMUSH.Library.Models.SharpPlayer: SharpMUSH.Library.Models.SharpPlayer, *NSEmit*)
  	Notify(SharpMUSH.Library.Models.SharpPlayer: SharpMUSH.Library.Models.SharpPlayer, *System.String: Channel not found.*, <null>, Announce)
  	Notify(SharpMUSH.Library.Models.SharpPlayer: SharpMUSH.Library.Models.SharpPlayer, *MarkupString.MarkupStringModule+MarkupString: <TestCommandChannel> CemitCommand: Test message*, SharpMUSH.Library.Models.SharpPlayer: SharpMUSH.Library.Models.SharpPlayer, *Emit*)
  	Notify(SharpMUSH.Library.Models.SharpPlayer: SharpMUSH.Library.Models.SharpPlayer, *MarkupString.MarkupStringModule+MarkupString: <TestCommandChannel> CemitCommand: Test message*, SharpMUSH.Library.Models.SharpPlayer: SharpMUSH.Library.Models.SharpPlayer, *Emit*)
  	Notify(SharpMUSH.Library.Models.SharpPlayer: SharpMUSH.Library.Models.SharpPlayer, *MarkupString.MarkupStringModule+MarkupString: <TestCommandChannel> CemitCommand: Test message*, SharpMUSH.Library.Models.SharpPlayer: SharpMUSH.Library.Models.SharpPlayer, *Emit*)
  	Notify(SharpMUSH.Library.Models.SharpPlayer: SharpMUSH.Library.Models.SharpPlayer, *MarkupString.MarkupStringModule+MarkupString: <TestCommandChannel> CemitCommand: Test message*, SharpMUSH.Library.Models.SharpPlayer: SharpMUSH.Library.Models.SharpPlayer, *Emit*)
  	Notify(SharpMUSH.Library.Models.SharpPlayer: SharpMUSH.Library.Models.SharpPlayer, *MarkupString.MarkupStringModule+MarkupString: <TestCommandChannel> CemitCommand: Test message*, SharpMUSH.Library.Models.SharpPlayer: SharpMUSH.Library.Models.SharpPlayer, *Emit*)
  	Notify(SharpMUSH.Library.Models.SharpPlayer: SharpMUSH.Library.Models.SharpPlayer, *MarkupString.MarkupStringModule+MarkupString: <TestCommandChannel> CemitCommand: Test message*, SharpMUSH.Library.Models.SharpPlayer: SharpMUSH.Library.Models.SharpPlayer, *Emit*)
  	Notify(SharpMUSH.Library.Models.SharpPlayer: SharpMUSH.Library.Models.SharpPlayer, *MarkupString.MarkupStringModule+MarkupString: <TestCommandChannel> CemitCommand: Test message*, SharpMUSH.Library.Models.SharpPlayer: SharpMUSH.Library.Models.SharpPlayer, *Emit*)
  	Notify(SharpMUSH.Library.Models.SharpPlayer: SharpMUSH.Library.Models.SharpPlayer, *MarkupString.MarkupStringModule+MarkupString: <TestCommandChannel> CemitCommand: Test message*, SharpMUSH.Library.Models.SharpPlayer: SharpMUSH.Library.Models.SharpPlayer, *Emit*)
  	Notify(SharpMUSH.Library.Models.SharpPlayer: SharpMUSH.Library.Models.SharpPlayer, *MarkupString.MarkupStringModule+MarkupString: <TestCommandChannel> CemitCommand: Test message*, SharpMUSH.Library.Models.SharpPlayer: SharpMUSH.Library.Models.SharpPlayer, *Emit*)
  	Notify(SharpMUSH.Library.Models.SharpPlayer: SharpMUSH.Library.Models.SharpPlayer, *System.String: Alias 'pub' not found.*, <null>, Announce)
  	Notify(SharpMUSH.Library.Models.SharpPlayer: SharpMUSH.Library.Models.SharpPlayer, *System.String: *, <null>, Announce)
  	Notify(SharpMUSH.Library.Models.SharpPlayer: SharpMUSH.Library.Models.SharpPlayer, *System.String: -1*, <null>, Announce)
  	Notify(SharpMUSH.Library.Models.SharpPlayer: SharpMUSH.Library.Models.SharpPlayer, *System.String: -1*, <null>, Announce)
  	Notify(SharpMUSH.Library.Models.SharpPlayer: SharpMUSH.Library.Models.SharpPlayer, *System.String: -1*, <null>, Announce)
  	Notify(SharpMUSH.Library.Models.SharpPlayer: SharpMUSH.Library.Models.SharpPlayer, *System.String: -1*, <null>, Announce)
  	Notify(SharpMUSH.Library.Models.SharpPlayer: SharpMUSH.Library.Models.SharpPlayer, *System.String: -1*, <null>, Announce)
  	Notify(SharpMUSH.Library.Models.SharpPlayer: SharpMUSH.Library.Models.SharpPlayer, *System.String: -1*, <null>, Announce)
  	Notify(SharpMUSH.Library.Models.SharpPlayer: SharpMUSH.Library.Models.SharpPlayer, *System.String: -1*, <null>, Announce)
  	Notify(SharpMUSH.Library.Models.SharpPlayer: SharpMUSH.Library.Models.SharpPlayer, *System.String: -1*, <null>, Announce)
  	Notify(SharpMUSH.Library.Models.SharpPlayer: SharpMUSH.Library.Models.SharpPlayer, *System.String: -1*, <null>, Announce)
  	Notify(SharpMUSH.Library.Models.SharpPlayer: SharpMUSH.Library.Models.SharpPlayer, *System.String: -1*, <null>, Announce)
  	Notify(SharpMUSH.Library.Models.SharpPlayer: SharpMUSH.Library.Models.SharpPlayer, *System.String: -1*, <null>, Announce)
  	Notify(SharpMUSH.Library.Models.SharpPlayer: SharpMUSH.Library.Models.SharpPlayer, *System.String: -1*, <null>, Announce)
  	Notify(SharpMUSH.Library.Models.SharpPlayer: SharpMUSH.Library.Models.SharpPlayer, *System.String: -1*, <null>, Announce)
  	Notify(SharpMUSH.Library.Models.SharpPlayer: SharpMUSH.Library.Models.SharpPlayer, *System.String: -1*, <null>, Announce)
  	Notify(SharpMUSH.Library.Models.SharpPlayer: SharpMUSH.Library.Models.SharpPlayer, *System.String: -1*, <null>, Announce)
  	Notify(SharpMUSH.Library.Models.SharpPlayer: SharpMUSH.Library.Models.SharpPlayer, *System.String: -1*, <null>, Announce)
  	Notify(SharpMUSH.Library.Models.SharpPlayer: SharpMUSH.Library.Models.SharpPlayer, *System.String: -1*, <null>, Announce)
  	Notify(SharpMUSH.Library.Models.SharpPlayer: SharpMUSH.Library.Models.SharpPlayer, *System.String: -1*, <null>, Announce)
  	Notify(SharpMUSH.Library.Models.SharpPlayer: SharpMUSH.Library.Models.SharpPlayer, *System.String: -1*, <null>, Announce)
  	Notify(SharpMUSH.Library.Models.SharpPlayer: SharpMUSH.Library.Models.SharpPlayer, *System.String: -1*, <null>, Announce)
  	Notify(SharpMUSH.Library.Models.SharpPlayer: SharpMUSH.Library.Models.SharpPlayer, *System.String: -1*, <null>, Announce)
  	Notify(SharpMUSH.Library.Models.SharpPlayer: SharpMUSH.Library.Models.SharpPlayer, *System.String: -1*, <null>, Announce)
  	Notify(SharpMUSH.Library.Models.SharpPlayer: SharpMUSH.Library.Models.SharpPlayer, *System.String: -1*, <null>, Announce)
  	Notify(SharpMUSH.Library.Models.SharpPlayer: SharpMUSH.Library.Models.SharpPlayer, *System.String: -1*, <null>, Announce)
  	Notify(SharpMUSH.Library.Models.SharpPlayer: SharpMUSH.Library.Models.SharpPlayer, *System.String: -1*, <null>, Announce)
  	Notify(SharpMUSH.Library.Models.SharpPlayer: SharpMUSH.Library.Models.SharpPlayer, *System.String: -1*, <null>, Announce)
  	Notify(SharpMUSH.Library.Models.SharpPlayer: SharpMUSH.Library.Models.SharpPlayer, *System.String: -1*, <null>, Announce)
  	Notify(SharpMUSH.Library.Models.SharpPlayer: SharpMUSH.Library.Models.SharpPlayer, *System.String: -1*, <null>, Announce)
  	Notify(SharpMUSH.Library.Models.SharpPlayer: SharpMUSH.Library.Models.SharpPlayer, *System.String: -1*, <null>, Announce)
  	Notify(SharpMUSH.Library.Models.SharpPlayer: SharpMUSH.Library.Models.SharpPlayer, *System.String: -1*, <null>, Announce)
  	Notify(SharpMUSH.Library.Models.SharpPlayer: SharpMUSH.Library.Models.SharpPlayer, *System.String: -1*, <null>, Announce)
  	Notify(SharpMUSH.Library.Models.SharpPlayer: SharpMUSH.Library.Models.SharpPlayer, *System.String: -1*, <null>, Announce)
  	Notify(SharpMUSH.Library.Models.SharpPlayer: SharpMUSH.Library.Models.SharpPlayer, *System.String: -1*, <null>, Announce)
  	Notify(SharpMUSH.Library.Models.SharpPlayer: SharpMUSH.Library.Models.SharpPlayer, *System.String: -1*, <null>, Announce)
  	Notify(SharpMUSH.Library.Models.SharpPlayer: SharpMUSH.Library.Models.SharpPlayer, *System.String: -1*, <null>, Announce)
  	Notify(SharpMUSH.Library.Models.SharpPlayer: SharpMUSH.Library.Models.SharpPlayer, *System.String: -1*, <null>, Announce)
  	Notify(SharpMUSH.Library.Models.SharpPlayer: SharpMUSH.Library.Models.SharpPlayer, *System.String: -1*, <null>, Announce)
  	Notify(SharpMUSH.Library.Models.SharpPlayer: SharpMUSH.Library.Models.SharpPlayer, *System.String: -1*, <null>, Announce)
  	Notify(SharpMUSH.Library.Models.SharpPlayer: SharpMUSH.Library.Models.SharpPlayer, *System.String: -1*, <null>, Announce)
  	Notify(SharpMUSH.Library.Models.SharpPlayer: SharpMUSH.Library.Models.SharpPlayer, *System.String: -1*, <null>, Announce)
  	Notify(SharpMUSH.Library.Models.SharpPlayer: SharpMUSH.Library.Models.SharpPlayer, *System.String: -1*, <null>, Announce)
  	Notify(SharpMUSH.Library.Models.SharpPlayer: SharpMUSH.Library.Models.SharpPlayer, *System.String: -1*, <null>, Announce)
  	Notify(SharpMUSH.Library.Models.SharpPlayer: SharpMUSH.Library.Models.SharpPlayer, *System.String: -1*, <null>, Announce)
  	Notify(SharpMUSH.Library.Models.SharpPlayer: SharpMUSH.Library.Models.SharpPlayer, *System.String: -1*, <null>, Announce)
  	Notify(SharpMUSH.Library.Models.SharpPlayer: SharpMUSH.Library.Models.SharpPlayer, *System.String: -1*, <null>, Announce)
  	Notify(SharpMUSH.Library.Models.SharpPlayer: SharpMUSH.Library.Models.SharpPlayer, *System.String: -1*, <null>, Announce)
  	Notify(SharpMUSH.Library.Models.SharpPlayer: SharpMUSH.Library.Models.SharpPlayer, *System.String: -1*, <null>, Announce)
  	Notify(SharpMUSH.Library.Models.SharpPlayer: SharpMUSH.Library.Models.SharpPlayer, *System.String: -1*, <null>, Announce)
  	Notify(SharpMUSH.Library.Models.SharpPlayer: SharpMUSH.Library.Models.SharpPlayer, *System.String: -1*, <null>, Announce)
  	Notify(SharpMUSH.Library.Models.SharpPlayer: SharpMUSH.Library.Models.SharpPlayer, *System.String: -1*, <null>, Announce)
  	Notify(SharpMUSH.Library.Models.SharpPlayer: SharpMUSH.Library.Models.SharpPlayer, *System.String: -1*, <null>, Announce)
  	Notify(SharpMUSH.Library.Models.SharpPlayer: SharpMUSH.Library.Models.SharpPlayer, *System.String: -1*, <null>, Announce)
  	Notify(SharpMUSH.Library.Models.SharpPlayer: SharpMUSH.Library.Models.SharpPlayer, *System.String: -1*, <null>, Announce)
  	Notify(SharpMUSH.Library.Models.SharpPlayer: SharpMUSH.Library.Models.SharpPlayer, *System.String: -1*, <null>, Announce)
  	Notify(SharpMUSH.Library.Models.SharpPlayer: SharpMUSH.Library.Models.SharpPlayer, *System.String: -1*, <null>, Announce)
  	Notify(SharpMUSH.Library.Models.SharpPlayer: SharpMUSH.Library.Models.SharpPlayer, *System.String: -1*, <null>, Announce)
  	Notify(SharpMUSH.Library.Models.SharpPlayer: SharpMUSH.Library.Models.SharpPlayer, *System.String: -1*, <null>, Announce)
  	Notify(SharpMUSH.Library.Models.SharpPlayer: SharpMUSH.Library.Models.SharpPlayer, *System.String: -1*, <null>, Announce)
  	Notify(SharpMUSH.Library.Models.SharpPlayer: SharpMUSH.Library.Models.SharpPlayer, *System.String: -1*, <null>, Announce)
  	Notify(SharpMUSH.Library.Models.SharpPlayer: SharpMUSH.Library.Models.SharpPlayer, *System.String: -1*, <null>, Announce)
  	Notify(SharpMUSH.Library.Models.SharpPlayer: SharpMUSH.Library.Models.SharpPlayer, *System.String: -1*, <null>, Announce)
  	Notify(SharpMUSH.Library.Models.SharpPlayer: SharpMUSH.Library.Models.SharpPlayer, *System.String: -1*, <null>, Announce)
  	Notify(SharpMUSH.Library.Models.SharpPlayer: SharpMUSH.Library.Models.SharpPlayer, *System.String: -1*, <null>, Announce)
  	Notify(SharpMUSH.Library.Models.SharpPlayer: SharpMUSH.Library.Models.SharpPlayer, *System.String: -1*, <null>, Announce)
  	Notify(SharpMUSH.Library.Models.SharpPlayer: SharpMUSH.Library.Models.SharpPlayer, *System.String: -1*, <null>, Announce)
  	Notify(SharpMUSH.Library.Models.SharpPlayer: SharpMUSH.Library.Models.SharpPlayer, *System.String: -1*, <null>, Announce)
  	Notify(SharpMUSH.Library.Models.SharpPlayer: SharpMUSH.Library.Models.SharpPlayer, *System.String: -1*, <null>, Announce)
  	Notify(SharpMUSH.Library.Models.SharpPlayer: SharpMUSH.Library.Models.SharpPlayer, *System.String: -1*, <null>, Announce)
  	Notify(SharpMUSH.Library.Models.SharpPlayer: SharpMUSH.Library.Models.SharpPlayer, *System.String: -1*, <null>, Announce)
  	Notify(SharpMUSH.Library.Models.SharpPlayer: SharpMUSH.Library.Models.SharpPlayer, *System.String: -1*, <null>, Announce)
  	Notify(SharpMUSH.Library.Models.SharpPlayer: SharpMUSH.Library.Models.SharpPlayer, *System.String: -1*, <null>, Announce)
  	Notify(SharpMUSH.Library.Models.SharpPlayer: SharpMUSH.Library.Models.SharpPlayer, *System.String: -1*, <null>, Announce)
  	Notify(SharpMUSH.Library.Models.SharpPlayer: SharpMUSH.Library.Models.SharpPlayer, *System.String: -1*, <null>, Announce)
  	Notify(SharpMUSH.Library.Models.SharpPlayer: SharpMUSH.Library.Models.SharpPlayer, *System.String: -1*, <null>, Announce)
  	Notify(SharpMUSH.Library.Models.SharpPlayer: SharpMUSH.Library.Models.SharpPlayer, *System.String: -1*, <null>, Announce)
  	Notify(SharpMUSH.Library.Models.SharpPlayer: SharpMUSH.Library.Models.SharpPlayer, *System.String: -1*, <null>, Announce)
  	Notify(SharpMUSH.Library.Models.SharpPlayer: SharpMUSH.Library.Models.SharpPlayer, *System.String: -1*, <null>, Announce)
  	Notify(SharpMUSH.Library.Models.SharpPlayer: SharpMUSH.Library.Models.SharpPlayer, *System.String: -1*, <null>, Announce)
  	Notify(SharpMUSH.Library.Models.SharpPlayer: SharpMUSH.Library.Models.SharpPlayer, *System.String: -1*, <null>, Announce)
  	Notify(SharpMUSH.Library.Models.SharpPlayer: SharpMUSH.Library.Models.SharpPlayer, *System.String: -1*, <null>, Announce)
  	Notify(SharpMUSH.Library.Models.SharpPlayer: SharpMUSH.Library.Models.SharpPlayer, *System.String: -1*, <null>, Announce)
  	Notify(SharpMUSH.Library.Models.SharpPlayer: SharpMUSH.Library.Models.SharpPlayer, *System.String: -1*, <null>, Announce)
  	Notify(SharpMUSH.Library.Models.SharpPlayer: SharpMUSH.Library.Models.SharpPlayer, *System.String: -1*, <null>, Announce)
  	Notify(SharpMUSH.Library.Models.SharpPlayer: SharpMUSH.Library.Models.SharpPlayer, *System.String: -1*, <null>, Announce)
  	Notify(SharpMUSH.Library.Models.SharpPlayer: SharpMUSH.Library.Models.SharpPlayer, *System.String: -1*, <null>, Announce)
  	Notify(SharpMUSH.Library.Models.SharpPlayer: SharpMUSH.Library.Models.SharpPlayer, *System.String: -1*, <null>, Announce)
  	Notify(SharpMUSH.Library.Models.SharpPlayer: SharpMUSH.Library.Models.SharpPlayer, *System.String: -1*, <null>, Announce)
  	Notify(SharpMUSH.Library.Models.SharpPlayer: SharpMUSH.Library.Models.SharpPlayer, *System.String: -1*, <null>, Announce)
  	Notify(SharpMUSH.Library.Models.SharpPlayer: SharpMUSH.Library.Models.SharpPlayer, *System.String: -1*, <null>, Announce)
  	Notify(SharpMUSH.Library.Models.SharpPlayer: SharpMUSH.Library.Models.SharpPlayer, *System.String: -1*, <null>, Announce)
  	Notify(SharpMUSH.Library.Models.SharpPlayer: SharpMUSH.Library.Models.SharpPlayer, *System.String: -1*, <null>, Announce)
  	Notify(SharpMUSH.Library.Models.SharpPlayer: SharpMUSH.Library.Models.SharpPlayer, *System.String: -1*, <null>, Announce)
  	Notify(SharpMUSH.Library.Models.SharpPlayer: SharpMUSH.Library.Models.SharpPlayer, *System.String: -1*, <null>, Announce)
  	Notify(SharpMUSH.Library.Models.SharpPlayer: SharpMUSH.Library.Models.SharpPlayer, *System.String: -1*, <null>, Announce)
  	Notify(SharpMUSH.Library.Models.SharpPlayer: SharpMUSH.Library.Models.SharpPlayer, *System.String: -1*, <null>, Announce)
  	Notify(SharpMUSH.Library.Models.SharpPlayer: SharpMUSH.Library.Models.SharpPlayer, *System.String: -1*, <null>, Announce)
  	Notify(SharpMUSH.Library.Models.SharpPlayer: SharpMUSH.Library.Models.SharpPlayer, *System.String: -1*, <null>, Announce)
  	Notify(SharpMUSH.Library.Models.SharpPlayer: SharpMUSH.Library.Models.SharpPlayer, *System.String: -1*, <null>, Announce)
  	Notify(SharpMUSH.Library.Models.SharpPlayer: SharpMUSH.Library.Models.SharpPlayer, *System.String: -1*, <null>, Announce)
  	Notify(SharpMUSH.Library.Models.SharpPlayer: SharpMUSH.Library.Models.SharpPlayer, *System.String: -1*, <null>, Announce)
  	Notify(SharpMUSH.Library.Models.SharpPlayer: SharpMUSH.Library.Models.SharpPlayer, *System.String: -1*, <null>, Announce)
  	Notify(SharpMUSH.Library.Models.SharpPlayer: SharpMUSH.Library.Models.SharpPlayer, *System.String: -1*, <null>, Announce)
  	Notify(SharpMUSH.Library.Models.SharpPlayer: SharpMUSH.Library.Models.SharpPlayer, *System.String: -1*, <null>, Announce)
  	Notify(SharpMUSH.Library.Models.SharpPlayer: SharpMUSH.Library.Models.SharpPlayer, *System.String: -1*, <null>, Announce)
  	Notify(SharpMUSH.Library.Models.SharpPlayer: SharpMUSH.Library.Models.SharpPlayer, *System.String: -1*, <null>, Announce)
  	Notify(SharpMUSH.Library.Models.SharpPlayer: SharpMUSH.Library.Models.SharpPlayer, *System.String: -1*, <null>, Announce)
  	Notify(SharpMUSH.Library.Models.SharpPlayer: SharpMUSH.Library.Models.SharpPlayer, *System.String: -1*, <null>, Announce)
  	Notify(SharpMUSH.Library.Models.SharpPlayer: SharpMUSH.Library.Models.SharpPlayer, *System.String: -1*, <null>, Announce)
  	Notify(SharpMUSH.Library.Models.SharpPlayer: SharpMUSH.Library.Models.SharpPlayer, *System.String: -1*, <null>, Announce)
  	Notify(SharpMUSH.Library.Models.SharpPlayer: SharpMUSH.Library.Models.SharpPlayer, *System.String: -1*, <null>, Announce)
  	Notify(SharpMUSH.Library.Models.SharpPlayer: SharpMUSH.Library.Models.SharpPlayer, *System.String: -1*, <null>, Announce)
  	Notify(SharpMUSH.Library.Models.SharpPlayer: SharpMUSH.Library.Models.SharpPlayer, *System.String: -1*, <null>, Announce)
  	Notify(SharpMUSH.Library.Models.SharpPlayer: SharpMUSH.Library.Models.SharpPlayer, *System.String: -1*, <null>, Announce)
  	Notify(SharpMUSH.Library.Models.SharpPlayer: SharpMUSH.Library.Models.SharpPlayer, *System.String: -1*, <null>, Announce)
  	Notify(SharpMUSH.Library.Models.SharpPlayer: SharpMUSH.Library.Models.SharpPlayer, *System.String: -1*, <null>, Announce)
  	Notify(SharpMUSH.Library.Models.SharpPlayer: SharpMUSH.Library.Models.SharpPlayer, *System.String: -1*, <null>, Announce)
  	Notify(SharpMUSH.Library.Models.SharpPlayer: SharpMUSH.Library.Models.SharpPlayer, *System.String: -1*, <null>, Announce)
  	Notify(SharpMUSH.Library.Models.SharpPlayer: SharpMUSH.Library.Models.SharpPlayer, *System.String: -1*, <null>, Announce)
  	Notify(SharpMUSH.Library.Models.SharpPlayer: SharpMUSH.Library.Models.SharpPlayer, *System.String: -1*, <null>, Announce)
  	Notify(SharpMUSH.Library.Models.SharpPlayer: SharpMUSH.Library.Models.SharpPlayer, *System.String: -1*, <null>, Announce)
  	Notify(SharpMUSH.Library.Models.SharpPlayer: SharpMUSH.Library.Models.SharpPlayer, *System.String: -1*, <null>, Announce)
  	Notify(SharpMUSH.Library.Models.SharpPlayer: SharpMUSH.Library.Models.SharpPlayer, *System.String: -1*, <null>, Announce)
  	Notify(SharpMUSH.Library.Models.SharpPlayer: SharpMUSH.Library.Models.SharpPlayer, *System.String: -1*, <null>, Announce)
  	Notify(SharpMUSH.Library.Models.SharpPlayer: SharpMUSH.Library.Models.SharpPlayer, *System.String: -1*, <null>, Announce)
  	Notify(SharpMUSH.Library.Models.SharpPlayer: SharpMUSH.Library.Models.SharpPlayer, *System.String: -1*, <null>, Announce)
  	Notify(SharpMUSH.Library.Models.SharpPlayer: SharpMUSH.Library.Models.SharpPlayer, *System.String: -1*, <null>, Announce)
  	Notify(SharpMUSH.Library.Models.SharpPlayer: SharpMUSH.Library.Models.SharpPlayer, *System.String: -1*, <null>, Announce)
  	Notify(SharpMUSH.Library.Models.SharpPlayer: SharpMUSH.Library.Models.SharpPlayer, *System.String: -1*, <null>, Announce)
  	Notify(SharpMUSH.Library.Models.SharpPlayer: SharpMUSH.Library.Models.SharpPlayer, *System.String: -1*, <null>, Announce)
  	Notify(SharpMUSH.Library.Models.SharpPlayer: SharpMUSH.Library.Models.SharpPlayer, *System.String: -1*, <null>, Announce)
  	Notify(SharpMUSH.Library.Models.SharpPlayer: SharpMUSH.Library.Models.SharpPlayer, *System.String: -1*, <null>, Announce)
  	Notify(SharpMUSH.Library.Models.SharpPlayer: SharpMUSH.Library.Models.SharpPlayer, *System.String: -1*, <null>, Announce)
  	Notify(SharpMUSH.Library.Models.SharpPlayer: SharpMUSH.Library.Models.SharpPlayer, *System.String: -1*, <null>, Announce)
  	Notify(SharpMUSH.Library.Models.SharpPlayer: SharpMUSH.Library.Models.SharpPlayer, *System.String: -1*, <null>, Announce)
  	Notify(SharpMUSH.Library.Models.SharpPlayer: SharpMUSH.Library.Models.SharpPlayer, *System.String: -1*, <null>, Announce)
  	Notify(SharpMUSH.Library.Models.SharpPlayer: SharpMUSH.Library.Models.SharpPlayer, *System.String: -1*, <null>, Announce)
  	Notify(SharpMUSH.Library.Models.SharpPlayer: SharpMUSH.Library.Models.SharpPlayer, *System.String: -1*, <null>, Announce)
  	Notify(SharpMUSH.Library.Models.SharpPlayer: SharpMUSH.Library.Models.SharpPlayer, *System.String: -1*, <null>, Announce)
  	Notify(SharpMUSH.Library.Models.SharpPlayer: SharpMUSH.Library.Models.SharpPlayer, *System.String: -1*, <null>, Announce)
  	Notify(SharpMUSH.Library.Models.SharpPlayer: SharpMUSH.Library.Models.SharpPlayer, *System.String: -1*, <null>, Announce)
  	Notify(SharpMUSH.Library.Models.SharpPlayer: SharpMUSH.Library.Models.SharpPlayer, *System.String: -1*, <null>, Announce)
  	Notify(SharpMUSH.Library.Models.SharpPlayer: SharpMUSH.Library.Models.SharpPlayer, *System.String: -1*, <null>, Announce)
  	Notify(SharpMUSH.Library.Models.SharpPlayer: SharpMUSH.Library.Models.SharpPlayer, *System.String: -1*, <null>, Announce)
  	Notify(SharpMUSH.Library.Models.SharpPlayer: SharpMUSH.Library.Models.SharpPlayer, *System.String: -1*, <null>, Announce)
  	Notify(SharpMUSH.Library.Models.SharpPlayer: SharpMUSH.Library.Models.SharpPlayer, *System.String: -1*, <null>, Announce)
  	Notify(SharpMUSH.Library.Models.SharpPlayer: SharpMUSH.Library.Models.SharpPlayer, *System.String: -1*, <null>, Announce)
  	Notify(SharpMUSH.Library.Models.SharpPlayer: SharpMUSH.Library.Models.SharpPlayer, *System.String: -1*, <null>, Announce)
  	Notify(SharpMUSH.Library.Models.SharpPlayer: SharpMUSH.Library.Models.SharpPlayer, *System.String: -1*, <null>, Announce)
  	Notify(SharpMUSH.Library.Models.SharpPlayer: SharpMUSH.Library.Models.SharpPlayer, *System.String: -1*, <null>, Announce)
  	Notify(SharpMUSH.Library.Models.SharpPlayer: SharpMUSH.Library.Models.SharpPlayer, *System.String: -1*, <null>, Announce)
  	Notify(SharpMUSH.Library.Models.SharpPlayer: SharpMUSH.Library.Models.SharpPlayer, *System.String: -1*, <null>, Announce)
  	Notify(SharpMUSH.Library.Models.SharpPlayer: SharpMUSH.Library.Models.SharpPlayer, *System.String: -1*, <null>, Announce)
  	Notify(SharpMUSH.Library.Models.SharpPlayer: SharpMUSH.Library.Models.SharpPlayer, *System.String: -1*, <null>, Announce)
  	Notify(SharpMUSH.Library.Models.SharpPlayer: SharpMUSH.Library.Models.SharpPlayer, *System.String: -1*, <null>, Announce)
  	Notify(SharpMUSH.Library.Models.SharpPlayer: SharpMUSH.Library.Models.SharpPlayer, *System.String: -1*, <null>, Announce)
  	Notify(SharpMUSH.Library.Models.SharpPlayer: SharpMUSH.Library.Models.SharpPlayer, *System.String: -1*, <null>, Announce)
  	Notify(SharpMUSH.Library.Models.SharpPlayer: SharpMUSH.Library.Models.SharpPlayer, *System.String: -1*, <null>, Announce)
  	Notify(SharpMUSH.Library.Models.SharpPlayer: SharpMUSH.Library.Models.SharpPlayer, *System.String: -1*, <null>, Announce)
  	Notify(SharpMUSH.Library.Models.SharpPlayer: SharpMUSH.Library.Models.SharpPlayer, *System.String: -1*, <null>, Announce)
  	Notify(SharpMUSH.Library.Models.SharpPlayer: SharpMUSH.Library.Models.SharpPlayer, *System.String: -1*, <null>, Announce)
  	Notify(SharpMUSH.Library.Models.SharpPlayer: SharpMUSH.Library.Models.SharpPlayer, *System.String: -1*, <null>, Announce)
  	Notify(SharpMUSH.Library.Models.SharpPlayer: SharpMUSH.Library.Models.SharpPlayer, *System.String: -1*, <null>, Announce)
  	Notify(SharpMUSH.Library.Models.SharpPlayer: SharpMUSH.Library.Models.SharpPlayer, *System.String: -1*, <null>, Announce)
  	Notify(SharpMUSH.Library.Models.SharpPlayer: SharpMUSH.Library.Models.SharpPlayer, *System.String: -1*, <null>, Announce)
  	Notify(SharpMUSH.Library.Models.SharpPlayer: SharpMUSH.Library.Models.SharpPlayer, *System.String: -1*, <null>, Announce)
  	Notify(SharpMUSH.Library.Models.SharpPlayer: SharpMUSH.Library.Models.SharpPlayer, *System.String: -1*, <null>, Announce)
  	Notify(SharpMUSH.Library.Models.SharpPlayer: SharpMUSH.Library.Models.SharpPlayer, *System.String: -1*, <null>, Announce)
  	Notify(SharpMUSH.Library.Models.SharpPlayer: SharpMUSH.Library.Models.SharpPlayer, *System.String: -1*, <null>, Announce)
  	Notify(SharpMUSH.Library.Models.SharpPlayer: SharpMUSH.Library.Models.SharpPlayer, *System.String: -1*, <null>, Announce)
  	Notify(SharpMUSH.Library.Models.SharpPlayer: SharpMUSH.Library.Models.SharpPlayer, *System.String: -1*, <null>, Announce)
  	Notify(SharpMUSH.Library.Models.SharpPlayer: SharpMUSH.Library.Models.SharpPlayer, *System.String: -1*, <null>, Announce)
  	Notify(SharpMUSH.Library.Models.SharpPlayer: SharpMUSH.Library.Models.SharpPlayer, *System.String: -1*, <null>, Announce)
  	Notify(SharpMUSH.Library.Models.SharpPlayer: SharpMUSH.Library.Models.SharpPlayer, *System.String: -1*, <null>, Announce)
  	Notify(SharpMUSH.Library.Models.SharpPlayer: SharpMUSH.Library.Models.SharpPlayer, *System.String: -1*, <null>, Announce)
  	Notify(SharpMUSH.Library.Models.SharpPlayer: SharpMUSH.Library.Models.SharpPlayer, *System.String: -1*, <null>, Announce)
  	Notify(SharpMUSH.Library.Models.SharpPlayer: SharpMUSH.Library.Models.SharpPlayer, *System.String: -1*, <null>, Announce)
  	Notify(SharpMUSH.Library.Models.SharpPlayer: SharpMUSH.Library.Models.SharpPlayer, *System.String: -1*, <null>, Announce)
  	Notify(SharpMUSH.Library.Models.SharpPlayer: SharpMUSH.Library.Models.SharpPlayer, *System.String: -1*, <null>, Announce)
  	Notify(SharpMUSH.Library.Models.SharpPlayer: SharpMUSH.Library.Models.SharpPlayer, *System.String: -1*, <null>, Announce)
  	Notify(SharpMUSH.Library.Models.SharpPlayer: SharpMUSH.Library.Models.SharpPlayer, *System.String: -1*, <null>, Announce)
  	Notify(SharpMUSH.Library.Models.SharpPlayer: SharpMUSH.Library.Models.SharpPlayer, *System.String: -1*, <null>, Announce)
  	Notify(SharpMUSH.Library.Models.SharpPlayer: SharpMUSH.Library.Models.SharpPlayer, *System.String: -1*, <null>, Announce)
  	Notify(SharpMUSH.Library.Models.SharpPlayer: SharpMUSH.Library.Models.SharpPlayer, *System.String: -1*, <null>, Announce)
  	Notify(SharpMUSH.Library.Models.SharpPlayer: SharpMUSH.Library.Models.SharpPlayer, *System.String: -1*, <null>, Announce)
  	Notify(SharpMUSH.Library.Models.SharpPlayer: SharpMUSH.Library.Models.SharpPlayer, *System.String: -1*, <null>, Announce)
  	Notify(SharpMUSH.Library.Models.SharpPlayer: SharpMUSH.Library.Models.SharpPlayer, *System.String: -1*, <null>, Announce)
  	Notify(SharpMUSH.Library.Models.SharpPlayer: SharpMUSH.Library.Models.SharpPlayer, *System.String: -1*, <null>, Announce)
  	Notify(SharpMUSH.Library.Models.SharpPlayer: SharpMUSH.Library.Models.SharpPlayer, *System.String: -1*, <null>, Announce)
  	Notify(SharpMUSH.Library.Models.SharpPlayer: SharpMUSH.Library.Models.SharpPlayer, *System.String: -1*, <null>, Announce)
  	Notify(SharpMUSH.Library.Models.SharpPlayer: SharpMUSH.Library.Models.SharpPlayer, *System.String: -1*, <null>, Announce)
  	Notify(SharpMUSH.Library.Models.SharpPlayer: SharpMUSH.Library.Models.SharpPlayer, *System.String: -1*, <null>, Announce)
  	Notify(SharpMUSH.Library.Models.SharpPlayer: SharpMUSH.Library.Models.SharpPlayer, *System.String: -1*, <null>, Announce)
  	Notify(SharpMUSH.Library.Models.SharpPlayer: SharpMUSH.Library.Models.SharpPlayer, *System.String: -1*, <null>, Announce)
  	Notify(SharpMUSH.Library.Models.SharpPlayer: SharpMUSH.Library.Models.SharpPlayer, *System.String: -1*, <null>, Announce)
  	Notify(SharpMUSH.Library.Models.SharpPlayer: SharpMUSH.Library.Models.SharpPlayer, *System.String: -1*, <null>, Announce)
  	Notify(SharpMUSH.Library.Models.SharpPlayer: SharpMUSH.Library.Models.SharpPlayer, *System.String: -1*, <null>, Announce)
  	Notify(SharpMUSH.Library.Models.SharpPlayer: SharpMUSH.Library.Models.SharpPlayer, *System.String: -1*, <null>, Announce)
  	Notify(SharpMUSH.Library.Models.SharpPlayer: SharpMUSH.Library.Models.SharpPlayer, *System.String: -1*, <null>, Announce)
  	Notify(SharpMUSH.Library.Models.SharpPlayer: SharpMUSH.Library.Models.SharpPlayer, *System.String: -1*, <null>, Announce)
  	Notify(SharpMUSH.Library.Models.SharpPlayer: SharpMUSH.Library.Models.SharpPlayer, *System.String: -1*, <null>, Announce)
  	Notify(SharpMUSH.Library.Models.SharpPlayer: SharpMUSH.Library.Models.SharpPlayer, *System.String: -1*, <null>, Announce)
  	Notify(SharpMUSH.Library.Models.SharpPlayer: SharpMUSH.Library.Models.SharpPlayer, *System.String: -1*, <null>, Announce)
  	Notify(SharpMUSH.Library.Models.SharpPlayer: SharpMUSH.Library.Models.SharpPlayer, *System.String: -1*, <null>, Announce)
  	Notify(SharpMUSH.Library.Models.SharpPlayer: SharpMUSH.Library.Models.SharpPlayer, *System.String: -1*, <null>, Announce)
  	Notify(SharpMUSH.Library.Models.SharpPlayer: SharpMUSH.Library.Models.SharpPlayer, *System.String: -1*, <null>, Announce)
  	Notify(SharpMUSH.Library.Models.SharpPlayer: SharpMUSH.Library.Models.SharpPlayer, *System.String: -1*, <null>, Announce)
  	Notify(SharpMUSH.Library.Models.SharpPlayer: SharpMUSH.Library.Models.SharpPlayer, *System.String: -1*, <null>, Announce)
  	Notify(SharpMUSH.Library.Models.SharpPlayer: SharpMUSH.Library.Models.SharpPlayer, *System.String: -1*, <null>, Announce)
  	Notify(SharpMUSH.Library.Models.SharpPlayer: SharpMUSH.Library.Models.SharpPlayer, *System.String: -1*, <null>, Announce)
  	Notify(SharpMUSH.Library.Models.SharpPlayer: SharpMUSH.Library.Models.SharpPlayer, *System.String: -1*, <null>, Announce)
  	Notify(SharpMUSH.Library.Models.SharpPlayer: SharpMUSH.Library.Models.SharpPlayer, *System.String: -1*, <null>, Announce)
  	Notify(SharpMUSH.Library.Models.SharpPlayer: SharpMUSH.Library.Models.SharpPlayer, *System.String: -1*, <null>, Announce)
  	Notify(SharpMUSH.Library.Models.SharpPlayer: SharpMUSH.Library.Models.SharpPlayer, *System.String: -1*, <null>, Announce)
  	Notify(SharpMUSH.Library.Models.SharpPlayer: SharpMUSH.Library.Models.SharpPlayer, *System.String: -1*, <null>, Announce)
  	Notify(SharpMUSH.Library.Models.SharpPlayer: SharpMUSH.Library.Models.SharpPlayer, *System.String: -1*, <null>, Announce)
  	Notify(SharpMUSH.Library.Models.SharpPlayer: SharpMUSH.Library.Models.SharpPlayer, *System.String: -1*, <null>, Announce)
  	Notify(SharpMUSH.Library.Models.SharpPlayer: SharpMUSH.Library.Models.SharpPlayer, *System.String: -1*, <null>, Announce)
  	Notify(SharpMUSH.Library.Models.SharpPlayer: SharpMUSH.Library.Models.SharpPlayer, *System.String: -1*, <null>, Announce)
  	Notify(SharpMUSH.Library.Models.SharpPlayer: SharpMUSH.Library.Models.SharpPlayer, *System.String: -1*, <null>, Announce)
  	Notify(SharpMUSH.Library.Models.SharpPlayer: SharpMUSH.Library.Models.SharpPlayer, *System.String: -1*, <null>, Announce)
  	Notify(SharpMUSH.Library.Models.SharpPlayer: SharpMUSH.Library.Models.SharpPlayer, *System.String: -1*, <null>, Announce)
  	Notify(SharpMUSH.Library.Models.SharpPlayer: SharpMUSH.Library.Models.SharpPlayer, *System.String: -1*, <null>, Announce)
  	Notify(SharpMUSH.Library.Models.SharpPlayer: SharpMUSH.Library.Models.SharpPlayer, *System.String: -1*, <null>, Announce)
  	Notify(SharpMUSH.Library.Models.SharpPlayer: SharpMUSH.Library.Models.SharpPlayer, *System.String: -1*, <null>, Announce)
  	Notify(SharpMUSH.Library.Models.SharpPlayer: SharpMUSH.Library.Models.SharpPlayer, *System.String: -1*, <null>, Announce)
  	Notify(SharpMUSH.Library.Models.SharpPlayer: SharpMUSH.Library.Models.SharpPlayer, *System.String: -1*, <null>, Announce)
  	Notify(SharpMUSH.Library.Models.SharpPlayer: SharpMUSH.Library.Models.SharpPlayer, *System.String: -1*, <null>, Announce)
  	Notify(SharpMUSH.Library.Models.SharpPlayer: SharpMUSH.Library.Models.SharpPlayer, *System.String: -1*, <null>, Announce)
  	Notify(SharpMUSH.Library.Models.SharpPlayer: SharpMUSH.Library.Models.SharpPlayer, *System.String: -1*, <null>, Announce)
  	Notify(SharpMUSH.Library.Models.SharpPlayer: SharpMUSH.Library.Models.SharpPlayer, *System.String: -1*, <null>, Announce)
  	Notify(SharpMUSH.Library.Models.SharpPlayer: SharpMUSH.Library.Models.SharpPlayer, *System.String: -1*, <null>, Announce)
  	Notify(SharpMUSH.Library.Models.SharpPlayer: SharpMUSH.Library.Models.SharpPlayer, *System.String: -1*, <null>, Announce)
  	Notify(SharpMUSH.Library.Models.SharpPlayer: SharpMUSH.Library.Models.SharpPlayer, *System.String: -1*, <null>, Announce)
  	Notify(SharpMUSH.Library.Models.SharpPlayer: SharpMUSH.Library.Models.SharpPlayer, *System.String: -1*, <null>, Announce)
  	Notify(SharpMUSH.Library.Models.SharpPlayer: SharpMUSH.Library.Models.SharpPlayer, *System.String: -1*, <null>, Announce)
  	Notify(SharpMUSH.Library.Models.SharpPlayer: SharpMUSH.Library.Models.SharpPlayer, *System.String: -1*, <null>, Announce)
  	Notify(SharpMUSH.Library.Models.SharpPlayer: SharpMUSH.Library.Models.SharpPlayer, *System.String: -1*, <null>, Announce)
  	Notify(SharpMUSH.Library.Models.SharpPlayer: SharpMUSH.Library.Models.SharpPlayer, *System.String: -1*, <null>, Announce)
  	Notify(SharpMUSH.Library.Models.SharpPlayer: SharpMUSH.Library.Models.SharpPlayer, *System.String: -1*, <null>, Announce)
  	Notify(SharpMUSH.Library.Models.SharpPlayer: SharpMUSH.Library.Models.SharpPlayer, *System.String: -1*, <null>, Announce)
  	Notify(SharpMUSH.Library.Models.SharpPlayer: SharpMUSH.Library.Models.SharpPlayer, *System.String: -1*, <null>, Announce)
  	Notify(SharpMUSH.Library.Models.SharpPlayer: SharpMUSH.Library.Models.SharpPlayer, *System.String: -1*, <null>, Announce)
  	Notify(SharpMUSH.Library.Models.SharpPlayer: SharpMUSH.Library.Models.SharpPlayer, *System.String: -1*, <null>, Announce)
  	Notify(SharpMUSH.Library.Models.SharpPlayer: SharpMUSH.Library.Models.SharpPlayer, *System.String: -1*, <null>, Announce)
  	Notify(SharpMUSH.Library.Models.SharpPlayer: SharpMUSH.Library.Models.SharpPlayer, *System.String: -1*, <null>, Announce)
  	Notify(SharpMUSH.Library.Models.SharpPlayer: SharpMUSH.Library.Models.SharpPlayer, *System.String: -1*, <null>, Announce)
  	Notify(SharpMUSH.Library.Models.SharpPlayer: SharpMUSH.Library.Models.SharpPlayer, *System.String: -1*, <null>, Announce)
  	Notify(SharpMUSH.Library.Models.SharpPlayer: SharpMUSH.Library.Models.SharpPlayer, *System.String: -1*, <null>, Announce)
  	Notify(SharpMUSH.Library.Models.SharpPlayer: SharpMUSH.Library.Models.SharpPlayer, *System.String: -1*, <null>, Announce)
  	Notify(SharpMUSH.Library.Models.SharpPlayer: SharpMUSH.Library.Models.SharpPlayer, *System.String: -1*, <null>, Announce)
  	Notify(SharpMUSH.Library.Models.SharpPlayer: SharpMUSH.Library.Models.SharpPlayer, *System.String: -1*, <null>, Announce)
  	Notify(SharpMUSH.Library.Models.SharpPlayer: SharpMUSH.Library.Models.SharpPlayer, *System.String: -1*, <null>, Announce)
  	Notify(SharpMUSH.Library.Models.SharpPlayer: SharpMUSH.Library.Models.SharpPlayer, *System.String: -1*, <null>, Announce)
  	Notify(SharpMUSH.Library.Models.SharpPlayer: SharpMUSH.Library.Models.SharpPlayer, *System.String: -1*, <null>, Announce)
  	Notify(SharpMUSH.Library.Models.SharpPlayer: SharpMUSH.Library.Models.SharpPlayer, *System.String: -1*, <null>, Announce)
  	Notify(SharpMUSH.Library.Models.SharpPlayer: SharpMUSH.Library.Models.SharpPlayer, *System.String: -1*, <null>, Announce)
  	Notify(SharpMUSH.Library.Models.SharpPlayer: SharpMUSH.Library.Models.SharpPlayer, *System.String: -1*, <null>, Announce)
  	Notify(SharpMUSH.Library.Models.SharpPlayer: SharpMUSH.Library.Models.SharpPlayer, *System.String: -1*, <null>, Announce)
  	Notify(SharpMUSH.Library.Models.SharpPlayer: SharpMUSH.Library.Models.SharpPlayer, *System.String: -1*, <null>, Announce)
  	Notify(SharpMUSH.Library.Models.SharpPlayer: SharpMUSH.Library.Models.SharpPlayer, *System.String: -1*, <null>, Announce)
  	Notify(SharpMUSH.Library.Models.SharpPlayer: SharpMUSH.Library.Models.SharpPlayer, *System.String: -1*, <null>, Announce)
  	Notify(SharpMUSH.Library.Models.SharpPlayer: SharpMUSH.Library.Models.SharpPlayer, *System.String: -1*, <null>, Announce)
  	Notify(SharpMUSH.Library.Models.SharpPlayer: SharpMUSH.Library.Models.SharpPlayer, *System.String: -1*, <null>, Announce)
  	Notify(SharpMUSH.Library.Models.SharpPlayer: SharpMUSH.Library.Models.SharpPlayer, *System.String: -1*, <null>, Announce)
  	Notify(SharpMUSH.Library.Models.SharpPlayer: SharpMUSH.Library.Models.SharpPlayer, *System.String: -1*, <null>, Announce)
  	Notify(SharpMUSH.Library.Models.SharpPlayer: SharpMUSH.Library.Models.SharpPlayer, *System.String: -1*, <null>, Announce)
  	Notify(SharpMUSH.Library.Models.SharpPlayer: SharpMUSH.Library.Models.SharpPlayer, *System.String: -1*, <null>, Announce)
  	Notify(SharpMUSH.Library.Models.SharpPlayer: SharpMUSH.Library.Models.SharpPlayer, *System.String: -1*, <null>, Announce)
  	Notify(SharpMUSH.Library.Models.SharpPlayer: SharpMUSH.Library.Models.SharpPlayer, *System.String: -1*, <null>, Announce)
  	Notify(SharpMUSH.Library.Models.SharpPlayer: SharpMUSH.Library.Models.SharpPlayer, *System.String: -1*, <null>, Announce)
  	Notify(SharpMUSH.Library.Models.SharpPlayer: SharpMUSH.Library.Models.SharpPlayer, *System.String: -1*, <null>, Announce)
  	Notify(SharpMUSH.Library.Models.SharpPlayer: SharpMUSH.Library.Models.SharpPlayer, *System.String: -1*, <null>, Announce)
  	Notify(SharpMUSH.Library.Models.SharpPlayer: SharpMUSH.Library.Models.SharpPlayer, *System.String: -1*, <null>, Announce)
  	Notify(SharpMUSH.Library.Models.SharpPlayer: SharpMUSH.Library.Models.SharpPlayer, *System.String: -1*, <null>, Announce)
  	Notify(SharpMUSH.Library.Models.SharpPlayer: SharpMUSH.Library.Models.SharpPlayer, *System.String: -1*, <null>, Announce)
  	Notify(SharpMUSH.Library.Models.SharpPlayer: SharpMUSH.Library.Models.SharpPlayer, *System.String: -1*, <null>, Announce)
  	Notify(SharpMUSH.Library.Models.SharpPlayer: SharpMUSH.Library.Models.SharpPlayer, *System.String: -1*, <null>, Announce)
  	Notify(SharpMUSH.Library.Models.SharpPlayer: SharpMUSH.Library.Models.SharpPlayer, *System.String: -1*, <null>, Announce)
  	Notify(SharpMUSH.Library.Models.SharpPlayer: SharpMUSH.Library.Models.SharpPlayer, *System.String: -1*, <null>, Announce)
  	Notify(SharpMUSH.Library.Models.SharpPlayer: SharpMUSH.Library.Models.SharpPlayer, *System.String: -1*, <null>, Announce)
  	Notify(SharpMUSH.Library.Models.SharpPlayer: SharpMUSH.Library.Models.SharpPlayer, *System.String: -1*, <null>, Announce)
  	Notify(SharpMUSH.Library.Models.SharpPlayer: SharpMUSH.Library.Models.SharpPlayer, *System.String: -1*, <null>, Announce)
  	Notify(SharpMUSH.Library.Models.SharpPlayer: SharpMUSH.Library.Models.SharpPlayer, *System.String: -1*, <null>, Announce)
  	Notify(SharpMUSH.Library.Models.SharpPlayer: SharpMUSH.Library.Models.SharpPlayer, *System.String: -1*, <null>, Announce)
  	Notify(SharpMUSH.Library.Models.SharpPlayer: SharpMUSH.Library.Models.SharpPlayer, *System.String: -1*, <null>, Announce)
  	Notify(SharpMUSH.Library.Models.SharpPlayer: SharpMUSH.Library.Models.SharpPlayer, *System.String: -1*, <null>, Announce)
  	Notify(SharpMUSH.Library.Models.SharpPlayer: SharpMUSH.Library.Models.SharpPlayer, *System.String: -1*, <null>, Announce)
  	Notify(SharpMUSH.Library.Models.SharpPlayer: SharpMUSH.Library.Models.SharpPlayer, *System.String: -1*, <null>, Announce)
  	Notify(SharpMUSH.Library.Models.SharpPlayer: SharpMUSH.Library.Models.SharpPlayer, *System.String: -1*, <null>, Announce)
  	Notify(SharpMUSH.Library.Models.SharpPlayer: SharpMUSH.Library.Models.SharpPlayer, *System.String: -1*, <null>, Announce)
  	Notify(SharpMUSH.Library.Models.SharpPlayer: SharpMUSH.Library.Models.SharpPlayer, *System.String: -1*, <null>, Announce)
  	Notify(SharpMUSH.Library.Models.SharpPlayer: SharpMUSH.Library.Models.SharpPlayer, *System.String: -1*, <null>, Announce)
  	Notify(SharpMUSH.Library.Models.SharpPlayer: SharpMUSH.Library.Models.SharpPlayer, *System.String: -1*, <null>, Announce)
  	Notify(SharpMUSH.Library.Models.SharpPlayer: SharpMUSH.Library.Models.SharpPlayer, *System.String: -1*, <null>, Announce)
  	Notify(SharpMUSH.Library.Models.SharpPlayer: SharpMUSH.Library.Models.SharpPlayer, *System.String: -1*, <null>, Announce)
  	Notify(SharpMUSH.Library.Models.SharpPlayer: SharpMUSH.Library.Models.SharpPlayer, *System.String: -1*, <null>, Announce)
  	Notify(SharpMUSH.Library.Models.SharpPlayer: SharpMUSH.Library.Models.SharpPlayer, *System.String: -1*, <null>, Announce)
  	Notify(SharpMUSH.Library.Models.SharpPlayer: SharpMUSH.Library.Models.SharpPlayer, *System.String: -1*, <null>, Announce)
  	Notify(SharpMUSH.Library.Models.SharpPlayer: SharpMUSH.Library.Models.SharpPlayer, *System.String: -1*, <null>, Announce)
  	Notify(SharpMUSH.Library.Models.SharpPlayer: SharpMUSH.Library.Models.SharpPlayer, *System.String: -1*, <null>, Announce)
  	Notify(SharpMUSH.Library.Models.SharpPlayer: SharpMUSH.Library.Models.SharpPlayer, *System.String: -1*, <null>, Announce)
  	Notify(SharpMUSH.Library.Models.SharpPlayer: SharpMUSH.Library.Models.SharpPlayer, *System.String: -1*, <null>, Announce)
  	Notify(SharpMUSH.Library.Models.SharpPlayer: SharpMUSH.Library.Models.SharpPlayer, *System.String: -1*, <null>, Announce)
  	Notify(SharpMUSH.Library.Models.SharpPlayer: SharpMUSH.Library.Models.SharpPlayer, *System.String: -1*, <null>, Announce)
  	Notify(SharpMUSH.Library.Models.SharpPlayer: SharpMUSH.Library.Models.SharpPlayer, *System.String: -1*, <null>, Announce)
  	Notify(SharpMUSH.Library.Models.SharpPlayer: SharpMUSH.Library.Models.SharpPlayer, *System.String: -1*, <null>, Announce)
  	Notify(SharpMUSH.Library.Models.SharpPlayer: SharpMUSH.Library.Models.SharpPlayer, *System.String: -1*, <null>, Announce)
  	Notify(SharpMUSH.Library.Models.SharpPlayer: SharpMUSH.Library.Models.SharpPlayer, *System.String: -1*, <null>, Announce)
  	Notify(SharpMUSH.Library.Models.SharpPlayer: SharpMUSH.Library.Models.SharpPlayer, *System.String: -1*, <null>, Announce)
  	Notify(SharpMUSH.Library.Models.SharpPlayer: SharpMUSH.Library.Models.SharpPlayer, *System.String: -1*, <null>, Announce)
  	Notify(SharpMUSH.Library.Models.SharpPlayer: SharpMUSH.Library.Models.SharpPlayer, *System.String: -1*, <null>, Announce)
  	Notify(SharpMUSH.Library.Models.SharpPlayer: SharpMUSH.Library.Models.SharpPlayer, *System.String: -1*, <null>, Announce)
  	Notify(SharpMUSH.Library.Models.SharpPlayer: SharpMUSH.Library.Models.SharpPlayer, *System.String: -1*, <null>, Announce)
  	Notify(SharpMUSH.Library.Models.SharpPlayer: SharpMUSH.Library.Models.SharpPlayer, *System.String: -1*, <null>, Announce)
  	Notify(SharpMUSH.Library.Models.SharpPlayer: SharpMUSH.Library.Models.SharpPlayer, *System.String: -1*, <null>, Announce)
  	Notify(SharpMUSH.Library.Models.SharpPlayer: SharpMUSH.Library.Models.SharpPlayer, *System.String: -1*, <null>, Announce)
  	Notify(SharpMUSH.Library.Models.SharpPlayer: SharpMUSH.Library.Models.SharpPlayer, *System.String: -1*, <null>, Announce)
  	Notify(SharpMUSH.Library.Models.SharpPlayer: SharpMUSH.Library.Models.SharpPlayer, *System.String: -1*, <null>, Announce)
  	Notify(SharpMUSH.Library.Models.SharpPlayer: SharpMUSH.Library.Models.SharpPlayer, *System.String: -1*, <null>, Announce)
  	Notify(SharpMUSH.Library.Models.SharpPlayer: SharpMUSH.Library.Models.SharpPlayer, *System.String: -1*, <null>, Announce)
  	Notify(SharpMUSH.Library.Models.SharpPlayer: SharpMUSH.Library.Models.SharpPlayer, *System.String: -1*, <null>, Announce)
  	Notify(SharpMUSH.Library.Models.SharpPlayer: SharpMUSH.Library.Models.SharpPlayer, *System.String: -1*, <null>, Announce)
  	Notify(SharpMUSH.Library.Models.SharpPlayer: SharpMUSH.Library.Models.SharpPlayer, *System.String: -1*, <null>, Announce)
  	Notify(SharpMUSH.Library.Models.SharpPlayer: SharpMUSH.Library.Models.SharpPlayer, *System.String: -1*, <null>, Announce)
  	Notify(SharpMUSH.Library.Models.SharpPlayer: SharpMUSH.Library.Models.SharpPlayer, *System.String: -1*, <null>, Announce)
  	Notify(SharpMUSH.Library.Models.SharpPlayer: SharpMUSH.Library.Models.SharpPlayer, *System.String: -1*, <null>, Announce)
  	Notify(SharpMUSH.Library.Models.SharpPlayer: SharpMUSH.Library.Models.SharpPlayer, *System.String: -1*, <null>, Announce)
  	Notify(SharpMUSH.Library.Models.SharpPlayer: SharpMUSH.Library.Models.SharpPlayer, *System.String: -1*, <null>, Announce)
  	Notify(SharpMUSH.Library.Models.SharpPlayer: SharpMUSH.Library.Models.SharpPlayer, *System.String: -1*, <null>, Announce)
  	Notify(SharpMUSH.Library.Models.SharpPlayer: SharpMUSH.Library.Models.SharpPlayer, *System.String: -1*, <null>, Announce)
  	Notify(SharpMUSH.Library.Models.SharpPlayer: SharpMUSH.Library.Models.SharpPlayer, *System.String: -1*, <null>, Announce)
  	Notify(SharpMUSH.Library.Models.SharpPlayer: SharpMUSH.Library.Models.SharpPlayer, *System.String: -1*, <null>, Announce)
  	Notify(SharpMUSH.Library.Models.SharpPlayer: SharpMUSH.Library.Models.SharpPlayer, *System.String: -1*, <null>, Announce)
  	Notify(SharpMUSH.Library.Models.SharpPlayer: SharpMUSH.Library.Models.SharpPlayer, *System.String: -1*, <null>, Announce)
  	Notify(SharpMUSH.Library.Models.SharpPlayer: SharpMUSH.Library.Models.SharpPlayer, *System.String: -1*, <null>, Announce)
  	Notify(SharpMUSH.Library.Models.SharpPlayer: SharpMUSH.Library.Models.SharpPlayer, *System.String: -1*, <null>, Announce)
  	Notify(SharpMUSH.Library.Models.SharpPlayer: SharpMUSH.Library.Models.SharpPlayer, *System.String: -1*, <null>, Announce)
  	Notify(SharpMUSH.Library.Models.SharpPlayer: SharpMUSH.Library.Models.SharpPlayer, *System.String: -1*, <null>, Announce)
  	Notify(SharpMUSH.Library.Models.SharpPlayer: SharpMUSH.Library.Models.SharpPlayer, *System.String: -1*, <null>, Announce)
  	Notify(SharpMUSH.Library.Models.SharpPlayer: SharpMUSH.Library.Models.SharpPlayer, *System.String: -1*, <null>, Announce)
  	Notify(SharpMUSH.Library.Models.SharpPlayer: SharpMUSH.Library.Models.SharpPlayer, *System.String: -1*, <null>, Announce)
  	Notify(SharpMUSH.Library.Models.SharpPlayer: SharpMUSH.Library.Models.SharpPlayer, *System.String: -1*, <null>, Announce)
  	Notify(SharpMUSH.Library.Models.SharpPlayer: SharpMUSH.Library.Models.SharpPlayer, *System.String: -1*, <null>, Announce)
  	Notify(SharpMUSH.Library.Models.SharpPlayer: SharpMUSH.Library.Models.SharpPlayer, *System.String: -1*, <null>, Announce)
  	Notify(SharpMUSH.Library.Models.SharpPlayer: SharpMUSH.Library.Models.SharpPlayer, *System.String: -1*, <null>, Announce)
  	Notify(SharpMUSH.Library.Models.SharpPlayer: SharpMUSH.Library.Models.SharpPlayer, *System.String: -1*, <null>, Announce)
  	Notify(SharpMUSH.Library.Models.SharpPlayer: SharpMUSH.Library.Models.SharpPlayer, *System.String: -1*, <null>, Announce)
  	Notify(SharpMUSH.Library.Models.SharpPlayer: SharpMUSH.Library.Models.SharpPlayer, *System.String: -1*, <null>, Announce)
  	Notify(SharpMUSH.Library.Models.SharpPlayer: SharpMUSH.Library.Models.SharpPlayer, *System.String: -1*, <null>, Announce)
  	Notify(SharpMUSH.Library.Models.SharpPlayer: SharpMUSH.Library.Models.SharpPlayer, *System.String: -1*, <null>, Announce)
  	Notify(SharpMUSH.Library.Models.SharpPlayer: SharpMUSH.Library.Models.SharpPlayer, *System.String: -1*, <null>, Announce)
  	Notify(SharpMUSH.Library.Models.SharpPlayer: SharpMUSH.Library.Models.SharpPlayer, *System.String: -1*, <null>, Announce)
  	Notify(SharpMUSH.Library.Models.SharpPlayer: SharpMUSH.Library.Models.SharpPlayer, *System.String: -1*, <null>, Announce)
  	Notify(SharpMUSH.Library.Models.SharpPlayer: SharpMUSH.Library.Models.SharpPlayer, *System.String: -1*, <null>, Announce)
  	Notify(SharpMUSH.Library.Models.SharpPlayer: SharpMUSH.Library.Models.SharpPlayer, *System.String: -1*, <null>, Announce)
  	Notify(SharpMUSH.Library.Models.SharpPlayer: SharpMUSH.Library.Models.SharpPlayer, *System.String: -1*, <null>, Announce)
  	Notify(SharpMUSH.Library.Models.SharpPlayer: SharpMUSH.Library.Models.SharpPlayer, *System.String: -1*, <null>, Announce)
  	Notify(SharpMUSH.Library.Models.SharpPlayer: SharpMUSH.Library.Models.SharpPlayer, *System.String: -1*, <null>, Announce)
  	Notify(SharpMUSH.Library.Models.SharpPlayer: SharpMUSH.Library.Models.SharpPlayer, *System.String: -1*, <null>, Announce)
  	Notify(SharpMUSH.Library.Models.SharpPlayer: SharpMUSH.Library.Models.SharpPlayer, *System.String: -1*, <null>, Announce)
  	Notify(SharpMUSH.Library.Models.SharpPlayer: SharpMUSH.Library.Models.SharpPlayer, *System.String: -1*, <null>, Announce)
  	Notify(SharpMUSH.Library.Models.SharpPlayer: SharpMUSH.Library.Models.SharpPlayer, *System.String: -1*, <null>, Announce)
  	Notify(SharpMUSH.Library.Models.SharpPlayer: SharpMUSH.Library.Models.SharpPlayer, *System.String: -1*, <null>, Announce)
  	Notify(SharpMUSH.Library.Models.SharpPlayer: SharpMUSH.Library.Models.SharpPlayer, *System.String: -1*, <null>, Announce)
  	Notify(SharpMUSH.Library.Models.SharpPlayer: SharpMUSH.Library.Models.SharpPlayer, *System.String: -1*, <null>, Announce)
  	Notify(SharpMUSH.Library.Models.SharpPlayer: SharpMUSH.Library.Models.SharpPlayer, *System.String: -1*, <null>, Announce)
  	Notify(SharpMUSH.Library.Models.SharpPlayer: SharpMUSH.Library.Models.SharpPlayer, *System.String: -1*, <null>, Announce)
  	Notify(SharpMUSH.Library.Models.SharpPlayer: SharpMUSH.Library.Models.SharpPlayer, *System.String: -1*, <null>, Announce)
  	Notify(SharpMUSH.Library.Models.SharpPlayer: SharpMUSH.Library.Models.SharpPlayer, *System.String: -1*, <null>, Announce)
  	Notify(SharpMUSH.Library.Models.SharpPlayer: SharpMUSH.Library.Models.SharpPlayer, *System.String: -1*, <null>, Announce)
  	Notify(SharpMUSH.Library.Models.SharpPlayer: SharpMUSH.Library.Models.SharpPlayer, *System.String: -1*, <null>, Announce)
  	Notify(SharpMUSH.Library.Models.SharpPlayer: SharpMUSH.Library.Models.SharpPlayer, *System.String: -1*, <null>, Announce)
  	Notify(SharpMUSH.Library.Models.SharpPlayer: SharpMUSH.Library.Models.SharpPlayer, *System.String: -1*, <null>, Announce)
  	Notify(SharpMUSH.Library.Models.SharpPlayer: SharpMUSH.Library.Models.SharpPlayer, *System.String: -1*, <null>, Announce)
  	Notify(SharpMUSH.Library.Models.SharpPlayer: SharpMUSH.Library.Models.SharpPlayer, *System.String: -1*, <null>, Announce)
  	Notify(SharpMUSH.Library.Models.SharpPlayer: SharpMUSH.Library.Models.SharpPlayer, *System.String: -1*, <null>, Announce)
  	Notify(SharpMUSH.Library.Models.SharpPlayer: SharpMUSH.Library.Models.SharpPlayer, *System.String: -1*, <null>, Announce)
  	Notify(SharpMUSH.Library.Models.SharpPlayer: SharpMUSH.Library.Models.SharpPlayer, *System.String: -1*, <null>, Announce)
  	Notify(SharpMUSH.Library.Models.SharpPlayer: SharpMUSH.Library.Models.SharpPlayer, *System.String: -1*, <null>, Announce)
  	Notify(SharpMUSH.Library.Models.SharpPlayer: SharpMUSH.Library.Models.SharpPlayer, *System.String: -1*, <null>, Announce)
  	Notify(SharpMUSH.Library.Models.SharpPlayer: SharpMUSH.Library.Models.SharpPlayer, *System.String: -1*, <null>, Announce)
  	Notify(SharpMUSH.Library.Models.SharpPlayer: SharpMUSH.Library.Models.SharpPlayer, *System.String: -1*, <null>, Announce)
  	Notify(SharpMUSH.Library.Models.SharpPlayer: SharpMUSH.Library.Models.SharpPlayer, *System.String: -1*, <null>, Announce)
  	Notify(SharpMUSH.Library.Models.SharpPlayer: SharpMUSH.Library.Models.SharpPlayer, *System.String: -1*, <null>, Announce)
  	Notify(SharpMUSH.Library.Models.SharpPlayer: SharpMUSH.Library.Models.SharpPlayer, *System.String: -1*, <null>, Announce)
  	Notify(SharpMUSH.Library.Models.SharpPlayer: SharpMUSH.Library.Models.SharpPlayer, *System.String: -1*, <null>, Announce)
  	Notify(SharpMUSH.Library.Models.SharpPlayer: SharpMUSH.Library.Models.SharpPlayer, *System.String: -1*, <null>, Announce)
  	Notify(SharpMUSH.Library.Models.SharpPlayer: SharpMUSH.Library.Models.SharpPlayer, *System.String: -1*, <null>, Announce)
  	Notify(SharpMUSH.Library.Models.SharpPlayer: SharpMUSH.Library.Models.SharpPlayer, *System.String: -1*, <null>, Announce)
  	Notify(SharpMUSH.Library.Models.SharpPlayer: SharpMUSH.Library.Models.SharpPlayer, *System.String: -1*, <null>, Announce)
  	Notify(SharpMUSH.Library.Models.SharpPlayer: SharpMUSH.Library.Models.SharpPlayer, *System.String: -1*, <null>, Announce)
  	Notify(SharpMUSH.Library.Models.SharpPlayer: SharpMUSH.Library.Models.SharpPlayer, *System.String: -1*, <null>, Announce)
  	Notify(SharpMUSH.Library.Models.SharpPlayer: SharpMUSH.Library.Models.SharpPlayer, *System.String: -1*, <null>, Announce)
  	Notify(SharpMUSH.Library.Models.SharpPlayer: SharpMUSH.Library.Models.SharpPlayer, *System.String: -1*, <null>, Announce)
  	Notify(SharpMUSH.Library.Models.SharpPlayer: SharpMUSH.Library.Models.SharpPlayer, *System.String: -1*, <null>, Announce)
  	Notify(SharpMUSH.Library.Models.SharpPlayer: SharpMUSH.Library.Models.SharpPlayer, *System.String: -1*, <null>, Announce)
  	Notify(SharpMUSH.Library.Models.SharpPlayer: SharpMUSH.Library.Models.SharpPlayer, *System.String: -1*, <null>, Announce)
  	Notify(SharpMUSH.Library.Models.SharpPlayer: SharpMUSH.Library.Models.SharpPlayer, *System.String: -1*, <null>, Announce)
  	Notify(SharpMUSH.Library.Models.SharpPlayer: SharpMUSH.Library.Models.SharpPlayer, *System.String: -1*, <null>, Announce)
  	Notify(SharpMUSH.Library.Models.SharpPlayer: SharpMUSH.Library.Models.SharpPlayer, *System.String: -1*, <null>, Announce)
  	Notify(SharpMUSH.Library.Models.SharpPlayer: SharpMUSH.Library.Models.SharpPlayer, *System.String: -1*, <null>, Announce)
  	Notify(SharpMUSH.Library.Models.SharpPlayer: SharpMUSH.Library.Models.SharpPlayer, *System.String: -1*, <null>, Announce)
  	Notify(SharpMUSH.Library.Models.SharpPlayer: SharpMUSH.Library.Models.SharpPlayer, *System.String: -1*, <null>, Announce)
  	Notify(SharpMUSH.Library.Models.SharpPlayer: SharpMUSH.Library.Models.SharpPlayer, *System.String: -1*, <null>, Announce)
  	Notify(SharpMUSH.Library.Models.SharpPlayer: SharpMUSH.Library.Models.SharpPlayer, *System.String: -1*, <null>, Announce)
  	Notify(SharpMUSH.Library.Models.SharpPlayer: SharpMUSH.Library.Models.SharpPlayer, *System.String: -1*, <null>, Announce)
  	Notify(SharpMUSH.Library.Models.SharpPlayer: SharpMUSH.Library.Models.SharpPlayer, *System.String: -1*, <null>, Announce)
  	Notify(SharpMUSH.Library.Models.SharpPlayer: SharpMUSH.Library.Models.SharpPlayer, *System.String: -1*, <null>, Announce)
  	Notify(SharpMUSH.Library.Models.SharpPlayer: SharpMUSH.Library.Models.SharpPlayer, *System.String: -1*, <null>, Announce)
  	Notify(SharpMUSH.Library.Models.SharpPlayer: SharpMUSH.Library.Models.SharpPlayer, *System.String: -1*, <null>, Announce)
  	Notify(SharpMUSH.Library.Models.SharpPlayer: SharpMUSH.Library.Models.SharpPlayer, *System.String: -1*, <null>, Announce)
  	Notify(SharpMUSH.Library.Models.SharpPlayer: SharpMUSH.Library.Models.SharpPlayer, *System.String: -1*, <null>, Announce)
  	Notify(SharpMUSH.Library.Models.SharpPlayer: SharpMUSH.Library.Models.SharpPlayer, *System.String: -1*, <null>, Announce)
  	Notify(SharpMUSH.Library.Models.SharpPlayer: SharpMUSH.Library.Models.SharpPlayer, *System.String: -1*, <null>, Announce)
  	Notify(SharpMUSH.Library.Models.SharpPlayer: SharpMUSH.Library.Models.SharpPlayer, *System.String: -1*, <null>, Announce)
  	Notify(SharpMUSH.Library.Models.SharpPlayer: SharpMUSH.Library.Models.SharpPlayer, *System.String: -1*, <null>, Announce)
  	Notify(SharpMUSH.Library.Models.SharpPlayer: SharpMUSH.Library.Models.SharpPlayer, *System.String: -1*, <null>, Announce)
  	Notify(SharpMUSH.Library.Models.SharpPlayer: SharpMUSH.Library.Models.SharpPlayer, *System.String: -1*, <null>, Announce)
  	Notify(SharpMUSH.Library.Models.SharpPlayer: SharpMUSH.Library.Models.SharpPlayer, *System.String: -1*, <null>, Announce)
  	Notify(SharpMUSH.Library.Models.SharpPlayer: SharpMUSH.Library.Models.SharpPlayer, *System.String: -1*, <null>, Announce)
  	Notify(SharpMUSH.Library.Models.SharpPlayer: SharpMUSH.Library.Models.SharpPlayer, *System.String: -1*, <null>, Announce)
  	Notify(SharpMUSH.Library.Models.SharpPlayer: SharpMUSH.Library.Models.SharpPlayer, *System.String: -1*, <null>, Announce)
  	Notify(SharpMUSH.Library.Models.SharpPlayer: SharpMUSH.Library.Models.SharpPlayer, *System.String: -1*, <null>, Announce)
  	Notify(SharpMUSH.Library.Models.SharpPlayer: SharpMUSH.Library.Models.SharpPlayer, *System.String: -1*, <null>, Announce)
  	Notify(SharpMUSH.Library.Models.SharpPlayer: SharpMUSH.Library.Models.SharpPlayer, *System.String: -1*, <null>, Announce)
  	Notify(SharpMUSH.Library.Models.SharpPlayer: SharpMUSH.Library.Models.SharpPlayer, *System.String: -1*, <null>, Announce)
  	Notify(SharpMUSH.Library.Models.SharpPlayer: SharpMUSH.Library.Models.SharpPlayer, *System.String: -1*, <null>, Announce)
  	Notify(SharpMUSH.Library.Models.SharpPlayer: SharpMUSH.Library.Models.SharpPlayer, *System.String: -1*, <null>, Announce)
  	Notify(SharpMUSH.Library.Models.SharpPlayer: SharpMUSH.Library.Models.SharpPlayer, *System.String: -1*, <null>, Announce)
  	Notify(SharpMUSH.Library.Models.SharpPlayer: SharpMUSH.Library.Models.SharpPlayer, *System.String: -1*, <null>, Announce)
  	Notify(SharpMUSH.Library.Models.SharpPlayer: SharpMUSH.Library.Models.SharpPlayer, *System.String: -1*, <null>, Announce)
  	Notify(SharpMUSH.Library.Models.SharpPlayer: SharpMUSH.Library.Models.SharpPlayer, *System.String: -1*, <null>, Announce)
  	Notify(SharpMUSH.Library.Models.SharpPlayer: SharpMUSH.Library.Models.SharpPlayer, *System.String: -1*, <null>, Announce)
  	Notify(SharpMUSH.Library.Models.SharpPlayer: SharpMUSH.Library.Models.SharpPlayer, *System.String: -1*, <null>, Announce)
  	Notify(SharpMUSH.Library.Models.SharpPlayer: SharpMUSH.Library.Models.SharpPlayer, *System.String: -1*, <null>, Announce)
  	Notify(SharpMUSH.Library.Models.SharpPlayer: SharpMUSH.Library.Models.SharpPlayer, *System.String: -1*, <null>, Announce)
  	Notify(SharpMUSH.Library.Models.SharpPlayer: SharpMUSH.Library.Models.SharpPlayer, *System.String: -1*, <null>, Announce)
  	Notify(SharpMUSH.Library.Models.SharpPlayer: SharpMUSH.Library.Models.SharpPlayer, *System.String: -1*, <null>, Announce)
  	Notify(SharpMUSH.Library.Models.SharpPlayer: SharpMUSH.Library.Models.SharpPlayer, *System.String: -1*, <null>, Announce)
  	Notify(SharpMUSH.Library.Models.SharpPlayer: SharpMUSH.Library.Models.SharpPlayer, *System.String: -1*, <null>, Announce)
  	Notify(SharpMUSH.Library.Models.SharpPlayer: SharpMUSH.Library.Models.SharpPlayer, *System.String: -1*, <null>, Announce)
  	Notify(SharpMUSH.Library.Models.SharpPlayer: SharpMUSH.Library.Models.SharpPlayer, *System.String: -1*, <null>, Announce)
  	Notify(SharpMUSH.Library.Models.SharpPlayer: SharpMUSH.Library.Models.SharpPlayer, *System.String: -1*, <null>, Announce)
  	Notify(SharpMUSH.Library.Models.SharpPlayer: SharpMUSH.Library.Models.SharpPlayer, *System.String: -1*, <null>, Announce)
  	Notify(SharpMUSH.Library.Models.SharpPlayer: SharpMUSH.Library.Models.SharpPlayer, *System.String: -1*, <null>, Announce)
  	Notify(SharpMUSH.Library.Models.SharpPlayer: SharpMUSH.Library.Models.SharpPlayer, *System.String: -1*, <null>, Announce)
  	Notify(SharpMUSH.Library.Models.SharpPlayer: SharpMUSH.Library.Models.SharpPlayer, *System.String: -1*, <null>, Announce)
  	Notify(SharpMUSH.Library.Models.SharpPlayer: SharpMUSH.Library.Models.SharpPlayer, *System.String: -1*, <null>, Announce)
  	Notify(SharpMUSH.Library.Models.SharpPlayer: SharpMUSH.Library.Models.SharpPlayer, *System.String: -1*, <null>, Announce)
  	Notify(SharpMUSH.Library.Models.SharpPlayer: SharpMUSH.Library.Models.SharpPlayer, *System.String: -1*, <null>, Announce)
  	Notify(SharpMUSH.Library.Models.SharpPlayer: SharpMUSH.Library.Models.SharpPlayer, *System.String: -1*, <null>, Announce)
  	Notify(SharpMUSH.Library.Models.SharpPlayer: SharpMUSH.Library.Models.SharpPlayer, *System.String: -1*, <null>, Announce)
  	Notify(SharpMUSH.Library.Models.SharpPlayer: SharpMUSH.Library.Models.SharpPlayer, *System.String: -1*, <null>, Announce)
  	Notify(SharpMUSH.Library.Models.SharpPlayer: SharpMUSH.Library.Models.SharpPlayer, *System.String: -1*, <null>, Announce)
  	Notify(SharpMUSH.Library.Models.SharpPlayer: SharpMUSH.Library.Models.SharpPlayer, *System.String: -1*, <null>, Announce)
  	Notify(SharpMUSH.Library.Models.SharpPlayer: SharpMUSH.Library.Models.SharpPlayer, *System.String: -1*, <null>, Announce)
  	Notify(SharpMUSH.Library.Models.SharpPlayer: SharpMUSH.Library.Models.SharpPlayer, *System.String: -1*, <null>, Announce)
  	Notify(SharpMUSH.Library.Models.SharpPlayer: SharpMUSH.Library.Models.SharpPlayer, *System.String: -1*, <null>, Announce)
  	Notify(SharpMUSH.Library.Models.SharpPlayer: SharpMUSH.Library.Models.SharpPlayer, *System.String: -1*, <null>, Announce)
  	Notify(SharpMUSH.Library.Models.SharpPlayer: SharpMUSH.Library.Models.SharpPlayer, *System.String: -1*, <null>, Announce)
  	Notify(SharpMUSH.Library.Models.SharpPlayer: SharpMUSH.Library.Models.SharpPlayer, *System.String: -1*, <null>, Announce)
  	Notify(SharpMUSH.Library.Models.SharpPlayer: SharpMUSH.Library.Models.SharpPlayer, *System.String: -1*, <null>, Announce)
  	Notify(SharpMUSH.Library.Models.SharpPlayer: SharpMUSH.Library.Models.SharpPlayer, *System.String: -1*, <null>, Announce)
  	Notify(SharpMUSH.Library.Models.SharpPlayer: SharpMUSH.Library.Models.SharpPlayer, *System.String: -1*, <null>, Announce)
  	Notify(SharpMUSH.Library.Models.SharpPlayer: SharpMUSH.Library.Models.SharpPlayer, *System.String: -1*, <null>, Announce)
  	Notify(SharpMUSH.Library.Models.SharpPlayer: SharpMUSH.Library.Models.SharpPlayer, *System.String: -1*, <null>, Announce)
  	Notify(SharpMUSH.Library.Models.SharpPlayer: SharpMUSH.Library.Models.SharpPlayer, *System.String: -1*, <null>, Announce)
  	Notify(SharpMUSH.Library.Models.SharpPlayer: SharpMUSH.Library.Models.SharpPlayer, *System.String: -1*, <null>, Announce)
  	Notify(SharpMUSH.Library.Models.SharpPlayer: SharpMUSH.Library.Models.SharpPlayer, *System.String: -1*, <null>, Announce)
  	Notify(SharpMUSH.Library.Models.SharpPlayer: SharpMUSH.Library.Models.SharpPlayer, *System.String: -1*, <null>, Announce)
  	Notify(SharpMUSH.Library.Models.SharpPlayer: SharpMUSH.Library.Models.SharpPlayer, *System.String: -1*, <null>, Announce)
  	Notify(SharpMUSH.Library.Models.SharpPlayer: SharpMUSH.Library.Models.SharpPlayer, *System.String: -1*, <null>, Announce)
  	Notify(SharpMUSH.Library.Models.SharpPlayer: SharpMUSH.Library.Models.SharpPlayer, *System.String: -1*, <null>, Announce)
  	Notify(SharpMUSH.Library.Models.SharpPlayer: SharpMUSH.Library.Models.SharpPlayer, *System.String: -1*, <null>, Announce)
  	Notify(SharpMUSH.Library.Models.SharpPlayer: SharpMUSH.Library.Models.SharpPlayer, *System.String: -1*, <null>, Announce)
  	Notify(SharpMUSH.Library.Models.SharpPlayer: SharpMUSH.Library.Models.SharpPlayer, *System.String: -1*, <null>, Announce)
  	Notify(SharpMUSH.Library.Models.SharpPlayer: SharpMUSH.Library.Models.SharpPlayer, *System.String: -1*, <null>, Announce)
  	Notify(SharpMUSH.Library.Models.SharpPlayer: SharpMUSH.Library.Models.SharpPlayer, *System.String: -1*, <null>, Announce)
  	Notify(SharpMUSH.Library.Models.SharpPlayer: SharpMUSH.Library.Models.SharpPlayer, *System.String: -1*, <null>, Announce)
  	Notify(SharpMUSH.Library.Models.SharpPlayer: SharpMUSH.Library.Models.SharpPlayer, *System.String: -1*, <null>, Announce)
  	Notify(SharpMUSH.Library.Models.SharpPlayer: SharpMUSH.Library.Models.SharpPlayer, *System.String: -1*, <null>, Announce)
  	Notify(SharpMUSH.Library.Models.SharpPlayer: SharpMUSH.Library.Models.SharpPlayer, *System.String: -1*, <null>, Announce)
  	Notify(SharpMUSH.Library.Models.SharpPlayer: SharpMUSH.Library.Models.SharpPlayer, *System.String: -1*, <null>, Announce)
  	Notify(SharpMUSH.Library.Models.SharpPlayer: SharpMUSH.Library.Models.SharpPlayer, *System.String: -1*, <null>, Announce)
  	Notify(SharpMUSH.Library.Models.SharpPlayer: SharpMUSH.Library.Models.SharpPlayer, *System.String: -1*, <null>, Announce)
  	Notify(SharpMUSH.Library.Models.SharpPlayer: SharpMUSH.Library.Models.SharpPlayer, *System.String: -1*, <null>, Announce)
  	Notify(SharpMUSH.Library.Models.SharpPlayer: SharpMUSH.Library.Models.SharpPlayer, *System.String: -1*, <null>, Announce)
  	Notify(SharpMUSH.Library.Models.SharpPlayer: SharpMUSH.Library.Models.SharpPlayer, *System.String: -1*, <null>, Announce)
  	Notify(SharpMUSH.Library.Models.SharpPlayer: SharpMUSH.Library.Models.SharpPlayer, *System.String: -1*, <null>, Announce)
  	Notify(SharpMUSH.Library.Models.SharpPlayer: SharpMUSH.Library.Models.SharpPlayer, *System.String: -1*, <null>, Announce)
  	Notify(SharpMUSH.Library.Models.SharpPlayer: SharpMUSH.Library.Models.SharpPlayer, *System.String: -1*, <null>, Announce)
  	Notify(SharpMUSH.Library.Models.SharpPlayer: SharpMUSH.Library.Models.SharpPlayer, *System.String: -1*, <null>, Announce)
  	Notify(SharpMUSH.Library.Models.SharpPlayer: SharpMUSH.Library.Models.SharpPlayer, *System.String: -1*, <null>, Announce)
  	Notify(SharpMUSH.Library.Models.SharpPlayer: SharpMUSH.Library.Models.SharpPlayer, *System.String: -1*, <null>, Announce)
  	Notify(SharpMUSH.Library.Models.SharpPlayer: SharpMUSH.Library.Models.SharpPlayer, *System.String: -1*, <null>, Announce)
  	Notify(SharpMUSH.Library.Models.SharpPlayer: SharpMUSH.Library.Models.SharpPlayer, *System.String: -1*, <null>, Announce)
  	Notify(SharpMUSH.Library.Models.SharpPlayer: SharpMUSH.Library.Models.SharpPlayer, *System.String: -1*, <null>, Announce)
  	Notify(SharpMUSH.Library.Models.SharpPlayer: SharpMUSH.Library.Models.SharpPlayer, *System.String: -1*, <null>, Announce)
  	Notify(SharpMUSH.Library.Models.SharpPlayer: SharpMUSH.Library.Models.SharpPlayer, *System.String: -1*, <null>, Announce)
  	Notify(SharpMUSH.Library.Models.SharpPlayer: SharpMUSH.Library.Models.SharpPlayer, *System.String: -1*, <null>, Announce)
  	Notify(SharpMUSH.Library.Models.SharpPlayer: SharpMUSH.Library.Models.SharpPlayer, *System.String: -1*, <null>, Announce)
  	Notify(SharpMUSH.Library.Models.SharpPlayer: SharpMUSH.Library.Models.SharpPlayer, *System.String: -1*, <null>, Announce)
  	Notify(SharpMUSH.Library.Models.SharpPlayer: SharpMUSH.Library.Models.SharpPlayer, *System.String: -1*, <null>, Announce)
  	Notify(SharpMUSH.Library.Models.SharpPlayer: SharpMUSH.Library.Models.SharpPlayer, *System.String: -1*, <null>, Announce)
  	Notify(SharpMUSH.Library.Models.SharpPlayer: SharpMUSH.Library.Models.SharpPlayer, *System.String: -1*, <null>, Announce)
  	Notify(SharpMUSH.Library.Models.SharpPlayer: SharpMUSH.Library.Models.SharpPlayer, *System.String: -1*, <null>, Announce)
  	Notify(SharpMUSH.Library.Models.SharpPlayer: SharpMUSH.Library.Models.SharpPlayer, *System.String: -1*, <null>, Announce)
  	Notify(SharpMUSH.Library.Models.SharpPlayer: SharpMUSH.Library.Models.SharpPlayer, *System.String: -1*, <null>, Announce)
  	Notify(SharpMUSH.Library.Models.SharpPlayer: SharpMUSH.Library.Models.SharpPlayer, *System.String: -1*, <null>, Announce)
  	Notify(SharpMUSH.Library.Models.SharpPlayer: SharpMUSH.Library.Models.SharpPlayer, *System.String: -1*, <null>, Announce)
  	Notify(SharpMUSH.Library.Models.SharpPlayer: SharpMUSH.Library.Models.SharpPlayer, *System.String: -1*, <null>, Announce)
  	Notify(SharpMUSH.Library.Models.SharpPlayer: SharpMUSH.Library.Models.SharpPlayer, *System.String: -1*, <null>, Announce)
  	Notify(SharpMUSH.Library.Models.SharpPlayer: SharpMUSH.Library.Models.SharpPlayer, *System.String: -1*, <null>, Announce)
  	Notify(SharpMUSH.Library.Models.SharpPlayer: SharpMUSH.Library.Models.SharpPlayer, *System.String: -1*, <null>, Announce)
  	Notify(SharpMUSH.Library.Models.SharpPlayer: SharpMUSH.Library.Models.SharpPlayer, *System.String: -1*, <null>, Announce)
  	Notify(SharpMUSH.Library.Models.SharpPlayer: SharpMUSH.Library.Models.SharpPlayer, *System.String: -1*, <null>, Announce)
  	Notify(SharpMUSH.Library.Models.SharpPlayer: SharpMUSH.Library.Models.SharpPlayer, *System.String: -1*, <null>, Announce)
  	Notify(SharpMUSH.Library.Models.SharpPlayer: SharpMUSH.Library.Models.SharpPlayer, *System.String: -1*, <null>, Announce)
  	Notify(SharpMUSH.Library.Models.SharpPlayer: SharpMUSH.Library.Models.SharpPlayer, *System.String: -1*, <null>, Announce)
  	Notify(SharpMUSH.Library.Models.SharpPlayer: SharpMUSH.Library.Models.SharpPlayer, *System.String: -1*, <null>, Announce)
  	Notify(SharpMUSH.Library.Models.SharpPlayer: SharpMUSH.Library.Models.SharpPlayer, *System.String: -1*, <null>, Announce)
  	Notify(SharpMUSH.Library.Models.SharpPlayer: SharpMUSH.Library.Models.SharpPlayer, *System.String: -1*, <null>, Announce)
  	Notify(SharpMUSH.Library.Models.SharpPlayer: SharpMUSH.Library.Models.SharpPlayer, *System.String: -1*, <null>, Announce)
  	Notify(SharpMUSH.Library.Models.SharpPlayer: SharpMUSH.Library.Models.SharpPlayer, *System.String: -1*, <null>, Announce)
  	Notify(SharpMUSH.Library.Models.SharpPlayer: SharpMUSH.Library.Models.SharpPlayer, *System.String: -1*, <null>, Announce)
  	Notify(SharpMUSH.Library.Models.SharpPlayer: SharpMUSH.Library.Models.SharpPlayer, *System.String: -1*, <null>, Announce)
  	Notify(SharpMUSH.Library.Models.SharpPlayer: SharpMUSH.Library.Models.SharpPlayer, *System.String: -1*, <null>, Announce)
  	Notify(SharpMUSH.Library.Models.SharpPlayer: SharpMUSH.Library.Models.SharpPlayer, *System.String: -1*, <null>, Announce)
  	Notify(SharpMUSH.Library.Models.SharpPlayer: SharpMUSH.Library.Models.SharpPlayer, *System.String: -1*, <null>, Announce)
  	Notify(SharpMUSH.Library.Models.SharpPlayer: SharpMUSH.Library.Models.SharpPlayer, *System.String: -1*, <null>, Announce)
  	Notify(SharpMUSH.Library.Models.SharpPlayer: SharpMUSH.Library.Models.SharpPlayer, *System.String: -1*, <null>, Announce)
  	Notify(SharpMUSH.Library.Models.SharpPlayer: SharpMUSH.Library.Models.SharpPlayer, *System.String: -1*, <null>, Announce)
  	Notify(SharpMUSH.Library.Models.SharpPlayer: SharpMUSH.Library.Models.SharpPlayer, *System.String: -1*, <null>, Announce)
  	Notify(SharpMUSH.Library.Models.SharpPlayer: SharpMUSH.Library.Models.SharpPlayer, *System.String: -1*, <null>, Announce)
  	Notify(SharpMUSH.Library.Models.SharpPlayer: SharpMUSH.Library.Models.SharpPlayer, *System.String: -1*, <null>, Announce)
  	Notify(SharpMUSH.Library.Models.SharpPlayer: SharpMUSH.Library.Models.SharpPlayer, *System.String: -1*, <null>, Announce)
  	Notify(SharpMUSH.Library.Models.SharpPlayer: SharpMUSH.Library.Models.SharpPlayer, *System.String: -1*, <null>, Announce)
  	Notify(SharpMUSH.Library.Models.SharpPlayer: SharpMUSH.Library.Models.SharpPlayer, *System.String: -1*, <null>, Announce)
  	Notify(SharpMUSH.Library.Models.SharpPlayer: SharpMUSH.Library.Models.SharpPlayer, *System.String: -1*, <null>, Announce)
  	Notify(SharpMUSH.Library.Models.SharpPlayer: SharpMUSH.Library.Models.SharpPlayer, *System.String: -1*, <null>, Announce)
  	Notify(SharpMUSH.Library.Models.SharpPlayer: SharpMUSH.Library.Models.SharpPlayer, *System.String: -1*, <null>, Announce)
  	Notify(SharpMUSH.Library.Models.SharpPlayer: SharpMUSH.Library.Models.SharpPlayer, *System.String: -1*, <null>, Announce)
  	Notify(SharpMUSH.Library.Models.SharpPlayer: SharpMUSH.Library.Models.SharpPlayer, *System.String: -1*, <null>, Announce)
  	Notify(SharpMUSH.Library.Models.SharpPlayer: SharpMUSH.Library.Models.SharpPlayer, *System.String: -1*, <null>, Announce)
  	Notify(SharpMUSH.Library.Models.SharpPlayer: SharpMUSH.Library.Models.SharpPlayer, *System.String: -1*, <null>, Announce)
  	Notify(SharpMUSH.Library.Models.SharpPlayer: SharpMUSH.Library.Models.SharpPlayer, *System.String: -1*, <null>, Announce)
  	Notify(SharpMUSH.Library.Models.SharpPlayer: SharpMUSH.Library.Models.SharpPlayer, *System.String: -1*, <null>, Announce)
  	Notify(SharpMUSH.Library.Models.SharpPlayer: SharpMUSH.Library.Models.SharpPlayer, *System.String: -1*, <null>, Announce)
  	Notify(SharpMUSH.Library.Models.SharpPlayer: SharpMUSH.Library.Models.SharpPlayer, *System.String: -1*, <null>, Announce)
  	Notify(SharpMUSH.Library.Models.SharpPlayer: SharpMUSH.Library.Models.SharpPlayer, *System.String: -1*, <null>, Announce)
  	Notify(SharpMUSH.Library.Models.SharpPlayer: SharpMUSH.Library.Models.SharpPlayer, *System.String: -1*, <null>, Announce)
  	Notify(SharpMUSH.Library.Models.SharpPlayer: SharpMUSH.Library.Models.SharpPlayer, *System.String: -1*, <null>, Announce)
  	Notify(SharpMUSH.Library.Models.SharpPlayer: SharpMUSH.Library.Models.SharpPlayer, *System.String: -1*, <null>, Announce)
  	Notify(SharpMUSH.Library.Models.SharpPlayer: SharpMUSH.Library.Models.SharpPlayer, *System.String: -1*, <null>, Announce)
  	Notify(SharpMUSH.Library.Models.SharpPlayer: SharpMUSH.Library.Models.SharpPlayer, *System.String: -1*, <null>, Announce)
  	Notify(SharpMUSH.Library.Models.SharpPlayer: SharpMUSH.Library.Models.SharpPlayer, *System.String: -1*, <null>, Announce)
  	Notify(SharpMUSH.Library.Models.SharpPlayer: SharpMUSH.Library.Models.SharpPlayer, *System.String: -1*, <null>, Announce)
  	Notify(SharpMUSH.Library.Models.SharpPlayer: SharpMUSH.Library.Models.SharpPlayer, *System.String: -1*, <null>, Announce)
  	Notify(SharpMUSH.Library.Models.SharpPlayer: SharpMUSH.Library.Models.SharpPlayer, *System.String: -1*, <null>, Announce)
  	Notify(SharpMUSH.Library.Models.SharpPlayer: SharpMUSH.Library.Models.SharpPlayer, *System.String: -1*, <null>, Announce)
  	Notify(SharpMUSH.Library.Models.SharpPlayer: SharpMUSH.Library.Models.SharpPlayer, *System.String: -1*, <null>, Announce)
  	Notify(SharpMUSH.Library.Models.SharpPlayer: SharpMUSH.Library.Models.SharpPlayer, *System.String: -1*, <null>, Announce)
  	Notify(SharpMUSH.Library.Models.SharpPlayer: SharpMUSH.Library.Models.SharpPlayer, *System.String: -1*, <null>, Announce)
  	Notify(SharpMUSH.Library.Models.SharpPlayer: SharpMUSH.Library.Models.SharpPlayer, *System.String: -1*, <null>, Announce)
  	Notify(SharpMUSH.Library.Models.SharpPlayer: SharpMUSH.Library.Models.SharpPlayer, *System.String: -1*, <null>, Announce)
  	Notify(SharpMUSH.Library.Models.SharpPlayer: SharpMUSH.Library.Models.SharpPlayer, *System.String: -1*, <null>, Announce)
  	Notify(SharpMUSH.Library.Models.SharpPlayer: SharpMUSH.Library.Models.SharpPlayer, *System.String: -1*, <null>, Announce)
  	Notify(SharpMUSH.Library.Models.SharpPlayer: SharpMUSH.Library.Models.SharpPlayer, *System.String: -1*, <null>, Announce)
  	Notify(SharpMUSH.Library.Models.SharpPlayer: SharpMUSH.Library.Models.SharpPlayer, *System.String: -1*, <null>, Announce)
  	Notify(SharpMUSH.Library.Models.SharpPlayer: SharpMUSH.Library.Models.SharpPlayer, *System.String: -1*, <null>, Announce)
  	Notify(SharpMUSH.Library.Models.SharpPlayer: SharpMUSH.Library.Models.SharpPlayer, *System.String: -1*, <null>, Announce)
  	Notify(SharpMUSH.Library.Models.SharpPlayer: SharpMUSH.Library.Models.SharpPlayer, *System.String: -1*, <null>, Announce)
  	Notify(SharpMUSH.Library.Models.SharpPlayer: SharpMUSH.Library.Models.SharpPlayer, *System.String: -1*, <null>, Announce)
  	Notify(SharpMUSH.Library.Models.SharpPlayer: SharpMUSH.Library.Models.SharpPlayer, *System.String: -1*, <null>, Announce)
  	Notify(SharpMUSH.Library.Models.SharpPlayer: SharpMUSH.Library.Models.SharpPlayer, *System.String: -1*, <null>, Announce)
  	Notify(SharpMUSH.Library.Models.SharpPlayer: SharpMUSH.Library.Models.SharpPlayer, *System.String: -1*, <null>, Announce)
  	Notify(SharpMUSH.Library.Models.SharpPlayer: SharpMUSH.Library.Models.SharpPlayer, *System.String: -1*, <null>, Announce)
  	Notify(SharpMUSH.Library.Models.SharpPlayer: SharpMUSH.Library.Models.SharpPlayer, *System.String: -1*, <null>, Announce)
  	Notify(SharpMUSH.Library.Models.SharpPlayer: SharpMUSH.Library.Models.SharpPlayer, *System.String: -1*, <null>, Announce)
  	Notify(SharpMUSH.Library.Models.SharpPlayer: SharpMUSH.Library.Models.SharpPlayer, *System.String: -1*, <null>, Announce)
  	Notify(SharpMUSH.Library.Models.SharpPlayer: SharpMUSH.Library.Models.SharpPlayer, *System.String: -1*, <null>, Announce)
  	Notify(SharpMUSH.Library.Models.SharpPlayer: SharpMUSH.Library.Models.SharpPlayer, *System.String: -1*, <null>, Announce)
  	Notify(SharpMUSH.Library.Models.SharpPlayer: SharpMUSH.Library.Models.SharpPlayer, *System.String: -1*, <null>, Announce)
  	Notify(SharpMUSH.Library.Models.SharpPlayer: SharpMUSH.Library.Models.SharpPlayer, *System.String: -1*, <null>, Announce)
  	Notify(SharpMUSH.Library.Models.SharpPlayer: SharpMUSH.Library.Models.SharpPlayer, *System.String: -1*, <null>, Announce)
  	Notify(SharpMUSH.Library.Models.SharpPlayer: SharpMUSH.Library.Models.SharpPlayer, *System.String: -1*, <null>, Announce)
  	Notify(SharpMUSH.Library.Models.SharpPlayer: SharpMUSH.Library.Models.SharpPlayer, *System.String: -1*, <null>, Announce)
  	Notify(SharpMUSH.Library.Models.SharpPlayer: SharpMUSH.Library.Models.SharpPlayer, *System.String: -1*, <null>, Announce)
  	Notify(SharpMUSH.Library.Models.SharpPlayer: SharpMUSH.Library.Models.SharpPlayer, *System.String: -1*, <null>, Announce)
  	Notify(SharpMUSH.Library.Models.SharpPlayer: SharpMUSH.Library.Models.SharpPlayer, *System.String: -1*, <null>, Announce)
  	Notify(SharpMUSH.Library.Models.SharpPlayer: SharpMUSH.Library.Models.SharpPlayer, *System.String: -1*, <null>, Announce)
  	Notify(SharpMUSH.Library.Models.SharpPlayer: SharpMUSH.Library.Models.SharpPlayer, *System.String: -1*, <null>, Announce)
  	Notify(SharpMUSH.Library.Models.SharpPlayer: SharpMUSH.Library.Models.SharpPlayer, *System.String: -1*, <null>, Announce)
  	Notify(SharpMUSH.Library.Models.SharpPlayer: SharpMUSH.Library.Models.SharpPlayer, *System.String: -1*, <null>, Announce)
  	Notify(SharpMUSH.Library.Models.SharpPlayer: SharpMUSH.Library.Models.SharpPlayer, *System.String: -1*, <null>, Announce)
  	Notify(SharpMUSH.Library.Models.SharpPlayer: SharpMUSH.Library.Models.SharpPlayer, *System.String: -1*, <null>, Announce)
  	Notify(SharpMUSH.Library.Models.SharpPlayer: SharpMUSH.Library.Models.SharpPlayer, *System.String: -1*, <null>, Announce)
  	Notify(SharpMUSH.Library.Models.SharpPlayer: SharpMUSH.Library.Models.SharpPlayer, *System.String: -1*, <null>, Announce)
  	Notify(SharpMUSH.Library.Models.SharpPlayer: SharpMUSH.Library.Models.SharpPlayer, *System.String: -1*, <null>, Announce)
  	Notify(SharpMUSH.Library.Models.SharpPlayer: SharpMUSH.Library.Models.SharpPlayer, *System.String: -1*, <null>, Announce)
  	Notify(SharpMUSH.Library.Models.SharpPlayer: SharpMUSH.Library.Models.SharpPlayer, *System.String: -1*, <null>, Announce)
  	Notify(SharpMUSH.Library.Models.SharpPlayer: SharpMUSH.Library.Models.SharpPlayer, *System.String: -1*, <null>, Announce)
  	Notify(SharpMUSH.Library.Models.SharpPlayer: SharpMUSH.Library.Models.SharpPlayer, *System.String: -1*, <null>, Announce)
  	Notify(SharpMUSH.Library.Models.SharpPlayer: SharpMUSH.Library.Models.SharpPlayer, *System.String: -1*, <null>, Announce)
  	Notify(SharpMUSH.Library.Models.SharpPlayer: SharpMUSH.Library.Models.SharpPlayer, *System.String: -1*, <null>, Announce)
  	Notify(SharpMUSH.Library.Models.SharpPlayer: SharpMUSH.Library.Models.SharpPlayer, *System.String: -1*, <null>, Announce)
  	Notify(SharpMUSH.Library.Models.SharpPlayer: SharpMUSH.Library.Models.SharpPlayer, *System.String: -1*, <null>, Announce)
  	Notify(SharpMUSH.Library.Models.SharpPlayer: SharpMUSH.Library.Models.SharpPlayer, *System.String: -1*, <null>, Announce)
  	Notify(SharpMUSH.Library.Models.SharpPlayer: SharpMUSH.Library.Models.SharpPlayer, *System.String: -1*, <null>, Announce)
  	Notify(SharpMUSH.Library.Models.SharpPlayer: SharpMUSH.Library.Models.SharpPlayer, *System.String: -1*, <null>, Announce)
  	Notify(SharpMUSH.Library.Models.SharpPlayer: SharpMUSH.Library.Models.SharpPlayer, *System.String: -1*, <null>, Announce)
  	Notify(SharpMUSH.Library.Models.SharpPlayer: SharpMUSH.Library.Models.SharpPlayer, *System.String: -1*, <null>, Announce)
  	Notify(SharpMUSH.Library.Models.SharpPlayer: SharpMUSH.Library.Models.SharpPlayer, *System.String: -1*, <null>, Announce)
  	Notify(SharpMUSH.Library.Models.SharpPlayer: SharpMUSH.Library.Models.SharpPlayer, *System.String: -1*, <null>, Announce)
  	Notify(SharpMUSH.Library.Models.SharpPlayer: SharpMUSH.Library.Models.SharpPlayer, *System.String: -1*, <null>, Announce)
  	Notify(SharpMUSH.Library.Models.SharpPlayer: SharpMUSH.Library.Models.SharpPlayer, *System.String: -1*, <null>, Announce)
  	Notify(SharpMUSH.Library.Models.SharpPlayer: SharpMUSH.Library.Models.SharpPlayer, *System.String: -1*, <null>, Announce)
  	Notify(SharpMUSH.Library.Models.SharpPlayer: SharpMUSH.Library.Models.SharpPlayer, *System.String: -1*, <null>, Announce)
  	Notify(SharpMUSH.Library.Models.SharpPlayer: SharpMUSH.Library.Models.SharpPlayer, *System.String: -1*, <null>, Announce)
  	Notify(SharpMUSH.Library.Models.SharpPlayer: SharpMUSH.Library.Models.SharpPlayer, *System.String: -1*, <null>, Announce)
  	Notify(SharpMUSH.Library.Models.SharpPlayer: SharpMUSH.Library.Models.SharpPlayer, *System.String: -1*, <null>, Announce)
  	Notify(SharpMUSH.Library.Models.SharpPlayer: SharpMUSH.Library.Models.SharpPlayer, *System.String: -1*, <null>, Announce)
  	Notify(SharpMUSH.Library.Models.SharpPlayer: SharpMUSH.Library.Models.SharpPlayer, *System.String: -1*, <null>, Announce)
  	Notify(SharpMUSH.Library.Models.SharpPlayer: SharpMUSH.Library.Models.SharpPlayer, *System.String: -1*, <null>, Announce)
  	Notify(SharpMUSH.Library.Models.SharpPlayer: SharpMUSH.Library.Models.SharpPlayer, *System.String: -1*, <null>, Announce)
  	Notify(SharpMUSH.Library.Models.SharpPlayer: SharpMUSH.Library.Models.SharpPlayer, *System.String: -1*, <null>, Announce)
  	Notify(SharpMUSH.Library.Models.SharpPlayer: SharpMUSH.Library.Models.SharpPlayer, *System.String: -1*, <null>, Announce)
  	Notify(SharpMUSH.Library.Models.SharpPlayer: SharpMUSH.Library.Models.SharpPlayer, *System.String: -1*, <null>, Announce)
  	Notify(SharpMUSH.Library.Models.SharpPlayer: SharpMUSH.Library.Models.SharpPlayer, *System.String: -1*, <null>, Announce)
  	Notify(SharpMUSH.Library.Models.SharpPlayer: SharpMUSH.Library.Models.SharpPlayer, *System.String: -1*, <null>, Announce)
  	Notify(SharpMUSH.Library.Models.SharpPlayer: SharpMUSH.Library.Models.SharpPlayer, *System.String: -1*, <null>, Announce)
  	Notify(SharpMUSH.Library.Models.SharpPlayer: SharpMUSH.Library.Models.SharpPlayer, *System.String: -1*, <null>, Announce)
  	Notify(SharpMUSH.Library.Models.SharpPlayer: SharpMUSH.Library.Models.SharpPlayer, *System.String: -1*, <null>, Announce)
  	Notify(SharpMUSH.Library.Models.SharpPlayer: SharpMUSH.Library.Models.SharpPlayer, *System.String: -1*, <null>, Announce)
  	Notify(SharpMUSH.Library.Models.SharpPlayer: SharpMUSH.Library.Models.SharpPlayer, *System.String: -1*, <null>, Announce)
  	Notify(SharpMUSH.Library.Models.SharpPlayer: SharpMUSH.Library.Models.SharpPlayer, *System.String: -1*, <null>, Announce)
  	Notify(SharpMUSH.Library.Models.SharpPlayer: SharpMUSH.Library.Models.SharpPlayer, *System.String: -1*, <null>, Announce)
  	Notify(SharpMUSH.Library.Models.SharpPlayer: SharpMUSH.Library.Models.SharpPlayer, *System.String: -1*, <null>, Announce)
  	Notify(SharpMUSH.Library.Models.SharpPlayer: SharpMUSH.Library.Models.SharpPlayer, *System.String: -1*, <null>, Announce)
  	Notify(SharpMUSH.Library.Models.SharpPlayer: SharpMUSH.Library.Models.SharpPlayer, *System.String: -1*, <null>, Announce)
  	Notify(SharpMUSH.Library.Models.SharpPlayer: SharpMUSH.Library.Models.SharpPlayer, *System.String: -1*, <null>, Announce)
  	Notify(SharpMUSH.Library.Models.SharpPlayer: SharpMUSH.Library.Models.SharpPlayer, *System.String: -1*, <null>, Announce)
  	Notify(SharpMUSH.Library.Models.SharpPlayer: SharpMUSH.Library.Models.SharpPlayer, *System.String: -1*, <null>, Announce)
  	Notify(SharpMUSH.Library.Models.SharpPlayer: SharpMUSH.Library.Models.SharpPlayer, *System.String: -1*, <null>, Announce)
  	Notify(SharpMUSH.Library.Models.SharpPlayer: SharpMUSH.Library.Models.SharpPlayer, *System.String: -1*, <null>, Announce)
  	Notify(SharpMUSH.Library.Models.SharpPlayer: SharpMUSH.Library.Models.SharpPlayer, *System.String: -1*, <null>, Announce)
  	Notify(SharpMUSH.Library.Models.SharpPlayer: SharpMUSH.Library.Models.SharpPlayer, *System.String: -1*, <null>, Announce)
  	Notify(SharpMUSH.Library.Models.SharpPlayer: SharpMUSH.Library.Models.SharpPlayer, *System.String: -1*, <null>, Announce)
  	Notify(SharpMUSH.Library.Models.SharpPlayer: SharpMUSH.Library.Models.SharpPlayer, *System.String: -1*, <null>, Announce)
  	Notify(SharpMUSH.Library.Models.SharpPlayer: SharpMUSH.Library.Models.SharpPlayer, *System.String: -1*, <null>, Announce)
  	Notify(SharpMUSH.Library.Models.SharpPlayer: SharpMUSH.Library.Models.SharpPlayer, *System.String: -1*, <null>, Announce)
  	Notify(SharpMUSH.Library.Models.SharpPlayer: SharpMUSH.Library.Models.SharpPlayer, *System.String: -1*, <null>, Announce)
  	Notify(SharpMUSH.Library.Models.SharpPlayer: SharpMUSH.Library.Models.SharpPlayer, *System.String: -1*, <null>, Announce)
  	Notify(SharpMUSH.Library.Models.SharpPlayer: SharpMUSH.Library.Models.SharpPlayer, *System.String: -1*, <null>, Announce)
  	Notify(SharpMUSH.Library.Models.SharpPlayer: SharpMUSH.Library.Models.SharpPlayer, *System.String: -1*, <null>, Announce)
  	Notify(SharpMUSH.Library.Models.SharpPlayer: SharpMUSH.Library.Models.SharpPlayer, *System.String: -1*, <null>, Announce)
  	Notify(SharpMUSH.Library.Models.SharpPlayer: SharpMUSH.Library.Models.SharpPlayer, *System.String: -1*, <null>, Announce)
  	Notify(SharpMUSH.Library.Models.SharpPlayer: SharpMUSH.Library.Models.SharpPlayer, *System.String: -1*, <null>, Announce)
  	Notify(SharpMUSH.Library.Models.SharpPlayer: SharpMUSH.Library.Models.SharpPlayer, *System.String: -1*, <null>, Announce)
  	Notify(SharpMUSH.Library.Models.SharpPlayer: SharpMUSH.Library.Models.SharpPlayer, *System.String: -1*, <null>, Announce)
  	Notify(SharpMUSH.Library.Models.SharpPlayer: SharpMUSH.Library.Models.SharpPlayer, *System.String: -1*, <null>, Announce)
  	Notify(SharpMUSH.Library.Models.SharpPlayer: SharpMUSH.Library.Models.SharpPlayer, *System.String: -1*, <null>, Announce)
  	Notify(SharpMUSH.Library.Models.SharpPlayer: SharpMUSH.Library.Models.SharpPlayer, *System.String: -1*, <null>, Announce)
  	Notify(SharpMUSH.Library.Models.SharpPlayer: SharpMUSH.Library.Models.SharpPlayer, *System.String: -1*, <null>, Announce)
  	Notify(SharpMUSH.Library.Models.SharpPlayer: SharpMUSH.Library.Models.SharpPlayer, *System.String: -1*, <null>, Announce)
  	Notify(SharpMUSH.Library.Models.SharpPlayer: SharpMUSH.Library.Models.SharpPlayer, *System.String: -1*, <null>, Announce)
  	Notify(SharpMUSH.Library.Models.SharpPlayer: SharpMUSH.Library.Models.SharpPlayer, *System.String: -1*, <null>, Announce)
  	Notify(SharpMUSH.Library.Models.SharpPlayer: SharpMUSH.Library.Models.SharpPlayer, *System.String: -1*, <null>, Announce)
  	Notify(SharpMUSH.Library.Models.SharpPlayer: SharpMUSH.Library.Models.SharpPlayer, *System.String: -1*, <null>, Announce)
  	Notify(SharpMUSH.Library.Models.SharpPlayer: SharpMUSH.Library.Models.SharpPlayer, *System.String: -1*, <null>, Announce)
  	Notify(SharpMUSH.Library.Models.SharpPlayer: SharpMUSH.Library.Models.SharpPlayer, *System.String: -1*, <null>, Announce)
  	Notify(SharpMUSH.Library.Models.SharpPlayer: SharpMUSH.Library.Models.SharpPlayer, *System.String: -1*, <null>, Announce)
  	Notify(SharpMUSH.Library.Models.SharpPlayer: SharpMUSH.Library.Models.SharpPlayer, *System.String: -1*, <null>, Announce)
  	Notify(SharpMUSH.Library.Models.SharpPlayer: SharpMUSH.Library.Models.SharpPlayer, *System.String: -1*, <null>, Announce)
  	Notify(SharpMUSH.Library.Models.SharpPlayer: SharpMUSH.Library.Models.SharpPlayer, *System.String: -1*, <null>, Announce)
  	Notify(SharpMUSH.Library.Models.SharpPlayer: SharpMUSH.Library.Models.SharpPlayer, *System.String: -1*, <null>, Announce)
  	Notify(SharpMUSH.Library.Models.SharpPlayer: SharpMUSH.Library.Models.SharpPlayer, *System.String: -1*, <null>, Announce)
  	Notify(SharpMUSH.Library.Models.SharpPlayer: SharpMUSH.Library.Models.SharpPlayer, *System.String: -1*, <null>, Announce)
  	Notify(SharpMUSH.Library.Models.SharpPlayer: SharpMUSH.Library.Models.SharpPlayer, *System.String: -1*, <null>, Announce)
  	Notify(SharpMUSH.Library.Models.SharpPlayer: SharpMUSH.Library.Models.SharpPlayer, *System.String: -1*, <null>, Announce)
  	Notify(SharpMUSH.Library.Models.SharpPlayer: SharpMUSH.Library.Models.SharpPlayer, *System.String: -1*, <null>, Announce)
  	Notify(SharpMUSH.Library.Models.SharpPlayer: SharpMUSH.Library.Models.SharpPlayer, *System.String: -1*, <null>, Announce)
  	Notify(SharpMUSH.Library.Models.SharpPlayer: SharpMUSH.Library.Models.SharpPlayer, *System.String: -1*, <null>, Announce)
  	Notify(SharpMUSH.Library.Models.SharpPlayer: SharpMUSH.Library.Models.SharpPlayer, *System.String: -1*, <null>, Announce)
  	Notify(SharpMUSH.Library.Models.SharpPlayer: SharpMUSH.Library.Models.SharpPlayer, *System.String: -1*, <null>, Announce)
  	Notify(SharpMUSH.Library.Models.SharpPlayer: SharpMUSH.Library.Models.SharpPlayer, *System.String: -1*, <null>, Announce)
  	Notify(SharpMUSH.Library.Models.SharpPlayer: SharpMUSH.Library.Models.SharpPlayer, *System.String: -1*, <null>, Announce)
  	Notify(SharpMUSH.Library.Models.SharpPlayer: SharpMUSH.Library.Models.SharpPlayer, *System.String: -1*, <null>, Announce)
  	Notify(SharpMUSH.Library.Models.SharpPlayer: SharpMUSH.Library.Models.SharpPlayer, *System.String: -1*, <null>, Announce)
  	Notify(SharpMUSH.Library.Models.SharpPlayer: SharpMUSH.Library.Models.SharpPlayer, *System.String: -1*, <null>, Announce)
  	Notify(SharpMUSH.Library.Models.SharpPlayer: SharpMUSH.Library.Models.SharpPlayer, *System.String: -1*, <null>, Announce)
  	Notify(SharpMUSH.Library.Models.SharpPlayer: SharpMUSH.Library.Models.SharpPlayer, *System.String: -1*, <null>, Announce)
  	Notify(SharpMUSH.Library.Models.SharpPlayer: SharpMUSH.Library.Models.SharpPlayer, *System.String: -1*, <null>, Announce)
  	Notify(SharpMUSH.Library.Models.SharpPlayer: SharpMUSH.Library.Models.SharpPlayer, *System.String: -1*, <null>, Announce)
  	Notify(SharpMUSH.Library.Models.SharpPlayer: SharpMUSH.Library.Models.SharpPlayer, *System.String: -1*, <null>, Announce)
  	Notify(SharpMUSH.Library.Models.SharpPlayer: SharpMUSH.Library.Models.SharpPlayer, *System.String: -1*, <null>, Announce)
  	Notify(SharpMUSH.Library.Models.SharpPlayer: SharpMUSH.Library.Models.SharpPlayer, *System.String: -1*, <null>, Announce)
  	Notify(SharpMUSH.Library.Models.SharpPlayer: SharpMUSH.Library.Models.SharpPlayer, *System.String: -1*, <null>, Announce)
  	Notify(SharpMUSH.Library.Models.SharpPlayer: SharpMUSH.Library.Models.SharpPlayer, *System.String: -1*, <null>, Announce)
  	Notify(SharpMUSH.Library.Models.SharpPlayer: SharpMUSH.Library.Models.SharpPlayer, *System.String: -1*, <null>, Announce)
  	Notify(SharpMUSH.Library.Models.SharpPlayer: SharpMUSH.Library.Models.SharpPlayer, *System.String: -1*, <null>, Announce)
  	Notify(SharpMUSH.Library.Models.SharpPlayer: SharpMUSH.Library.Models.SharpPlayer, *System.String: -1*, <null>, Announce)
  	Notify(SharpMUSH.Library.Models.SharpPlayer: SharpMUSH.Library.Models.SharpPlayer, *System.String: -1*, <null>, Announce)
  	Notify(SharpMUSH.Library.Models.SharpPlayer: SharpMUSH.Library.Models.SharpPlayer, *System.String: -1*, <null>, Announce)
  	Notify(SharpMUSH.Library.Models.SharpPlayer: SharpMUSH.Library.Models.SharpPlayer, *System.String: -1*, <null>, Announce)
  	Notify(SharpMUSH.Library.Models.SharpPlayer: SharpMUSH.Library.Models.SharpPlayer, *System.String: -1*, <null>, Announce)
  	Notify(SharpMUSH.Library.Models.SharpPlayer: SharpMUSH.Library.Models.SharpPlayer, *System.String: -1*, <null>, Announce)
  	Notify(SharpMUSH.Library.Models.SharpPlayer: SharpMUSH.Library.Models.SharpPlayer, *System.String: -1*, <null>, Announce)
  	Notify(SharpMUSH.Library.Models.SharpPlayer: SharpMUSH.Library.Models.SharpPlayer, *System.String: -1*, <null>, Announce)
  	Notify(SharpMUSH.Library.Models.SharpPlayer: SharpMUSH.Library.Models.SharpPlayer, *System.String: -1*, <null>, Announce)
  	Notify(SharpMUSH.Library.Models.SharpPlayer: SharpMUSH.Library.Models.SharpPlayer, *System.String: -1*, <null>, Announce)
  	Notify(SharpMUSH.Library.Models.SharpPlayer: SharpMUSH.Library.Models.SharpPlayer, *System.String: -1*, <null>, Announce)
  	Notify(SharpMUSH.Library.Models.SharpPlayer: SharpMUSH.Library.Models.SharpPlayer, *System.String: -1*, <null>, Announce)
  	Notify(SharpMUSH.Library.Models.SharpPlayer: SharpMUSH.Library.Models.SharpPlayer, *System.String: -1*, <null>, Announce)
  	Notify(SharpMUSH.Library.Models.SharpPlayer: SharpMUSH.Library.Models.SharpPlayer, *System.String: -1*, <null>, Announce)
  	Notify(SharpMUSH.Library.Models.SharpPlayer: SharpMUSH.Library.Models.SharpPlayer, *System.String: -1*, <null>, Announce)
  	Notify(SharpMUSH.Library.Models.SharpPlayer: SharpMUSH.Library.Models.SharpPlayer, *System.String: -1*, <null>, Announce)
  	Notify(SharpMUSH.Library.Models.SharpPlayer: SharpMUSH.Library.Models.SharpPlayer, *System.String: -1*, <null>, Announce)
  	Notify(SharpMUSH.Library.Models.SharpPlayer: SharpMUSH.Library.Models.SharpPlayer, *System.String: -1*, <null>, Announce)
  	Notify(SharpMUSH.Library.Models.SharpPlayer: SharpMUSH.Library.Models.SharpPlayer, *System.String: -1*, <null>, Announce)
  	Notify(SharpMUSH.Library.Models.SharpPlayer: SharpMUSH.Library.Models.SharpPlayer, *System.String: -1*, <null>, Announce)
  	Notify(SharpMUSH.Library.Models.SharpPlayer: SharpMUSH.Library.Models.SharpPlayer, *System.String: -1*, <null>, Announce)
  	Notify(SharpMUSH.Library.Models.SharpPlayer: SharpMUSH.Library.Models.SharpPlayer, *System.String: -1*, <null>, Announce)
  	Notify(SharpMUSH.Library.Models.SharpPlayer: SharpMUSH.Library.Models.SharpPlayer, *System.String: -1*, <null>, Announce)
  	Notify(SharpMUSH.Library.Models.SharpPlayer: SharpMUSH.Library.Models.SharpPlayer, *System.String: -1*, <null>, Announce)
  	Notify(SharpMUSH.Library.Models.SharpPlayer: SharpMUSH.Library.Models.SharpPlayer, *System.String: -1*, <null>, Announce)
  	Notify(SharpMUSH.Library.Models.SharpPlayer: SharpMUSH.Library.Models.SharpPlayer, *System.String: -1*, <null>, Announce)
  	Notify(SharpMUSH.Library.Models.SharpPlayer: SharpMUSH.Library.Models.SharpPlayer, *System.String: -1*, <null>, Announce)
  	Notify(SharpMUSH.Library.Models.SharpPlayer: SharpMUSH.Library.Models.SharpPlayer, *System.String: -1*, <null>, Announce)
  	Notify(SharpMUSH.Library.Models.SharpPlayer: SharpMUSH.Library.Models.SharpPlayer, *System.String: -1*, <null>, Announce)
  	Notify(SharpMUSH.Library.Models.SharpPlayer: SharpMUSH.Library.Models.SharpPlayer, *System.String: -1*, <null>, Announce)
  	Notify(SharpMUSH.Library.Models.SharpPlayer: SharpMUSH.Library.Models.SharpPlayer, *System.String: -1*, <null>, Announce)
  	Notify(SharpMUSH.Library.Models.SharpPlayer: SharpMUSH.Library.Models.SharpPlayer, *System.String: -1*, <null>, Announce)
  	Notify(SharpMUSH.Library.Models.SharpPlayer: SharpMUSH.Library.Models.SharpPlayer, *System.String: -1*, <null>, Announce)
  	Notify(SharpMUSH.Library.Models.SharpPlayer: SharpMUSH.Library.Models.SharpPlayer, *System.String: -1*, <null>, Announce)
  	Notify(SharpMUSH.Library.Models.SharpPlayer: SharpMUSH.Library.Models.SharpPlayer, *System.String: -1*, <null>, Announce)
  	Notify(SharpMUSH.Library.Models.SharpPlayer: SharpMUSH.Library.Models.SharpPlayer, *System.String: -1*, <null>, Announce)
  	Notify(SharpMUSH.Library.Models.SharpPlayer: SharpMUSH.Library.Models.SharpPlayer, *System.String: -1*, <null>, Announce)
  	Notify(SharpMUSH.Library.Models.SharpPlayer: SharpMUSH.Library.Models.SharpPlayer, *System.String: -1*, <null>, Announce)
  	Notify(SharpMUSH.Library.Models.SharpPlayer: SharpMUSH.Library.Models.SharpPlayer, *System.String: -1*, <null>, Announce)
  	Notify(SharpMUSH.Library.Models.SharpPlayer: SharpMUSH.Library.Models.SharpPlayer, *System.String: -1*, <null>, Announce)
  	Notify(SharpMUSH.Library.Models.SharpPlayer: SharpMUSH.Library.Models.SharpPlayer, *System.String: -1*, <null>, Announce)
  	Notify(SharpMUSH.Library.Models.SharpPlayer: SharpMUSH.Library.Models.SharpPlayer, *System.String: -1*, <null>, Announce)
  	Notify(SharpMUSH.Library.Models.SharpPlayer: SharpMUSH.Library.Models.SharpPlayer, *System.String: -1*, <null>, Announce)
  	Notify(SharpMUSH.Library.Models.SharpPlayer: SharpMUSH.Library.Models.SharpPlayer, *System.String: -1*, <null>, Announce)
  	Notify(SharpMUSH.Library.Models.SharpPlayer: SharpMUSH.Library.Models.SharpPlayer, *System.String: -1*, <null>, Announce)
  	Notify(SharpMUSH.Library.Models.SharpPlayer: SharpMUSH.Library.Models.SharpPlayer, *System.String: -1*, <null>, Announce)
  	Notify(SharpMUSH.Library.Models.SharpPlayer: SharpMUSH.Library.Models.SharpPlayer, *System.String: -1*, <null>, Announce)
  	Notify(SharpMUSH.Library.Models.SharpPlayer: SharpMUSH.Library.Models.SharpPlayer, *System.String: -1*, <null>, Announce)
  	Notify(SharpMUSH.Library.Models.SharpPlayer: SharpMUSH.Library.Models.SharpPlayer, *System.String: -1*, <null>, Announce)
  	Notify(SharpMUSH.Library.Models.SharpPlayer: SharpMUSH.Library.Models.SharpPlayer, *System.String: -1*, <null>, Announce)
  	Notify(SharpMUSH.Library.Models.SharpPlayer: SharpMUSH.Library.Models.SharpPlayer, *System.String: -1*, <null>, Announce)
  	Notify(SharpMUSH.Library.Models.SharpPlayer: SharpMUSH.Library.Models.SharpPlayer, *System.String: -1*, <null>, Announce)
  	Notify(SharpMUSH.Library.Models.SharpPlayer: SharpMUSH.Library.Models.SharpPlayer, *System.String: -1*, <null>, Announce)
  	Notify(SharpMUSH.Library.Models.SharpPlayer: SharpMUSH.Library.Models.SharpPlayer, *System.String: -1*, <null>, Announce)
  	Notify(SharpMUSH.Library.Models.SharpPlayer: SharpMUSH.Library.Models.SharpPlayer, *System.String: -1*, <null>, Announce)
  	Notify(SharpMUSH.Library.Models.SharpPlayer: SharpMUSH.Library.Models.SharpPlayer, *System.String: -1*, <null>, Announce)
  	Notify(SharpMUSH.Library.Models.SharpPlayer: SharpMUSH.Library.Models.SharpPlayer, *System.String: -1*, <null>, Announce)
  	Notify(SharpMUSH.Library.Models.SharpPlayer: SharpMUSH.Library.Models.SharpPlayer, *System.String: -1*, <null>, Announce)
  	Notify(SharpMUSH.Library.Models.SharpPlayer: SharpMUSH.Library.Models.SharpPlayer, *System.String: -1*, <null>, Announce)
  	Notify(SharpMUSH.Library.Models.SharpPlayer: SharpMUSH.Library.Models.SharpPlayer, *System.String: -1*, <null>, Announce)
  	Notify(SharpMUSH.Library.Models.SharpPlayer: SharpMUSH.Library.Models.SharpPlayer, *System.String: -1*, <null>, Announce)
  	Notify(SharpMUSH.Library.Models.SharpPlayer: SharpMUSH.Library.Models.SharpPlayer, *System.String: -1*, <null>, Announce)
  	Notify(SharpMUSH.Library.Models.SharpPlayer: SharpMUSH.Library.Models.SharpPlayer, *System.String: -1*, <null>, Announce)
  	Notify(SharpMUSH.Library.Models.SharpPlayer: SharpMUSH.Library.Models.SharpPlayer, *System.String: -1*, <null>, Announce)
  	Notify(SharpMUSH.Library.Models.SharpPlayer: SharpMUSH.Library.Models.SharpPlayer, *System.String: -1*, <null>, Announce)
  	Notify(SharpMUSH.Library.Models.SharpPlayer: SharpMUSH.Library.Models.SharpPlayer, *System.String: -1*, <null>, Announce)
  	Notify(SharpMUSH.Library.Models.SharpPlayer: SharpMUSH.Library.Models.SharpPlayer, *System.String: -1*, <null>, Announce)
  	Notify(SharpMUSH.Library.Models.SharpPlayer: SharpMUSH.Library.Models.SharpPlayer, *System.String: -1*, <null>, Announce)
  	Notify(SharpMUSH.Library.Models.SharpPlayer: SharpMUSH.Library.Models.SharpPlayer, *System.String: -1*, <null>, Announce)
  	Notify(SharpMUSH.Library.Models.SharpPlayer: SharpMUSH.Library.Models.SharpPlayer, *System.String: -1*, <null>, Announce)
  	Notify(SharpMUSH.Library.Models.SharpPlayer: SharpMUSH.Library.Models.SharpPlayer, *System.String: -1*, <null>, Announce)
  	Notify(SharpMUSH.Library.Models.SharpPlayer: SharpMUSH.Library.Models.SharpPlayer, *System.String: -1*, <null>, Announce)
  	Notify(SharpMUSH.Library.Models.SharpPlayer: SharpMUSH.Library.Models.SharpPlayer, *System.String: -1*, <null>, Announce)
  	Notify(SharpMUSH.Library.Models.SharpPlayer: SharpMUSH.Library.Models.SharpPlayer, *System.String: -1*, <null>, Announce)
  	Notify(SharpMUSH.Library.Models.SharpPlayer: SharpMUSH.Library.Models.SharpPlayer, *System.String: -1*, <null>, Announce)
  	Notify(SharpMUSH.Library.Models.SharpPlayer: SharpMUSH.Library.Models.SharpPlayer, *System.String: -1*, <null>, Announce)
  	Notify(SharpMUSH.Library.Models.SharpPlayer: SharpMUSH.Library.Models.SharpPlayer, *System.String: -1*, <null>, Announce)
  	Notify(SharpMUSH.Library.Models.SharpPlayer: SharpMUSH.Library.Models.SharpPlayer, *System.String: -1*, <null>, Announce)
  	Notify(SharpMUSH.Library.Models.SharpPlayer: SharpMUSH.Library.Models.SharpPlayer, *System.String: -1*, <null>, Announce)
  	Notify(SharpMUSH.Library.Models.SharpPlayer: SharpMUSH.Library.Models.SharpPlayer, *System.String: -1*, <null>, Announce)
  	Notify(SharpMUSH.Library.Models.SharpPlayer: SharpMUSH.Library.Models.SharpPlayer, *System.String: -1*, <null>, Announce)
  	Notify(SharpMUSH.Library.Models.SharpPlayer: SharpMUSH.Library.Models.SharpPlayer, *System.String: -1*, <null>, Announce)
  	Notify(SharpMUSH.Library.Models.SharpPlayer: SharpMUSH.Library.Models.SharpPlayer, *System.String: -1*, <null>, Announce)
  	Notify(SharpMUSH.Library.Models.SharpPlayer: SharpMUSH.Library.Models.SharpPlayer, *System.String: -1*, <null>, Announce)
  	Notify(SharpMUSH.Library.Models.SharpPlayer: SharpMUSH.Library.Models.SharpPlayer, *System.String: -1*, <null>, Announce)
  	Notify(SharpMUSH.Library.Models.SharpPlayer: SharpMUSH.Library.Models.SharpPlayer, *System.String: -1*, <null>, Announce)
  	Notify(SharpMUSH.Library.Models.SharpPlayer: SharpMUSH.Library.Models.SharpPlayer, *System.String: -1*, <null>, Announce)
  	Notify(SharpMUSH.Library.Models.SharpPlayer: SharpMUSH.Library.Models.SharpPlayer, *System.String: -1*, <null>, Announce)
  	Notify(SharpMUSH.Library.Models.SharpPlayer: SharpMUSH.Library.Models.SharpPlayer, *System.String: -1*, <null>, Announce)
  	Notify(SharpMUSH.Library.Models.SharpPlayer: SharpMUSH.Library.Models.SharpPlayer, *System.String: -1*, <null>, Announce)
  	Notify(SharpMUSH.Library.Models.SharpPlayer: SharpMUSH.Library.Models.SharpPlayer, *System.String: -1*, <null>, Announce)
  	Notify(SharpMUSH.Library.Models.SharpPlayer: SharpMUSH.Library.Models.SharpPlayer, *System.String: -1*, <null>, Announce)
  	Notify(SharpMUSH.Library.Models.SharpPlayer: SharpMUSH.Library.Models.SharpPlayer, *System.String: -1*, <null>, Announce)
  	Notify(SharpMUSH.Library.Models.SharpPlayer: SharpMUSH.Library.Models.SharpPlayer, *System.String: -1*, <null>, Announce)
  	Notify(SharpMUSH.Library.Models.SharpPlayer: SharpMUSH.Library.Models.SharpPlayer, *System.String: -1*, <null>, Announce)
  	Notify(SharpMUSH.Library.Models.SharpPlayer: SharpMUSH.Library.Models.SharpPlayer, *System.String: -1*, <null>, Announce)
  	Notify(SharpMUSH.Library.Models.SharpPlayer: SharpMUSH.Library.Models.SharpPlayer, *System.String: -1*, <null>, Announce)
  	Notify(SharpMUSH.Library.Models.SharpPlayer: SharpMUSH.Library.Models.SharpPlayer, *System.String: -1*, <null>, Announce)
  	Notify(SharpMUSH.Library.Models.SharpPlayer: SharpMUSH.Library.Models.SharpPlayer, *System.String: -1*, <null>, Announce)
  	Notify(SharpMUSH.Library.Models.SharpPlayer: SharpMUSH.Library.Models.SharpPlayer, *System.String: -1*, <null>, Announce)
  	Notify(SharpMUSH.Library.Models.SharpPlayer: SharpMUSH.Library.Models.SharpPlayer, *System.String: -1*, <null>, Announce)
  	Notify(SharpMUSH.Library.Models.SharpPlayer: SharpMUSH.Library.Models.SharpPlayer, *System.String: -1*, <null>, Announce)
  	Notify(SharpMUSH.Library.Models.SharpPlayer: SharpMUSH.Library.Models.SharpPlayer, *System.String: -1*, <null>, Announce)
  	Notify(SharpMUSH.Library.Models.SharpPlayer: SharpMUSH.Library.Models.SharpPlayer, *System.String: -1*, <null>, Announce)
  	Notify(SharpMUSH.Library.Models.SharpPlayer: SharpMUSH.Library.Models.SharpPlayer, *System.String: -1*, <null>, Announce)
  	Notify(SharpMUSH.Library.Models.SharpPlayer: SharpMUSH.Library.Models.SharpPlayer, *System.String: -1*, <null>, Announce)
  	Notify(SharpMUSH.Library.Models.SharpPlayer: SharpMUSH.Library.Models.SharpPlayer, *System.String: -1*, <null>, Announce)
  	Notify(SharpMUSH.Library.Models.SharpPlayer: SharpMUSH.Library.Models.SharpPlayer, *System.String: -1*, <null>, Announce)
  	Notify(SharpMUSH.Library.Models.SharpPlayer: SharpMUSH.Library.Models.SharpPlayer, *System.String: -1*, <null>, Announce)
  	Notify(SharpMUSH.Library.Models.SharpPlayer: SharpMUSH.Library.Models.SharpPlayer, *System.String: -1*, <null>, Announce)
  	Notify(SharpMUSH.Library.Models.SharpPlayer: SharpMUSH.Library.Models.SharpPlayer, *System.String: -1*, <null>, Announce)
  	Notify(SharpMUSH.Library.Models.SharpPlayer: SharpMUSH.Library.Models.SharpPlayer, *System.String: -1*, <null>, Announce)
  	Notify(SharpMUSH.Library.Models.SharpPlayer: SharpMUSH.Library.Models.SharpPlayer, *System.String: -1*, <null>, Announce)
  	Notify(SharpMUSH.Library.Models.SharpPlayer: SharpMUSH.Library.Models.SharpPlayer, *System.String: -1*, <null>, Announce)
  	Notify(SharpMUSH.Library.Models.SharpPlayer: SharpMUSH.Library.Models.SharpPlayer, *System.String: -1*, <null>, Announce)
  	Notify(SharpMUSH.Library.Models.SharpPlayer: SharpMUSH.Library.Models.SharpPlayer, *System.String: -1*, <null>, Announce)
  	Notify(SharpMUSH.Library.Models.SharpPlayer: SharpMUSH.Library.Models.SharpPlayer, *System.String: -1*, <null>, Announce)
  	Notify(SharpMUSH.Library.Models.SharpPlayer: SharpMUSH.Library.Models.SharpPlayer, *System.String: -1*, <null>, Announce)
  	Notify(SharpMUSH.Library.Models.SharpPlayer: SharpMUSH.Library.Models.SharpPlayer, *System.String: -1*, <null>, Announce)
  	Notify(SharpMUSH.Library.Models.SharpPlayer: SharpMUSH.Library.Models.SharpPlayer, *System.String: -1*, <null>, Announce)
  	Notify(SharpMUSH.Library.Models.SharpPlayer: SharpMUSH.Library.Models.SharpPlayer, *System.String: -1*, <null>, Announce)
  	Notify(SharpMUSH.Library.Models.SharpPlayer: SharpMUSH.Library.Models.SharpPlayer, *System.String: -1*, <null>, Announce)
  	Notify(SharpMUSH.Library.Models.SharpPlayer: SharpMUSH.Library.Models.SharpPlayer, *System.String: -1*, <null>, Announce)
  	Notify(SharpMUSH.Library.Models.SharpPlayer: SharpMUSH.Library.Models.SharpPlayer, *System.String: -1*, <null>, Announce)
  	Notify(SharpMUSH.Library.Models.SharpPlayer: SharpMUSH.Library.Models.SharpPlayer, *System.String: -1*, <null>, Announce)
  	Notify(SharpMUSH.Library.Models.SharpPlayer: SharpMUSH.Library.Models.SharpPlayer, *System.String: -1*, <null>, Announce)
  	Notify(SharpMUSH.Library.Models.SharpPlayer: SharpMUSH.Library.Models.SharpPlayer, *System.String: -1*, <null>, Announce)
  	Notify(SharpMUSH.Library.Models.SharpPlayer: SharpMUSH.Library.Models.SharpPlayer, *System.String: -1*, <null>, Announce)
  	Notify(SharpMUSH.Library.Models.SharpPlayer: SharpMUSH.Library.Models.SharpPlayer, *System.String: -1*, <null>, Announce)
  	Notify(SharpMUSH.Library.Models.SharpPlayer: SharpMUSH.Library.Models.SharpPlayer, *System.String: -1*, <null>, Announce)
  	Notify(SharpMUSH.Library.Models.SharpPlayer: SharpMUSH.Library.Models.SharpPlayer, *System.String: -1*, <null>, Announce)
  	Notify(SharpMUSH.Library.Models.SharpPlayer: SharpMUSH.Library.Models.SharpPlayer, *System.String: -1*, <null>, Announce)
  	Notify(SharpMUSH.Library.Models.SharpPlayer: SharpMUSH.Library.Models.SharpPlayer, *System.String: -1*, <null>, Announce)
  	Notify(SharpMUSH.Library.Models.SharpPlayer: SharpMUSH.Library.Models.SharpPlayer, *System.String: -1*, <null>, Announce)
  	Notify(SharpMUSH.Library.Models.SharpPlayer: SharpMUSH.Library.Models.SharpPlayer, *System.String: -1*, <null>, Announce)
  	Notify(SharpMUSH.Library.Models.SharpPlayer: SharpMUSH.Library.Models.SharpPlayer, *System.String: -1*, <null>, Announce)
  	Notify(SharpMUSH.Library.Models.SharpPlayer: SharpMUSH.Library.Models.SharpPlayer, *System.String: -1*, <null>, Announce)
  	Notify(SharpMUSH.Library.Models.SharpPlayer: SharpMUSH.Library.Models.SharpPlayer, *System.String: -1*, <null>, Announce)
  	Notify(SharpMUSH.Library.Models.SharpPlayer: SharpMUSH.Library.Models.SharpPlayer, *System.String: -1*, <null>, Announce)
  	Notify(SharpMUSH.Library.Models.SharpPlayer: SharpMUSH.Library.Models.SharpPlayer, *System.String: -1*, <null>, Announce)
  	Notify(SharpMUSH.Library.Models.SharpPlayer: SharpMUSH.Library.Models.SharpPlayer, *System.String: -1*, <null>, Announce)
  	Notify(SharpMUSH.Library.Models.SharpPlayer: SharpMUSH.Library.Models.SharpPlayer, *System.String: -1*, <null>, Announce)
  	Notify(SharpMUSH.Library.Models.SharpPlayer: SharpMUSH.Library.Models.SharpPlayer, *System.String: -1*, <null>, Announce)
  	Notify(SharpMUSH.Library.Models.SharpPlayer: SharpMUSH.Library.Models.SharpPlayer, *System.String: -1*, <null>, Announce)
  	Notify(SharpMUSH.Library.Models.SharpPlayer: SharpMUSH.Library.Models.SharpPlayer, *System.String: -1*, <null>, Announce)
  	Notify(SharpMUSH.Library.Models.SharpPlayer: SharpMUSH.Library.Models.SharpPlayer, *System.String: -1*, <null>, Announce)
  	Notify(SharpMUSH.Library.Models.SharpPlayer: SharpMUSH.Library.Models.SharpPlayer, *System.String: -1*, <null>, Announce)
  	Notify(SharpMUSH.Library.Models.SharpPlayer: SharpMUSH.Library.Models.SharpPlayer, *System.String: -1*, <null>, Announce)
  	Notify(SharpMUSH.Library.Models.SharpPlayer: SharpMUSH.Library.Models.SharpPlayer, *System.String: -1*, <null>, Announce)
  	Notify(SharpMUSH.Library.Models.SharpPlayer: SharpMUSH.Library.Models.SharpPlayer, *System.String: -1*, <null>, Announce)
  	Notify(SharpMUSH.Library.Models.SharpPlayer: SharpMUSH.Library.Models.SharpPlayer, *System.String: -1*, <null>, Announce)
  	Notify(SharpMUSH.Library.Models.SharpPlayer: SharpMUSH.Library.Models.SharpPlayer, *System.String: -1*, <null>, Announce)
  	Notify(SharpMUSH.Library.Models.SharpPlayer: SharpMUSH.Library.Models.SharpPlayer, *System.String: -1*, <null>, Announce)
  	Notify(SharpMUSH.Library.Models.SharpPlayer: SharpMUSH.Library.Models.SharpPlayer, *System.String: -1*, <null>, Announce)
  	Notify(SharpMUSH.Library.Models.SharpPlayer: SharpMUSH.Library.Models.SharpPlayer, *System.String: -1*, <null>, Announce)
  	Notify(SharpMUSH.Library.Models.SharpPlayer: SharpMUSH.Library.Models.SharpPlayer, *System.String: -1*, <null>, Announce)
  	Notify(SharpMUSH.Library.Models.SharpPlayer: SharpMUSH.Library.Models.SharpPlayer, *System.String: -1*, <null>, Announce)
  	Notify(SharpMUSH.Library.Models.SharpPlayer: SharpMUSH.Library.Models.SharpPlayer, *System.String: -1*, <null>, Announce)
  	Notify(SharpMUSH.Library.Models.SharpPlayer: SharpMUSH.Library.Models.SharpPlayer, *System.String: -1*, <null>, Announce)
  	Notify(SharpMUSH.Library.Models.SharpPlayer: SharpMUSH.Library.Models.SharpPlayer, *System.String: -1*, <null>, Announce)
  	Notify(SharpMUSH.Library.Models.SharpPlayer: SharpMUSH.Library.Models.SharpPlayer, *System.String: -1*, <null>, Announce)
  	Notify(SharpMUSH.Library.Models.SharpPlayer: SharpMUSH.Library.Models.SharpPlayer, *System.String: -1*, <null>, Announce)
  	Notify(SharpMUSH.Library.Models.SharpPlayer: SharpMUSH.Library.Models.SharpPlayer, *System.String: -1*, <null>, Announce)
  	Notify(SharpMUSH.Library.Models.SharpPlayer: SharpMUSH.Library.Models.SharpPlayer, *System.String: -1*, <null>, Announce)
  	Notify(SharpMUSH.Library.Models.SharpPlayer: SharpMUSH.Library.Models.SharpPlayer, *System.String: -1*, <null>, Announce)
  	Notify(SharpMUSH.Library.Models.SharpPlayer: SharpMUSH.Library.Models.SharpPlayer, *System.String: -1*, <null>, Announce)
  	Notify(SharpMUSH.Library.Models.SharpPlayer: SharpMUSH.Library.Models.SharpPlayer, *System.String: -1*, <null>, Announce)
  	Notify(SharpMUSH.Library.Models.SharpPlayer: SharpMUSH.Library.Models.SharpPlayer, *System.String: -1*, <null>, Announce)
  	Notify(SharpMUSH.Library.Models.SharpPlayer: SharpMUSH.Library.Models.SharpPlayer, *System.String: -1*, <null>, Announce)
  	Notify(SharpMUSH.Library.Models.SharpPlayer: SharpMUSH.Library.Models.SharpPlayer, *System.String: -1*, <null>, Announce)
  	Notify(SharpMUSH.Library.Models.SharpPlayer: SharpMUSH.Library.Models.SharpPlayer, *System.String: -1*, <null>, Announce)
  	Notify(SharpMUSH.Library.Models.SharpPlayer: SharpMUSH.Library.Models.SharpPlayer, *System.String: -1*, <null>, Announce)
  	Notify(SharpMUSH.Library.Models.SharpPlayer: SharpMUSH.Library.Models.SharpPlayer, *System.String: -1*, <null>, Announce)
  	Notify(SharpMUSH.Library.Models.SharpPlayer: SharpMUSH.Library.Models.SharpPlayer, *System.String: -1*, <null>, Announce)
  	Notify(SharpMUSH.Library.Models.SharpPlayer: SharpMUSH.Library.Models.SharpPlayer, *System.String: -1*, <null>, Announce)
  	Notify(SharpMUSH.Library.Models.SharpPlayer: SharpMUSH.Library.Models.SharpPlayer, *System.String: -1*, <null>, Announce)
  	Notify(SharpMUSH.Library.Models.SharpPlayer: SharpMUSH.Library.Models.SharpPlayer, *System.String: -1*, <null>, Announce)
  	Notify(SharpMUSH.Library.Models.SharpPlayer: SharpMUSH.Library.Models.SharpPlayer, *System.String: -1*, <null>, Announce)
  	Notify(SharpMUSH.Library.Models.SharpPlayer: SharpMUSH.Library.Models.SharpPlayer, *System.String: -1*, <null>, Announce)
  	Notify(SharpMUSH.Library.Models.SharpPlayer: SharpMUSH.Library.Models.SharpPlayer, *System.String: -1*, <null>, Announce)
  	Notify(SharpMUSH.Library.Models.SharpPlayer: SharpMUSH.Library.Models.SharpPlayer, *System.String: -1*, <null>, Announce)
  	Notify(SharpMUSH.Library.Models.SharpPlayer: SharpMUSH.Library.Models.SharpPlayer, *System.String: -1*, <null>, Announce)
  	Notify(SharpMUSH.Library.Models.SharpPlayer: SharpMUSH.Library.Models.SharpPlayer, *System.String: -1*, <null>, Announce)
  	Notify(SharpMUSH.Library.Models.SharpPlayer: SharpMUSH.Library.Models.SharpPlayer, *System.String: -1*, <null>, Announce)
  	Notify(SharpMUSH.Library.Models.SharpPlayer: SharpMUSH.Library.Models.SharpPlayer, *System.String: -1*, <null>, Announce)
  	Notify(SharpMUSH.Library.Models.SharpPlayer: SharpMUSH.Library.Models.SharpPlayer, *System.String: -1*, <null>, Announce)
  	Notify(SharpMUSH.Library.Models.SharpPlayer: SharpMUSH.Library.Models.SharpPlayer, *System.String: -1*, <null>, Announce)
  	Notify(SharpMUSH.Library.Models.SharpPlayer: SharpMUSH.Library.Models.SharpPlayer, *System.String: -1*, <null>, Announce)
  	Notify(SharpMUSH.Library.Models.SharpPlayer: SharpMUSH.Library.Models.SharpPlayer, *System.String: -1*, <null>, Announce)
  	Notify(SharpMUSH.Library.Models.SharpPlayer: SharpMUSH.Library.Models.SharpPlayer, *System.String: -1*, <null>, Announce)
  	Notify(SharpMUSH.Library.Models.SharpPlayer: SharpMUSH.Library.Models.SharpPlayer, *System.String: -1*, <null>, Announce)
  	Notify(SharpMUSH.Library.Models.SharpPlayer: SharpMUSH.Library.Models.SharpPlayer, *System.String: -1*, <null>, Announce)
  	Notify(SharpMUSH.Library.Models.SharpPlayer: SharpMUSH.Library.Models.SharpPlayer, *System.String: -1*, <null>, Announce)
  	Notify(SharpMUSH.Library.Models.SharpPlayer: SharpMUSH.Library.Models.SharpPlayer, *System.String: -1*, <null>, Announce)
  	Notify(SharpMUSH.Library.Models.SharpPlayer: SharpMUSH.Library.Models.SharpPlayer, *System.String: -1*, <null>, Announce)
  	Notify(SharpMUSH.Library.Models.SharpPlayer: SharpMUSH.Library.Models.SharpPlayer, *System.String: -1*, <null>, Announce)
  	Notify(SharpMUSH.Library.Models.SharpPlayer: SharpMUSH.Library.Models.SharpPlayer, *System.String: -1*, <null>, Announce)
  	Notify(SharpMUSH.Library.Models.SharpPlayer: SharpMUSH.Library.Models.SharpPlayer, *System.String: -1*, <null>, Announce)
  	Notify(SharpMUSH.Library.Models.SharpPlayer: SharpMUSH.Library.Models.SharpPlayer, *System.String: -1*, <null>, Announce)
  	Notify(SharpMUSH.Library.Models.SharpPlayer: SharpMUSH.Library.Models.SharpPlayer, *System.String: -1*, <null>, Announce)
  	Notify(SharpMUSH.Library.Models.SharpPlayer: SharpMUSH.Library.Models.SharpPlayer, *System.String: -1*, <null>, Announce)
  	Notify(SharpMUSH.Library.Models.SharpPlayer: SharpMUSH.Library.Models.SharpPlayer, *System.String: -1*, <null>, Announce)
  	Notify(SharpMUSH.Library.Models.SharpPlayer: SharpMUSH.Library.Models.SharpPlayer, *System.String: -1*, <null>, Announce)
  	Notify(SharpMUSH.Library.Models.SharpPlayer: SharpMUSH.Library.Models.SharpPlayer, *System.String: -1*, <null>, Announce)
  	Notify(SharpMUSH.Library.Models.SharpPlayer: SharpMUSH.Library.Models.SharpPlayer, *System.String: -1*, <null>, Announce)
  	Notify(SharpMUSH.Library.Models.SharpPlayer: SharpMUSH.Library.Models.SharpPlayer, *System.String: -1*, <null>, Announce)
  	Notify(SharpMUSH.Library.Models.SharpPlayer: SharpMUSH.Library.Models.SharpPlayer, *System.String: -1*, <null>, Announce)
  	Notify(SharpMUSH.Library.Models.SharpPlayer: SharpMUSH.Library.Models.SharpPlayer, *System.String: -1*, <null>, Announce)
  	Notify(SharpMUSH.Library.Models.SharpPlayer: SharpMUSH.Library.Models.SharpPlayer, *System.String: -1*, <null>, Announce)
  	Notify(SharpMUSH.Library.Models.SharpPlayer: SharpMUSH.Library.Models.SharpPlayer, *System.String: -1*, <null>, Announce)
  	Notify(SharpMUSH.Library.Models.SharpPlayer: SharpMUSH.Library.Models.SharpPlayer, *System.String: -1*, <null>, Announce)
  	Notify(SharpMUSH.Library.Models.SharpPlayer: SharpMUSH.Library.Models.SharpPlayer, *System.String: -1*, <null>, Announce)
  	Notify(SharpMUSH.Library.Models.SharpPlayer: SharpMUSH.Library.Models.SharpPlayer, *System.String: -1*, <null>, Announce)
  	Notify(SharpMUSH.Library.Models.SharpPlayer: SharpMUSH.Library.Models.SharpPlayer, *System.String: -1*, <null>, Announce)
  	Notify(SharpMUSH.Library.Models.SharpPlayer: SharpMUSH.Library.Models.SharpPlayer, *System.String: -1*, <null>, Announce)
  	Notify(SharpMUSH.Library.Models.SharpPlayer: SharpMUSH.Library.Models.SharpPlayer, *System.String: -1*, <null>, Announce)
  	Notify(SharpMUSH.Library.Models.SharpPlayer: SharpMUSH.Library.Models.SharpPlayer, *System.String: -1*, <null>, Announce)
  	Notify(SharpMUSH.Library.Models.SharpPlayer: SharpMUSH.Library.Models.SharpPlayer, *System.String: -1*, <null>, Announce)
  	Notify(SharpMUSH.Library.Models.SharpPlayer: SharpMUSH.Library.Models.SharpPlayer, *System.String: -1*, <null>, Announce)
  	Notify(SharpMUSH.Library.Models.SharpPlayer: SharpMUSH.Library.Models.SharpPlayer, *System.String: -1*, <null>, Announce)
  	Notify(SharpMUSH.Library.Models.SharpPlayer: SharpMUSH.Library.Models.SharpPlayer, *System.String: -1*, <null>, Announce)
  	Notify(SharpMUSH.Library.Models.SharpPlayer: SharpMUSH.Library.Models.SharpPlayer, *System.String: -1*, <null>, Announce)
  	Notify(SharpMUSH.Library.Models.SharpPlayer: SharpMUSH.Library.Models.SharpPlayer, *System.String: -1*, <null>, Announce)
  	Notify(SharpMUSH.Library.Models.SharpPlayer: SharpMUSH.Library.Models.SharpPlayer, *System.String: -1*, <null>, Announce)
  	Notify(SharpMUSH.Library.Models.SharpPlayer: SharpMUSH.Library.Models.SharpPlayer, *System.String: -1*, <null>, Announce)
  	Notify(SharpMUSH.Library.Models.SharpPlayer: SharpMUSH.Library.Models.SharpPlayer, *System.String: -1*, <null>, Announce)
  	Notify(SharpMUSH.Library.Models.SharpPlayer: SharpMUSH.Library.Models.SharpPlayer, *System.String: -1*, <null>, Announce)
  	Notify(SharpMUSH.Library.Models.SharpPlayer: SharpMUSH.Library.Models.SharpPlayer, *System.String: -1*, <null>, Announce)
  	Notify(SharpMUSH.Library.Models.SharpPlayer: SharpMUSH.Library.Models.SharpPlayer, *System.String: -1*, <null>, Announce)
  	Notify(SharpMUSH.Library.Models.SharpPlayer: SharpMUSH.Library.Models.SharpPlayer, *System.String: -1*, <null>, Announce)
  	Notify(SharpMUSH.Library.Models.SharpPlayer: SharpMUSH.Library.Models.SharpPlayer, *System.String: -1*, <null>, Announce)
  	Notify(SharpMUSH.Library.Models.SharpPlayer: SharpMUSH.Library.Models.SharpPlayer, *System.String: -1*, <null>, Announce)
  	Notify(SharpMUSH.Library.Models.SharpPlayer: SharpMUSH.Library.Models.SharpPlayer, *System.String: -1*, <null>, Announce)
  	Notify(SharpMUSH.Library.Models.SharpPlayer: SharpMUSH.Library.Models.SharpPlayer, *System.String: -1*, <null>, Announce)
  	Notify(SharpMUSH.Library.Models.SharpPlayer: SharpMUSH.Library.Models.SharpPlayer, *System.String: -1*, <null>, Announce)
  	Notify(SharpMUSH.Library.Models.SharpPlayer: SharpMUSH.Library.Models.SharpPlayer, *System.String: -1*, <null>, Announce)
  	Notify(SharpMUSH.Library.Models.SharpPlayer: SharpMUSH.Library.Models.SharpPlayer, *System.String: -1*, <null>, Announce)
  	Notify(SharpMUSH.Library.Models.SharpPlayer: SharpMUSH.Library.Models.SharpPlayer, *System.String: -1*, <null>, Announce)
  	Notify(SharpMUSH.Library.Models.SharpPlayer: SharpMUSH.Library.Models.SharpPlayer, *System.String: -1*, <null>, Announce)
  	Notify(SharpMUSH.Library.Models.SharpPlayer: SharpMUSH.Library.Models.SharpPlayer, *System.String: -1*, <null>, Announce)
  	Notify(SharpMUSH.Library.Models.SharpPlayer: SharpMUSH.Library.Models.SharpPlayer, *System.String: -1*, <null>, Announce)
  	Notify(SharpMUSH.Library.Models.SharpPlayer: SharpMUSH.Library.Models.SharpPlayer, *System.String: -1*, <null>, Announce)
  	Notify(SharpMUSH.Library.Models.SharpPlayer: SharpMUSH.Library.Models.SharpPlayer, *System.String: -1*, <null>, Announce)
  	Notify(SharpMUSH.Library.Models.SharpPlayer: SharpMUSH.Library.Models.SharpPlayer, *System.String: -1*, <null>, Announce)
  	Notify(SharpMUSH.Library.Models.SharpPlayer: SharpMUSH.Library.Models.SharpPlayer, *System.String: -1*, <null>, Announce)
  	Notify(SharpMUSH.Library.Models.SharpPlayer: SharpMUSH.Library.Models.SharpPlayer, *System.String: -1*, <null>, Announce)
  	Notify(SharpMUSH.Library.Models.SharpPlayer: SharpMUSH.Library.Models.SharpPlayer, *System.String: -1*, <null>, Announce)
  	Notify(SharpMUSH.Library.Models.SharpPlayer: SharpMUSH.Library.Models.SharpPlayer, *System.String: -1*, <null>, Announce)
  	Notify(SharpMUSH.Library.Models.SharpPlayer: SharpMUSH.Library.Models.SharpPlayer, *System.String: -1*, <null>, Announce)
  	Notify(SharpMUSH.Library.Models.SharpPlayer: SharpMUSH.Library.Models.SharpPlayer, *System.String: -1*, <null>, Announce)
  	Notify(SharpMUSH.Library.Models.SharpPlayer: SharpMUSH.Library.Models.SharpPlayer, *System.String: -1*, <null>, Announce)
  	Notify(SharpMUSH.Library.Models.SharpPlayer: SharpMUSH.Library.Models.SharpPlayer, *System.String: -1*, <null>, Announce)
  	Notify(SharpMUSH.Library.Models.SharpPlayer: SharpMUSH.Library.Models.SharpPlayer, *System.String: -1*, <null>, Announce)
  	Notify(SharpMUSH.Library.Models.SharpPlayer: SharpMUSH.Library.Models.SharpPlayer, *System.String: -1*, <null>, Announce)
  	Notify(SharpMUSH.Library.Models.SharpPlayer: SharpMUSH.Library.Models.SharpPlayer, *System.String: -1*, <null>, Announce)
  	Notify(SharpMUSH.Library.Models.SharpPlayer: SharpMUSH.Library.Models.SharpPlayer, *System.String: -1*, <null>, Announce)
  	Notify(SharpMUSH.Library.Models.SharpPlayer: SharpMUSH.Library.Models.SharpPlayer, *System.String: -1*, <null>, Announce)
  	Notify(SharpMUSH.Library.Models.SharpPlayer: SharpMUSH.Library.Models.SharpPlayer, *System.String: -1*, <null>, Announce)
  	Notify(SharpMUSH.Library.Models.SharpPlayer: SharpMUSH.Library.Models.SharpPlayer, *System.String: -1*, <null>, Announce)
  	Notify(SharpMUSH.Library.Models.SharpPlayer: SharpMUSH.Library.Models.SharpPlayer, *System.String: -1*, <null>, Announce)
  	Notify(SharpMUSH.Library.Models.SharpPlayer: SharpMUSH.Library.Models.SharpPlayer, *System.String: -1*, <null>, Announce)
  	Notify(SharpMUSH.Library.Models.SharpPlayer: SharpMUSH.Library.Models.SharpPlayer, *System.String: -1*, <null>, Announce)
  	Notify(SharpMUSH.Library.Models.SharpPlayer: SharpMUSH.Library.Models.SharpPlayer, *System.String: -1*, <null>, Announce)
  	Notify(SharpMUSH.Library.Models.SharpPlayer: SharpMUSH.Library.Models.SharpPlayer, *System.String: -1*, <null>, Announce)
  	Notify(SharpMUSH.Library.Models.SharpPlayer: SharpMUSH.Library.Models.SharpPlayer, *System.String: -1*, <null>, Announce)
  	Notify(SharpMUSH.Library.Models.SharpPlayer: SharpMUSH.Library.Models.SharpPlayer, *System.String: -1*, <null>, Announce)
  	Notify(SharpMUSH.Library.Models.SharpPlayer: SharpMUSH.Library.Models.SharpPlayer, *System.String: -1*, <null>, Announce)
  	Notify(SharpMUSH.Library.Models.SharpPlayer: SharpMUSH.Library.Models.SharpPlayer, *System.String: -1*, <null>, Announce)
  	Notify(SharpMUSH.Library.Models.SharpPlayer: SharpMUSH.Library.Models.SharpPlayer, *System.String: -1*, <null>, Announce)
  	Notify(SharpMUSH.Library.Models.SharpPlayer: SharpMUSH.Library.Models.SharpPlayer, *System.String: -1*, <null>, Announce)
  	Notify(SharpMUSH.Library.Models.SharpPlayer: SharpMUSH.Library.Models.SharpPlayer, *System.String: -1*, <null>, Announce)
  	Notify(SharpMUSH.Library.Models.SharpPlayer: SharpMUSH.Library.Models.SharpPlayer, *System.String: -1*, <null>, Announce)
  	Notify(SharpMUSH.Library.Models.SharpPlayer: SharpMUSH.Library.Models.SharpPlayer, *System.String: -1*, <null>, Announce)
  	Notify(SharpMUSH.Library.Models.SharpPlayer: SharpMUSH.Library.Models.SharpPlayer, *System.String: -1*, <null>, Announce)
  	Notify(SharpMUSH.Library.Models.SharpPlayer: SharpMUSH.Library.Models.SharpPlayer, *System.String: -1*, <null>, Announce)
  	Notify(SharpMUSH.Library.Models.SharpPlayer: SharpMUSH.Library.Models.SharpPlayer, *System.String: -1*, <null>, Announce)
  	Notify(SharpMUSH.Library.Models.SharpPlayer: SharpMUSH.Library.Models.SharpPlayer, *System.String: -1*, <null>, Announce)
  	Notify(SharpMUSH.Library.Models.SharpPlayer: SharpMUSH.Library.Models.SharpPlayer, *System.String: -1*, <null>, Announce)
  	Notify(SharpMUSH.Library.Models.SharpPlayer: SharpMUSH.Library.Models.SharpPlayer, *System.String: -1*, <null>, Announce)
  	Notify(SharpMUSH.Library.Models.SharpPlayer: SharpMUSH.Library.Models.SharpPlayer, *System.String: -1*, <null>, Announce)
  	Notify(SharpMUSH.Library.Models.SharpPlayer: SharpMUSH.Library.Models.SharpPlayer, *System.String: -1*, <null>, Announce)
  	Notify(SharpMUSH.Library.Models.SharpPlayer: SharpMUSH.Library.Models.SharpPlayer, *System.String: -1*, <null>, Announce)
  	Notify(SharpMUSH.Library.Models.SharpPlayer: SharpMUSH.Library.Models.SharpPlayer, *System.String: -1*, <null>, Announce)
  	Notify(SharpMUSH.Library.Models.SharpPlayer: SharpMUSH.Library.Models.SharpPlayer, *System.String: -1*, <null>, Announce)
  	Notify(SharpMUSH.Library.Models.SharpPlayer: SharpMUSH.Library.Models.SharpPlayer, *System.String: -1*, <null>, Announce)
  	Notify(SharpMUSH.Library.Models.SharpPlayer: SharpMUSH.Library.Models.SharpPlayer, *System.String: -1*, <null>, Announce)
  	Notify(SharpMUSH.Library.Models.SharpPlayer: SharpMUSH.Library.Models.SharpPlayer, *System.String: -1*, <null>, Announce)
  	Notify(SharpMUSH.Library.Models.SharpPlayer: SharpMUSH.Library.Models.SharpPlayer, *System.String: -1*, <null>, Announce)
  	Notify(SharpMUSH.Library.Models.SharpPlayer: SharpMUSH.Library.Models.SharpPlayer, *System.String: -1*, <null>, Announce)
  	Notify(SharpMUSH.Library.Models.SharpPlayer: SharpMUSH.Library.Models.SharpPlayer, *System.String: -1*, <null>, Announce)
  	Notify(SharpMUSH.Library.Models.SharpPlayer: SharpMUSH.Library.Models.SharpPlayer, *System.String: -1*, <null>, Announce)
  	Notify(SharpMUSH.Library.Models.SharpPlayer: SharpMUSH.Library.Models.SharpPlayer, *System.String: -1*, <null>, Announce)
  	Notify(SharpMUSH.Library.Models.SharpPlayer: SharpMUSH.Library.Models.SharpPlayer, *System.String: -1*, <null>, Announce)
  	Notify(SharpMUSH.Library.Models.SharpPlayer: SharpMUSH.Library.Models.SharpPlayer, *System.String: -1*, <null>, Announce)
  	Notify(SharpMUSH.Library.Models.SharpPlayer: SharpMUSH.Library.Models.SharpPlayer, *System.String: -1*, <null>, Announce)
  	Notify(SharpMUSH.Library.Models.SharpPlayer: SharpMUSH.Library.Models.SharpPlayer, *System.String: -1*, <null>, Announce)
  	Notify(SharpMUSH.Library.Models.SharpPlayer: SharpMUSH.Library.Models.SharpPlayer, *System.String: -1*, <null>, Announce)
  	Notify(SharpMUSH.Library.Models.SharpPlayer: SharpMUSH.Library.Models.SharpPlayer, *System.String: -1*, <null>, Announce)
  	Notify(SharpMUSH.Library.Models.SharpPlayer: SharpMUSH.Library.Models.SharpPlayer, *System.String: -1*, <null>, Announce)
  	Notify(SharpMUSH.Library.Models.SharpPlayer: SharpMUSH.Library.Models.SharpPlayer, *System.String: Command1 Arg*, <null>, Announce)
  	Notify(SharpMUSH.Library.Models.SharpPlayer: SharpMUSH.Library.Models.SharpPlayer, *System.String: Command2 Arg*, <null>, Announce)
  	Notify(SharpMUSH.Library.Models.SharpPlayer: SharpMUSH.Library.Models.SharpPlayer, *System.String: 32*, <null>, Announce)
  	Notify(SharpMUSH.Library.Models.SharpPlayer: SharpMUSH.Library.Models.SharpPlayer, *System.String: [1;31mred[0m*, <null>, Announce)
  	Notify(SharpMUSH.Library.Models.SharpPlayer: SharpMUSH.Library.Models.SharpPlayer, *System.String: [1;32mgreen[0m*, <null>, Announce)
  	Notify(SharpMUSH.Library.Models.SharpPlayer: SharpMUSH.Library.Models.SharpPlayer, *System.String: 36*, <null>, Announce)
  	Notify(SharpMUSH.Library.Models.SharpPlayer: SharpMUSH.Library.Models.SharpPlayer, *System.String: 57*, <null>, Announce)
  	Notify(SharpMUSH.Library.Models.SharpPlayer: SharpMUSH.Library.Models.SharpPlayer, *System.String: Command3 Arg*, <null>, Announce)
  	Notify(SharpMUSH.Library.Models.SharpPlayer: SharpMUSH.Library.Models.SharpPlayer, *System.String: Command4 Arg.*, <null>, Announce)
  	Notify(SharpMUSH.Library.Models.SharpPlayer: SharpMUSH.Library.Models.SharpPlayer, *System.String: 34*, <null>, Announce)
  	Notify(SharpMUSH.Library.Models.SharpPlayer: SharpMUSH.Library.Models.SharpPlayer, *System.String: 55*, <null>, Announce)
  	Notify(SharpMUSH.Library.Models.SharpPlayer: SharpMUSH.Library.Models.SharpPlayer, *System.String: [add(1,2)]3*, <null>, Announce)
  	Notify(SharpMUSH.Library.Models.SharpPlayer: SharpMUSH.Library.Models.SharpPlayer, *System.String: 31*, <null>, Announce)
  	Notify(SharpMUSH.Library.Models.SharpPlayer: SharpMUSH.Library.Models.SharpPlayer, *System.String: Command1 Arg;think Command2 Arg*, <null>, Announce)
  	Notify(SharpMUSH.Library.Models.SharpPlayer: SharpMUSH.Library.Models.SharpPlayer, *System.String: Configuration Categories:*, <null>, Announce)
  	Notify(SharpMUSH.Library.Models.SharpPlayer: SharpMUSH.Library.Models.SharpPlayer, *System.String:   Attribute*, <null>, Announce)
  	Notify(SharpMUSH.Library.Models.SharpPlayer: SharpMUSH.Library.Models.SharpPlayer, *System.String:   Chat*, <null>, Announce)
  	Notify(SharpMUSH.Library.Models.SharpPlayer: SharpMUSH.Library.Models.SharpPlayer, *System.String:   Command*, <null>, Announce)
  	Notify(SharpMUSH.Library.Models.SharpPlayer: SharpMUSH.Library.Models.SharpPlayer, *System.String:   Compatibility*, <null>, Announce)
  	Notify(SharpMUSH.Library.Models.SharpPlayer: SharpMUSH.Library.Models.SharpPlayer, *System.String:   Cosmetic*, <null>, Announce)
  	Notify(SharpMUSH.Library.Models.SharpPlayer: SharpMUSH.Library.Models.SharpPlayer, *System.String:   Cost*, <null>, Announce)
  	Notify(SharpMUSH.Library.Models.SharpPlayer: SharpMUSH.Library.Models.SharpPlayer, *System.String:   Database*, <null>, Announce)
  	Notify(SharpMUSH.Library.Models.SharpPlayer: SharpMUSH.Library.Models.SharpPlayer, *System.String:   Dump*, <null>, Announce)
  	Notify(SharpMUSH.Library.Models.SharpPlayer: SharpMUSH.Library.Models.SharpPlayer, *System.String:   File*, <null>, Announce)
  	Notify(SharpMUSH.Library.Models.SharpPlayer: SharpMUSH.Library.Models.SharpPlayer, *System.String:   Flag*, <null>, Announce)
  	Notify(SharpMUSH.Library.Models.SharpPlayer: SharpMUSH.Library.Models.SharpPlayer, *System.String:   Function*, <null>, Announce)
  	Notify(SharpMUSH.Library.Models.SharpPlayer: SharpMUSH.Library.Models.SharpPlayer, *System.String:   Limit*, <null>, Announce)
  	Notify(SharpMUSH.Library.Models.SharpPlayer: SharpMUSH.Library.Models.SharpPlayer, *System.String:   Log*, <null>, Announce)
  	Notify(SharpMUSH.Library.Models.SharpPlayer: SharpMUSH.Library.Models.SharpPlayer, *System.String:   Message*, <null>, Announce)
  	Notify(SharpMUSH.Library.Models.SharpPlayer: SharpMUSH.Library.Models.SharpPlayer, *System.String:   Net*, <null>, Announce)
  	Notify(SharpMUSH.Library.Models.SharpPlayer: SharpMUSH.Library.Models.SharpPlayer, *System.String:   Debug*, <null>, Announce)
  	Notify(SharpMUSH.Library.Models.SharpPlayer: SharpMUSH.Library.Models.SharpPlayer, *System.String:   Alias*, <null>, Announce)
  	Notify(SharpMUSH.Library.Models.SharpPlayer: SharpMUSH.Library.Models.SharpPlayer, *System.String:   Restriction*, <null>, Announce)
  	Notify(SharpMUSH.Library.Models.SharpPlayer: SharpMUSH.Library.Models.SharpPlayer, *System.String:   BannedNames*, <null>, Announce)
  	Notify(SharpMUSH.Library.Models.SharpPlayer: SharpMUSH.Library.Models.SharpPlayer, *System.String:   SitelockRules*, <null>, Announce)
  	Notify(SharpMUSH.Library.Models.SharpPlayer: SharpMUSH.Library.Models.SharpPlayer, *System.String:   Warning*, <null>, Announce)
  	Notify(SharpMUSH.Library.Models.SharpPlayer: SharpMUSH.Library.Models.SharpPlayer, *System.String:   TextFile*, <null>, Announce)
  	Notify(SharpMUSH.Library.Models.SharpPlayer: SharpMUSH.Library.Models.SharpPlayer, *System.String: Use '@config <category>' to see options in a category.*, <null>, Announce)
  	Notify(SharpMUSH.Library.Models.SharpPlayer: SharpMUSH.Library.Models.SharpPlayer, *System.String: Use '@config <option>' to see the value of an option.*, <null>, Announce)
  	Notify(SharpMUSH.Library.Models.SharpPlayer: SharpMUSH.Library.Models.SharpPlayer, *System.String: Options in Net:*, <null>, Announce)
  	Notify(SharpMUSH.Library.Models.SharpPlayer: SharpMUSH.Library.Models.SharpPlayer, *System.String:   guests: True*, <null>, Announce)
  	Notify(SharpMUSH.Library.Models.SharpPlayer: SharpMUSH.Library.Models.SharpPlayer, *System.String:   ip_addr: null*, <null>, Announce)
  	Notify(SharpMUSH.Library.Models.SharpPlayer: SharpMUSH.Library.Models.SharpPlayer, *System.String:   json_unsafe_unescape: False*, <null>, Announce)
  	Notify(SharpMUSH.Library.Models.SharpPlayer: SharpMUSH.Library.Models.SharpPlayer, *System.String:   logins: True*, <null>, Announce)
  	Notify(SharpMUSH.Library.Models.SharpPlayer: SharpMUSH.Library.Models.SharpPlayer, *System.String:   mud_name: PennMUSH Emulation by SharpMUSH*, <null>, Announce)
  	Notify(SharpMUSH.Library.Models.SharpPlayer: SharpMUSH.Library.Models.SharpPlayer, *System.String:   mud_url: null*, <null>, Announce)
  	Notify(SharpMUSH.Library.Models.SharpPlayer: SharpMUSH.Library.Models.SharpPlayer, *System.String:   player_creation: True*, <null>, Announce)
  	Notify(SharpMUSH.Library.Models.SharpPlayer: SharpMUSH.Library.Models.SharpPlayer, *System.String:   port: 4203*, <null>, Announce)
  	Notify(SharpMUSH.Library.Models.SharpPlayer: SharpMUSH.Library.Models.SharpPlayer, *System.String:   portal_port: 5117*, <null>, Announce)
  	Notify(SharpMUSH.Library.Models.SharpPlayer: SharpMUSH.Library.Models.SharpPlayer, *System.String:   pueblo: False*, <null>, Announce)
  	Notify(SharpMUSH.Library.Models.SharpPlayer: SharpMUSH.Library.Models.SharpPlayer, *System.String:   socket_file: data/netmush.sock*, <null>, Announce)
  	Notify(SharpMUSH.Library.Models.SharpPlayer: SharpMUSH.Library.Models.SharpPlayer, *System.String:   sql_database: mush*, <null>, Announce)
  	Notify(SharpMUSH.Library.Models.SharpPlayer: SharpMUSH.Library.Models.SharpPlayer, *System.String:   sql_host: 127.0.0.1*, <null>, Announce)
  	Notify(SharpMUSH.Library.Models.SharpPlayer: SharpMUSH.Library.Models.SharpPlayer, *System.String:   sql_password: mush*, <null>, Announce)
  	Notify(SharpMUSH.Library.Models.SharpPlayer: SharpMUSH.Library.Models.SharpPlayer, *System.String:   sql_platform: disabled*, <null>, Announce)
  	Notify(SharpMUSH.Library.Models.SharpPlayer: SharpMUSH.Library.Models.SharpPlayer, *System.String:   sql_username: mush*, <null>, Announce)
  	Notify(SharpMUSH.Library.Models.SharpPlayer: SharpMUSH.Library.Models.SharpPlayer, *System.String:   ssl_ip_addr: null*, <null>, Announce)
  	Notify(SharpMUSH.Library.Models.SharpPlayer: SharpMUSH.Library.Models.SharpPlayer, *System.String:   ssl_port: 0*, <null>, Announce)
  	Notify(SharpMUSH.Library.Models.SharpPlayer: SharpMUSH.Library.Models.SharpPlayer, *System.String:   ssl_portal_port: 7296*, <null>, Announce)
  	Notify(SharpMUSH.Library.Models.SharpPlayer: SharpMUSH.Library.Models.SharpPlayer, *System.String:   ssl_require_clientcert: False*, <null>, Announce)
  	Notify(SharpMUSH.Library.Models.SharpPlayer: SharpMUSH.Library.Models.SharpPlayer, *System.String:   use_dns: True*, <null>, Announce)
  	Notify(SharpMUSH.Library.Models.SharpPlayer: SharpMUSH.Library.Models.SharpPlayer, *System.String:   use_ws: True*, <null>, Announce)
  	Notify(SharpMUSH.Library.Models.SharpPlayer: SharpMUSH.Library.Models.SharpPlayer, *System.String:   ws_url: /wsclient*, <null>, Announce)
  	Notify(SharpMUSH.Library.Models.SharpPlayer: SharpMUSH.Library.Models.SharpPlayer, *System.String: Attribute DOING SET.*, SharpMUSH.Library.Models.SharpPlayer: SharpMUSH.Library.Models.SharpPlayer, Announce)
  	Notify(SharpMUSH.Library.Models.SharpPlayer: SharpMUSH.Library.Models.SharpPlayer, *System.String: No configuration category or option named 'test_string_CONFIG_invalid_option'.*, <null>, Announce)
  	Notify(SharpMUSH.Library.Models.SharpPlayer: SharpMUSH.Library.Models.SharpPlayer, *System.String: Attribute MONIKER SET.*, SharpMUSH.Library.Models.SharpPlayer: SharpMUSH.Library.Models.SharpPlayer, Announce)
  	Notify(SharpMUSH.Library.Models.SharpPlayer: SharpMUSH.Library.Models.SharpPlayer, *System.String: Moniker set.*, <null>, Announce)
  	Notify(SharpMUSH.Library.Models.SharpPlayer: SharpMUSH.Library.Models.SharpPlayer, *System.String: Usage: @motd[/<type>] <message>*, <null>, Announce)
  	Notify(SharpMUSH.Library.Models.SharpPlayer: SharpMUSH.Library.Models.SharpPlayer, *System.String: Current Message of the Day settings:*, <null>, Announce)
  	Notify(SharpMUSH.Library.Models.SharpPlayer: SharpMUSH.Library.Models.SharpPlayer, *System.String:   Connect MOTD File: txt/motd.txt*, <null>, Announce)
  	Notify(SharpMUSH.Library.Models.SharpPlayer: SharpMUSH.Library.Models.SharpPlayer, *System.String:   Connect MOTD HTML: txt/motd.html*, <null>, Announce)
  	Notify(SharpMUSH.Library.Models.SharpPlayer: SharpMUSH.Library.Models.SharpPlayer, *System.String:   Wizard MOTD File: txt/wizmotd.txt*, <null>, Announce)
  	Notify(SharpMUSH.Library.Models.SharpPlayer: SharpMUSH.Library.Models.SharpPlayer, *System.String:   Wizard MOTD HTML: txt/wizmotd.html*, <null>, Announce)
  	Notify(SharpMUSH.Library.Models.SharpPlayer: SharpMUSH.Library.Models.SharpPlayer, *System.String: *, <null>, Announce)
  	Notify(SharpMUSH.Library.Models.SharpPlayer: SharpMUSH.Library.Models.SharpPlayer, *System.String: Temporary Message of the Day (cleared on restart):*, <null>, Announce)
  	Notify(SharpMUSH.Library.Models.SharpPlayer: SharpMUSH.Library.Models.SharpPlayer, *System.String:   Connect MOTD: (not set)*, <null>, Announce)
  	Notify(SharpMUSH.Library.Models.SharpPlayer: SharpMUSH.Library.Models.SharpPlayer, *System.String:   Wizard MOTD:  (not set)*, <null>, Announce)
  	Notify(SharpMUSH.Library.Models.SharpPlayer: SharpMUSH.Library.Models.SharpPlayer, *System.String:   Down MOTD:    (not set)*, <null>, Announce)
  	Notify(SharpMUSH.Library.Models.SharpPlayer: SharpMUSH.Library.Models.SharpPlayer, *System.String:   Full MOTD:    (not set)*, <null>, Announce)
  	Notify(SharpMUSH.Library.Models.SharpPlayer: SharpMUSH.Library.Models.SharpPlayer, *System.String: Usage: @wizmotd <message>*, <null>, Announce)
  	Notify(SharpMUSH.Library.Models.SharpPlayer: SharpMUSH.Library.Models.SharpPlayer, *System.String: Usage: @rejectmotd <message>*, <null>, Announce)
  	Notify(SharpMUSH.Library.Models.SharpPlayer: SharpMUSH.Library.Models.SharpPlayer, *System.String: mud_name: PennMUSH Emulation by SharpMUSH*, <null>, Announce)
  	Notify(SharpMUSH.Library.Models.SharpPlayer: SharpMUSH.Library.Models.SharpPlayer, *System.String:   Description: Name of your MUSH as displayed to players*, <null>, Announce)
  	Notify(SharpMUSH.Library.Models.SharpPlayer: SharpMUSH.Library.Models.SharpPlayer, *System.String:   Category: Net*, <null>, Announce)
  	Notify(SharpMUSH.Library.Models.SharpPlayer: SharpMUSH.Library.Models.SharpPlayer, *System.String: Player Name            On For   Idle  Doing                           
  God                        3s     0s  Test activity                   
  1 players logged in.*, <null>, Announce)
  	Notify(SharpMUSH.Library.Models.SharpPlayer: SharpMUSH.Library.Models.SharpPlayer, *System.String: @enable is equivalent to @config/set noisy_whisper=yes*, <null>, Announce)
  	Notify(SharpMUSH.Library.Models.SharpPlayer: SharpMUSH.Library.Models.SharpPlayer, *System.String: Runtime configuration modification is not yet implemented. Changes require server restart.*, <null>, Announce)
  	Notify(SharpMUSH.Library.Models.SharpPlayer: SharpMUSH.Library.Models.SharpPlayer, *System.String: Current value: noisy_whisper=False*, <null>, Announce)
  	Notify(SharpMUSH.Library.Models.SharpPlayer: SharpMUSH.Library.Models.SharpPlayer, *System.String: Option 'probate_judge' is not a boolean option. Use @config/set instead.*, <null>, Announce)
  	Notify(SharpMUSH.Library.Models.SharpPlayer: SharpMUSH.Library.Models.SharpPlayer, *System.String: Usage: @enable <option>*, <null>, Announce)
  	Notify(SharpMUSH.Library.Models.SharpPlayer: SharpMUSH.Library.Models.SharpPlayer, *System.String: Usage: @disable <option>*, <null>, Announce)
  	Notify(SharpMUSH.Library.Models.SharpPlayer: SharpMUSH.Library.Models.SharpPlayer, *System.String: Player Name            On For   Idle  Doing                           
  
  0 players logged in.*, <null>, Announce)
  	Notify(SharpMUSH.Library.Models.SharpPlayer: SharpMUSH.Library.Models.SharpPlayer, *System.String: No configuration option named 'test_string_DISABLE_invalid_option_xyz'.*, <null>, Announce)
  	Notify(SharpMUSH.Library.Models.SharpPlayer: SharpMUSH.Library.Models.SharpPlayer, *System.String: No configuration option named 'test_string_ENABLE_invalid_option_xyz'.*, <null>, Announce)
  	Notify(SharpMUSH.Library.Models.SharpPlayer: SharpMUSH.Library.Models.SharpPlayer, *System.String: @disable is equivalent to @config/set noisy_whisper=no*, <null>, Announce)
  	Notify(SharpMUSH.Library.Models.SharpPlayer: SharpMUSH.Library.Models.SharpPlayer, *System.String: Runtime configuration modification is not yet implemented. Changes require server restart.*, <null>, Announce)
  	Notify(SharpMUSH.Library.Models.SharpPlayer: SharpMUSH.Library.Models.SharpPlayer, *System.String: Current value: noisy_whisper=False*, <null>, Announce)
  	Notify(SharpMUSH.Library.Models.SharpPlayer: SharpMUSH.Library.Models.SharpPlayer, *System.String: Option 'mud_name' is not a boolean option. Use @config/set instead.*, <null>, Announce)
  	Notify(SharpMUSH.Library.Models.SharpPlayer: SharpMUSH.Library.Models.SharpPlayer, *System.String: Power 'TEST_POWER_E9AB9A3B' created with alias 'TPOW'.*, <null>, Announce)
  	Notify(SharpMUSH.Library.Models.SharpPlayer: SharpMUSH.Library.Models.SharpPlayer, *System.String: Object Powers:
  Name                 Alias              Type Restrictions
  -------------------- ------------------ -------------------
  Announce                                ROOM,PLAYER,EXIT,THING
  Boot                                    ROOM,PLAYER,EXIT,THING
  Builder                                 ROOM,PLAYER,EXIT,THING
  Can_Dark                                PLAYER
  Can_HTTP                                ROOM,PLAYER,EXIT,THING
  Can_Spoof                               ROOM,PLAYER,EXIT,THING
  Chat_Privs                              ROOM,PLAYER,EXIT,THING
  Debit                                   ROOM,PLAYER,EXIT,THING
  Functions                               ROOM,PLAYER,EXIT,THING
  Guest                                   ROOM,PLAYER,EXIT,THING
  Halt                                    ROOM,PLAYER,EXIT,THING
  Hide                                    ROOM,PLAYER,EXIT,THING
  Hook                                    ROOM,PLAYER,EXIT,THING
  Idle                                    ROOM,PLAYER,EXIT,THING
  Immortal                                ROOM,PLAYER,EXIT,THING
  Link_Anywhere                           ROOM,PLAYER,EXIT,THING
  Login                                   ROOM,PLAYER,EXIT,THING
  Long_Fingers                            ROOM,PLAYER,EXIT,THING
  Many_Attribs                            ROOM,PLAYER,EXIT,THING
  No_Pay                                  ROOM,PLAYER,EXIT,THING
  No_Quota                                ROOM,PLAYER,EXIT,THING
  Open_Anywhere                           ROOM,PLAYER,EXIT,THING
  Pemit_All                               ROOM,PLAYER,EXIT,THING
  Pick_DBRefs                             ROOM,PLAYER,EXIT,THING
  Player_Create                           ROOM,PLAYER,EXIT,THING
  Poll                                    ROOM,PLAYER,EXIT,THING
  Pueblo_Send                             ROOM,PLAYER,EXIT,THING
  Queue                                   ROOM,PLAYER,EXIT,THING
  Search                                  ROOM,PLAYER,EXIT,THING
  See_All                                 ROOM,PLAYER,EXIT,THING
  See_Queue                               ROOM,PLAYER,EXIT,THING
  See_OOB                                 ROOM,PLAYER,EXIT,THING
  SQL_OK                                  ROOM,PLAYER,EXIT,THING
  Tport_Anything                          ROOM,PLAYER,EXIT,THING
  Tport_Anywhere                          ROOM,PLAYER,EXIT,THING
  Unkillable                              ROOM,PLAYER,EXIT,THING*, <null>, Announce)
  	Notify(SharpMUSH.Library.Models.SharpPlayer: SharpMUSH.Library.Models.SharpPlayer, *System.String: Object Flags:
  Name                 Symbol Type Restrictions
  -------------------- ------ -------------------
  WIZARD               W      ROOM,PLAYER,EXIT,THING
  ABODE                A      ROOM
  ANSI                 A      PLAYER
  CHOWN_OK             C      ROOM,PLAYER,THING
  COLOR                C      PLAYER
  DARK                 D      ROOM,PLAYER,EXIT,THING
  FIXED                F      PLAYER
  FLOATING             F      ROOM
  HAVEN                H      PLAYER
  TRUST                I      ROOM,PLAYER,EXIT,THING
  JUDGE                J      PLAYER
  JUMP_OK              J      ROOM
  LINK_OK              L      ROOM,PLAYER,EXIT,THING
  MONITOR              M      ROOM,PLAYER,THING
  NO_LEAVE             N      THING
  NO_TEL               N      ROOM
  OPAQUE               O      ROOM,PLAYER,EXIT,THING
  QUIET                Q      ROOM,PLAYER,EXIT,THING
  UNFINDABLE           U      ROOM,PLAYER,EXIT,THING
  VISUAL               V      ROOM,PLAYER,EXIT,THING
  SAFE                 X      ROOM,PLAYER,EXIT,THING
  SHARED               Z      PLAYER
  Z_TEL                Z      ROOM,THING
  LISTEN_PARENT        ^      PLAYER,THING,ROOM
  NOACCENTS            ~      PLAYER,THING,ROOM
  UNREGISTERED         ?      PLAYER
  NOSPOOF              "      ROOM,PLAYER,EXIT,THING
  AUDIBLE              a      ROOM,PLAYER,EXIT,THING
  DEBUG                b      ROOM,PLAYER,EXIT,THING
  DESTROY_OK           d      THING
  ENTER_OK             e      ROOM,PLAYER,EXIT,THING
  GAGGED               g      PLAYER
  HALT                 h      ROOM,PLAYER,EXIT,THING
  ORPHAN               i      ROOM,PLAYER,EXIT,THING
  JURY_OK              j      PLAYER
  KEEPALIVE            k      PLAYER
  LIGHT                l      ROOM,PLAYER,EXIT,THING
  MISTRUST             m      PLAYER,EXIT,THING
  MISTRUST             m      PLAYER,EXIT,THING
  NO_COMMAND           n      ROOM,PLAYER,EXIT,THING
  ON_VACATION          o      PLAYER
  PUPPET               P      THING
  ROYALTY              r      ROOM,PLAYER,EXIT,THING
  SUSPECT              s      ROOM,PLAYER,EXIT,THING
  TRANSPARENT          t      ROOM,PLAYER,EXIT,THING
  VERBOSE              v      ROOM,PLAYER,EXIT,THING
  NO_WARN              w      ROOM,PLAYER,EXIT,THING
  CLOUDY               x      EXIT
  CHAN_USEFIRSTMATCH          ROOM,PLAYER,EXIT,THING
  HEAR_CONNECT                PLAYER
  HEAVY                       ROOM,PLAYER,EXIT,THING
  LOUD                        PLAYER
  NO_LOG                      PLAYER
  PARANOID                    PLAYER
  TRACK_MONEY                 PLAYER
  XTERM256                    PLAYER
  MONIKER                     ROOM,PLAYER,EXIT,THING
  OPEN_OK                     ROOM
  GOING                g      ROOM,PLAYER,EXIT,THING
  GOING_TWICE                 ROOM,PLAYER,EXIT,THING*, <null>, Announce)
  	Notify(SharpMUSH.Library.Models.SharpPlayer: SharpMUSH.Library.Models.SharpPlayer, *System.String: Flag 'TEST_FLAG_36F4C586' created with symbol 'T'.*, <null>, Announce)
  	Notify(SharpMUSH.Library.Models.SharpPlayer: SharpMUSH.Library.Models.SharpPlayer, *System.String: Flag 'TEST_FLAG_EF8D1235' created with symbol 'T'.*, <null>, Announce)
  	Notify(SharpMUSH.Library.Models.SharpPlayer: SharpMUSH.Library.Models.SharpPlayer, *System.String: Flag 'TEST_FLAG_7EE4E12F' created with symbol 'T'.*, <null>, Announce)
  	Notify(SharpMUSH.Library.Models.SharpPlayer: SharpMUSH.Library.Models.SharpPlayer, *System.String: Flag 'TEST_FLAG_7EE4E12F' already exists.*, <null>, Announce)
  	Notify(SharpMUSH.Library.Models.SharpPlayer: SharpMUSH.Library.Models.SharpPlayer, *System.String: Flag 'TEST_FLAG_310C1EAA' deleted.*, <null>, Announce)
  	Notify(SharpMUSH.Library.Models.SharpPlayer: SharpMUSH.Library.Models.SharpPlayer, *System.String: Cannot delete system flag 'WIZARD'.*, <null>, Announce)
  	Notify(SharpMUSH.Library.Models.SharpPlayer: SharpMUSH.Library.Models.SharpPlayer, *System.String: Flag 'NONEXISTENT_FLAG_XYZ123' not found.*, <null>, Announce)
  	Notify(SharpMUSH.Library.Models.SharpPlayer: SharpMUSH.Library.Models.SharpPlayer, *System.String: Power 'TEST_POWER_ENABLE_556A3B81' created with alias 'TPOW'.*, <null>, Announce)
  	Notify(SharpMUSH.Library.Models.SharpPlayer: SharpMUSH.Library.Models.SharpPlayer, *System.String: Power 'TEST_POWER_ENABLE_556A3B81' disabled.*, <null>, Announce)
  	Notify(SharpMUSH.Library.Models.SharpPlayer: SharpMUSH.Library.Models.SharpPlayer, *System.String: Power 'TEST_POWER_ENABLE_556A3B81' enabled.*, <null>, Announce)
  	Notify(SharpMUSH.Library.Models.SharpPlayer: SharpMUSH.Library.Models.SharpPlayer, *System.String: Power 'TEST_POWER_DISABLE_FA5E4FB5' created with alias 'TPOW'.*, <null>, Announce)
  	Notify(SharpMUSH.Library.Models.SharpPlayer: SharpMUSH.Library.Models.SharpPlayer, *System.String: Power 'TEST_POWER_DISABLE_FA5E4FB5' disabled.*, <null>, Announce)
  	Notify(SharpMUSH.Library.Models.SharpPlayer: SharpMUSH.Library.Models.SharpPlayer, *System.String: Cannot disable system power 'Builder'.*, <null>, Announce)
  	Notify(SharpMUSH.Library.Models.SharpPlayer: SharpMUSH.Library.Models.SharpPlayer, *System.String: Flag 'TEST_FLAG_ENABLE_F9F4489C' created with symbol 'T'.*, <null>, Announce)
  	Notify(SharpMUSH.Library.Models.SharpPlayer: SharpMUSH.Library.Models.SharpPlayer, *System.String: Flag 'TEST_FLAG_ENABLE_F9F4489C' disabled.*, <null>, Announce)
  	Notify(SharpMUSH.Library.Models.SharpPlayer: SharpMUSH.Library.Models.SharpPlayer, *System.String: Flag 'TEST_FLAG_ENABLE_F9F4489C' enabled.*, <null>, Announce)
  	Notify(SharpMUSH.Library.Models.SharpPlayer: SharpMUSH.Library.Models.SharpPlayer, *System.String: Flag 'TEST_FLAG_DISABLE_842F3BDD' created with symbol 'T'.*, <null>, Announce)
  	Notify(SharpMUSH.Library.Models.SharpPlayer: SharpMUSH.Library.Models.SharpPlayer, *System.String: Flag 'TEST_FLAG_DISABLE_842F3BDD' disabled.*, <null>, Announce)
  	Notify(SharpMUSH.Library.Models.SharpPlayer: SharpMUSH.Library.Models.SharpPlayer, *System.String: @POWER/ADD requires power name and alias.*, <null>, Announce)
  	Notify(SharpMUSH.Library.Models.SharpPlayer: SharpMUSH.Library.Models.SharpPlayer, *System.String: @FLAG/ADD requires flag name and symbol.*, <null>, Announce)
  	Notify(SharpMUSH.Library.Models.SharpPlayer: SharpMUSH.Library.Models.SharpPlayer, *System.String: Power 'NONEXISTENT_POWER_XYZ123' not found.*, <null>, Announce)
  	Notify(SharpMUSH.Library.Models.SharpPlayer: SharpMUSH.Library.Models.SharpPlayer, *System.String: Cannot delete system power 'BUILDER'.*, <null>, Announce)
  	Notify(SharpMUSH.Library.Models.SharpPlayer: SharpMUSH.Library.Models.SharpPlayer, *System.String: Power 'TEST_POWER_9E7AFEEF' deleted.*, <null>, Announce)
  	Notify(SharpMUSH.Library.Models.SharpPlayer: SharpMUSH.Library.Models.SharpPlayer, *System.String: Power 'TEST_POWER_F0978529' created with alias 'TPOW'.*, <null>, Announce)
  	Notify(SharpMUSH.Library.Models.SharpPlayer: SharpMUSH.Library.Models.SharpPlayer, *System.String: Cannot disable system flag 'WIZARD'.*, <null>, Announce)
  	Notify(SharpMUSH.Library.Models.SharpPlayer: SharpMUSH.Library.Models.SharpPlayer, *System.String: You aren't following anyone.*, <null>, Announce)
  	Notify(SharpMUSH.Library.Models.SharpPlayer: SharpMUSH.Library.Models.SharpPlayer, *System.String: Created EmptyTestBox (#5:1774909470451).*, <null>, Announce)
  	Notify(SharpMUSH.Library.Models.SharpPlayer: SharpMUSH.Library.Models.SharpPlayer, *System.String: Created EmptyTestThing (#6:1774909470473).*, <null>, Announce)
  	Notify(SharpMUSH.Library.Models.SharpPlayer: SharpMUSH.Library.Models.SharpPlayer, *System.String: Flag: ENTER_OK Set.*, <null>, Announce)
  	Notify(SharpMUSH.Library.Models.SharpPlayer: SharpMUSH.Library.Models.SharpPlayer, *System.String: You don't have that.*, <null>, Announce)
  	Notify(SharpMUSH.Library.Models.SharpPlayer: SharpMUSH.Library.Models.SharpPlayer, *System.String: You aren't carrying that.*, <null>, Announce)
  	Notify(SharpMUSH.Library.Models.SharpPlayer: SharpMUSH.Library.Models.SharpPlayer, *System.String: EmptyTestBox is already empty.*, <null>, Announce)
  	Notify(SharpMUSH.Library.Models.SharpPlayer: SharpMUSH.Library.Models.SharpPlayer, *System.String: Created EmptyTestContainer (#7:1774909470613).*, <null>, Announce)
  	Notify(SharpMUSH.Library.Models.SharpPlayer: SharpMUSH.Library.Models.SharpPlayer, *System.String: Created EmptyTestItem1 (#8:1774909470637).*, <null>, Announce)
  	Notify(SharpMUSH.Library.Models.SharpPlayer: SharpMUSH.Library.Models.SharpPlayer, *System.String: Created EmptyTestItem2 (#9:1774909470654).*, <null>, Announce)
  	Notify(SharpMUSH.Library.Models.SharpPlayer: SharpMUSH.Library.Models.SharpPlayer, *System.String: Flag: ENTER_OK Set.*, <null>, Announce)
  	Notify(SharpMUSH.Library.Models.SharpPlayer: SharpMUSH.Library.Models.SharpPlayer, *System.String: Taken.*, <null>, Announce)
  	Notify(SharpMUSH.Library.Models.SharpPlayer: SharpMUSH.Library.Models.SharpPlayer, *System.String: You don't have that.*, <null>, Announce)
  	Notify(SharpMUSH.Library.Models.SharpPlayer: SharpMUSH.Library.Models.SharpPlayer, *System.String: You don't have that.*, <null>, Announce)
  	Notify(SharpMUSH.Library.Models.SharpPlayer: SharpMUSH.Library.Models.SharpPlayer, *System.String: EmptyTestContainer is already empty.*, <null>, Announce)
  	Notify(SharpMUSH.Library.Models.SharpPlayer: SharpMUSH.Library.Models.SharpPlayer, *System.String: God is not following you.*, <null>, Announce)
  	Notify(SharpMUSH.Library.Models.SharpPlayer: SharpMUSH.Library.Models.SharpPlayer, *System.String: You stop following and dismiss all followers.*, <null>, Announce)
  	Notify(SharpMUSH.Library.Models.SharpPlayer: SharpMUSH.Library.Models.SharpPlayer, *System.String: You can't follow yourself.*, <null>, Announce)
  	Notify(SharpMUSH.Library.Models.SharpThing: SharpMUSH.Library.Models.SharpThing, *MarkupString.MarkupStringModule+MarkupString: God types --> #1=skill*, SharpMUSH.Library.Models.SharpPlayer: SharpMUSH.Library.Models.SharpPlayer, *Emit*)
  	Notify(SharpMUSH.Library.Models.SharpThing: SharpMUSH.Library.Models.SharpThing, *MarkupString.MarkupStringModule+MarkupString: God types --> #1=skill*, SharpMUSH.Library.Models.SharpPlayer: SharpMUSH.Library.Models.SharpPlayer, *Emit*)
  	Notify(SharpMUSH.Library.Models.SharpThing: SharpMUSH.Library.Models.SharpThing, *MarkupString.MarkupStringModule+MarkupString: God types --> #1=skill*, SharpMUSH.Library.Models.SharpPlayer: SharpMUSH.Library.Models.SharpPlayer, *Emit*)
  	Notify(SharpMUSH.Library.Models.SharpThing: SharpMUSH.Library.Models.SharpThing, *MarkupString.MarkupStringModule+MarkupString: God types --> #1=skill*, SharpMUSH.Library.Models.SharpPlayer: SharpMUSH.Library.Models.SharpPlayer, *Emit*)
  	Notify(SharpMUSH.Library.Models.SharpPlayer: SharpMUSH.Library.Models.SharpPlayer, *MarkupString.MarkupStringModule+MarkupString: God types --> #1=skill*, SharpMUSH.Library.Models.SharpPlayer: SharpMUSH.Library.Models.SharpPlayer, *Emit*)
  	Notify(SharpMUSH.Library.Models.SharpPlayer: SharpMUSH.Library.Models.SharpPlayer, *MarkupString.MarkupStringModule+MarkupString: God types --> #1=skill*, SharpMUSH.Library.Models.SharpPlayer: SharpMUSH.Library.Models.SharpPlayer, *Emit*)
  	Notify(SharpMUSH.Library.Models.SharpPlayer: SharpMUSH.Library.Models.SharpPlayer, *MarkupString.MarkupStringModule+MarkupString: God types --> #1=skill*, SharpMUSH.Library.Models.SharpPlayer: SharpMUSH.Library.Models.SharpPlayer, *Emit*)
  	Notify(SharpMUSH.Library.Models.SharpPlayer: SharpMUSH.Library.Models.SharpPlayer, *System.String: Huh?  (Type "help" for help.)*, <null>, Announce)
  	Notify(SharpMUSH.Library.Models.SharpPlayer: SharpMUSH.Library.Models.SharpPlayer, *System.String: The SCORE command is not supported.*, <null>, Announce)
  	Notify(SharpMUSH.Library.Models.SharpPlayer: SharpMUSH.Library.Models.SharpPlayer, *System.String: SharpMUSH does not track money or pennies.*, <null>, Announce)
  	Notify(SharpMUSH.Library.Models.SharpPlayer: SharpMUSH.Library.Models.SharpPlayer, *System.String: You try to buy 'sword'.*, <null>, Announce)
  	Notify(SharpMUSH.Library.Models.SharpPlayer: SharpMUSH.Library.Models.SharpPlayer, *System.String: The BUY command requires a full economy system implementation.*, <null>, Announce)
  	Notify(SharpMUSH.Library.Models.SharpPlayer: SharpMUSH.Library.Models.SharpPlayer, *System.String: Features needed: PRICELIST attribute parsing, @lock/pay checking, penny transfers.*, <null>, Announce)
  	Notify(SharpMUSH.Library.Models.SharpPlayer: SharpMUSH.Library.Models.SharpPlayer, *System.String: Do what with them?*, <null>, Announce)
  	Notify(SharpMUSH.Library.Models.SharpPlayer: SharpMUSH.Library.Models.SharpPlayer, *System.String: Hook 'EXTEND' set for command 'HOOKTEST_IGSWITCH_90E2B306DC0F404AA8D48110EACBAA61'.*, <null>, Announce)
  	Notify(SharpMUSH.Library.Models.SharpPlayer: SharpMUSH.Library.Models.SharpPlayer, *System.String: Hook 'EXTEND' set for command 'HOOKTEST_EXTEND_7B9527B5C4AD4E5692A3D7B202DF6F69'.*, <null>, Announce)
  	Notify(SharpMUSH.Library.Models.SharpPlayer: SharpMUSH.Library.Models.SharpPlayer, *System.String: Hook 'BEFORE' set for command 'HOOKTEST_DEFAULT_C0F8209DA868453993646D7A985728D3'.*, <null>, Announce)
  	Notify(SharpMUSH.Library.Models.SharpPlayer: SharpMUSH.Library.Models.SharpPlayer, *System.String: Hook 'BEFORE' set for command 'HOOKTEST_MULTI_27FA7440694545E9AA3D3F7E5D0E8343'.*, <null>, Announce)
  	Notify(SharpMUSH.Library.Models.SharpPlayer: SharpMUSH.Library.Models.SharpPlayer, *System.String: Hook 'AFTER' set for command 'HOOKTEST_MULTI_27FA7440694545E9AA3D3F7E5D0E8343'.*, <null>, Announce)
  	Notify(SharpMUSH.Library.Models.SharpPlayer: SharpMUSH.Library.Models.SharpPlayer, *System.String: Hook 'IGNORE' set for command 'HOOKTEST_MULTI_27FA7440694545E9AA3D3F7E5D0E8343'.*, <null>, Announce)
  	Notify(SharpMUSH.Library.Models.SharpPlayer: SharpMUSH.Library.Models.SharpPlayer, *System.String: Hook 'BEFORE' set for command 'HOOKTEST_INPLACE_BC6ADB80905F4F90A581300ECD852215' (inline).*, <null>, Announce)
  	Notify(SharpMUSH.Library.Models.SharpPlayer: SharpMUSH.Library.Models.SharpPlayer, *System.String: Hook 'BEFORE' set for command 'HOOKTEST_INLINE_39FC73499FC74CFB9B8AB143B0659574' (inline).*, <null>, Announce)
  	Notify(SharpMUSH.Library.Models.SharpPlayer: SharpMUSH.Library.Models.SharpPlayer, *System.String: No 'BEFORE' hook set for command 'HOOKTEST_CLEAR_0E30049957AE43A1A2222DE5CC7BC33D'.*, <null>, Announce)
  	Notify(SharpMUSH.Library.Models.SharpPlayer: SharpMUSH.Library.Models.SharpPlayer, *System.String: Hook 'BEFORE' set for command 'HOOKTEST_SET_2FB3DD950D24474291D18D6AFD5B85B5'.*, <null>, Announce)
  	Notify(SharpMUSH.Library.Models.SharpPlayer: SharpMUSH.Library.Models.SharpPlayer, *System.String: No hooks set for command 'HOOKTEST_LIST_E8081791F1864103A58E58AA7CDA67DA'.*, <null>, Announce)
  	Notify(SharpMUSH.Library.Models.SharpPlayer: SharpMUSH.Library.Models.SharpPlayer, *System.String: (HTTP): Content-Type set to application/json*, <null>, Announce)
  	Notify(SharpMUSH.Library.Models.SharpPlayer: SharpMUSH.Library.Models.SharpPlayer, *System.String: (HTTP): Status 200 OK*, <null>, Announce)
  	Notify(SharpMUSH.Library.Models.SharpPlayer: SharpMUSH.Library.Models.SharpPlayer, *System.String: (HTTP): Status 404 Not Found*, <null>, Announce)
  	Notify(SharpMUSH.Library.Models.SharpPlayer: SharpMUSH.Library.Models.SharpPlayer, *System.String: Status code required.*, <null>, Announce)
  	Notify(SharpMUSH.Library.Models.SharpPlayer: SharpMUSH.Library.Models.SharpPlayer, *System.String: Status line must be less than 40 characters.*, <null>, Announce)
  	Notify(SharpMUSH.Library.Models.SharpPlayer: SharpMUSH.Library.Models.SharpPlayer, *System.String: Header name cannot be empty.*, <null>, Announce)
  	Notify(SharpMUSH.Library.Models.SharpPlayer: SharpMUSH.Library.Models.SharpPlayer, *System.String: Cannot set Content-Length header.*, <null>, Announce)
  	Notify(SharpMUSH.Library.Models.SharpPlayer: SharpMUSH.Library.Models.SharpPlayer, *System.String: (HTTP): Header X-Custom-Header: *, <null>, Announce)
  	Notify(SharpMUSH.Library.Models.SharpPlayer: SharpMUSH.Library.Models.SharpPlayer, *System.String: (HTTP): Header X-Powered-By: MUSHCode*, <null>, Announce)
  	Notify(SharpMUSH.Library.Models.SharpPlayer: SharpMUSH.Library.Models.SharpPlayer, *System.String: Content-Type cannot be empty.*, <null>, Announce)
  	Notify(SharpMUSH.Library.Models.SharpPlayer: SharpMUSH.Library.Models.SharpPlayer, *System.String: (HTTP): Content-Type set to text/html*, <null>, Announce)
  	Notify(SharpMUSH.Library.Models.SharpPlayer: SharpMUSH.Library.Models.SharpPlayer, *System.String: (HTTP): Status 500*, <null>, Announce)
  	Notify(SharpMUSH.Library.Models.SharpPlayer: SharpMUSH.Library.Models.SharpPlayer, *System.String: Status code must be a 3-digit number.*, <null>, Announce)
  	Notify(SharpMUSH.Library.Models.SharpPlayer: SharpMUSH.Library.Models.SharpPlayer, *System.String: Status code must be a 3-digit number.*, <null>, Announce)
  	Notify(SharpMUSH.Library.Models.SharpPlayer: SharpMUSH.Library.Models.SharpPlayer, *System.String: (HTTP): Header Set-Cookie: name=Bob; Max-Age=3600; Version=1*, <null>, Announce)
  	Notify(SharpMUSH.Library.Models.SharpPlayer: SharpMUSH.Library.Models.SharpPlayer, *System.String: Message logged to Command log.*, <null>, Announce)
  	Notify(SharpMUSH.Library.Models.SharpPlayer: SharpMUSH.Library.Models.SharpPlayer, *System.String: Message logged to Command log.*, <null>, Announce)
  	Notify(SharpMUSH.Library.Models.SharpPlayer: SharpMUSH.Library.Models.SharpPlayer, *System.String: Message logged to Wizard log.*, <null>, Announce)
  	Notify(SharpMUSH.Library.Models.SharpPlayer: SharpMUSH.Library.Models.SharpPlayer, *System.String: Message logged to Error log.*, <null>, Announce)
  	Notify(SharpMUSH.Library.Models.SharpPlayer: SharpMUSH.Library.Models.SharpPlayer, *System.String: Usage: @log[/<switch>] <message> or @log/recall[/<switch>] [<number>]*, <null>, Announce)
  	Notify(SharpMUSH.Library.Models.SharpPlayer: SharpMUSH.Library.Models.SharpPlayer, *System.String: No log entries found for category 'Command'.*, <null>, Announce)
  	Notify(SharpMUSH.Library.Models.SharpPlayer: SharpMUSH.Library.Models.SharpPlayer, *System.String: Locked.*, <null>, Announce)
  	Notify(SharpMUSH.Library.Models.SharpPlayer: SharpMUSH.Library.Models.SharpPlayer, *System.String: No such lock: Basic*, <null>, Announce)
  	Notify(SharpMUSH.Library.Models.SharpPlayer: SharpMUSH.Library.Models.SharpPlayer, *System.String: Log Management Status:*, <null>, Announce)
  	Notify(SharpMUSH.Library.Models.SharpPlayer: SharpMUSH.Library.Models.SharpPlayer, *System.String:   SharpMUSH uses .NET logging infrastructure*, <null>, Announce)
  	Notify(SharpMUSH.Library.Models.SharpPlayer: SharpMUSH.Library.Models.SharpPlayer, *System.String:   Logs are managed by configured logging providers*, <null>, Announce)
  	Notify(SharpMUSH.Library.Models.SharpPlayer: SharpMUSH.Library.Models.SharpPlayer, *System.String:   Available log types: CMD, CONN, ERR, TRACE, WIZ*, <null>, Announce)
  	Notify(SharpMUSH.Library.Models.SharpPlayer: SharpMUSH.Library.Models.SharpPlayer, *System.String:   Available actions: ROTATE, TRIM, WIPE*, <null>, Announce)
  	Notify(SharpMUSH.Library.Models.SharpPlayer: SharpMUSH.Library.Models.SharpPlayer, *System.String:   Note: Direct log file manipulation not yet implemented*, <null>, Announce)
  	Notify(SharpMUSH.Library.Models.SharpPlayer: SharpMUSH.Library.Models.SharpPlayer, *System.String: MAIL: You sent a message to God.*, <null>, Announce)
  	Notify(SharpMUSH.Library.Models.SharpPlayer: SharpMUSH.Library.Models.SharpPlayer, *System.String: MAIL: You have received a message (1) from God.*, <null>, Announce)
  	Notify(SharpMUSH.Library.Models.SharpPlayer: SharpMUSH.Library.Models.SharpPlayer, *System.String: @MALIAS/LIST: Mail alias system not yet implemented.*, <null>, Announce)
  	Notify(SharpMUSH.Library.Models.SharpPlayer: SharpMUSH.Library.Models.SharpPlayer, *System.String: This command would manage mail distribution lists and aliases.*, <null>, Announce)
  	Notify(SharpMUSH.Library.Models.SharpPlayer: SharpMUSH.Library.Models.SharpPlayer, *System.String: Created MsgBasic_1774909472895_2745 (#14:1774909472909).*, <null>, Announce)
  	Notify(SharpMUSH.Library.Models.SharpPlayer: SharpMUSH.Library.Models.SharpPlayer, *System.String: Attribute TESTFORMAT_MSGBASIC_93751 SET.*, SharpMUSH.Library.Models.SharpThing: SharpMUSH.Library.Models.SharpThing, Announce)
  	Notify(SharpMUSH.Library.Models.SharpPlayer: SharpMUSH.Library.Models.SharpPlayer, *System.String: MsgBasic_1774909472895_2745/TESTFORMAT_MSGBASIC_93751 - Set.*, <null>, Announce)
  	Notify(SharpMUSH.Library.Models.SharpThing: SharpMUSH.Library.Models.SharpThing, *MarkupString.MarkupStringModule+MarkupString: MessageBasic_UniqueValue_93751*, SharpMUSH.Library.Models.SharpPlayer: SharpMUSH.Library.Models.SharpPlayer, Announce)
  	Notify(SharpMUSH.Library.Models.SharpPlayer: SharpMUSH.Library.Models.SharpPlayer, *System.String: Created MsgWithAttr_1774909472971_1786 (#15:1774909472984).*, <null>, Announce)
  	Notify(SharpMUSH.Library.Models.SharpPlayer: SharpMUSH.Library.Models.SharpPlayer, *System.String: Attribute TESTFORMAT_MSGATTR_84729 SET.*, SharpMUSH.Library.Models.SharpThing: SharpMUSH.Library.Models.SharpThing, Announce)
  	Notify(SharpMUSH.Library.Models.SharpPlayer: SharpMUSH.Library.Models.SharpPlayer, *System.String: MsgWithAttr_1774909472971_1786/TESTFORMAT_MSGATTR_84729 - Set.*, <null>, Announce)
  	Notify(SharpMUSH.Library.Models.SharpThing: SharpMUSH.Library.Models.SharpThing, *MarkupString.MarkupStringModule+MarkupString: MessageWithAttribute_Result_84729:15*, SharpMUSH.Library.Models.SharpPlayer: SharpMUSH.Library.Models.SharpPlayer, Announce)
  	Notify(SharpMUSH.Library.Models.SharpPlayer: SharpMUSH.Library.Models.SharpPlayer, *System.String: Created MsgMissingAttr_1774909473031_9726 (#16:1774909473045).*, <null>, Announce)
  	Notify(SharpMUSH.Library.Models.SharpThing: SharpMUSH.Library.Models.SharpThing, *MarkupString.MarkupStringModule+MarkupString: DefaultMessage_UniqueValue_72914*, SharpMUSH.Library.Models.SharpPlayer: SharpMUSH.Library.Models.SharpPlayer, Announce)
  	Notify(SharpMUSH.Library.Models.SharpPlayer: SharpMUSH.Library.Models.SharpPlayer, *System.String: Created MsgNospoof_1774909473072_5824 (#17:1774909473100).*, <null>, Announce)
  	Notify(SharpMUSH.Library.Models.SharpPlayer: SharpMUSH.Library.Models.SharpPlayer, *System.String: Attribute TESTFORMAT_MSGNOSPOOF_48203 SET.*, SharpMUSH.Library.Models.SharpThing: SharpMUSH.Library.Models.SharpThing, Announce)
  	Notify(SharpMUSH.Library.Models.SharpPlayer: SharpMUSH.Library.Models.SharpPlayer, *System.String: MsgNospoof_1774909473072_5824/TESTFORMAT_MSGNOSPOOF_48203 - Set.*, <null>, Announce)
  	Notify(SharpMUSH.Library.Models.SharpThing: SharpMUSH.Library.Models.SharpThing, *MarkupString.MarkupStringModule+MarkupString: MessageNospoof_Value_48203*, SharpMUSH.Library.Models.SharpPlayer: SharpMUSH.Library.Models.SharpPlayer, *NSAnnounce*)
  	Notify(SharpMUSH.Library.Models.SharpPlayer: SharpMUSH.Library.Models.SharpPlayer, *System.String: Created OemitTarget_1774909473159_2460 (#18:1774909473174).*, <null>, Announce)
  	Notify(SharpMUSH.Library.Models.SharpPlayer: SharpMUSH.Library.Models.SharpPlayer, *System.String: Attribute OEMIT_TEST_ATTR_MSG SET.*, SharpMUSH.Library.Models.SharpPlayer: SharpMUSH.Library.Models.SharpPlayer, Announce)
  	Notify(SharpMUSH.Library.Models.SharpPlayer: SharpMUSH.Library.Models.SharpPlayer, *System.String: God/OEMIT_TEST_ATTR_MSG - Set.*, <null>, Announce)
  	Notify(SharpMUSH.Library.Models.SharpThing: SharpMUSH.Library.Models.SharpThing, *MarkupString.MarkupStringModule+MarkupString: OemitTestMsg_b3d3016078044d55a70ee4cc525a900c*, SharpMUSH.Library.Models.SharpPlayer: SharpMUSH.Library.Models.SharpPlayer, Announce)
  	Notify(SharpMUSH.Library.Models.SharpThing: SharpMUSH.Library.Models.SharpThing, *MarkupString.MarkupStringModule+MarkupString: OemitTestMsg_b3d3016078044d55a70ee4cc525a900c*, SharpMUSH.Library.Models.SharpPlayer: SharpMUSH.Library.Models.SharpPlayer, Announce)
  	Notify(SharpMUSH.Library.Models.SharpThing: SharpMUSH.Library.Models.SharpThing, *MarkupString.MarkupStringModule+MarkupString: OemitTestMsg_b3d3016078044d55a70ee4cc525a900c*, SharpMUSH.Library.Models.SharpPlayer: SharpMUSH.Library.Models.SharpPlayer, Announce)
  	Notify(SharpMUSH.Library.Models.SharpThing: SharpMUSH.Library.Models.SharpThing, *MarkupString.MarkupStringModule+MarkupString: OemitTestMsg_b3d3016078044d55a70ee4cc525a900c*, SharpMUSH.Library.Models.SharpPlayer: SharpMUSH.Library.Models.SharpPlayer, Announce)
  	Notify(SharpMUSH.Library.Models.SharpThing: SharpMUSH.Library.Models.SharpThing, *MarkupString.MarkupStringModule+MarkupString: OemitTestMsg_b3d3016078044d55a70ee4cc525a900c*, SharpMUSH.Library.Models.SharpPlayer: SharpMUSH.Library.Models.SharpPlayer, Announce)
  	Notify(SharpMUSH.Library.Models.SharpPlayer: SharpMUSH.Library.Models.SharpPlayer, *MarkupString.MarkupStringModule+MarkupString: OemitTestMsg_b3d3016078044d55a70ee4cc525a900c*, SharpMUSH.Library.Models.SharpPlayer: SharpMUSH.Library.Models.SharpPlayer, Announce)
  	Notify(SharpMUSH.Library.Models.SharpPlayer: SharpMUSH.Library.Models.SharpPlayer, *MarkupString.MarkupStringModule+MarkupString: OemitTestMsg_b3d3016078044d55a70ee4cc525a900c*, SharpMUSH.Library.Models.SharpPlayer: SharpMUSH.Library.Models.SharpPlayer, Announce)
  	Notify(SharpMUSH.Library.Models.SharpPlayer: SharpMUSH.Library.Models.SharpPlayer, *MarkupString.MarkupStringModule+MarkupString: OemitTestMsg_b3d3016078044d55a70ee4cc525a900c*, SharpMUSH.Library.Models.SharpPlayer: SharpMUSH.Library.Models.SharpPlayer, Announce)
  	Notify(SharpMUSH.Library.Models.SharpPlayer: SharpMUSH.Library.Models.SharpPlayer, *MarkupString.MarkupStringModule+MarkupString: OemitTestMsg_b3d3016078044d55a70ee4cc525a900c*, SharpMUSH.Library.Models.SharpPlayer: SharpMUSH.Library.Models.SharpPlayer, Announce)
  	Notify(SharpMUSH.Library.Models.SharpThing: SharpMUSH.Library.Models.SharpThing, *MarkupString.MarkupStringModule+MarkupString: OemitTestMsg_b3d3016078044d55a70ee4cc525a900c*, SharpMUSH.Library.Models.SharpPlayer: SharpMUSH.Library.Models.SharpPlayer, Announce)
  	Notify(SharpMUSH.Library.Models.SharpThing: SharpMUSH.Library.Models.SharpThing, *MarkupString.MarkupStringModule+MarkupString: OemitTestMsg_b3d3016078044d55a70ee4cc525a900c*, SharpMUSH.Library.Models.SharpPlayer: SharpMUSH.Library.Models.SharpPlayer, Announce)
  	Notify(SharpMUSH.Library.Models.SharpThing: SharpMUSH.Library.Models.SharpThing, *MarkupString.MarkupStringModule+MarkupString: OemitTestMsg_b3d3016078044d55a70ee4cc525a900c*, SharpMUSH.Library.Models.SharpPlayer: SharpMUSH.Library.Models.SharpPlayer, Announce)
  	Notify(SharpMUSH.Library.Models.SharpThing: SharpMUSH.Library.Models.SharpThing, *MarkupString.MarkupStringModule+MarkupString: OemitTestMsg_b3d3016078044d55a70ee4cc525a900c*, SharpMUSH.Library.Models.SharpPlayer: SharpMUSH.Library.Models.SharpPlayer, Announce)
  	Notify(SharpMUSH.Library.Models.SharpPlayer: SharpMUSH.Library.Models.SharpPlayer, *MarkupString.MarkupStringModule+MarkupString: OemitTestMsg_b3d3016078044d55a70ee4cc525a900c*, SharpMUSH.Library.Models.SharpPlayer: SharpMUSH.Library.Models.SharpPlayer, Announce)
  	Notify(SharpMUSH.Library.Models.SharpPlayer: SharpMUSH.Library.Models.SharpPlayer, *MarkupString.MarkupStringModule+MarkupString: OemitTestMsg_b3d3016078044d55a70ee4cc525a900c*, SharpMUSH.Library.Models.SharpPlayer: SharpMUSH.Library.Models.SharpPlayer, Announce)
  	Notify(SharpMUSH.Library.Models.SharpPlayer: SharpMUSH.Library.Models.SharpPlayer, *MarkupString.MarkupStringModule+MarkupString: OemitTestMsg_b3d3016078044d55a70ee4cc525a900c*, SharpMUSH.Library.Models.SharpPlayer: SharpMUSH.Library.Models.SharpPlayer, Announce)
  	Notify(SharpMUSH.Library.Models.SharpPlayer: SharpMUSH.Library.Models.SharpPlayer, *System.String: Created MsgNoisy_1774909473234_1871 (#19:1774909473250).*, <null>, Announce)
  	Notify(SharpMUSH.Library.Models.SharpPlayer: SharpMUSH.Library.Models.SharpPlayer, *System.String: Attribute TESTFORMAT_MSGNOISY_55193 SET.*, SharpMUSH.Library.Models.SharpThing: SharpMUSH.Library.Models.SharpThing, Announce)
  	Notify(SharpMUSH.Library.Models.SharpPlayer: SharpMUSH.Library.Models.SharpPlayer, *System.String: MsgNoisy_1774909473234_1871/TESTFORMAT_MSGNOISY_55193 - Set.*, <null>, Announce)
  	Notify(SharpMUSH.Library.Models.SharpThing: SharpMUSH.Library.Models.SharpThing, *MarkupString.MarkupStringModule+MarkupString: MessageNoisy_Value_55193*, SharpMUSH.Library.Models.SharpPlayer: SharpMUSH.Library.Models.SharpPlayer, Announce)
  	Notify(SharpMUSH.Library.Models.SharpPlayer: SharpMUSH.Library.Models.SharpPlayer, *System.String: Message sent to 1 recipient(s).*, <null>, Announce)
  	Notify(SharpMUSH.Library.Models.SharpPlayer: SharpMUSH.Library.Models.SharpPlayer, *System.String: Attribute REMIT_TEST_ATTR_MSG SET.*, SharpMUSH.Library.Models.SharpPlayer: SharpMUSH.Library.Models.SharpPlayer, Announce)
  	Notify(SharpMUSH.Library.Models.SharpPlayer: SharpMUSH.Library.Models.SharpPlayer, *System.String: God/REMIT_TEST_ATTR_MSG - Set.*, <null>, Announce)
  	Notify(SharpMUSH.Library.Models.SharpThing: SharpMUSH.Library.Models.SharpThing, *MarkupString.MarkupStringModule+MarkupString: RemitTestMsg_e0da7018ec6a4ca2805118160a83e6be*, SharpMUSH.Library.Models.SharpPlayer: SharpMUSH.Library.Models.SharpPlayer, Announce)
  	Notify(SharpMUSH.Library.Models.SharpThing: SharpMUSH.Library.Models.SharpThing, *MarkupString.MarkupStringModule+MarkupString: RemitTestMsg_e0da7018ec6a4ca2805118160a83e6be*, SharpMUSH.Library.Models.SharpPlayer: SharpMUSH.Library.Models.SharpPlayer, Announce)
  	Notify(SharpMUSH.Library.Models.SharpThing: SharpMUSH.Library.Models.SharpThing, *MarkupString.MarkupStringModule+MarkupString: RemitTestMsg_e0da7018ec6a4ca2805118160a83e6be*, SharpMUSH.Library.Models.SharpPlayer: SharpMUSH.Library.Models.SharpPlayer, Announce)
  	Notify(SharpMUSH.Library.Models.SharpThing: SharpMUSH.Library.Models.SharpThing, *MarkupString.MarkupStringModule+MarkupString: RemitTestMsg_e0da7018ec6a4ca2805118160a83e6be*, SharpMUSH.Library.Models.SharpPlayer: SharpMUSH.Library.Models.SharpPlayer, Announce)
  	Notify(SharpMUSH.Library.Models.SharpThing: SharpMUSH.Library.Models.SharpThing, *MarkupString.MarkupStringModule+MarkupString: RemitTestMsg_e0da7018ec6a4ca2805118160a83e6be*, SharpMUSH.Library.Models.SharpPlayer: SharpMUSH.Library.Models.SharpPlayer, Announce)
  	Notify(SharpMUSH.Library.Models.SharpThing: SharpMUSH.Library.Models.SharpThing, *MarkupString.MarkupStringModule+MarkupString: RemitTestMsg_e0da7018ec6a4ca2805118160a83e6be*, SharpMUSH.Library.Models.SharpPlayer: SharpMUSH.Library.Models.SharpPlayer, Announce)
  	Notify(SharpMUSH.Library.Models.SharpPlayer: SharpMUSH.Library.Models.SharpPlayer, *MarkupString.MarkupStringModule+MarkupString: RemitTestMsg_e0da7018ec6a4ca2805118160a83e6be*, SharpMUSH.Library.Models.SharpPlayer: SharpMUSH.Library.Models.SharpPlayer, Announce)
  	Notify(SharpMUSH.Library.Models.SharpPlayer: SharpMUSH.Library.Models.SharpPlayer, *MarkupString.MarkupStringModule+MarkupString: RemitTestMsg_e0da7018ec6a4ca2805118160a83e6be*, SharpMUSH.Library.Models.SharpPlayer: SharpMUSH.Library.Models.SharpPlayer, Announce)
  	Notify(SharpMUSH.Library.Models.SharpPlayer: SharpMUSH.Library.Models.SharpPlayer, *MarkupString.MarkupStringModule+MarkupString: RemitTestMsg_e0da7018ec6a4ca2805118160a83e6be*, SharpMUSH.Library.Models.SharpPlayer: SharpMUSH.Library.Models.SharpPlayer, Announce)
  	Notify(SharpMUSH.Library.Models.SharpPlayer: SharpMUSH.Library.Models.SharpPlayer, *MarkupString.MarkupStringModule+MarkupString: RemitTestMsg_e0da7018ec6a4ca2805118160a83e6be*, SharpMUSH.Library.Models.SharpPlayer: SharpMUSH.Library.Models.SharpPlayer, Announce)
  	Notify(SharpMUSH.Library.Models.SharpThing: SharpMUSH.Library.Models.SharpThing, *MarkupString.MarkupStringModule+MarkupString: RemitTestMsg_e0da7018ec6a4ca2805118160a83e6be*, SharpMUSH.Library.Models.SharpPlayer: SharpMUSH.Library.Models.SharpPlayer, Announce)
  	Notify(SharpMUSH.Library.Models.SharpThing: SharpMUSH.Library.Models.SharpThing, *MarkupString.MarkupStringModule+MarkupString: RemitTestMsg_e0da7018ec6a4ca2805118160a83e6be*, SharpMUSH.Library.Models.SharpPlayer: SharpMUSH.Library.Models.SharpPlayer, Announce)
  	Notify(SharpMUSH.Library.Models.SharpThing: SharpMUSH.Library.Models.SharpThing, *MarkupString.MarkupStringModule+MarkupString: RemitTestMsg_e0da7018ec6a4ca2805118160a83e6be*, SharpMUSH.Library.Models.SharpPlayer: SharpMUSH.Library.Models.SharpPlayer, Announce)
  	Notify(SharpMUSH.Library.Models.SharpThing: SharpMUSH.Library.Models.SharpThing, *MarkupString.MarkupStringModule+MarkupString: RemitTestMsg_e0da7018ec6a4ca2805118160a83e6be*, SharpMUSH.Library.Models.SharpPlayer: SharpMUSH.Library.Models.SharpPlayer, Announce)
  	Notify(SharpMUSH.Library.Models.SharpPlayer: SharpMUSH.Library.Models.SharpPlayer, *MarkupString.MarkupStringModule+MarkupString: RemitTestMsg_e0da7018ec6a4ca2805118160a83e6be*, SharpMUSH.Library.Models.SharpPlayer: SharpMUSH.Library.Models.SharpPlayer, Announce)
  	Notify(SharpMUSH.Library.Models.SharpPlayer: SharpMUSH.Library.Models.SharpPlayer, *MarkupString.MarkupStringModule+MarkupString: RemitTestMsg_e0da7018ec6a4ca2805118160a83e6be*, SharpMUSH.Library.Models.SharpPlayer: SharpMUSH.Library.Models.SharpPlayer, Announce)
  	Notify(SharpMUSH.Library.Models.SharpPlayer: SharpMUSH.Library.Models.SharpPlayer, *MarkupString.MarkupStringModule+MarkupString: RemitTestMsg_e0da7018ec6a4ca2805118160a83e6be*, SharpMUSH.Library.Models.SharpPlayer: SharpMUSH.Library.Models.SharpPlayer, Announce)
  	Notify(SharpMUSH.Library.Models.SharpPlayer: SharpMUSH.Library.Models.SharpPlayer, *MarkupString.MarkupStringModule+MarkupString: GOODBYE.*, <null>, Announce)
  	Notify(SharpMUSH.Library.Models.SharpPlayer: SharpMUSH.Library.Models.SharpPlayer, *System.String: 
  Goodbye from SharpMUSH!
  
  *, <null>, Announce)
  
[m[90m    at NSubstitute.Core.ReceivedCallsExceptionThrower.Throw(ICallSpecification callSpecification, IEnumerable`1 matchingCalls, IEnumerable`1 nonMatchingCalls, Quantity requiredQuantity)
    at NSubstitute.Routing.Handlers.CheckReceivedCallsHandler.Handle(ICall call)
    at NSubstitute.Proxies.CastleDynamicProxy.CastleForwardingInterceptor.Intercept(IInvocation invocation)
    at Castle.DynamicProxy.AbstractInvocation.Proceed()
    at Castle.Proxies.ObjectProxy_4.Notify(AnySharpObject who, OneOf`2 what, AnySharpObject sender, NotificationType type)
    at SharpMUSH.Tests.Commands.UserDefinedCommandsTests.SetAndResetCacheTest() in /home/runner/work/SharpMUSH/SharpMUSH/SharpMUSH.Tests/Commands/UserDefinedCommandsTests.cs:31[90m
[m[31mfailed[m VerbExecutesAwhat [90m(2ms)[m
[31m  TUnit.Engine.Exceptions.TestFailedException: [Test Failure] InvalidOperationException: Cannot return as T0 as result is T1
[m[90m    at OneOf.OneOfBase`2.get_AsT0()
    at SharpMUSH.Library.DiscriminatedUnions.Option`1.AsValue() in /home/runner/work/SharpMUSH/SharpMUSH/SharpMUSH.Library/DiscriminatedUnions/Option.cs:11[90m
    at SharpMUSH.Library.Models.DBRef.Parse(String value) in /home/runner/work/SharpMUSH/SharpMUSH/SharpMUSH.Library/Models/DBref.cs:51[90m
    at SharpMUSH.Tests.TestIsolationHelpers.CreateTestThingAsync(IMUSHCodeParser parser, IConnectionService connectionService, String namePrefix) in /home/runner/work/SharpMUSH/SharpMUSH/SharpMUSH.Tests/TestIsolationHelpers.cs:78[90m
    at SharpMUSH.Tests.Commands.VerbCommandTests.VerbExecutesAwhat() in /home/runner/work/SharpMUSH/SharpMUSH/SharpMUSH.Tests/Commands/VerbCommandTests.cs:135[90m
[m[31mfailed[m VerbPermissionDenied [90m(1ms)[m
[31m  TUnit.Engine.Exceptions.TestFailedException: [Test Failure] InvalidOperationException: Cannot return as T0 as result is T1
[m[90m    at OneOf.OneOfBase`2.get_AsT0()
    at SharpMUSH.Library.DiscriminatedUnions.Option`1.AsValue() in /home/runner/work/SharpMUSH/SharpMUSH/SharpMUSH.Library/DiscriminatedUnions/Option.cs:11[90m
    at SharpMUSH.Library.Models.DBRef.Parse(String value) in /home/runner/work/SharpMUSH/SharpMUSH/SharpMUSH.Library/Models/DBref.cs:51[90m
    at SharpMUSH.Tests.TestIsolationHelpers.CreateTestThingAsync(IMUSHCodeParser parser, IConnectionService connectionService, String namePrefix) in /home/runner/work/SharpMUSH/SharpMUSH/SharpMUSH.Tests/TestIsolationHelpers.cs:78[90m
    at SharpMUSH.Tests.Commands.VerbCommandTests.VerbPermissionDenied() in /home/runner/work/SharpMUSH/SharpMUSH/SharpMUSH.Tests/Commands/VerbCommandTests.cs:112[90m
[m[31mfailed[m VerbInsufficientArgs [90m(1ms)[m
[31m  TUnit.Engine.Exceptions.TestFailedException: [Test Failure] InvalidOperationException: Cannot return as T0 as result is T1
[m[90m    at OneOf.OneOfBase`2.get_AsT0()
    at SharpMUSH.Library.DiscriminatedUnions.Option`1.AsValue() in /home/runner/work/SharpMUSH/SharpMUSH/SharpMUSH.Library/DiscriminatedUnions/Option.cs:11[90m
    at SharpMUSH.Library.Models.DBRef.Parse(String value) in /home/runner/work/SharpMUSH/SharpMUSH/SharpMUSH.Library/Models/DBref.cs:51[90m
    at SharpMUSH.Tests.TestIsolationHelpers.CreateTestThingAsync(IMUSHCodeParser parser, IConnectionService connectionService, String namePrefix) in /home/runner/work/SharpMUSH/SharpMUSH/SharpMUSH.Tests/TestIsolationHelpers.cs:78[90m
    at SharpMUSH.Tests.Commands.VerbCommandTests.VerbInsufficientArgs() in /home/runner/work/SharpMUSH/SharpMUSH/SharpMUSH.Tests/Commands/VerbCommandTests.cs:91[90m
[m[31mfailed[m VerbWithStackArguments [90m(1ms)[m
[31m  TUnit.Engine.Exceptions.TestFailedException: [Test Failure] InvalidOperationException: Cannot return as T0 as result is T1
[m[90m    at OneOf.OneOfBase`2.get_AsT0()
    at SharpMUSH.Library.DiscriminatedUnions.Option`1.AsValue() in /home/runner/work/SharpMUSH/SharpMUSH/SharpMUSH.Library/DiscriminatedUnions/Option.cs:11[90m
    at SharpMUSH.Library.Models.DBRef.Parse(String value) in /home/runner/work/SharpMUSH/SharpMUSH/SharpMUSH.Library/Models/DBref.cs:51[90m
    at SharpMUSH.Tests.TestIsolationHelpers.CreateTestThingAsync(IMUSHCodeParser parser, IConnectionService connectionService, String namePrefix) in /home/runner/work/SharpMUSH/SharpMUSH/SharpMUSH.Tests/TestIsolationHelpers.cs:78[90m
    at SharpMUSH.Tests.Commands.VerbCommandTests.VerbWithStackArguments() in /home/runner/work/SharpMUSH/SharpMUSH/SharpMUSH.Tests/Commands/VerbCommandTests.cs:68[90m
[m[31mfailed[m VerbWithAttributes [90m(1ms)[m
[31m  TUnit.Engine.Exceptions.TestFailedException: [Test Failure] InvalidOperationException: Cannot return as T0 as result is T1
[m[90m    at OneOf.OneOfBase`2.get_AsT0()
    at SharpMUSH.Library.DiscriminatedUnions.Option`1.AsValue() in /home/runner/work/SharpMUSH/SharpMUSH/SharpMUSH.Library/DiscriminatedUnions/Option.cs:11[90m
    at SharpMUSH.Library.Models.DBRef.Parse(String value) in /home/runner/work/SharpMUSH/SharpMUSH/SharpMUSH.Library/Models/DBref.cs:51[90m
    at SharpMUSH.Tests.TestIsolationHelpers.CreateTestThingAsync(IMUSHCodeParser parser, IConnectionService connectionService, String namePrefix) in /home/runner/work/SharpMUSH/SharpMUSH/SharpMUSH.Tests/TestIsolationHelpers.cs:78[90m
    at SharpMUSH.Tests.Commands.VerbCommandTests.VerbWithAttributes() in /home/runner/work/SharpMUSH/SharpMUSH/SharpMUSH.Tests/Commands/VerbCommandTests.cs:44[90m
[m[31mfailed[m VerbWithDefaultMessages [90m(1ms)[m
[31m  TUnit.Engine.Exceptions.TestFailedException: [Test Failure] InvalidOperationException: Cannot return as T0 as result is T1
[m[90m    at OneOf.OneOfBase`2.get_AsT0()
    at SharpMUSH.Library.DiscriminatedUnions.Option`1.AsValue() in /home/runner/work/SharpMUSH/SharpMUSH/SharpMUSH.Library/DiscriminatedUnions/Option.cs:11[90m
    at SharpMUSH.Library.Models.DBRef.Parse(String value) in /home/runner/work/SharpMUSH/SharpMUSH/SharpMUSH.Library/Models/DBref.cs:51[90m
    at SharpMUSH.Tests.TestIsolationHelpers.CreateTestThingAsync(IMUSHCodeParser parser, IConnectionService connectionService, String namePrefix) in /home/runner/work/SharpMUSH/SharpMUSH/SharpMUSH.Tests/TestIsolationHelpers.cs:78[90m
    at SharpMUSH.Tests.Commands.VerbCommandTests.VerbWithDefaultMessages() in /home/runner/work/SharpMUSH/SharpMUSH/SharpMUSH.Tests/Commands/VerbCommandTests.cs:22[90m
[m[31mfailed[m NotifyCommand [90m(21ms)[m
[31m  TUnit.Engine.Exceptions.TestFailedException: [Test Failure] ReceivedCallsException: Expected to receive a call matching:
  	Notify(any AnySharpObject, s => MessageContains(s, "Notified"), <null>, Announce)
  Actually received no matching calls.
  Received 1311 non-matching calls (non-matching arguments indicated with '*' characters):
  	Notify(SharpMUSH.Library.Models.SharpPlayer: SharpMUSH.Library.Models.SharpPlayer, *System.String: Invalid password.*, <null>, Announce)
  	Notify(SharpMUSH.Library.Models.SharpPlayer: SharpMUSH.Library.Models.SharpPlayer, *System.String: SHUTDOWN initiated.*, <null>, Announce)
  	Notify(SharpMUSH.Library.Models.SharpPlayer: SharpMUSH.Library.Models.SharpPlayer, *System.String: Note: SharpMUSH runs as a web application. Traditional shutdown is not applicable.*, <null>, Announce)
  	Notify(SharpMUSH.Library.Models.SharpPlayer: SharpMUSH.Library.Models.SharpPlayer, *System.String: In cloud/container deployments, use your orchestration tools to manage server lifecycle.*, <null>, Announce)
  	Notify(SharpMUSH.Library.Models.SharpPlayer: SharpMUSH.Library.Models.SharpPlayer, *System.String: Database state is preserved automatically. No explicit save is needed.*, <null>, Announce)
  	Notify(SharpMUSH.Library.Models.SharpPlayer: SharpMUSH.Library.Models.SharpPlayer, *System.String: You must specify an object to restart.*, <null>, Announce)
  	Notify(SharpMUSH.Library.Models.SharpPlayer: SharpMUSH.Library.Models.SharpPlayer, *System.String: Purge complete. 0 objects advanced to GOING_TWICE. 0 objects marked for final deletion.*, <null>, Announce)
  	Notify(SharpMUSH.Library.Models.SharpPlayer: SharpMUSH.Library.Models.SharpPlayer, *System.String: Note: Actual object deletion is handled by background garbage collection in SharpMUSH.*, <null>, Announce)
  	Notify(SharpMUSH.Library.Models.SharpPlayer: SharpMUSH.Library.Models.SharpPlayer, *System.String: I don't see that here.*, *SharpMUSH.Library.Models.SharpPlayer: SharpMUSH.Library.Models.SharpPlayer*, Announce)
  	Notify(SharpMUSH.Library.Models.SharpPlayer: SharpMUSH.Library.Models.SharpPlayer, *System.String: Reindexing text files...*, <null>, Announce)
  	Notify(SharpMUSH.Library.Models.SharpPlayer: SharpMUSH.Library.Models.SharpPlayer, *System.String: Text file cache rebuilt in 21ms.*, <null>, Announce)
  	Notify(SharpMUSH.Library.Models.SharpPlayer: SharpMUSH.Library.Models.SharpPlayer, *System.String: I don't see that here.*, *SharpMUSH.Library.Models.SharpPlayer: SharpMUSH.Library.Models.SharpPlayer*, Announce)
  	Notify(SharpMUSH.Library.Models.SharpPlayer: SharpMUSH.Library.Models.SharpPlayer, *System.String: I don't see that here.*, *SharpMUSH.Library.Models.SharpPlayer: SharpMUSH.Library.Models.SharpPlayer*, Announce)
  	Notify(SharpMUSH.Library.Models.SharpPlayer: SharpMUSH.Library.Models.SharpPlayer, *System.String: COMMANDS:
    ]
    @@
    @ALLHALT
    @ALLQUOTA
    @ASSERT
    @ATRCHOWN
    @ATRLOCK
    @ATTRIBUTE
    @BOOT
    @BREAK
    @CEMIT
    @CHANNEL
    @CHAT
    @CHOWN
    @CHOWNALL
    @CHZONE
    @CHZONEALL
    @CLIST
    @CLOCK
    @CLONE
    @COMMAND
    @CONFIG
    @CPATTR
    @CREATE
    @DBCK
    @DECOMPILE
    @DESTROY
    @DIG
    @DISABLE
    @DOLIST
    @DRAIN
    @DUMP
    @EDIT
    @ELOCK
    @EMIT
    @ENABLE
    @ENTRANCES
    @EUNLOCK
    @FIND
    @FIRSTEXIT
    @FLAG
    @FORCE
    @FUNCTION
    @GREP
    @HALT
    @HIDE
    @HOOK
    @HTTP
    @IFELSE
    @INCLUDE
    @KICK
    @LEMIT
    @LINK
    @LIST
    @LISTMOTD
    @LOCK
    @LOG
    @LOGWIPE
    @LSET
    @MAIL
    @MALIAS
    @MAP
    @MAPSQL
    @MESSAGE
    @MONIKER
    @MOTD
    @MVATTR
    @NAME
    @NEWPASSWORD
    @NOTIFY
    @NSCEMIT
    @NSEMIT
    @NSLEMIT
    @NSOEMIT
    @NSPEMIT
    @NSPROMPT
    @NSREMIT
    @NSZEMIT
    @NUKE
    @OEMIT
    @OPEN
    @PARENT
    @PASSWORD
    @PCREATE
    @PEMIT
    @POLL
    @POOR
    @POWER
    @PROMPT
    @PS
    @PURGE
    @QUOTA
    @READCACHE
    @RECYCLE
    @REJECTMOTD
    @REMIT
    @RESPOND
    @RESTART
    @RETRY
    @RWALL
    @SCAN
    @SEARCH
    @SELECT
    @SET
    @SHUTDOWN
    @SITELOCK
    @SKIP
    @SLAVE
    @SOCKSET
    @SQL
    @SQUOTA
    @STATS
    @SUGGEST
    @SWEEP
    @SWITCH
    @TELEPORT
    @TRIGGER
    @ULOCK
    @UNDESTROY
    @UNLINK
    @UNLOCK
    @UNRECYCLE
    @UPTIME
    @UUNLOCK
    @VERB
    @VERSION
    @WAIT
    @WALL
    @WARNINGS
    @WCHECK
    @WHEREIS
    @WIPE
    @WIZMOTD
    @WIZWALL
    @ZEMIT
    &
    ADDCOM
    AHELP
    ANEWS
    BRIEF
    BUY
    COMLIST
    COMTITLE
    CONNECT
    DELCOM
    DESERT
    DISMISS
    DOING
    DROP
    EMPTY
    ENTER
    EXAMINE
    FOLLOW
    GET
    GIVE
    GOTO
    HELP
    HOME
    HUH_COMMAND
    INVENTORY
    LEAVE
    LOOK
    NEWS
    PAGE
    POSE
    QUIT
    SAY
    SCORE
    SEMIPOSE
    SESSION
    TEACH
    THINK
    UNFOLLOW
    UNIMPLEMENTED_COMMAND
    USE
    WARN_ON_MISSING
    WHISPER
    WHO
    WITH*, <null>, Announce)
  	Notify(SharpMUSH.Library.Models.SharpPlayer: SharpMUSH.Library.Models.SharpPlayer, *System.String: LOCK TYPES:
    BASIC
    CHOWN
    CHZONE
    COMMAND
    CONTROL
    DESTROY
    DROP
    DROPIN
    DROPTO
    ENTER
    EXAMINE
    FILTER
    FOLLOW
    FORWARD
    FROM
    GIVE
    INFILTER
    INTERACT
    LEAVE
    LINK
    LISTEN
    MAIL
    MAILFORWARD
    OPEN
    PAGE
    PARENT
    PAY
    RECEIVE
    SPEECH
    TAKE
    TPORT
    USE
    ZONE*, <null>, Announce)
  	Notify(SharpMUSH.Library.Models.SharpPlayer: SharpMUSH.Library.Models.SharpPlayer, *System.String: OBJECT POWERS:
  NAME                 ALIAS              TYPE RESTRICTIONS
  -------------------- ------------------ -------------------
  Announce                                ROOM,PLAYER,EXIT,THING
  Boot                                    ROOM,PLAYER,EXIT,THING
  Builder                                 ROOM,PLAYER,EXIT,THING
  Can_Dark                                PLAYER
  Can_HTTP                                ROOM,PLAYER,EXIT,THING
  Can_Spoof                               ROOM,PLAYER,EXIT,THING
  Chat_Privs                              ROOM,PLAYER,EXIT,THING
  Debit                                   ROOM,PLAYER,EXIT,THING
  Functions                               ROOM,PLAYER,EXIT,THING
  Guest                                   ROOM,PLAYER,EXIT,THING
  Halt                                    ROOM,PLAYER,EXIT,THING
  Hide                                    ROOM,PLAYER,EXIT,THING
  Hook                                    ROOM,PLAYER,EXIT,THING
  Idle                                    ROOM,PLAYER,EXIT,THING
  Immortal                                ROOM,PLAYER,EXIT,THING
  Link_Anywhere                           ROOM,PLAYER,EXIT,THING
  Login                                   ROOM,PLAYER,EXIT,THING
  Long_Fingers                            ROOM,PLAYER,EXIT,THING
  Many_Attribs                            ROOM,PLAYER,EXIT,THING
  No_Pay                                  ROOM,PLAYER,EXIT,THING
  No_Quota                                ROOM,PLAYER,EXIT,THING
  Open_Anywhere                           ROOM,PLAYER,EXIT,THING
  Pemit_All                               ROOM,PLAYER,EXIT,THING
  Pick_DBRefs                             ROOM,PLAYER,EXIT,THING
  Player_Create                           ROOM,PLAYER,EXIT,THING
  Poll                                    ROOM,PLAYER,EXIT,THING
  Pueblo_Send                             ROOM,PLAYER,EXIT,THING
  Queue                                   ROOM,PLAYER,EXIT,THING
  Search                                  ROOM,PLAYER,EXIT,THING
  See_All                                 ROOM,PLAYER,EXIT,THING
  See_Queue                               ROOM,PLAYER,EXIT,THING
  See_OOB                                 ROOM,PLAYER,EXIT,THING
  SQL_OK                                  ROOM,PLAYER,EXIT,THING
  Tport_Anything                          ROOM,PLAYER,EXIT,THING
  Tport_Anywhere                          ROOM,PLAYER,EXIT,THING
  Unkillable                              ROOM,PLAYER,EXIT,THING*, <null>, Announce)
  	Notify(SharpMUSH.Library.Models.SharpPlayer: SharpMUSH.Library.Models.SharpPlayer, *System.String: Object Flags:
  name                 symbol type restrictions
  -------------------- ------ -------------------
  wizard               w      room,player,exit,thing
  abode                a      room
  ansi                 a      player
  chown_ok             c      room,player,thing
  color                c      player
  dark                 d      room,player,exit,thing
  fixed                f      player
  floating             f      room
  haven                h      player
  trust                i      room,player,exit,thing
  judge                j      player
  jump_ok              j      room
  link_ok              l      room,player,exit,thing
  monitor              m      room,player,thing
  no_leave             n      thing
  no_tel               n      room
  opaque               o      room,player,exit,thing
  quiet                q      room,player,exit,thing
  unfindable           u      room,player,exit,thing
  visual               v      room,player,exit,thing
  safe                 x      room,player,exit,thing
  shared               z      player
  z_tel                z      room,thing
  listen_parent        ^      player,thing,room
  noaccents            ~      player,thing,room
  unregistered         ?      player
  nospoof              "      room,player,exit,thing
  audible              a      room,player,exit,thing
  debug                b      room,player,exit,thing
  destroy_ok           d      thing
  enter_ok             e      room,player,exit,thing
  gagged               g      player
  halt                 h      room,player,exit,thing
  orphan               i      room,player,exit,thing
  jury_ok              j      player
  keepalive            k      player
  light                l      room,player,exit,thing
  mistrust             m      player,exit,thing
  mistrust             m      player,exit,thing
  no_command           n      room,player,exit,thing
  on_vacation          o      player
  puppet               p      thing
  royalty              r      room,player,exit,thing
  suspect              s      room,player,exit,thing
  transparent          t      room,player,exit,thing
  verbose              v      room,player,exit,thing
  no_warn              w      room,player,exit,thing
  cloudy               x      exit
  chan_usefirstmatch          room,player,exit,thing
  hear_connect                player
  heavy                       room,player,exit,thing
  loud                        player
  no_log                      player
  paranoid                    player
  track_money                 player
  xterm256                    player
  moniker                     room,player,exit,thing
  open_ok                     room
  going                g      room,player,exit,thing
  going_twice                 room,player,exit,thing*, <null>, Announce)
  	Notify(SharpMUSH.Library.Models.SharpPlayer: SharpMUSH.Library.Models.SharpPlayer, *System.String: You must specify what to list. Use one of: /MOTD /FUNCTIONS /COMMANDS /ATTRIBS /LOCKS /FLAGS /POWERS /ALLOCATIONS*, <null>, Announce)
  	Notify(SharpMUSH.Library.Models.SharpPlayer: SharpMUSH.Library.Models.SharpPlayer, *System.String: FUNCTIONS:
    @@
    abs
    accent
    accname
    acos
    add
    addrlog
    after
    alias
    align
    allof
    alphamax
    alphamin
    and
    andflags
    andlflags
    andlpowers
    ansi
    aposs
    art
    asin
    atan
    atan2
    atrlock
    attrib_set
    attrib_set#
    band
    baseconv
    beep
    before
    benchmark
    bnand
    bnot
    bor
    bound
    brackets
    bxor
    cand
    capstr
    case
    caseall
    cat
    cbuffer
    cbufferadd
    cdesc
    ceil
    cemit
    center
    cflags
    channels
    checkpass
    children
    chr
    CINFO
    clflags
    clock
    clone
    cmds
    cmogrifier
    cmsgs
    cnand
    colors
    comp
    con
    cond
    condall
    CONFIG
    conn
    connlog
    connrecord
    controls
    CONVSECS
    CONVTIME
    CONVUTCSECS
    CONVUTCTIME
    cor
    cos
    cowner
    create
    crecall
    csecs
    cstatus
    ctime
    ctitle
    ctu
    cusers
    cwho
    dec
    decode64
    decompose
    decomposeweb
    decrypt
    default
    DELETE
    die
    dig
    digest
    dist2d
    dist3d
    div
    doing
    downmotd
    e
    edefault
    edit
    elements
    elist
    elock
    emit
    encode64
    encrypt
    endtag
    entrances
    eq
    escape
    etime
    etimefmt
    eval
    exit
    extract
    fdiv
    filter
    filterbool
    findable
    first
    firstof
    flags
    flip
    floor
    floordiv
    fmod
    fn
    fold
    folderstats
    followers
    following
    foreach
    formdecode
    fraction
    fullalias
    fullmotd
    fullname
    functions
    get
    get_eval
    getpids
    grab
    graball
    grep
    grepi
    gt
    gte
    hasattr
    hasattrp
    hasattrpval
    hasattrval
    hasflag
    haspower
    hastype
    height
    hidden
    hmac
    home
    host
    html
    ibreak
    idle
    IDLESECS
    if
    ifelse
    ilev
    iname
    inc
    index
    INSERT
    inum
    ipaddr
    isdaylight
    isdbref
    isint
    isjson
    isnum
    isobjid
    isregexp
    isword
    itemize
    items
    iter
    itext
    json
    json_map
    json_mod
    json_query
    lalign
    last
    lattr
    lattrp
    lcon
    lcstr
    LCSTR2
    ldelete
    left
    lemit
    letq
    lexits
    lflags
    link
    linsert
    list
    listq
    lit
    ljust
    llockflags
    llocks
    lmath
    ln
    lnum
    loc
    localize
    locate
    lock
    lockfilter
    lockflags
    lockowner
    locks
    log
    lparent
    lpids
    lplayers
    lports
    lpos
    lreplace
    lsearch
    lsearchr
    lset
    lstats
    lt
    lte
    lthings
    lvcon
    lvexits
    lvplayers
    lvthings
    lwho
    lwhoid
    mail
    maildstats
    mailfrom
    mailfstats
    maillist
    mailsend
    mailstats
    mailstatus
    mailsubject
    mailtime
    malias
    map
    mapsql
    match
    matchall
    max
    mean
    median
    member
    merge
    message
    mid
    min
    mix
    modulo
    money
    moniker
    motd
    msecs
    mtime
    mudname
    mudurl
    mul
    munge
    mwho
    mwhoid
    name
    namegrab
    namegraball
    namelist
    nand
    nattr
    nattrp
    ncand
    nchildren
    ncon
    ncond
    ncondall
    ncor
    nearby
    neq
    nexits
    next
    nextdbref
    nlsearch
    nmwho
    nor
    not
    nplayers
    nscemit
    nsearch
    nsemit
    nslemit
    nsoemit
    nspemit
    nsprompt
    nsremit
    nszemit
    nthings
    null
    num
    numversion
    nvcon
    nvexits
    nvplayers
    nvthings
    nwho
    obj
    objeval
    objid
    objmem
    oemit
    oob
    open
    or
    ord
    ORDINAL
    orflags
    orlflags
    orlpowers
    owner
    parent
    pcreate
    pemit
    pfun
    pgrep
    pi
    pidinfo
    player
    playermem
    pmatch
    poll
    ports
    pos
    poss
    power
    powers
    prompt
    pueblo
    quota
    r
    rand
    randextract
    randword
    recv
    regedit
    regeditall
    regeditalli
    regediti
    registers
    reglattr
    reglattrp
    reglmatch
    reglmatchall
    reglmatchalli
    reglmatchi
    regmatch
    regmatchalli
    regmatchi
    regnattr
    regnattrp
    regrab
    regraball
    regraballi
    regrabi
    regrep
    regrepi
    REGREPLACE
    regxattr
    regxattrp
    remainder
    remit
    remove
    render
    rendermarkdown
    rendermarkdowncustom
    repeat
    rest
    restarts
    restarttime
    reswitch
    reswitchall
    reswitchalli
    reswitchi
    revwords
    right
    rjust
    rloc
    RNUM
    room
    root
    round
    s
    scan
    scramble
    secs
    secscalc
    secure
    sent
    set
    setdiff
    setinter
    setq
    setr
    setsymdiff
    setunion
    SHA0
    shl
    shr
    shuffle
    sign
    sin
    slev
    sort
    sortby
    sortkey
    soundex
    soundslike
    space
    speak
    spellnum
    splice
    sql
    sqlescape
    sqrt
    squish
    ssl
    starttime
    stddev
    step
    stext
    strallof
    strcat
    strdelete
    strfirstof
    stringsecs
    strinsert
    stripaccents
    stripansi
    strlen
    strmatch
    strreplace
    sub
    subj
    suggest
    switch
    switchall
    t
    table
    tag
    tagwrap
    tan
    tel
    terminfo
    testlock
    textentries
    textfile
    textsearch
    time
    timecalc
    timefmt
    timestring
    tr
    trim
    trimpenn
    trimtiny
    trunc
    type
    ucstr
    UCSTR2
    udefault
    ufun
    ulambda
    uldefault
    ulocal
    unique
    unsetq
    uptime
    urldecode
    urlencode
    utctime
    v
    vadd
    valid
    vcross
    vdim
    vdot
    version
    visible
    vmag
    vmax
    vmin
    vmul
    vsub
    vunit
    WEBSOCKET_HTML
    WEBSOCKET_JSON
    where
    width
    wildgrep
    wildgrepi
    wipe
    wizmotd
    wordpos
    words
    wrap
    wshtml
    wsjson
    xattr
    xattrp
    xcon
    xexits
    xget
    xmwho
    xmwhoid
    xor
    xplayers
    xthings
    xvcon
    xvexits
    xvplayers
    xvthings
    xwho
    xwhoid
    zemit
    zfind
    zfun
    zmwho
    zone
    zwho*, <null>, Announce)
  	Notify(SharpMUSH.Library.Models.SharpPlayer: SharpMUSH.Library.Models.SharpPlayer, *System.String: Current Message of the Day settings:*, <null>, Announce)
  	Notify(SharpMUSH.Library.Models.SharpPlayer: SharpMUSH.Library.Models.SharpPlayer, *System.String:   Connect MOTD File: txt/motd.txt*, <null>, Announce)
  	Notify(SharpMUSH.Library.Models.SharpPlayer: SharpMUSH.Library.Models.SharpPlayer, *System.String:   Connect MOTD HTML: txt/motd.html*, <null>, Announce)
  	Notify(SharpMUSH.Library.Models.SharpPlayer: SharpMUSH.Library.Models.SharpPlayer, *System.String:   Wizard MOTD File: txt/wizmotd.txt*, <null>, Announce)
  	Notify(SharpMUSH.Library.Models.SharpPlayer: SharpMUSH.Library.Models.SharpPlayer, *System.String:   Wizard MOTD HTML: txt/wizmotd.html*, <null>, Announce)
  	Notify(SharpMUSH.Library.Models.SharpPlayer: SharpMUSH.Library.Models.SharpPlayer, *System.String: STANDARD ATTRIBUTES:
    AAHEAR
    ABUY
    ACLONE
    ACONNECT
    ADEATH
    ADESCRIBE
    ADESTROY
    ADISCONNECT
    ADROP
    AEFAIL
    AENTER
    AFAILURE
    AFOLLOW
    AGIVE
    AHEAR
    AIDESCRIBE
    ALEAVE
    ALFAIL
    ALIAS
    AMAIL
    AMHEAR
    AMOVE
    ANAME
    APAYMENT
    ARECEIVE
    ASUCCESS
    ATPORT
    AUFAIL
    AUNFOLLOW
    AUSE
    AWAY
    AZENTER
    AZLEAVE
    BUY
    CHANALIAS
    CHARGES
    CHATFORMAT
    COMMENT
    CONFORMAT
    COST
    DEATH
    DEBUGFORWARDLIST
    DESCFORMAT
    DESCRIBE
    DESTINATION
    DOING
    DROP
    EALIAS
    EFAIL
    ENTER
    EXITFORMAT
    EXITTO
    FAILURE
    FILTER
    FOLLOW
    FOLLOWERS
    FOLLOWING
    FORWARDLIST
    GIVE
    HAVEN
    IDESCFORMAT
    IDESCRIBE
    IDLE
    INFILTER
    INPREFIX
    INVFORMAT
    LALIAS
    LAST
    LASTFAILED
    LASTIP
    LASTLOGOUT
    LASTPAGED
    LASTSITE
    LEAVE
    LFAIL
    LISTEN
    MAILCURF
    MAILFILTER
    MAILFILTERS
    MAILFOLDERS
    MAILFORWARDLIST
    MAILQUOTA
    MAILSIGNATURE
    MONIKER
    MOVE
    NAMEACCENT
    NAMEFORMAT
    OBUY
    ODEATH
    ODESCRIBE
    ODROP
    OEFAIL
    OENTER
    OFAILURE
    OFOLLOW
    OGIVE
    OIDESCRIBE
    OLEAVE
    OLFAIL
    OMOVE
    ONAME
    OPAYMENT
    ORECEIVE
    OSUCCESS
    OTPORT
    OUFAIL
    OUNFOLLOW
    OUSE
    OUTPAGEFORMAT
    OXENTER
    OXLEAVE
    OXMOVE
    OXTPORT
    OZENTER
    OZLEAVE
    PAGEFORMAT
    PAYMENT
    PREFIX
    PRICELIST
    QUEUE
    RECEIVE
    REGISTERED_EMAIL
    RQUOTA
    RUNOUT
    SEMAPHORE
    SEX
    SPEECHMOD
    STARTUP
    SUCCESS
    TFPREFIX
    TPORT
    TZ
    UFAIL
    UNFOLLOW
    USE
    VA
    VB
    VC
    VD
    VE
    VF
    VG
    VH
    VI
    VJ
    VK
    VL
    VM
    VN
    VO
    VP
    VQ
    VR
    VRML_URL
    VS
    VT
    VU
    VV
    VW
    VX
    VY
    VZ
    WA
    WB
    WC
    WD
    WE
    WF
    WG
    WH
    WI
    WJ
    WK
    WL
    WM
    WN
    WO
    WP
    WQ
    WR
    WS
    WT
    WU
    WV
    WW
    WX
    WY
    WZ
    XA
    XB
    XC
    XD
    XE
    XF
    XG
    XH
    XI
    XJ
    XK
    XL
    XM
    XN
    XO
    XP
    XQ
    XR
    XS
    XT
    XU
    XV
    XW
    XX
    XY
    XZ
    ZENTER*, <null>, Announce)
  	Notify(SharpMUSH.Library.Models.SharpPlayer: SharpMUSH.Library.Models.SharpPlayer, *System.String: OBJECT FLAGS:
  NAME                 SYMBOL TYPE RESTRICTIONS
  -------------------- ------ -------------------
  WIZARD               W      ROOM,PLAYER,EXIT,THING
  ABODE                A      ROOM
  ANSI                 A      PLAYER
  CHOWN_OK             C      ROOM,PLAYER,THING
  COLOR                C      PLAYER
  DARK                 D      ROOM,PLAYER,EXIT,THING
  FIXED                F      PLAYER
  FLOATING             F      ROOM
  HAVEN                H      PLAYER
  TRUST                I      ROOM,PLAYER,EXIT,THING
  JUDGE                J      PLAYER
  JUMP_OK              J      ROOM
  LINK_OK              L      ROOM,PLAYER,EXIT,THING
  MONITOR              M      ROOM,PLAYER,THING
  NO_LEAVE             N      THING
  NO_TEL               N      ROOM
  OPAQUE               O      ROOM,PLAYER,EXIT,THING
  QUIET                Q      ROOM,PLAYER,EXIT,THING
  UNFINDABLE           U      ROOM,PLAYER,EXIT,THING
  VISUAL               V      ROOM,PLAYER,EXIT,THING
  SAFE                 X      ROOM,PLAYER,EXIT,THING
  SHARED               Z      PLAYER
  Z_TEL                Z      ROOM,THING
  LISTEN_PARENT        ^      PLAYER,THING,ROOM
  NOACCENTS            ~      PLAYER,THING,ROOM
  UNREGISTERED         ?      PLAYER
  NOSPOOF              "      ROOM,PLAYER,EXIT,THING
  AUDIBLE              a      ROOM,PLAYER,EXIT,THING
  DEBUG                b      ROOM,PLAYER,EXIT,THING
  DESTROY_OK           d      THING
  ENTER_OK             e      ROOM,PLAYER,EXIT,THING
  GAGGED               g      PLAYER
  HALT                 h      ROOM,PLAYER,EXIT,THING
  ORPHAN               i      ROOM,PLAYER,EXIT,THING
  JURY_OK              j      PLAYER
  KEEPALIVE            k      PLAYER
  LIGHT                l      ROOM,PLAYER,EXIT,THING
  MISTRUST             m      PLAYER,EXIT,THING
  MISTRUST             m      PLAYER,EXIT,THING
  NO_COMMAND           n      ROOM,PLAYER,EXIT,THING
  ON_VACATION          o      PLAYER
  PUPPET               P      THING
  ROYALTY              r      ROOM,PLAYER,EXIT,THING
  SUSPECT              s      ROOM,PLAYER,EXIT,THING
  TRANSPARENT          t      ROOM,PLAYER,EXIT,THING
  VERBOSE              v      ROOM,PLAYER,EXIT,THING
  NO_WARN              w      ROOM,PLAYER,EXIT,THING
  CLOUDY               x      EXIT
  CHAN_USEFIRSTMATCH          ROOM,PLAYER,EXIT,THING
  HEAR_CONNECT                PLAYER
  HEAVY                       ROOM,PLAYER,EXIT,THING
  LOUD                        PLAYER
  NO_LOG                      PLAYER
  PARANOID                    PLAYER
  TRACK_MONEY                 PLAYER
  XTERM256                    PLAYER
  MONIKER                     ROOM,PLAYER,EXIT,THING
  OPEN_OK                     ROOM
  GOING                g      ROOM,PLAYER,EXIT,THING
  GOING_TWICE                 ROOM,PLAYER,EXIT,THING*, <null>, Announce)
  	Notify(SharpMUSH.Library.Models.SharpPlayer: SharpMUSH.Library.Models.SharpPlayer, *System.String: You have no channel aliases.*, <null>, Announce)
  	Notify(SharpMUSH.Library.Models.SharpPlayer: SharpMUSH.Library.Models.SharpPlayer, *MarkupString.MarkupStringModule+MarkupString: <TestCommandChannel> ChatCommand: Test message*, *SharpMUSH.Library.Models.SharpPlayer: SharpMUSH.Library.Models.SharpPlayer*, *Emit*)
  	Notify(SharpMUSH.Library.Models.SharpPlayer: SharpMUSH.Library.Models.SharpPlayer, *MarkupString.MarkupStringModule+MarkupString: <TestCommandChannel> ChatCommand: Test message*, *SharpMUSH.Library.Models.SharpPlayer: SharpMUSH.Library.Models.SharpPlayer*, *Emit*)
  	Notify(SharpMUSH.Library.Models.SharpPlayer: SharpMUSH.Library.Models.SharpPlayer, *MarkupString.MarkupStringModule+MarkupString: <TestCommandChannel> ChatCommand: Test message*, *SharpMUSH.Library.Models.SharpPlayer: SharpMUSH.Library.Models.SharpPlayer*, *Emit*)
  	Notify(SharpMUSH.Library.Models.SharpPlayer: SharpMUSH.Library.Models.SharpPlayer, *System.String: Alias 'TestCommandChannel' not found.*, <null>, Announce)
  	Notify(SharpMUSH.Library.Models.SharpPlayer: SharpMUSH.Library.Models.SharpPlayer, *MarkupString.MarkupStringModule+MarkupString: <TestCommandChannel> God says, "NscemitCommand: Test message"*, *SharpMUSH.Library.Models.SharpPlayer: SharpMUSH.Library.Models.SharpPlayer*, *NSEmit*)
  	Notify(SharpMUSH.Library.Models.SharpPlayer: SharpMUSH.Library.Models.SharpPlayer, *MarkupString.MarkupStringModule+MarkupString: <TestCommandChannel> God says, "NscemitCommand: Test message"*, *SharpMUSH.Library.Models.SharpPlayer: SharpMUSH.Library.Models.SharpPlayer*, *NSEmit*)
  	Notify(SharpMUSH.Library.Models.SharpPlayer: SharpMUSH.Library.Models.SharpPlayer, *MarkupString.MarkupStringModule+MarkupString: <TestCommandChannel> God says, "NscemitCommand: Test message"*, *SharpMUSH.Library.Models.SharpPlayer: SharpMUSH.Library.Models.SharpPlayer*, *NSEmit*)
  	Notify(SharpMUSH.Library.Models.SharpPlayer: SharpMUSH.Library.Models.SharpPlayer, *MarkupString.MarkupStringModule+MarkupString: <TestCommandChannel> God says, "NscemitCommand: Test message"*, *SharpMUSH.Library.Models.SharpPlayer: SharpMUSH.Library.Models.SharpPlayer*, *NSEmit*)
  	Notify(SharpMUSH.Library.Models.SharpPlayer: SharpMUSH.Library.Models.SharpPlayer, *MarkupString.MarkupStringModule+MarkupString: <TestCommandChannel> God says, "NscemitCommand: Test message"*, *SharpMUSH.Library.Models.SharpPlayer: SharpMUSH.Library.Models.SharpPlayer*, *NSEmit*)
  	Notify(SharpMUSH.Library.Models.SharpPlayer: SharpMUSH.Library.Models.SharpPlayer, *MarkupString.MarkupStringModule+MarkupString: <TestCommandChannel> God says, "NscemitCommand: Test message"*, *SharpMUSH.Library.Models.SharpPlayer: SharpMUSH.Library.Models.SharpPlayer*, *NSEmit*)
  	Notify(SharpMUSH.Library.Models.SharpPlayer: SharpMUSH.Library.Models.SharpPlayer, *MarkupString.MarkupStringModule+MarkupString: <TestCommandChannel> God says, "NscemitCommand: Test message"*, *SharpMUSH.Library.Models.SharpPlayer: SharpMUSH.Library.Models.SharpPlayer*, *NSEmit*)
  	Notify(SharpMUSH.Library.Models.SharpPlayer: SharpMUSH.Library.Models.SharpPlayer, *System.String: Channel not found.*, <null>, Announce)
  	Notify(SharpMUSH.Library.Models.SharpPlayer: SharpMUSH.Library.Models.SharpPlayer, *MarkupString.MarkupStringModule+MarkupString: <TestCommandChannel> CemitCommand: Test message*, *SharpMUSH.Library.Models.SharpPlayer: SharpMUSH.Library.Models.SharpPlayer*, *Emit*)
  	Notify(SharpMUSH.Library.Models.SharpPlayer: SharpMUSH.Library.Models.SharpPlayer, *MarkupString.MarkupStringModule+MarkupString: <TestCommandChannel> CemitCommand: Test message*, *SharpMUSH.Library.Models.SharpPlayer: SharpMUSH.Library.Models.SharpPlayer*, *Emit*)
  	Notify(SharpMUSH.Library.Models.SharpPlayer: SharpMUSH.Library.Models.SharpPlayer, *MarkupString.MarkupStringModule+MarkupString: <TestCommandChannel> CemitCommand: Test message*, *SharpMUSH.Library.Models.SharpPlayer: SharpMUSH.Library.Models.SharpPlayer*, *Emit*)
  	Notify(SharpMUSH.Library.Models.SharpPlayer: SharpMUSH.Library.Models.SharpPlayer, *MarkupString.MarkupStringModule+MarkupString: <TestCommandChannel> CemitCommand: Test message*, *SharpMUSH.Library.Models.SharpPlayer: SharpMUSH.Library.Models.SharpPlayer*, *Emit*)
  	Notify(SharpMUSH.Library.Models.SharpPlayer: SharpMUSH.Library.Models.SharpPlayer, *MarkupString.MarkupStringModule+MarkupString: <TestCommandChannel> CemitCommand: Test message*, *SharpMUSH.Library.Models.SharpPlayer: SharpMUSH.Library.Models.SharpPlayer*, *Emit*)
  	Notify(SharpMUSH.Library.Models.SharpPlayer: SharpMUSH.Library.Models.SharpPlayer, *MarkupString.MarkupStringModule+MarkupString: <TestCommandChannel> CemitCommand: Test message*, *SharpMUSH.Library.Models.SharpPlayer: SharpMUSH.Library.Models.SharpPlayer*, *Emit*)
  	Notify(SharpMUSH.Library.Models.SharpPlayer: SharpMUSH.Library.Models.SharpPlayer, *MarkupString.MarkupStringModule+MarkupString: <TestCommandChannel> CemitCommand: Test message*, *SharpMUSH.Library.Models.SharpPlayer: SharpMUSH.Library.Models.SharpPlayer*, *Emit*)
  	Notify(SharpMUSH.Library.Models.SharpPlayer: SharpMUSH.Library.Models.SharpPlayer, *MarkupString.MarkupStringModule+MarkupString: <TestCommandChannel> CemitCommand: Test message*, *SharpMUSH.Library.Models.SharpPlayer: SharpMUSH.Library.Models.SharpPlayer*, *Emit*)
  	Notify(SharpMUSH.Library.Models.SharpPlayer: SharpMUSH.Library.Models.SharpPlayer, *MarkupString.MarkupStringModule+MarkupString: <TestCommandChannel> CemitCommand: Test message*, *SharpMUSH.Library.Models.SharpPlayer: SharpMUSH.Library.Models.SharpPlayer*, *Emit*)
  	Notify(SharpMUSH.Library.Models.SharpPlayer: SharpMUSH.Library.Models.SharpPlayer, *System.String: Alias 'pub' not found.*, <null>, Announce)
  	Notify(SharpMUSH.Library.Models.SharpPlayer: SharpMUSH.Library.Models.SharpPlayer, *System.String: *, <null>, Announce)
  	Notify(SharpMUSH.Library.Models.SharpPlayer: SharpMUSH.Library.Models.SharpPlayer, *System.String: -1*, <null>, Announce)
  	Notify(SharpMUSH.Library.Models.SharpPlayer: SharpMUSH.Library.Models.SharpPlayer, *System.String: -1*, <null>, Announce)
  	Notify(SharpMUSH.Library.Models.SharpPlayer: SharpMUSH.Library.Models.SharpPlayer, *System.String: -1*, <null>, Announce)
  	Notify(SharpMUSH.Library.Models.SharpPlayer: SharpMUSH.Library.Models.SharpPlayer, *System.String: -1*, <null>, Announce)
  	Notify(SharpMUSH.Library.Models.SharpPlayer: SharpMUSH.Library.Models.SharpPlayer, *System.String: -1*, <null>, Announce)
  	Notify(SharpMUSH.Library.Models.SharpPlayer: SharpMUSH.Library.Models.SharpPlayer, *System.String: -1*, <null>, Announce)
  	Notify(SharpMUSH.Library.Models.SharpPlayer: SharpMUSH.Library.Models.SharpPlayer, *System.String: -1*, <null>, Announce)
  	Notify(SharpMUSH.Library.Models.SharpPlayer: SharpMUSH.Library.Models.SharpPlayer, *System.String: -1*, <null>, Announce)
  	Notify(SharpMUSH.Library.Models.SharpPlayer: SharpMUSH.Library.Models.SharpPlayer, *System.String: -1*, <null>, Announce)
  	Notify(SharpMUSH.Library.Models.SharpPlayer: SharpMUSH.Library.Models.SharpPlayer, *System.String: -1*, <null>, Announce)
  	Notify(SharpMUSH.Library.Models.SharpPlayer: SharpMUSH.Library.Models.SharpPlayer, *System.String: -1*, <null>, Announce)
  	Notify(SharpMUSH.Library.Models.SharpPlayer: SharpMUSH.Library.Models.SharpPlayer, *System.String: -1*, <null>, Announce)
  	Notify(SharpMUSH.Library.Models.SharpPlayer: SharpMUSH.Library.Models.SharpPlayer, *System.String: -1*, <null>, Announce)
  	Notify(SharpMUSH.Library.Models.SharpPlayer: SharpMUSH.Library.Models.SharpPlayer, *System.String: -1*, <null>, Announce)
  	Notify(SharpMUSH.Library.Models.SharpPlayer: SharpMUSH.Library.Models.SharpPlayer, *System.String: -1*, <null>, Announce)
  	Notify(SharpMUSH.Library.Models.SharpPlayer: SharpMUSH.Library.Models.SharpPlayer, *System.String: -1*, <null>, Announce)
  	Notify(SharpMUSH.Library.Models.SharpPlayer: SharpMUSH.Library.Models.SharpPlayer, *System.String: -1*, <null>, Announce)
  	Notify(SharpMUSH.Library.Models.SharpPlayer: SharpMUSH.Library.Models.SharpPlayer, *System.String: -1*, <null>, Announce)
  	Notify(SharpMUSH.Library.Models.SharpPlayer: SharpMUSH.Library.Models.SharpPlayer, *System.String: -1*, <null>, Announce)
  	Notify(SharpMUSH.Library.Models.SharpPlayer: SharpMUSH.Library.Models.SharpPlayer, *System.String: -1*, <null>, Announce)
  	Notify(SharpMUSH.Library.Models.SharpPlayer: SharpMUSH.Library.Models.SharpPlayer, *System.String: -1*, <null>, Announce)
  	Notify(SharpMUSH.Library.Models.SharpPlayer: SharpMUSH.Library.Models.SharpPlayer, *System.String: -1*, <null>, Announce)
  	Notify(SharpMUSH.Library.Models.SharpPlayer: SharpMUSH.Library.Models.SharpPlayer, *System.String: -1*, <null>, Announce)
  	Notify(SharpMUSH.Library.Models.SharpPlayer: SharpMUSH.Library.Models.SharpPlayer, *System.String: -1*, <null>, Announce)
  	Notify(SharpMUSH.Library.Models.SharpPlayer: SharpMUSH.Library.Models.SharpPlayer, *System.String: -1*, <null>, Announce)
  	Notify(SharpMUSH.Library.Models.SharpPlayer: SharpMUSH.Library.Models.SharpPlayer, *System.String: -1*, <null>, Announce)
  	Notify(SharpMUSH.Library.Models.SharpPlayer: SharpMUSH.Library.Models.SharpPlayer, *System.String: -1*, <null>, Announce)
  	Notify(SharpMUSH.Library.Models.SharpPlayer: SharpMUSH.Library.Models.SharpPlayer, *System.String: -1*, <null>, Announce)
  	Notify(SharpMUSH.Library.Models.SharpPlayer: SharpMUSH.Library.Models.SharpPlayer, *System.String: -1*, <null>, Announce)
  	Notify(SharpMUSH.Library.Models.SharpPlayer: SharpMUSH.Library.Models.SharpPlayer, *System.String: -1*, <null>, Announce)
  	Notify(SharpMUSH.Library.Models.SharpPlayer: SharpMUSH.Library.Models.SharpPlayer, *System.String: -1*, <null>, Announce)
  	Notify(SharpMUSH.Library.Models.SharpPlayer: SharpMUSH.Library.Models.SharpPlayer, *System.String: -1*, <null>, Announce)
  	Notify(SharpMUSH.Library.Models.SharpPlayer: SharpMUSH.Library.Models.SharpPlayer, *System.String: -1*, <null>, Announce)
  	Notify(SharpMUSH.Library.Models.SharpPlayer: SharpMUSH.Library.Models.SharpPlayer, *System.String: -1*, <null>, Announce)
  	Notify(SharpMUSH.Library.Models.SharpPlayer: SharpMUSH.Library.Models.SharpPlayer, *System.String: -1*, <null>, Announce)
  	Notify(SharpMUSH.Library.Models.SharpPlayer: SharpMUSH.Library.Models.SharpPlayer, *System.String: -1*, <null>, Announce)
  	Notify(SharpMUSH.Library.Models.SharpPlayer: SharpMUSH.Library.Models.SharpPlayer, *System.String: -1*, <null>, Announce)
  	Notify(SharpMUSH.Library.Models.SharpPlayer: SharpMUSH.Library.Models.SharpPlayer, *System.String: -1*, <null>, Announce)
  	Notify(SharpMUSH.Library.Models.SharpPlayer: SharpMUSH.Library.Models.SharpPlayer, *System.String: -1*, <null>, Announce)
  	Notify(SharpMUSH.Library.Models.SharpPlayer: SharpMUSH.Library.Models.SharpPlayer, *System.String: -1*, <null>, Announce)
  	Notify(SharpMUSH.Library.Models.SharpPlayer: SharpMUSH.Library.Models.SharpPlayer, *System.String: -1*, <null>, Announce)
  	Notify(SharpMUSH.Library.Models.SharpPlayer: SharpMUSH.Library.Models.SharpPlayer, *System.String: -1*, <null>, Announce)
  	Notify(SharpMUSH.Library.Models.SharpPlayer: SharpMUSH.Library.Models.SharpPlayer, *System.String: -1*, <null>, Announce)
  	Notify(SharpMUSH.Library.Models.SharpPlayer: SharpMUSH.Library.Models.SharpPlayer, *System.String: -1*, <null>, Announce)
  	Notify(SharpMUSH.Library.Models.SharpPlayer: SharpMUSH.Library.Models.SharpPlayer, *System.String: -1*, <null>, Announce)
  	Notify(SharpMUSH.Library.Models.SharpPlayer: SharpMUSH.Library.Models.SharpPlayer, *System.String: -1*, <null>, Announce)
  	Notify(SharpMUSH.Library.Models.SharpPlayer: SharpMUSH.Library.Models.SharpPlayer, *System.String: -1*, <null>, Announce)
  	Notify(SharpMUSH.Library.Models.SharpPlayer: SharpMUSH.Library.Models.SharpPlayer, *System.String: -1*, <null>, Announce)
  	Notify(SharpMUSH.Library.Models.SharpPlayer: SharpMUSH.Library.Models.SharpPlayer, *System.String: -1*, <null>, Announce)
  	Notify(SharpMUSH.Library.Models.SharpPlayer: SharpMUSH.Library.Models.SharpPlayer, *System.String: -1*, <null>, Announce)
  	Notify(SharpMUSH.Library.Models.SharpPlayer: SharpMUSH.Library.Models.SharpPlayer, *System.String: -1*, <null>, Announce)
  	Notify(SharpMUSH.Library.Models.SharpPlayer: SharpMUSH.Library.Models.SharpPlayer, *System.String: -1*, <null>, Announce)
  	Notify(SharpMUSH.Library.Models.SharpPlayer: SharpMUSH.Library.Models.SharpPlayer, *System.String: -1*, <null>, Announce)
  	Notify(SharpMUSH.Library.Models.SharpPlayer: SharpMUSH.Library.Models.SharpPlayer, *System.String: -1*, <null>, Announce)
  	Notify(SharpMUSH.Library.Models.SharpPlayer: SharpMUSH.Library.Models.SharpPlayer, *System.String: -1*, <null>, Announce)
  	Notify(SharpMUSH.Library.Models.SharpPlayer: SharpMUSH.Library.Models.SharpPlayer, *System.String: -1*, <null>, Announce)
  	Notify(SharpMUSH.Library.Models.SharpPlayer: SharpMUSH.Library.Models.SharpPlayer, *System.String: -1*, <null>, Announce)
  	Notify(SharpMUSH.Library.Models.SharpPlayer: SharpMUSH.Library.Models.SharpPlayer, *System.String: -1*, <null>, Announce)
  	Notify(SharpMUSH.Library.Models.SharpPlayer: SharpMUSH.Library.Models.SharpPlayer, *System.String: -1*, <null>, Announce)
  	Notify(SharpMUSH.Library.Models.SharpPlayer: SharpMUSH.Library.Models.SharpPlayer, *System.String: -1*, <null>, Announce)
  	Notify(SharpMUSH.Library.Models.SharpPlayer: SharpMUSH.Library.Models.SharpPlayer, *System.String: -1*, <null>, Announce)
  	Notify(SharpMUSH.Library.Models.SharpPlayer: SharpMUSH.Library.Models.SharpPlayer, *System.String: -1*, <null>, Announce)
  	Notify(SharpMUSH.Library.Models.SharpPlayer: SharpMUSH.Library.Models.SharpPlayer, *System.String: -1*, <null>, Announce)
  	Notify(SharpMUSH.Library.Models.SharpPlayer: SharpMUSH.Library.Models.SharpPlayer, *System.String: -1*, <null>, Announce)
  	Notify(SharpMUSH.Library.Models.SharpPlayer: SharpMUSH.Library.Models.SharpPlayer, *System.String: -1*, <null>, Announce)
  	Notify(SharpMUSH.Library.Models.SharpPlayer: SharpMUSH.Library.Models.SharpPlayer, *System.String: -1*, <null>, Announce)
  	Notify(SharpMUSH.Library.Models.SharpPlayer: SharpMUSH.Library.Models.SharpPlayer, *System.String: -1*, <null>, Announce)
  	Notify(SharpMUSH.Library.Models.SharpPlayer: SharpMUSH.Library.Models.SharpPlayer, *System.String: -1*, <null>, Announce)
  	Notify(SharpMUSH.Library.Models.SharpPlayer: SharpMUSH.Library.Models.SharpPlayer, *System.String: -1*, <null>, Announce)
  	Notify(SharpMUSH.Library.Models.SharpPlayer: SharpMUSH.Library.Models.SharpPlayer, *System.String: -1*, <null>, Announce)
  	Notify(SharpMUSH.Library.Models.SharpPlayer: SharpMUSH.Library.Models.SharpPlayer, *System.String: -1*, <null>, Announce)
  	Notify(SharpMUSH.Library.Models.SharpPlayer: SharpMUSH.Library.Models.SharpPlayer, *System.String: -1*, <null>, Announce)
  	Notify(SharpMUSH.Library.Models.SharpPlayer: SharpMUSH.Library.Models.SharpPlayer, *System.String: -1*, <null>, Announce)
  	Notify(SharpMUSH.Library.Models.SharpPlayer: SharpMUSH.Library.Models.SharpPlayer, *System.String: -1*, <null>, Announce)
  	Notify(SharpMUSH.Library.Models.SharpPlayer: SharpMUSH.Library.Models.SharpPlayer, *System.String: -1*, <null>, Announce)
  	Notify(SharpMUSH.Library.Models.SharpPlayer: SharpMUSH.Library.Models.SharpPlayer, *System.String: -1*, <null>, Announce)
  	Notify(SharpMUSH.Library.Models.SharpPlayer: SharpMUSH.Library.Models.SharpPlayer, *System.String: -1*, <null>, Announce)
  	Notify(SharpMUSH.Library.Models.SharpPlayer: SharpMUSH.Library.Models.SharpPlayer, *System.String: -1*, <null>, Announce)
  	Notify(SharpMUSH.Library.Models.SharpPlayer: SharpMUSH.Library.Models.SharpPlayer, *System.String: -1*, <null>, Announce)
  	Notify(SharpMUSH.Library.Models.SharpPlayer: SharpMUSH.Library.Models.SharpPlayer, *System.String: -1*, <null>, Announce)
  	Notify(SharpMUSH.Library.Models.SharpPlayer: SharpMUSH.Library.Models.SharpPlayer, *System.String: -1*, <null>, Announce)
  	Notify(SharpMUSH.Library.Models.SharpPlayer: SharpMUSH.Library.Models.SharpPlayer, *System.String: -1*, <null>, Announce)
  	Notify(SharpMUSH.Library.Models.SharpPlayer: SharpMUSH.Library.Models.SharpPlayer, *System.String: -1*, <null>, Announce)
  	Notify(SharpMUSH.Library.Models.SharpPlayer: SharpMUSH.Library.Models.SharpPlayer, *System.String: -1*, <null>, Announce)
  	Notify(SharpMUSH.Library.Models.SharpPlayer: SharpMUSH.Library.Models.SharpPlayer, *System.String: -1*, <null>, Announce)
  	Notify(SharpMUSH.Library.Models.SharpPlayer: SharpMUSH.Library.Models.SharpPlayer, *System.String: -1*, <null>, Announce)
  	Notify(SharpMUSH.Library.Models.SharpPlayer: SharpMUSH.Library.Models.SharpPlayer, *System.String: -1*, <null>, Announce)
  	Notify(SharpMUSH.Library.Models.SharpPlayer: SharpMUSH.Library.Models.SharpPlayer, *System.String: -1*, <null>, Announce)
  	Notify(SharpMUSH.Library.Models.SharpPlayer: SharpMUSH.Library.Models.SharpPlayer, *System.String: -1*, <null>, Announce)
  	Notify(SharpMUSH.Library.Models.SharpPlayer: SharpMUSH.Library.Models.SharpPlayer, *System.String: -1*, <null>, Announce)
  	Notify(SharpMUSH.Library.Models.SharpPlayer: SharpMUSH.Library.Models.SharpPlayer, *System.String: -1*, <null>, Announce)
  	Notify(SharpMUSH.Library.Models.SharpPlayer: SharpMUSH.Library.Models.SharpPlayer, *System.String: -1*, <null>, Announce)
  	Notify(SharpMUSH.Library.Models.SharpPlayer: SharpMUSH.Library.Models.SharpPlayer, *System.String: -1*, <null>, Announce)
  	Notify(SharpMUSH.Library.Models.SharpPlayer: SharpMUSH.Library.Models.SharpPlayer, *System.String: -1*, <null>, Announce)
  	Notify(SharpMUSH.Library.Models.SharpPlayer: SharpMUSH.Library.Models.SharpPlayer, *System.String: -1*, <null>, Announce)
  	Notify(SharpMUSH.Library.Models.SharpPlayer: SharpMUSH.Library.Models.SharpPlayer, *System.String: -1*, <null>, Announce)
  	Notify(SharpMUSH.Library.Models.SharpPlayer: SharpMUSH.Library.Models.SharpPlayer, *System.String: -1*, <null>, Announce)
  	Notify(SharpMUSH.Library.Models.SharpPlayer: SharpMUSH.Library.Models.SharpPlayer, *System.String: -1*, <null>, Announce)
  	Notify(SharpMUSH.Library.Models.SharpPlayer: SharpMUSH.Library.Models.SharpPlayer, *System.String: -1*, <null>, Announce)
  	Notify(SharpMUSH.Library.Models.SharpPlayer: SharpMUSH.Library.Models.SharpPlayer, *System.String: -1*, <null>, Announce)
  	Notify(SharpMUSH.Library.Models.SharpPlayer: SharpMUSH.Library.Models.SharpPlayer, *System.String: -1*, <null>, Announce)
  	Notify(SharpMUSH.Library.Models.SharpPlayer: SharpMUSH.Library.Models.SharpPlayer, *System.String: -1*, <null>, Announce)
  	Notify(SharpMUSH.Library.Models.SharpPlayer: SharpMUSH.Library.Models.SharpPlayer, *System.String: -1*, <null>, Announce)
  	Notify(SharpMUSH.Library.Models.SharpPlayer: SharpMUSH.Library.Models.SharpPlayer, *System.String: -1*, <null>, Announce)
  	Notify(SharpMUSH.Library.Models.SharpPlayer: SharpMUSH.Library.Models.SharpPlayer, *System.String: -1*, <null>, Announce)
  	Notify(SharpMUSH.Library.Models.SharpPlayer: SharpMUSH.Library.Models.SharpPlayer, *System.String: -1*, <null>, Announce)
  	Notify(SharpMUSH.Library.Models.SharpPlayer: SharpMUSH.Library.Models.SharpPlayer, *System.String: -1*, <null>, Announce)
  	Notify(SharpMUSH.Library.Models.SharpPlayer: SharpMUSH.Library.Models.SharpPlayer, *System.String: -1*, <null>, Announce)
  	Notify(SharpMUSH.Library.Models.SharpPlayer: SharpMUSH.Library.Models.SharpPlayer, *System.String: -1*, <null>, Announce)
  	Notify(SharpMUSH.Library.Models.SharpPlayer: SharpMUSH.Library.Models.SharpPlayer, *System.String: -1*, <null>, Announce)
  	Notify(SharpMUSH.Library.Models.SharpPlayer: SharpMUSH.Library.Models.SharpPlayer, *System.String: -1*, <null>, Announce)
  	Notify(SharpMUSH.Library.Models.SharpPlayer: SharpMUSH.Library.Models.SharpPlayer, *System.String: -1*, <null>, Announce)
  	Notify(SharpMUSH.Library.Models.SharpPlayer: SharpMUSH.Library.Models.SharpPlayer, *System.String: -1*, <null>, Announce)
  	Notify(SharpMUSH.Library.Models.SharpPlayer: SharpMUSH.Library.Models.SharpPlayer, *System.String: -1*, <null>, Announce)
  	Notify(SharpMUSH.Library.Models.SharpPlayer: SharpMUSH.Library.Models.SharpPlayer, *System.String: -1*, <null>, Announce)
  	Notify(SharpMUSH.Library.Models.SharpPlayer: SharpMUSH.Library.Models.SharpPlayer, *System.String: -1*, <null>, Announce)
  	Notify(SharpMUSH.Library.Models.SharpPlayer: SharpMUSH.Library.Models.SharpPlayer, *System.String: -1*, <null>, Announce)
  	Notify(SharpMUSH.Library.Models.SharpPlayer: SharpMUSH.Library.Models.SharpPlayer, *System.String: -1*, <null>, Announce)
  	Notify(SharpMUSH.Library.Models.SharpPlayer: SharpMUSH.Library.Models.SharpPlayer, *System.String: -1*, <null>, Announce)
  	Notify(SharpMUSH.Library.Models.SharpPlayer: SharpMUSH.Library.Models.SharpPlayer, *System.String: -1*, <null>, Announce)
  	Notify(SharpMUSH.Library.Models.SharpPlayer: SharpMUSH.Library.Models.SharpPlayer, *System.String: -1*, <null>, Announce)
  	Notify(SharpMUSH.Library.Models.SharpPlayer: SharpMUSH.Library.Models.SharpPlayer, *System.String: -1*, <null>, Announce)
  	Notify(SharpMUSH.Library.Models.SharpPlayer: SharpMUSH.Library.Models.SharpPlayer, *System.String: -1*, <null>, Announce)
  	Notify(SharpMUSH.Library.Models.SharpPlayer: SharpMUSH.Library.Models.SharpPlayer, *System.String: -1*, <null>, Announce)
  	Notify(SharpMUSH.Library.Models.SharpPlayer: SharpMUSH.Library.Models.SharpPlayer, *System.String: -1*, <null>, Announce)
  	Notify(SharpMUSH.Library.Models.SharpPlayer: SharpMUSH.Library.Models.SharpPlayer, *System.String: -1*, <null>, Announce)
  	Notify(SharpMUSH.Library.Models.SharpPlayer: SharpMUSH.Library.Models.SharpPlayer, *System.String: -1*, <null>, Announce)
  	Notify(SharpMUSH.Library.Models.SharpPlayer: SharpMUSH.Library.Models.SharpPlayer, *System.String: -1*, <null>, Announce)
  	Notify(SharpMUSH.Library.Models.SharpPlayer: SharpMUSH.Library.Models.SharpPlayer, *System.String: -1*, <null>, Announce)
  	Notify(SharpMUSH.Library.Models.SharpPlayer: SharpMUSH.Library.Models.SharpPlayer, *System.String: -1*, <null>, Announce)
  	Notify(SharpMUSH.Library.Models.SharpPlayer: SharpMUSH.Library.Models.SharpPlayer, *System.String: -1*, <null>, Announce)
  	Notify(SharpMUSH.Library.Models.SharpPlayer: SharpMUSH.Library.Models.SharpPlayer, *System.String: -1*, <null>, Announce)
  	Notify(SharpMUSH.Library.Models.SharpPlayer: SharpMUSH.Library.Models.SharpPlayer, *System.String: -1*, <null>, Announce)
  	Notify(SharpMUSH.Library.Models.SharpPlayer: SharpMUSH.Library.Models.SharpPlayer, *System.String: -1*, <null>, Announce)
  	Notify(SharpMUSH.Library.Models.SharpPlayer: SharpMUSH.Library.Models.SharpPlayer, *System.String: -1*, <null>, Announce)
  	Notify(SharpMUSH.Library.Models.SharpPlayer: SharpMUSH.Library.Models.SharpPlayer, *System.String: -1*, <null>, Announce)
  	Notify(SharpMUSH.Library.Models.SharpPlayer: SharpMUSH.Library.Models.SharpPlayer, *System.String: -1*, <null>, Announce)
  	Notify(SharpMUSH.Library.Models.SharpPlayer: SharpMUSH.Library.Models.SharpPlayer, *System.String: -1*, <null>, Announce)
  	Notify(SharpMUSH.Library.Models.SharpPlayer: SharpMUSH.Library.Models.SharpPlayer, *System.String: -1*, <null>, Announce)
  	Notify(SharpMUSH.Library.Models.SharpPlayer: SharpMUSH.Library.Models.SharpPlayer, *System.String: -1*, <null>, Announce)
  	Notify(SharpMUSH.Library.Models.SharpPlayer: SharpMUSH.Library.Models.SharpPlayer, *System.String: -1*, <null>, Announce)
  	Notify(SharpMUSH.Library.Models.SharpPlayer: SharpMUSH.Library.Models.SharpPlayer, *System.String: -1*, <null>, Announce)
  	Notify(SharpMUSH.Library.Models.SharpPlayer: SharpMUSH.Library.Models.SharpPlayer, *System.String: -1*, <null>, Announce)
  	Notify(SharpMUSH.Library.Models.SharpPlayer: SharpMUSH.Library.Models.SharpPlayer, *System.String: -1*, <null>, Announce)
  	Notify(SharpMUSH.Library.Models.SharpPlayer: SharpMUSH.Library.Models.SharpPlayer, *System.String: -1*, <null>, Announce)
  	Notify(SharpMUSH.Library.Models.SharpPlayer: SharpMUSH.Library.Models.SharpPlayer, *System.String: -1*, <null>, Announce)
  	Notify(SharpMUSH.Library.Models.SharpPlayer: SharpMUSH.Library.Models.SharpPlayer, *System.String: -1*, <null>, Announce)
  	Notify(SharpMUSH.Library.Models.SharpPlayer: SharpMUSH.Library.Models.SharpPlayer, *System.String: -1*, <null>, Announce)
  	Notify(SharpMUSH.Library.Models.SharpPlayer: SharpMUSH.Library.Models.SharpPlayer, *System.String: -1*, <null>, Announce)
  	Notify(SharpMUSH.Library.Models.SharpPlayer: SharpMUSH.Library.Models.SharpPlayer, *System.String: -1*, <null>, Announce)
  	Notify(SharpMUSH.Library.Models.SharpPlayer: SharpMUSH.Library.Models.SharpPlayer, *System.String: -1*, <null>, Announce)
  	Notify(SharpMUSH.Library.Models.SharpPlayer: SharpMUSH.Library.Models.SharpPlayer, *System.String: -1*, <null>, Announce)
  	Notify(SharpMUSH.Library.Models.SharpPlayer: SharpMUSH.Library.Models.SharpPlayer, *System.String: -1*, <null>, Announce)
  	Notify(SharpMUSH.Library.Models.SharpPlayer: SharpMUSH.Library.Models.SharpPlayer, *System.String: -1*, <null>, Announce)
  	Notify(SharpMUSH.Library.Models.SharpPlayer: SharpMUSH.Library.Models.SharpPlayer, *System.String: -1*, <null>, Announce)
  	Notify(SharpMUSH.Library.Models.SharpPlayer: SharpMUSH.Library.Models.SharpPlayer, *System.String: -1*, <null>, Announce)
  	Notify(SharpMUSH.Library.Models.SharpPlayer: SharpMUSH.Library.Models.SharpPlayer, *System.String: -1*, <null>, Announce)
  	Notify(SharpMUSH.Library.Models.SharpPlayer: SharpMUSH.Library.Models.SharpPlayer, *System.String: -1*, <null>, Announce)
  	Notify(SharpMUSH.Library.Models.SharpPlayer: SharpMUSH.Library.Models.SharpPlayer, *System.String: -1*, <null>, Announce)
  	Notify(SharpMUSH.Library.Models.SharpPlayer: SharpMUSH.Library.Models.SharpPlayer, *System.String: -1*, <null>, Announce)
  	Notify(SharpMUSH.Library.Models.SharpPlayer: SharpMUSH.Library.Models.SharpPlayer, *System.String: -1*, <null>, Announce)
  	Notify(SharpMUSH.Library.Models.SharpPlayer: SharpMUSH.Library.Models.SharpPlayer, *System.String: -1*, <null>, Announce)
  	Notify(SharpMUSH.Library.Models.SharpPlayer: SharpMUSH.Library.Models.SharpPlayer, *System.String: -1*, <null>, Announce)
  	Notify(SharpMUSH.Library.Models.SharpPlayer: SharpMUSH.Library.Models.SharpPlayer, *System.String: -1*, <null>, Announce)
  	Notify(SharpMUSH.Library.Models.SharpPlayer: SharpMUSH.Library.Models.SharpPlayer, *System.String: -1*, <null>, Announce)
  	Notify(SharpMUSH.Library.Models.SharpPlayer: SharpMUSH.Library.Models.SharpPlayer, *System.String: -1*, <null>, Announce)
  	Notify(SharpMUSH.Library.Models.SharpPlayer: SharpMUSH.Library.Models.SharpPlayer, *System.String: -1*, <null>, Announce)
  	Notify(SharpMUSH.Library.Models.SharpPlayer: SharpMUSH.Library.Models.SharpPlayer, *System.String: -1*, <null>, Announce)
  	Notify(SharpMUSH.Library.Models.SharpPlayer: SharpMUSH.Library.Models.SharpPlayer, *System.String: -1*, <null>, Announce)
  	Notify(SharpMUSH.Library.Models.SharpPlayer: SharpMUSH.Library.Models.SharpPlayer, *System.String: -1*, <null>, Announce)
  	Notify(SharpMUSH.Library.Models.SharpPlayer: SharpMUSH.Library.Models.SharpPlayer, *System.String: -1*, <null>, Announce)
  	Notify(SharpMUSH.Library.Models.SharpPlayer: SharpMUSH.Library.Models.SharpPlayer, *System.String: -1*, <null>, Announce)
  	Notify(SharpMUSH.Library.Models.SharpPlayer: SharpMUSH.Library.Models.SharpPlayer, *System.String: -1*, <null>, Announce)
  	Notify(SharpMUSH.Library.Models.SharpPlayer: SharpMUSH.Library.Models.SharpPlayer, *System.String: -1*, <null>, Announce)
  	Notify(SharpMUSH.Library.Models.SharpPlayer: SharpMUSH.Library.Models.SharpPlayer, *System.String: -1*, <null>, Announce)
  	Notify(SharpMUSH.Library.Models.SharpPlayer: SharpMUSH.Library.Models.SharpPlayer, *System.String: -1*, <null>, Announce)
  	Notify(SharpMUSH.Library.Models.SharpPlayer: SharpMUSH.Library.Models.SharpPlayer, *System.String: -1*, <null>, Announce)
  	Notify(SharpMUSH.Library.Models.SharpPlayer: SharpMUSH.Library.Models.SharpPlayer, *System.String: -1*, <null>, Announce)
  	Notify(SharpMUSH.Library.Models.SharpPlayer: SharpMUSH.Library.Models.SharpPlayer, *System.String: -1*, <null>, Announce)
  	Notify(SharpMUSH.Library.Models.SharpPlayer: SharpMUSH.Library.Models.SharpPlayer, *System.String: -1*, <null>, Announce)
  	Notify(SharpMUSH.Library.Models.SharpPlayer: SharpMUSH.Library.Models.SharpPlayer, *System.String: -1*, <null>, Announce)
  	Notify(SharpMUSH.Library.Models.SharpPlayer: SharpMUSH.Library.Models.SharpPlayer, *System.String: -1*, <null>, Announce)
  	Notify(SharpMUSH.Library.Models.SharpPlayer: SharpMUSH.Library.Models.SharpPlayer, *System.String: -1*, <null>, Announce)
  	Notify(SharpMUSH.Library.Models.SharpPlayer: SharpMUSH.Library.Models.SharpPlayer, *System.String: -1*, <null>, Announce)
  	Notify(SharpMUSH.Library.Models.SharpPlayer: SharpMUSH.Library.Models.SharpPlayer, *System.String: -1*, <null>, Announce)
  	Notify(SharpMUSH.Library.Models.SharpPlayer: SharpMUSH.Library.Models.SharpPlayer, *System.String: -1*, <null>, Announce)
  	Notify(SharpMUSH.Library.Models.SharpPlayer: SharpMUSH.Library.Models.SharpPlayer, *System.String: -1*, <null>, Announce)
  	Notify(SharpMUSH.Library.Models.SharpPlayer: SharpMUSH.Library.Models.SharpPlayer, *System.String: -1*, <null>, Announce)
  	Notify(SharpMUSH.Library.Models.SharpPlayer: SharpMUSH.Library.Models.SharpPlayer, *System.String: -1*, <null>, Announce)
  	Notify(SharpMUSH.Library.Models.SharpPlayer: SharpMUSH.Library.Models.SharpPlayer, *System.String: -1*, <null>, Announce)
  	Notify(SharpMUSH.Library.Models.SharpPlayer: SharpMUSH.Library.Models.SharpPlayer, *System.String: -1*, <null>, Announce)
  	Notify(SharpMUSH.Library.Models.SharpPlayer: SharpMUSH.Library.Models.SharpPlayer, *System.String: -1*, <null>, Announce)
  	Notify(SharpMUSH.Library.Models.SharpPlayer: SharpMUSH.Library.Models.SharpPlayer, *System.String: -1*, <null>, Announce)
  	Notify(SharpMUSH.Library.Models.SharpPlayer: SharpMUSH.Library.Models.SharpPlayer, *System.String: -1*, <null>, Announce)
  	Notify(SharpMUSH.Library.Models.SharpPlayer: SharpMUSH.Library.Models.SharpPlayer, *System.String: -1*, <null>, Announce)
  	Notify(SharpMUSH.Library.Models.SharpPlayer: SharpMUSH.Library.Models.SharpPlayer, *System.String: -1*, <null>, Announce)
  	Notify(SharpMUSH.Library.Models.SharpPlayer: SharpMUSH.Library.Models.SharpPlayer, *System.String: -1*, <null>, Announce)
  	Notify(SharpMUSH.Library.Models.SharpPlayer: SharpMUSH.Library.Models.SharpPlayer, *System.String: -1*, <null>, Announce)
  	Notify(SharpMUSH.Library.Models.SharpPlayer: SharpMUSH.Library.Models.SharpPlayer, *System.String: -1*, <null>, Announce)
  	Notify(SharpMUSH.Library.Models.SharpPlayer: SharpMUSH.Library.Models.SharpPlayer, *System.String: -1*, <null>, Announce)
  	Notify(SharpMUSH.Library.Models.SharpPlayer: SharpMUSH.Library.Models.SharpPlayer, *System.String: -1*, <null>, Announce)
  	Notify(SharpMUSH.Library.Models.SharpPlayer: SharpMUSH.Library.Models.SharpPlayer, *System.String: -1*, <null>, Announce)
  	Notify(SharpMUSH.Library.Models.SharpPlayer: SharpMUSH.Library.Models.SharpPlayer, *System.String: -1*, <null>, Announce)
  	Notify(SharpMUSH.Library.Models.SharpPlayer: SharpMUSH.Library.Models.SharpPlayer, *System.String: -1*, <null>, Announce)
  	Notify(SharpMUSH.Library.Models.SharpPlayer: SharpMUSH.Library.Models.SharpPlayer, *System.String: -1*, <null>, Announce)
  	Notify(SharpMUSH.Library.Models.SharpPlayer: SharpMUSH.Library.Models.SharpPlayer, *System.String: -1*, <null>, Announce)
  	Notify(SharpMUSH.Library.Models.SharpPlayer: SharpMUSH.Library.Models.SharpPlayer, *System.String: -1*, <null>, Announce)
  	Notify(SharpMUSH.Library.Models.SharpPlayer: SharpMUSH.Library.Models.SharpPlayer, *System.String: -1*, <null>, Announce)
  	Notify(SharpMUSH.Library.Models.SharpPlayer: SharpMUSH.Library.Models.SharpPlayer, *System.String: -1*, <null>, Announce)
  	Notify(SharpMUSH.Library.Models.SharpPlayer: SharpMUSH.Library.Models.SharpPlayer, *System.String: -1*, <null>, Announce)
  	Notify(SharpMUSH.Library.Models.SharpPlayer: SharpMUSH.Library.Models.SharpPlayer, *System.String: -1*, <null>, Announce)
  	Notify(SharpMUSH.Library.Models.SharpPlayer: SharpMUSH.Library.Models.SharpPlayer, *System.String: -1*, <null>, Announce)
  	Notify(SharpMUSH.Library.Models.SharpPlayer: SharpMUSH.Library.Models.SharpPlayer, *System.String: -1*, <null>, Announce)
  	Notify(SharpMUSH.Library.Models.SharpPlayer: SharpMUSH.Library.Models.SharpPlayer, *System.String: -1*, <null>, Announce)
  	Notify(SharpMUSH.Library.Models.SharpPlayer: SharpMUSH.Library.Models.SharpPlayer, *System.String: -1*, <null>, Announce)
  	Notify(SharpMUSH.Library.Models.SharpPlayer: SharpMUSH.Library.Models.SharpPlayer, *System.String: -1*, <null>, Announce)
  	Notify(SharpMUSH.Library.Models.SharpPlayer: SharpMUSH.Library.Models.SharpPlayer, *System.String: -1*, <null>, Announce)
  	Notify(SharpMUSH.Library.Models.SharpPlayer: SharpMUSH.Library.Models.SharpPlayer, *System.String: -1*, <null>, Announce)
  	Notify(SharpMUSH.Library.Models.SharpPlayer: SharpMUSH.Library.Models.SharpPlayer, *System.String: -1*, <null>, Announce)
  	Notify(SharpMUSH.Library.Models.SharpPlayer: SharpMUSH.Library.Models.SharpPlayer, *System.String: -1*, <null>, Announce)
  	Notify(SharpMUSH.Library.Models.SharpPlayer: SharpMUSH.Library.Models.SharpPlayer, *System.String: -1*, <null>, Announce)
  	Notify(SharpMUSH.Library.Models.SharpPlayer: SharpMUSH.Library.Models.SharpPlayer, *System.String: -1*, <null>, Announce)
  	Notify(SharpMUSH.Library.Models.SharpPlayer: SharpMUSH.Library.Models.SharpPlayer, *System.String: -1*, <null>, Announce)
  	Notify(SharpMUSH.Library.Models.SharpPlayer: SharpMUSH.Library.Models.SharpPlayer, *System.String: -1*, <null>, Announce)
  	Notify(SharpMUSH.Library.Models.SharpPlayer: SharpMUSH.Library.Models.SharpPlayer, *System.String: -1*, <null>, Announce)
  	Notify(SharpMUSH.Library.Models.SharpPlayer: SharpMUSH.Library.Models.SharpPlayer, *System.String: -1*, <null>, Announce)
  	Notify(SharpMUSH.Library.Models.SharpPlayer: SharpMUSH.Library.Models.SharpPlayer, *System.String: -1*, <null>, Announce)
  	Notify(SharpMUSH.Library.Models.SharpPlayer: SharpMUSH.Library.Models.SharpPlayer, *System.String: -1*, <null>, Announce)
  	Notify(SharpMUSH.Library.Models.SharpPlayer: SharpMUSH.Library.Models.SharpPlayer, *System.String: -1*, <null>, Announce)
  	Notify(SharpMUSH.Library.Models.SharpPlayer: SharpMUSH.Library.Models.SharpPlayer, *System.String: -1*, <null>, Announce)
  	Notify(SharpMUSH.Library.Models.SharpPlayer: SharpMUSH.Library.Models.SharpPlayer, *System.String: -1*, <null>, Announce)
  	Notify(SharpMUSH.Library.Models.SharpPlayer: SharpMUSH.Library.Models.SharpPlayer, *System.String: -1*, <null>, Announce)
  	Notify(SharpMUSH.Library.Models.SharpPlayer: SharpMUSH.Library.Models.SharpPlayer, *System.String: -1*, <null>, Announce)
  	Notify(SharpMUSH.Library.Models.SharpPlayer: SharpMUSH.Library.Models.SharpPlayer, *System.String: -1*, <null>, Announce)
  	Notify(SharpMUSH.Library.Models.SharpPlayer: SharpMUSH.Library.Models.SharpPlayer, *System.String: -1*, <null>, Announce)
  	Notify(SharpMUSH.Library.Models.SharpPlayer: SharpMUSH.Library.Models.SharpPlayer, *System.String: -1*, <null>, Announce)
  	Notify(SharpMUSH.Library.Models.SharpPlayer: SharpMUSH.Library.Models.SharpPlayer, *System.String: -1*, <null>, Announce)
  	Notify(SharpMUSH.Library.Models.SharpPlayer: SharpMUSH.Library.Models.SharpPlayer, *System.String: -1*, <null>, Announce)
  	Notify(SharpMUSH.Library.Models.SharpPlayer: SharpMUSH.Library.Models.SharpPlayer, *System.String: -1*, <null>, Announce)
  	Notify(SharpMUSH.Library.Models.SharpPlayer: SharpMUSH.Library.Models.SharpPlayer, *System.String: -1*, <null>, Announce)
  	Notify(SharpMUSH.Library.Models.SharpPlayer: SharpMUSH.Library.Models.SharpPlayer, *System.String: -1*, <null>, Announce)
  	Notify(SharpMUSH.Library.Models.SharpPlayer: SharpMUSH.Library.Models.SharpPlayer, *System.String: -1*, <null>, Announce)
  	Notify(SharpMUSH.Library.Models.SharpPlayer: SharpMUSH.Library.Models.SharpPlayer, *System.String: -1*, <null>, Announce)
  	Notify(SharpMUSH.Library.Models.SharpPlayer: SharpMUSH.Library.Models.SharpPlayer, *System.String: -1*, <null>, Announce)
  	Notify(SharpMUSH.Library.Models.SharpPlayer: SharpMUSH.Library.Models.SharpPlayer, *System.String: -1*, <null>, Announce)
  	Notify(SharpMUSH.Library.Models.SharpPlayer: SharpMUSH.Library.Models.SharpPlayer, *System.String: -1*, <null>, Announce)
  	Notify(SharpMUSH.Library.Models.SharpPlayer: SharpMUSH.Library.Models.SharpPlayer, *System.String: -1*, <null>, Announce)
  	Notify(SharpMUSH.Library.Models.SharpPlayer: SharpMUSH.Library.Models.SharpPlayer, *System.String: -1*, <null>, Announce)
  	Notify(SharpMUSH.Library.Models.SharpPlayer: SharpMUSH.Library.Models.SharpPlayer, *System.String: -1*, <null>, Announce)
  	Notify(SharpMUSH.Library.Models.SharpPlayer: SharpMUSH.Library.Models.SharpPlayer, *System.String: -1*, <null>, Announce)
  	Notify(SharpMUSH.Library.Models.SharpPlayer: SharpMUSH.Library.Models.SharpPlayer, *System.String: -1*, <null>, Announce)
  	Notify(SharpMUSH.Library.Models.SharpPlayer: SharpMUSH.Library.Models.SharpPlayer, *System.String: -1*, <null>, Announce)
  	Notify(SharpMUSH.Library.Models.SharpPlayer: SharpMUSH.Library.Models.SharpPlayer, *System.String: -1*, <null>, Announce)
  	Notify(SharpMUSH.Library.Models.SharpPlayer: SharpMUSH.Library.Models.SharpPlayer, *System.String: -1*, <null>, Announce)
  	Notify(SharpMUSH.Library.Models.SharpPlayer: SharpMUSH.Library.Models.SharpPlayer, *System.String: -1*, <null>, Announce)
  	Notify(SharpMUSH.Library.Models.SharpPlayer: SharpMUSH.Library.Models.SharpPlayer, *System.String: -1*, <null>, Announce)
  	Notify(SharpMUSH.Library.Models.SharpPlayer: SharpMUSH.Library.Models.SharpPlayer, *System.String: -1*, <null>, Announce)
  	Notify(SharpMUSH.Library.Models.SharpPlayer: SharpMUSH.Library.Models.SharpPlayer, *System.String: -1*, <null>, Announce)
  	Notify(SharpMUSH.Library.Models.SharpPlayer: SharpMUSH.Library.Models.SharpPlayer, *System.String: -1*, <null>, Announce)
  	Notify(SharpMUSH.Library.Models.SharpPlayer: SharpMUSH.Library.Models.SharpPlayer, *System.String: -1*, <null>, Announce)
  	Notify(SharpMUSH.Library.Models.SharpPlayer: SharpMUSH.Library.Models.SharpPlayer, *System.String: -1*, <null>, Announce)
  	Notify(SharpMUSH.Library.Models.SharpPlayer: SharpMUSH.Library.Models.SharpPlayer, *System.String: -1*, <null>, Announce)
  	Notify(SharpMUSH.Library.Models.SharpPlayer: SharpMUSH.Library.Models.SharpPlayer, *System.String: -1*, <null>, Announce)
  	Notify(SharpMUSH.Library.Models.SharpPlayer: SharpMUSH.Library.Models.SharpPlayer, *System.String: -1*, <null>, Announce)
  	Notify(SharpMUSH.Library.Models.SharpPlayer: SharpMUSH.Library.Models.SharpPlayer, *System.String: -1*, <null>, Announce)
  	Notify(SharpMUSH.Library.Models.SharpPlayer: SharpMUSH.Library.Models.SharpPlayer, *System.String: -1*, <null>, Announce)
  	Notify(SharpMUSH.Library.Models.SharpPlayer: SharpMUSH.Library.Models.SharpPlayer, *System.String: -1*, <null>, Announce)
  	Notify(SharpMUSH.Library.Models.SharpPlayer: SharpMUSH.Library.Models.SharpPlayer, *System.String: -1*, <null>, Announce)
  	Notify(SharpMUSH.Library.Models.SharpPlayer: SharpMUSH.Library.Models.SharpPlayer, *System.String: -1*, <null>, Announce)
  	Notify(SharpMUSH.Library.Models.SharpPlayer: SharpMUSH.Library.Models.SharpPlayer, *System.String: -1*, <null>, Announce)
  	Notify(SharpMUSH.Library.Models.SharpPlayer: SharpMUSH.Library.Models.SharpPlayer, *System.String: -1*, <null>, Announce)
  	Notify(SharpMUSH.Library.Models.SharpPlayer: SharpMUSH.Library.Models.SharpPlayer, *System.String: -1*, <null>, Announce)
  	Notify(SharpMUSH.Library.Models.SharpPlayer: SharpMUSH.Library.Models.SharpPlayer, *System.String: -1*, <null>, Announce)
  	Notify(SharpMUSH.Library.Models.SharpPlayer: SharpMUSH.Library.Models.SharpPlayer, *System.String: -1*, <null>, Announce)
  	Notify(SharpMUSH.Library.Models.SharpPlayer: SharpMUSH.Library.Models.SharpPlayer, *System.String: -1*, <null>, Announce)
  	Notify(SharpMUSH.Library.Models.SharpPlayer: SharpMUSH.Library.Models.SharpPlayer, *System.String: -1*, <null>, Announce)
  	Notify(SharpMUSH.Library.Models.SharpPlayer: SharpMUSH.Library.Models.SharpPlayer, *System.String: -1*, <null>, Announce)
  	Notify(SharpMUSH.Library.Models.SharpPlayer: SharpMUSH.Library.Models.SharpPlayer, *System.String: -1*, <null>, Announce)
  	Notify(SharpMUSH.Library.Models.SharpPlayer: SharpMUSH.Library.Models.SharpPlayer, *System.String: -1*, <null>, Announce)
  	Notify(SharpMUSH.Library.Models.SharpPlayer: SharpMUSH.Library.Models.SharpPlayer, *System.String: -1*, <null>, Announce)
  	Notify(SharpMUSH.Library.Models.SharpPlayer: SharpMUSH.Library.Models.SharpPlayer, *System.String: -1*, <null>, Announce)
  	Notify(SharpMUSH.Library.Models.SharpPlayer: SharpMUSH.Library.Models.SharpPlayer, *System.String: -1*, <null>, Announce)
  	Notify(SharpMUSH.Library.Models.SharpPlayer: SharpMUSH.Library.Models.SharpPlayer, *System.String: -1*, <null>, Announce)
  	Notify(SharpMUSH.Library.Models.SharpPlayer: SharpMUSH.Library.Models.SharpPlayer, *System.String: -1*, <null>, Announce)
  	Notify(SharpMUSH.Library.Models.SharpPlayer: SharpMUSH.Library.Models.SharpPlayer, *System.String: -1*, <null>, Announce)
  	Notify(SharpMUSH.Library.Models.SharpPlayer: SharpMUSH.Library.Models.SharpPlayer, *System.String: -1*, <null>, Announce)
  	Notify(SharpMUSH.Library.Models.SharpPlayer: SharpMUSH.Library.Models.SharpPlayer, *System.String: -1*, <null>, Announce)
  	Notify(SharpMUSH.Library.Models.SharpPlayer: SharpMUSH.Library.Models.SharpPlayer, *System.String: -1*, <null>, Announce)
  	Notify(SharpMUSH.Library.Models.SharpPlayer: SharpMUSH.Library.Models.SharpPlayer, *System.String: -1*, <null>, Announce)
  	Notify(SharpMUSH.Library.Models.SharpPlayer: SharpMUSH.Library.Models.SharpPlayer, *System.String: -1*, <null>, Announce)
  	Notify(SharpMUSH.Library.Models.SharpPlayer: SharpMUSH.Library.Models.SharpPlayer, *System.String: -1*, <null>, Announce)
  	Notify(SharpMUSH.Library.Models.SharpPlayer: SharpMUSH.Library.Models.SharpPlayer, *System.String: -1*, <null>, Announce)
  	Notify(SharpMUSH.Library.Models.SharpPlayer: SharpMUSH.Library.Models.SharpPlayer, *System.String: -1*, <null>, Announce)
  	Notify(SharpMUSH.Library.Models.SharpPlayer: SharpMUSH.Library.Models.SharpPlayer, *System.String: -1*, <null>, Announce)
  	Notify(SharpMUSH.Library.Models.SharpPlayer: SharpMUSH.Library.Models.SharpPlayer, *System.String: -1*, <null>, Announce)
  	Notify(SharpMUSH.Library.Models.SharpPlayer: SharpMUSH.Library.Models.SharpPlayer, *System.String: -1*, <null>, Announce)
  	Notify(SharpMUSH.Library.Models.SharpPlayer: SharpMUSH.Library.Models.SharpPlayer, *System.String: -1*, <null>, Announce)
  	Notify(SharpMUSH.Library.Models.SharpPlayer: SharpMUSH.Library.Models.SharpPlayer, *System.String: -1*, <null>, Announce)
  	Notify(SharpMUSH.Library.Models.SharpPlayer: SharpMUSH.Library.Models.SharpPlayer, *System.String: -1*, <null>, Announce)
  	Notify(SharpMUSH.Library.Models.SharpPlayer: SharpMUSH.Library.Models.SharpPlayer, *System.String: -1*, <null>, Announce)
  	Notify(SharpMUSH.Library.Models.SharpPlayer: SharpMUSH.Library.Models.SharpPlayer, *System.String: -1*, <null>, Announce)
  	Notify(SharpMUSH.Library.Models.SharpPlayer: SharpMUSH.Library.Models.SharpPlayer, *System.String: -1*, <null>, Announce)
  	Notify(SharpMUSH.Library.Models.SharpPlayer: SharpMUSH.Library.Models.SharpPlayer, *System.String: -1*, <null>, Announce)
  	Notify(SharpMUSH.Library.Models.SharpPlayer: SharpMUSH.Library.Models.SharpPlayer, *System.String: -1*, <null>, Announce)
  	Notify(SharpMUSH.Library.Models.SharpPlayer: SharpMUSH.Library.Models.SharpPlayer, *System.String: -1*, <null>, Announce)
  	Notify(SharpMUSH.Library.Models.SharpPlayer: SharpMUSH.Library.Models.SharpPlayer, *System.String: -1*, <null>, Announce)
  	Notify(SharpMUSH.Library.Models.SharpPlayer: SharpMUSH.Library.Models.SharpPlayer, *System.String: -1*, <null>, Announce)
  	Notify(SharpMUSH.Library.Models.SharpPlayer: SharpMUSH.Library.Models.SharpPlayer, *System.String: -1*, <null>, Announce)
  	Notify(SharpMUSH.Library.Models.SharpPlayer: SharpMUSH.Library.Models.SharpPlayer, *System.String: -1*, <null>, Announce)
  	Notify(SharpMUSH.Library.Models.SharpPlayer: SharpMUSH.Library.Models.SharpPlayer, *System.String: -1*, <null>, Announce)
  	Notify(SharpMUSH.Library.Models.SharpPlayer: SharpMUSH.Library.Models.SharpPlayer, *System.String: -1*, <null>, Announce)
  	Notify(SharpMUSH.Library.Models.SharpPlayer: SharpMUSH.Library.Models.SharpPlayer, *System.String: -1*, <null>, Announce)
  	Notify(SharpMUSH.Library.Models.SharpPlayer: SharpMUSH.Library.Models.SharpPlayer, *System.String: -1*, <null>, Announce)
  	Notify(SharpMUSH.Library.Models.SharpPlayer: SharpMUSH.Library.Models.SharpPlayer, *System.String: -1*, <null>, Announce)
  	Notify(SharpMUSH.Library.Models.SharpPlayer: SharpMUSH.Library.Models.SharpPlayer, *System.String: -1*, <null>, Announce)
  	Notify(SharpMUSH.Library.Models.SharpPlayer: SharpMUSH.Library.Models.SharpPlayer, *System.String: -1*, <null>, Announce)
  	Notify(SharpMUSH.Library.Models.SharpPlayer: SharpMUSH.Library.Models.SharpPlayer, *System.String: -1*, <null>, Announce)
  	Notify(SharpMUSH.Library.Models.SharpPlayer: SharpMUSH.Library.Models.SharpPlayer, *System.String: -1*, <null>, Announce)
  	Notify(SharpMUSH.Library.Models.SharpPlayer: SharpMUSH.Library.Models.SharpPlayer, *System.String: -1*, <null>, Announce)
  	Notify(SharpMUSH.Library.Models.SharpPlayer: SharpMUSH.Library.Models.SharpPlayer, *System.String: -1*, <null>, Announce)
  	Notify(SharpMUSH.Library.Models.SharpPlayer: SharpMUSH.Library.Models.SharpPlayer, *System.String: -1*, <null>, Announce)
  	Notify(SharpMUSH.Library.Models.SharpPlayer: SharpMUSH.Library.Models.SharpPlayer, *System.String: -1*, <null>, Announce)
  	Notify(SharpMUSH.Library.Models.SharpPlayer: SharpMUSH.Library.Models.SharpPlayer, *System.String: -1*, <null>, Announce)
  	Notify(SharpMUSH.Library.Models.SharpPlayer: SharpMUSH.Library.Models.SharpPlayer, *System.String: -1*, <null>, Announce)
  	Notify(SharpMUSH.Library.Models.SharpPlayer: SharpMUSH.Library.Models.SharpPlayer, *System.String: -1*, <null>, Announce)
  	Notify(SharpMUSH.Library.Models.SharpPlayer: SharpMUSH.Library.Models.SharpPlayer, *System.String: -1*, <null>, Announce)
  	Notify(SharpMUSH.Library.Models.SharpPlayer: SharpMUSH.Library.Models.SharpPlayer, *System.String: -1*, <null>, Announce)
  	Notify(SharpMUSH.Library.Models.SharpPlayer: SharpMUSH.Library.Models.SharpPlayer, *System.String: -1*, <null>, Announce)
  	Notify(SharpMUSH.Library.Models.SharpPlayer: SharpMUSH.Library.Models.SharpPlayer, *System.String: -1*, <null>, Announce)
  	Notify(SharpMUSH.Library.Models.SharpPlayer: SharpMUSH.Library.Models.SharpPlayer, *System.String: -1*, <null>, Announce)
  	Notify(SharpMUSH.Library.Models.SharpPlayer: SharpMUSH.Library.Models.SharpPlayer, *System.String: -1*, <null>, Announce)
  	Notify(SharpMUSH.Library.Models.SharpPlayer: SharpMUSH.Library.Models.SharpPlayer, *System.String: -1*, <null>, Announce)
  	Notify(SharpMUSH.Library.Models.SharpPlayer: SharpMUSH.Library.Models.SharpPlayer, *System.String: -1*, <null>, Announce)
  	Notify(SharpMUSH.Library.Models.SharpPlayer: SharpMUSH.Library.Models.SharpPlayer, *System.String: -1*, <null>, Announce)
  	Notify(SharpMUSH.Library.Models.SharpPlayer: SharpMUSH.Library.Models.SharpPlayer, *System.String: -1*, <null>, Announce)
  	Notify(SharpMUSH.Library.Models.SharpPlayer: SharpMUSH.Library.Models.SharpPlayer, *System.String: -1*, <null>, Announce)
  	Notify(SharpMUSH.Library.Models.SharpPlayer: SharpMUSH.Library.Models.SharpPlayer, *System.String: -1*, <null>, Announce)
  	Notify(SharpMUSH.Library.Models.SharpPlayer: SharpMUSH.Library.Models.SharpPlayer, *System.String: -1*, <null>, Announce)
  	Notify(SharpMUSH.Library.Models.SharpPlayer: SharpMUSH.Library.Models.SharpPlayer, *System.String: -1*, <null>, Announce)
  	Notify(SharpMUSH.Library.Models.SharpPlayer: SharpMUSH.Library.Models.SharpPlayer, *System.String: -1*, <null>, Announce)
  	Notify(SharpMUSH.Library.Models.SharpPlayer: SharpMUSH.Library.Models.SharpPlayer, *System.String: -1*, <null>, Announce)
  	Notify(SharpMUSH.Library.Models.SharpPlayer: SharpMUSH.Library.Models.SharpPlayer, *System.String: -1*, <null>, Announce)
  	Notify(SharpMUSH.Library.Models.SharpPlayer: SharpMUSH.Library.Models.SharpPlayer, *System.String: -1*, <null>, Announce)
  	Notify(SharpMUSH.Library.Models.SharpPlayer: SharpMUSH.Library.Models.SharpPlayer, *System.String: -1*, <null>, Announce)
  	Notify(SharpMUSH.Library.Models.SharpPlayer: SharpMUSH.Library.Models.SharpPlayer, *System.String: -1*, <null>, Announce)
  	Notify(SharpMUSH.Library.Models.SharpPlayer: SharpMUSH.Library.Models.SharpPlayer, *System.String: -1*, <null>, Announce)
  	Notify(SharpMUSH.Library.Models.SharpPlayer: SharpMUSH.Library.Models.SharpPlayer, *System.String: -1*, <null>, Announce)
  	Notify(SharpMUSH.Library.Models.SharpPlayer: SharpMUSH.Library.Models.SharpPlayer, *System.String: -1*, <null>, Announce)
  	Notify(SharpMUSH.Library.Models.SharpPlayer: SharpMUSH.Library.Models.SharpPlayer, *System.String: -1*, <null>, Announce)
  	Notify(SharpMUSH.Library.Models.SharpPlayer: SharpMUSH.Library.Models.SharpPlayer, *System.String: -1*, <null>, Announce)
  	Notify(SharpMUSH.Library.Models.SharpPlayer: SharpMUSH.Library.Models.SharpPlayer, *System.String: -1*, <null>, Announce)
  	Notify(SharpMUSH.Library.Models.SharpPlayer: SharpMUSH.Library.Models.SharpPlayer, *System.String: -1*, <null>, Announce)
  	Notify(SharpMUSH.Library.Models.SharpPlayer: SharpMUSH.Library.Models.SharpPlayer, *System.String: -1*, <null>, Announce)
  	Notify(SharpMUSH.Library.Models.SharpPlayer: SharpMUSH.Library.Models.SharpPlayer, *System.String: -1*, <null>, Announce)
  	Notify(SharpMUSH.Library.Models.SharpPlayer: SharpMUSH.Library.Models.SharpPlayer, *System.String: -1*, <null>, Announce)
  	Notify(SharpMUSH.Library.Models.SharpPlayer: SharpMUSH.Library.Models.SharpPlayer, *System.String: -1*, <null>, Announce)
  	Notify(SharpMUSH.Library.Models.SharpPlayer: SharpMUSH.Library.Models.SharpPlayer, *System.String: -1*, <null>, Announce)
  	Notify(SharpMUSH.Library.Models.SharpPlayer: SharpMUSH.Library.Models.SharpPlayer, *System.String: -1*, <null>, Announce)
  	Notify(SharpMUSH.Library.Models.SharpPlayer: SharpMUSH.Library.Models.SharpPlayer, *System.String: -1*, <null>, Announce)
  	Notify(SharpMUSH.Library.Models.SharpPlayer: SharpMUSH.Library.Models.SharpPlayer, *System.String: -1*, <null>, Announce)
  	Notify(SharpMUSH.Library.Models.SharpPlayer: SharpMUSH.Library.Models.SharpPlayer, *System.String: -1*, <null>, Announce)
  	Notify(SharpMUSH.Library.Models.SharpPlayer: SharpMUSH.Library.Models.SharpPlayer, *System.String: -1*, <null>, Announce)
  	Notify(SharpMUSH.Library.Models.SharpPlayer: SharpMUSH.Library.Models.SharpPlayer, *System.String: -1*, <null>, Announce)
  	Notify(SharpMUSH.Library.Models.SharpPlayer: SharpMUSH.Library.Models.SharpPlayer, *System.String: -1*, <null>, Announce)
  	Notify(SharpMUSH.Library.Models.SharpPlayer: SharpMUSH.Library.Models.SharpPlayer, *System.String: -1*, <null>, Announce)
  	Notify(SharpMUSH.Library.Models.SharpPlayer: SharpMUSH.Library.Models.SharpPlayer, *System.String: -1*, <null>, Announce)
  	Notify(SharpMUSH.Library.Models.SharpPlayer: SharpMUSH.Library.Models.SharpPlayer, *System.String: -1*, <null>, Announce)
  	Notify(SharpMUSH.Library.Models.SharpPlayer: SharpMUSH.Library.Models.SharpPlayer, *System.String: -1*, <null>, Announce)
  	Notify(SharpMUSH.Library.Models.SharpPlayer: SharpMUSH.Library.Models.SharpPlayer, *System.String: -1*, <null>, Announce)
  	Notify(SharpMUSH.Library.Models.SharpPlayer: SharpMUSH.Library.Models.SharpPlayer, *System.String: -1*, <null>, Announce)
  	Notify(SharpMUSH.Library.Models.SharpPlayer: SharpMUSH.Library.Models.SharpPlayer, *System.String: -1*, <null>, Announce)
  	Notify(SharpMUSH.Library.Models.SharpPlayer: SharpMUSH.Library.Models.SharpPlayer, *System.String: -1*, <null>, Announce)
  	Notify(SharpMUSH.Library.Models.SharpPlayer: SharpMUSH.Library.Models.SharpPlayer, *System.String: -1*, <null>, Announce)
  	Notify(SharpMUSH.Library.Models.SharpPlayer: SharpMUSH.Library.Models.SharpPlayer, *System.String: -1*, <null>, Announce)
  	Notify(SharpMUSH.Library.Models.SharpPlayer: SharpMUSH.Library.Models.SharpPlayer, *System.String: -1*, <null>, Announce)
  	Notify(SharpMUSH.Library.Models.SharpPlayer: SharpMUSH.Library.Models.SharpPlayer, *System.String: -1*, <null>, Announce)
  	Notify(SharpMUSH.Library.Models.SharpPlayer: SharpMUSH.Library.Models.SharpPlayer, *System.String: -1*, <null>, Announce)
  	Notify(SharpMUSH.Library.Models.SharpPlayer: SharpMUSH.Library.Models.SharpPlayer, *System.String: -1*, <null>, Announce)
  	Notify(SharpMUSH.Library.Models.SharpPlayer: SharpMUSH.Library.Models.SharpPlayer, *System.String: -1*, <null>, Announce)
  	Notify(SharpMUSH.Library.Models.SharpPlayer: SharpMUSH.Library.Models.SharpPlayer, *System.String: -1*, <null>, Announce)
  	Notify(SharpMUSH.Library.Models.SharpPlayer: SharpMUSH.Library.Models.SharpPlayer, *System.String: -1*, <null>, Announce)
  	Notify(SharpMUSH.Library.Models.SharpPlayer: SharpMUSH.Library.Models.SharpPlayer, *System.String: -1*, <null>, Announce)
  	Notify(SharpMUSH.Library.Models.SharpPlayer: SharpMUSH.Library.Models.SharpPlayer, *System.String: -1*, <null>, Announce)
  	Notify(SharpMUSH.Library.Models.SharpPlayer: SharpMUSH.Library.Models.SharpPlayer, *System.String: -1*, <null>, Announce)
  	Notify(SharpMUSH.Library.Models.SharpPlayer: SharpMUSH.Library.Models.SharpPlayer, *System.String: -1*, <null>, Announce)
  	Notify(SharpMUSH.Library.Models.SharpPlayer: SharpMUSH.Library.Models.SharpPlayer, *System.String: -1*, <null>, Announce)
  	Notify(SharpMUSH.Library.Models.SharpPlayer: SharpMUSH.Library.Models.SharpPlayer, *System.String: -1*, <null>, Announce)
  	Notify(SharpMUSH.Library.Models.SharpPlayer: SharpMUSH.Library.Models.SharpPlayer, *System.String: -1*, <null>, Announce)
  	Notify(SharpMUSH.Library.Models.SharpPlayer: SharpMUSH.Library.Models.SharpPlayer, *System.String: -1*, <null>, Announce)
  	Notify(SharpMUSH.Library.Models.SharpPlayer: SharpMUSH.Library.Models.SharpPlayer, *System.String: -1*, <null>, Announce)
  	Notify(SharpMUSH.Library.Models.SharpPlayer: SharpMUSH.Library.Models.SharpPlayer, *System.String: -1*, <null>, Announce)
  	Notify(SharpMUSH.Library.Models.SharpPlayer: SharpMUSH.Library.Models.SharpPlayer, *System.String: -1*, <null>, Announce)
  	Notify(SharpMUSH.Library.Models.SharpPlayer: SharpMUSH.Library.Models.SharpPlayer, *System.String: -1*, <null>, Announce)
  	Notify(SharpMUSH.Library.Models.SharpPlayer: SharpMUSH.Library.Models.SharpPlayer, *System.String: -1*, <null>, Announce)
  	Notify(SharpMUSH.Library.Models.SharpPlayer: SharpMUSH.Library.Models.SharpPlayer, *System.String: -1*, <null>, Announce)
  	Notify(SharpMUSH.Library.Models.SharpPlayer: SharpMUSH.Library.Models.SharpPlayer, *System.String: -1*, <null>, Announce)
  	Notify(SharpMUSH.Library.Models.SharpPlayer: SharpMUSH.Library.Models.SharpPlayer, *System.String: -1*, <null>, Announce)
  	Notify(SharpMUSH.Library.Models.SharpPlayer: SharpMUSH.Library.Models.SharpPlayer, *System.String: -1*, <null>, Announce)
  	Notify(SharpMUSH.Library.Models.SharpPlayer: SharpMUSH.Library.Models.SharpPlayer, *System.String: -1*, <null>, Announce)
  	Notify(SharpMUSH.Library.Models.SharpPlayer: SharpMUSH.Library.Models.SharpPlayer, *System.String: -1*, <null>, Announce)
  	Notify(SharpMUSH.Library.Models.SharpPlayer: SharpMUSH.Library.Models.SharpPlayer, *System.String: -1*, <null>, Announce)
  	Notify(SharpMUSH.Library.Models.SharpPlayer: SharpMUSH.Library.Models.SharpPlayer, *System.String: -1*, <null>, Announce)
  	Notify(SharpMUSH.Library.Models.SharpPlayer: SharpMUSH.Library.Models.SharpPlayer, *System.String: -1*, <null>, Announce)
  	Notify(SharpMUSH.Library.Models.SharpPlayer: SharpMUSH.Library.Models.SharpPlayer, *System.String: -1*, <null>, Announce)
  	Notify(SharpMUSH.Library.Models.SharpPlayer: SharpMUSH.Library.Models.SharpPlayer, *System.String: -1*, <null>, Announce)
  	Notify(SharpMUSH.Library.Models.SharpPlayer: SharpMUSH.Library.Models.SharpPlayer, *System.String: -1*, <null>, Announce)
  	Notify(SharpMUSH.Library.Models.SharpPlayer: SharpMUSH.Library.Models.SharpPlayer, *System.String: -1*, <null>, Announce)
  	Notify(SharpMUSH.Library.Models.SharpPlayer: SharpMUSH.Library.Models.SharpPlayer, *System.String: -1*, <null>, Announce)
  	Notify(SharpMUSH.Library.Models.SharpPlayer: SharpMUSH.Library.Models.SharpPlayer, *System.String: -1*, <null>, Announce)
  	Notify(SharpMUSH.Library.Models.SharpPlayer: SharpMUSH.Library.Models.SharpPlayer, *System.String: -1*, <null>, Announce)
  	Notify(SharpMUSH.Library.Models.SharpPlayer: SharpMUSH.Library.Models.SharpPlayer, *System.String: -1*, <null>, Announce)
  	Notify(SharpMUSH.Library.Models.SharpPlayer: SharpMUSH.Library.Models.SharpPlayer, *System.String: -1*, <null>, Announce)
  	Notify(SharpMUSH.Library.Models.SharpPlayer: SharpMUSH.Library.Models.SharpPlayer, *System.String: -1*, <null>, Announce)
  	Notify(SharpMUSH.Library.Models.SharpPlayer: SharpMUSH.Library.Models.SharpPlayer, *System.String: -1*, <null>, Announce)
  	Notify(SharpMUSH.Library.Models.SharpPlayer: SharpMUSH.Library.Models.SharpPlayer, *System.String: -1*, <null>, Announce)
  	Notify(SharpMUSH.Library.Models.SharpPlayer: SharpMUSH.Library.Models.SharpPlayer, *System.String: -1*, <null>, Announce)
  	Notify(SharpMUSH.Library.Models.SharpPlayer: SharpMUSH.Library.Models.SharpPlayer, *System.String: -1*, <null>, Announce)
  	Notify(SharpMUSH.Library.Models.SharpPlayer: SharpMUSH.Library.Models.SharpPlayer, *System.String: -1*, <null>, Announce)
  	Notify(SharpMUSH.Library.Models.SharpPlayer: SharpMUSH.Library.Models.SharpPlayer, *System.String: -1*, <null>, Announce)
  	Notify(SharpMUSH.Library.Models.SharpPlayer: SharpMUSH.Library.Models.SharpPlayer, *System.String: -1*, <null>, Announce)
  	Notify(SharpMUSH.Library.Models.SharpPlayer: SharpMUSH.Library.Models.SharpPlayer, *System.String: -1*, <null>, Announce)
  	Notify(SharpMUSH.Library.Models.SharpPlayer: SharpMUSH.Library.Models.SharpPlayer, *System.String: -1*, <null>, Announce)
  	Notify(SharpMUSH.Library.Models.SharpPlayer: SharpMUSH.Library.Models.SharpPlayer, *System.String: -1*, <null>, Announce)
  	Notify(SharpMUSH.Library.Models.SharpPlayer: SharpMUSH.Library.Models.SharpPlayer, *System.String: -1*, <null>, Announce)
  	Notify(SharpMUSH.Library.Models.SharpPlayer: SharpMUSH.Library.Models.SharpPlayer, *System.String: -1*, <null>, Announce)
  	Notify(SharpMUSH.Library.Models.SharpPlayer: SharpMUSH.Library.Models.SharpPlayer, *System.String: -1*, <null>, Announce)
  	Notify(SharpMUSH.Library.Models.SharpPlayer: SharpMUSH.Library.Models.SharpPlayer, *System.String: -1*, <null>, Announce)
  	Notify(SharpMUSH.Library.Models.SharpPlayer: SharpMUSH.Library.Models.SharpPlayer, *System.String: -1*, <null>, Announce)
  	Notify(SharpMUSH.Library.Models.SharpPlayer: SharpMUSH.Library.Models.SharpPlayer, *System.String: -1*, <null>, Announce)
  	Notify(SharpMUSH.Library.Models.SharpPlayer: SharpMUSH.Library.Models.SharpPlayer, *System.String: -1*, <null>, Announce)
  	Notify(SharpMUSH.Library.Models.SharpPlayer: SharpMUSH.Library.Models.SharpPlayer, *System.String: -1*, <null>, Announce)
  	Notify(SharpMUSH.Library.Models.SharpPlayer: SharpMUSH.Library.Models.SharpPlayer, *System.String: -1*, <null>, Announce)
  	Notify(SharpMUSH.Library.Models.SharpPlayer: SharpMUSH.Library.Models.SharpPlayer, *System.String: -1*, <null>, Announce)
  	Notify(SharpMUSH.Library.Models.SharpPlayer: SharpMUSH.Library.Models.SharpPlayer, *System.String: -1*, <null>, Announce)
  	Notify(SharpMUSH.Library.Models.SharpPlayer: SharpMUSH.Library.Models.SharpPlayer, *System.String: -1*, <null>, Announce)
  	Notify(SharpMUSH.Library.Models.SharpPlayer: SharpMUSH.Library.Models.SharpPlayer, *System.String: -1*, <null>, Announce)
  	Notify(SharpMUSH.Library.Models.SharpPlayer: SharpMUSH.Library.Models.SharpPlayer, *System.String: -1*, <null>, Announce)
  	Notify(SharpMUSH.Library.Models.SharpPlayer: SharpMUSH.Library.Models.SharpPlayer, *System.String: -1*, <null>, Announce)
  	Notify(SharpMUSH.Library.Models.SharpPlayer: SharpMUSH.Library.Models.SharpPlayer, *System.String: -1*, <null>, Announce)
  	Notify(SharpMUSH.Library.Models.SharpPlayer: SharpMUSH.Library.Models.SharpPlayer, *System.String: -1*, <null>, Announce)
  	Notify(SharpMUSH.Library.Models.SharpPlayer: SharpMUSH.Library.Models.SharpPlayer, *System.String: -1*, <null>, Announce)
  	Notify(SharpMUSH.Library.Models.SharpPlayer: SharpMUSH.Library.Models.SharpPlayer, *System.String: -1*, <null>, Announce)
  	Notify(SharpMUSH.Library.Models.SharpPlayer: SharpMUSH.Library.Models.SharpPlayer, *System.String: -1*, <null>, Announce)
  	Notify(SharpMUSH.Library.Models.SharpPlayer: SharpMUSH.Library.Models.SharpPlayer, *System.String: -1*, <null>, Announce)
  	Notify(SharpMUSH.Library.Models.SharpPlayer: SharpMUSH.Library.Models.SharpPlayer, *System.String: -1*, <null>, Announce)
  	Notify(SharpMUSH.Library.Models.SharpPlayer: SharpMUSH.Library.Models.SharpPlayer, *System.String: -1*, <null>, Announce)
  	Notify(SharpMUSH.Library.Models.SharpPlayer: SharpMUSH.Library.Models.SharpPlayer, *System.String: -1*, <null>, Announce)
  	Notify(SharpMUSH.Library.Models.SharpPlayer: SharpMUSH.Library.Models.SharpPlayer, *System.String: -1*, <null>, Announce)
  	Notify(SharpMUSH.Library.Models.SharpPlayer: SharpMUSH.Library.Models.SharpPlayer, *System.String: -1*, <null>, Announce)
  	Notify(SharpMUSH.Library.Models.SharpPlayer: SharpMUSH.Library.Models.SharpPlayer, *System.String: -1*, <null>, Announce)
  	Notify(SharpMUSH.Library.Models.SharpPlayer: SharpMUSH.Library.Models.SharpPlayer, *System.String: -1*, <null>, Announce)
  	Notify(SharpMUSH.Library.Models.SharpPlayer: SharpMUSH.Library.Models.SharpPlayer, *System.String: -1*, <null>, Announce)
  	Notify(SharpMUSH.Library.Models.SharpPlayer: SharpMUSH.Library.Models.SharpPlayer, *System.String: -1*, <null>, Announce)
  	Notify(SharpMUSH.Library.Models.SharpPlayer: SharpMUSH.Library.Models.SharpPlayer, *System.String: -1*, <null>, Announce)
  	Notify(SharpMUSH.Library.Models.SharpPlayer: SharpMUSH.Library.Models.SharpPlayer, *System.String: -1*, <null>, Announce)
  	Notify(SharpMUSH.Library.Models.SharpPlayer: SharpMUSH.Library.Models.SharpPlayer, *System.String: -1*, <null>, Announce)
  	Notify(SharpMUSH.Library.Models.SharpPlayer: SharpMUSH.Library.Models.SharpPlayer, *System.String: -1*, <null>, Announce)
  	Notify(SharpMUSH.Library.Models.SharpPlayer: SharpMUSH.Library.Models.SharpPlayer, *System.String: -1*, <null>, Announce)
  	Notify(SharpMUSH.Library.Models.SharpPlayer: SharpMUSH.Library.Models.SharpPlayer, *System.String: -1*, <null>, Announce)
  	Notify(SharpMUSH.Library.Models.SharpPlayer: SharpMUSH.Library.Models.SharpPlayer, *System.String: -1*, <null>, Announce)
  	Notify(SharpMUSH.Library.Models.SharpPlayer: SharpMUSH.Library.Models.SharpPlayer, *System.String: -1*, <null>, Announce)
  	Notify(SharpMUSH.Library.Models.SharpPlayer: SharpMUSH.Library.Models.SharpPlayer, *System.String: -1*, <null>, Announce)
  	Notify(SharpMUSH.Library.Models.SharpPlayer: SharpMUSH.Library.Models.SharpPlayer, *System.String: -1*, <null>, Announce)
  	Notify(SharpMUSH.Library.Models.SharpPlayer: SharpMUSH.Library.Models.SharpPlayer, *System.String: -1*, <null>, Announce)
  	Notify(SharpMUSH.Library.Models.SharpPlayer: SharpMUSH.Library.Models.SharpPlayer, *System.String: -1*, <null>, Announce)
  	Notify(SharpMUSH.Library.Models.SharpPlayer: SharpMUSH.Library.Models.SharpPlayer, *System.String: -1*, <null>, Announce)
  	Notify(SharpMUSH.Library.Models.SharpPlayer: SharpMUSH.Library.Models.SharpPlayer, *System.String: -1*, <null>, Announce)
  	Notify(SharpMUSH.Library.Models.SharpPlayer: SharpMUSH.Library.Models.SharpPlayer, *System.String: -1*, <null>, Announce)
  	Notify(SharpMUSH.Library.Models.SharpPlayer: SharpMUSH.Library.Models.SharpPlayer, *System.String: -1*, <null>, Announce)
  	Notify(SharpMUSH.Library.Models.SharpPlayer: SharpMUSH.Library.Models.SharpPlayer, *System.String: -1*, <null>, Announce)
  	Notify(SharpMUSH.Library.Models.SharpPlayer: SharpMUSH.Library.Models.SharpPlayer, *System.String: -1*, <null>, Announce)
  	Notify(SharpMUSH.Library.Models.SharpPlayer: SharpMUSH.Library.Models.SharpPlayer, *System.String: -1*, <null>, Announce)
  	Notify(SharpMUSH.Library.Models.SharpPlayer: SharpMUSH.Library.Models.SharpPlayer, *System.String: -1*, <null>, Announce)
  	Notify(SharpMUSH.Library.Models.SharpPlayer: SharpMUSH.Library.Models.SharpPlayer, *System.String: -1*, <null>, Announce)
  	Notify(SharpMUSH.Library.Models.SharpPlayer: SharpMUSH.Library.Models.SharpPlayer, *System.String: -1*, <null>, Announce)
  	Notify(SharpMUSH.Library.Models.SharpPlayer: SharpMUSH.Library.Models.SharpPlayer, *System.String: -1*, <null>, Announce)
  	Notify(SharpMUSH.Library.Models.SharpPlayer: SharpMUSH.Library.Models.SharpPlayer, *System.String: -1*, <null>, Announce)
  	Notify(SharpMUSH.Library.Models.SharpPlayer: SharpMUSH.Library.Models.SharpPlayer, *System.String: -1*, <null>, Announce)
  	Notify(SharpMUSH.Library.Models.SharpPlayer: SharpMUSH.Library.Models.SharpPlayer, *System.String: -1*, <null>, Announce)
  	Notify(SharpMUSH.Library.Models.SharpPlayer: SharpMUSH.Library.Models.SharpPlayer, *System.String: -1*, <null>, Announce)
  	Notify(SharpMUSH.Library.Models.SharpPlayer: SharpMUSH.Library.Models.SharpPlayer, *System.String: -1*, <null>, Announce)
  	Notify(SharpMUSH.Library.Models.SharpPlayer: SharpMUSH.Library.Models.SharpPlayer, *System.String: -1*, <null>, Announce)
  	Notify(SharpMUSH.Library.Models.SharpPlayer: SharpMUSH.Library.Models.SharpPlayer, *System.String: -1*, <null>, Announce)
  	Notify(SharpMUSH.Library.Models.SharpPlayer: SharpMUSH.Library.Models.SharpPlayer, *System.String: -1*, <null>, Announce)
  	Notify(SharpMUSH.Library.Models.SharpPlayer: SharpMUSH.Library.Models.SharpPlayer, *System.String: -1*, <null>, Announce)
  	Notify(SharpMUSH.Library.Models.SharpPlayer: SharpMUSH.Library.Models.SharpPlayer, *System.String: -1*, <null>, Announce)
  	Notify(SharpMUSH.Library.Models.SharpPlayer: SharpMUSH.Library.Models.SharpPlayer, *System.String: -1*, <null>, Announce)
  	Notify(SharpMUSH.Library.Models.SharpPlayer: SharpMUSH.Library.Models.SharpPlayer, *System.String: -1*, <null>, Announce)
  	Notify(SharpMUSH.Library.Models.SharpPlayer: SharpMUSH.Library.Models.SharpPlayer, *System.String: -1*, <null>, Announce)
  	Notify(SharpMUSH.Library.Models.SharpPlayer: SharpMUSH.Library.Models.SharpPlayer, *System.String: -1*, <null>, Announce)
  	Notify(SharpMUSH.Library.Models.SharpPlayer: SharpMUSH.Library.Models.SharpPlayer, *System.String: -1*, <null>, Announce)
  	Notify(SharpMUSH.Library.Models.SharpPlayer: SharpMUSH.Library.Models.SharpPlayer, *System.String: -1*, <null>, Announce)
  	Notify(SharpMUSH.Library.Models.SharpPlayer: SharpMUSH.Library.Models.SharpPlayer, *System.String: -1*, <null>, Announce)
  	Notify(SharpMUSH.Library.Models.SharpPlayer: SharpMUSH.Library.Models.SharpPlayer, *System.String: -1*, <null>, Announce)
  	Notify(SharpMUSH.Library.Models.SharpPlayer: SharpMUSH.Library.Models.SharpPlayer, *System.String: -1*, <null>, Announce)
  	Notify(SharpMUSH.Library.Models.SharpPlayer: SharpMUSH.Library.Models.SharpPlayer, *System.String: -1*, <null>, Announce)
  	Notify(SharpMUSH.Library.Models.SharpPlayer: SharpMUSH.Library.Models.SharpPlayer, *System.String: -1*, <null>, Announce)
  	Notify(SharpMUSH.Library.Models.SharpPlayer: SharpMUSH.Library.Models.SharpPlayer, *System.String: -1*, <null>, Announce)
  	Notify(SharpMUSH.Library.Models.SharpPlayer: SharpMUSH.Library.Models.SharpPlayer, *System.String: -1*, <null>, Announce)
  	Notify(SharpMUSH.Library.Models.SharpPlayer: SharpMUSH.Library.Models.SharpPlayer, *System.String: -1*, <null>, Announce)
  	Notify(SharpMUSH.Library.Models.SharpPlayer: SharpMUSH.Library.Models.SharpPlayer, *System.String: -1*, <null>, Announce)
  	Notify(SharpMUSH.Library.Models.SharpPlayer: SharpMUSH.Library.Models.SharpPlayer, *System.String: -1*, <null>, Announce)
  	Notify(SharpMUSH.Library.Models.SharpPlayer: SharpMUSH.Library.Models.SharpPlayer, *System.String: -1*, <null>, Announce)
  	Notify(SharpMUSH.Library.Models.SharpPlayer: SharpMUSH.Library.Models.SharpPlayer, *System.String: -1*, <null>, Announce)
  	Notify(SharpMUSH.Library.Models.SharpPlayer: SharpMUSH.Library.Models.SharpPlayer, *System.String: -1*, <null>, Announce)
  	Notify(SharpMUSH.Library.Models.SharpPlayer: SharpMUSH.Library.Models.SharpPlayer, *System.String: -1*, <null>, Announce)
  	Notify(SharpMUSH.Library.Models.SharpPlayer: SharpMUSH.Library.Models.SharpPlayer, *System.String: -1*, <null>, Announce)
  	Notify(SharpMUSH.Library.Models.SharpPlayer: SharpMUSH.Library.Models.SharpPlayer, *System.String: -1*, <null>, Announce)
  	Notify(SharpMUSH.Library.Models.SharpPlayer: SharpMUSH.Library.Models.SharpPlayer, *System.String: -1*, <null>, Announce)
  	Notify(SharpMUSH.Library.Models.SharpPlayer: SharpMUSH.Library.Models.SharpPlayer, *System.String: -1*, <null>, Announce)
  	Notify(SharpMUSH.Library.Models.SharpPlayer: SharpMUSH.Library.Models.SharpPlayer, *System.String: -1*, <null>, Announce)
  	Notify(SharpMUSH.Library.Models.SharpPlayer: SharpMUSH.Library.Models.SharpPlayer, *System.String: -1*, <null>, Announce)
  	Notify(SharpMUSH.Library.Models.SharpPlayer: SharpMUSH.Library.Models.SharpPlayer, *System.String: -1*, <null>, Announce)
  	Notify(SharpMUSH.Library.Models.SharpPlayer: SharpMUSH.Library.Models.SharpPlayer, *System.String: -1*, <null>, Announce)
  	Notify(SharpMUSH.Library.Models.SharpPlayer: SharpMUSH.Library.Models.SharpPlayer, *System.String: -1*, <null>, Announce)
  	Notify(SharpMUSH.Library.Models.SharpPlayer: SharpMUSH.Library.Models.SharpPlayer, *System.String: -1*, <null>, Announce)
  	Notify(SharpMUSH.Library.Models.SharpPlayer: SharpMUSH.Library.Models.SharpPlayer, *System.String: -1*, <null>, Announce)
  	Notify(SharpMUSH.Library.Models.SharpPlayer: SharpMUSH.Library.Models.SharpPlayer, *System.String: -1*, <null>, Announce)
  	Notify(SharpMUSH.Library.Models.SharpPlayer: SharpMUSH.Library.Models.SharpPlayer, *System.String: -1*, <null>, Announce)
  	Notify(SharpMUSH.Library.Models.SharpPlayer: SharpMUSH.Library.Models.SharpPlayer, *System.String: -1*, <null>, Announce)
  	Notify(SharpMUSH.Library.Models.SharpPlayer: SharpMUSH.Library.Models.SharpPlayer, *System.String: -1*, <null>, Announce)
  	Notify(SharpMUSH.Library.Models.SharpPlayer: SharpMUSH.Library.Models.SharpPlayer, *System.String: -1*, <null>, Announce)
  	Notify(SharpMUSH.Library.Models.SharpPlayer: SharpMUSH.Library.Models.SharpPlayer, *System.String: -1*, <null>, Announce)
  	Notify(SharpMUSH.Library.Models.SharpPlayer: SharpMUSH.Library.Models.SharpPlayer, *System.String: -1*, <null>, Announce)
  	Notify(SharpMUSH.Library.Models.SharpPlayer: SharpMUSH.Library.Models.SharpPlayer, *System.String: -1*, <null>, Announce)
  	Notify(SharpMUSH.Library.Models.SharpPlayer: SharpMUSH.Library.Models.SharpPlayer, *System.String: -1*, <null>, Announce)
  	Notify(SharpMUSH.Library.Models.SharpPlayer: SharpMUSH.Library.Models.SharpPlayer, *System.String: -1*, <null>, Announce)
  	Notify(SharpMUSH.Library.Models.SharpPlayer: SharpMUSH.Library.Models.SharpPlayer, *System.String: -1*, <null>, Announce)
  	Notify(SharpMUSH.Library.Models.SharpPlayer: SharpMUSH.Library.Models.SharpPlayer, *System.String: -1*, <null>, Announce)
  	Notify(SharpMUSH.Library.Models.SharpPlayer: SharpMUSH.Library.Models.SharpPlayer, *System.String: -1*, <null>, Announce)
  	Notify(SharpMUSH.Library.Models.SharpPlayer: SharpMUSH.Library.Models.SharpPlayer, *System.String: -1*, <null>, Announce)
  	Notify(SharpMUSH.Library.Models.SharpPlayer: SharpMUSH.Library.Models.SharpPlayer, *System.String: -1*, <null>, Announce)
  	Notify(SharpMUSH.Library.Models.SharpPlayer: SharpMUSH.Library.Models.SharpPlayer, *System.String: -1*, <null>, Announce)
  	Notify(SharpMUSH.Library.Models.SharpPlayer: SharpMUSH.Library.Models.SharpPlayer, *System.String: -1*, <null>, Announce)
  	Notify(SharpMUSH.Library.Models.SharpPlayer: SharpMUSH.Library.Models.SharpPlayer, *System.String: -1*, <null>, Announce)
  	Notify(SharpMUSH.Library.Models.SharpPlayer: SharpMUSH.Library.Models.SharpPlayer, *System.String: -1*, <null>, Announce)
  	Notify(SharpMUSH.Library.Models.SharpPlayer: SharpMUSH.Library.Models.SharpPlayer, *System.String: -1*, <null>, Announce)
  	Notify(SharpMUSH.Library.Models.SharpPlayer: SharpMUSH.Library.Models.SharpPlayer, *System.String: -1*, <null>, Announce)
  	Notify(SharpMUSH.Library.Models.SharpPlayer: SharpMUSH.Library.Models.SharpPlayer, *System.String: -1*, <null>, Announce)
  	Notify(SharpMUSH.Library.Models.SharpPlayer: SharpMUSH.Library.Models.SharpPlayer, *System.String: -1*, <null>, Announce)
  	Notify(SharpMUSH.Library.Models.SharpPlayer: SharpMUSH.Library.Models.SharpPlayer, *System.String: -1*, <null>, Announce)
  	Notify(SharpMUSH.Library.Models.SharpPlayer: SharpMUSH.Library.Models.SharpPlayer, *System.String: -1*, <null>, Announce)
  	Notify(SharpMUSH.Library.Models.SharpPlayer: SharpMUSH.Library.Models.SharpPlayer, *System.String: -1*, <null>, Announce)
  	Notify(SharpMUSH.Library.Models.SharpPlayer: SharpMUSH.Library.Models.SharpPlayer, *System.String: -1*, <null>, Announce)
  	Notify(SharpMUSH.Library.Models.SharpPlayer: SharpMUSH.Library.Models.SharpPlayer, *System.String: -1*, <null>, Announce)
  	Notify(SharpMUSH.Library.Models.SharpPlayer: SharpMUSH.Library.Models.SharpPlayer, *System.String: -1*, <null>, Announce)
  	Notify(SharpMUSH.Library.Models.SharpPlayer: SharpMUSH.Library.Models.SharpPlayer, *System.String: -1*, <null>, Announce)
  	Notify(SharpMUSH.Library.Models.SharpPlayer: SharpMUSH.Library.Models.SharpPlayer, *System.String: -1*, <null>, Announce)
  	Notify(SharpMUSH.Library.Models.SharpPlayer: SharpMUSH.Library.Models.SharpPlayer, *System.String: -1*, <null>, Announce)
  	Notify(SharpMUSH.Library.Models.SharpPlayer: SharpMUSH.Library.Models.SharpPlayer, *System.String: -1*, <null>, Announce)
  	Notify(SharpMUSH.Library.Models.SharpPlayer: SharpMUSH.Library.Models.SharpPlayer, *System.String: -1*, <null>, Announce)
  	Notify(SharpMUSH.Library.Models.SharpPlayer: SharpMUSH.Library.Models.SharpPlayer, *System.String: -1*, <null>, Announce)
  	Notify(SharpMUSH.Library.Models.SharpPlayer: SharpMUSH.Library.Models.SharpPlayer, *System.String: -1*, <null>, Announce)
  	Notify(SharpMUSH.Library.Models.SharpPlayer: SharpMUSH.Library.Models.SharpPlayer, *System.String: -1*, <null>, Announce)
  	Notify(SharpMUSH.Library.Models.SharpPlayer: SharpMUSH.Library.Models.SharpPlayer, *System.String: -1*, <null>, Announce)
  	Notify(SharpMUSH.Library.Models.SharpPlayer: SharpMUSH.Library.Models.SharpPlayer, *System.String: -1*, <null>, Announce)
  	Notify(SharpMUSH.Library.Models.SharpPlayer: SharpMUSH.Library.Models.SharpPlayer, *System.String: -1*, <null>, Announce)
  	Notify(SharpMUSH.Library.Models.SharpPlayer: SharpMUSH.Library.Models.SharpPlayer, *System.String: -1*, <null>, Announce)
  	Notify(SharpMUSH.Library.Models.SharpPlayer: SharpMUSH.Library.Models.SharpPlayer, *System.String: -1*, <null>, Announce)
  	Notify(SharpMUSH.Library.Models.SharpPlayer: SharpMUSH.Library.Models.SharpPlayer, *System.String: -1*, <null>, Announce)
  	Notify(SharpMUSH.Library.Models.SharpPlayer: SharpMUSH.Library.Models.SharpPlayer, *System.String: -1*, <null>, Announce)
  	Notify(SharpMUSH.Library.Models.SharpPlayer: SharpMUSH.Library.Models.SharpPlayer, *System.String: -1*, <null>, Announce)
  	Notify(SharpMUSH.Library.Models.SharpPlayer: SharpMUSH.Library.Models.SharpPlayer, *System.String: -1*, <null>, Announce)
  	Notify(SharpMUSH.Library.Models.SharpPlayer: SharpMUSH.Library.Models.SharpPlayer, *System.String: -1*, <null>, Announce)
  	Notify(SharpMUSH.Library.Models.SharpPlayer: SharpMUSH.Library.Models.SharpPlayer, *System.String: -1*, <null>, Announce)
  	Notify(SharpMUSH.Library.Models.SharpPlayer: SharpMUSH.Library.Models.SharpPlayer, *System.String: -1*, <null>, Announce)
  	Notify(SharpMUSH.Library.Models.SharpPlayer: SharpMUSH.Library.Models.SharpPlayer, *System.String: -1*, <null>, Announce)
  	Notify(SharpMUSH.Library.Models.SharpPlayer: SharpMUSH.Library.Models.SharpPlayer, *System.String: -1*, <null>, Announce)
  	Notify(SharpMUSH.Library.Models.SharpPlayer: SharpMUSH.Library.Models.SharpPlayer, *System.String: -1*, <null>, Announce)
  	Notify(SharpMUSH.Library.Models.SharpPlayer: SharpMUSH.Library.Models.SharpPlayer, *System.String: -1*, <null>, Announce)
  	Notify(SharpMUSH.Library.Models.SharpPlayer: SharpMUSH.Library.Models.SharpPlayer, *System.String: -1*, <null>, Announce)
  	Notify(SharpMUSH.Library.Models.SharpPlayer: SharpMUSH.Library.Models.SharpPlayer, *System.String: -1*, <null>, Announce)
  	Notify(SharpMUSH.Library.Models.SharpPlayer: SharpMUSH.Library.Models.SharpPlayer, *System.String: -1*, <null>, Announce)
  	Notify(SharpMUSH.Library.Models.SharpPlayer: SharpMUSH.Library.Models.SharpPlayer, *System.String: -1*, <null>, Announce)
  	Notify(SharpMUSH.Library.Models.SharpPlayer: SharpMUSH.Library.Models.SharpPlayer, *System.String: -1*, <null>, Announce)
  	Notify(SharpMUSH.Library.Models.SharpPlayer: SharpMUSH.Library.Models.SharpPlayer, *System.String: -1*, <null>, Announce)
  	Notify(SharpMUSH.Library.Models.SharpPlayer: SharpMUSH.Library.Models.SharpPlayer, *System.String: -1*, <null>, Announce)
  	Notify(SharpMUSH.Library.Models.SharpPlayer: SharpMUSH.Library.Models.SharpPlayer, *System.String: -1*, <null>, Announce)
  	Notify(SharpMUSH.Library.Models.SharpPlayer: SharpMUSH.Library.Models.SharpPlayer, *System.String: -1*, <null>, Announce)
  	Notify(SharpMUSH.Library.Models.SharpPlayer: SharpMUSH.Library.Models.SharpPlayer, *System.String: -1*, <null>, Announce)
  	Notify(SharpMUSH.Library.Models.SharpPlayer: SharpMUSH.Library.Models.SharpPlayer, *System.String: -1*, <null>, Announce)
  	Notify(SharpMUSH.Library.Models.SharpPlayer: SharpMUSH.Library.Models.SharpPlayer, *System.String: -1*, <null>, Announce)
  	Notify(SharpMUSH.Library.Models.SharpPlayer: SharpMUSH.Library.Models.SharpPlayer, *System.String: -1*, <null>, Announce)
  	Notify(SharpMUSH.Library.Models.SharpPlayer: SharpMUSH.Library.Models.SharpPlayer, *System.String: -1*, <null>, Announce)
  	Notify(SharpMUSH.Library.Models.SharpPlayer: SharpMUSH.Library.Models.SharpPlayer, *System.String: -1*, <null>, Announce)
  	Notify(SharpMUSH.Library.Models.SharpPlayer: SharpMUSH.Library.Models.SharpPlayer, *System.String: -1*, <null>, Announce)
  	Notify(SharpMUSH.Library.Models.SharpPlayer: SharpMUSH.Library.Models.SharpPlayer, *System.String: -1*, <null>, Announce)
  	Notify(SharpMUSH.Library.Models.SharpPlayer: SharpMUSH.Library.Models.SharpPlayer, *System.String: -1*, <null>, Announce)
  	Notify(SharpMUSH.Library.Models.SharpPlayer: SharpMUSH.Library.Models.SharpPlayer, *System.String: -1*, <null>, Announce)
  	Notify(SharpMUSH.Library.Models.SharpPlayer: SharpMUSH.Library.Models.SharpPlayer, *System.String: -1*, <null>, Announce)
  	Notify(SharpMUSH.Library.Models.SharpPlayer: SharpMUSH.Library.Models.SharpPlayer, *System.String: -1*, <null>, Announce)
  	Notify(SharpMUSH.Library.Models.SharpPlayer: SharpMUSH.Library.Models.SharpPlayer, *System.String: -1*, <null>, Announce)
  	Notify(SharpMUSH.Library.Models.SharpPlayer: SharpMUSH.Library.Models.SharpPlayer, *System.String: -1*, <null>, Announce)
  	Notify(SharpMUSH.Library.Models.SharpPlayer: SharpMUSH.Library.Models.SharpPlayer, *System.String: -1*, <null>, Announce)
  	Notify(SharpMUSH.Library.Models.SharpPlayer: SharpMUSH.Library.Models.SharpPlayer, *System.String: -1*, <null>, Announce)
  	Notify(SharpMUSH.Library.Models.SharpPlayer: SharpMUSH.Library.Models.SharpPlayer, *System.String: -1*, <null>, Announce)
  	Notify(SharpMUSH.Library.Models.SharpPlayer: SharpMUSH.Library.Models.SharpPlayer, *System.String: -1*, <null>, Announce)
  	Notify(SharpMUSH.Library.Models.SharpPlayer: SharpMUSH.Library.Models.SharpPlayer, *System.String: -1*, <null>, Announce)
  	Notify(SharpMUSH.Library.Models.SharpPlayer: SharpMUSH.Library.Models.SharpPlayer, *System.String: -1*, <null>, Announce)
  	Notify(SharpMUSH.Library.Models.SharpPlayer: SharpMUSH.Library.Models.SharpPlayer, *System.String: -1*, <null>, Announce)
  	Notify(SharpMUSH.Library.Models.SharpPlayer: SharpMUSH.Library.Models.SharpPlayer, *System.String: -1*, <null>, Announce)
  	Notify(SharpMUSH.Library.Models.SharpPlayer: SharpMUSH.Library.Models.SharpPlayer, *System.String: -1*, <null>, Announce)
  	Notify(SharpMUSH.Library.Models.SharpPlayer: SharpMUSH.Library.Models.SharpPlayer, *System.String: -1*, <null>, Announce)
  	Notify(SharpMUSH.Library.Models.SharpPlayer: SharpMUSH.Library.Models.SharpPlayer, *System.String: -1*, <null>, Announce)
  	Notify(SharpMUSH.Library.Models.SharpPlayer: SharpMUSH.Library.Models.SharpPlayer, *System.String: -1*, <null>, Announce)
  	Notify(SharpMUSH.Library.Models.SharpPlayer: SharpMUSH.Library.Models.SharpPlayer, *System.String: -1*, <null>, Announce)
  	Notify(SharpMUSH.Library.Models.SharpPlayer: SharpMUSH.Library.Models.SharpPlayer, *System.String: -1*, <null>, Announce)
  	Notify(SharpMUSH.Library.Models.SharpPlayer: SharpMUSH.Library.Models.SharpPlayer, *System.String: -1*, <null>, Announce)
  	Notify(SharpMUSH.Library.Models.SharpPlayer: SharpMUSH.Library.Models.SharpPlayer, *System.String: -1*, <null>, Announce)
  	Notify(SharpMUSH.Library.Models.SharpPlayer: SharpMUSH.Library.Models.SharpPlayer, *System.String: -1*, <null>, Announce)
  	Notify(SharpMUSH.Library.Models.SharpPlayer: SharpMUSH.Library.Models.SharpPlayer, *System.String: -1*, <null>, Announce)
  	Notify(SharpMUSH.Library.Models.SharpPlayer: SharpMUSH.Library.Models.SharpPlayer, *System.String: -1*, <null>, Announce)
  	Notify(SharpMUSH.Library.Models.SharpPlayer: SharpMUSH.Library.Models.SharpPlayer, *System.String: -1*, <null>, Announce)
  	Notify(SharpMUSH.Library.Models.SharpPlayer: SharpMUSH.Library.Models.SharpPlayer, *System.String: -1*, <null>, Announce)
  	Notify(SharpMUSH.Library.Models.SharpPlayer: SharpMUSH.Library.Models.SharpPlayer, *System.String: -1*, <null>, Announce)
  	Notify(SharpMUSH.Library.Models.SharpPlayer: SharpMUSH.Library.Models.SharpPlayer, *System.String: -1*, <null>, Announce)
  	Notify(SharpMUSH.Library.Models.SharpPlayer: SharpMUSH.Library.Models.SharpPlayer, *System.String: -1*, <null>, Announce)
  	Notify(SharpMUSH.Library.Models.SharpPlayer: SharpMUSH.Library.Models.SharpPlayer, *System.String: -1*, <null>, Announce)
  	Notify(SharpMUSH.Library.Models.SharpPlayer: SharpMUSH.Library.Models.SharpPlayer, *System.String: -1*, <null>, Announce)
  	Notify(SharpMUSH.Library.Models.SharpPlayer: SharpMUSH.Library.Models.SharpPlayer, *System.String: -1*, <null>, Announce)
  	Notify(SharpMUSH.Library.Models.SharpPlayer: SharpMUSH.Library.Models.SharpPlayer, *System.String: -1*, <null>, Announce)
  	Notify(SharpMUSH.Library.Models.SharpPlayer: SharpMUSH.Library.Models.SharpPlayer, *System.String: -1*, <null>, Announce)
  	Notify(SharpMUSH.Library.Models.SharpPlayer: SharpMUSH.Library.Models.SharpPlayer, *System.String: -1*, <null>, Announce)
  	Notify(SharpMUSH.Library.Models.SharpPlayer: SharpMUSH.Library.Models.SharpPlayer, *System.String: -1*, <null>, Announce)
  	Notify(SharpMUSH.Library.Models.SharpPlayer: SharpMUSH.Library.Models.SharpPlayer, *System.String: -1*, <null>, Announce)
  	Notify(SharpMUSH.Library.Models.SharpPlayer: SharpMUSH.Library.Models.SharpPlayer, *System.String: -1*, <null>, Announce)
  	Notify(SharpMUSH.Library.Models.SharpPlayer: SharpMUSH.Library.Models.SharpPlayer, *System.String: -1*, <null>, Announce)
  	Notify(SharpMUSH.Library.Models.SharpPlayer: SharpMUSH.Library.Models.SharpPlayer, *System.String: -1*, <null>, Announce)
  	Notify(SharpMUSH.Library.Models.SharpPlayer: SharpMUSH.Library.Models.SharpPlayer, *System.String: -1*, <null>, Announce)
  	Notify(SharpMUSH.Library.Models.SharpPlayer: SharpMUSH.Library.Models.SharpPlayer, *System.String: -1*, <null>, Announce)
  	Notify(SharpMUSH.Library.Models.SharpPlayer: SharpMUSH.Library.Models.SharpPlayer, *System.String: -1*, <null>, Announce)
  	Notify(SharpMUSH.Library.Models.SharpPlayer: SharpMUSH.Library.Models.SharpPlayer, *System.String: -1*, <null>, Announce)
  	Notify(SharpMUSH.Library.Models.SharpPlayer: SharpMUSH.Library.Models.SharpPlayer, *System.String: -1*, <null>, Announce)
  	Notify(SharpMUSH.Library.Models.SharpPlayer: SharpMUSH.Library.Models.SharpPlayer, *System.String: -1*, <null>, Announce)
  	Notify(SharpMUSH.Library.Models.SharpPlayer: SharpMUSH.Library.Models.SharpPlayer, *System.String: -1*, <null>, Announce)
  	Notify(SharpMUSH.Library.Models.SharpPlayer: SharpMUSH.Library.Models.SharpPlayer, *System.String: -1*, <null>, Announce)
  	Notify(SharpMUSH.Library.Models.SharpPlayer: SharpMUSH.Library.Models.SharpPlayer, *System.String: -1*, <null>, Announce)
  	Notify(SharpMUSH.Library.Models.SharpPlayer: SharpMUSH.Library.Models.SharpPlayer, *System.String: -1*, <null>, Announce)
  	Notify(SharpMUSH.Library.Models.SharpPlayer: SharpMUSH.Library.Models.SharpPlayer, *System.String: -1*, <null>, Announce)
  	Notify(SharpMUSH.Library.Models.SharpPlayer: SharpMUSH.Library.Models.SharpPlayer, *System.String: -1*, <null>, Announce)
  	Notify(SharpMUSH.Library.Models.SharpPlayer: SharpMUSH.Library.Models.SharpPlayer, *System.String: -1*, <null>, Announce)
  	Notify(SharpMUSH.Library.Models.SharpPlayer: SharpMUSH.Library.Models.SharpPlayer, *System.String: -1*, <null>, Announce)
  	Notify(SharpMUSH.Library.Models.SharpPlayer: SharpMUSH.Library.Models.SharpPlayer, *System.String: -1*, <null>, Announce)
  	Notify(SharpMUSH.Library.Models.SharpPlayer: SharpMUSH.Library.Models.SharpPlayer, *System.String: -1*, <null>, Announce)
  	Notify(SharpMUSH.Library.Models.SharpPlayer: SharpMUSH.Library.Models.SharpPlayer, *System.String: -1*, <null>, Announce)
  	Notify(SharpMUSH.Library.Models.SharpPlayer: SharpMUSH.Library.Models.SharpPlayer, *System.String: -1*, <null>, Announce)
  	Notify(SharpMUSH.Library.Models.SharpPlayer: SharpMUSH.Library.Models.SharpPlayer, *System.String: -1*, <null>, Announce)
  	Notify(SharpMUSH.Library.Models.SharpPlayer: SharpMUSH.Library.Models.SharpPlayer, *System.String: -1*, <null>, Announce)
  	Notify(SharpMUSH.Library.Models.SharpPlayer: SharpMUSH.Library.Models.SharpPlayer, *System.String: -1*, <null>, Announce)
  	Notify(SharpMUSH.Library.Models.SharpPlayer: SharpMUSH.Library.Models.SharpPlayer, *System.String: -1*, <null>, Announce)
  	Notify(SharpMUSH.Library.Models.SharpPlayer: SharpMUSH.Library.Models.SharpPlayer, *System.String: -1*, <null>, Announce)
  	Notify(SharpMUSH.Library.Models.SharpPlayer: SharpMUSH.Library.Models.SharpPlayer, *System.String: -1*, <null>, Announce)
  	Notify(SharpMUSH.Library.Models.SharpPlayer: SharpMUSH.Library.Models.SharpPlayer, *System.String: -1*, <null>, Announce)
  	Notify(SharpMUSH.Library.Models.SharpPlayer: SharpMUSH.Library.Models.SharpPlayer, *System.String: -1*, <null>, Announce)
  	Notify(SharpMUSH.Library.Models.SharpPlayer: SharpMUSH.Library.Models.SharpPlayer, *System.String: -1*, <null>, Announce)
  	Notify(SharpMUSH.Library.Models.SharpPlayer: SharpMUSH.Library.Models.SharpPlayer, *System.String: -1*, <null>, Announce)
  	Notify(SharpMUSH.Library.Models.SharpPlayer: SharpMUSH.Library.Models.SharpPlayer, *System.String: -1*, <null>, Announce)
  	Notify(SharpMUSH.Library.Models.SharpPlayer: SharpMUSH.Library.Models.SharpPlayer, *System.String: -1*, <null>, Announce)
  	Notify(SharpMUSH.Library.Models.SharpPlayer: SharpMUSH.Library.Models.SharpPlayer, *System.String: -1*, <null>, Announce)
  	Notify(SharpMUSH.Library.Models.SharpPlayer: SharpMUSH.Library.Models.SharpPlayer, *System.String: -1*, <null>, Announce)
  	Notify(SharpMUSH.Library.Models.SharpPlayer: SharpMUSH.Library.Models.SharpPlayer, *System.String: -1*, <null>, Announce)
  	Notify(SharpMUSH.Library.Models.SharpPlayer: SharpMUSH.Library.Models.SharpPlayer, *System.String: -1*, <null>, Announce)
  	Notify(SharpMUSH.Library.Models.SharpPlayer: SharpMUSH.Library.Models.SharpPlayer, *System.String: -1*, <null>, Announce)
  	Notify(SharpMUSH.Library.Models.SharpPlayer: SharpMUSH.Library.Models.SharpPlayer, *System.String: -1*, <null>, Announce)
  	Notify(SharpMUSH.Library.Models.SharpPlayer: SharpMUSH.Library.Models.SharpPlayer, *System.String: -1*, <null>, Announce)
  	Notify(SharpMUSH.Library.Models.SharpPlayer: SharpMUSH.Library.Models.SharpPlayer, *System.String: -1*, <null>, Announce)
  	Notify(SharpMUSH.Library.Models.SharpPlayer: SharpMUSH.Library.Models.SharpPlayer, *System.String: -1*, <null>, Announce)
  	Notify(SharpMUSH.Library.Models.SharpPlayer: SharpMUSH.Library.Models.SharpPlayer, *System.String: -1*, <null>, Announce)
  	Notify(SharpMUSH.Library.Models.SharpPlayer: SharpMUSH.Library.Models.SharpPlayer, *System.String: -1*, <null>, Announce)
  	Notify(SharpMUSH.Library.Models.SharpPlayer: SharpMUSH.Library.Models.SharpPlayer, *System.String: -1*, <null>, Announce)
  	Notify(SharpMUSH.Library.Models.SharpPlayer: SharpMUSH.Library.Models.SharpPlayer, *System.String: -1*, <null>, Announce)
  	Notify(SharpMUSH.Library.Models.SharpPlayer: SharpMUSH.Library.Models.SharpPlayer, *System.String: -1*, <null>, Announce)
  	Notify(SharpMUSH.Library.Models.SharpPlayer: SharpMUSH.Library.Models.SharpPlayer, *System.String: -1*, <null>, Announce)
  	Notify(SharpMUSH.Library.Models.SharpPlayer: SharpMUSH.Library.Models.SharpPlayer, *System.String: -1*, <null>, Announce)
  	Notify(SharpMUSH.Library.Models.SharpPlayer: SharpMUSH.Library.Models.SharpPlayer, *System.String: -1*, <null>, Announce)
  	Notify(SharpMUSH.Library.Models.SharpPlayer: SharpMUSH.Library.Models.SharpPlayer, *System.String: -1*, <null>, Announce)
  	Notify(SharpMUSH.Library.Models.SharpPlayer: SharpMUSH.Library.Models.SharpPlayer, *System.String: -1*, <null>, Announce)
  	Notify(SharpMUSH.Library.Models.SharpPlayer: SharpMUSH.Library.Models.SharpPlayer, *System.String: -1*, <null>, Announce)
  	Notify(SharpMUSH.Library.Models.SharpPlayer: SharpMUSH.Library.Models.SharpPlayer, *System.String: -1*, <null>, Announce)
  	Notify(SharpMUSH.Library.Models.SharpPlayer: SharpMUSH.Library.Models.SharpPlayer, *System.String: -1*, <null>, Announce)
  	Notify(SharpMUSH.Library.Models.SharpPlayer: SharpMUSH.Library.Models.SharpPlayer, *System.String: -1*, <null>, Announce)
  	Notify(SharpMUSH.Library.Models.SharpPlayer: SharpMUSH.Library.Models.SharpPlayer, *System.String: -1*, <null>, Announce)
  	Notify(SharpMUSH.Library.Models.SharpPlayer: SharpMUSH.Library.Models.SharpPlayer, *System.String: -1*, <null>, Announce)
  	Notify(SharpMUSH.Library.Models.SharpPlayer: SharpMUSH.Library.Models.SharpPlayer, *System.String: -1*, <null>, Announce)
  	Notify(SharpMUSH.Library.Models.SharpPlayer: SharpMUSH.Library.Models.SharpPlayer, *System.String: -1*, <null>, Announce)
  	Notify(SharpMUSH.Library.Models.SharpPlayer: SharpMUSH.Library.Models.SharpPlayer, *System.String: -1*, <null>, Announce)
  	Notify(SharpMUSH.Library.Models.SharpPlayer: SharpMUSH.Library.Models.SharpPlayer, *System.String: -1*, <null>, Announce)
  	Notify(SharpMUSH.Library.Models.SharpPlayer: SharpMUSH.Library.Models.SharpPlayer, *System.String: -1*, <null>, Announce)
  	Notify(SharpMUSH.Library.Models.SharpPlayer: SharpMUSH.Library.Models.SharpPlayer, *System.String: -1*, <null>, Announce)
  	Notify(SharpMUSH.Library.Models.SharpPlayer: SharpMUSH.Library.Models.SharpPlayer, *System.String: -1*, <null>, Announce)
  	Notify(SharpMUSH.Library.Models.SharpPlayer: SharpMUSH.Library.Models.SharpPlayer, *System.String: -1*, <null>, Announce)
  	Notify(SharpMUSH.Library.Models.SharpPlayer: SharpMUSH.Library.Models.SharpPlayer, *System.String: -1*, <null>, Announce)
  	Notify(SharpMUSH.Library.Models.SharpPlayer: SharpMUSH.Library.Models.SharpPlayer, *System.String: -1*, <null>, Announce)
  	Notify(SharpMUSH.Library.Models.SharpPlayer: SharpMUSH.Library.Models.SharpPlayer, *System.String: -1*, <null>, Announce)
  	Notify(SharpMUSH.Library.Models.SharpPlayer: SharpMUSH.Library.Models.SharpPlayer, *System.String: -1*, <null>, Announce)
  	Notify(SharpMUSH.Library.Models.SharpPlayer: SharpMUSH.Library.Models.SharpPlayer, *System.String: -1*, <null>, Announce)
  	Notify(SharpMUSH.Library.Models.SharpPlayer: SharpMUSH.Library.Models.SharpPlayer, *System.String: -1*, <null>, Announce)
  	Notify(SharpMUSH.Library.Models.SharpPlayer: SharpMUSH.Library.Models.SharpPlayer, *System.String: -1*, <null>, Announce)
  	Notify(SharpMUSH.Library.Models.SharpPlayer: SharpMUSH.Library.Models.SharpPlayer, *System.String: -1*, <null>, Announce)
  	Notify(SharpMUSH.Library.Models.SharpPlayer: SharpMUSH.Library.Models.SharpPlayer, *System.String: -1*, <null>, Announce)
  	Notify(SharpMUSH.Library.Models.SharpPlayer: SharpMUSH.Library.Models.SharpPlayer, *System.String: -1*, <null>, Announce)
  	Notify(SharpMUSH.Library.Models.SharpPlayer: SharpMUSH.Library.Models.SharpPlayer, *System.String: -1*, <null>, Announce)
  	Notify(SharpMUSH.Library.Models.SharpPlayer: SharpMUSH.Library.Models.SharpPlayer, *System.String: -1*, <null>, Announce)
  	Notify(SharpMUSH.Library.Models.SharpPlayer: SharpMUSH.Library.Models.SharpPlayer, *System.String: -1*, <null>, Announce)
  	Notify(SharpMUSH.Library.Models.SharpPlayer: SharpMUSH.Library.Models.SharpPlayer, *System.String: -1*, <null>, Announce)
  	Notify(SharpMUSH.Library.Models.SharpPlayer: SharpMUSH.Library.Models.SharpPlayer, *System.String: -1*, <null>, Announce)
  	Notify(SharpMUSH.Library.Models.SharpPlayer: SharpMUSH.Library.Models.SharpPlayer, *System.String: -1*, <null>, Announce)
  	Notify(SharpMUSH.Library.Models.SharpPlayer: SharpMUSH.Library.Models.SharpPlayer, *System.String: -1*, <null>, Announce)
  	Notify(SharpMUSH.Library.Models.SharpPlayer: SharpMUSH.Library.Models.SharpPlayer, *System.String: -1*, <null>, Announce)
  	Notify(SharpMUSH.Library.Models.SharpPlayer: SharpMUSH.Library.Models.SharpPlayer, *System.String: -1*, <null>, Announce)
  	Notify(SharpMUSH.Library.Models.SharpPlayer: SharpMUSH.Library.Models.SharpPlayer, *System.String: -1*, <null>, Announce)
  	Notify(SharpMUSH.Library.Models.SharpPlayer: SharpMUSH.Library.Models.SharpPlayer, *System.String: -1*, <null>, Announce)
  	Notify(SharpMUSH.Library.Models.SharpPlayer: SharpMUSH.Library.Models.SharpPlayer, *System.String: -1*, <null>, Announce)
  	Notify(SharpMUSH.Library.Models.SharpPlayer: SharpMUSH.Library.Models.SharpPlayer, *System.String: -1*, <null>, Announce)
  	Notify(SharpMUSH.Library.Models.SharpPlayer: SharpMUSH.Library.Models.SharpPlayer, *System.String: -1*, <null>, Announce)
  	Notify(SharpMUSH.Library.Models.SharpPlayer: SharpMUSH.Library.Models.SharpPlayer, *System.String: -1*, <null>, Announce)
  	Notify(SharpMUSH.Library.Models.SharpPlayer: SharpMUSH.Library.Models.SharpPlayer, *System.String: -1*, <null>, Announce)
  	Notify(SharpMUSH.Library.Models.SharpPlayer: SharpMUSH.Library.Models.SharpPlayer, *System.String: -1*, <null>, Announce)
  	Notify(SharpMUSH.Library.Models.SharpPlayer: SharpMUSH.Library.Models.SharpPlayer, *System.String: -1*, <null>, Announce)
  	Notify(SharpMUSH.Library.Models.SharpPlayer: SharpMUSH.Library.Models.SharpPlayer, *System.String: -1*, <null>, Announce)
  	Notify(SharpMUSH.Library.Models.SharpPlayer: SharpMUSH.Library.Models.SharpPlayer, *System.String: -1*, <null>, Announce)
  	Notify(SharpMUSH.Library.Models.SharpPlayer: SharpMUSH.Library.Models.SharpPlayer, *System.String: -1*, <null>, Announce)
  	Notify(SharpMUSH.Library.Models.SharpPlayer: SharpMUSH.Library.Models.SharpPlayer, *System.String: -1*, <null>, Announce)
  	Notify(SharpMUSH.Library.Models.SharpPlayer: SharpMUSH.Library.Models.SharpPlayer, *System.String: -1*, <null>, Announce)
  	Notify(SharpMUSH.Library.Models.SharpPlayer: SharpMUSH.Library.Models.SharpPlayer, *System.String: -1*, <null>, Announce)
  	Notify(SharpMUSH.Library.Models.SharpPlayer: SharpMUSH.Library.Models.SharpPlayer, *System.String: -1*, <null>, Announce)
  	Notify(SharpMUSH.Library.Models.SharpPlayer: SharpMUSH.Library.Models.SharpPlayer, *System.String: -1*, <null>, Announce)
  	Notify(SharpMUSH.Library.Models.SharpPlayer: SharpMUSH.Library.Models.SharpPlayer, *System.String: -1*, <null>, Announce)
  	Notify(SharpMUSH.Library.Models.SharpPlayer: SharpMUSH.Library.Models.SharpPlayer, *System.String: -1*, <null>, Announce)
  	Notify(SharpMUSH.Library.Models.SharpPlayer: SharpMUSH.Library.Models.SharpPlayer, *System.String: -1*, <null>, Announce)
  	Notify(SharpMUSH.Library.Models.SharpPlayer: SharpMUSH.Library.Models.SharpPlayer, *System.String: -1*, <null>, Announce)
  	Notify(SharpMUSH.Library.Models.SharpPlayer: SharpMUSH.Library.Models.SharpPlayer, *System.String: -1*, <null>, Announce)
  	Notify(SharpMUSH.Library.Models.SharpPlayer: SharpMUSH.Library.Models.SharpPlayer, *System.String: -1*, <null>, Announce)
  	Notify(SharpMUSH.Library.Models.SharpPlayer: SharpMUSH.Library.Models.SharpPlayer, *System.String: -1*, <null>, Announce)
  	Notify(SharpMUSH.Library.Models.SharpPlayer: SharpMUSH.Library.Models.SharpPlayer, *System.String: -1*, <null>, Announce)
  	Notify(SharpMUSH.Library.Models.SharpPlayer: SharpMUSH.Library.Models.SharpPlayer, *System.String: -1*, <null>, Announce)
  	Notify(SharpMUSH.Library.Models.SharpPlayer: SharpMUSH.Library.Models.SharpPlayer, *System.String: -1*, <null>, Announce)
  	Notify(SharpMUSH.Library.Models.SharpPlayer: SharpMUSH.Library.Models.SharpPlayer, *System.String: -1*, <null>, Announce)
  	Notify(SharpMUSH.Library.Models.SharpPlayer: SharpMUSH.Library.Models.SharpPlayer, *System.String: -1*, <null>, Announce)
  	Notify(SharpMUSH.Library.Models.SharpPlayer: SharpMUSH.Library.Models.SharpPlayer, *System.String: -1*, <null>, Announce)
  	Notify(SharpMUSH.Library.Models.SharpPlayer: SharpMUSH.Library.Models.SharpPlayer, *System.String: -1*, <null>, Announce)
  	Notify(SharpMUSH.Library.Models.SharpPlayer: SharpMUSH.Library.Models.SharpPlayer, *System.String: -1*, <null>, Announce)
  	Notify(SharpMUSH.Library.Models.SharpPlayer: SharpMUSH.Library.Models.SharpPlayer, *System.String: -1*, <null>, Announce)
  	Notify(SharpMUSH.Library.Models.SharpPlayer: SharpMUSH.Library.Models.SharpPlayer, *System.String: -1*, <null>, Announce)
  	Notify(SharpMUSH.Library.Models.SharpPlayer: SharpMUSH.Library.Models.SharpPlayer, *System.String: -1*, <null>, Announce)
  	Notify(SharpMUSH.Library.Models.SharpPlayer: SharpMUSH.Library.Models.SharpPlayer, *System.String: -1*, <null>, Announce)
  	Notify(SharpMUSH.Library.Models.SharpPlayer: SharpMUSH.Library.Models.SharpPlayer, *System.String: -1*, <null>, Announce)
  	Notify(SharpMUSH.Library.Models.SharpPlayer: SharpMUSH.Library.Models.SharpPlayer, *System.String: -1*, <null>, Announce)
  	Notify(SharpMUSH.Library.Models.SharpPlayer: SharpMUSH.Library.Models.SharpPlayer, *System.String: -1*, <null>, Announce)
  	Notify(SharpMUSH.Library.Models.SharpPlayer: SharpMUSH.Library.Models.SharpPlayer, *System.String: -1*, <null>, Announce)
  	Notify(SharpMUSH.Library.Models.SharpPlayer: SharpMUSH.Library.Models.SharpPlayer, *System.String: -1*, <null>, Announce)
  	Notify(SharpMUSH.Library.Models.SharpPlayer: SharpMUSH.Library.Models.SharpPlayer, *System.String: -1*, <null>, Announce)
  	Notify(SharpMUSH.Library.Models.SharpPlayer: SharpMUSH.Library.Models.SharpPlayer, *System.String: -1*, <null>, Announce)
  	Notify(SharpMUSH.Library.Models.SharpPlayer: SharpMUSH.Library.Models.SharpPlayer, *System.String: -1*, <null>, Announce)
  	Notify(SharpMUSH.Library.Models.SharpPlayer: SharpMUSH.Library.Models.SharpPlayer, *System.String: -1*, <null>, Announce)
  	Notify(SharpMUSH.Library.Models.SharpPlayer: SharpMUSH.Library.Models.SharpPlayer, *System.String: -1*, <null>, Announce)
  	Notify(SharpMUSH.Library.Models.SharpPlayer: SharpMUSH.Library.Models.SharpPlayer, *System.String: -1*, <null>, Announce)
  	Notify(SharpMUSH.Library.Models.SharpPlayer: SharpMUSH.Library.Models.SharpPlayer, *System.String: -1*, <null>, Announce)
  	Notify(SharpMUSH.Library.Models.SharpPlayer: SharpMUSH.Library.Models.SharpPlayer, *System.String: -1*, <null>, Announce)
  	Notify(SharpMUSH.Library.Models.SharpPlayer: SharpMUSH.Library.Models.SharpPlayer, *System.String: -1*, <null>, Announce)
  	Notify(SharpMUSH.Library.Models.SharpPlayer: SharpMUSH.Library.Models.SharpPlayer, *System.String: -1*, <null>, Announce)
  	Notify(SharpMUSH.Library.Models.SharpPlayer: SharpMUSH.Library.Models.SharpPlayer, *System.String: -1*, <null>, Announce)
  	Notify(SharpMUSH.Library.Models.SharpPlayer: SharpMUSH.Library.Models.SharpPlayer, *System.String: -1*, <null>, Announce)
  	Notify(SharpMUSH.Library.Models.SharpPlayer: SharpMUSH.Library.Models.SharpPlayer, *System.String: -1*, <null>, Announce)
  	Notify(SharpMUSH.Library.Models.SharpPlayer: SharpMUSH.Library.Models.SharpPlayer, *System.String: -1*, <null>, Announce)
  	Notify(SharpMUSH.Library.Models.SharpPlayer: SharpMUSH.Library.Models.SharpPlayer, *System.String: -1*, <null>, Announce)
  	Notify(SharpMUSH.Library.Models.SharpPlayer: SharpMUSH.Library.Models.SharpPlayer, *System.String: -1*, <null>, Announce)
  	Notify(SharpMUSH.Library.Models.SharpPlayer: SharpMUSH.Library.Models.SharpPlayer, *System.String: -1*, <null>, Announce)
  	Notify(SharpMUSH.Library.Models.SharpPlayer: SharpMUSH.Library.Models.SharpPlayer, *System.String: -1*, <null>, Announce)
  	Notify(SharpMUSH.Library.Models.SharpPlayer: SharpMUSH.Library.Models.SharpPlayer, *System.String: -1*, <null>, Announce)
  	Notify(SharpMUSH.Library.Models.SharpPlayer: SharpMUSH.Library.Models.SharpPlayer, *System.String: -1*, <null>, Announce)
  	Notify(SharpMUSH.Library.Models.SharpPlayer: SharpMUSH.Library.Models.SharpPlayer, *System.String: -1*, <null>, Announce)
  	Notify(SharpMUSH.Library.Models.SharpPlayer: SharpMUSH.Library.Models.SharpPlayer, *System.String: -1*, <null>, Announce)
  	Notify(SharpMUSH.Library.Models.SharpPlayer: SharpMUSH.Library.Models.SharpPlayer, *System.String: -1*, <null>, Announce)
  	Notify(SharpMUSH.Library.Models.SharpPlayer: SharpMUSH.Library.Models.SharpPlayer, *System.String: -1*, <null>, Announce)
  	Notify(SharpMUSH.Library.Models.SharpPlayer: SharpMUSH.Library.Models.SharpPlayer, *System.String: -1*, <null>, Announce)
  	Notify(SharpMUSH.Library.Models.SharpPlayer: SharpMUSH.Library.Models.SharpPlayer, *System.String: -1*, <null>, Announce)
  	Notify(SharpMUSH.Library.Models.SharpPlayer: SharpMUSH.Library.Models.SharpPlayer, *System.String: -1*, <null>, Announce)
  	Notify(SharpMUSH.Library.Models.SharpPlayer: SharpMUSH.Library.Models.SharpPlayer, *System.String: -1*, <null>, Announce)
  	Notify(SharpMUSH.Library.Models.SharpPlayer: SharpMUSH.Library.Models.SharpPlayer, *System.String: -1*, <null>, Announce)
  	Notify(SharpMUSH.Library.Models.SharpPlayer: SharpMUSH.Library.Models.SharpPlayer, *System.String: -1*, <null>, Announce)
  	Notify(SharpMUSH.Library.Models.SharpPlayer: SharpMUSH.Library.Models.SharpPlayer, *System.String: -1*, <null>, Announce)
  	Notify(SharpMUSH.Library.Models.SharpPlayer: SharpMUSH.Library.Models.SharpPlayer, *System.String: -1*, <null>, Announce)
  	Notify(SharpMUSH.Library.Models.SharpPlayer: SharpMUSH.Library.Models.SharpPlayer, *System.String: -1*, <null>, Announce)
  	Notify(SharpMUSH.Library.Models.SharpPlayer: SharpMUSH.Library.Models.SharpPlayer, *System.String: -1*, <null>, Announce)
  	Notify(SharpMUSH.Library.Models.SharpPlayer: SharpMUSH.Library.Models.SharpPlayer, *System.String: -1*, <null>, Announce)
  	Notify(SharpMUSH.Library.Models.SharpPlayer: SharpMUSH.Library.Models.SharpPlayer, *System.String: -1*, <null>, Announce)
  	Notify(SharpMUSH.Library.Models.SharpPlayer: SharpMUSH.Library.Models.SharpPlayer, *System.String: -1*, <null>, Announce)
  	Notify(SharpMUSH.Library.Models.SharpPlayer: SharpMUSH.Library.Models.SharpPlayer, *System.String: -1*, <null>, Announce)
  	Notify(SharpMUSH.Library.Models.SharpPlayer: SharpMUSH.Library.Models.SharpPlayer, *System.String: -1*, <null>, Announce)
  	Notify(SharpMUSH.Library.Models.SharpPlayer: SharpMUSH.Library.Models.SharpPlayer, *System.String: -1*, <null>, Announce)
  	Notify(SharpMUSH.Library.Models.SharpPlayer: SharpMUSH.Library.Models.SharpPlayer, *System.String: -1*, <null>, Announce)
  	Notify(SharpMUSH.Library.Models.SharpPlayer: SharpMUSH.Library.Models.SharpPlayer, *System.String: -1*, <null>, Announce)
  	Notify(SharpMUSH.Library.Models.SharpPlayer: SharpMUSH.Library.Models.SharpPlayer, *System.String: -1*, <null>, Announce)
  	Notify(SharpMUSH.Library.Models.SharpPlayer: SharpMUSH.Library.Models.SharpPlayer, *System.String: -1*, <null>, Announce)
  	Notify(SharpMUSH.Library.Models.SharpPlayer: SharpMUSH.Library.Models.SharpPlayer, *System.String: -1*, <null>, Announce)
  	Notify(SharpMUSH.Library.Models.SharpPlayer: SharpMUSH.Library.Models.SharpPlayer, *System.String: -1*, <null>, Announce)
  	Notify(SharpMUSH.Library.Models.SharpPlayer: SharpMUSH.Library.Models.SharpPlayer, *System.String: -1*, <null>, Announce)
  	Notify(SharpMUSH.Library.Models.SharpPlayer: SharpMUSH.Library.Models.SharpPlayer, *System.String: -1*, <null>, Announce)
  	Notify(SharpMUSH.Library.Models.SharpPlayer: SharpMUSH.Library.Models.SharpPlayer, *System.String: -1*, <null>, Announce)
  	Notify(SharpMUSH.Library.Models.SharpPlayer: SharpMUSH.Library.Models.SharpPlayer, *System.String: -1*, <null>, Announce)
  	Notify(SharpMUSH.Library.Models.SharpPlayer: SharpMUSH.Library.Models.SharpPlayer, *System.String: -1*, <null>, Announce)
  	Notify(SharpMUSH.Library.Models.SharpPlayer: SharpMUSH.Library.Models.SharpPlayer, *System.String: -1*, <null>, Announce)
  	Notify(SharpMUSH.Library.Models.SharpPlayer: SharpMUSH.Library.Models.SharpPlayer, *System.String: -1*, <null>, Announce)
  	Notify(SharpMUSH.Library.Models.SharpPlayer: SharpMUSH.Library.Models.SharpPlayer, *System.String: -1*, <null>, Announce)
  	Notify(SharpMUSH.Library.Models.SharpPlayer: SharpMUSH.Library.Models.SharpPlayer, *System.String: -1*, <null>, Announce)
  	Notify(SharpMUSH.Library.Models.SharpPlayer: SharpMUSH.Library.Models.SharpPlayer, *System.String: -1*, <null>, Announce)
  	Notify(SharpMUSH.Library.Models.SharpPlayer: SharpMUSH.Library.Models.SharpPlayer, *System.String: -1*, <null>, Announce)
  	Notify(SharpMUSH.Library.Models.SharpPlayer: SharpMUSH.Library.Models.SharpPlayer, *System.String: -1*, <null>, Announce)
  	Notify(SharpMUSH.Library.Models.SharpPlayer: SharpMUSH.Library.Models.SharpPlayer, *System.String: -1*, <null>, Announce)
  	Notify(SharpMUSH.Library.Models.SharpPlayer: SharpMUSH.Library.Models.SharpPlayer, *System.String: -1*, <null>, Announce)
  	Notify(SharpMUSH.Library.Models.SharpPlayer: SharpMUSH.Library.Models.SharpPlayer, *System.String: -1*, <null>, Announce)
  	Notify(SharpMUSH.Library.Models.SharpPlayer: SharpMUSH.Library.Models.SharpPlayer, *System.String: -1*, <null>, Announce)
  	Notify(SharpMUSH.Library.Models.SharpPlayer: SharpMUSH.Library.Models.SharpPlayer, *System.String: -1*, <null>, Announce)
  	Notify(SharpMUSH.Library.Models.SharpPlayer: SharpMUSH.Library.Models.SharpPlayer, *System.String: -1*, <null>, Announce)
  	Notify(SharpMUSH.Library.Models.SharpPlayer: SharpMUSH.Library.Models.SharpPlayer, *System.String: -1*, <null>, Announce)
  	Notify(SharpMUSH.Library.Models.SharpPlayer: SharpMUSH.Library.Models.SharpPlayer, *System.String: -1*, <null>, Announce)
  	Notify(SharpMUSH.Library.Models.SharpPlayer: SharpMUSH.Library.Models.SharpPlayer, *System.String: -1*, <null>, Announce)
  	Notify(SharpMUSH.Library.Models.SharpPlayer: SharpMUSH.Library.Models.SharpPlayer, *System.String: -1*, <null>, Announce)
  	Notify(SharpMUSH.Library.Models.SharpPlayer: SharpMUSH.Library.Models.SharpPlayer, *System.String: -1*, <null>, Announce)
  	Notify(SharpMUSH.Library.Models.SharpPlayer: SharpMUSH.Library.Models.SharpPlayer, *System.String: -1*, <null>, Announce)
  	Notify(SharpMUSH.Library.Models.SharpPlayer: SharpMUSH.Library.Models.SharpPlayer, *System.String: -1*, <null>, Announce)
  	Notify(SharpMUSH.Library.Models.SharpPlayer: SharpMUSH.Library.Models.SharpPlayer, *System.String: -1*, <null>, Announce)
  	Notify(SharpMUSH.Library.Models.SharpPlayer: SharpMUSH.Library.Models.SharpPlayer, *System.String: -1*, <null>, Announce)
  	Notify(SharpMUSH.Library.Models.SharpPlayer: SharpMUSH.Library.Models.SharpPlayer, *System.String: -1*, <null>, Announce)
  	Notify(SharpMUSH.Library.Models.SharpPlayer: SharpMUSH.Library.Models.SharpPlayer, *System.String: -1*, <null>, Announce)
  	Notify(SharpMUSH.Library.Models.SharpPlayer: SharpMUSH.Library.Models.SharpPlayer, *System.String: -1*, <null>, Announce)
  	Notify(SharpMUSH.Library.Models.SharpPlayer: SharpMUSH.Library.Models.SharpPlayer, *System.String: -1*, <null>, Announce)
  	Notify(SharpMUSH.Library.Models.SharpPlayer: SharpMUSH.Library.Models.SharpPlayer, *System.String: -1*, <null>, Announce)
  	Notify(SharpMUSH.Library.Models.SharpPlayer: SharpMUSH.Library.Models.SharpPlayer, *System.String: -1*, <null>, Announce)
  	Notify(SharpMUSH.Library.Models.SharpPlayer: SharpMUSH.Library.Models.SharpPlayer, *System.String: -1*, <null>, Announce)
  	Notify(SharpMUSH.Library.Models.SharpPlayer: SharpMUSH.Library.Models.SharpPlayer, *System.String: -1*, <null>, Announce)
  	Notify(SharpMUSH.Library.Models.SharpPlayer: SharpMUSH.Library.Models.SharpPlayer, *System.String: -1*, <null>, Announce)
  	Notify(SharpMUSH.Library.Models.SharpPlayer: SharpMUSH.Library.Models.SharpPlayer, *System.String: -1*, <null>, Announce)
  	Notify(SharpMUSH.Library.Models.SharpPlayer: SharpMUSH.Library.Models.SharpPlayer, *System.String: -1*, <null>, Announce)
  	Notify(SharpMUSH.Library.Models.SharpPlayer: SharpMUSH.Library.Models.SharpPlayer, *System.String: -1*, <null>, Announce)
  	Notify(SharpMUSH.Library.Models.SharpPlayer: SharpMUSH.Library.Models.SharpPlayer, *System.String: -1*, <null>, Announce)
  	Notify(SharpMUSH.Library.Models.SharpPlayer: SharpMUSH.Library.Models.SharpPlayer, *System.String: -1*, <null>, Announce)
  	Notify(SharpMUSH.Library.Models.SharpPlayer: SharpMUSH.Library.Models.SharpPlayer, *System.String: -1*, <null>, Announce)
  	Notify(SharpMUSH.Library.Models.SharpPlayer: SharpMUSH.Library.Models.SharpPlayer, *System.String: -1*, <null>, Announce)
  	Notify(SharpMUSH.Library.Models.SharpPlayer: SharpMUSH.Library.Models.SharpPlayer, *System.String: -1*, <null>, Announce)
  	Notify(SharpMUSH.Library.Models.SharpPlayer: SharpMUSH.Library.Models.SharpPlayer, *System.String: -1*, <null>, Announce)
  	Notify(SharpMUSH.Library.Models.SharpPlayer: SharpMUSH.Library.Models.SharpPlayer, *System.String: -1*, <null>, Announce)
  	Notify(SharpMUSH.Library.Models.SharpPlayer: SharpMUSH.Library.Models.SharpPlayer, *System.String: -1*, <null>, Announce)
  	Notify(SharpMUSH.Library.Models.SharpPlayer: SharpMUSH.Library.Models.SharpPlayer, *System.String: -1*, <null>, Announce)
  	Notify(SharpMUSH.Library.Models.SharpPlayer: SharpMUSH.Library.Models.SharpPlayer, *System.String: -1*, <null>, Announce)
  	Notify(SharpMUSH.Library.Models.SharpPlayer: SharpMUSH.Library.Models.SharpPlayer, *System.String: -1*, <null>, Announce)
  	Notify(SharpMUSH.Library.Models.SharpPlayer: SharpMUSH.Library.Models.SharpPlayer, *System.String: -1*, <null>, Announce)
  	Notify(SharpMUSH.Library.Models.SharpPlayer: SharpMUSH.Library.Models.SharpPlayer, *System.String: -1*, <null>, Announce)
  	Notify(SharpMUSH.Library.Models.SharpPlayer: SharpMUSH.Library.Models.SharpPlayer, *System.String: -1*, <null>, Announce)
  	Notify(SharpMUSH.Library.Models.SharpPlayer: SharpMUSH.Library.Models.SharpPlayer, *System.String: -1*, <null>, Announce)
  	Notify(SharpMUSH.Library.Models.SharpPlayer: SharpMUSH.Library.Models.SharpPlayer, *System.String: -1*, <null>, Announce)
  	Notify(SharpMUSH.Library.Models.SharpPlayer: SharpMUSH.Library.Models.SharpPlayer, *System.String: -1*, <null>, Announce)
  	Notify(SharpMUSH.Library.Models.SharpPlayer: SharpMUSH.Library.Models.SharpPlayer, *System.String: -1*, <null>, Announce)
  	Notify(SharpMUSH.Library.Models.SharpPlayer: SharpMUSH.Library.Models.SharpPlayer, *System.String: -1*, <null>, Announce)
  	Notify(SharpMUSH.Library.Models.SharpPlayer: SharpMUSH.Library.Models.SharpPlayer, *System.String: -1*, <null>, Announce)
  	Notify(SharpMUSH.Library.Models.SharpPlayer: SharpMUSH.Library.Models.SharpPlayer, *System.String: -1*, <null>, Announce)
  	Notify(SharpMUSH.Library.Models.SharpPlayer: SharpMUSH.Library.Models.SharpPlayer, *System.String: -1*, <null>, Announce)
  	Notify(SharpMUSH.Library.Models.SharpPlayer: SharpMUSH.Library.Models.SharpPlayer, *System.String: -1*, <null>, Announce)
  	Notify(SharpMUSH.Library.Models.SharpPlayer: SharpMUSH.Library.Models.SharpPlayer, *System.String: -1*, <null>, Announce)
  	Notify(SharpMUSH.Library.Models.SharpPlayer: SharpMUSH.Library.Models.SharpPlayer, *System.String: -1*, <null>, Announce)
  	Notify(SharpMUSH.Library.Models.SharpPlayer: SharpMUSH.Library.Models.SharpPlayer, *System.String: -1*, <null>, Announce)
  	Notify(SharpMUSH.Library.Models.SharpPlayer: SharpMUSH.Library.Models.SharpPlayer, *System.String: -1*, <null>, Announce)
  	Notify(SharpMUSH.Library.Models.SharpPlayer: SharpMUSH.Library.Models.SharpPlayer, *System.String: -1*, <null>, Announce)
  	Notify(SharpMUSH.Library.Models.SharpPlayer: SharpMUSH.Library.Models.SharpPlayer, *System.String: -1*, <null>, Announce)
  	Notify(SharpMUSH.Library.Models.SharpPlayer: SharpMUSH.Library.Models.SharpPlayer, *System.String: -1*, <null>, Announce)
  	Notify(SharpMUSH.Library.Models.SharpPlayer: SharpMUSH.Library.Models.SharpPlayer, *System.String: -1*, <null>, Announce)
  	Notify(SharpMUSH.Library.Models.SharpPlayer: SharpMUSH.Library.Models.SharpPlayer, *System.String: -1*, <null>, Announce)
  	Notify(SharpMUSH.Library.Models.SharpPlayer: SharpMUSH.Library.Models.SharpPlayer, *System.String: -1*, <null>, Announce)
  	Notify(SharpMUSH.Library.Models.SharpPlayer: SharpMUSH.Library.Models.SharpPlayer, *System.String: -1*, <null>, Announce)
  	Notify(SharpMUSH.Library.Models.SharpPlayer: SharpMUSH.Library.Models.SharpPlayer, *System.String: -1*, <null>, Announce)
  	Notify(SharpMUSH.Library.Models.SharpPlayer: SharpMUSH.Library.Models.SharpPlayer, *System.String: -1*, <null>, Announce)
  	Notify(SharpMUSH.Library.Models.SharpPlayer: SharpMUSH.Library.Models.SharpPlayer, *System.String: -1*, <null>, Announce)
  	Notify(SharpMUSH.Library.Models.SharpPlayer: SharpMUSH.Library.Models.SharpPlayer, *System.String: -1*, <null>, Announce)
  	Notify(SharpMUSH.Library.Models.SharpPlayer: SharpMUSH.Library.Models.SharpPlayer, *System.String: -1*, <null>, Announce)
  	Notify(SharpMUSH.Library.Models.SharpPlayer: SharpMUSH.Library.Models.SharpPlayer, *System.String: -1*, <null>, Announce)
  	Notify(SharpMUSH.Library.Models.SharpPlayer: SharpMUSH.Library.Models.SharpPlayer, *System.String: -1*, <null>, Announce)
  	Notify(SharpMUSH.Library.Models.SharpPlayer: SharpMUSH.Library.Models.SharpPlayer, *System.String: -1*, <null>, Announce)
  	Notify(SharpMUSH.Library.Models.SharpPlayer: SharpMUSH.Library.Models.SharpPlayer, *System.String: -1*, <null>, Announce)
  	Notify(SharpMUSH.Library.Models.SharpPlayer: SharpMUSH.Library.Models.SharpPlayer, *System.String: -1*, <null>, Announce)
  	Notify(SharpMUSH.Library.Models.SharpPlayer: SharpMUSH.Library.Models.SharpPlayer, *System.String: -1*, <null>, Announce)
  	Notify(SharpMUSH.Library.Models.SharpPlayer: SharpMUSH.Library.Models.SharpPlayer, *System.String: -1*, <null>, Announce)
  	Notify(SharpMUSH.Library.Models.SharpPlayer: SharpMUSH.Library.Models.SharpPlayer, *System.String: -1*, <null>, Announce)
  	Notify(SharpMUSH.Library.Models.SharpPlayer: SharpMUSH.Library.Models.SharpPlayer, *System.String: -1*, <null>, Announce)
  	Notify(SharpMUSH.Library.Models.SharpPlayer: SharpMUSH.Library.Models.SharpPlayer, *System.String: -1*, <null>, Announce)
  	Notify(SharpMUSH.Library.Models.SharpPlayer: SharpMUSH.Library.Models.SharpPlayer, *System.String: -1*, <null>, Announce)
  	Notify(SharpMUSH.Library.Models.SharpPlayer: SharpMUSH.Library.Models.SharpPlayer, *System.String: -1*, <null>, Announce)
  	Notify(SharpMUSH.Library.Models.SharpPlayer: SharpMUSH.Library.Models.SharpPlayer, *System.String: -1*, <null>, Announce)
  	Notify(SharpMUSH.Library.Models.SharpPlayer: SharpMUSH.Library.Models.SharpPlayer, *System.String: -1*, <null>, Announce)
  	Notify(SharpMUSH.Library.Models.SharpPlayer: SharpMUSH.Library.Models.SharpPlayer, *System.String: -1*, <null>, Announce)
  	Notify(SharpMUSH.Library.Models.SharpPlayer: SharpMUSH.Library.Models.SharpPlayer, *System.String: -1*, <null>, Announce)
  	Notify(SharpMUSH.Library.Models.SharpPlayer: SharpMUSH.Library.Models.SharpPlayer, *System.String: -1*, <null>, Announce)
  	Notify(SharpMUSH.Library.Models.SharpPlayer: SharpMUSH.Library.Models.SharpPlayer, *System.String: -1*, <null>, Announce)
  	Notify(SharpMUSH.Library.Models.SharpPlayer: SharpMUSH.Library.Models.SharpPlayer, *System.String: -1*, <null>, Announce)
  	Notify(SharpMUSH.Library.Models.SharpPlayer: SharpMUSH.Library.Models.SharpPlayer, *System.String: -1*, <null>, Announce)
  	Notify(SharpMUSH.Library.Models.SharpPlayer: SharpMUSH.Library.Models.SharpPlayer, *System.String: -1*, <null>, Announce)
  	Notify(SharpMUSH.Library.Models.SharpPlayer: SharpMUSH.Library.Models.SharpPlayer, *System.String: -1*, <null>, Announce)
  	Notify(SharpMUSH.Library.Models.SharpPlayer: SharpMUSH.Library.Models.SharpPlayer, *System.String: -1*, <null>, Announce)
  	Notify(SharpMUSH.Library.Models.SharpPlayer: SharpMUSH.Library.Models.SharpPlayer, *System.String: -1*, <null>, Announce)
  	Notify(SharpMUSH.Library.Models.SharpPlayer: SharpMUSH.Library.Models.SharpPlayer, *System.String: -1*, <null>, Announce)
  	Notify(SharpMUSH.Library.Models.SharpPlayer: SharpMUSH.Library.Models.SharpPlayer, *System.String: -1*, <null>, Announce)
  	Notify(SharpMUSH.Library.Models.SharpPlayer: SharpMUSH.Library.Models.SharpPlayer, *System.String: -1*, <null>, Announce)
  	Notify(SharpMUSH.Library.Models.SharpPlayer: SharpMUSH.Library.Models.SharpPlayer, *System.String: -1*, <null>, Announce)
  	Notify(SharpMUSH.Library.Models.SharpPlayer: SharpMUSH.Library.Models.SharpPlayer, *System.String: -1*, <null>, Announce)
  	Notify(SharpMUSH.Library.Models.SharpPlayer: SharpMUSH.Library.Models.SharpPlayer, *System.String: -1*, <null>, Announce)
  	Notify(SharpMUSH.Library.Models.SharpPlayer: SharpMUSH.Library.Models.SharpPlayer, *System.String: -1*, <null>, Announce)
  	Notify(SharpMUSH.Library.Models.SharpPlayer: SharpMUSH.Library.Models.SharpPlayer, *System.String: -1*, <null>, Announce)
  	Notify(SharpMUSH.Library.Models.SharpPlayer: SharpMUSH.Library.Models.SharpPlayer, *System.String: -1*, <null>, Announce)
  	Notify(SharpMUSH.Library.Models.SharpPlayer: SharpMUSH.Library.Models.SharpPlayer, *System.String: -1*, <null>, Announce)
  	Notify(SharpMUSH.Library.Models.SharpPlayer: SharpMUSH.Library.Models.SharpPlayer, *System.String: -1*, <null>, Announce)
  	Notify(SharpMUSH.Library.Models.SharpPlayer: SharpMUSH.Library.Models.SharpPlayer, *System.String: -1*, <null>, Announce)
  	Notify(SharpMUSH.Library.Models.SharpPlayer: SharpMUSH.Library.Models.SharpPlayer, *System.String: -1*, <null>, Announce)
  	Notify(SharpMUSH.Library.Models.SharpPlayer: SharpMUSH.Library.Models.SharpPlayer, *System.String: -1*, <null>, Announce)
  	Notify(SharpMUSH.Library.Models.SharpPlayer: SharpMUSH.Library.Models.SharpPlayer, *System.String: -1*, <null>, Announce)
  	Notify(SharpMUSH.Library.Models.SharpPlayer: SharpMUSH.Library.Models.SharpPlayer, *System.String: -1*, <null>, Announce)
  	Notify(SharpMUSH.Library.Models.SharpPlayer: SharpMUSH.Library.Models.SharpPlayer, *System.String: -1*, <null>, Announce)
  	Notify(SharpMUSH.Library.Models.SharpPlayer: SharpMUSH.Library.Models.SharpPlayer, *System.String: -1*, <null>, Announce)
  	Notify(SharpMUSH.Library.Models.SharpPlayer: SharpMUSH.Library.Models.SharpPlayer, *System.String: -1*, <null>, Announce)
  	Notify(SharpMUSH.Library.Models.SharpPlayer: SharpMUSH.Library.Models.SharpPlayer, *System.String: -1*, <null>, Announce)
  	Notify(SharpMUSH.Library.Models.SharpPlayer: SharpMUSH.Library.Models.SharpPlayer, *System.String: -1*, <null>, Announce)
  	Notify(SharpMUSH.Library.Models.SharpPlayer: SharpMUSH.Library.Models.SharpPlayer, *System.String: -1*, <null>, Announce)
  	Notify(SharpMUSH.Library.Models.SharpPlayer: SharpMUSH.Library.Models.SharpPlayer, *System.String: -1*, <null>, Announce)
  	Notify(SharpMUSH.Library.Models.SharpPlayer: SharpMUSH.Library.Models.SharpPlayer, *System.String: -1*, <null>, Announce)
  	Notify(SharpMUSH.Library.Models.SharpPlayer: SharpMUSH.Library.Models.SharpPlayer, *System.String: -1*, <null>, Announce)
  	Notify(SharpMUSH.Library.Models.SharpPlayer: SharpMUSH.Library.Models.SharpPlayer, *System.String: -1*, <null>, Announce)
  	Notify(SharpMUSH.Library.Models.SharpPlayer: SharpMUSH.Library.Models.SharpPlayer, *System.String: -1*, <null>, Announce)
  	Notify(SharpMUSH.Library.Models.SharpPlayer: SharpMUSH.Library.Models.SharpPlayer, *System.String: -1*, <null>, Announce)
  	Notify(SharpMUSH.Library.Models.SharpPlayer: SharpMUSH.Library.Models.SharpPlayer, *System.String: -1*, <null>, Announce)
  	Notify(SharpMUSH.Library.Models.SharpPlayer: SharpMUSH.Library.Models.SharpPlayer, *System.String: -1*, <null>, Announce)
  	Notify(SharpMUSH.Library.Models.SharpPlayer: SharpMUSH.Library.Models.SharpPlayer, *System.String: -1*, <null>, Announce)
  	Notify(SharpMUSH.Library.Models.SharpPlayer: SharpMUSH.Library.Models.SharpPlayer, *System.String: -1*, <null>, Announce)
  	Notify(SharpMUSH.Library.Models.SharpPlayer: SharpMUSH.Library.Models.SharpPlayer, *System.String: -1*, <null>, Announce)
  	Notify(SharpMUSH.Library.Models.SharpPlayer: SharpMUSH.Library.Models.SharpPlayer, *System.String: -1*, <null>, Announce)
  	Notify(SharpMUSH.Library.Models.SharpPlayer: SharpMUSH.Library.Models.SharpPlayer, *System.String: -1*, <null>, Announce)
  	Notify(SharpMUSH.Library.Models.SharpPlayer: SharpMUSH.Library.Models.SharpPlayer, *System.String: -1*, <null>, Announce)
  	Notify(SharpMUSH.Library.Models.SharpPlayer: SharpMUSH.Library.Models.SharpPlayer, *System.String: -1*, <null>, Announce)
  	Notify(SharpMUSH.Library.Models.SharpPlayer: SharpMUSH.Library.Models.SharpPlayer, *System.String: -1*, <null>, Announce)
  	Notify(SharpMUSH.Library.Models.SharpPlayer: SharpMUSH.Library.Models.SharpPlayer, *System.String: -1*, <null>, Announce)
  	Notify(SharpMUSH.Library.Models.SharpPlayer: SharpMUSH.Library.Models.SharpPlayer, *System.String: -1*, <null>, Announce)
  	Notify(SharpMUSH.Library.Models.SharpPlayer: SharpMUSH.Library.Models.SharpPlayer, *System.String: -1*, <null>, Announce)
  	Notify(SharpMUSH.Library.Models.SharpPlayer: SharpMUSH.Library.Models.SharpPlayer, *System.String: -1*, <null>, Announce)
  	Notify(SharpMUSH.Library.Models.SharpPlayer: SharpMUSH.Library.Models.SharpPlayer, *System.String: -1*, <null>, Announce)
  	Notify(SharpMUSH.Library.Models.SharpPlayer: SharpMUSH.Library.Models.SharpPlayer, *System.String: -1*, <null>, Announce)
  	Notify(SharpMUSH.Library.Models.SharpPlayer: SharpMUSH.Library.Models.SharpPlayer, *System.String: -1*, <null>, Announce)
  	Notify(SharpMUSH.Library.Models.SharpPlayer: SharpMUSH.Library.Models.SharpPlayer, *System.String: -1*, <null>, Announce)
  	Notify(SharpMUSH.Library.Models.SharpPlayer: SharpMUSH.Library.Models.SharpPlayer, *System.String: -1*, <null>, Announce)
  	Notify(SharpMUSH.Library.Models.SharpPlayer: SharpMUSH.Library.Models.SharpPlayer, *System.String: -1*, <null>, Announce)
  	Notify(SharpMUSH.Library.Models.SharpPlayer: SharpMUSH.Library.Models.SharpPlayer, *System.String: -1*, <null>, Announce)
  	Notify(SharpMUSH.Library.Models.SharpPlayer: SharpMUSH.Library.Models.SharpPlayer, *System.String: -1*, <null>, Announce)
  	Notify(SharpMUSH.Library.Models.SharpPlayer: SharpMUSH.Library.Models.SharpPlayer, *System.String: -1*, <null>, Announce)
  	Notify(SharpMUSH.Library.Models.SharpPlayer: SharpMUSH.Library.Models.SharpPlayer, *System.String: -1*, <null>, Announce)
  	Notify(SharpMUSH.Library.Models.SharpPlayer: SharpMUSH.Library.Models.SharpPlayer, *System.String: -1*, <null>, Announce)
  	Notify(SharpMUSH.Library.Models.SharpPlayer: SharpMUSH.Library.Models.SharpPlayer, *System.String: -1*, <null>, Announce)
  	Notify(SharpMUSH.Library.Models.SharpPlayer: SharpMUSH.Library.Models.SharpPlayer, *System.String: -1*, <null>, Announce)
  	Notify(SharpMUSH.Library.Models.SharpPlayer: SharpMUSH.Library.Models.SharpPlayer, *System.String: -1*, <null>, Announce)
  	Notify(SharpMUSH.Library.Models.SharpPlayer: SharpMUSH.Library.Models.SharpPlayer, *System.String: -1*, <null>, Announce)
  	Notify(SharpMUSH.Library.Models.SharpPlayer: SharpMUSH.Library.Models.SharpPlayer, *System.String: -1*, <null>, Announce)
  	Notify(SharpMUSH.Library.Models.SharpPlayer: SharpMUSH.Library.Models.SharpPlayer, *System.String: -1*, <null>, Announce)
  	Notify(SharpMUSH.Library.Models.SharpPlayer: SharpMUSH.Library.Models.SharpPlayer, *System.String: -1*, <null>, Announce)
  	Notify(SharpMUSH.Library.Models.SharpPlayer: SharpMUSH.Library.Models.SharpPlayer, *System.String: -1*, <null>, Announce)
  	Notify(SharpMUSH.Library.Models.SharpPlayer: SharpMUSH.Library.Models.SharpPlayer, *System.String: -1*, <null>, Announce)
  	Notify(SharpMUSH.Library.Models.SharpPlayer: SharpMUSH.Library.Models.SharpPlayer, *System.String: -1*, <null>, Announce)
  	Notify(SharpMUSH.Library.Models.SharpPlayer: SharpMUSH.Library.Models.SharpPlayer, *System.String: -1*, <null>, Announce)
  	Notify(SharpMUSH.Library.Models.SharpPlayer: SharpMUSH.Library.Models.SharpPlayer, *System.String: -1*, <null>, Announce)
  	Notify(SharpMUSH.Library.Models.SharpPlayer: SharpMUSH.Library.Models.SharpPlayer, *System.String: -1*, <null>, Announce)
  	Notify(SharpMUSH.Library.Models.SharpPlayer: SharpMUSH.Library.Models.SharpPlayer, *System.String: -1*, <null>, Announce)
  	Notify(SharpMUSH.Library.Models.SharpPlayer: SharpMUSH.Library.Models.SharpPlayer, *System.String: -1*, <null>, Announce)
  	Notify(SharpMUSH.Library.Models.SharpPlayer: SharpMUSH.Library.Models.SharpPlayer, *System.String: -1*, <null>, Announce)
  	Notify(SharpMUSH.Library.Models.SharpPlayer: SharpMUSH.Library.Models.SharpPlayer, *System.String: -1*, <null>, Announce)
  	Notify(SharpMUSH.Library.Models.SharpPlayer: SharpMUSH.Library.Models.SharpPlayer, *System.String: -1*, <null>, Announce)
  	Notify(SharpMUSH.Library.Models.SharpPlayer: SharpMUSH.Library.Models.SharpPlayer, *System.String: -1*, <null>, Announce)
  	Notify(SharpMUSH.Library.Models.SharpPlayer: SharpMUSH.Library.Models.SharpPlayer, *System.String: -1*, <null>, Announce)
  	Notify(SharpMUSH.Library.Models.SharpPlayer: SharpMUSH.Library.Models.SharpPlayer, *System.String: -1*, <null>, Announce)
  	Notify(SharpMUSH.Library.Models.SharpPlayer: SharpMUSH.Library.Models.SharpPlayer, *System.String: -1*, <null>, Announce)
  	Notify(SharpMUSH.Library.Models.SharpPlayer: SharpMUSH.Library.Models.SharpPlayer, *System.String: -1*, <null>, Announce)
  	Notify(SharpMUSH.Library.Models.SharpPlayer: SharpMUSH.Library.Models.SharpPlayer, *System.String: -1*, <null>, Announce)
  	Notify(SharpMUSH.Library.Models.SharpPlayer: SharpMUSH.Library.Models.SharpPlayer, *System.String: -1*, <null>, Announce)
  	Notify(SharpMUSH.Library.Models.SharpPlayer: SharpMUSH.Library.Models.SharpPlayer, *System.String: -1*, <null>, Announce)
  	Notify(SharpMUSH.Library.Models.SharpPlayer: SharpMUSH.Library.Models.SharpPlayer, *System.String: -1*, <null>, Announce)
  	Notify(SharpMUSH.Library.Models.SharpPlayer: SharpMUSH.Library.Models.SharpPlayer, *System.String: -1*, <null>, Announce)
  	Notify(SharpMUSH.Library.Models.SharpPlayer: SharpMUSH.Library.Models.SharpPlayer, *System.String: -1*, <null>, Announce)
  	Notify(SharpMUSH.Library.Models.SharpPlayer: SharpMUSH.Library.Models.SharpPlayer, *System.String: -1*, <null>, Announce)
  	Notify(SharpMUSH.Library.Models.SharpPlayer: SharpMUSH.Library.Models.SharpPlayer, *System.String: -1*, <null>, Announce)
  	Notify(SharpMUSH.Library.Models.SharpPlayer: SharpMUSH.Library.Models.SharpPlayer, *System.String: -1*, <null>, Announce)
  	Notify(SharpMUSH.Library.Models.SharpPlayer: SharpMUSH.Library.Models.SharpPlayer, *System.String: -1*, <null>, Announce)
  	Notify(SharpMUSH.Library.Models.SharpPlayer: SharpMUSH.Library.Models.SharpPlayer, *System.String: -1*, <null>, Announce)
  	Notify(SharpMUSH.Library.Models.SharpPlayer: SharpMUSH.Library.Models.SharpPlayer, *System.String: -1*, <null>, Announce)
  	Notify(SharpMUSH.Library.Models.SharpPlayer: SharpMUSH.Library.Models.SharpPlayer, *System.String: -1*, <null>, Announce)
  	Notify(SharpMUSH.Library.Models.SharpPlayer: SharpMUSH.Library.Models.SharpPlayer, *System.String: -1*, <null>, Announce)
  	Notify(SharpMUSH.Library.Models.SharpPlayer: SharpMUSH.Library.Models.SharpPlayer, *System.String: -1*, <null>, Announce)
  	Notify(SharpMUSH.Library.Models.SharpPlayer: SharpMUSH.Library.Models.SharpPlayer, *System.String: -1*, <null>, Announce)
  	Notify(SharpMUSH.Library.Models.SharpPlayer: SharpMUSH.Library.Models.SharpPlayer, *System.String: -1*, <null>, Announce)
  	Notify(SharpMUSH.Library.Models.SharpPlayer: SharpMUSH.Library.Models.SharpPlayer, *System.String: -1*, <null>, Announce)
  	Notify(SharpMUSH.Library.Models.SharpPlayer: SharpMUSH.Library.Models.SharpPlayer, *System.String: -1*, <null>, Announce)
  	Notify(SharpMUSH.Library.Models.SharpPlayer: SharpMUSH.Library.Models.SharpPlayer, *System.String: -1*, <null>, Announce)
  	Notify(SharpMUSH.Library.Models.SharpPlayer: SharpMUSH.Library.Models.SharpPlayer, *System.String: -1*, <null>, Announce)
  	Notify(SharpMUSH.Library.Models.SharpPlayer: SharpMUSH.Library.Models.SharpPlayer, *System.String: -1*, <null>, Announce)
  	Notify(SharpMUSH.Library.Models.SharpPlayer: SharpMUSH.Library.Models.SharpPlayer, *System.String: -1*, <null>, Announce)
  	Notify(SharpMUSH.Library.Models.SharpPlayer: SharpMUSH.Library.Models.SharpPlayer, *System.String: -1*, <null>, Announce)
  	Notify(SharpMUSH.Library.Models.SharpPlayer: SharpMUSH.Library.Models.SharpPlayer, *System.String: -1*, <null>, Announce)
  	Notify(SharpMUSH.Library.Models.SharpPlayer: SharpMUSH.Library.Models.SharpPlayer, *System.String: Command1 Arg*, <null>, Announce)
  	Notify(SharpMUSH.Library.Models.SharpPlayer: SharpMUSH.Library.Models.SharpPlayer, *System.String: Command2 Arg*, <null>, Announce)
  	Notify(SharpMUSH.Library.Models.SharpPlayer: SharpMUSH.Library.Models.SharpPlayer, *System.String: 32*, <null>, Announce)
  	Notify(SharpMUSH.Library.Models.SharpPlayer: SharpMUSH.Library.Models.SharpPlayer, *System.String: [1;31mred[0m*, <null>, Announce)
  	Notify(SharpMUSH.Library.Models.SharpPlayer: SharpMUSH.Library.Models.SharpPlayer, *System.String: [1;32mgreen[0m*, <null>, Announce)
  	Notify(SharpMUSH.Library.Models.SharpPlayer: SharpMUSH.Library.Models.SharpPlayer, *System.String: 36*, <null>, Announce)
  	Notify(SharpMUSH.Library.Models.SharpPlayer: SharpMUSH.Library.Models.SharpPlayer, *System.String: 57*, <null>, Announce)
  	Notify(SharpMUSH.Library.Models.SharpPlayer: SharpMUSH.Library.Models.SharpPlayer, *System.String: Command3 Arg*, <null>, Announce)
  	Notify(SharpMUSH.Library.Models.SharpPlayer: SharpMUSH.Library.Models.SharpPlayer, *System.String: Command4 Arg.*, <null>, Announce)
  	Notify(SharpMUSH.Library.Models.SharpPlayer: SharpMUSH.Library.Models.SharpPlayer, *System.String: 34*, <null>, Announce)
  	Notify(SharpMUSH.Library.Models.SharpPlayer: SharpMUSH.Library.Models.SharpPlayer, *System.String: 55*, <null>, Announce)
  	Notify(SharpMUSH.Library.Models.SharpPlayer: SharpMUSH.Library.Models.SharpPlayer, *System.String: [add(1,2)]3*, <null>, Announce)
  	Notify(SharpMUSH.Library.Models.SharpPlayer: SharpMUSH.Library.Models.SharpPlayer, *System.String: 31*, <null>, Announce)
  	Notify(SharpMUSH.Library.Models.SharpPlayer: SharpMUSH.Library.Models.SharpPlayer, *System.String: Command1 Arg;think Command2 Arg*, <null>, Announce)
  	Notify(SharpMUSH.Library.Models.SharpPlayer: SharpMUSH.Library.Models.SharpPlayer, *System.String: Configuration Categories:*, <null>, Announce)
  	Notify(SharpMUSH.Library.Models.SharpPlayer: SharpMUSH.Library.Models.SharpPlayer, *System.String:   Attribute*, <null>, Announce)
  	Notify(SharpMUSH.Library.Models.SharpPlayer: SharpMUSH.Library.Models.SharpPlayer, *System.String:   Chat*, <null>, Announce)
  	Notify(SharpMUSH.Library.Models.SharpPlayer: SharpMUSH.Library.Models.SharpPlayer, *System.String:   Command*, <null>, Announce)
  	Notify(SharpMUSH.Library.Models.SharpPlayer: SharpMUSH.Library.Models.SharpPlayer, *System.String:   Compatibility*, <null>, Announce)
  	Notify(SharpMUSH.Library.Models.SharpPlayer: SharpMUSH.Library.Models.SharpPlayer, *System.String:   Cosmetic*, <null>, Announce)
  	Notify(SharpMUSH.Library.Models.SharpPlayer: SharpMUSH.Library.Models.SharpPlayer, *System.String:   Cost*, <null>, Announce)
  	Notify(SharpMUSH.Library.Models.SharpPlayer: SharpMUSH.Library.Models.SharpPlayer, *System.String:   Database*, <null>, Announce)
  	Notify(SharpMUSH.Library.Models.SharpPlayer: SharpMUSH.Library.Models.SharpPlayer, *System.String:   Dump*, <null>, Announce)
  	Notify(SharpMUSH.Library.Models.SharpPlayer: SharpMUSH.Library.Models.SharpPlayer, *System.String:   File*, <null>, Announce)
  	Notify(SharpMUSH.Library.Models.SharpPlayer: SharpMUSH.Library.Models.SharpPlayer, *System.String:   Flag*, <null>, Announce)
  	Notify(SharpMUSH.Library.Models.SharpPlayer: SharpMUSH.Library.Models.SharpPlayer, *System.String:   Function*, <null>, Announce)
  	Notify(SharpMUSH.Library.Models.SharpPlayer: SharpMUSH.Library.Models.SharpPlayer, *System.String:   Limit*, <null>, Announce)
  	Notify(SharpMUSH.Library.Models.SharpPlayer: SharpMUSH.Library.Models.SharpPlayer, *System.String:   Log*, <null>, Announce)
  	Notify(SharpMUSH.Library.Models.SharpPlayer: SharpMUSH.Library.Models.SharpPlayer, *System.String:   Message*, <null>, Announce)
  	Notify(SharpMUSH.Library.Models.SharpPlayer: SharpMUSH.Library.Models.SharpPlayer, *System.String:   Net*, <null>, Announce)
  	Notify(SharpMUSH.Library.Models.SharpPlayer: SharpMUSH.Library.Models.SharpPlayer, *System.String:   Debug*, <null>, Announce)
  	Notify(SharpMUSH.Library.Models.SharpPlayer: SharpMUSH.Library.Models.SharpPlayer, *System.String:   Alias*, <null>, Announce)
  	Notify(SharpMUSH.Library.Models.SharpPlayer: SharpMUSH.Library.Models.SharpPlayer, *System.String:   Restriction*, <null>, Announce)
  	Notify(SharpMUSH.Library.Models.SharpPlayer: SharpMUSH.Library.Models.SharpPlayer, *System.String:   BannedNames*, <null>, Announce)
  	Notify(SharpMUSH.Library.Models.SharpPlayer: SharpMUSH.Library.Models.SharpPlayer, *System.String:   SitelockRules*, <null>, Announce)
  	Notify(SharpMUSH.Library.Models.SharpPlayer: SharpMUSH.Library.Models.SharpPlayer, *System.String:   Warning*, <null>, Announce)
  	Notify(SharpMUSH.Library.Models.SharpPlayer: SharpMUSH.Library.Models.SharpPlayer, *System.String:   TextFile*, <null>, Announce)
  	Notify(SharpMUSH.Library.Models.SharpPlayer: SharpMUSH.Library.Models.SharpPlayer, *System.String: Use '@config <category>' to see options in a category.*, <null>, Announce)
  	Notify(SharpMUSH.Library.Models.SharpPlayer: SharpMUSH.Library.Models.SharpPlayer, *System.String: Use '@config <option>' to see the value of an option.*, <null>, Announce)
  	Notify(SharpMUSH.Library.Models.SharpPlayer: SharpMUSH.Library.Models.SharpPlayer, *System.String: Options in Net:*, <null>, Announce)
  	Notify(SharpMUSH.Library.Models.SharpPlayer: SharpMUSH.Library.Models.SharpPlayer, *System.String:   guests: True*, <null>, Announce)
  	Notify(SharpMUSH.Library.Models.SharpPlayer: SharpMUSH.Library.Models.SharpPlayer, *System.String:   ip_addr: null*, <null>, Announce)
  	Notify(SharpMUSH.Library.Models.SharpPlayer: SharpMUSH.Library.Models.SharpPlayer, *System.String:   json_unsafe_unescape: False*, <null>, Announce)
  	Notify(SharpMUSH.Library.Models.SharpPlayer: SharpMUSH.Library.Models.SharpPlayer, *System.String:   logins: True*, <null>, Announce)
  	Notify(SharpMUSH.Library.Models.SharpPlayer: SharpMUSH.Library.Models.SharpPlayer, *System.String:   mud_name: PennMUSH Emulation by SharpMUSH*, <null>, Announce)
  	Notify(SharpMUSH.Library.Models.SharpPlayer: SharpMUSH.Library.Models.SharpPlayer, *System.String:   mud_url: null*, <null>, Announce)
  	Notify(SharpMUSH.Library.Models.SharpPlayer: SharpMUSH.Library.Models.SharpPlayer, *System.String:   player_creation: True*, <null>, Announce)
  	Notify(SharpMUSH.Library.Models.SharpPlayer: SharpMUSH.Library.Models.SharpPlayer, *System.String:   port: 4203*, <null>, Announce)
  	Notify(SharpMUSH.Library.Models.SharpPlayer: SharpMUSH.Library.Models.SharpPlayer, *System.String:   portal_port: 5117*, <null>, Announce)
  	Notify(SharpMUSH.Library.Models.SharpPlayer: SharpMUSH.Library.Models.SharpPlayer, *System.String:   pueblo: False*, <null>, Announce)
  	Notify(SharpMUSH.Library.Models.SharpPlayer: SharpMUSH.Library.Models.SharpPlayer, *System.String:   socket_file: data/netmush.sock*, <null>, Announce)
  	Notify(SharpMUSH.Library.Models.SharpPlayer: SharpMUSH.Library.Models.SharpPlayer, *System.String:   sql_database: mush*, <null>, Announce)
  	Notify(SharpMUSH.Library.Models.SharpPlayer: SharpMUSH.Library.Models.SharpPlayer, *System.String:   sql_host: 127.0.0.1*, <null>, Announce)
  	Notify(SharpMUSH.Library.Models.SharpPlayer: SharpMUSH.Library.Models.SharpPlayer, *System.String:   sql_password: mush*, <null>, Announce)
  	Notify(SharpMUSH.Library.Models.SharpPlayer: SharpMUSH.Library.Models.SharpPlayer, *System.String:   sql_platform: disabled*, <null>, Announce)
  	Notify(SharpMUSH.Library.Models.SharpPlayer: SharpMUSH.Library.Models.SharpPlayer, *System.String:   sql_username: mush*, <null>, Announce)
  	Notify(SharpMUSH.Library.Models.SharpPlayer: SharpMUSH.Library.Models.SharpPlayer, *System.String:   ssl_ip_addr: null*, <null>, Announce)
  	Notify(SharpMUSH.Library.Models.SharpPlayer: SharpMUSH.Library.Models.SharpPlayer, *System.String:   ssl_port: 0*, <null>, Announce)
  	Notify(SharpMUSH.Library.Models.SharpPlayer: SharpMUSH.Library.Models.SharpPlayer, *System.String:   ssl_portal_port: 7296*, <null>, Announce)
  	Notify(SharpMUSH.Library.Models.SharpPlayer: SharpMUSH.Library.Models.SharpPlayer, *System.String:   ssl_require_clientcert: False*, <null>, Announce)
  	Notify(SharpMUSH.Library.Models.SharpPlayer: SharpMUSH.Library.Models.SharpPlayer, *System.String:   use_dns: True*, <null>, Announce)
  	Notify(SharpMUSH.Library.Models.SharpPlayer: SharpMUSH.Library.Models.SharpPlayer, *System.String:   use_ws: True*, <null>, Announce)
  	Notify(SharpMUSH.Library.Models.SharpPlayer: SharpMUSH.Library.Models.SharpPlayer, *System.String:   ws_url: /wsclient*, <null>, Announce)
  	Notify(SharpMUSH.Library.Models.SharpPlayer: SharpMUSH.Library.Models.SharpPlayer, *System.String: Attribute DOING SET.*, *SharpMUSH.Library.Models.SharpPlayer: SharpMUSH.Library.Models.SharpPlayer*, Announce)
  	Notify(SharpMUSH.Library.Models.SharpPlayer: SharpMUSH.Library.Models.SharpPlayer, *System.String: No configuration category or option named 'test_string_CONFIG_invalid_option'.*, <null>, Announce)
  	Notify(SharpMUSH.Library.Models.SharpPlayer: SharpMUSH.Library.Models.SharpPlayer, *System.String: Attribute MONIKER SET.*, *SharpMUSH.Library.Models.SharpPlayer: SharpMUSH.Library.Models.SharpPlayer*, Announce)
  	Notify(SharpMUSH.Library.Models.SharpPlayer: SharpMUSH.Library.Models.SharpPlayer, *System.String: Moniker set.*, <null>, Announce)
  	Notify(SharpMUSH.Library.Models.SharpPlayer: SharpMUSH.Library.Models.SharpPlayer, *System.String: Usage: @motd[/<type>] <message>*, <null>, Announce)
  	Notify(SharpMUSH.Library.Models.SharpPlayer: SharpMUSH.Library.Models.SharpPlayer, *System.String: Current Message of the Day settings:*, <null>, Announce)
  	Notify(SharpMUSH.Library.Models.SharpPlayer: SharpMUSH.Library.Models.SharpPlayer, *System.String:   Connect MOTD File: txt/motd.txt*, <null>, Announce)
  	Notify(SharpMUSH.Library.Models.SharpPlayer: SharpMUSH.Library.Models.SharpPlayer, *System.String:   Connect MOTD HTML: txt/motd.html*, <null>, Announce)
  	Notify(SharpMUSH.Library.Models.SharpPlayer: SharpMUSH.Library.Models.SharpPlayer, *System.String:   Wizard MOTD File: txt/wizmotd.txt*, <null>, Announce)
  	Notify(SharpMUSH.Library.Models.SharpPlayer: SharpMUSH.Library.Models.SharpPlayer, *System.String:   Wizard MOTD HTML: txt/wizmotd.html*, <null>, Announce)
  	Notify(SharpMUSH.Library.Models.SharpPlayer: SharpMUSH.Library.Models.SharpPlayer, *System.String: *, <null>, Announce)
  	Notify(SharpMUSH.Library.Models.SharpPlayer: SharpMUSH.Library.Models.SharpPlayer, *System.String: Temporary Message of the Day (cleared on restart):*, <null>, Announce)
  	Notify(SharpMUSH.Library.Models.SharpPlayer: SharpMUSH.Library.Models.SharpPlayer, *System.String:   Connect MOTD: (not set)*, <null>, Announce)
  	Notify(SharpMUSH.Library.Models.SharpPlayer: SharpMUSH.Library.Models.SharpPlayer, *System.String:   Wizard MOTD:  (not set)*, <null>, Announce)
  	Notify(SharpMUSH.Library.Models.SharpPlayer: SharpMUSH.Library.Models.SharpPlayer, *System.String:   Down MOTD:    (not set)*, <null>, Announce)
  	Notify(SharpMUSH.Library.Models.SharpPlayer: SharpMUSH.Library.Models.SharpPlayer, *System.String:   Full MOTD:    (not set)*, <null>, Announce)
  	Notify(SharpMUSH.Library.Models.SharpPlayer: SharpMUSH.Library.Models.SharpPlayer, *System.String: Usage: @wizmotd <message>*, <null>, Announce)
  	Notify(SharpMUSH.Library.Models.SharpPlayer: SharpMUSH.Library.Models.SharpPlayer, *System.String: Usage: @rejectmotd <message>*, <null>, Announce)
  	Notify(SharpMUSH.Library.Models.SharpPlayer: SharpMUSH.Library.Models.SharpPlayer, *System.String: mud_name: PennMUSH Emulation by SharpMUSH*, <null>, Announce)
  	Notify(SharpMUSH.Library.Models.SharpPlayer: SharpMUSH.Library.Models.SharpPlayer, *System.String:   Description: Name of your MUSH as displayed to players*, <null>, Announce)
  	Notify(SharpMUSH.Library.Models.SharpPlayer: SharpMUSH.Library.Models.SharpPlayer, *System.String:   Category: Net*, <null>, Announce)
  	Notify(SharpMUSH.Library.Models.SharpPlayer: SharpMUSH.Library.Models.SharpPlayer, *System.String: Player Name            On For   Idle  Doing                           
  God                        3s     0s  Test activity                   
  1 players logged in.*, <null>, Announce)
  	Notify(SharpMUSH.Library.Models.SharpPlayer: SharpMUSH.Library.Models.SharpPlayer, *System.String: @enable is equivalent to @config/set noisy_whisper=yes*, <null>, Announce)
  	Notify(SharpMUSH.Library.Models.SharpPlayer: SharpMUSH.Library.Models.SharpPlayer, *System.String: Runtime configuration modification is not yet implemented. Changes require server restart.*, <null>, Announce)
  	Notify(SharpMUSH.Library.Models.SharpPlayer: SharpMUSH.Library.Models.SharpPlayer, *System.String: Current value: noisy_whisper=False*, <null>, Announce)
  	Notify(SharpMUSH.Library.Models.SharpPlayer: SharpMUSH.Library.Models.SharpPlayer, *System.String: Option 'probate_judge' is not a boolean option. Use @config/set instead.*, <null>, Announce)
  	Notify(SharpMUSH.Library.Models.SharpPlayer: SharpMUSH.Library.Models.SharpPlayer, *System.String: Usage: @enable <option>*, <null>, Announce)
  	Notify(SharpMUSH.Library.Models.SharpPlayer: SharpMUSH.Library.Models.SharpPlayer, *System.String: Usage: @disable <option>*, <null>, Announce)
  	Notify(SharpMUSH.Library.Models.SharpPlayer: SharpMUSH.Library.Models.SharpPlayer, *System.String: Player Name            On For   Idle  Doing                           
  
  0 players logged in.*, <null>, Announce)
  	Notify(SharpMUSH.Library.Models.SharpPlayer: SharpMUSH.Library.Models.SharpPlayer, *System.String: No configuration option named 'test_string_DISABLE_invalid_option_xyz'.*, <null>, Announce)
  	Notify(SharpMUSH.Library.Models.SharpPlayer: SharpMUSH.Library.Models.SharpPlayer, *System.String: No configuration option named 'test_string_ENABLE_invalid_option_xyz'.*, <null>, Announce)
  	Notify(SharpMUSH.Library.Models.SharpPlayer: SharpMUSH.Library.Models.SharpPlayer, *System.String: @disable is equivalent to @config/set noisy_whisper=no*, <null>, Announce)
  	Notify(SharpMUSH.Library.Models.SharpPlayer: SharpMUSH.Library.Models.SharpPlayer, *System.String: Runtime configuration modification is not yet implemented. Changes require server restart.*, <null>, Announce)
  	Notify(SharpMUSH.Library.Models.SharpPlayer: SharpMUSH.Library.Models.SharpPlayer, *System.String: Current value: noisy_whisper=False*, <null>, Announce)
  	Notify(SharpMUSH.Library.Models.SharpPlayer: SharpMUSH.Library.Models.SharpPlayer, *System.String: Option 'mud_name' is not a boolean option. Use @config/set instead.*, <null>, Announce)
  	Notify(SharpMUSH.Library.Models.SharpPlayer: SharpMUSH.Library.Models.SharpPlayer, *System.String: Power 'TEST_POWER_E9AB9A3B' created with alias 'TPOW'.*, <null>, Announce)
  	Notify(SharpMUSH.Library.Models.SharpPlayer: SharpMUSH.Library.Models.SharpPlayer, *System.String: Object Powers:
  Name                 Alias              Type Restrictions
  -------------------- ------------------ -------------------
  Announce                                ROOM,PLAYER,EXIT,THING
  Boot                                    ROOM,PLAYER,EXIT,THING
  Builder                                 ROOM,PLAYER,EXIT,THING
  Can_Dark                                PLAYER
  Can_HTTP                                ROOM,PLAYER,EXIT,THING
  Can_Spoof                               ROOM,PLAYER,EXIT,THING
  Chat_Privs                              ROOM,PLAYER,EXIT,THING
  Debit                                   ROOM,PLAYER,EXIT,THING
  Functions                               ROOM,PLAYER,EXIT,THING
  Guest                                   ROOM,PLAYER,EXIT,THING
  Halt                                    ROOM,PLAYER,EXIT,THING
  Hide                                    ROOM,PLAYER,EXIT,THING
  Hook                                    ROOM,PLAYER,EXIT,THING
  Idle                                    ROOM,PLAYER,EXIT,THING
  Immortal                                ROOM,PLAYER,EXIT,THING
  Link_Anywhere                           ROOM,PLAYER,EXIT,THING
  Login                                   ROOM,PLAYER,EXIT,THING
  Long_Fingers                            ROOM,PLAYER,EXIT,THING
  Many_Attribs                            ROOM,PLAYER,EXIT,THING
  No_Pay                                  ROOM,PLAYER,EXIT,THING
  No_Quota                                ROOM,PLAYER,EXIT,THING
  Open_Anywhere                           ROOM,PLAYER,EXIT,THING
  Pemit_All                               ROOM,PLAYER,EXIT,THING
  Pick_DBRefs                             ROOM,PLAYER,EXIT,THING
  Player_Create                           ROOM,PLAYER,EXIT,THING
  Poll                                    ROOM,PLAYER,EXIT,THING
  Pueblo_Send                             ROOM,PLAYER,EXIT,THING
  Queue                                   ROOM,PLAYER,EXIT,THING
  Search                                  ROOM,PLAYER,EXIT,THING
  See_All                                 ROOM,PLAYER,EXIT,THING
  See_Queue                               ROOM,PLAYER,EXIT,THING
  See_OOB                                 ROOM,PLAYER,EXIT,THING
  SQL_OK                                  ROOM,PLAYER,EXIT,THING
  Tport_Anything                          ROOM,PLAYER,EXIT,THING
  Tport_Anywhere                          ROOM,PLAYER,EXIT,THING
  Unkillable                              ROOM,PLAYER,EXIT,THING*, <null>, Announce)
  	Notify(SharpMUSH.Library.Models.SharpPlayer: SharpMUSH.Library.Models.SharpPlayer, *System.String: Object Flags:
  Name                 Symbol Type Restrictions
  -------------------- ------ -------------------
  WIZARD               W      ROOM,PLAYER,EXIT,THING
  ABODE                A      ROOM
  ANSI                 A      PLAYER
  CHOWN_OK             C      ROOM,PLAYER,THING
  COLOR                C      PLAYER
  DARK                 D      ROOM,PLAYER,EXIT,THING
  FIXED                F      PLAYER
  FLOATING             F      ROOM
  HAVEN                H      PLAYER
  TRUST                I      ROOM,PLAYER,EXIT,THING
  JUDGE                J      PLAYER
  JUMP_OK              J      ROOM
  LINK_OK              L      ROOM,PLAYER,EXIT,THING
  MONITOR              M      ROOM,PLAYER,THING
  NO_LEAVE             N      THING
  NO_TEL               N      ROOM
  OPAQUE               O      ROOM,PLAYER,EXIT,THING
  QUIET                Q      ROOM,PLAYER,EXIT,THING
  UNFINDABLE           U      ROOM,PLAYER,EXIT,THING
  VISUAL               V      ROOM,PLAYER,EXIT,THING
  SAFE                 X      ROOM,PLAYER,EXIT,THING
  SHARED               Z      PLAYER
  Z_TEL                Z      ROOM,THING
  LISTEN_PARENT        ^      PLAYER,THING,ROOM
  NOACCENTS            ~      PLAYER,THING,ROOM
  UNREGISTERED         ?      PLAYER
  NOSPOOF              "      ROOM,PLAYER,EXIT,THING
  AUDIBLE              a      ROOM,PLAYER,EXIT,THING
  DEBUG                b      ROOM,PLAYER,EXIT,THING
  DESTROY_OK           d      THING
  ENTER_OK             e      ROOM,PLAYER,EXIT,THING
  GAGGED               g      PLAYER
  HALT                 h      ROOM,PLAYER,EXIT,THING
  ORPHAN               i      ROOM,PLAYER,EXIT,THING
  JURY_OK              j      PLAYER
  KEEPALIVE            k      PLAYER
  LIGHT                l      ROOM,PLAYER,EXIT,THING
  MISTRUST             m      PLAYER,EXIT,THING
  MISTRUST             m      PLAYER,EXIT,THING
  NO_COMMAND           n      ROOM,PLAYER,EXIT,THING
  ON_VACATION          o      PLAYER
  PUPPET               P      THING
  ROYALTY              r      ROOM,PLAYER,EXIT,THING
  SUSPECT              s      ROOM,PLAYER,EXIT,THING
  TRANSPARENT          t      ROOM,PLAYER,EXIT,THING
  VERBOSE              v      ROOM,PLAYER,EXIT,THING
  NO_WARN              w      ROOM,PLAYER,EXIT,THING
  CLOUDY               x      EXIT
  CHAN_USEFIRSTMATCH          ROOM,PLAYER,EXIT,THING
  HEAR_CONNECT                PLAYER
  HEAVY                       ROOM,PLAYER,EXIT,THING
  LOUD                        PLAYER
  NO_LOG                      PLAYER
  PARANOID                    PLAYER
  TRACK_MONEY                 PLAYER
  XTERM256                    PLAYER
  MONIKER                     ROOM,PLAYER,EXIT,THING
  OPEN_OK                     ROOM
  GOING                g      ROOM,PLAYER,EXIT,THING
  GOING_TWICE                 ROOM,PLAYER,EXIT,THING*, <null>, Announce)
  	Notify(SharpMUSH.Library.Models.SharpPlayer: SharpMUSH.Library.Models.SharpPlayer, *System.String: Flag 'TEST_FLAG_36F4C586' created with symbol 'T'.*, <null>, Announce)
  	Notify(SharpMUSH.Library.Models.SharpPlayer: SharpMUSH.Library.Models.SharpPlayer, *System.String: Flag 'TEST_FLAG_EF8D1235' created with symbol 'T'.*, <null>, Announce)
  	Notify(SharpMUSH.Library.Models.SharpPlayer: SharpMUSH.Library.Models.SharpPlayer, *System.String: Flag 'TEST_FLAG_7EE4E12F' created with symbol 'T'.*, <null>, Announce)
  	Notify(SharpMUSH.Library.Models.SharpPlayer: SharpMUSH.Library.Models.SharpPlayer, *System.String: Flag 'TEST_FLAG_7EE4E12F' already exists.*, <null>, Announce)
  	Notify(SharpMUSH.Library.Models.SharpPlayer: SharpMUSH.Library.Models.SharpPlayer, *System.String: Flag 'TEST_FLAG_310C1EAA' deleted.*, <null>, Announce)
  	Notify(SharpMUSH.Library.Models.SharpPlayer: SharpMUSH.Library.Models.SharpPlayer, *System.String: Cannot delete system flag 'WIZARD'.*, <null>, Announce)
  	Notify(SharpMUSH.Library.Models.SharpPlayer: SharpMUSH.Library.Models.SharpPlayer, *System.String: Flag 'NONEXISTENT_FLAG_XYZ123' not found.*, <null>, Announce)
  	Notify(SharpMUSH.Library.Models.SharpPlayer: SharpMUSH.Library.Models.SharpPlayer, *System.String: Power 'TEST_POWER_ENABLE_556A3B81' created with alias 'TPOW'.*, <null>, Announce)
  	Notify(SharpMUSH.Library.Models.SharpPlayer: SharpMUSH.Library.Models.SharpPlayer, *System.String: Power 'TEST_POWER_ENABLE_556A3B81' disabled.*, <null>, Announce)
  	Notify(SharpMUSH.Library.Models.SharpPlayer: SharpMUSH.Library.Models.SharpPlayer, *System.String: Power 'TEST_POWER_ENABLE_556A3B81' enabled.*, <null>, Announce)
  	Notify(SharpMUSH.Library.Models.SharpPlayer: SharpMUSH.Library.Models.SharpPlayer, *System.String: Power 'TEST_POWER_DISABLE_FA5E4FB5' created with alias 'TPOW'.*, <null>, Announce)
  	Notify(SharpMUSH.Library.Models.SharpPlayer: SharpMUSH.Library.Models.SharpPlayer, *System.String: Power 'TEST_POWER_DISABLE_FA5E4FB5' disabled.*, <null>, Announce)
  	Notify(SharpMUSH.Library.Models.SharpPlayer: SharpMUSH.Library.Models.SharpPlayer, *System.String: Cannot disable system power 'Builder'.*, <null>, Announce)
  	Notify(SharpMUSH.Library.Models.SharpPlayer: SharpMUSH.Library.Models.SharpPlayer, *System.String: Flag 'TEST_FLAG_ENABLE_F9F4489C' created with symbol 'T'.*, <null>, Announce)
  	Notify(SharpMUSH.Library.Models.SharpPlayer: SharpMUSH.Library.Models.SharpPlayer, *System.String: Flag 'TEST_FLAG_ENABLE_F9F4489C' disabled.*, <null>, Announce)
  	Notify(SharpMUSH.Library.Models.SharpPlayer: SharpMUSH.Library.Models.SharpPlayer, *System.String: Flag 'TEST_FLAG_ENABLE_F9F4489C' enabled.*, <null>, Announce)
  	Notify(SharpMUSH.Library.Models.SharpPlayer: SharpMUSH.Library.Models.SharpPlayer, *System.String: Flag 'TEST_FLAG_DISABLE_842F3BDD' created with symbol 'T'.*, <null>, Announce)
  	Notify(SharpMUSH.Library.Models.SharpPlayer: SharpMUSH.Library.Models.SharpPlayer, *System.String: Flag 'TEST_FLAG_DISABLE_842F3BDD' disabled.*, <null>, Announce)
  	Notify(SharpMUSH.Library.Models.SharpPlayer: SharpMUSH.Library.Models.SharpPlayer, *System.String: @POWER/ADD requires power name and alias.*, <null>, Announce)
  	Notify(SharpMUSH.Library.Models.SharpPlayer: SharpMUSH.Library.Models.SharpPlayer, *System.String: @FLAG/ADD requires flag name and symbol.*, <null>, Announce)
  	Notify(SharpMUSH.Library.Models.SharpPlayer: SharpMUSH.Library.Models.SharpPlayer, *System.String: Power 'NONEXISTENT_POWER_XYZ123' not found.*, <null>, Announce)
  	Notify(SharpMUSH.Library.Models.SharpPlayer: SharpMUSH.Library.Models.SharpPlayer, *System.String: Cannot delete system power 'BUILDER'.*, <null>, Announce)
  	Notify(SharpMUSH.Library.Models.SharpPlayer: SharpMUSH.Library.Models.SharpPlayer, *System.String: Power 'TEST_POWER_9E7AFEEF' deleted.*, <null>, Announce)
  	Notify(SharpMUSH.Library.Models.SharpPlayer: SharpMUSH.Library.Models.SharpPlayer, *System.String: Power 'TEST_POWER_F0978529' created with alias 'TPOW'.*, <null>, Announce)
  	Notify(SharpMUSH.Library.Models.SharpPlayer: SharpMUSH.Library.Models.SharpPlayer, *System.String: Cannot disable system flag 'WIZARD'.*, <null>, Announce)
  	Notify(SharpMUSH.Library.Models.SharpPlayer: SharpMUSH.Library.Models.SharpPlayer, *System.String: You aren't following anyone.*, <null>, Announce)
  	Notify(SharpMUSH.Library.Models.SharpPlayer: SharpMUSH.Library.Models.SharpPlayer, *System.String: Created EmptyTestBox (#5:1774909470451).*, <null>, Announce)
  	Notify(SharpMUSH.Library.Models.SharpPlayer: SharpMUSH.Library.Models.SharpPlayer, *System.String: Created EmptyTestThing (#6:1774909470473).*, <null>, Announce)
  	Notify(SharpMUSH.Library.Models.SharpPlayer: SharpMUSH.Library.Models.SharpPlayer, *System.String: Flag: ENTER_OK Set.*, <null>, Announce)
  	Notify(SharpMUSH.Library.Models.SharpPlayer: SharpMUSH.Library.Models.SharpPlayer, *System.String: You don't have that.*, <null>, Announce)
  	Notify(SharpMUSH.Library.Models.SharpPlayer: SharpMUSH.Library.Models.SharpPlayer, *System.String: You aren't carrying that.*, <null>, Announce)
  	Notify(SharpMUSH.Library.Models.SharpPlayer: SharpMUSH.Library.Models.SharpPlayer, *System.String: EmptyTestBox is already empty.*, <null>, Announce)
  	Notify(SharpMUSH.Library.Models.SharpPlayer: SharpMUSH.Library.Models.SharpPlayer, *System.String: Created EmptyTestContainer (#7:1774909470613).*, <null>, Announce)
  	Notify(SharpMUSH.Library.Models.SharpPlayer: SharpMUSH.Library.Models.SharpPlayer, *System.String: Created EmptyTestItem1 (#8:1774909470637).*, <null>, Announce)
  	Notify(SharpMUSH.Library.Models.SharpPlayer: SharpMUSH.Library.Models.SharpPlayer, *System.String: Created EmptyTestItem2 (#9:1774909470654).*, <null>, Announce)
  	Notify(SharpMUSH.Library.Models.SharpPlayer: SharpMUSH.Library.Models.SharpPlayer, *System.String: Flag: ENTER_OK Set.*, <null>, Announce)
  	Notify(SharpMUSH.Library.Models.SharpPlayer: SharpMUSH.Library.Models.SharpPlayer, *System.String: Taken.*, <null>, Announce)
  	Notify(SharpMUSH.Library.Models.SharpPlayer: SharpMUSH.Library.Models.SharpPlayer, *System.String: You don't have that.*, <null>, Announce)
  	Notify(SharpMUSH.Library.Models.SharpPlayer: SharpMUSH.Library.Models.SharpPlayer, *System.String: You don't have that.*, <null>, Announce)
  	Notify(SharpMUSH.Library.Models.SharpPlayer: SharpMUSH.Library.Models.SharpPlayer, *System.String: EmptyTestContainer is already empty.*, <null>, Announce)
  	Notify(SharpMUSH.Library.Models.SharpPlayer: SharpMUSH.Library.Models.SharpPlayer, *System.String: God is not following you.*, <null>, Announce)
  	Notify(SharpMUSH.Library.Models.SharpPlayer: SharpMUSH.Library.Models.SharpPlayer, *System.String: You stop following and dismiss all followers.*, <null>, Announce)
  	Notify(SharpMUSH.Library.Models.SharpPlayer: SharpMUSH.Library.Models.SharpPlayer, *System.String: You can't follow yourself.*, <null>, Announce)
  	Notify(SharpMUSH.Library.Models.SharpThing: SharpMUSH.Library.Models.SharpThing, *MarkupString.MarkupStringModule+MarkupString: God types --> #1=skill*, *SharpMUSH.Library.Models.SharpPlayer: SharpMUSH.Library.Models.SharpPlayer*, *Emit*)
  	Notify(SharpMUSH.Library.Models.SharpThing: SharpMUSH.Library.Models.SharpThing, *MarkupString.MarkupStringModule+MarkupString: God types --> #1=skill*, *SharpMUSH.Library.Models.SharpPlayer: SharpMUSH.Library.Models.SharpPlayer*, *Emit*)
  	Notify(SharpMUSH.Library.Models.SharpThing: SharpMUSH.Library.Models.SharpThing, *MarkupString.MarkupStringModule+MarkupString: God types --> #1=skill*, *SharpMUSH.Library.Models.SharpPlayer: SharpMUSH.Library.Models.SharpPlayer*, *Emit*)
  	Notify(SharpMUSH.Library.Models.SharpThing: SharpMUSH.Library.Models.SharpThing, *MarkupString.MarkupStringModule+MarkupString: God types --> #1=skill*, *SharpMUSH.Library.Models.SharpPlayer: SharpMUSH.Library.Models.SharpPlayer*, *Emit*)
  	Notify(SharpMUSH.Library.Models.SharpPlayer: SharpMUSH.Library.Models.SharpPlayer, *MarkupString.MarkupStringModule+MarkupString: God types --> #1=skill*, *SharpMUSH.Library.Models.SharpPlayer: SharpMUSH.Library.Models.SharpPlayer*, *Emit*)
  	Notify(SharpMUSH.Library.Models.SharpPlayer: SharpMUSH.Library.Models.SharpPlayer, *MarkupString.MarkupStringModule+MarkupString: God types --> #1=skill*, *SharpMUSH.Library.Models.SharpPlayer: SharpMUSH.Library.Models.SharpPlayer*, *Emit*)
  	Notify(SharpMUSH.Library.Models.SharpPlayer: SharpMUSH.Library.Models.SharpPlayer, *MarkupString.MarkupStringModule+MarkupString: God types --> #1=skill*, *SharpMUSH.Library.Models.SharpPlayer: SharpMUSH.Library.Models.SharpPlayer*, *Emit*)
  	Notify(SharpMUSH.Library.Models.SharpPlayer: SharpMUSH.Library.Models.SharpPlayer, *System.String: Huh?  (Type "help" for help.)*, <null>, Announce)
  	Notify(SharpMUSH.Library.Models.SharpPlayer: SharpMUSH.Library.Models.SharpPlayer, *System.String: The SCORE command is not supported.*, <null>, Announce)
  	Notify(SharpMUSH.Library.Models.SharpPlayer: SharpMUSH.Library.Models.SharpPlayer, *System.String: SharpMUSH does not track money or pennies.*, <null>, Announce)
  	Notify(SharpMUSH.Library.Models.SharpPlayer: SharpMUSH.Library.Models.SharpPlayer, *System.String: You try to buy 'sword'.*, <null>, Announce)
  	Notify(SharpMUSH.Library.Models.SharpPlayer: SharpMUSH.Library.Models.SharpPlayer, *System.String: The BUY command requires a full economy system implementation.*, <null>, Announce)
  	Notify(SharpMUSH.Library.Models.SharpPlayer: SharpMUSH.Library.Models.SharpPlayer, *System.String: Features needed: PRICELIST attribute parsing, @lock/pay checking, penny transfers.*, <null>, Announce)
  	Notify(SharpMUSH.Library.Models.SharpPlayer: SharpMUSH.Library.Models.SharpPlayer, *System.String: Do what with them?*, <null>, Announce)
  	Notify(SharpMUSH.Library.Models.SharpPlayer: SharpMUSH.Library.Models.SharpPlayer, *System.String: Hook 'EXTEND' set for command 'HOOKTEST_IGSWITCH_90E2B306DC0F404AA8D48110EACBAA61'.*, <null>, Announce)
  	Notify(SharpMUSH.Library.Models.SharpPlayer: SharpMUSH.Library.Models.SharpPlayer, *System.String: Hook 'EXTEND' set for command 'HOOKTEST_EXTEND_7B9527B5C4AD4E5692A3D7B202DF6F69'.*, <null>, Announce)
  	Notify(SharpMUSH.Library.Models.SharpPlayer: SharpMUSH.Library.Models.SharpPlayer, *System.String: Hook 'BEFORE' set for command 'HOOKTEST_DEFAULT_C0F8209DA868453993646D7A985728D3'.*, <null>, Announce)
  	Notify(SharpMUSH.Library.Models.SharpPlayer: SharpMUSH.Library.Models.SharpPlayer, *System.String: Hook 'BEFORE' set for command 'HOOKTEST_MULTI_27FA7440694545E9AA3D3F7E5D0E8343'.*, <null>, Announce)
  	Notify(SharpMUSH.Library.Models.SharpPlayer: SharpMUSH.Library.Models.SharpPlayer, *System.String: Hook 'AFTER' set for command 'HOOKTEST_MULTI_27FA7440694545E9AA3D3F7E5D0E8343'.*, <null>, Announce)
  	Notify(SharpMUSH.Library.Models.SharpPlayer: SharpMUSH.Library.Models.SharpPlayer, *System.String: Hook 'IGNORE' set for command 'HOOKTEST_MULTI_27FA7440694545E9AA3D3F7E5D0E8343'.*, <null>, Announce)
  	Notify(SharpMUSH.Library.Models.SharpPlayer: SharpMUSH.Library.Models.SharpPlayer, *System.String: Hook 'BEFORE' set for command 'HOOKTEST_INPLACE_BC6ADB80905F4F90A581300ECD852215' (inline).*, <null>, Announce)
  	Notify(SharpMUSH.Library.Models.SharpPlayer: SharpMUSH.Library.Models.SharpPlayer, *System.String: Hook 'BEFORE' set for command 'HOOKTEST_INLINE_39FC73499FC74CFB9B8AB143B0659574' (inline).*, <null>, Announce)
  	Notify(SharpMUSH.Library.Models.SharpPlayer: SharpMUSH.Library.Models.SharpPlayer, *System.String: No 'BEFORE' hook set for command 'HOOKTEST_CLEAR_0E30049957AE43A1A2222DE5CC7BC33D'.*, <null>, Announce)
  	Notify(SharpMUSH.Library.Models.SharpPlayer: SharpMUSH.Library.Models.SharpPlayer, *System.String: Hook 'BEFORE' set for command 'HOOKTEST_SET_2FB3DD950D24474291D18D6AFD5B85B5'.*, <null>, Announce)
  	Notify(SharpMUSH.Library.Models.SharpPlayer: SharpMUSH.Library.Models.SharpPlayer, *System.String: No hooks set for command 'HOOKTEST_LIST_E8081791F1864103A58E58AA7CDA67DA'.*, <null>, Announce)
  	Notify(SharpMUSH.Library.Models.SharpPlayer: SharpMUSH.Library.Models.SharpPlayer, *System.String: (HTTP): Content-Type set to application/json*, <null>, Announce)
  	Notify(SharpMUSH.Library.Models.SharpPlayer: SharpMUSH.Library.Models.SharpPlayer, *System.String: (HTTP): Status 200 OK*, <null>, Announce)
  	Notify(SharpMUSH.Library.Models.SharpPlayer: SharpMUSH.Library.Models.SharpPlayer, *System.String: (HTTP): Status 404 Not Found*, <null>, Announce)
  	Notify(SharpMUSH.Library.Models.SharpPlayer: SharpMUSH.Library.Models.SharpPlayer, *System.String: Status code required.*, <null>, Announce)
  	Notify(SharpMUSH.Library.Models.SharpPlayer: SharpMUSH.Library.Models.SharpPlayer, *System.String: Status line must be less than 40 characters.*, <null>, Announce)
  	Notify(SharpMUSH.Library.Models.SharpPlayer: SharpMUSH.Library.Models.SharpPlayer, *System.String: Header name cannot be empty.*, <null>, Announce)
  	Notify(SharpMUSH.Library.Models.SharpPlayer: SharpMUSH.Library.Models.SharpPlayer, *System.String: Cannot set Content-Length header.*, <null>, Announce)
  	Notify(SharpMUSH.Library.Models.SharpPlayer: SharpMUSH.Library.Models.SharpPlayer, *System.String: (HTTP): Header X-Custom-Header: *, <null>, Announce)
  	Notify(SharpMUSH.Library.Models.SharpPlayer: SharpMUSH.Library.Models.SharpPlayer, *System.String: (HTTP): Header X-Powered-By: MUSHCode*, <null>, Announce)
  	Notify(SharpMUSH.Library.Models.SharpPlayer: SharpMUSH.Library.Models.SharpPlayer, *System.String: Content-Type cannot be empty.*, <null>, Announce)
  	Notify(SharpMUSH.Library.Models.SharpPlayer: SharpMUSH.Library.Models.SharpPlayer, *System.String: (HTTP): Content-Type set to text/html*, <null>, Announce)
  	Notify(SharpMUSH.Library.Models.SharpPlayer: SharpMUSH.Library.Models.SharpPlayer, *System.String: (HTTP): Status 500*, <null>, Announce)
  	Notify(SharpMUSH.Library.Models.SharpPlayer: SharpMUSH.Library.Models.SharpPlayer, *System.String: Status code must be a 3-digit number.*, <null>, Announce)
  	Notify(SharpMUSH.Library.Models.SharpPlayer: SharpMUSH.Library.Models.SharpPlayer, *System.String: Status code must be a 3-digit number.*, <null>, Announce)
  	Notify(SharpMUSH.Library.Models.SharpPlayer: SharpMUSH.Library.Models.SharpPlayer, *System.String: (HTTP): Header Set-Cookie: name=Bob; Max-Age=3600; Version=1*, <null>, Announce)
  	Notify(SharpMUSH.Library.Models.SharpPlayer: SharpMUSH.Library.Models.SharpPlayer, *System.String: Message logged to Command log.*, <null>, Announce)
  	Notify(SharpMUSH.Library.Models.SharpPlayer: SharpMUSH.Library.Models.SharpPlayer, *System.String: Message logged to Command log.*, <null>, Announce)
  	Notify(SharpMUSH.Library.Models.SharpPlayer: SharpMUSH.Library.Models.SharpPlayer, *System.String: Message logged to Wizard log.*, <null>, Announce)
  	Notify(SharpMUSH.Library.Models.SharpPlayer: SharpMUSH.Library.Models.SharpPlayer, *System.String: Message logged to Error log.*, <null>, Announce)
  	Notify(SharpMUSH.Library.Models.SharpPlayer: SharpMUSH.Library.Models.SharpPlayer, *System.String: Usage: @log[/<switch>] <message> or @log/recall[/<switch>] [<number>]*, <null>, Announce)
  	Notify(SharpMUSH.Library.Models.SharpPlayer: SharpMUSH.Library.Models.SharpPlayer, *System.String: No log entries found for category 'Command'.*, <null>, Announce)
  	Notify(SharpMUSH.Library.Models.SharpPlayer: SharpMUSH.Library.Models.SharpPlayer, *System.String: Locked.*, <null>, Announce)
  	Notify(SharpMUSH.Library.Models.SharpPlayer: SharpMUSH.Library.Models.SharpPlayer, *System.String: No such lock: Basic*, <null>, Announce)
  	Notify(SharpMUSH.Library.Models.SharpPlayer: SharpMUSH.Library.Models.SharpPlayer, *System.String: Log Management Status:*, <null>, Announce)
  	Notify(SharpMUSH.Library.Models.SharpPlayer: SharpMUSH.Library.Models.SharpPlayer, *System.String:   SharpMUSH uses .NET logging infrastructure*, <null>, Announce)
  	Notify(SharpMUSH.Library.Models.SharpPlayer: SharpMUSH.Library.Models.SharpPlayer, *System.String:   Logs are managed by configured logging providers*, <null>, Announce)
  	Notify(SharpMUSH.Library.Models.SharpPlayer: SharpMUSH.Library.Models.SharpPlayer, *System.String:   Available log types: CMD, CONN, ERR, TRACE, WIZ*, <null>, Announce)
  	Notify(SharpMUSH.Library.Models.SharpPlayer: SharpMUSH.Library.Models.SharpPlayer, *System.String:   Available actions: ROTATE, TRIM, WIPE*, <null>, Announce)
  	Notify(SharpMUSH.Library.Models.SharpPlayer: SharpMUSH.Library.Models.SharpPlayer, *System.String:   Note: Direct log file manipulation not yet implemented*, <null>, Announce)
  	Notify(SharpMUSH.Library.Models.SharpPlayer: SharpMUSH.Library.Models.SharpPlayer, *System.String: MAIL: You sent a message to God.*, <null>, Announce)
  	Notify(SharpMUSH.Library.Models.SharpPlayer: SharpMUSH.Library.Models.SharpPlayer, *System.String: MAIL: You have received a message (1) from God.*, <null>, Announce)
  	Notify(SharpMUSH.Library.Models.SharpPlayer: SharpMUSH.Library.Models.SharpPlayer, *System.String: @MALIAS/LIST: Mail alias system not yet implemented.*, <null>, Announce)
  	Notify(SharpMUSH.Library.Models.SharpPlayer: SharpMUSH.Library.Models.SharpPlayer, *System.String: This command would manage mail distribution lists and aliases.*, <null>, Announce)
  	Notify(SharpMUSH.Library.Models.SharpPlayer: SharpMUSH.Library.Models.SharpPlayer, *System.String: Created MsgBasic_1774909472895_2745 (#14:1774909472909).*, <null>, Announce)
  	Notify(SharpMUSH.Library.Models.SharpPlayer: SharpMUSH.Library.Models.SharpPlayer, *System.String: Attribute TESTFORMAT_MSGBASIC_93751 SET.*, *SharpMUSH.Library.Models.SharpThing: SharpMUSH.Library.Models.SharpThing*, Announce)
  	Notify(SharpMUSH.Library.Models.SharpPlayer: SharpMUSH.Library.Models.SharpPlayer, *System.String: MsgBasic_1774909472895_2745/TESTFORMAT_MSGBASIC_93751 - Set.*, <null>, Announce)
  	Notify(SharpMUSH.Library.Models.SharpThing: SharpMUSH.Library.Models.SharpThing, *MarkupString.MarkupStringModule+MarkupString: MessageBasic_UniqueValue_93751*, *SharpMUSH.Library.Models.SharpPlayer: SharpMUSH.Library.Models.SharpPlayer*, Announce)
  	Notify(SharpMUSH.Library.Models.SharpPlayer: SharpMUSH.Library.Models.SharpPlayer, *System.String: Created MsgWithAttr_1774909472971_1786 (#15:1774909472984).*, <null>, Announce)
  	Notify(SharpMUSH.Library.Models.SharpPlayer: SharpMUSH.Library.Models.SharpPlayer, *System.String: Attribute TESTFORMAT_MSGATTR_84729 SET.*, *SharpMUSH.Library.Models.SharpThing: SharpMUSH.Library.Models.SharpThing*, Announce)
  	Notify(SharpMUSH.Library.Models.SharpPlayer: SharpMUSH.Library.Models.SharpPlayer, *System.String: MsgWithAttr_1774909472971_1786/TESTFORMAT_MSGATTR_84729 - Set.*, <null>, Announce)
  	Notify(SharpMUSH.Library.Models.SharpThing: SharpMUSH.Library.Models.SharpThing, *MarkupString.MarkupStringModule+MarkupString: MessageWithAttribute_Result_84729:15*, *SharpMUSH.Library.Models.SharpPlayer: SharpMUSH.Library.Models.SharpPlayer*, Announce)
  	Notify(SharpMUSH.Library.Models.SharpPlayer: SharpMUSH.Library.Models.SharpPlayer, *System.String: Created MsgMissingAttr_1774909473031_9726 (#16:1774909473045).*, <null>, Announce)
  	Notify(SharpMUSH.Library.Models.SharpThing: SharpMUSH.Library.Models.SharpThing, *MarkupString.MarkupStringModule+MarkupString: DefaultMessage_UniqueValue_72914*, *SharpMUSH.Library.Models.SharpPlayer: SharpMUSH.Library.Models.SharpPlayer*, Announce)
  	Notify(SharpMUSH.Library.Models.SharpPlayer: SharpMUSH.Library.Models.SharpPlayer, *System.String: Created MsgNospoof_1774909473072_5824 (#17:1774909473100).*, <null>, Announce)
  	Notify(SharpMUSH.Library.Models.SharpPlayer: SharpMUSH.Library.Models.SharpPlayer, *System.String: Attribute TESTFORMAT_MSGNOSPOOF_48203 SET.*, *SharpMUSH.Library.Models.SharpThing: SharpMUSH.Library.Models.SharpThing*, Announce)
  	Notify(SharpMUSH.Library.Models.SharpPlayer: SharpMUSH.Library.Models.SharpPlayer, *System.String: MsgNospoof_1774909473072_5824/TESTFORMAT_MSGNOSPOOF_48203 - Set.*, <null>, Announce)
  	Notify(SharpMUSH.Library.Models.SharpThing: SharpMUSH.Library.Models.SharpThing, *MarkupString.MarkupStringModule+MarkupString: MessageNospoof_Value_48203*, *SharpMUSH.Library.Models.SharpPlayer: SharpMUSH.Library.Models.SharpPlayer*, *NSAnnounce*)
  	Notify(SharpMUSH.Library.Models.SharpPlayer: SharpMUSH.Library.Models.SharpPlayer, *System.String: Created OemitTarget_1774909473159_2460 (#18:1774909473174).*, <null>, Announce)
  	Notify(SharpMUSH.Library.Models.SharpPlayer: SharpMUSH.Library.Models.SharpPlayer, *System.String: Attribute OEMIT_TEST_ATTR_MSG SET.*, *SharpMUSH.Library.Models.SharpPlayer: SharpMUSH.Library.Models.SharpPlayer*, Announce)
  	Notify(SharpMUSH.Library.Models.SharpPlayer: SharpMUSH.Library.Models.SharpPlayer, *System.String: God/OEMIT_TEST_ATTR_MSG - Set.*, <null>, Announce)
  	Notify(SharpMUSH.Library.Models.SharpThing: SharpMUSH.Library.Models.SharpThing, *MarkupString.MarkupStringModule+MarkupString: OemitTestMsg_b3d3016078044d55a70ee4cc525a900c*, *SharpMUSH.Library.Models.SharpPlayer: SharpMUSH.Library.Models.SharpPlayer*, Announce)
  	Notify(SharpMUSH.Library.Models.SharpThing: SharpMUSH.Library.Models.SharpThing, *MarkupString.MarkupStringModule+MarkupString: OemitTestMsg_b3d3016078044d55a70ee4cc525a900c*, *SharpMUSH.Library.Models.SharpPlayer: SharpMUSH.Library.Models.SharpPlayer*, Announce)
  	Notify(SharpMUSH.Library.Models.SharpThing: SharpMUSH.Library.Models.SharpThing, *MarkupString.MarkupStringModule+MarkupString: OemitTestMsg_b3d3016078044d55a70ee4cc525a900c*, *SharpMUSH.Library.Models.SharpPlayer: SharpMUSH.Library.Models.SharpPlayer*, Announce)
  	Notify(SharpMUSH.Library.Models.SharpThing: SharpMUSH.Library.Models.SharpThing, *MarkupString.MarkupStringModule+MarkupString: OemitTestMsg_b3d3016078044d55a70ee4cc525a900c*, *SharpMUSH.Library.Models.SharpPlayer: SharpMUSH.Library.Models.SharpPlayer*, Announce)
  	Notify(SharpMUSH.Library.Models.SharpThing: SharpMUSH.Library.Models.SharpThing, *MarkupString.MarkupStringModule+MarkupString: OemitTestMsg_b3d3016078044d55a70ee4cc525a900c*, *SharpMUSH.Library.Models.SharpPlayer: SharpMUSH.Library.Models.SharpPlayer*, Announce)
  	Notify(SharpMUSH.Library.Models.SharpPlayer: SharpMUSH.Library.Models.SharpPlayer, *MarkupString.MarkupStringModule+MarkupString: OemitTestMsg_b3d3016078044d55a70ee4cc525a900c*, *SharpMUSH.Library.Models.SharpPlayer: SharpMUSH.Library.Models.SharpPlayer*, Announce)
  	Notify(SharpMUSH.Library.Models.SharpPlayer: SharpMUSH.Library.Models.SharpPlayer, *MarkupString.MarkupStringModule+MarkupString: OemitTestMsg_b3d3016078044d55a70ee4cc525a900c*, *SharpMUSH.Library.Models.SharpPlayer: SharpMUSH.Library.Models.SharpPlayer*, Announce)
  	Notify(SharpMUSH.Library.Models.SharpPlayer: SharpMUSH.Library.Models.SharpPlayer, *MarkupString.MarkupStringModule+MarkupString: OemitTestMsg_b3d3016078044d55a70ee4cc525a900c*, *SharpMUSH.Library.Models.SharpPlayer: SharpMUSH.Library.Models.SharpPlayer*, Announce)
  	Notify(SharpMUSH.Library.Models.SharpPlayer: SharpMUSH.Library.Models.SharpPlayer, *MarkupString.MarkupStringModule+MarkupString: OemitTestMsg_b3d3016078044d55a70ee4cc525a900c*, *SharpMUSH.Library.Models.SharpPlayer: SharpMUSH.Library.Models.SharpPlayer*, Announce)
  	Notify(SharpMUSH.Library.Models.SharpThing: SharpMUSH.Library.Models.SharpThing, *MarkupString.MarkupStringModule+MarkupString: OemitTestMsg_b3d3016078044d55a70ee4cc525a900c*, *SharpMUSH.Library.Models.SharpPlayer: SharpMUSH.Library.Models.SharpPlayer*, Announce)
  	Notify(SharpMUSH.Library.Models.SharpThing: SharpMUSH.Library.Models.SharpThing, *MarkupString.MarkupStringModule+MarkupString: OemitTestMsg_b3d3016078044d55a70ee4cc525a900c*, *SharpMUSH.Library.Models.SharpPlayer: SharpMUSH.Library.Models.SharpPlayer*, Announce)
  	Notify(SharpMUSH.Library.Models.SharpThing: SharpMUSH.Library.Models.SharpThing, *MarkupString.MarkupStringModule+MarkupString: OemitTestMsg_b3d3016078044d55a70ee4cc525a900c*, *SharpMUSH.Library.Models.SharpPlayer: SharpMUSH.Library.Models.SharpPlayer*, Announce)
  	Notify(SharpMUSH.Library.Models.SharpThing: SharpMUSH.Library.Models.SharpThing, *MarkupString.MarkupStringModule+MarkupString: OemitTestMsg_b3d3016078044d55a70ee4cc525a900c*, *SharpMUSH.Library.Models.SharpPlayer: SharpMUSH.Library.Models.SharpPlayer*, Announce)
  	Notify(SharpMUSH.Library.Models.SharpPlayer: SharpMUSH.Library.Models.SharpPlayer, *MarkupString.MarkupStringModule+MarkupString: OemitTestMsg_b3d3016078044d55a70ee4cc525a900c*, *SharpMUSH.Library.Models.SharpPlayer: SharpMUSH.Library.Models.SharpPlayer*, Announce)
  	Notify(SharpMUSH.Library.Models.SharpPlayer: SharpMUSH.Library.Models.SharpPlayer, *MarkupString.MarkupStringModule+MarkupString: OemitTestMsg_b3d3016078044d55a70ee4cc525a900c*, *SharpMUSH.Library.Models.SharpPlayer: SharpMUSH.Library.Models.SharpPlayer*, Announce)
  	Notify(SharpMUSH.Library.Models.SharpPlayer: SharpMUSH.Library.Models.SharpPlayer, *MarkupString.MarkupStringModule+MarkupString: OemitTestMsg_b3d3016078044d55a70ee4cc525a900c*, *SharpMUSH.Library.Models.SharpPlayer: SharpMUSH.Library.Models.SharpPlayer*, Announce)
  	Notify(SharpMUSH.Library.Models.SharpPlayer: SharpMUSH.Library.Models.SharpPlayer, *System.String: Created MsgNoisy_1774909473234_1871 (#19:1774909473250).*, <null>, Announce)
  	Notify(SharpMUSH.Library.Models.SharpPlayer: SharpMUSH.Library.Models.SharpPlayer, *System.String: Attribute TESTFORMAT_MSGNOISY_55193 SET.*, *SharpMUSH.Library.Models.SharpThing: SharpMUSH.Library.Models.SharpThing*, Announce)
  	Notify(SharpMUSH.Library.Models.SharpPlayer: SharpMUSH.Library.Models.SharpPlayer, *System.String: MsgNoisy_1774909473234_1871/TESTFORMAT_MSGNOISY_55193 - Set.*, <null>, Announce)
  	Notify(SharpMUSH.Library.Models.SharpThing: SharpMUSH.Library.Models.SharpThing, *MarkupString.MarkupStringModule+MarkupString: MessageNoisy_Value_55193*, *SharpMUSH.Library.Models.SharpPlayer: SharpMUSH.Library.Models.SharpPlayer*, Announce)
  	Notify(SharpMUSH.Library.Models.SharpPlayer: SharpMUSH.Library.Models.SharpPlayer, *System.String: Message sent to 1 recipient(s).*, <null>, Announce)
  	Notify(SharpMUSH.Library.Models.SharpPlayer: SharpMUSH.Library.Models.SharpPlayer, *System.String: Attribute REMIT_TEST_ATTR_MSG SET.*, *SharpMUSH.Library.Models.SharpPlayer: SharpMUSH.Library.Models.SharpPlayer*, Announce)
  	Notify(SharpMUSH.Library.Models.SharpPlayer: SharpMUSH.Library.Models.SharpPlayer, *System.String: God/REMIT_TEST_ATTR_MSG - Set.*, <null>, Announce)
  	Notify(SharpMUSH.Library.Models.SharpThing: SharpMUSH.Library.Models.SharpThing, *MarkupString.MarkupStringModule+MarkupString: RemitTestMsg_e0da7018ec6a4ca2805118160a83e6be*, *SharpMUSH.Library.Models.SharpPlayer: SharpMUSH.Library.Models.SharpPlayer*, Announce)
  	Notify(SharpMUSH.Library.Models.SharpThing: SharpMUSH.Library.Models.SharpThing, *MarkupString.MarkupStringModule+MarkupString: RemitTestMsg_e0da7018ec6a4ca2805118160a83e6be*, *SharpMUSH.Library.Models.SharpPlayer: SharpMUSH.Library.Models.SharpPlayer*, Announce)
  	Notify(SharpMUSH.Library.Models.SharpThing: SharpMUSH.Library.Models.SharpThing, *MarkupString.MarkupStringModule+MarkupString: RemitTestMsg_e0da7018ec6a4ca2805118160a83e6be*, *SharpMUSH.Library.Models.SharpPlayer: SharpMUSH.Library.Models.SharpPlayer*, Announce)
  	Notify(SharpMUSH.Library.Models.SharpThing: SharpMUSH.Library.Models.SharpThing, *MarkupString.MarkupStringModule+MarkupString: RemitTestMsg_e0da7018ec6a4ca2805118160a83e6be*, *SharpMUSH.Library.Models.SharpPlayer: SharpMUSH.Library.Models.SharpPlayer*, Announce)
  	Notify(SharpMUSH.Library.Models.SharpThing: SharpMUSH.Library.Models.SharpThing, *MarkupString.MarkupStringModule+MarkupString: RemitTestMsg_e0da7018ec6a4ca2805118160a83e6be*, *SharpMUSH.Library.Models.SharpPlayer: SharpMUSH.Library.Models.SharpPlayer*, Announce)
  	Notify(SharpMUSH.Library.Models.SharpThing: SharpMUSH.Library.Models.SharpThing, *MarkupString.MarkupStringModule+MarkupString: RemitTestMsg_e0da7018ec6a4ca2805118160a83e6be*, *SharpMUSH.Library.Models.SharpPlayer: SharpMUSH.Library.Models.SharpPlayer*, Announce)
  	Notify(SharpMUSH.Library.Models.SharpPlayer: SharpMUSH.Library.Models.SharpPlayer, *MarkupString.MarkupStringModule+MarkupString: RemitTestMsg_e0da7018ec6a4ca2805118160a83e6be*, *SharpMUSH.Library.Models.SharpPlayer: SharpMUSH.Library.Models.SharpPlayer*, Announce)
  	Notify(SharpMUSH.Library.Models.SharpPlayer: SharpMUSH.Library.Models.SharpPlayer, *MarkupString.MarkupStringModule+MarkupString: RemitTestMsg_e0da7018ec6a4ca2805118160a83e6be*, *SharpMUSH.Library.Models.SharpPlayer: SharpMUSH.Library.Models.SharpPlayer*, Announce)
  	Notify(SharpMUSH.Library.Models.SharpPlayer: SharpMUSH.Library.Models.SharpPlayer, *MarkupString.MarkupStringModule+MarkupString: RemitTestMsg_e0da7018ec6a4ca2805118160a83e6be*, *SharpMUSH.Library.Models.SharpPlayer: SharpMUSH.Library.Models.SharpPlayer*, Announce)
  	Notify(SharpMUSH.Library.Models.SharpPlayer: SharpMUSH.Library.Models.SharpPlayer, *MarkupString.MarkupStringModule+MarkupString: RemitTestMsg_e0da7018ec6a4ca2805118160a83e6be*, *SharpMUSH.Library.Models.SharpPlayer: SharpMUSH.Library.Models.SharpPlayer*, Announce)
  	Notify(SharpMUSH.Library.Models.SharpThing: SharpMUSH.Library.Models.SharpThing, *MarkupString.MarkupStringModule+MarkupString: RemitTestMsg_e0da7018ec6a4ca2805118160a83e6be*, *SharpMUSH.Library.Models.SharpPlayer: SharpMUSH.Library.Models.SharpPlayer*, Announce)
  	Notify(SharpMUSH.Library.Models.SharpThing: SharpMUSH.Library.Models.SharpThing, *MarkupString.MarkupStringModule+MarkupString: RemitTestMsg_e0da7018ec6a4ca2805118160a83e6be*, *SharpMUSH.Library.Models.SharpPlayer: SharpMUSH.Library.Models.SharpPlayer*, Announce)
  	Notify(SharpMUSH.Library.Models.SharpThing: SharpMUSH.Library.Models.SharpThing, *MarkupString.MarkupStringModule+MarkupString: RemitTestMsg_e0da7018ec6a4ca2805118160a83e6be*, *SharpMUSH.Library.Models.SharpPlayer: SharpMUSH.Library.Models.SharpPlayer*, Announce)
  	Notify(SharpMUSH.Library.Models.SharpThing: SharpMUSH.Library.Models.SharpThing, *MarkupString.MarkupStringModule+MarkupString: RemitTestMsg_e0da7018ec6a4ca2805118160a83e6be*, *SharpMUSH.Library.Models.SharpPlayer: SharpMUSH.Library.Models.SharpPlayer*, Announce)
  	Notify(SharpMUSH.Library.Models.SharpPlayer: SharpMUSH.Library.Models.SharpPlayer, *MarkupString.MarkupStringModule+MarkupString: RemitTestMsg_e0da7018ec6a4ca2805118160a83e6be*, *SharpMUSH.Library.Models.SharpPlayer: SharpMUSH.Library.Models.SharpPlayer*, Announce)
  	Notify(SharpMUSH.Library.Models.SharpPlayer: SharpMUSH.Library.Models.SharpPlayer, *MarkupString.MarkupStringModule+MarkupString: RemitTestMsg_e0da7018ec6a4ca2805118160a83e6be*, *SharpMUSH.Library.Models.SharpPlayer: SharpMUSH.Library.Models.SharpPlayer*, Announce)
  	Notify(SharpMUSH.Library.Models.SharpPlayer: SharpMUSH.Library.Models.SharpPlayer, *MarkupString.MarkupStringModule+MarkupString: RemitTestMsg_e0da7018ec6a4ca2805118160a83e6be*, *SharpMUSH.Library.Models.SharpPlayer: SharpMUSH.Library.Models.SharpPlayer*, Announce)
  	Notify(SharpMUSH.Library.Models.SharpPlayer: SharpMUSH.Library.Models.SharpPlayer, *MarkupString.MarkupStringModule+MarkupString: GOODBYE.*, <null>, Announce)
  	Notify(SharpMUSH.Library.Models.SharpPlayer: SharpMUSH.Library.Models.SharpPlayer, *System.String: 
  Goodbye from SharpMUSH!
  
  *, <null>, Announce)
  
[m[90m    at NSubstitute.Core.ReceivedCallsExceptionThrower.Throw(ICallSpecification callSpecification, IEnumerable`1 matchingCalls, IEnumerable`1 nonMatchingCalls, Quantity requiredQuantity)
    at NSubstitute.Routing.Handlers.CheckReceivedCallsHandler.Handle(ICall call)
    at NSubstitute.Proxies.CastleDynamicProxy.CastleForwardingInterceptor.Intercept(IInvocation invocation)
    at Castle.DynamicProxy.AbstractInvocation.Proceed()
    at Castle.Proxies.ObjectProxy_4.Notify(AnySharpObject who, OneOf`2 what, AnySharpObject sender, NotificationType type)
    at SharpMUSH.Tests.Commands.WizardCommandTests.NotifyCommand() in /home/runner/work/SharpMUSH/SharpMUSH/SharpMUSH.Tests/Commands/WizardCommandTests.cs:127[90m
[m[31mfailed[m ForceCommand_EvaluatesAmpersandAttrValue [90m(5ms)[m
[31m  TUnit.Engine.Exceptions.TestFailedException: [Test Failure] AssertionException: Expected to be equal to "2", because @force should evaluate [add(1,1)] to 2 before the & command stores it
  but received ""
  
  at Assert.That(attrValue).IsEqualTo("2").Because("@force should evaluate [add(1,1)] to 2 before the & command stores it")
[m[31mfailed[m AllhaltCommand [90m(20ms)[m
[31m  TUnit.Engine.Exceptions.TestFailedException: [Test Failure] ReceivedCallsException: Expected to receive a call matching:
  	Notify(any AnySharpObject, s => MessageContains(s, "All objects halted"), <null>, Announce)
  Actually received no matching calls.
  Received 1311 non-matching calls (non-matching arguments indicated with '*' characters):
  	Notify(SharpMUSH.Library.Models.SharpPlayer: SharpMUSH.Library.Models.SharpPlayer, *System.String: Invalid password.*, <null>, Announce)
  	Notify(SharpMUSH.Library.Models.SharpPlayer: SharpMUSH.Library.Models.SharpPlayer, *System.String: SHUTDOWN initiated.*, <null>, Announce)
  	Notify(SharpMUSH.Library.Models.SharpPlayer: SharpMUSH.Library.Models.SharpPlayer, *System.String: Note: SharpMUSH runs as a web application. Traditional shutdown is not applicable.*, <null>, Announce)
  	Notify(SharpMUSH.Library.Models.SharpPlayer: SharpMUSH.Library.Models.SharpPlayer, *System.String: In cloud/container deployments, use your orchestration tools to manage server lifecycle.*, <null>, Announce)
  	Notify(SharpMUSH.Library.Models.SharpPlayer: SharpMUSH.Library.Models.SharpPlayer, *System.String: Database state is preserved automatically. No explicit save is needed.*, <null>, Announce)
  	Notify(SharpMUSH.Library.Models.SharpPlayer: SharpMUSH.Library.Models.SharpPlayer, *System.String: You must specify an object to restart.*, <null>, Announce)
  	Notify(SharpMUSH.Library.Models.SharpPlayer: SharpMUSH.Library.Models.SharpPlayer, *System.String: Purge complete. 0 objects advanced to GOING_TWICE. 0 objects marked for final deletion.*, <null>, Announce)
  	Notify(SharpMUSH.Library.Models.SharpPlayer: SharpMUSH.Library.Models.SharpPlayer, *System.String: Note: Actual object deletion is handled by background garbage collection in SharpMUSH.*, <null>, Announce)
  	Notify(SharpMUSH.Library.Models.SharpPlayer: SharpMUSH.Library.Models.SharpPlayer, *System.String: I don't see that here.*, *SharpMUSH.Library.Models.SharpPlayer: SharpMUSH.Library.Models.SharpPlayer*, Announce)
  	Notify(SharpMUSH.Library.Models.SharpPlayer: SharpMUSH.Library.Models.SharpPlayer, *System.String: Reindexing text files...*, <null>, Announce)
  	Notify(SharpMUSH.Library.Models.SharpPlayer: SharpMUSH.Library.Models.SharpPlayer, *System.String: Text file cache rebuilt in 21ms.*, <null>, Announce)
  	Notify(SharpMUSH.Library.Models.SharpPlayer: SharpMUSH.Library.Models.SharpPlayer, *System.String: I don't see that here.*, *SharpMUSH.Library.Models.SharpPlayer: SharpMUSH.Library.Models.SharpPlayer*, Announce)
  	Notify(SharpMUSH.Library.Models.SharpPlayer: SharpMUSH.Library.Models.SharpPlayer, *System.String: I don't see that here.*, *SharpMUSH.Library.Models.SharpPlayer: SharpMUSH.Library.Models.SharpPlayer*, Announce)
  	Notify(SharpMUSH.Library.Models.SharpPlayer: SharpMUSH.Library.Models.SharpPlayer, *System.String: COMMANDS:
    ]
    @@
    @ALLHALT
    @ALLQUOTA
    @ASSERT
    @ATRCHOWN
    @ATRLOCK
    @ATTRIBUTE
    @BOOT
    @BREAK
    @CEMIT
    @CHANNEL
    @CHAT
    @CHOWN
    @CHOWNALL
    @CHZONE
    @CHZONEALL
    @CLIST
    @CLOCK
    @CLONE
    @COMMAND
    @CONFIG
    @CPATTR
    @CREATE
    @DBCK
    @DECOMPILE
    @DESTROY
    @DIG
    @DISABLE
    @DOLIST
    @DRAIN
    @DUMP
    @EDIT
    @ELOCK
    @EMIT
    @ENABLE
    @ENTRANCES
    @EUNLOCK
    @FIND
    @FIRSTEXIT
    @FLAG
    @FORCE
    @FUNCTION
    @GREP
    @HALT
    @HIDE
    @HOOK
    @HTTP
    @IFELSE
    @INCLUDE
    @KICK
    @LEMIT
    @LINK
    @LIST
    @LISTMOTD
    @LOCK
    @LOG
    @LOGWIPE
    @LSET
    @MAIL
    @MALIAS
    @MAP
    @MAPSQL
    @MESSAGE
    @MONIKER
    @MOTD
    @MVATTR
    @NAME
    @NEWPASSWORD
    @NOTIFY
    @NSCEMIT
    @NSEMIT
    @NSLEMIT
    @NSOEMIT
    @NSPEMIT
    @NSPROMPT
    @NSREMIT
    @NSZEMIT
    @NUKE
    @OEMIT
    @OPEN
    @PARENT
    @PASSWORD
    @PCREATE
    @PEMIT
    @POLL
    @POOR
    @POWER
    @PROMPT
    @PS
    @PURGE
    @QUOTA
    @READCACHE
    @RECYCLE
    @REJECTMOTD
    @REMIT
    @RESPOND
    @RESTART
    @RETRY
    @RWALL
    @SCAN
    @SEARCH
    @SELECT
    @SET
    @SHUTDOWN
    @SITELOCK
    @SKIP
    @SLAVE
    @SOCKSET
    @SQL
    @SQUOTA
    @STATS
    @SUGGEST
    @SWEEP
    @SWITCH
    @TELEPORT
    @TRIGGER
    @ULOCK
    @UNDESTROY
    @UNLINK
    @UNLOCK
    @UNRECYCLE
    @UPTIME
    @UUNLOCK
    @VERB
    @VERSION
    @WAIT
    @WALL
    @WARNINGS
    @WCHECK
    @WHEREIS
    @WIPE
    @WIZMOTD
    @WIZWALL
    @ZEMIT
    &
    ADDCOM
    AHELP
    ANEWS
    BRIEF
    BUY
    COMLIST
    COMTITLE
    CONNECT
    DELCOM
    DESERT
    DISMISS
    DOING
    DROP
    EMPTY
    ENTER
    EXAMINE
    FOLLOW
    GET
    GIVE
    GOTO
    HELP
    HOME
    HUH_COMMAND
    INVENTORY
    LEAVE
    LOOK
    NEWS
    PAGE
    POSE
    QUIT
    SAY
    SCORE
    SEMIPOSE
    SESSION
    TEACH
    THINK
    UNFOLLOW
    UNIMPLEMENTED_COMMAND
    USE
    WARN_ON_MISSING
    WHISPER
    WHO
    WITH*, <null>, Announce)
  	Notify(SharpMUSH.Library.Models.SharpPlayer: SharpMUSH.Library.Models.SharpPlayer, *System.String: LOCK TYPES:
    BASIC
    CHOWN
    CHZONE
    COMMAND
    CONTROL
    DESTROY
    DROP
    DROPIN
    DROPTO
    ENTER
    EXAMINE
    FILTER
    FOLLOW
    FORWARD
    FROM
    GIVE
    INFILTER
    INTERACT
    LEAVE
    LINK
    LISTEN
    MAIL
    MAILFORWARD
    OPEN
    PAGE
    PARENT
    PAY
    RECEIVE
    SPEECH
    TAKE
    TPORT
    USE
    ZONE*, <null>, Announce)
  	Notify(SharpMUSH.Library.Models.SharpPlayer: SharpMUSH.Library.Models.SharpPlayer, *System.String: OBJECT POWERS:
  NAME                 ALIAS              TYPE RESTRICTIONS
  -------------------- ------------------ -------------------
  Announce                                ROOM,PLAYER,EXIT,THING
  Boot                                    ROOM,PLAYER,EXIT,THING
  Builder                                 ROOM,PLAYER,EXIT,THING
  Can_Dark                                PLAYER
  Can_HTTP                                ROOM,PLAYER,EXIT,THING
  Can_Spoof                               ROOM,PLAYER,EXIT,THING
  Chat_Privs                              ROOM,PLAYER,EXIT,THING
  Debit                                   ROOM,PLAYER,EXIT,THING
  Functions                               ROOM,PLAYER,EXIT,THING
  Guest                                   ROOM,PLAYER,EXIT,THING
  Halt                                    ROOM,PLAYER,EXIT,THING
  Hide                                    ROOM,PLAYER,EXIT,THING
  Hook                                    ROOM,PLAYER,EXIT,THING
  Idle                                    ROOM,PLAYER,EXIT,THING
  Immortal                                ROOM,PLAYER,EXIT,THING
  Link_Anywhere                           ROOM,PLAYER,EXIT,THING
  Login                                   ROOM,PLAYER,EXIT,THING
  Long_Fingers                            ROOM,PLAYER,EXIT,THING
  Many_Attribs                            ROOM,PLAYER,EXIT,THING
  No_Pay                                  ROOM,PLAYER,EXIT,THING
  No_Quota                                ROOM,PLAYER,EXIT,THING
  Open_Anywhere                           ROOM,PLAYER,EXIT,THING
  Pemit_All                               ROOM,PLAYER,EXIT,THING
  Pick_DBRefs                             ROOM,PLAYER,EXIT,THING
  Player_Create                           ROOM,PLAYER,EXIT,THING
  Poll                                    ROOM,PLAYER,EXIT,THING
  Pueblo_Send                             ROOM,PLAYER,EXIT,THING
  Queue                                   ROOM,PLAYER,EXIT,THING
  Search                                  ROOM,PLAYER,EXIT,THING
  See_All                                 ROOM,PLAYER,EXIT,THING
  See_Queue                               ROOM,PLAYER,EXIT,THING
  See_OOB                                 ROOM,PLAYER,EXIT,THING
  SQL_OK                                  ROOM,PLAYER,EXIT,THING
  Tport_Anything                          ROOM,PLAYER,EXIT,THING
  Tport_Anywhere                          ROOM,PLAYER,EXIT,THING
  Unkillable                              ROOM,PLAYER,EXIT,THING*, <null>, Announce)
  	Notify(SharpMUSH.Library.Models.SharpPlayer: SharpMUSH.Library.Models.SharpPlayer, *System.String: Object Flags:
  name                 symbol type restrictions
  -------------------- ------ -------------------
  wizard               w      room,player,exit,thing
  abode                a      room
  ansi                 a      player
  chown_ok             c      room,player,thing
  color                c      player
  dark                 d      room,player,exit,thing
  fixed                f      player
  floating             f      room
  haven                h      player
  trust                i      room,player,exit,thing
  judge                j      player
  jump_ok              j      room
  link_ok              l      room,player,exit,thing
  monitor              m      room,player,thing
  no_leave             n      thing
  no_tel               n      room
  opaque               o      room,player,exit,thing
  quiet                q      room,player,exit,thing
  unfindable           u      room,player,exit,thing
  visual               v      room,player,exit,thing
  safe                 x      room,player,exit,thing
  shared               z      player
  z_tel                z      room,thing
  listen_parent        ^      player,thing,room
  noaccents            ~      player,thing,room
  unregistered         ?      player
  nospoof              "      room,player,exit,thing
  audible              a      room,player,exit,thing
  debug                b      room,player,exit,thing
  destroy_ok           d      thing
  enter_ok             e      room,player,exit,thing
  gagged               g      player
  halt                 h      room,player,exit,thing
  orphan               i      room,player,exit,thing
  jury_ok              j      player
  keepalive            k      player
  light                l      room,player,exit,thing
  mistrust             m      player,exit,thing
  mistrust             m      player,exit,thing
  no_command           n      room,player,exit,thing
  on_vacation          o      player
  puppet               p      thing
  royalty              r      room,player,exit,thing
  suspect              s      room,player,exit,thing
  transparent          t      room,player,exit,thing
  verbose              v      room,player,exit,thing
  no_warn              w      room,player,exit,thing
  cloudy               x      exit
  chan_usefirstmatch          room,player,exit,thing
  hear_connect                player
  heavy                       room,player,exit,thing
  loud                        player
  no_log                      player
  paranoid                    player
  track_money                 player
  xterm256                    player
  moniker                     room,player,exit,thing
  open_ok                     room
  going                g      room,player,exit,thing
  going_twice                 room,player,exit,thing*, <null>, Announce)
  	Notify(SharpMUSH.Library.Models.SharpPlayer: SharpMUSH.Library.Models.SharpPlayer, *System.String: You must specify what to list. Use one of: /MOTD /FUNCTIONS /COMMANDS /ATTRIBS /LOCKS /FLAGS /POWERS /ALLOCATIONS*, <null>, Announce)
  	Notify(SharpMUSH.Library.Models.SharpPlayer: SharpMUSH.Library.Models.SharpPlayer, *System.String: FUNCTIONS:
    @@
    abs
    accent
    accname
    acos
    add
    addrlog
    after
    alias
    align
    allof
    alphamax
    alphamin
    and
    andflags
    andlflags
    andlpowers
    ansi
    aposs
    art
    asin
    atan
    atan2
    atrlock
    attrib_set
    attrib_set#
    band
    baseconv
    beep
    before
    benchmark
    bnand
    bnot
    bor
    bound
    brackets
    bxor
    cand
    capstr
    case
    caseall
    cat
    cbuffer
    cbufferadd
    cdesc
    ceil
    cemit
    center
    cflags
    channels
    checkpass
    children
    chr
    CINFO
    clflags
    clock
    clone
    cmds
    cmogrifier
    cmsgs
    cnand
    colors
    comp
    con
    cond
    condall
    CONFIG
    conn
    connlog
    connrecord
    controls
    CONVSECS
    CONVTIME
    CONVUTCSECS
    CONVUTCTIME
    cor
    cos
    cowner
    create
    crecall
    csecs
    cstatus
    ctime
    ctitle
    ctu
    cusers
    cwho
    dec
    decode64
    decompose
    decomposeweb
    decrypt
    default
    DELETE
    die
    dig
    digest
    dist2d
    dist3d
    div
    doing
    downmotd
    e
    edefault
    edit
    elements
    elist
    elock
    emit
    encode64
    encrypt
    endtag
    entrances
    eq
    escape
    etime
    etimefmt
    eval
    exit
    extract
    fdiv
    filter
    filterbool
    findable
    first
    firstof
    flags
    flip
    floor
    floordiv
    fmod
    fn
    fold
    folderstats
    followers
    following
    foreach
    formdecode
    fraction
    fullalias
    fullmotd
    fullname
    functions
    get
    get_eval
    getpids
    grab
    graball
    grep
    grepi
    gt
    gte
    hasattr
    hasattrp
    hasattrpval
    hasattrval
    hasflag
    haspower
    hastype
    height
    hidden
    hmac
    home
    host
    html
    ibreak
    idle
    IDLESECS
    if
    ifelse
    ilev
    iname
    inc
    index
    INSERT
    inum
    ipaddr
    isdaylight
    isdbref
    isint
    isjson
    isnum
    isobjid
    isregexp
    isword
    itemize
    items
    iter
    itext
    json
    json_map
    json_mod
    json_query
    lalign
    last
    lattr
    lattrp
    lcon
    lcstr
    LCSTR2
    ldelete
    left
    lemit
    letq
    lexits
    lflags
    link
    linsert
    list
    listq
    lit
    ljust
    llockflags
    llocks
    lmath
    ln
    lnum
    loc
    localize
    locate
    lock
    lockfilter
    lockflags
    lockowner
    locks
    log
    lparent
    lpids
    lplayers
    lports
    lpos
    lreplace
    lsearch
    lsearchr
    lset
    lstats
    lt
    lte
    lthings
    lvcon
    lvexits
    lvplayers
    lvthings
    lwho
    lwhoid
    mail
    maildstats
    mailfrom
    mailfstats
    maillist
    mailsend
    mailstats
    mailstatus
    mailsubject
    mailtime
    malias
    map
    mapsql
    match
    matchall
    max
    mean
    median
    member
    merge
    message
    mid
    min
    mix
    modulo
    money
    moniker
    motd
    msecs
    mtime
    mudname
    mudurl
    mul
    munge
    mwho
    mwhoid
    name
    namegrab
    namegraball
    namelist
    nand
    nattr
    nattrp
    ncand
    nchildren
    ncon
    ncond
    ncondall
    ncor
    nearby
    neq
    nexits
    next
    nextdbref
    nlsearch
    nmwho
    nor
    not
    nplayers
    nscemit
    nsearch
    nsemit
    nslemit
    nsoemit
    nspemit
    nsprompt
    nsremit
    nszemit
    nthings
    null
    num
    numversion
    nvcon
    nvexits
    nvplayers
    nvthings
    nwho
    obj
    objeval
    objid
    objmem
    oemit
    oob
    open
    or
    ord
    ORDINAL
    orflags
    orlflags
    orlpowers
    owner
    parent
    pcreate
    pemit
    pfun
    pgrep
    pi
    pidinfo
    player
    playermem
    pmatch
    poll
    ports
    pos
    poss
    power
    powers
    prompt
    pueblo
    quota
    r
    rand
    randextract
    randword
    recv
    regedit
    regeditall
    regeditalli
    regediti
    registers
    reglattr
    reglattrp
    reglmatch
    reglmatchall
    reglmatchalli
    reglmatchi
    regmatch
    regmatchalli
    regmatchi
    regnattr
    regnattrp
    regrab
    regraball
    regraballi
    regrabi
    regrep
    regrepi
    REGREPLACE
    regxattr
    regxattrp
    remainder
    remit
    remove
    render
    rendermarkdown
    rendermarkdowncustom
    repeat
    rest
    restarts
    restarttime
    reswitch
    reswitchall
    reswitchalli
    reswitchi
    revwords
    right
    rjust
    rloc
    RNUM
    room
    root
    round
    s
    scan
    scramble
    secs
    secscalc
    secure
    sent
    set
    setdiff
    setinter
    setq
    setr
    setsymdiff
    setunion
    SHA0
    shl
    shr
    shuffle
    sign
    sin
    slev
    sort
    sortby
    sortkey
    soundex
    soundslike
    space
    speak
    spellnum
    splice
    sql
    sqlescape
    sqrt
    squish
    ssl
    starttime
    stddev
    step
    stext
    strallof
    strcat
    strdelete
    strfirstof
    stringsecs
    strinsert
    stripaccents
    stripansi
    strlen
    strmatch
    strreplace
    sub
    subj
    suggest
    switch
    switchall
    t
    table
    tag
    tagwrap
    tan
    tel
    terminfo
    testlock
    textentries
    textfile
    textsearch
    time
    timecalc
    timefmt
    timestring
    tr
    trim
    trimpenn
    trimtiny
    trunc
    type
    ucstr
    UCSTR2
    udefault
    ufun
    ulambda
    uldefault
    ulocal
    unique
    unsetq
    uptime
    urldecode
    urlencode
    utctime
    v
    vadd
    valid
    vcross
    vdim
    vdot
    version
    visible
    vmag
    vmax
    vmin
    vmul
    vsub
    vunit
    WEBSOCKET_HTML
    WEBSOCKET_JSON
    where
    width
    wildgrep
    wildgrepi
    wipe
    wizmotd
    wordpos
    words
    wrap
    wshtml
    wsjson
    xattr
    xattrp
    xcon
    xexits
    xget
    xmwho
    xmwhoid
    xor
    xplayers
    xthings
    xvcon
    xvexits
    xvplayers
    xvthings
    xwho
    xwhoid
    zemit
    zfind
    zfun
    zmwho
    zone
    zwho*, <null>, Announce)
  	Notify(SharpMUSH.Library.Models.SharpPlayer: SharpMUSH.Library.Models.SharpPlayer, *System.String: Current Message of the Day settings:*, <null>, Announce)
  	Notify(SharpMUSH.Library.Models.SharpPlayer: SharpMUSH.Library.Models.SharpPlayer, *System.String:   Connect MOTD File: txt/motd.txt*, <null>, Announce)
  	Notify(SharpMUSH.Library.Models.SharpPlayer: SharpMUSH.Library.Models.SharpPlayer, *System.String:   Connect MOTD HTML: txt/motd.html*, <null>, Announce)
  	Notify(SharpMUSH.Library.Models.SharpPlayer: SharpMUSH.Library.Models.SharpPlayer, *System.String:   Wizard MOTD File: txt/wizmotd.txt*, <null>, Announce)
  	Notify(SharpMUSH.Library.Models.SharpPlayer: SharpMUSH.Library.Models.SharpPlayer, *System.String:   Wizard MOTD HTML: txt/wizmotd.html*, <null>, Announce)
  	Notify(SharpMUSH.Library.Models.SharpPlayer: SharpMUSH.Library.Models.SharpPlayer, *System.String: STANDARD ATTRIBUTES:
    AAHEAR
    ABUY
    ACLONE
    ACONNECT
    ADEATH
    ADESCRIBE
    ADESTROY
    ADISCONNECT
    ADROP
    AEFAIL
    AENTER
    AFAILURE
    AFOLLOW
    AGIVE
    AHEAR
    AIDESCRIBE
    ALEAVE
    ALFAIL
    ALIAS
    AMAIL
    AMHEAR
    AMOVE
    ANAME
    APAYMENT
    ARECEIVE
    ASUCCESS
    ATPORT
    AUFAIL
    AUNFOLLOW
    AUSE
    AWAY
    AZENTER
    AZLEAVE
    BUY
    CHANALIAS
    CHARGES
    CHATFORMAT
    COMMENT
    CONFORMAT
    COST
    DEATH
    DEBUGFORWARDLIST
    DESCFORMAT
    DESCRIBE
    DESTINATION
    DOING
    DROP
    EALIAS
    EFAIL
    ENTER
    EXITFORMAT
    EXITTO
    FAILURE
    FILTER
    FOLLOW
    FOLLOWERS
    FOLLOWING
    FORWARDLIST
    GIVE
    HAVEN
    IDESCFORMAT
    IDESCRIBE
    IDLE
    INFILTER
    INPREFIX
    INVFORMAT
    LALIAS
    LAST
    LASTFAILED
    LASTIP
    LASTLOGOUT
    LASTPAGED
    LASTSITE
    LEAVE
    LFAIL
    LISTEN
    MAILCURF
    MAILFILTER
    MAILFILTERS
    MAILFOLDERS
    MAILFORWARDLIST
    MAILQUOTA
    MAILSIGNATURE
    MONIKER
    MOVE
    NAMEACCENT
    NAMEFORMAT
    OBUY
    ODEATH
    ODESCRIBE
    ODROP
    OEFAIL
    OENTER
    OFAILURE
    OFOLLOW
    OGIVE
    OIDESCRIBE
    OLEAVE
    OLFAIL
    OMOVE
    ONAME
    OPAYMENT
    ORECEIVE
    OSUCCESS
    OTPORT
    OUFAIL
    OUNFOLLOW
    OUSE
    OUTPAGEFORMAT
    OXENTER
    OXLEAVE
    OXMOVE
    OXTPORT
    OZENTER
    OZLEAVE
    PAGEFORMAT
    PAYMENT
    PREFIX
    PRICELIST
    QUEUE
    RECEIVE
    REGISTERED_EMAIL
    RQUOTA
    RUNOUT
    SEMAPHORE
    SEX
    SPEECHMOD
    STARTUP
    SUCCESS
    TFPREFIX
    TPORT
    TZ
    UFAIL
    UNFOLLOW
    USE
    VA
    VB
    VC
    VD
    VE
    VF
    VG
    VH
    VI
    VJ
    VK
    VL
    VM
    VN
    VO
    VP
    VQ
    VR
    VRML_URL
    VS
    VT
    VU
    VV
    VW
    VX
    VY
    VZ
    WA
    WB
    WC
    WD
    WE
    WF
    WG
    WH
    WI
    WJ
    WK
    WL
    WM
    WN
    WO
    WP
    WQ
    WR
    WS
    WT
    WU
    WV
    WW
    WX
    WY
    WZ
    XA
    XB
    XC
    XD
    XE
    XF
    XG
    XH
    XI
    XJ
    XK
    XL
    XM
    XN
    XO
    XP
    XQ
    XR
    XS
    XT
    XU
    XV
    XW
    XX
    XY
    XZ
    ZENTER*, <null>, Announce)
  	Notify(SharpMUSH.Library.Models.SharpPlayer: SharpMUSH.Library.Models.SharpPlayer, *System.String: OBJECT FLAGS:
  NAME                 SYMBOL TYPE RESTRICTIONS
  -------------------- ------ -------------------
  WIZARD               W      ROOM,PLAYER,EXIT,THING
  ABODE                A      ROOM
  ANSI                 A      PLAYER
  CHOWN_OK             C      ROOM,PLAYER,THING
  COLOR                C      PLAYER
  DARK                 D      ROOM,PLAYER,EXIT,THING
  FIXED                F      PLAYER
  FLOATING             F      ROOM
  HAVEN                H      PLAYER
  TRUST                I      ROOM,PLAYER,EXIT,THING
  JUDGE                J      PLAYER
  JUMP_OK              J      ROOM
  LINK_OK              L      ROOM,PLAYER,EXIT,THING
  MONITOR              M      ROOM,PLAYER,THING
  NO_LEAVE             N      THING
  NO_TEL               N      ROOM
  OPAQUE               O      ROOM,PLAYER,EXIT,THING
  QUIET                Q      ROOM,PLAYER,EXIT,THING
  UNFINDABLE           U      ROOM,PLAYER,EXIT,THING
  VISUAL               V      ROOM,PLAYER,EXIT,THING
  SAFE                 X      ROOM,PLAYER,EXIT,THING
  SHARED               Z      PLAYER
  Z_TEL                Z      ROOM,THING
  LISTEN_PARENT        ^      PLAYER,THING,ROOM
  NOACCENTS            ~      PLAYER,THING,ROOM
  UNREGISTERED         ?      PLAYER
  NOSPOOF              "      ROOM,PLAYER,EXIT,THING
  AUDIBLE              a      ROOM,PLAYER,EXIT,THING
  DEBUG                b      ROOM,PLAYER,EXIT,THING
  DESTROY_OK           d      THING
  ENTER_OK             e      ROOM,PLAYER,EXIT,THING
  GAGGED               g      PLAYER
  HALT                 h      ROOM,PLAYER,EXIT,THING
  ORPHAN               i      ROOM,PLAYER,EXIT,THING
  JURY_OK              j      PLAYER
  KEEPALIVE            k      PLAYER
  LIGHT                l      ROOM,PLAYER,EXIT,THING
  MISTRUST             m      PLAYER,EXIT,THING
  MISTRUST             m      PLAYER,EXIT,THING
  NO_COMMAND           n      ROOM,PLAYER,EXIT,THING
  ON_VACATION          o      PLAYER
  PUPPET               P      THING
  ROYALTY              r      ROOM,PLAYER,EXIT,THING
  SUSPECT              s      ROOM,PLAYER,EXIT,THING
  TRANSPARENT          t      ROOM,PLAYER,EXIT,THING
  VERBOSE              v      ROOM,PLAYER,EXIT,THING
  NO_WARN              w      ROOM,PLAYER,EXIT,THING
  CLOUDY               x      EXIT
  CHAN_USEFIRSTMATCH          ROOM,PLAYER,EXIT,THING
  HEAR_CONNECT                PLAYER
  HEAVY                       ROOM,PLAYER,EXIT,THING
  LOUD                        PLAYER
  NO_LOG                      PLAYER
  PARANOID                    PLAYER
  TRACK_MONEY                 PLAYER
  XTERM256                    PLAYER
  MONIKER                     ROOM,PLAYER,EXIT,THING
  OPEN_OK                     ROOM
  GOING                g      ROOM,PLAYER,EXIT,THING
  GOING_TWICE                 ROOM,PLAYER,EXIT,THING*, <null>, Announce)
  	Notify(SharpMUSH.Library.Models.SharpPlayer: SharpMUSH.Library.Models.SharpPlayer, *System.String: You have no channel aliases.*, <null>, Announce)
  	Notify(SharpMUSH.Library.Models.SharpPlayer: SharpMUSH.Library.Models.SharpPlayer, *MarkupString.MarkupStringModule+MarkupString: <TestCommandChannel> ChatCommand: Test message*, *SharpMUSH.Library.Models.SharpPlayer: SharpMUSH.Library.Models.SharpPlayer*, *Emit*)
  	Notify(SharpMUSH.Library.Models.SharpPlayer: SharpMUSH.Library.Models.SharpPlayer, *MarkupString.MarkupStringModule+MarkupString: <TestCommandChannel> ChatCommand: Test message*, *SharpMUSH.Library.Models.SharpPlayer: SharpMUSH.Library.Models.SharpPlayer*, *Emit*)
  	Notify(SharpMUSH.Library.Models.SharpPlayer: SharpMUSH.Library.Models.SharpPlayer, *MarkupString.MarkupStringModule+MarkupString: <TestCommandChannel> ChatCommand: Test message*, *SharpMUSH.Library.Models.SharpPlayer: SharpMUSH.Library.Models.SharpPlayer*, *Emit*)
  	Notify(SharpMUSH.Library.Models.SharpPlayer: SharpMUSH.Library.Models.SharpPlayer, *System.String: Alias 'TestCommandChannel' not found.*, <null>, Announce)
  	Notify(SharpMUSH.Library.Models.SharpPlayer: SharpMUSH.Library.Models.SharpPlayer, *MarkupString.MarkupStringModule+MarkupString: <TestCommandChannel> God says, "NscemitCommand: Test message"*, *SharpMUSH.Library.Models.SharpPlayer: SharpMUSH.Library.Models.SharpPlayer*, *NSEmit*)
  	Notify(SharpMUSH.Library.Models.SharpPlayer: SharpMUSH.Library.Models.SharpPlayer, *MarkupString.MarkupStringModule+MarkupString: <TestCommandChannel> God says, "NscemitCommand: Test message"*, *SharpMUSH.Library.Models.SharpPlayer: SharpMUSH.Library.Models.SharpPlayer*, *NSEmit*)
  	Notify(SharpMUSH.Library.Models.SharpPlayer: SharpMUSH.Library.Models.SharpPlayer, *MarkupString.MarkupStringModule+MarkupString: <TestCommandChannel> God says, "NscemitCommand: Test message"*, *SharpMUSH.Library.Models.SharpPlayer: SharpMUSH.Library.Models.SharpPlayer*, *NSEmit*)
  	Notify(SharpMUSH.Library.Models.SharpPlayer: SharpMUSH.Library.Models.SharpPlayer, *MarkupString.MarkupStringModule+MarkupString: <TestCommandChannel> God says, "NscemitCommand: Test message"*, *SharpMUSH.Library.Models.SharpPlayer: SharpMUSH.Library.Models.SharpPlayer*, *NSEmit*)
  	Notify(SharpMUSH.Library.Models.SharpPlayer: SharpMUSH.Library.Models.SharpPlayer, *MarkupString.MarkupStringModule+MarkupString: <TestCommandChannel> God says, "NscemitCommand: Test message"*, *SharpMUSH.Library.Models.SharpPlayer: SharpMUSH.Library.Models.SharpPlayer*, *NSEmit*)
  	Notify(SharpMUSH.Library.Models.SharpPlayer: SharpMUSH.Library.Models.SharpPlayer, *MarkupString.MarkupStringModule+MarkupString: <TestCommandChannel> God says, "NscemitCommand: Test message"*, *SharpMUSH.Library.Models.SharpPlayer: SharpMUSH.Library.Models.SharpPlayer*, *NSEmit*)
  	Notify(SharpMUSH.Library.Models.SharpPlayer: SharpMUSH.Library.Models.SharpPlayer, *MarkupString.MarkupStringModule+MarkupString: <TestCommandChannel> God says, "NscemitCommand: Test message"*, *SharpMUSH.Library.Models.SharpPlayer: SharpMUSH.Library.Models.SharpPlayer*, *NSEmit*)
  	Notify(SharpMUSH.Library.Models.SharpPlayer: SharpMUSH.Library.Models.SharpPlayer, *System.String: Channel not found.*, <null>, Announce)
  	Notify(SharpMUSH.Library.Models.SharpPlayer: SharpMUSH.Library.Models.SharpPlayer, *MarkupString.MarkupStringModule+MarkupString: <TestCommandChannel> CemitCommand: Test message*, *SharpMUSH.Library.Models.SharpPlayer: SharpMUSH.Library.Models.SharpPlayer*, *Emit*)
  	Notify(SharpMUSH.Library.Models.SharpPlayer: SharpMUSH.Library.Models.SharpPlayer, *MarkupString.MarkupStringModule+MarkupString: <TestCommandChannel> CemitCommand: Test message*, *SharpMUSH.Library.Models.SharpPlayer: SharpMUSH.Library.Models.SharpPlayer*, *Emit*)
  	Notify(SharpMUSH.Library.Models.SharpPlayer: SharpMUSH.Library.Models.SharpPlayer, *MarkupString.MarkupStringModule+MarkupString: <TestCommandChannel> CemitCommand: Test message*, *SharpMUSH.Library.Models.SharpPlayer: SharpMUSH.Library.Models.SharpPlayer*, *Emit*)
  	Notify(SharpMUSH.Library.Models.SharpPlayer: SharpMUSH.Library.Models.SharpPlayer, *MarkupString.MarkupStringModule+MarkupString: <TestCommandChannel> CemitCommand: Test message*, *SharpMUSH.Library.Models.SharpPlayer: SharpMUSH.Library.Models.SharpPlayer*, *Emit*)
  	Notify(SharpMUSH.Library.Models.SharpPlayer: SharpMUSH.Library.Models.SharpPlayer, *MarkupString.MarkupStringModule+MarkupString: <TestCommandChannel> CemitCommand: Test message*, *SharpMUSH.Library.Models.SharpPlayer: SharpMUSH.Library.Models.SharpPlayer*, *Emit*)
  	Notify(SharpMUSH.Library.Models.SharpPlayer: SharpMUSH.Library.Models.SharpPlayer, *MarkupString.MarkupStringModule+MarkupString: <TestCommandChannel> CemitCommand: Test message*, *SharpMUSH.Library.Models.SharpPlayer: SharpMUSH.Library.Models.SharpPlayer*, *Emit*)
  	Notify(SharpMUSH.Library.Models.SharpPlayer: SharpMUSH.Library.Models.SharpPlayer, *MarkupString.MarkupStringModule+MarkupString: <TestCommandChannel> CemitCommand: Test message*, *SharpMUSH.Library.Models.SharpPlayer: SharpMUSH.Library.Models.SharpPlayer*, *Emit*)
  	Notify(SharpMUSH.Library.Models.SharpPlayer: SharpMUSH.Library.Models.SharpPlayer, *MarkupString.MarkupStringModule+MarkupString: <TestCommandChannel> CemitCommand: Test message*, *SharpMUSH.Library.Models.SharpPlayer: SharpMUSH.Library.Models.SharpPlayer*, *Emit*)
  	Notify(SharpMUSH.Library.Models.SharpPlayer: SharpMUSH.Library.Models.SharpPlayer, *MarkupString.MarkupStringModule+MarkupString: <TestCommandChannel> CemitCommand: Test message*, *SharpMUSH.Library.Models.SharpPlayer: SharpMUSH.Library.Models.SharpPlayer*, *Emit*)
  	Notify(SharpMUSH.Library.Models.SharpPlayer: SharpMUSH.Library.Models.SharpPlayer, *System.String: Alias 'pub' not found.*, <null>, Announce)
  	Notify(SharpMUSH.Library.Models.SharpPlayer: SharpMUSH.Library.Models.SharpPlayer, *System.String: *, <null>, Announce)
  	Notify(SharpMUSH.Library.Models.SharpPlayer: SharpMUSH.Library.Models.SharpPlayer, *System.String: -1*, <null>, Announce)
  	Notify(SharpMUSH.Library.Models.SharpPlayer: SharpMUSH.Library.Models.SharpPlayer, *System.String: -1*, <null>, Announce)
  	Notify(SharpMUSH.Library.Models.SharpPlayer: SharpMUSH.Library.Models.SharpPlayer, *System.String: -1*, <null>, Announce)
  	Notify(SharpMUSH.Library.Models.SharpPlayer: SharpMUSH.Library.Models.SharpPlayer, *System.String: -1*, <null>, Announce)
  	Notify(SharpMUSH.Library.Models.SharpPlayer: SharpMUSH.Library.Models.SharpPlayer, *System.String: -1*, <null>, Announce)
  	Notify(SharpMUSH.Library.Models.SharpPlayer: SharpMUSH.Library.Models.SharpPlayer, *System.String: -1*, <null>, Announce)
  	Notify(SharpMUSH.Library.Models.SharpPlayer: SharpMUSH.Library.Models.SharpPlayer, *System.String: -1*, <null>, Announce)
  	Notify(SharpMUSH.Library.Models.SharpPlayer: SharpMUSH.Library.Models.SharpPlayer, *System.String: -1*, <null>, Announce)
  	Notify(SharpMUSH.Library.Models.SharpPlayer: SharpMUSH.Library.Models.SharpPlayer, *System.String: -1*, <null>, Announce)
  	Notify(SharpMUSH.Library.Models.SharpPlayer: SharpMUSH.Library.Models.SharpPlayer, *System.String: -1*, <null>, Announce)
  	Notify(SharpMUSH.Library.Models.SharpPlayer: SharpMUSH.Library.Models.SharpPlayer, *System.String: -1*, <null>, Announce)
  	Notify(SharpMUSH.Library.Models.SharpPlayer: SharpMUSH.Library.Models.SharpPlayer, *System.String: -1*, <null>, Announce)
  	Notify(SharpMUSH.Library.Models.SharpPlayer: SharpMUSH.Library.Models.SharpPlayer, *System.String: -1*, <null>, Announce)
  	Notify(SharpMUSH.Library.Models.SharpPlayer: SharpMUSH.Library.Models.SharpPlayer, *System.String: -1*, <null>, Announce)
  	Notify(SharpMUSH.Library.Models.SharpPlayer: SharpMUSH.Library.Models.SharpPlayer, *System.String: -1*, <null>, Announce)
  	Notify(SharpMUSH.Library.Models.SharpPlayer: SharpMUSH.Library.Models.SharpPlayer, *System.String: -1*, <null>, Announce)
  	Notify(SharpMUSH.Library.Models.SharpPlayer: SharpMUSH.Library.Models.SharpPlayer, *System.String: -1*, <null>, Announce)
  	Notify(SharpMUSH.Library.Models.SharpPlayer: SharpMUSH.Library.Models.SharpPlayer, *System.String: -1*, <null>, Announce)
  	Notify(SharpMUSH.Library.Models.SharpPlayer: SharpMUSH.Library.Models.SharpPlayer, *System.String: -1*, <null>, Announce)
  	Notify(SharpMUSH.Library.Models.SharpPlayer: SharpMUSH.Library.Models.SharpPlayer, *System.String: -1*, <null>, Announce)
  	Notify(SharpMUSH.Library.Models.SharpPlayer: SharpMUSH.Library.Models.SharpPlayer, *System.String: -1*, <null>, Announce)
  	Notify(SharpMUSH.Library.Models.SharpPlayer: SharpMUSH.Library.Models.SharpPlayer, *System.String: -1*, <null>, Announce)
  	Notify(SharpMUSH.Library.Models.SharpPlayer: SharpMUSH.Library.Models.SharpPlayer, *System.String: -1*, <null>, Announce)
  	Notify(SharpMUSH.Library.Models.SharpPlayer: SharpMUSH.Library.Models.SharpPlayer, *System.String: -1*, <null>, Announce)
  	Notify(SharpMUSH.Library.Models.SharpPlayer: SharpMUSH.Library.Models.SharpPlayer, *System.String: -1*, <null>, Announce)
  	Notify(SharpMUSH.Library.Models.SharpPlayer: SharpMUSH.Library.Models.SharpPlayer, *System.String: -1*, <null>, Announce)
  	Notify(SharpMUSH.Library.Models.SharpPlayer: SharpMUSH.Library.Models.SharpPlayer, *System.String: -1*, <null>, Announce)
  	Notify(SharpMUSH.Library.Models.SharpPlayer: SharpMUSH.Library.Models.SharpPlayer, *System.String: -1*, <null>, Announce)
  	Notify(SharpMUSH.Library.Models.SharpPlayer: SharpMUSH.Library.Models.SharpPlayer, *System.String: -1*, <null>, Announce)
  	Notify(SharpMUSH.Library.Models.SharpPlayer: SharpMUSH.Library.Models.SharpPlayer, *System.String: -1*, <null>, Announce)
  	Notify(SharpMUSH.Library.Models.SharpPlayer: SharpMUSH.Library.Models.SharpPlayer, *System.String: -1*, <null>, Announce)
  	Notify(SharpMUSH.Library.Models.SharpPlayer: SharpMUSH.Library.Models.SharpPlayer, *System.String: -1*, <null>, Announce)
  	Notify(SharpMUSH.Library.Models.SharpPlayer: SharpMUSH.Library.Models.SharpPlayer, *System.String: -1*, <null>, Announce)
  	Notify(SharpMUSH.Library.Models.SharpPlayer: SharpMUSH.Library.Models.SharpPlayer, *System.String: -1*, <null>, Announce)
  	Notify(SharpMUSH.Library.Models.SharpPlayer: SharpMUSH.Library.Models.SharpPlayer, *System.String: -1*, <null>, Announce)
  	Notify(SharpMUSH.Library.Models.SharpPlayer: SharpMUSH.Library.Models.SharpPlayer, *System.String: -1*, <null>, Announce)
  	Notify(SharpMUSH.Library.Models.SharpPlayer: SharpMUSH.Library.Models.SharpPlayer, *System.String: -1*, <null>, Announce)
  	Notify(SharpMUSH.Library.Models.SharpPlayer: SharpMUSH.Library.Models.SharpPlayer, *System.String: -1*, <null>, Announce)
  	Notify(SharpMUSH.Library.Models.SharpPlayer: SharpMUSH.Library.Models.SharpPlayer, *System.String: -1*, <null>, Announce)
  	Notify(SharpMUSH.Library.Models.SharpPlayer: SharpMUSH.Library.Models.SharpPlayer, *System.String: -1*, <null>, Announce)
  	Notify(SharpMUSH.Library.Models.SharpPlayer: SharpMUSH.Library.Models.SharpPlayer, *System.String: -1*, <null>, Announce)
  	Notify(SharpMUSH.Library.Models.SharpPlayer: SharpMUSH.Library.Models.SharpPlayer, *System.String: -1*, <null>, Announce)
  	Notify(SharpMUSH.Library.Models.SharpPlayer: SharpMUSH.Library.Models.SharpPlayer, *System.String: -1*, <null>, Announce)
  	Notify(SharpMUSH.Library.Models.SharpPlayer: SharpMUSH.Library.Models.SharpPlayer, *System.String: -1*, <null>, Announce)
  	Notify(SharpMUSH.Library.Models.SharpPlayer: SharpMUSH.Library.Models.SharpPlayer, *System.String: -1*, <null>, Announce)
  	Notify(SharpMUSH.Library.Models.SharpPlayer: SharpMUSH.Library.Models.SharpPlayer, *System.String: -1*, <null>, Announce)
  	Notify(SharpMUSH.Library.Models.SharpPlayer: SharpMUSH.Library.Models.SharpPlayer, *System.String: -1*, <null>, Announce)
  	Notify(SharpMUSH.Library.Models.SharpPlayer: SharpMUSH.Library.Models.SharpPlayer, *System.String: -1*, <null>, Announce)
  	Notify(SharpMUSH.Library.Models.SharpPlayer: SharpMUSH.Library.Models.SharpPlayer, *System.String: -1*, <null>, Announce)
  	Notify(SharpMUSH.Library.Models.SharpPlayer: SharpMUSH.Library.Models.SharpPlayer, *System.String: -1*, <null>, Announce)
  	Notify(SharpMUSH.Library.Models.SharpPlayer: SharpMUSH.Library.Models.SharpPlayer, *System.String: -1*, <null>, Announce)
  	Notify(SharpMUSH.Library.Models.SharpPlayer: SharpMUSH.Library.Models.SharpPlayer, *System.String: -1*, <null>, Announce)
  	Notify(SharpMUSH.Library.Models.SharpPlayer: SharpMUSH.Library.Models.SharpPlayer, *System.String: -1*, <null>, Announce)
  	Notify(SharpMUSH.Library.Models.SharpPlayer: SharpMUSH.Library.Models.SharpPlayer, *System.String: -1*, <null>, Announce)
  	Notify(SharpMUSH.Library.Models.SharpPlayer: SharpMUSH.Library.Models.SharpPlayer, *System.String: -1*, <null>, Announce)
  	Notify(SharpMUSH.Library.Models.SharpPlayer: SharpMUSH.Library.Models.SharpPlayer, *System.String: -1*, <null>, Announce)
  	Notify(SharpMUSH.Library.Models.SharpPlayer: SharpMUSH.Library.Models.SharpPlayer, *System.String: -1*, <null>, Announce)
  	Notify(SharpMUSH.Library.Models.SharpPlayer: SharpMUSH.Library.Models.SharpPlayer, *System.String: -1*, <null>, Announce)
  	Notify(SharpMUSH.Library.Models.SharpPlayer: SharpMUSH.Library.Models.SharpPlayer, *System.String: -1*, <null>, Announce)
  	Notify(SharpMUSH.Library.Models.SharpPlayer: SharpMUSH.Library.Models.SharpPlayer, *System.String: -1*, <null>, Announce)
  	Notify(SharpMUSH.Library.Models.SharpPlayer: SharpMUSH.Library.Models.SharpPlayer, *System.String: -1*, <null>, Announce)
  	Notify(SharpMUSH.Library.Models.SharpPlayer: SharpMUSH.Library.Models.SharpPlayer, *System.String: -1*, <null>, Announce)
  	Notify(SharpMUSH.Library.Models.SharpPlayer: SharpMUSH.Library.Models.SharpPlayer, *System.String: -1*, <null>, Announce)
  	Notify(SharpMUSH.Library.Models.SharpPlayer: SharpMUSH.Library.Models.SharpPlayer, *System.String: -1*, <null>, Announce)
  	Notify(SharpMUSH.Library.Models.SharpPlayer: SharpMUSH.Library.Models.SharpPlayer, *System.String: -1*, <null>, Announce)
  	Notify(SharpMUSH.Library.Models.SharpPlayer: SharpMUSH.Library.Models.SharpPlayer, *System.String: -1*, <null>, Announce)
  	Notify(SharpMUSH.Library.Models.SharpPlayer: SharpMUSH.Library.Models.SharpPlayer, *System.String: -1*, <null>, Announce)
  	Notify(SharpMUSH.Library.Models.SharpPlayer: SharpMUSH.Library.Models.SharpPlayer, *System.String: -1*, <null>, Announce)
  	Notify(SharpMUSH.Library.Models.SharpPlayer: SharpMUSH.Library.Models.SharpPlayer, *System.String: -1*, <null>, Announce)
  	Notify(SharpMUSH.Library.Models.SharpPlayer: SharpMUSH.Library.Models.SharpPlayer, *System.String: -1*, <null>, Announce)
  	Notify(SharpMUSH.Library.Models.SharpPlayer: SharpMUSH.Library.Models.SharpPlayer, *System.String: -1*, <null>, Announce)
  	Notify(SharpMUSH.Library.Models.SharpPlayer: SharpMUSH.Library.Models.SharpPlayer, *System.String: -1*, <null>, Announce)
  	Notify(SharpMUSH.Library.Models.SharpPlayer: SharpMUSH.Library.Models.SharpPlayer, *System.String: -1*, <null>, Announce)
  	Notify(SharpMUSH.Library.Models.SharpPlayer: SharpMUSH.Library.Models.SharpPlayer, *System.String: -1*, <null>, Announce)
  	Notify(SharpMUSH.Library.Models.SharpPlayer: SharpMUSH.Library.Models.SharpPlayer, *System.String: -1*, <null>, Announce)
  	Notify(SharpMUSH.Library.Models.SharpPlayer: SharpMUSH.Library.Models.SharpPlayer, *System.String: -1*, <null>, Announce)
  	Notify(SharpMUSH.Library.Models.SharpPlayer: SharpMUSH.Library.Models.SharpPlayer, *System.String: -1*, <null>, Announce)
  	Notify(SharpMUSH.Library.Models.SharpPlayer: SharpMUSH.Library.Models.SharpPlayer, *System.String: -1*, <null>, Announce)
  	Notify(SharpMUSH.Library.Models.SharpPlayer: SharpMUSH.Library.Models.SharpPlayer, *System.String: -1*, <null>, Announce)
  	Notify(SharpMUSH.Library.Models.SharpPlayer: SharpMUSH.Library.Models.SharpPlayer, *System.String: -1*, <null>, Announce)
  	Notify(SharpMUSH.Library.Models.SharpPlayer: SharpMUSH.Library.Models.SharpPlayer, *System.String: -1*, <null>, Announce)
  	Notify(SharpMUSH.Library.Models.SharpPlayer: SharpMUSH.Library.Models.SharpPlayer, *System.String: -1*, <null>, Announce)
  	Notify(SharpMUSH.Library.Models.SharpPlayer: SharpMUSH.Library.Models.SharpPlayer, *System.String: -1*, <null>, Announce)
  	Notify(SharpMUSH.Library.Models.SharpPlayer: SharpMUSH.Library.Models.SharpPlayer, *System.String: -1*, <null>, Announce)
  	Notify(SharpMUSH.Library.Models.SharpPlayer: SharpMUSH.Library.Models.SharpPlayer, *System.String: -1*, <null>, Announce)
  	Notify(SharpMUSH.Library.Models.SharpPlayer: SharpMUSH.Library.Models.SharpPlayer, *System.String: -1*, <null>, Announce)
  	Notify(SharpMUSH.Library.Models.SharpPlayer: SharpMUSH.Library.Models.SharpPlayer, *System.String: -1*, <null>, Announce)
  	Notify(SharpMUSH.Library.Models.SharpPlayer: SharpMUSH.Library.Models.SharpPlayer, *System.String: -1*, <null>, Announce)
  	Notify(SharpMUSH.Library.Models.SharpPlayer: SharpMUSH.Library.Models.SharpPlayer, *System.String: -1*, <null>, Announce)
  	Notify(SharpMUSH.Library.Models.SharpPlayer: SharpMUSH.Library.Models.SharpPlayer, *System.String: -1*, <null>, Announce)
  	Notify(SharpMUSH.Library.Models.SharpPlayer: SharpMUSH.Library.Models.SharpPlayer, *System.String: -1*, <null>, Announce)
  	Notify(SharpMUSH.Library.Models.SharpPlayer: SharpMUSH.Library.Models.SharpPlayer, *System.String: -1*, <null>, Announce)
  	Notify(SharpMUSH.Library.Models.SharpPlayer: SharpMUSH.Library.Models.SharpPlayer, *System.String: -1*, <null>, Announce)
  	Notify(SharpMUSH.Library.Models.SharpPlayer: SharpMUSH.Library.Models.SharpPlayer, *System.String: -1*, <null>, Announce)
  	Notify(SharpMUSH.Library.Models.SharpPlayer: SharpMUSH.Library.Models.SharpPlayer, *System.String: -1*, <null>, Announce)
  	Notify(SharpMUSH.Library.Models.SharpPlayer: SharpMUSH.Library.Models.SharpPlayer, *System.String: -1*, <null>, Announce)
  	Notify(SharpMUSH.Library.Models.SharpPlayer: SharpMUSH.Library.Models.SharpPlayer, *System.String: -1*, <null>, Announce)
  	Notify(SharpMUSH.Library.Models.SharpPlayer: SharpMUSH.Library.Models.SharpPlayer, *System.String: -1*, <null>, Announce)
  	Notify(SharpMUSH.Library.Models.SharpPlayer: SharpMUSH.Library.Models.SharpPlayer, *System.String: -1*, <null>, Announce)
  	Notify(SharpMUSH.Library.Models.SharpPlayer: SharpMUSH.Library.Models.SharpPlayer, *System.String: -1*, <null>, Announce)
  	Notify(SharpMUSH.Library.Models.SharpPlayer: SharpMUSH.Library.Models.SharpPlayer, *System.String: -1*, <null>, Announce)
  	Notify(SharpMUSH.Library.Models.SharpPlayer: SharpMUSH.Library.Models.SharpPlayer, *System.String: -1*, <null>, Announce)
  	Notify(SharpMUSH.Library.Models.SharpPlayer: SharpMUSH.Library.Models.SharpPlayer, *System.String: -1*, <null>, Announce)
  	Notify(SharpMUSH.Library.Models.SharpPlayer: SharpMUSH.Library.Models.SharpPlayer, *System.String: -1*, <null>, Announce)
  	Notify(SharpMUSH.Library.Models.SharpPlayer: SharpMUSH.Library.Models.SharpPlayer, *System.String: -1*, <null>, Announce)
  	Notify(SharpMUSH.Library.Models.SharpPlayer: SharpMUSH.Library.Models.SharpPlayer, *System.String: -1*, <null>, Announce)
  	Notify(SharpMUSH.Library.Models.SharpPlayer: SharpMUSH.Library.Models.SharpPlayer, *System.String: -1*, <null>, Announce)
  	Notify(SharpMUSH.Library.Models.SharpPlayer: SharpMUSH.Library.Models.SharpPlayer, *System.String: -1*, <null>, Announce)
  	Notify(SharpMUSH.Library.Models.SharpPlayer: SharpMUSH.Library.Models.SharpPlayer, *System.String: -1*, <null>, Announce)
  	Notify(SharpMUSH.Library.Models.SharpPlayer: SharpMUSH.Library.Models.SharpPlayer, *System.String: -1*, <null>, Announce)
  	Notify(SharpMUSH.Library.Models.SharpPlayer: SharpMUSH.Library.Models.SharpPlayer, *System.String: -1*, <null>, Announce)
  	Notify(SharpMUSH.Library.Models.SharpPlayer: SharpMUSH.Library.Models.SharpPlayer, *System.String: -1*, <null>, Announce)
  	Notify(SharpMUSH.Library.Models.SharpPlayer: SharpMUSH.Library.Models.SharpPlayer, *System.String: -1*, <null>, Announce)
  	Notify(SharpMUSH.Library.Models.SharpPlayer: SharpMUSH.Library.Models.SharpPlayer, *System.String: -1*, <null>, Announce)
  	Notify(SharpMUSH.Library.Models.SharpPlayer: SharpMUSH.Library.Models.SharpPlayer, *System.String: -1*, <null>, Announce)
  	Notify(SharpMUSH.Library.Models.SharpPlayer: SharpMUSH.Library.Models.SharpPlayer, *System.String: -1*, <null>, Announce)
  	Notify(SharpMUSH.Library.Models.SharpPlayer: SharpMUSH.Library.Models.SharpPlayer, *System.String: -1*, <null>, Announce)
  	Notify(SharpMUSH.Library.Models.SharpPlayer: SharpMUSH.Library.Models.SharpPlayer, *System.String: -1*, <null>, Announce)
  	Notify(SharpMUSH.Library.Models.SharpPlayer: SharpMUSH.Library.Models.SharpPlayer, *System.String: -1*, <null>, Announce)
  	Notify(SharpMUSH.Library.Models.SharpPlayer: SharpMUSH.Library.Models.SharpPlayer, *System.String: -1*, <null>, Announce)
  	Notify(SharpMUSH.Library.Models.SharpPlayer: SharpMUSH.Library.Models.SharpPlayer, *System.String: -1*, <null>, Announce)
  	Notify(SharpMUSH.Library.Models.SharpPlayer: SharpMUSH.Library.Models.SharpPlayer, *System.String: -1*, <null>, Announce)
  	Notify(SharpMUSH.Library.Models.SharpPlayer: SharpMUSH.Library.Models.SharpPlayer, *System.String: -1*, <null>, Announce)
  	Notify(SharpMUSH.Library.Models.SharpPlayer: SharpMUSH.Library.Models.SharpPlayer, *System.String: -1*, <null>, Announce)
  	Notify(SharpMUSH.Library.Models.SharpPlayer: SharpMUSH.Library.Models.SharpPlayer, *System.String: -1*, <null>, Announce)
  	Notify(SharpMUSH.Library.Models.SharpPlayer: SharpMUSH.Library.Models.SharpPlayer, *System.String: -1*, <null>, Announce)
  	Notify(SharpMUSH.Library.Models.SharpPlayer: SharpMUSH.Library.Models.SharpPlayer, *System.String: -1*, <null>, Announce)
  	Notify(SharpMUSH.Library.Models.SharpPlayer: SharpMUSH.Library.Models.SharpPlayer, *System.String: -1*, <null>, Announce)
  	Notify(SharpMUSH.Library.Models.SharpPlayer: SharpMUSH.Library.Models.SharpPlayer, *System.String: -1*, <null>, Announce)
  	Notify(SharpMUSH.Library.Models.SharpPlayer: SharpMUSH.Library.Models.SharpPlayer, *System.String: -1*, <null>, Announce)
  	Notify(SharpMUSH.Library.Models.SharpPlayer: SharpMUSH.Library.Models.SharpPlayer, *System.String: -1*, <null>, Announce)
  	Notify(SharpMUSH.Library.Models.SharpPlayer: SharpMUSH.Library.Models.SharpPlayer, *System.String: -1*, <null>, Announce)
  	Notify(SharpMUSH.Library.Models.SharpPlayer: SharpMUSH.Library.Models.SharpPlayer, *System.String: -1*, <null>, Announce)
  	Notify(SharpMUSH.Library.Models.SharpPlayer: SharpMUSH.Library.Models.SharpPlayer, *System.String: -1*, <null>, Announce)
  	Notify(SharpMUSH.Library.Models.SharpPlayer: SharpMUSH.Library.Models.SharpPlayer, *System.String: -1*, <null>, Announce)
  	Notify(SharpMUSH.Library.Models.SharpPlayer: SharpMUSH.Library.Models.SharpPlayer, *System.String: -1*, <null>, Announce)
  	Notify(SharpMUSH.Library.Models.SharpPlayer: SharpMUSH.Library.Models.SharpPlayer, *System.String: -1*, <null>, Announce)
  	Notify(SharpMUSH.Library.Models.SharpPlayer: SharpMUSH.Library.Models.SharpPlayer, *System.String: -1*, <null>, Announce)
  	Notify(SharpMUSH.Library.Models.SharpPlayer: SharpMUSH.Library.Models.SharpPlayer, *System.String: -1*, <null>, Announce)
  	Notify(SharpMUSH.Library.Models.SharpPlayer: SharpMUSH.Library.Models.SharpPlayer, *System.String: -1*, <null>, Announce)
  	Notify(SharpMUSH.Library.Models.SharpPlayer: SharpMUSH.Library.Models.SharpPlayer, *System.String: -1*, <null>, Announce)
  	Notify(SharpMUSH.Library.Models.SharpPlayer: SharpMUSH.Library.Models.SharpPlayer, *System.String: -1*, <null>, Announce)
  	Notify(SharpMUSH.Library.Models.SharpPlayer: SharpMUSH.Library.Models.SharpPlayer, *System.String: -1*, <null>, Announce)
  	Notify(SharpMUSH.Library.Models.SharpPlayer: SharpMUSH.Library.Models.SharpPlayer, *System.String: -1*, <null>, Announce)
  	Notify(SharpMUSH.Library.Models.SharpPlayer: SharpMUSH.Library.Models.SharpPlayer, *System.String: -1*, <null>, Announce)
  	Notify(SharpMUSH.Library.Models.SharpPlayer: SharpMUSH.Library.Models.SharpPlayer, *System.String: -1*, <null>, Announce)
  	Notify(SharpMUSH.Library.Models.SharpPlayer: SharpMUSH.Library.Models.SharpPlayer, *System.String: -1*, <null>, Announce)
  	Notify(SharpMUSH.Library.Models.SharpPlayer: SharpMUSH.Library.Models.SharpPlayer, *System.String: -1*, <null>, Announce)
  	Notify(SharpMUSH.Library.Models.SharpPlayer: SharpMUSH.Library.Models.SharpPlayer, *System.String: -1*, <null>, Announce)
  	Notify(SharpMUSH.Library.Models.SharpPlayer: SharpMUSH.Library.Models.SharpPlayer, *System.String: -1*, <null>, Announce)
  	Notify(SharpMUSH.Library.Models.SharpPlayer: SharpMUSH.Library.Models.SharpPlayer, *System.String: -1*, <null>, Announce)
  	Notify(SharpMUSH.Library.Models.SharpPlayer: SharpMUSH.Library.Models.SharpPlayer, *System.String: -1*, <null>, Announce)
  	Notify(SharpMUSH.Library.Models.SharpPlayer: SharpMUSH.Library.Models.SharpPlayer, *System.String: -1*, <null>, Announce)
  	Notify(SharpMUSH.Library.Models.SharpPlayer: SharpMUSH.Library.Models.SharpPlayer, *System.String: -1*, <null>, Announce)
  	Notify(SharpMUSH.Library.Models.SharpPlayer: SharpMUSH.Library.Models.SharpPlayer, *System.String: -1*, <null>, Announce)
  	Notify(SharpMUSH.Library.Models.SharpPlayer: SharpMUSH.Library.Models.SharpPlayer, *System.String: -1*, <null>, Announce)
  	Notify(SharpMUSH.Library.Models.SharpPlayer: SharpMUSH.Library.Models.SharpPlayer, *System.String: -1*, <null>, Announce)
  	Notify(SharpMUSH.Library.Models.SharpPlayer: SharpMUSH.Library.Models.SharpPlayer, *System.String: -1*, <null>, Announce)
  	Notify(SharpMUSH.Library.Models.SharpPlayer: SharpMUSH.Library.Models.SharpPlayer, *System.String: -1*, <null>, Announce)
  	Notify(SharpMUSH.Library.Models.SharpPlayer: SharpMUSH.Library.Models.SharpPlayer, *System.String: -1*, <null>, Announce)
  	Notify(SharpMUSH.Library.Models.SharpPlayer: SharpMUSH.Library.Models.SharpPlayer, *System.String: -1*, <null>, Announce)
  	Notify(SharpMUSH.Library.Models.SharpPlayer: SharpMUSH.Library.Models.SharpPlayer, *System.String: -1*, <null>, Announce)
  	Notify(SharpMUSH.Library.Models.SharpPlayer: SharpMUSH.Library.Models.SharpPlayer, *System.String: -1*, <null>, Announce)
  	Notify(SharpMUSH.Library.Models.SharpPlayer: SharpMUSH.Library.Models.SharpPlayer, *System.String: -1*, <null>, Announce)
  	Notify(SharpMUSH.Library.Models.SharpPlayer: SharpMUSH.Library.Models.SharpPlayer, *System.String: -1*, <null>, Announce)
  	Notify(SharpMUSH.Library.Models.SharpPlayer: SharpMUSH.Library.Models.SharpPlayer, *System.String: -1*, <null>, Announce)
  	Notify(SharpMUSH.Library.Models.SharpPlayer: SharpMUSH.Library.Models.SharpPlayer, *System.String: -1*, <null>, Announce)
  	Notify(SharpMUSH.Library.Models.SharpPlayer: SharpMUSH.Library.Models.SharpPlayer, *System.String: -1*, <null>, Announce)
  	Notify(SharpMUSH.Library.Models.SharpPlayer: SharpMUSH.Library.Models.SharpPlayer, *System.String: -1*, <null>, Announce)
  	Notify(SharpMUSH.Library.Models.SharpPlayer: SharpMUSH.Library.Models.SharpPlayer, *System.String: -1*, <null>, Announce)
  	Notify(SharpMUSH.Library.Models.SharpPlayer: SharpMUSH.Library.Models.SharpPlayer, *System.String: -1*, <null>, Announce)
  	Notify(SharpMUSH.Library.Models.SharpPlayer: SharpMUSH.Library.Models.SharpPlayer, *System.String: -1*, <null>, Announce)
  	Notify(SharpMUSH.Library.Models.SharpPlayer: SharpMUSH.Library.Models.SharpPlayer, *System.String: -1*, <null>, Announce)
  	Notify(SharpMUSH.Library.Models.SharpPlayer: SharpMUSH.Library.Models.SharpPlayer, *System.String: -1*, <null>, Announce)
  	Notify(SharpMUSH.Library.Models.SharpPlayer: SharpMUSH.Library.Models.SharpPlayer, *System.String: -1*, <null>, Announce)
  	Notify(SharpMUSH.Library.Models.SharpPlayer: SharpMUSH.Library.Models.SharpPlayer, *System.String: -1*, <null>, Announce)
  	Notify(SharpMUSH.Library.Models.SharpPlayer: SharpMUSH.Library.Models.SharpPlayer, *System.String: -1*, <null>, Announce)
  	Notify(SharpMUSH.Library.Models.SharpPlayer: SharpMUSH.Library.Models.SharpPlayer, *System.String: -1*, <null>, Announce)
  	Notify(SharpMUSH.Library.Models.SharpPlayer: SharpMUSH.Library.Models.SharpPlayer, *System.String: -1*, <null>, Announce)
  	Notify(SharpMUSH.Library.Models.SharpPlayer: SharpMUSH.Library.Models.SharpPlayer, *System.String: -1*, <null>, Announce)
  	Notify(SharpMUSH.Library.Models.SharpPlayer: SharpMUSH.Library.Models.SharpPlayer, *System.String: -1*, <null>, Announce)
  	Notify(SharpMUSH.Library.Models.SharpPlayer: SharpMUSH.Library.Models.SharpPlayer, *System.String: -1*, <null>, Announce)
  	Notify(SharpMUSH.Library.Models.SharpPlayer: SharpMUSH.Library.Models.SharpPlayer, *System.String: -1*, <null>, Announce)
  	Notify(SharpMUSH.Library.Models.SharpPlayer: SharpMUSH.Library.Models.SharpPlayer, *System.String: -1*, <null>, Announce)
  	Notify(SharpMUSH.Library.Models.SharpPlayer: SharpMUSH.Library.Models.SharpPlayer, *System.String: -1*, <null>, Announce)
  	Notify(SharpMUSH.Library.Models.SharpPlayer: SharpMUSH.Library.Models.SharpPlayer, *System.String: -1*, <null>, Announce)
  	Notify(SharpMUSH.Library.Models.SharpPlayer: SharpMUSH.Library.Models.SharpPlayer, *System.String: -1*, <null>, Announce)
  	Notify(SharpMUSH.Library.Models.SharpPlayer: SharpMUSH.Library.Models.SharpPlayer, *System.String: -1*, <null>, Announce)
  	Notify(SharpMUSH.Library.Models.SharpPlayer: SharpMUSH.Library.Models.SharpPlayer, *System.String: -1*, <null>, Announce)
  	Notify(SharpMUSH.Library.Models.SharpPlayer: SharpMUSH.Library.Models.SharpPlayer, *System.String: -1*, <null>, Announce)
  	Notify(SharpMUSH.Library.Models.SharpPlayer: SharpMUSH.Library.Models.SharpPlayer, *System.String: -1*, <null>, Announce)
  	Notify(SharpMUSH.Library.Models.SharpPlayer: SharpMUSH.Library.Models.SharpPlayer, *System.String: -1*, <null>, Announce)
  	Notify(SharpMUSH.Library.Models.SharpPlayer: SharpMUSH.Library.Models.SharpPlayer, *System.String: -1*, <null>, Announce)
  	Notify(SharpMUSH.Library.Models.SharpPlayer: SharpMUSH.Library.Models.SharpPlayer, *System.String: -1*, <null>, Announce)
  	Notify(SharpMUSH.Library.Models.SharpPlayer: SharpMUSH.Library.Models.SharpPlayer, *System.String: -1*, <null>, Announce)
  	Notify(SharpMUSH.Library.Models.SharpPlayer: SharpMUSH.Library.Models.SharpPlayer, *System.String: -1*, <null>, Announce)
  	Notify(SharpMUSH.Library.Models.SharpPlayer: SharpMUSH.Library.Models.SharpPlayer, *System.String: -1*, <null>, Announce)
  	Notify(SharpMUSH.Library.Models.SharpPlayer: SharpMUSH.Library.Models.SharpPlayer, *System.String: -1*, <null>, Announce)
  	Notify(SharpMUSH.Library.Models.SharpPlayer: SharpMUSH.Library.Models.SharpPlayer, *System.String: -1*, <null>, Announce)
  	Notify(SharpMUSH.Library.Models.SharpPlayer: SharpMUSH.Library.Models.SharpPlayer, *System.String: -1*, <null>, Announce)
  	Notify(SharpMUSH.Library.Models.SharpPlayer: SharpMUSH.Library.Models.SharpPlayer, *System.String: -1*, <null>, Announce)
  	Notify(SharpMUSH.Library.Models.SharpPlayer: SharpMUSH.Library.Models.SharpPlayer, *System.String: -1*, <null>, Announce)
  	Notify(SharpMUSH.Library.Models.SharpPlayer: SharpMUSH.Library.Models.SharpPlayer, *System.String: -1*, <null>, Announce)
  	Notify(SharpMUSH.Library.Models.SharpPlayer: SharpMUSH.Library.Models.SharpPlayer, *System.String: -1*, <null>, Announce)
  	Notify(SharpMUSH.Library.Models.SharpPlayer: SharpMUSH.Library.Models.SharpPlayer, *System.String: -1*, <null>, Announce)
  	Notify(SharpMUSH.Library.Models.SharpPlayer: SharpMUSH.Library.Models.SharpPlayer, *System.String: -1*, <null>, Announce)
  	Notify(SharpMUSH.Library.Models.SharpPlayer: SharpMUSH.Library.Models.SharpPlayer, *System.String: -1*, <null>, Announce)
  	Notify(SharpMUSH.Library.Models.SharpPlayer: SharpMUSH.Library.Models.SharpPlayer, *System.String: -1*, <null>, Announce)
  	Notify(SharpMUSH.Library.Models.SharpPlayer: SharpMUSH.Library.Models.SharpPlayer, *System.String: -1*, <null>, Announce)
  	Notify(SharpMUSH.Library.Models.SharpPlayer: SharpMUSH.Library.Models.SharpPlayer, *System.String: -1*, <null>, Announce)
  	Notify(SharpMUSH.Library.Models.SharpPlayer: SharpMUSH.Library.Models.SharpPlayer, *System.String: -1*, <null>, Announce)
  	Notify(SharpMUSH.Library.Models.SharpPlayer: SharpMUSH.Library.Models.SharpPlayer, *System.String: -1*, <null>, Announce)
  	Notify(SharpMUSH.Library.Models.SharpPlayer: SharpMUSH.Library.Models.SharpPlayer, *System.String: -1*, <null>, Announce)
  	Notify(SharpMUSH.Library.Models.SharpPlayer: SharpMUSH.Library.Models.SharpPlayer, *System.String: -1*, <null>, Announce)
  	Notify(SharpMUSH.Library.Models.SharpPlayer: SharpMUSH.Library.Models.SharpPlayer, *System.String: -1*, <null>, Announce)
  	Notify(SharpMUSH.Library.Models.SharpPlayer: SharpMUSH.Library.Models.SharpPlayer, *System.String: -1*, <null>, Announce)
  	Notify(SharpMUSH.Library.Models.SharpPlayer: SharpMUSH.Library.Models.SharpPlayer, *System.String: -1*, <null>, Announce)
  	Notify(SharpMUSH.Library.Models.SharpPlayer: SharpMUSH.Library.Models.SharpPlayer, *System.String: -1*, <null>, Announce)
  	Notify(SharpMUSH.Library.Models.SharpPlayer: SharpMUSH.Library.Models.SharpPlayer, *System.String: -1*, <null>, Announce)
  	Notify(SharpMUSH.Library.Models.SharpPlayer: SharpMUSH.Library.Models.SharpPlayer, *System.String: -1*, <null>, Announce)
  	Notify(SharpMUSH.Library.Models.SharpPlayer: SharpMUSH.Library.Models.SharpPlayer, *System.String: -1*, <null>, Announce)
  	Notify(SharpMUSH.Library.Models.SharpPlayer: SharpMUSH.Library.Models.SharpPlayer, *System.String: -1*, <null>, Announce)
  	Notify(SharpMUSH.Library.Models.SharpPlayer: SharpMUSH.Library.Models.SharpPlayer, *System.String: -1*, <null>, Announce)
  	Notify(SharpMUSH.Library.Models.SharpPlayer: SharpMUSH.Library.Models.SharpPlayer, *System.String: -1*, <null>, Announce)
  	Notify(SharpMUSH.Library.Models.SharpPlayer: SharpMUSH.Library.Models.SharpPlayer, *System.String: -1*, <null>, Announce)
  	Notify(SharpMUSH.Library.Models.SharpPlayer: SharpMUSH.Library.Models.SharpPlayer, *System.String: -1*, <null>, Announce)
  	Notify(SharpMUSH.Library.Models.SharpPlayer: SharpMUSH.Library.Models.SharpPlayer, *System.String: -1*, <null>, Announce)
  	Notify(SharpMUSH.Library.Models.SharpPlayer: SharpMUSH.Library.Models.SharpPlayer, *System.String: -1*, <null>, Announce)
  	Notify(SharpMUSH.Library.Models.SharpPlayer: SharpMUSH.Library.Models.SharpPlayer, *System.String: -1*, <null>, Announce)
  	Notify(SharpMUSH.Library.Models.SharpPlayer: SharpMUSH.Library.Models.SharpPlayer, *System.String: -1*, <null>, Announce)
  	Notify(SharpMUSH.Library.Models.SharpPlayer: SharpMUSH.Library.Models.SharpPlayer, *System.String: -1*, <null>, Announce)
  	Notify(SharpMUSH.Library.Models.SharpPlayer: SharpMUSH.Library.Models.SharpPlayer, *System.String: -1*, <null>, Announce)
  	Notify(SharpMUSH.Library.Models.SharpPlayer: SharpMUSH.Library.Models.SharpPlayer, *System.String: -1*, <null>, Announce)
  	Notify(SharpMUSH.Library.Models.SharpPlayer: SharpMUSH.Library.Models.SharpPlayer, *System.String: -1*, <null>, Announce)
  	Notify(SharpMUSH.Library.Models.SharpPlayer: SharpMUSH.Library.Models.SharpPlayer, *System.String: -1*, <null>, Announce)
  	Notify(SharpMUSH.Library.Models.SharpPlayer: SharpMUSH.Library.Models.SharpPlayer, *System.String: -1*, <null>, Announce)
  	Notify(SharpMUSH.Library.Models.SharpPlayer: SharpMUSH.Library.Models.SharpPlayer, *System.String: -1*, <null>, Announce)
  	Notify(SharpMUSH.Library.Models.SharpPlayer: SharpMUSH.Library.Models.SharpPlayer, *System.String: -1*, <null>, Announce)
  	Notify(SharpMUSH.Library.Models.SharpPlayer: SharpMUSH.Library.Models.SharpPlayer, *System.String: -1*, <null>, Announce)
  	Notify(SharpMUSH.Library.Models.SharpPlayer: SharpMUSH.Library.Models.SharpPlayer, *System.String: -1*, <null>, Announce)
  	Notify(SharpMUSH.Library.Models.SharpPlayer: SharpMUSH.Library.Models.SharpPlayer, *System.String: -1*, <null>, Announce)
  	Notify(SharpMUSH.Library.Models.SharpPlayer: SharpMUSH.Library.Models.SharpPlayer, *System.String: -1*, <null>, Announce)
  	Notify(SharpMUSH.Library.Models.SharpPlayer: SharpMUSH.Library.Models.SharpPlayer, *System.String: -1*, <null>, Announce)
  	Notify(SharpMUSH.Library.Models.SharpPlayer: SharpMUSH.Library.Models.SharpPlayer, *System.String: -1*, <null>, Announce)
  	Notify(SharpMUSH.Library.Models.SharpPlayer: SharpMUSH.Library.Models.SharpPlayer, *System.String: -1*, <null>, Announce)
  	Notify(SharpMUSH.Library.Models.SharpPlayer: SharpMUSH.Library.Models.SharpPlayer, *System.String: -1*, <null>, Announce)
  	Notify(SharpMUSH.Library.Models.SharpPlayer: SharpMUSH.Library.Models.SharpPlayer, *System.String: -1*, <null>, Announce)
  	Notify(SharpMUSH.Library.Models.SharpPlayer: SharpMUSH.Library.Models.SharpPlayer, *System.String: -1*, <null>, Announce)
  	Notify(SharpMUSH.Library.Models.SharpPlayer: SharpMUSH.Library.Models.SharpPlayer, *System.String: -1*, <null>, Announce)
  	Notify(SharpMUSH.Library.Models.SharpPlayer: SharpMUSH.Library.Models.SharpPlayer, *System.String: -1*, <null>, Announce)
  	Notify(SharpMUSH.Library.Models.SharpPlayer: SharpMUSH.Library.Models.SharpPlayer, *System.String: -1*, <null>, Announce)
  	Notify(SharpMUSH.Library.Models.SharpPlayer: SharpMUSH.Library.Models.SharpPlayer, *System.String: -1*, <null>, Announce)
  	Notify(SharpMUSH.Library.Models.SharpPlayer: SharpMUSH.Library.Models.SharpPlayer, *System.String: -1*, <null>, Announce)
  	Notify(SharpMUSH.Library.Models.SharpPlayer: SharpMUSH.Library.Models.SharpPlayer, *System.String: -1*, <null>, Announce)
  	Notify(SharpMUSH.Library.Models.SharpPlayer: SharpMUSH.Library.Models.SharpPlayer, *System.String: -1*, <null>, Announce)
  	Notify(SharpMUSH.Library.Models.SharpPlayer: SharpMUSH.Library.Models.SharpPlayer, *System.String: -1*, <null>, Announce)
  	Notify(SharpMUSH.Library.Models.SharpPlayer: SharpMUSH.Library.Models.SharpPlayer, *System.String: -1*, <null>, Announce)
  	Notify(SharpMUSH.Library.Models.SharpPlayer: SharpMUSH.Library.Models.SharpPlayer, *System.String: -1*, <null>, Announce)
  	Notify(SharpMUSH.Library.Models.SharpPlayer: SharpMUSH.Library.Models.SharpPlayer, *System.String: -1*, <null>, Announce)
  	Notify(SharpMUSH.Library.Models.SharpPlayer: SharpMUSH.Library.Models.SharpPlayer, *System.String: -1*, <null>, Announce)
  	Notify(SharpMUSH.Library.Models.SharpPlayer: SharpMUSH.Library.Models.SharpPlayer, *System.String: -1*, <null>, Announce)
  	Notify(SharpMUSH.Library.Models.SharpPlayer: SharpMUSH.Library.Models.SharpPlayer, *System.String: -1*, <null>, Announce)
  	Notify(SharpMUSH.Library.Models.SharpPlayer: SharpMUSH.Library.Models.SharpPlayer, *System.String: -1*, <null>, Announce)
  	Notify(SharpMUSH.Library.Models.SharpPlayer: SharpMUSH.Library.Models.SharpPlayer, *System.String: -1*, <null>, Announce)
  	Notify(SharpMUSH.Library.Models.SharpPlayer: SharpMUSH.Library.Models.SharpPlayer, *System.String: -1*, <null>, Announce)
  	Notify(SharpMUSH.Library.Models.SharpPlayer: SharpMUSH.Library.Models.SharpPlayer, *System.String: -1*, <null>, Announce)
  	Notify(SharpMUSH.Library.Models.SharpPlayer: SharpMUSH.Library.Models.SharpPlayer, *System.String: -1*, <null>, Announce)
  	Notify(SharpMUSH.Library.Models.SharpPlayer: SharpMUSH.Library.Models.SharpPlayer, *System.String: -1*, <null>, Announce)
  	Notify(SharpMUSH.Library.Models.SharpPlayer: SharpMUSH.Library.Models.SharpPlayer, *System.String: -1*, <null>, Announce)
  	Notify(SharpMUSH.Library.Models.SharpPlayer: SharpMUSH.Library.Models.SharpPlayer, *System.String: -1*, <null>, Announce)
  	Notify(SharpMUSH.Library.Models.SharpPlayer: SharpMUSH.Library.Models.SharpPlayer, *System.String: -1*, <null>, Announce)
  	Notify(SharpMUSH.Library.Models.SharpPlayer: SharpMUSH.Library.Models.SharpPlayer, *System.String: -1*, <null>, Announce)
  	Notify(SharpMUSH.Library.Models.SharpPlayer: SharpMUSH.Library.Models.SharpPlayer, *System.String: -1*, <null>, Announce)
  	Notify(SharpMUSH.Library.Models.SharpPlayer: SharpMUSH.Library.Models.SharpPlayer, *System.String: -1*, <null>, Announce)
  	Notify(SharpMUSH.Library.Models.SharpPlayer: SharpMUSH.Library.Models.SharpPlayer, *System.String: -1*, <null>, Announce)
  	Notify(SharpMUSH.Library.Models.SharpPlayer: SharpMUSH.Library.Models.SharpPlayer, *System.String: -1*, <null>, Announce)
  	Notify(SharpMUSH.Library.Models.SharpPlayer: SharpMUSH.Library.Models.SharpPlayer, *System.String: -1*, <null>, Announce)
  	Notify(SharpMUSH.Library.Models.SharpPlayer: SharpMUSH.Library.Models.SharpPlayer, *System.String: -1*, <null>, Announce)
  	Notify(SharpMUSH.Library.Models.SharpPlayer: SharpMUSH.Library.Models.SharpPlayer, *System.String: -1*, <null>, Announce)
  	Notify(SharpMUSH.Library.Models.SharpPlayer: SharpMUSH.Library.Models.SharpPlayer, *System.String: -1*, <null>, Announce)
  	Notify(SharpMUSH.Library.Models.SharpPlayer: SharpMUSH.Library.Models.SharpPlayer, *System.String: -1*, <null>, Announce)
  	Notify(SharpMUSH.Library.Models.SharpPlayer: SharpMUSH.Library.Models.SharpPlayer, *System.String: -1*, <null>, Announce)
  	Notify(SharpMUSH.Library.Models.SharpPlayer: SharpMUSH.Library.Models.SharpPlayer, *System.String: -1*, <null>, Announce)
  	Notify(SharpMUSH.Library.Models.SharpPlayer: SharpMUSH.Library.Models.SharpPlayer, *System.String: -1*, <null>, Announce)
  	Notify(SharpMUSH.Library.Models.SharpPlayer: SharpMUSH.Library.Models.SharpPlayer, *System.String: -1*, <null>, Announce)
  	Notify(SharpMUSH.Library.Models.SharpPlayer: SharpMUSH.Library.Models.SharpPlayer, *System.String: -1*, <null>, Announce)
  	Notify(SharpMUSH.Library.Models.SharpPlayer: SharpMUSH.Library.Models.SharpPlayer, *System.String: -1*, <null>, Announce)
  	Notify(SharpMUSH.Library.Models.SharpPlayer: SharpMUSH.Library.Models.SharpPlayer, *System.String: -1*, <null>, Announce)
  	Notify(SharpMUSH.Library.Models.SharpPlayer: SharpMUSH.Library.Models.SharpPlayer, *System.String: -1*, <null>, Announce)
  	Notify(SharpMUSH.Library.Models.SharpPlayer: SharpMUSH.Library.Models.SharpPlayer, *System.String: -1*, <null>, Announce)
  	Notify(SharpMUSH.Library.Models.SharpPlayer: SharpMUSH.Library.Models.SharpPlayer, *System.String: -1*, <null>, Announce)
  	Notify(SharpMUSH.Library.Models.SharpPlayer: SharpMUSH.Library.Models.SharpPlayer, *System.String: -1*, <null>, Announce)
  	Notify(SharpMUSH.Library.Models.SharpPlayer: SharpMUSH.Library.Models.SharpPlayer, *System.String: -1*, <null>, Announce)
  	Notify(SharpMUSH.Library.Models.SharpPlayer: SharpMUSH.Library.Models.SharpPlayer, *System.String: -1*, <null>, Announce)
  	Notify(SharpMUSH.Library.Models.SharpPlayer: SharpMUSH.Library.Models.SharpPlayer, *System.String: -1*, <null>, Announce)
  	Notify(SharpMUSH.Library.Models.SharpPlayer: SharpMUSH.Library.Models.SharpPlayer, *System.String: -1*, <null>, Announce)
  	Notify(SharpMUSH.Library.Models.SharpPlayer: SharpMUSH.Library.Models.SharpPlayer, *System.String: -1*, <null>, Announce)
  	Notify(SharpMUSH.Library.Models.SharpPlayer: SharpMUSH.Library.Models.SharpPlayer, *System.String: -1*, <null>, Announce)
  	Notify(SharpMUSH.Library.Models.SharpPlayer: SharpMUSH.Library.Models.SharpPlayer, *System.String: -1*, <null>, Announce)
  	Notify(SharpMUSH.Library.Models.SharpPlayer: SharpMUSH.Library.Models.SharpPlayer, *System.String: -1*, <null>, Announce)
  	Notify(SharpMUSH.Library.Models.SharpPlayer: SharpMUSH.Library.Models.SharpPlayer, *System.String: -1*, <null>, Announce)
  	Notify(SharpMUSH.Library.Models.SharpPlayer: SharpMUSH.Library.Models.SharpPlayer, *System.String: -1*, <null>, Announce)
  	Notify(SharpMUSH.Library.Models.SharpPlayer: SharpMUSH.Library.Models.SharpPlayer, *System.String: -1*, <null>, Announce)
  	Notify(SharpMUSH.Library.Models.SharpPlayer: SharpMUSH.Library.Models.SharpPlayer, *System.String: -1*, <null>, Announce)
  	Notify(SharpMUSH.Library.Models.SharpPlayer: SharpMUSH.Library.Models.SharpPlayer, *System.String: -1*, <null>, Announce)
  	Notify(SharpMUSH.Library.Models.SharpPlayer: SharpMUSH.Library.Models.SharpPlayer, *System.String: -1*, <null>, Announce)
  	Notify(SharpMUSH.Library.Models.SharpPlayer: SharpMUSH.Library.Models.SharpPlayer, *System.String: -1*, <null>, Announce)
  	Notify(SharpMUSH.Library.Models.SharpPlayer: SharpMUSH.Library.Models.SharpPlayer, *System.String: -1*, <null>, Announce)
  	Notify(SharpMUSH.Library.Models.SharpPlayer: SharpMUSH.Library.Models.SharpPlayer, *System.String: -1*, <null>, Announce)
  	Notify(SharpMUSH.Library.Models.SharpPlayer: SharpMUSH.Library.Models.SharpPlayer, *System.String: -1*, <null>, Announce)
  	Notify(SharpMUSH.Library.Models.SharpPlayer: SharpMUSH.Library.Models.SharpPlayer, *System.String: -1*, <null>, Announce)
  	Notify(SharpMUSH.Library.Models.SharpPlayer: SharpMUSH.Library.Models.SharpPlayer, *System.String: -1*, <null>, Announce)
  	Notify(SharpMUSH.Library.Models.SharpPlayer: SharpMUSH.Library.Models.SharpPlayer, *System.String: -1*, <null>, Announce)
  	Notify(SharpMUSH.Library.Models.SharpPlayer: SharpMUSH.Library.Models.SharpPlayer, *System.String: -1*, <null>, Announce)
  	Notify(SharpMUSH.Library.Models.SharpPlayer: SharpMUSH.Library.Models.SharpPlayer, *System.String: -1*, <null>, Announce)
  	Notify(SharpMUSH.Library.Models.SharpPlayer: SharpMUSH.Library.Models.SharpPlayer, *System.String: -1*, <null>, Announce)
  	Notify(SharpMUSH.Library.Models.SharpPlayer: SharpMUSH.Library.Models.SharpPlayer, *System.String: -1*, <null>, Announce)
  	Notify(SharpMUSH.Library.Models.SharpPlayer: SharpMUSH.Library.Models.SharpPlayer, *System.String: -1*, <null>, Announce)
  	Notify(SharpMUSH.Library.Models.SharpPlayer: SharpMUSH.Library.Models.SharpPlayer, *System.String: -1*, <null>, Announce)
  	Notify(SharpMUSH.Library.Models.SharpPlayer: SharpMUSH.Library.Models.SharpPlayer, *System.String: -1*, <null>, Announce)
  	Notify(SharpMUSH.Library.Models.SharpPlayer: SharpMUSH.Library.Models.SharpPlayer, *System.String: -1*, <null>, Announce)
  	Notify(SharpMUSH.Library.Models.SharpPlayer: SharpMUSH.Library.Models.SharpPlayer, *System.String: -1*, <null>, Announce)
  	Notify(SharpMUSH.Library.Models.SharpPlayer: SharpMUSH.Library.Models.SharpPlayer, *System.String: -1*, <null>, Announce)
  	Notify(SharpMUSH.Library.Models.SharpPlayer: SharpMUSH.Library.Models.SharpPlayer, *System.String: -1*, <null>, Announce)
  	Notify(SharpMUSH.Library.Models.SharpPlayer: SharpMUSH.Library.Models.SharpPlayer, *System.String: -1*, <null>, Announce)
  	Notify(SharpMUSH.Library.Models.SharpPlayer: SharpMUSH.Library.Models.SharpPlayer, *System.String: -1*, <null>, Announce)
  	Notify(SharpMUSH.Library.Models.SharpPlayer: SharpMUSH.Library.Models.SharpPlayer, *System.String: -1*, <null>, Announce)
  	Notify(SharpMUSH.Library.Models.SharpPlayer: SharpMUSH.Library.Models.SharpPlayer, *System.String: -1*, <null>, Announce)
  	Notify(SharpMUSH.Library.Models.SharpPlayer: SharpMUSH.Library.Models.SharpPlayer, *System.String: -1*, <null>, Announce)
  	Notify(SharpMUSH.Library.Models.SharpPlayer: SharpMUSH.Library.Models.SharpPlayer, *System.String: -1*, <null>, Announce)
  	Notify(SharpMUSH.Library.Models.SharpPlayer: SharpMUSH.Library.Models.SharpPlayer, *System.String: -1*, <null>, Announce)
  	Notify(SharpMUSH.Library.Models.SharpPlayer: SharpMUSH.Library.Models.SharpPlayer, *System.String: -1*, <null>, Announce)
  	Notify(SharpMUSH.Library.Models.SharpPlayer: SharpMUSH.Library.Models.SharpPlayer, *System.String: -1*, <null>, Announce)
  	Notify(SharpMUSH.Library.Models.SharpPlayer: SharpMUSH.Library.Models.SharpPlayer, *System.String: -1*, <null>, Announce)
  	Notify(SharpMUSH.Library.Models.SharpPlayer: SharpMUSH.Library.Models.SharpPlayer, *System.String: -1*, <null>, Announce)
  	Notify(SharpMUSH.Library.Models.SharpPlayer: SharpMUSH.Library.Models.SharpPlayer, *System.String: -1*, <null>, Announce)
  	Notify(SharpMUSH.Library.Models.SharpPlayer: SharpMUSH.Library.Models.SharpPlayer, *System.String: -1*, <null>, Announce)
  	Notify(SharpMUSH.Library.Models.SharpPlayer: SharpMUSH.Library.Models.SharpPlayer, *System.String: -1*, <null>, Announce)
  	Notify(SharpMUSH.Library.Models.SharpPlayer: SharpMUSH.Library.Models.SharpPlayer, *System.String: -1*, <null>, Announce)
  	Notify(SharpMUSH.Library.Models.SharpPlayer: SharpMUSH.Library.Models.SharpPlayer, *System.String: -1*, <null>, Announce)
  	Notify(SharpMUSH.Library.Models.SharpPlayer: SharpMUSH.Library.Models.SharpPlayer, *System.String: -1*, <null>, Announce)
  	Notify(SharpMUSH.Library.Models.SharpPlayer: SharpMUSH.Library.Models.SharpPlayer, *System.String: -1*, <null>, Announce)
  	Notify(SharpMUSH.Library.Models.SharpPlayer: SharpMUSH.Library.Models.SharpPlayer, *System.String: -1*, <null>, Announce)
  	Notify(SharpMUSH.Library.Models.SharpPlayer: SharpMUSH.Library.Models.SharpPlayer, *System.String: -1*, <null>, Announce)
  	Notify(SharpMUSH.Library.Models.SharpPlayer: SharpMUSH.Library.Models.SharpPlayer, *System.String: -1*, <null>, Announce)
  	Notify(SharpMUSH.Library.Models.SharpPlayer: SharpMUSH.Library.Models.SharpPlayer, *System.String: -1*, <null>, Announce)
  	Notify(SharpMUSH.Library.Models.SharpPlayer: SharpMUSH.Library.Models.SharpPlayer, *System.String: -1*, <null>, Announce)
  	Notify(SharpMUSH.Library.Models.SharpPlayer: SharpMUSH.Library.Models.SharpPlayer, *System.String: -1*, <null>, Announce)
  	Notify(SharpMUSH.Library.Models.SharpPlayer: SharpMUSH.Library.Models.SharpPlayer, *System.String: -1*, <null>, Announce)
  	Notify(SharpMUSH.Library.Models.SharpPlayer: SharpMUSH.Library.Models.SharpPlayer, *System.String: -1*, <null>, Announce)
  	Notify(SharpMUSH.Library.Models.SharpPlayer: SharpMUSH.Library.Models.SharpPlayer, *System.String: -1*, <null>, Announce)
  	Notify(SharpMUSH.Library.Models.SharpPlayer: SharpMUSH.Library.Models.SharpPlayer, *System.String: -1*, <null>, Announce)
  	Notify(SharpMUSH.Library.Models.SharpPlayer: SharpMUSH.Library.Models.SharpPlayer, *System.String: -1*, <null>, Announce)
  	Notify(SharpMUSH.Library.Models.SharpPlayer: SharpMUSH.Library.Models.SharpPlayer, *System.String: -1*, <null>, Announce)
  	Notify(SharpMUSH.Library.Models.SharpPlayer: SharpMUSH.Library.Models.SharpPlayer, *System.String: -1*, <null>, Announce)
  	Notify(SharpMUSH.Library.Models.SharpPlayer: SharpMUSH.Library.Models.SharpPlayer, *System.String: -1*, <null>, Announce)
  	Notify(SharpMUSH.Library.Models.SharpPlayer: SharpMUSH.Library.Models.SharpPlayer, *System.String: -1*, <null>, Announce)
  	Notify(SharpMUSH.Library.Models.SharpPlayer: SharpMUSH.Library.Models.SharpPlayer, *System.String: -1*, <null>, Announce)
  	Notify(SharpMUSH.Library.Models.SharpPlayer: SharpMUSH.Library.Models.SharpPlayer, *System.String: -1*, <null>, Announce)
  	Notify(SharpMUSH.Library.Models.SharpPlayer: SharpMUSH.Library.Models.SharpPlayer, *System.String: -1*, <null>, Announce)
  	Notify(SharpMUSH.Library.Models.SharpPlayer: SharpMUSH.Library.Models.SharpPlayer, *System.String: -1*, <null>, Announce)
  	Notify(SharpMUSH.Library.Models.SharpPlayer: SharpMUSH.Library.Models.SharpPlayer, *System.String: -1*, <null>, Announce)
  	Notify(SharpMUSH.Library.Models.SharpPlayer: SharpMUSH.Library.Models.SharpPlayer, *System.String: -1*, <null>, Announce)
  	Notify(SharpMUSH.Library.Models.SharpPlayer: SharpMUSH.Library.Models.SharpPlayer, *System.String: -1*, <null>, Announce)
  	Notify(SharpMUSH.Library.Models.SharpPlayer: SharpMUSH.Library.Models.SharpPlayer, *System.String: -1*, <null>, Announce)
  	Notify(SharpMUSH.Library.Models.SharpPlayer: SharpMUSH.Library.Models.SharpPlayer, *System.String: -1*, <null>, Announce)
  	Notify(SharpMUSH.Library.Models.SharpPlayer: SharpMUSH.Library.Models.SharpPlayer, *System.String: -1*, <null>, Announce)
  	Notify(SharpMUSH.Library.Models.SharpPlayer: SharpMUSH.Library.Models.SharpPlayer, *System.String: -1*, <null>, Announce)
  	Notify(SharpMUSH.Library.Models.SharpPlayer: SharpMUSH.Library.Models.SharpPlayer, *System.String: -1*, <null>, Announce)
  	Notify(SharpMUSH.Library.Models.SharpPlayer: SharpMUSH.Library.Models.SharpPlayer, *System.String: -1*, <null>, Announce)
  	Notify(SharpMUSH.Library.Models.SharpPlayer: SharpMUSH.Library.Models.SharpPlayer, *System.String: -1*, <null>, Announce)
  	Notify(SharpMUSH.Library.Models.SharpPlayer: SharpMUSH.Library.Models.SharpPlayer, *System.String: -1*, <null>, Announce)
  	Notify(SharpMUSH.Library.Models.SharpPlayer: SharpMUSH.Library.Models.SharpPlayer, *System.String: -1*, <null>, Announce)
  	Notify(SharpMUSH.Library.Models.SharpPlayer: SharpMUSH.Library.Models.SharpPlayer, *System.String: -1*, <null>, Announce)
  	Notify(SharpMUSH.Library.Models.SharpPlayer: SharpMUSH.Library.Models.SharpPlayer, *System.String: -1*, <null>, Announce)
  	Notify(SharpMUSH.Library.Models.SharpPlayer: SharpMUSH.Library.Models.SharpPlayer, *System.String: -1*, <null>, Announce)
  	Notify(SharpMUSH.Library.Models.SharpPlayer: SharpMUSH.Library.Models.SharpPlayer, *System.String: -1*, <null>, Announce)
  	Notify(SharpMUSH.Library.Models.SharpPlayer: SharpMUSH.Library.Models.SharpPlayer, *System.String: -1*, <null>, Announce)
  	Notify(SharpMUSH.Library.Models.SharpPlayer: SharpMUSH.Library.Models.SharpPlayer, *System.String: -1*, <null>, Announce)
  	Notify(SharpMUSH.Library.Models.SharpPlayer: SharpMUSH.Library.Models.SharpPlayer, *System.String: -1*, <null>, Announce)
  	Notify(SharpMUSH.Library.Models.SharpPlayer: SharpMUSH.Library.Models.SharpPlayer, *System.String: -1*, <null>, Announce)
  	Notify(SharpMUSH.Library.Models.SharpPlayer: SharpMUSH.Library.Models.SharpPlayer, *System.String: -1*, <null>, Announce)
  	Notify(SharpMUSH.Library.Models.SharpPlayer: SharpMUSH.Library.Models.SharpPlayer, *System.String: -1*, <null>, Announce)
  	Notify(SharpMUSH.Library.Models.SharpPlayer: SharpMUSH.Library.Models.SharpPlayer, *System.String: -1*, <null>, Announce)
  	Notify(SharpMUSH.Library.Models.SharpPlayer: SharpMUSH.Library.Models.SharpPlayer, *System.String: -1*, <null>, Announce)
  	Notify(SharpMUSH.Library.Models.SharpPlayer: SharpMUSH.Library.Models.SharpPlayer, *System.String: -1*, <null>, Announce)
  	Notify(SharpMUSH.Library.Models.SharpPlayer: SharpMUSH.Library.Models.SharpPlayer, *System.String: -1*, <null>, Announce)
  	Notify(SharpMUSH.Library.Models.SharpPlayer: SharpMUSH.Library.Models.SharpPlayer, *System.String: -1*, <null>, Announce)
  	Notify(SharpMUSH.Library.Models.SharpPlayer: SharpMUSH.Library.Models.SharpPlayer, *System.String: -1*, <null>, Announce)
  	Notify(SharpMUSH.Library.Models.SharpPlayer: SharpMUSH.Library.Models.SharpPlayer, *System.String: -1*, <null>, Announce)
  	Notify(SharpMUSH.Library.Models.SharpPlayer: SharpMUSH.Library.Models.SharpPlayer, *System.String: -1*, <null>, Announce)
  	Notify(SharpMUSH.Library.Models.SharpPlayer: SharpMUSH.Library.Models.SharpPlayer, *System.String: -1*, <null>, Announce)
  	Notify(SharpMUSH.Library.Models.SharpPlayer: SharpMUSH.Library.Models.SharpPlayer, *System.String: -1*, <null>, Announce)
  	Notify(SharpMUSH.Library.Models.SharpPlayer: SharpMUSH.Library.Models.SharpPlayer, *System.String: -1*, <null>, Announce)
  	Notify(SharpMUSH.Library.Models.SharpPlayer: SharpMUSH.Library.Models.SharpPlayer, *System.String: -1*, <null>, Announce)
  	Notify(SharpMUSH.Library.Models.SharpPlayer: SharpMUSH.Library.Models.SharpPlayer, *System.String: -1*, <null>, Announce)
  	Notify(SharpMUSH.Library.Models.SharpPlayer: SharpMUSH.Library.Models.SharpPlayer, *System.String: -1*, <null>, Announce)
  	Notify(SharpMUSH.Library.Models.SharpPlayer: SharpMUSH.Library.Models.SharpPlayer, *System.String: -1*, <null>, Announce)
  	Notify(SharpMUSH.Library.Models.SharpPlayer: SharpMUSH.Library.Models.SharpPlayer, *System.String: -1*, <null>, Announce)
  	Notify(SharpMUSH.Library.Models.SharpPlayer: SharpMUSH.Library.Models.SharpPlayer, *System.String: -1*, <null>, Announce)
  	Notify(SharpMUSH.Library.Models.SharpPlayer: SharpMUSH.Library.Models.SharpPlayer, *System.String: -1*, <null>, Announce)
  	Notify(SharpMUSH.Library.Models.SharpPlayer: SharpMUSH.Library.Models.SharpPlayer, *System.String: -1*, <null>, Announce)
  	Notify(SharpMUSH.Library.Models.SharpPlayer: SharpMUSH.Library.Models.SharpPlayer, *System.String: -1*, <null>, Announce)
  	Notify(SharpMUSH.Library.Models.SharpPlayer: SharpMUSH.Library.Models.SharpPlayer, *System.String: -1*, <null>, Announce)
  	Notify(SharpMUSH.Library.Models.SharpPlayer: SharpMUSH.Library.Models.SharpPlayer, *System.String: -1*, <null>, Announce)
  	Notify(SharpMUSH.Library.Models.SharpPlayer: SharpMUSH.Library.Models.SharpPlayer, *System.String: -1*, <null>, Announce)
  	Notify(SharpMUSH.Library.Models.SharpPlayer: SharpMUSH.Library.Models.SharpPlayer, *System.String: -1*, <null>, Announce)
  	Notify(SharpMUSH.Library.Models.SharpPlayer: SharpMUSH.Library.Models.SharpPlayer, *System.String: -1*, <null>, Announce)
  	Notify(SharpMUSH.Library.Models.SharpPlayer: SharpMUSH.Library.Models.SharpPlayer, *System.String: -1*, <null>, Announce)
  	Notify(SharpMUSH.Library.Models.SharpPlayer: SharpMUSH.Library.Models.SharpPlayer, *System.String: -1*, <null>, Announce)
  	Notify(SharpMUSH.Library.Models.SharpPlayer: SharpMUSH.Library.Models.SharpPlayer, *System.String: -1*, <null>, Announce)
  	Notify(SharpMUSH.Library.Models.SharpPlayer: SharpMUSH.Library.Models.SharpPlayer, *System.String: -1*, <null>, Announce)
  	Notify(SharpMUSH.Library.Models.SharpPlayer: SharpMUSH.Library.Models.SharpPlayer, *System.String: -1*, <null>, Announce)
  	Notify(SharpMUSH.Library.Models.SharpPlayer: SharpMUSH.Library.Models.SharpPlayer, *System.String: -1*, <null>, Announce)
  	Notify(SharpMUSH.Library.Models.SharpPlayer: SharpMUSH.Library.Models.SharpPlayer, *System.String: -1*, <null>, Announce)
  	Notify(SharpMUSH.Library.Models.SharpPlayer: SharpMUSH.Library.Models.SharpPlayer, *System.String: -1*, <null>, Announce)
  	Notify(SharpMUSH.Library.Models.SharpPlayer: SharpMUSH.Library.Models.SharpPlayer, *System.String: -1*, <null>, Announce)
  	Notify(SharpMUSH.Library.Models.SharpPlayer: SharpMUSH.Library.Models.SharpPlayer, *System.String: -1*, <null>, Announce)
  	Notify(SharpMUSH.Library.Models.SharpPlayer: SharpMUSH.Library.Models.SharpPlayer, *System.String: -1*, <null>, Announce)
  	Notify(SharpMUSH.Library.Models.SharpPlayer: SharpMUSH.Library.Models.SharpPlayer, *System.String: -1*, <null>, Announce)
  	Notify(SharpMUSH.Library.Models.SharpPlayer: SharpMUSH.Library.Models.SharpPlayer, *System.String: -1*, <null>, Announce)
  	Notify(SharpMUSH.Library.Models.SharpPlayer: SharpMUSH.Library.Models.SharpPlayer, *System.String: -1*, <null>, Announce)
  	Notify(SharpMUSH.Library.Models.SharpPlayer: SharpMUSH.Library.Models.SharpPlayer, *System.String: -1*, <null>, Announce)
  	Notify(SharpMUSH.Library.Models.SharpPlayer: SharpMUSH.Library.Models.SharpPlayer, *System.String: -1*, <null>, Announce)
  	Notify(SharpMUSH.Library.Models.SharpPlayer: SharpMUSH.Library.Models.SharpPlayer, *System.String: -1*, <null>, Announce)
  	Notify(SharpMUSH.Library.Models.SharpPlayer: SharpMUSH.Library.Models.SharpPlayer, *System.String: -1*, <null>, Announce)
  	Notify(SharpMUSH.Library.Models.SharpPlayer: SharpMUSH.Library.Models.SharpPlayer, *System.String: -1*, <null>, Announce)
  	Notify(SharpMUSH.Library.Models.SharpPlayer: SharpMUSH.Library.Models.SharpPlayer, *System.String: -1*, <null>, Announce)
  	Notify(SharpMUSH.Library.Models.SharpPlayer: SharpMUSH.Library.Models.SharpPlayer, *System.String: -1*, <null>, Announce)
  	Notify(SharpMUSH.Library.Models.SharpPlayer: SharpMUSH.Library.Models.SharpPlayer, *System.String: -1*, <null>, Announce)
  	Notify(SharpMUSH.Library.Models.SharpPlayer: SharpMUSH.Library.Models.SharpPlayer, *System.String: -1*, <null>, Announce)
  	Notify(SharpMUSH.Library.Models.SharpPlayer: SharpMUSH.Library.Models.SharpPlayer, *System.String: -1*, <null>, Announce)
  	Notify(SharpMUSH.Library.Models.SharpPlayer: SharpMUSH.Library.Models.SharpPlayer, *System.String: -1*, <null>, Announce)
  	Notify(SharpMUSH.Library.Models.SharpPlayer: SharpMUSH.Library.Models.SharpPlayer, *System.String: -1*, <null>, Announce)
  	Notify(SharpMUSH.Library.Models.SharpPlayer: SharpMUSH.Library.Models.SharpPlayer, *System.String: -1*, <null>, Announce)
  	Notify(SharpMUSH.Library.Models.SharpPlayer: SharpMUSH.Library.Models.SharpPlayer, *System.String: -1*, <null>, Announce)
  	Notify(SharpMUSH.Library.Models.SharpPlayer: SharpMUSH.Library.Models.SharpPlayer, *System.String: -1*, <null>, Announce)
  	Notify(SharpMUSH.Library.Models.SharpPlayer: SharpMUSH.Library.Models.SharpPlayer, *System.String: -1*, <null>, Announce)
  	Notify(SharpMUSH.Library.Models.SharpPlayer: SharpMUSH.Library.Models.SharpPlayer, *System.String: -1*, <null>, Announce)
  	Notify(SharpMUSH.Library.Models.SharpPlayer: SharpMUSH.Library.Models.SharpPlayer, *System.String: -1*, <null>, Announce)
  	Notify(SharpMUSH.Library.Models.SharpPlayer: SharpMUSH.Library.Models.SharpPlayer, *System.String: -1*, <null>, Announce)
  	Notify(SharpMUSH.Library.Models.SharpPlayer: SharpMUSH.Library.Models.SharpPlayer, *System.String: -1*, <null>, Announce)
  	Notify(SharpMUSH.Library.Models.SharpPlayer: SharpMUSH.Library.Models.SharpPlayer, *System.String: -1*, <null>, Announce)
  	Notify(SharpMUSH.Library.Models.SharpPlayer: SharpMUSH.Library.Models.SharpPlayer, *System.String: -1*, <null>, Announce)
  	Notify(SharpMUSH.Library.Models.SharpPlayer: SharpMUSH.Library.Models.SharpPlayer, *System.String: -1*, <null>, Announce)
  	Notify(SharpMUSH.Library.Models.SharpPlayer: SharpMUSH.Library.Models.SharpPlayer, *System.String: -1*, <null>, Announce)
  	Notify(SharpMUSH.Library.Models.SharpPlayer: SharpMUSH.Library.Models.SharpPlayer, *System.String: -1*, <null>, Announce)
  	Notify(SharpMUSH.Library.Models.SharpPlayer: SharpMUSH.Library.Models.SharpPlayer, *System.String: -1*, <null>, Announce)
  	Notify(SharpMUSH.Library.Models.SharpPlayer: SharpMUSH.Library.Models.SharpPlayer, *System.String: -1*, <null>, Announce)
  	Notify(SharpMUSH.Library.Models.SharpPlayer: SharpMUSH.Library.Models.SharpPlayer, *System.String: -1*, <null>, Announce)
  	Notify(SharpMUSH.Library.Models.SharpPlayer: SharpMUSH.Library.Models.SharpPlayer, *System.String: -1*, <null>, Announce)
  	Notify(SharpMUSH.Library.Models.SharpPlayer: SharpMUSH.Library.Models.SharpPlayer, *System.String: -1*, <null>, Announce)
  	Notify(SharpMUSH.Library.Models.SharpPlayer: SharpMUSH.Library.Models.SharpPlayer, *System.String: -1*, <null>, Announce)
  	Notify(SharpMUSH.Library.Models.SharpPlayer: SharpMUSH.Library.Models.SharpPlayer, *System.String: -1*, <null>, Announce)
  	Notify(SharpMUSH.Library.Models.SharpPlayer: SharpMUSH.Library.Models.SharpPlayer, *System.String: -1*, <null>, Announce)
  	Notify(SharpMUSH.Library.Models.SharpPlayer: SharpMUSH.Library.Models.SharpPlayer, *System.String: -1*, <null>, Announce)
  	Notify(SharpMUSH.Library.Models.SharpPlayer: SharpMUSH.Library.Models.SharpPlayer, *System.String: -1*, <null>, Announce)
  	Notify(SharpMUSH.Library.Models.SharpPlayer: SharpMUSH.Library.Models.SharpPlayer, *System.String: -1*, <null>, Announce)
  	Notify(SharpMUSH.Library.Models.SharpPlayer: SharpMUSH.Library.Models.SharpPlayer, *System.String: -1*, <null>, Announce)
  	Notify(SharpMUSH.Library.Models.SharpPlayer: SharpMUSH.Library.Models.SharpPlayer, *System.String: -1*, <null>, Announce)
  	Notify(SharpMUSH.Library.Models.SharpPlayer: SharpMUSH.Library.Models.SharpPlayer, *System.String: -1*, <null>, Announce)
  	Notify(SharpMUSH.Library.Models.SharpPlayer: SharpMUSH.Library.Models.SharpPlayer, *System.String: -1*, <null>, Announce)
  	Notify(SharpMUSH.Library.Models.SharpPlayer: SharpMUSH.Library.Models.SharpPlayer, *System.String: -1*, <null>, Announce)
  	Notify(SharpMUSH.Library.Models.SharpPlayer: SharpMUSH.Library.Models.SharpPlayer, *System.String: -1*, <null>, Announce)
  	Notify(SharpMUSH.Library.Models.SharpPlayer: SharpMUSH.Library.Models.SharpPlayer, *System.String: -1*, <null>, Announce)
  	Notify(SharpMUSH.Library.Models.SharpPlayer: SharpMUSH.Library.Models.SharpPlayer, *System.String: -1*, <null>, Announce)
  	Notify(SharpMUSH.Library.Models.SharpPlayer: SharpMUSH.Library.Models.SharpPlayer, *System.String: -1*, <null>, Announce)
  	Notify(SharpMUSH.Library.Models.SharpPlayer: SharpMUSH.Library.Models.SharpPlayer, *System.String: -1*, <null>, Announce)
  	Notify(SharpMUSH.Library.Models.SharpPlayer: SharpMUSH.Library.Models.SharpPlayer, *System.String: -1*, <null>, Announce)
  	Notify(SharpMUSH.Library.Models.SharpPlayer: SharpMUSH.Library.Models.SharpPlayer, *System.String: -1*, <null>, Announce)
  	Notify(SharpMUSH.Library.Models.SharpPlayer: SharpMUSH.Library.Models.SharpPlayer, *System.String: -1*, <null>, Announce)
  	Notify(SharpMUSH.Library.Models.SharpPlayer: SharpMUSH.Library.Models.SharpPlayer, *System.String: -1*, <null>, Announce)
  	Notify(SharpMUSH.Library.Models.SharpPlayer: SharpMUSH.Library.Models.SharpPlayer, *System.String: -1*, <null>, Announce)
  	Notify(SharpMUSH.Library.Models.SharpPlayer: SharpMUSH.Library.Models.SharpPlayer, *System.String: -1*, <null>, Announce)
  	Notify(SharpMUSH.Library.Models.SharpPlayer: SharpMUSH.Library.Models.SharpPlayer, *System.String: -1*, <null>, Announce)
  	Notify(SharpMUSH.Library.Models.SharpPlayer: SharpMUSH.Library.Models.SharpPlayer, *System.String: -1*, <null>, Announce)
  	Notify(SharpMUSH.Library.Models.SharpPlayer: SharpMUSH.Library.Models.SharpPlayer, *System.String: -1*, <null>, Announce)
  	Notify(SharpMUSH.Library.Models.SharpPlayer: SharpMUSH.Library.Models.SharpPlayer, *System.String: -1*, <null>, Announce)
  	Notify(SharpMUSH.Library.Models.SharpPlayer: SharpMUSH.Library.Models.SharpPlayer, *System.String: -1*, <null>, Announce)
  	Notify(SharpMUSH.Library.Models.SharpPlayer: SharpMUSH.Library.Models.SharpPlayer, *System.String: -1*, <null>, Announce)
  	Notify(SharpMUSH.Library.Models.SharpPlayer: SharpMUSH.Library.Models.SharpPlayer, *System.String: -1*, <null>, Announce)
  	Notify(SharpMUSH.Library.Models.SharpPlayer: SharpMUSH.Library.Models.SharpPlayer, *System.String: -1*, <null>, Announce)
  	Notify(SharpMUSH.Library.Models.SharpPlayer: SharpMUSH.Library.Models.SharpPlayer, *System.String: -1*, <null>, Announce)
  	Notify(SharpMUSH.Library.Models.SharpPlayer: SharpMUSH.Library.Models.SharpPlayer, *System.String: -1*, <null>, Announce)
  	Notify(SharpMUSH.Library.Models.SharpPlayer: SharpMUSH.Library.Models.SharpPlayer, *System.String: -1*, <null>, Announce)
  	Notify(SharpMUSH.Library.Models.SharpPlayer: SharpMUSH.Library.Models.SharpPlayer, *System.String: -1*, <null>, Announce)
  	Notify(SharpMUSH.Library.Models.SharpPlayer: SharpMUSH.Library.Models.SharpPlayer, *System.String: -1*, <null>, Announce)
  	Notify(SharpMUSH.Library.Models.SharpPlayer: SharpMUSH.Library.Models.SharpPlayer, *System.String: -1*, <null>, Announce)
  	Notify(SharpMUSH.Library.Models.SharpPlayer: SharpMUSH.Library.Models.SharpPlayer, *System.String: -1*, <null>, Announce)
  	Notify(SharpMUSH.Library.Models.SharpPlayer: SharpMUSH.Library.Models.SharpPlayer, *System.String: -1*, <null>, Announce)
  	Notify(SharpMUSH.Library.Models.SharpPlayer: SharpMUSH.Library.Models.SharpPlayer, *System.String: -1*, <null>, Announce)
  	Notify(SharpMUSH.Library.Models.SharpPlayer: SharpMUSH.Library.Models.SharpPlayer, *System.String: -1*, <null>, Announce)
  	Notify(SharpMUSH.Library.Models.SharpPlayer: SharpMUSH.Library.Models.SharpPlayer, *System.String: -1*, <null>, Announce)
  	Notify(SharpMUSH.Library.Models.SharpPlayer: SharpMUSH.Library.Models.SharpPlayer, *System.String: -1*, <null>, Announce)
  	Notify(SharpMUSH.Library.Models.SharpPlayer: SharpMUSH.Library.Models.SharpPlayer, *System.String: -1*, <null>, Announce)
  	Notify(SharpMUSH.Library.Models.SharpPlayer: SharpMUSH.Library.Models.SharpPlayer, *System.String: -1*, <null>, Announce)
  	Notify(SharpMUSH.Library.Models.SharpPlayer: SharpMUSH.Library.Models.SharpPlayer, *System.String: -1*, <null>, Announce)
  	Notify(SharpMUSH.Library.Models.SharpPlayer: SharpMUSH.Library.Models.SharpPlayer, *System.String: -1*, <null>, Announce)
  	Notify(SharpMUSH.Library.Models.SharpPlayer: SharpMUSH.Library.Models.SharpPlayer, *System.String: -1*, <null>, Announce)
  	Notify(SharpMUSH.Library.Models.SharpPlayer: SharpMUSH.Library.Models.SharpPlayer, *System.String: -1*, <null>, Announce)
  	Notify(SharpMUSH.Library.Models.SharpPlayer: SharpMUSH.Library.Models.SharpPlayer, *System.String: -1*, <null>, Announce)
  	Notify(SharpMUSH.Library.Models.SharpPlayer: SharpMUSH.Library.Models.SharpPlayer, *System.String: -1*, <null>, Announce)
  	Notify(SharpMUSH.Library.Models.SharpPlayer: SharpMUSH.Library.Models.SharpPlayer, *System.String: -1*, <null>, Announce)
  	Notify(SharpMUSH.Library.Models.SharpPlayer: SharpMUSH.Library.Models.SharpPlayer, *System.String: -1*, <null>, Announce)
  	Notify(SharpMUSH.Library.Models.SharpPlayer: SharpMUSH.Library.Models.SharpPlayer, *System.String: -1*, <null>, Announce)
  	Notify(SharpMUSH.Library.Models.SharpPlayer: SharpMUSH.Library.Models.SharpPlayer, *System.String: -1*, <null>, Announce)
  	Notify(SharpMUSH.Library.Models.SharpPlayer: SharpMUSH.Library.Models.SharpPlayer, *System.String: -1*, <null>, Announce)
  	Notify(SharpMUSH.Library.Models.SharpPlayer: SharpMUSH.Library.Models.SharpPlayer, *System.String: -1*, <null>, Announce)
  	Notify(SharpMUSH.Library.Models.SharpPlayer: SharpMUSH.Library.Models.SharpPlayer, *System.String: -1*, <null>, Announce)
  	Notify(SharpMUSH.Library.Models.SharpPlayer: SharpMUSH.Library.Models.SharpPlayer, *System.String: -1*, <null>, Announce)
  	Notify(SharpMUSH.Library.Models.SharpPlayer: SharpMUSH.Library.Models.SharpPlayer, *System.String: -1*, <null>, Announce)
  	Notify(SharpMUSH.Library.Models.SharpPlayer: SharpMUSH.Library.Models.SharpPlayer, *System.String: -1*, <null>, Announce)
  	Notify(SharpMUSH.Library.Models.SharpPlayer: SharpMUSH.Library.Models.SharpPlayer, *System.String: -1*, <null>, Announce)
  	Notify(SharpMUSH.Library.Models.SharpPlayer: SharpMUSH.Library.Models.SharpPlayer, *System.String: -1*, <null>, Announce)
  	Notify(SharpMUSH.Library.Models.SharpPlayer: SharpMUSH.Library.Models.SharpPlayer, *System.String: -1*, <null>, Announce)
  	Notify(SharpMUSH.Library.Models.SharpPlayer: SharpMUSH.Library.Models.SharpPlayer, *System.String: -1*, <null>, Announce)
  	Notify(SharpMUSH.Library.Models.SharpPlayer: SharpMUSH.Library.Models.SharpPlayer, *System.String: -1*, <null>, Announce)
  	Notify(SharpMUSH.Library.Models.SharpPlayer: SharpMUSH.Library.Models.SharpPlayer, *System.String: -1*, <null>, Announce)
  	Notify(SharpMUSH.Library.Models.SharpPlayer: SharpMUSH.Library.Models.SharpPlayer, *System.String: -1*, <null>, Announce)
  	Notify(SharpMUSH.Library.Models.SharpPlayer: SharpMUSH.Library.Models.SharpPlayer, *System.String: -1*, <null>, Announce)
  	Notify(SharpMUSH.Library.Models.SharpPlayer: SharpMUSH.Library.Models.SharpPlayer, *System.String: -1*, <null>, Announce)
  	Notify(SharpMUSH.Library.Models.SharpPlayer: SharpMUSH.Library.Models.SharpPlayer, *System.String: -1*, <null>, Announce)
  	Notify(SharpMUSH.Library.Models.SharpPlayer: SharpMUSH.Library.Models.SharpPlayer, *System.String: -1*, <null>, Announce)
  	Notify(SharpMUSH.Library.Models.SharpPlayer: SharpMUSH.Library.Models.SharpPlayer, *System.String: -1*, <null>, Announce)
  	Notify(SharpMUSH.Library.Models.SharpPlayer: SharpMUSH.Library.Models.SharpPlayer, *System.String: -1*, <null>, Announce)
  	Notify(SharpMUSH.Library.Models.SharpPlayer: SharpMUSH.Library.Models.SharpPlayer, *System.String: -1*, <null>, Announce)
  	Notify(SharpMUSH.Library.Models.SharpPlayer: SharpMUSH.Library.Models.SharpPlayer, *System.String: -1*, <null>, Announce)
  	Notify(SharpMUSH.Library.Models.SharpPlayer: SharpMUSH.Library.Models.SharpPlayer, *System.String: -1*, <null>, Announce)
  	Notify(SharpMUSH.Library.Models.SharpPlayer: SharpMUSH.Library.Models.SharpPlayer, *System.String: -1*, <null>, Announce)
  	Notify(SharpMUSH.Library.Models.SharpPlayer: SharpMUSH.Library.Models.SharpPlayer, *System.String: -1*, <null>, Announce)
  	Notify(SharpMUSH.Library.Models.SharpPlayer: SharpMUSH.Library.Models.SharpPlayer, *System.String: -1*, <null>, Announce)
  	Notify(SharpMUSH.Library.Models.SharpPlayer: SharpMUSH.Library.Models.SharpPlayer, *System.String: -1*, <null>, Announce)
  	Notify(SharpMUSH.Library.Models.SharpPlayer: SharpMUSH.Library.Models.SharpPlayer, *System.String: -1*, <null>, Announce)
  	Notify(SharpMUSH.Library.Models.SharpPlayer: SharpMUSH.Library.Models.SharpPlayer, *System.String: -1*, <null>, Announce)
  	Notify(SharpMUSH.Library.Models.SharpPlayer: SharpMUSH.Library.Models.SharpPlayer, *System.String: -1*, <null>, Announce)
  	Notify(SharpMUSH.Library.Models.SharpPlayer: SharpMUSH.Library.Models.SharpPlayer, *System.String: -1*, <null>, Announce)
  	Notify(SharpMUSH.Library.Models.SharpPlayer: SharpMUSH.Library.Models.SharpPlayer, *System.String: -1*, <null>, Announce)
  	Notify(SharpMUSH.Library.Models.SharpPlayer: SharpMUSH.Library.Models.SharpPlayer, *System.String: -1*, <null>, Announce)
  	Notify(SharpMUSH.Library.Models.SharpPlayer: SharpMUSH.Library.Models.SharpPlayer, *System.String: -1*, <null>, Announce)
  	Notify(SharpMUSH.Library.Models.SharpPlayer: SharpMUSH.Library.Models.SharpPlayer, *System.String: -1*, <null>, Announce)
  	Notify(SharpMUSH.Library.Models.SharpPlayer: SharpMUSH.Library.Models.SharpPlayer, *System.String: -1*, <null>, Announce)
  	Notify(SharpMUSH.Library.Models.SharpPlayer: SharpMUSH.Library.Models.SharpPlayer, *System.String: -1*, <null>, Announce)
  	Notify(SharpMUSH.Library.Models.SharpPlayer: SharpMUSH.Library.Models.SharpPlayer, *System.String: -1*, <null>, Announce)
  	Notify(SharpMUSH.Library.Models.SharpPlayer: SharpMUSH.Library.Models.SharpPlayer, *System.String: -1*, <null>, Announce)
  	Notify(SharpMUSH.Library.Models.SharpPlayer: SharpMUSH.Library.Models.SharpPlayer, *System.String: -1*, <null>, Announce)
  	Notify(SharpMUSH.Library.Models.SharpPlayer: SharpMUSH.Library.Models.SharpPlayer, *System.String: -1*, <null>, Announce)
  	Notify(SharpMUSH.Library.Models.SharpPlayer: SharpMUSH.Library.Models.SharpPlayer, *System.String: -1*, <null>, Announce)
  	Notify(SharpMUSH.Library.Models.SharpPlayer: SharpMUSH.Library.Models.SharpPlayer, *System.String: -1*, <null>, Announce)
  	Notify(SharpMUSH.Library.Models.SharpPlayer: SharpMUSH.Library.Models.SharpPlayer, *System.String: -1*, <null>, Announce)
  	Notify(SharpMUSH.Library.Models.SharpPlayer: SharpMUSH.Library.Models.SharpPlayer, *System.String: -1*, <null>, Announce)
  	Notify(SharpMUSH.Library.Models.SharpPlayer: SharpMUSH.Library.Models.SharpPlayer, *System.String: -1*, <null>, Announce)
  	Notify(SharpMUSH.Library.Models.SharpPlayer: SharpMUSH.Library.Models.SharpPlayer, *System.String: -1*, <null>, Announce)
  	Notify(SharpMUSH.Library.Models.SharpPlayer: SharpMUSH.Library.Models.SharpPlayer, *System.String: -1*, <null>, Announce)
  	Notify(SharpMUSH.Library.Models.SharpPlayer: SharpMUSH.Library.Models.SharpPlayer, *System.String: -1*, <null>, Announce)
  	Notify(SharpMUSH.Library.Models.SharpPlayer: SharpMUSH.Library.Models.SharpPlayer, *System.String: -1*, <null>, Announce)
  	Notify(SharpMUSH.Library.Models.SharpPlayer: SharpMUSH.Library.Models.SharpPlayer, *System.String: -1*, <null>, Announce)
  	Notify(SharpMUSH.Library.Models.SharpPlayer: SharpMUSH.Library.Models.SharpPlayer, *System.String: -1*, <null>, Announce)
  	Notify(SharpMUSH.Library.Models.SharpPlayer: SharpMUSH.Library.Models.SharpPlayer, *System.String: -1*, <null>, Announce)
  	Notify(SharpMUSH.Library.Models.SharpPlayer: SharpMUSH.Library.Models.SharpPlayer, *System.String: -1*, <null>, Announce)
  	Notify(SharpMUSH.Library.Models.SharpPlayer: SharpMUSH.Library.Models.SharpPlayer, *System.String: -1*, <null>, Announce)
  	Notify(SharpMUSH.Library.Models.SharpPlayer: SharpMUSH.Library.Models.SharpPlayer, *System.String: -1*, <null>, Announce)
  	Notify(SharpMUSH.Library.Models.SharpPlayer: SharpMUSH.Library.Models.SharpPlayer, *System.String: -1*, <null>, Announce)
  	Notify(SharpMUSH.Library.Models.SharpPlayer: SharpMUSH.Library.Models.SharpPlayer, *System.String: -1*, <null>, Announce)
  	Notify(SharpMUSH.Library.Models.SharpPlayer: SharpMUSH.Library.Models.SharpPlayer, *System.String: -1*, <null>, Announce)
  	Notify(SharpMUSH.Library.Models.SharpPlayer: SharpMUSH.Library.Models.SharpPlayer, *System.String: -1*, <null>, Announce)
  	Notify(SharpMUSH.Library.Models.SharpPlayer: SharpMUSH.Library.Models.SharpPlayer, *System.String: -1*, <null>, Announce)
  	Notify(SharpMUSH.Library.Models.SharpPlayer: SharpMUSH.Library.Models.SharpPlayer, *System.String: -1*, <null>, Announce)
  	Notify(SharpMUSH.Library.Models.SharpPlayer: SharpMUSH.Library.Models.SharpPlayer, *System.String: -1*, <null>, Announce)
  	Notify(SharpMUSH.Library.Models.SharpPlayer: SharpMUSH.Library.Models.SharpPlayer, *System.String: -1*, <null>, Announce)
  	Notify(SharpMUSH.Library.Models.SharpPlayer: SharpMUSH.Library.Models.SharpPlayer, *System.String: -1*, <null>, Announce)
  	Notify(SharpMUSH.Library.Models.SharpPlayer: SharpMUSH.Library.Models.SharpPlayer, *System.String: -1*, <null>, Announce)
  	Notify(SharpMUSH.Library.Models.SharpPlayer: SharpMUSH.Library.Models.SharpPlayer, *System.String: -1*, <null>, Announce)
  	Notify(SharpMUSH.Library.Models.SharpPlayer: SharpMUSH.Library.Models.SharpPlayer, *System.String: -1*, <null>, Announce)
  	Notify(SharpMUSH.Library.Models.SharpPlayer: SharpMUSH.Library.Models.SharpPlayer, *System.String: -1*, <null>, Announce)
  	Notify(SharpMUSH.Library.Models.SharpPlayer: SharpMUSH.Library.Models.SharpPlayer, *System.String: -1*, <null>, Announce)
  	Notify(SharpMUSH.Library.Models.SharpPlayer: SharpMUSH.Library.Models.SharpPlayer, *System.String: -1*, <null>, Announce)
  	Notify(SharpMUSH.Library.Models.SharpPlayer: SharpMUSH.Library.Models.SharpPlayer, *System.String: -1*, <null>, Announce)
  	Notify(SharpMUSH.Library.Models.SharpPlayer: SharpMUSH.Library.Models.SharpPlayer, *System.String: -1*, <null>, Announce)
  	Notify(SharpMUSH.Library.Models.SharpPlayer: SharpMUSH.Library.Models.SharpPlayer, *System.String: -1*, <null>, Announce)
  	Notify(SharpMUSH.Library.Models.SharpPlayer: SharpMUSH.Library.Models.SharpPlayer, *System.String: -1*, <null>, Announce)
  	Notify(SharpMUSH.Library.Models.SharpPlayer: SharpMUSH.Library.Models.SharpPlayer, *System.String: -1*, <null>, Announce)
  	Notify(SharpMUSH.Library.Models.SharpPlayer: SharpMUSH.Library.Models.SharpPlayer, *System.String: -1*, <null>, Announce)
  	Notify(SharpMUSH.Library.Models.SharpPlayer: SharpMUSH.Library.Models.SharpPlayer, *System.String: -1*, <null>, Announce)
  	Notify(SharpMUSH.Library.Models.SharpPlayer: SharpMUSH.Library.Models.SharpPlayer, *System.String: -1*, <null>, Announce)
  	Notify(SharpMUSH.Library.Models.SharpPlayer: SharpMUSH.Library.Models.SharpPlayer, *System.String: -1*, <null>, Announce)
  	Notify(SharpMUSH.Library.Models.SharpPlayer: SharpMUSH.Library.Models.SharpPlayer, *System.String: -1*, <null>, Announce)
  	Notify(SharpMUSH.Library.Models.SharpPlayer: SharpMUSH.Library.Models.SharpPlayer, *System.String: -1*, <null>, Announce)
  	Notify(SharpMUSH.Library.Models.SharpPlayer: SharpMUSH.Library.Models.SharpPlayer, *System.String: -1*, <null>, Announce)
  	Notify(SharpMUSH.Library.Models.SharpPlayer: SharpMUSH.Library.Models.SharpPlayer, *System.String: -1*, <null>, Announce)
  	Notify(SharpMUSH.Library.Models.SharpPlayer: SharpMUSH.Library.Models.SharpPlayer, *System.String: -1*, <null>, Announce)
  	Notify(SharpMUSH.Library.Models.SharpPlayer: SharpMUSH.Library.Models.SharpPlayer, *System.String: -1*, <null>, Announce)
  	Notify(SharpMUSH.Library.Models.SharpPlayer: SharpMUSH.Library.Models.SharpPlayer, *System.String: -1*, <null>, Announce)
  	Notify(SharpMUSH.Library.Models.SharpPlayer: SharpMUSH.Library.Models.SharpPlayer, *System.String: -1*, <null>, Announce)
  	Notify(SharpMUSH.Library.Models.SharpPlayer: SharpMUSH.Library.Models.SharpPlayer, *System.String: -1*, <null>, Announce)
  	Notify(SharpMUSH.Library.Models.SharpPlayer: SharpMUSH.Library.Models.SharpPlayer, *System.String: -1*, <null>, Announce)
  	Notify(SharpMUSH.Library.Models.SharpPlayer: SharpMUSH.Library.Models.SharpPlayer, *System.String: -1*, <null>, Announce)
  	Notify(SharpMUSH.Library.Models.SharpPlayer: SharpMUSH.Library.Models.SharpPlayer, *System.String: -1*, <null>, Announce)
  	Notify(SharpMUSH.Library.Models.SharpPlayer: SharpMUSH.Library.Models.SharpPlayer, *System.String: -1*, <null>, Announce)
  	Notify(SharpMUSH.Library.Models.SharpPlayer: SharpMUSH.Library.Models.SharpPlayer, *System.String: -1*, <null>, Announce)
  	Notify(SharpMUSH.Library.Models.SharpPlayer: SharpMUSH.Library.Models.SharpPlayer, *System.String: -1*, <null>, Announce)
  	Notify(SharpMUSH.Library.Models.SharpPlayer: SharpMUSH.Library.Models.SharpPlayer, *System.String: -1*, <null>, Announce)
  	Notify(SharpMUSH.Library.Models.SharpPlayer: SharpMUSH.Library.Models.SharpPlayer, *System.String: -1*, <null>, Announce)
  	Notify(SharpMUSH.Library.Models.SharpPlayer: SharpMUSH.Library.Models.SharpPlayer, *System.String: -1*, <null>, Announce)
  	Notify(SharpMUSH.Library.Models.SharpPlayer: SharpMUSH.Library.Models.SharpPlayer, *System.String: -1*, <null>, Announce)
  	Notify(SharpMUSH.Library.Models.SharpPlayer: SharpMUSH.Library.Models.SharpPlayer, *System.String: -1*, <null>, Announce)
  	Notify(SharpMUSH.Library.Models.SharpPlayer: SharpMUSH.Library.Models.SharpPlayer, *System.String: -1*, <null>, Announce)
  	Notify(SharpMUSH.Library.Models.SharpPlayer: SharpMUSH.Library.Models.SharpPlayer, *System.String: -1*, <null>, Announce)
  	Notify(SharpMUSH.Library.Models.SharpPlayer: SharpMUSH.Library.Models.SharpPlayer, *System.String: -1*, <null>, Announce)
  	Notify(SharpMUSH.Library.Models.SharpPlayer: SharpMUSH.Library.Models.SharpPlayer, *System.String: -1*, <null>, Announce)
  	Notify(SharpMUSH.Library.Models.SharpPlayer: SharpMUSH.Library.Models.SharpPlayer, *System.String: -1*, <null>, Announce)
  	Notify(SharpMUSH.Library.Models.SharpPlayer: SharpMUSH.Library.Models.SharpPlayer, *System.String: -1*, <null>, Announce)
  	Notify(SharpMUSH.Library.Models.SharpPlayer: SharpMUSH.Library.Models.SharpPlayer, *System.String: -1*, <null>, Announce)
  	Notify(SharpMUSH.Library.Models.SharpPlayer: SharpMUSH.Library.Models.SharpPlayer, *System.String: -1*, <null>, Announce)
  	Notify(SharpMUSH.Library.Models.SharpPlayer: SharpMUSH.Library.Models.SharpPlayer, *System.String: -1*, <null>, Announce)
  	Notify(SharpMUSH.Library.Models.SharpPlayer: SharpMUSH.Library.Models.SharpPlayer, *System.String: -1*, <null>, Announce)
  	Notify(SharpMUSH.Library.Models.SharpPlayer: SharpMUSH.Library.Models.SharpPlayer, *System.String: -1*, <null>, Announce)
  	Notify(SharpMUSH.Library.Models.SharpPlayer: SharpMUSH.Library.Models.SharpPlayer, *System.String: -1*, <null>, Announce)
  	Notify(SharpMUSH.Library.Models.SharpPlayer: SharpMUSH.Library.Models.SharpPlayer, *System.String: -1*, <null>, Announce)
  	Notify(SharpMUSH.Library.Models.SharpPlayer: SharpMUSH.Library.Models.SharpPlayer, *System.String: -1*, <null>, Announce)
  	Notify(SharpMUSH.Library.Models.SharpPlayer: SharpMUSH.Library.Models.SharpPlayer, *System.String: -1*, <null>, Announce)
  	Notify(SharpMUSH.Library.Models.SharpPlayer: SharpMUSH.Library.Models.SharpPlayer, *System.String: -1*, <null>, Announce)
  	Notify(SharpMUSH.Library.Models.SharpPlayer: SharpMUSH.Library.Models.SharpPlayer, *System.String: -1*, <null>, Announce)
  	Notify(SharpMUSH.Library.Models.SharpPlayer: SharpMUSH.Library.Models.SharpPlayer, *System.String: -1*, <null>, Announce)
  	Notify(SharpMUSH.Library.Models.SharpPlayer: SharpMUSH.Library.Models.SharpPlayer, *System.String: -1*, <null>, Announce)
  	Notify(SharpMUSH.Library.Models.SharpPlayer: SharpMUSH.Library.Models.SharpPlayer, *System.String: -1*, <null>, Announce)
  	Notify(SharpMUSH.Library.Models.SharpPlayer: SharpMUSH.Library.Models.SharpPlayer, *System.String: -1*, <null>, Announce)
  	Notify(SharpMUSH.Library.Models.SharpPlayer: SharpMUSH.Library.Models.SharpPlayer, *System.String: -1*, <null>, Announce)
  	Notify(SharpMUSH.Library.Models.SharpPlayer: SharpMUSH.Library.Models.SharpPlayer, *System.String: -1*, <null>, Announce)
  	Notify(SharpMUSH.Library.Models.SharpPlayer: SharpMUSH.Library.Models.SharpPlayer, *System.String: -1*, <null>, Announce)
  	Notify(SharpMUSH.Library.Models.SharpPlayer: SharpMUSH.Library.Models.SharpPlayer, *System.String: -1*, <null>, Announce)
  	Notify(SharpMUSH.Library.Models.SharpPlayer: SharpMUSH.Library.Models.SharpPlayer, *System.String: -1*, <null>, Announce)
  	Notify(SharpMUSH.Library.Models.SharpPlayer: SharpMUSH.Library.Models.SharpPlayer, *System.String: -1*, <null>, Announce)
  	Notify(SharpMUSH.Library.Models.SharpPlayer: SharpMUSH.Library.Models.SharpPlayer, *System.String: -1*, <null>, Announce)
  	Notify(SharpMUSH.Library.Models.SharpPlayer: SharpMUSH.Library.Models.SharpPlayer, *System.String: -1*, <null>, Announce)
  	Notify(SharpMUSH.Library.Models.SharpPlayer: SharpMUSH.Library.Models.SharpPlayer, *System.String: -1*, <null>, Announce)
  	Notify(SharpMUSH.Library.Models.SharpPlayer: SharpMUSH.Library.Models.SharpPlayer, *System.String: -1*, <null>, Announce)
  	Notify(SharpMUSH.Library.Models.SharpPlayer: SharpMUSH.Library.Models.SharpPlayer, *System.String: -1*, <null>, Announce)
  	Notify(SharpMUSH.Library.Models.SharpPlayer: SharpMUSH.Library.Models.SharpPlayer, *System.String: -1*, <null>, Announce)
  	Notify(SharpMUSH.Library.Models.SharpPlayer: SharpMUSH.Library.Models.SharpPlayer, *System.String: -1*, <null>, Announce)
  	Notify(SharpMUSH.Library.Models.SharpPlayer: SharpMUSH.Library.Models.SharpPlayer, *System.String: -1*, <null>, Announce)
  	Notify(SharpMUSH.Library.Models.SharpPlayer: SharpMUSH.Library.Models.SharpPlayer, *System.String: -1*, <null>, Announce)
  	Notify(SharpMUSH.Library.Models.SharpPlayer: SharpMUSH.Library.Models.SharpPlayer, *System.String: -1*, <null>, Announce)
  	Notify(SharpMUSH.Library.Models.SharpPlayer: SharpMUSH.Library.Models.SharpPlayer, *System.String: -1*, <null>, Announce)
  	Notify(SharpMUSH.Library.Models.SharpPlayer: SharpMUSH.Library.Models.SharpPlayer, *System.String: -1*, <null>, Announce)
  	Notify(SharpMUSH.Library.Models.SharpPlayer: SharpMUSH.Library.Models.SharpPlayer, *System.String: -1*, <null>, Announce)
  	Notify(SharpMUSH.Library.Models.SharpPlayer: SharpMUSH.Library.Models.SharpPlayer, *System.String: -1*, <null>, Announce)
  	Notify(SharpMUSH.Library.Models.SharpPlayer: SharpMUSH.Library.Models.SharpPlayer, *System.String: -1*, <null>, Announce)
  	Notify(SharpMUSH.Library.Models.SharpPlayer: SharpMUSH.Library.Models.SharpPlayer, *System.String: -1*, <null>, Announce)
  	Notify(SharpMUSH.Library.Models.SharpPlayer: SharpMUSH.Library.Models.SharpPlayer, *System.String: -1*, <null>, Announce)
  	Notify(SharpMUSH.Library.Models.SharpPlayer: SharpMUSH.Library.Models.SharpPlayer, *System.String: -1*, <null>, Announce)
  	Notify(SharpMUSH.Library.Models.SharpPlayer: SharpMUSH.Library.Models.SharpPlayer, *System.String: -1*, <null>, Announce)
  	Notify(SharpMUSH.Library.Models.SharpPlayer: SharpMUSH.Library.Models.SharpPlayer, *System.String: -1*, <null>, Announce)
  	Notify(SharpMUSH.Library.Models.SharpPlayer: SharpMUSH.Library.Models.SharpPlayer, *System.String: -1*, <null>, Announce)
  	Notify(SharpMUSH.Library.Models.SharpPlayer: SharpMUSH.Library.Models.SharpPlayer, *System.String: -1*, <null>, Announce)
  	Notify(SharpMUSH.Library.Models.SharpPlayer: SharpMUSH.Library.Models.SharpPlayer, *System.String: -1*, <null>, Announce)
  	Notify(SharpMUSH.Library.Models.SharpPlayer: SharpMUSH.Library.Models.SharpPlayer, *System.String: -1*, <null>, Announce)
  	Notify(SharpMUSH.Library.Models.SharpPlayer: SharpMUSH.Library.Models.SharpPlayer, *System.String: -1*, <null>, Announce)
  	Notify(SharpMUSH.Library.Models.SharpPlayer: SharpMUSH.Library.Models.SharpPlayer, *System.String: -1*, <null>, Announce)
  	Notify(SharpMUSH.Library.Models.SharpPlayer: SharpMUSH.Library.Models.SharpPlayer, *System.String: -1*, <null>, Announce)
  	Notify(SharpMUSH.Library.Models.SharpPlayer: SharpMUSH.Library.Models.SharpPlayer, *System.String: -1*, <null>, Announce)
  	Notify(SharpMUSH.Library.Models.SharpPlayer: SharpMUSH.Library.Models.SharpPlayer, *System.String: -1*, <null>, Announce)
  	Notify(SharpMUSH.Library.Models.SharpPlayer: SharpMUSH.Library.Models.SharpPlayer, *System.String: -1*, <null>, Announce)
  	Notify(SharpMUSH.Library.Models.SharpPlayer: SharpMUSH.Library.Models.SharpPlayer, *System.String: -1*, <null>, Announce)
  	Notify(SharpMUSH.Library.Models.SharpPlayer: SharpMUSH.Library.Models.SharpPlayer, *System.String: -1*, <null>, Announce)
  	Notify(SharpMUSH.Library.Models.SharpPlayer: SharpMUSH.Library.Models.SharpPlayer, *System.String: -1*, <null>, Announce)
  	Notify(SharpMUSH.Library.Models.SharpPlayer: SharpMUSH.Library.Models.SharpPlayer, *System.String: -1*, <null>, Announce)
  	Notify(SharpMUSH.Library.Models.SharpPlayer: SharpMUSH.Library.Models.SharpPlayer, *System.String: -1*, <null>, Announce)
  	Notify(SharpMUSH.Library.Models.SharpPlayer: SharpMUSH.Library.Models.SharpPlayer, *System.String: -1*, <null>, Announce)
  	Notify(SharpMUSH.Library.Models.SharpPlayer: SharpMUSH.Library.Models.SharpPlayer, *System.String: -1*, <null>, Announce)
  	Notify(SharpMUSH.Library.Models.SharpPlayer: SharpMUSH.Library.Models.SharpPlayer, *System.String: -1*, <null>, Announce)
  	Notify(SharpMUSH.Library.Models.SharpPlayer: SharpMUSH.Library.Models.SharpPlayer, *System.String: -1*, <null>, Announce)
  	Notify(SharpMUSH.Library.Models.SharpPlayer: SharpMUSH.Library.Models.SharpPlayer, *System.String: -1*, <null>, Announce)
  	Notify(SharpMUSH.Library.Models.SharpPlayer: SharpMUSH.Library.Models.SharpPlayer, *System.String: -1*, <null>, Announce)
  	Notify(SharpMUSH.Library.Models.SharpPlayer: SharpMUSH.Library.Models.SharpPlayer, *System.String: -1*, <null>, Announce)
  	Notify(SharpMUSH.Library.Models.SharpPlayer: SharpMUSH.Library.Models.SharpPlayer, *System.String: -1*, <null>, Announce)
  	Notify(SharpMUSH.Library.Models.SharpPlayer: SharpMUSH.Library.Models.SharpPlayer, *System.String: -1*, <null>, Announce)
  	Notify(SharpMUSH.Library.Models.SharpPlayer: SharpMUSH.Library.Models.SharpPlayer, *System.String: -1*, <null>, Announce)
  	Notify(SharpMUSH.Library.Models.SharpPlayer: SharpMUSH.Library.Models.SharpPlayer, *System.String: -1*, <null>, Announce)
  	Notify(SharpMUSH.Library.Models.SharpPlayer: SharpMUSH.Library.Models.SharpPlayer, *System.String: -1*, <null>, Announce)
  	Notify(SharpMUSH.Library.Models.SharpPlayer: SharpMUSH.Library.Models.SharpPlayer, *System.String: -1*, <null>, Announce)
  	Notify(SharpMUSH.Library.Models.SharpPlayer: SharpMUSH.Library.Models.SharpPlayer, *System.String: -1*, <null>, Announce)
  	Notify(SharpMUSH.Library.Models.SharpPlayer: SharpMUSH.Library.Models.SharpPlayer, *System.String: -1*, <null>, Announce)
  	Notify(SharpMUSH.Library.Models.SharpPlayer: SharpMUSH.Library.Models.SharpPlayer, *System.String: -1*, <null>, Announce)
  	Notify(SharpMUSH.Library.Models.SharpPlayer: SharpMUSH.Library.Models.SharpPlayer, *System.String: -1*, <null>, Announce)
  	Notify(SharpMUSH.Library.Models.SharpPlayer: SharpMUSH.Library.Models.SharpPlayer, *System.String: -1*, <null>, Announce)
  	Notify(SharpMUSH.Library.Models.SharpPlayer: SharpMUSH.Library.Models.SharpPlayer, *System.String: -1*, <null>, Announce)
  	Notify(SharpMUSH.Library.Models.SharpPlayer: SharpMUSH.Library.Models.SharpPlayer, *System.String: -1*, <null>, Announce)
  	Notify(SharpMUSH.Library.Models.SharpPlayer: SharpMUSH.Library.Models.SharpPlayer, *System.String: -1*, <null>, Announce)
  	Notify(SharpMUSH.Library.Models.SharpPlayer: SharpMUSH.Library.Models.SharpPlayer, *System.String: -1*, <null>, Announce)
  	Notify(SharpMUSH.Library.Models.SharpPlayer: SharpMUSH.Library.Models.SharpPlayer, *System.String: -1*, <null>, Announce)
  	Notify(SharpMUSH.Library.Models.SharpPlayer: SharpMUSH.Library.Models.SharpPlayer, *System.String: -1*, <null>, Announce)
  	Notify(SharpMUSH.Library.Models.SharpPlayer: SharpMUSH.Library.Models.SharpPlayer, *System.String: -1*, <null>, Announce)
  	Notify(SharpMUSH.Library.Models.SharpPlayer: SharpMUSH.Library.Models.SharpPlayer, *System.String: -1*, <null>, Announce)
  	Notify(SharpMUSH.Library.Models.SharpPlayer: SharpMUSH.Library.Models.SharpPlayer, *System.String: -1*, <null>, Announce)
  	Notify(SharpMUSH.Library.Models.SharpPlayer: SharpMUSH.Library.Models.SharpPlayer, *System.String: -1*, <null>, Announce)
  	Notify(SharpMUSH.Library.Models.SharpPlayer: SharpMUSH.Library.Models.SharpPlayer, *System.String: -1*, <null>, Announce)
  	Notify(SharpMUSH.Library.Models.SharpPlayer: SharpMUSH.Library.Models.SharpPlayer, *System.String: -1*, <null>, Announce)
  	Notify(SharpMUSH.Library.Models.SharpPlayer: SharpMUSH.Library.Models.SharpPlayer, *System.String: -1*, <null>, Announce)
  	Notify(SharpMUSH.Library.Models.SharpPlayer: SharpMUSH.Library.Models.SharpPlayer, *System.String: -1*, <null>, Announce)
  	Notify(SharpMUSH.Library.Models.SharpPlayer: SharpMUSH.Library.Models.SharpPlayer, *System.String: -1*, <null>, Announce)
  	Notify(SharpMUSH.Library.Models.SharpPlayer: SharpMUSH.Library.Models.SharpPlayer, *System.String: -1*, <null>, Announce)
  	Notify(SharpMUSH.Library.Models.SharpPlayer: SharpMUSH.Library.Models.SharpPlayer, *System.String: -1*, <null>, Announce)
  	Notify(SharpMUSH.Library.Models.SharpPlayer: SharpMUSH.Library.Models.SharpPlayer, *System.String: -1*, <null>, Announce)
  	Notify(SharpMUSH.Library.Models.SharpPlayer: SharpMUSH.Library.Models.SharpPlayer, *System.String: -1*, <null>, Announce)
  	Notify(SharpMUSH.Library.Models.SharpPlayer: SharpMUSH.Library.Models.SharpPlayer, *System.String: -1*, <null>, Announce)
  	Notify(SharpMUSH.Library.Models.SharpPlayer: SharpMUSH.Library.Models.SharpPlayer, *System.String: -1*, <null>, Announce)
  	Notify(SharpMUSH.Library.Models.SharpPlayer: SharpMUSH.Library.Models.SharpPlayer, *System.String: -1*, <null>, Announce)
  	Notify(SharpMUSH.Library.Models.SharpPlayer: SharpMUSH.Library.Models.SharpPlayer, *System.String: -1*, <null>, Announce)
  	Notify(SharpMUSH.Library.Models.SharpPlayer: SharpMUSH.Library.Models.SharpPlayer, *System.String: -1*, <null>, Announce)
  	Notify(SharpMUSH.Library.Models.SharpPlayer: SharpMUSH.Library.Models.SharpPlayer, *System.String: -1*, <null>, Announce)
  	Notify(SharpMUSH.Library.Models.SharpPlayer: SharpMUSH.Library.Models.SharpPlayer, *System.String: -1*, <null>, Announce)
  	Notify(SharpMUSH.Library.Models.SharpPlayer: SharpMUSH.Library.Models.SharpPlayer, *System.String: -1*, <null>, Announce)
  	Notify(SharpMUSH.Library.Models.SharpPlayer: SharpMUSH.Library.Models.SharpPlayer, *System.String: -1*, <null>, Announce)
  	Notify(SharpMUSH.Library.Models.SharpPlayer: SharpMUSH.Library.Models.SharpPlayer, *System.String: -1*, <null>, Announce)
  	Notify(SharpMUSH.Library.Models.SharpPlayer: SharpMUSH.Library.Models.SharpPlayer, *System.String: -1*, <null>, Announce)
  	Notify(SharpMUSH.Library.Models.SharpPlayer: SharpMUSH.Library.Models.SharpPlayer, *System.String: -1*, <null>, Announce)
  	Notify(SharpMUSH.Library.Models.SharpPlayer: SharpMUSH.Library.Models.SharpPlayer, *System.String: -1*, <null>, Announce)
  	Notify(SharpMUSH.Library.Models.SharpPlayer: SharpMUSH.Library.Models.SharpPlayer, *System.String: -1*, <null>, Announce)
  	Notify(SharpMUSH.Library.Models.SharpPlayer: SharpMUSH.Library.Models.SharpPlayer, *System.String: -1*, <null>, Announce)
  	Notify(SharpMUSH.Library.Models.SharpPlayer: SharpMUSH.Library.Models.SharpPlayer, *System.String: -1*, <null>, Announce)
  	Notify(SharpMUSH.Library.Models.SharpPlayer: SharpMUSH.Library.Models.SharpPlayer, *System.String: -1*, <null>, Announce)
  	Notify(SharpMUSH.Library.Models.SharpPlayer: SharpMUSH.Library.Models.SharpPlayer, *System.String: -1*, <null>, Announce)
  	Notify(SharpMUSH.Library.Models.SharpPlayer: SharpMUSH.Library.Models.SharpPlayer, *System.String: -1*, <null>, Announce)
  	Notify(SharpMUSH.Library.Models.SharpPlayer: SharpMUSH.Library.Models.SharpPlayer, *System.String: -1*, <null>, Announce)
  	Notify(SharpMUSH.Library.Models.SharpPlayer: SharpMUSH.Library.Models.SharpPlayer, *System.String: -1*, <null>, Announce)
  	Notify(SharpMUSH.Library.Models.SharpPlayer: SharpMUSH.Library.Models.SharpPlayer, *System.String: -1*, <null>, Announce)
  	Notify(SharpMUSH.Library.Models.SharpPlayer: SharpMUSH.Library.Models.SharpPlayer, *System.String: -1*, <null>, Announce)
  	Notify(SharpMUSH.Library.Models.SharpPlayer: SharpMUSH.Library.Models.SharpPlayer, *System.String: -1*, <null>, Announce)
  	Notify(SharpMUSH.Library.Models.SharpPlayer: SharpMUSH.Library.Models.SharpPlayer, *System.String: -1*, <null>, Announce)
  	Notify(SharpMUSH.Library.Models.SharpPlayer: SharpMUSH.Library.Models.SharpPlayer, *System.String: -1*, <null>, Announce)
  	Notify(SharpMUSH.Library.Models.SharpPlayer: SharpMUSH.Library.Models.SharpPlayer, *System.String: -1*, <null>, Announce)
  	Notify(SharpMUSH.Library.Models.SharpPlayer: SharpMUSH.Library.Models.SharpPlayer, *System.String: -1*, <null>, Announce)
  	Notify(SharpMUSH.Library.Models.SharpPlayer: SharpMUSH.Library.Models.SharpPlayer, *System.String: -1*, <null>, Announce)
  	Notify(SharpMUSH.Library.Models.SharpPlayer: SharpMUSH.Library.Models.SharpPlayer, *System.String: -1*, <null>, Announce)
  	Notify(SharpMUSH.Library.Models.SharpPlayer: SharpMUSH.Library.Models.SharpPlayer, *System.String: -1*, <null>, Announce)
  	Notify(SharpMUSH.Library.Models.SharpPlayer: SharpMUSH.Library.Models.SharpPlayer, *System.String: -1*, <null>, Announce)
  	Notify(SharpMUSH.Library.Models.SharpPlayer: SharpMUSH.Library.Models.SharpPlayer, *System.String: -1*, <null>, Announce)
  	Notify(SharpMUSH.Library.Models.SharpPlayer: SharpMUSH.Library.Models.SharpPlayer, *System.String: -1*, <null>, Announce)
  	Notify(SharpMUSH.Library.Models.SharpPlayer: SharpMUSH.Library.Models.SharpPlayer, *System.String: -1*, <null>, Announce)
  	Notify(SharpMUSH.Library.Models.SharpPlayer: SharpMUSH.Library.Models.SharpPlayer, *System.String: -1*, <null>, Announce)
  	Notify(SharpMUSH.Library.Models.SharpPlayer: SharpMUSH.Library.Models.SharpPlayer, *System.String: -1*, <null>, Announce)
  	Notify(SharpMUSH.Library.Models.SharpPlayer: SharpMUSH.Library.Models.SharpPlayer, *System.String: -1*, <null>, Announce)
  	Notify(SharpMUSH.Library.Models.SharpPlayer: SharpMUSH.Library.Models.SharpPlayer, *System.String: -1*, <null>, Announce)
  	Notify(SharpMUSH.Library.Models.SharpPlayer: SharpMUSH.Library.Models.SharpPlayer, *System.String: -1*, <null>, Announce)
  	Notify(SharpMUSH.Library.Models.SharpPlayer: SharpMUSH.Library.Models.SharpPlayer, *System.String: -1*, <null>, Announce)
  	Notify(SharpMUSH.Library.Models.SharpPlayer: SharpMUSH.Library.Models.SharpPlayer, *System.String: -1*, <null>, Announce)
  	Notify(SharpMUSH.Library.Models.SharpPlayer: SharpMUSH.Library.Models.SharpPlayer, *System.String: -1*, <null>, Announce)
  	Notify(SharpMUSH.Library.Models.SharpPlayer: SharpMUSH.Library.Models.SharpPlayer, *System.String: -1*, <null>, Announce)
  	Notify(SharpMUSH.Library.Models.SharpPlayer: SharpMUSH.Library.Models.SharpPlayer, *System.String: -1*, <null>, Announce)
  	Notify(SharpMUSH.Library.Models.SharpPlayer: SharpMUSH.Library.Models.SharpPlayer, *System.String: -1*, <null>, Announce)
  	Notify(SharpMUSH.Library.Models.SharpPlayer: SharpMUSH.Library.Models.SharpPlayer, *System.String: -1*, <null>, Announce)
  	Notify(SharpMUSH.Library.Models.SharpPlayer: SharpMUSH.Library.Models.SharpPlayer, *System.String: -1*, <null>, Announce)
  	Notify(SharpMUSH.Library.Models.SharpPlayer: SharpMUSH.Library.Models.SharpPlayer, *System.String: -1*, <null>, Announce)
  	Notify(SharpMUSH.Library.Models.SharpPlayer: SharpMUSH.Library.Models.SharpPlayer, *System.String: -1*, <null>, Announce)
  	Notify(SharpMUSH.Library.Models.SharpPlayer: SharpMUSH.Library.Models.SharpPlayer, *System.String: -1*, <null>, Announce)
  	Notify(SharpMUSH.Library.Models.SharpPlayer: SharpMUSH.Library.Models.SharpPlayer, *System.String: -1*, <null>, Announce)
  	Notify(SharpMUSH.Library.Models.SharpPlayer: SharpMUSH.Library.Models.SharpPlayer, *System.String: -1*, <null>, Announce)
  	Notify(SharpMUSH.Library.Models.SharpPlayer: SharpMUSH.Library.Models.SharpPlayer, *System.String: -1*, <null>, Announce)
  	Notify(SharpMUSH.Library.Models.SharpPlayer: SharpMUSH.Library.Models.SharpPlayer, *System.String: -1*, <null>, Announce)
  	Notify(SharpMUSH.Library.Models.SharpPlayer: SharpMUSH.Library.Models.SharpPlayer, *System.String: -1*, <null>, Announce)
  	Notify(SharpMUSH.Library.Models.SharpPlayer: SharpMUSH.Library.Models.SharpPlayer, *System.String: -1*, <null>, Announce)
  	Notify(SharpMUSH.Library.Models.SharpPlayer: SharpMUSH.Library.Models.SharpPlayer, *System.String: -1*, <null>, Announce)
  	Notify(SharpMUSH.Library.Models.SharpPlayer: SharpMUSH.Library.Models.SharpPlayer, *System.String: -1*, <null>, Announce)
  	Notify(SharpMUSH.Library.Models.SharpPlayer: SharpMUSH.Library.Models.SharpPlayer, *System.String: -1*, <null>, Announce)
  	Notify(SharpMUSH.Library.Models.SharpPlayer: SharpMUSH.Library.Models.SharpPlayer, *System.String: -1*, <null>, Announce)
  	Notify(SharpMUSH.Library.Models.SharpPlayer: SharpMUSH.Library.Models.SharpPlayer, *System.String: -1*, <null>, Announce)
  	Notify(SharpMUSH.Library.Models.SharpPlayer: SharpMUSH.Library.Models.SharpPlayer, *System.String: -1*, <null>, Announce)
  	Notify(SharpMUSH.Library.Models.SharpPlayer: SharpMUSH.Library.Models.SharpPlayer, *System.String: -1*, <null>, Announce)
  	Notify(SharpMUSH.Library.Models.SharpPlayer: SharpMUSH.Library.Models.SharpPlayer, *System.String: -1*, <null>, Announce)
  	Notify(SharpMUSH.Library.Models.SharpPlayer: SharpMUSH.Library.Models.SharpPlayer, *System.String: -1*, <null>, Announce)
  	Notify(SharpMUSH.Library.Models.SharpPlayer: SharpMUSH.Library.Models.SharpPlayer, *System.String: -1*, <null>, Announce)
  	Notify(SharpMUSH.Library.Models.SharpPlayer: SharpMUSH.Library.Models.SharpPlayer, *System.String: -1*, <null>, Announce)
  	Notify(SharpMUSH.Library.Models.SharpPlayer: SharpMUSH.Library.Models.SharpPlayer, *System.String: -1*, <null>, Announce)
  	Notify(SharpMUSH.Library.Models.SharpPlayer: SharpMUSH.Library.Models.SharpPlayer, *System.String: -1*, <null>, Announce)
  	Notify(SharpMUSH.Library.Models.SharpPlayer: SharpMUSH.Library.Models.SharpPlayer, *System.String: -1*, <null>, Announce)
  	Notify(SharpMUSH.Library.Models.SharpPlayer: SharpMUSH.Library.Models.SharpPlayer, *System.String: -1*, <null>, Announce)
  	Notify(SharpMUSH.Library.Models.SharpPlayer: SharpMUSH.Library.Models.SharpPlayer, *System.String: -1*, <null>, Announce)
  	Notify(SharpMUSH.Library.Models.SharpPlayer: SharpMUSH.Library.Models.SharpPlayer, *System.String: -1*, <null>, Announce)
  	Notify(SharpMUSH.Library.Models.SharpPlayer: SharpMUSH.Library.Models.SharpPlayer, *System.String: -1*, <null>, Announce)
  	Notify(SharpMUSH.Library.Models.SharpPlayer: SharpMUSH.Library.Models.SharpPlayer, *System.String: -1*, <null>, Announce)
  	Notify(SharpMUSH.Library.Models.SharpPlayer: SharpMUSH.Library.Models.SharpPlayer, *System.String: -1*, <null>, Announce)
  	Notify(SharpMUSH.Library.Models.SharpPlayer: SharpMUSH.Library.Models.SharpPlayer, *System.String: -1*, <null>, Announce)
  	Notify(SharpMUSH.Library.Models.SharpPlayer: SharpMUSH.Library.Models.SharpPlayer, *System.String: -1*, <null>, Announce)
  	Notify(SharpMUSH.Library.Models.SharpPlayer: SharpMUSH.Library.Models.SharpPlayer, *System.String: -1*, <null>, Announce)
  	Notify(SharpMUSH.Library.Models.SharpPlayer: SharpMUSH.Library.Models.SharpPlayer, *System.String: -1*, <null>, Announce)
  	Notify(SharpMUSH.Library.Models.SharpPlayer: SharpMUSH.Library.Models.SharpPlayer, *System.String: -1*, <null>, Announce)
  	Notify(SharpMUSH.Library.Models.SharpPlayer: SharpMUSH.Library.Models.SharpPlayer, *System.String: -1*, <null>, Announce)
  	Notify(SharpMUSH.Library.Models.SharpPlayer: SharpMUSH.Library.Models.SharpPlayer, *System.String: -1*, <null>, Announce)
  	Notify(SharpMUSH.Library.Models.SharpPlayer: SharpMUSH.Library.Models.SharpPlayer, *System.String: -1*, <null>, Announce)
  	Notify(SharpMUSH.Library.Models.SharpPlayer: SharpMUSH.Library.Models.SharpPlayer, *System.String: -1*, <null>, Announce)
  	Notify(SharpMUSH.Library.Models.SharpPlayer: SharpMUSH.Library.Models.SharpPlayer, *System.String: -1*, <null>, Announce)
  	Notify(SharpMUSH.Library.Models.SharpPlayer: SharpMUSH.Library.Models.SharpPlayer, *System.String: -1*, <null>, Announce)
  	Notify(SharpMUSH.Library.Models.SharpPlayer: SharpMUSH.Library.Models.SharpPlayer, *System.String: -1*, <null>, Announce)
  	Notify(SharpMUSH.Library.Models.SharpPlayer: SharpMUSH.Library.Models.SharpPlayer, *System.String: -1*, <null>, Announce)
  	Notify(SharpMUSH.Library.Models.SharpPlayer: SharpMUSH.Library.Models.SharpPlayer, *System.String: -1*, <null>, Announce)
  	Notify(SharpMUSH.Library.Models.SharpPlayer: SharpMUSH.Library.Models.SharpPlayer, *System.String: -1*, <null>, Announce)
  	Notify(SharpMUSH.Library.Models.SharpPlayer: SharpMUSH.Library.Models.SharpPlayer, *System.String: -1*, <null>, Announce)
  	Notify(SharpMUSH.Library.Models.SharpPlayer: SharpMUSH.Library.Models.SharpPlayer, *System.String: -1*, <null>, Announce)
  	Notify(SharpMUSH.Library.Models.SharpPlayer: SharpMUSH.Library.Models.SharpPlayer, *System.String: -1*, <null>, Announce)
  	Notify(SharpMUSH.Library.Models.SharpPlayer: SharpMUSH.Library.Models.SharpPlayer, *System.String: -1*, <null>, Announce)
  	Notify(SharpMUSH.Library.Models.SharpPlayer: SharpMUSH.Library.Models.SharpPlayer, *System.String: -1*, <null>, Announce)
  	Notify(SharpMUSH.Library.Models.SharpPlayer: SharpMUSH.Library.Models.SharpPlayer, *System.String: -1*, <null>, Announce)
  	Notify(SharpMUSH.Library.Models.SharpPlayer: SharpMUSH.Library.Models.SharpPlayer, *System.String: -1*, <null>, Announce)
  	Notify(SharpMUSH.Library.Models.SharpPlayer: SharpMUSH.Library.Models.SharpPlayer, *System.String: -1*, <null>, Announce)
  	Notify(SharpMUSH.Library.Models.SharpPlayer: SharpMUSH.Library.Models.SharpPlayer, *System.String: -1*, <null>, Announce)
  	Notify(SharpMUSH.Library.Models.SharpPlayer: SharpMUSH.Library.Models.SharpPlayer, *System.String: -1*, <null>, Announce)
  	Notify(SharpMUSH.Library.Models.SharpPlayer: SharpMUSH.Library.Models.SharpPlayer, *System.String: -1*, <null>, Announce)
  	Notify(SharpMUSH.Library.Models.SharpPlayer: SharpMUSH.Library.Models.SharpPlayer, *System.String: -1*, <null>, Announce)
  	Notify(SharpMUSH.Library.Models.SharpPlayer: SharpMUSH.Library.Models.SharpPlayer, *System.String: -1*, <null>, Announce)
  	Notify(SharpMUSH.Library.Models.SharpPlayer: SharpMUSH.Library.Models.SharpPlayer, *System.String: -1*, <null>, Announce)
  	Notify(SharpMUSH.Library.Models.SharpPlayer: SharpMUSH.Library.Models.SharpPlayer, *System.String: -1*, <null>, Announce)
  	Notify(SharpMUSH.Library.Models.SharpPlayer: SharpMUSH.Library.Models.SharpPlayer, *System.String: -1*, <null>, Announce)
  	Notify(SharpMUSH.Library.Models.SharpPlayer: SharpMUSH.Library.Models.SharpPlayer, *System.String: -1*, <null>, Announce)
  	Notify(SharpMUSH.Library.Models.SharpPlayer: SharpMUSH.Library.Models.SharpPlayer, *System.String: -1*, <null>, Announce)
  	Notify(SharpMUSH.Library.Models.SharpPlayer: SharpMUSH.Library.Models.SharpPlayer, *System.String: -1*, <null>, Announce)
  	Notify(SharpMUSH.Library.Models.SharpPlayer: SharpMUSH.Library.Models.SharpPlayer, *System.String: -1*, <null>, Announce)
  	Notify(SharpMUSH.Library.Models.SharpPlayer: SharpMUSH.Library.Models.SharpPlayer, *System.String: -1*, <null>, Announce)
  	Notify(SharpMUSH.Library.Models.SharpPlayer: SharpMUSH.Library.Models.SharpPlayer, *System.String: -1*, <null>, Announce)
  	Notify(SharpMUSH.Library.Models.SharpPlayer: SharpMUSH.Library.Models.SharpPlayer, *System.String: -1*, <null>, Announce)
  	Notify(SharpMUSH.Library.Models.SharpPlayer: SharpMUSH.Library.Models.SharpPlayer, *System.String: -1*, <null>, Announce)
  	Notify(SharpMUSH.Library.Models.SharpPlayer: SharpMUSH.Library.Models.SharpPlayer, *System.String: -1*, <null>, Announce)
  	Notify(SharpMUSH.Library.Models.SharpPlayer: SharpMUSH.Library.Models.SharpPlayer, *System.String: -1*, <null>, Announce)
  	Notify(SharpMUSH.Library.Models.SharpPlayer: SharpMUSH.Library.Models.SharpPlayer, *System.String: -1*, <null>, Announce)
  	Notify(SharpMUSH.Library.Models.SharpPlayer: SharpMUSH.Library.Models.SharpPlayer, *System.String: -1*, <null>, Announce)
  	Notify(SharpMUSH.Library.Models.SharpPlayer: SharpMUSH.Library.Models.SharpPlayer, *System.String: -1*, <null>, Announce)
  	Notify(SharpMUSH.Library.Models.SharpPlayer: SharpMUSH.Library.Models.SharpPlayer, *System.String: -1*, <null>, Announce)
  	Notify(SharpMUSH.Library.Models.SharpPlayer: SharpMUSH.Library.Models.SharpPlayer, *System.String: -1*, <null>, Announce)
  	Notify(SharpMUSH.Library.Models.SharpPlayer: SharpMUSH.Library.Models.SharpPlayer, *System.String: -1*, <null>, Announce)
  	Notify(SharpMUSH.Library.Models.SharpPlayer: SharpMUSH.Library.Models.SharpPlayer, *System.String: -1*, <null>, Announce)
  	Notify(SharpMUSH.Library.Models.SharpPlayer: SharpMUSH.Library.Models.SharpPlayer, *System.String: -1*, <null>, Announce)
  	Notify(SharpMUSH.Library.Models.SharpPlayer: SharpMUSH.Library.Models.SharpPlayer, *System.String: -1*, <null>, Announce)
  	Notify(SharpMUSH.Library.Models.SharpPlayer: SharpMUSH.Library.Models.SharpPlayer, *System.String: -1*, <null>, Announce)
  	Notify(SharpMUSH.Library.Models.SharpPlayer: SharpMUSH.Library.Models.SharpPlayer, *System.String: -1*, <null>, Announce)
  	Notify(SharpMUSH.Library.Models.SharpPlayer: SharpMUSH.Library.Models.SharpPlayer, *System.String: -1*, <null>, Announce)
  	Notify(SharpMUSH.Library.Models.SharpPlayer: SharpMUSH.Library.Models.SharpPlayer, *System.String: -1*, <null>, Announce)
  	Notify(SharpMUSH.Library.Models.SharpPlayer: SharpMUSH.Library.Models.SharpPlayer, *System.String: -1*, <null>, Announce)
  	Notify(SharpMUSH.Library.Models.SharpPlayer: SharpMUSH.Library.Models.SharpPlayer, *System.String: -1*, <null>, Announce)
  	Notify(SharpMUSH.Library.Models.SharpPlayer: SharpMUSH.Library.Models.SharpPlayer, *System.String: -1*, <null>, Announce)
  	Notify(SharpMUSH.Library.Models.SharpPlayer: SharpMUSH.Library.Models.SharpPlayer, *System.String: -1*, <null>, Announce)
  	Notify(SharpMUSH.Library.Models.SharpPlayer: SharpMUSH.Library.Models.SharpPlayer, *System.String: -1*, <null>, Announce)
  	Notify(SharpMUSH.Library.Models.SharpPlayer: SharpMUSH.Library.Models.SharpPlayer, *System.String: -1*, <null>, Announce)
  	Notify(SharpMUSH.Library.Models.SharpPlayer: SharpMUSH.Library.Models.SharpPlayer, *System.String: -1*, <null>, Announce)
  	Notify(SharpMUSH.Library.Models.SharpPlayer: SharpMUSH.Library.Models.SharpPlayer, *System.String: -1*, <null>, Announce)
  	Notify(SharpMUSH.Library.Models.SharpPlayer: SharpMUSH.Library.Models.SharpPlayer, *System.String: -1*, <null>, Announce)
  	Notify(SharpMUSH.Library.Models.SharpPlayer: SharpMUSH.Library.Models.SharpPlayer, *System.String: -1*, <null>, Announce)
  	Notify(SharpMUSH.Library.Models.SharpPlayer: SharpMUSH.Library.Models.SharpPlayer, *System.String: -1*, <null>, Announce)
  	Notify(SharpMUSH.Library.Models.SharpPlayer: SharpMUSH.Library.Models.SharpPlayer, *System.String: -1*, <null>, Announce)
  	Notify(SharpMUSH.Library.Models.SharpPlayer: SharpMUSH.Library.Models.SharpPlayer, *System.String: -1*, <null>, Announce)
  	Notify(SharpMUSH.Library.Models.SharpPlayer: SharpMUSH.Library.Models.SharpPlayer, *System.String: -1*, <null>, Announce)
  	Notify(SharpMUSH.Library.Models.SharpPlayer: SharpMUSH.Library.Models.SharpPlayer, *System.String: -1*, <null>, Announce)
  	Notify(SharpMUSH.Library.Models.SharpPlayer: SharpMUSH.Library.Models.SharpPlayer, *System.String: -1*, <null>, Announce)
  	Notify(SharpMUSH.Library.Models.SharpPlayer: SharpMUSH.Library.Models.SharpPlayer, *System.String: -1*, <null>, Announce)
  	Notify(SharpMUSH.Library.Models.SharpPlayer: SharpMUSH.Library.Models.SharpPlayer, *System.String: -1*, <null>, Announce)
  	Notify(SharpMUSH.Library.Models.SharpPlayer: SharpMUSH.Library.Models.SharpPlayer, *System.String: -1*, <null>, Announce)
  	Notify(SharpMUSH.Library.Models.SharpPlayer: SharpMUSH.Library.Models.SharpPlayer, *System.String: -1*, <null>, Announce)
  	Notify(SharpMUSH.Library.Models.SharpPlayer: SharpMUSH.Library.Models.SharpPlayer, *System.String: -1*, <null>, Announce)
  	Notify(SharpMUSH.Library.Models.SharpPlayer: SharpMUSH.Library.Models.SharpPlayer, *System.String: -1*, <null>, Announce)
  	Notify(SharpMUSH.Library.Models.SharpPlayer: SharpMUSH.Library.Models.SharpPlayer, *System.String: -1*, <null>, Announce)
  	Notify(SharpMUSH.Library.Models.SharpPlayer: SharpMUSH.Library.Models.SharpPlayer, *System.String: -1*, <null>, Announce)
  	Notify(SharpMUSH.Library.Models.SharpPlayer: SharpMUSH.Library.Models.SharpPlayer, *System.String: -1*, <null>, Announce)
  	Notify(SharpMUSH.Library.Models.SharpPlayer: SharpMUSH.Library.Models.SharpPlayer, *System.String: -1*, <null>, Announce)
  	Notify(SharpMUSH.Library.Models.SharpPlayer: SharpMUSH.Library.Models.SharpPlayer, *System.String: -1*, <null>, Announce)
  	Notify(SharpMUSH.Library.Models.SharpPlayer: SharpMUSH.Library.Models.SharpPlayer, *System.String: -1*, <null>, Announce)
  	Notify(SharpMUSH.Library.Models.SharpPlayer: SharpMUSH.Library.Models.SharpPlayer, *System.String: -1*, <null>, Announce)
  	Notify(SharpMUSH.Library.Models.SharpPlayer: SharpMUSH.Library.Models.SharpPlayer, *System.String: -1*, <null>, Announce)
  	Notify(SharpMUSH.Library.Models.SharpPlayer: SharpMUSH.Library.Models.SharpPlayer, *System.String: -1*, <null>, Announce)
  	Notify(SharpMUSH.Library.Models.SharpPlayer: SharpMUSH.Library.Models.SharpPlayer, *System.String: -1*, <null>, Announce)
  	Notify(SharpMUSH.Library.Models.SharpPlayer: SharpMUSH.Library.Models.SharpPlayer, *System.String: -1*, <null>, Announce)
  	Notify(SharpMUSH.Library.Models.SharpPlayer: SharpMUSH.Library.Models.SharpPlayer, *System.String: -1*, <null>, Announce)
  	Notify(SharpMUSH.Library.Models.SharpPlayer: SharpMUSH.Library.Models.SharpPlayer, *System.String: -1*, <null>, Announce)
  	Notify(SharpMUSH.Library.Models.SharpPlayer: SharpMUSH.Library.Models.SharpPlayer, *System.String: -1*, <null>, Announce)
  	Notify(SharpMUSH.Library.Models.SharpPlayer: SharpMUSH.Library.Models.SharpPlayer, *System.String: -1*, <null>, Announce)
  	Notify(SharpMUSH.Library.Models.SharpPlayer: SharpMUSH.Library.Models.SharpPlayer, *System.String: -1*, <null>, Announce)
  	Notify(SharpMUSH.Library.Models.SharpPlayer: SharpMUSH.Library.Models.SharpPlayer, *System.String: -1*, <null>, Announce)
  	Notify(SharpMUSH.Library.Models.SharpPlayer: SharpMUSH.Library.Models.SharpPlayer, *System.String: -1*, <null>, Announce)
  	Notify(SharpMUSH.Library.Models.SharpPlayer: SharpMUSH.Library.Models.SharpPlayer, *System.String: -1*, <null>, Announce)
  	Notify(SharpMUSH.Library.Models.SharpPlayer: SharpMUSH.Library.Models.SharpPlayer, *System.String: -1*, <null>, Announce)
  	Notify(SharpMUSH.Library.Models.SharpPlayer: SharpMUSH.Library.Models.SharpPlayer, *System.String: -1*, <null>, Announce)
  	Notify(SharpMUSH.Library.Models.SharpPlayer: SharpMUSH.Library.Models.SharpPlayer, *System.String: -1*, <null>, Announce)
  	Notify(SharpMUSH.Library.Models.SharpPlayer: SharpMUSH.Library.Models.SharpPlayer, *System.String: -1*, <null>, Announce)
  	Notify(SharpMUSH.Library.Models.SharpPlayer: SharpMUSH.Library.Models.SharpPlayer, *System.String: -1*, <null>, Announce)
  	Notify(SharpMUSH.Library.Models.SharpPlayer: SharpMUSH.Library.Models.SharpPlayer, *System.String: -1*, <null>, Announce)
  	Notify(SharpMUSH.Library.Models.SharpPlayer: SharpMUSH.Library.Models.SharpPlayer, *System.String: -1*, <null>, Announce)
  	Notify(SharpMUSH.Library.Models.SharpPlayer: SharpMUSH.Library.Models.SharpPlayer, *System.String: -1*, <null>, Announce)
  	Notify(SharpMUSH.Library.Models.SharpPlayer: SharpMUSH.Library.Models.SharpPlayer, *System.String: -1*, <null>, Announce)
  	Notify(SharpMUSH.Library.Models.SharpPlayer: SharpMUSH.Library.Models.SharpPlayer, *System.String: -1*, <null>, Announce)
  	Notify(SharpMUSH.Library.Models.SharpPlayer: SharpMUSH.Library.Models.SharpPlayer, *System.String: -1*, <null>, Announce)
  	Notify(SharpMUSH.Library.Models.SharpPlayer: SharpMUSH.Library.Models.SharpPlayer, *System.String: -1*, <null>, Announce)
  	Notify(SharpMUSH.Library.Models.SharpPlayer: SharpMUSH.Library.Models.SharpPlayer, *System.String: -1*, <null>, Announce)
  	Notify(SharpMUSH.Library.Models.SharpPlayer: SharpMUSH.Library.Models.SharpPlayer, *System.String: -1*, <null>, Announce)
  	Notify(SharpMUSH.Library.Models.SharpPlayer: SharpMUSH.Library.Models.SharpPlayer, *System.String: -1*, <null>, Announce)
  	Notify(SharpMUSH.Library.Models.SharpPlayer: SharpMUSH.Library.Models.SharpPlayer, *System.String: -1*, <null>, Announce)
  	Notify(SharpMUSH.Library.Models.SharpPlayer: SharpMUSH.Library.Models.SharpPlayer, *System.String: -1*, <null>, Announce)
  	Notify(SharpMUSH.Library.Models.SharpPlayer: SharpMUSH.Library.Models.SharpPlayer, *System.String: -1*, <null>, Announce)
  	Notify(SharpMUSH.Library.Models.SharpPlayer: SharpMUSH.Library.Models.SharpPlayer, *System.String: -1*, <null>, Announce)
  	Notify(SharpMUSH.Library.Models.SharpPlayer: SharpMUSH.Library.Models.SharpPlayer, *System.String: -1*, <null>, Announce)
  	Notify(SharpMUSH.Library.Models.SharpPlayer: SharpMUSH.Library.Models.SharpPlayer, *System.String: -1*, <null>, Announce)
  	Notify(SharpMUSH.Library.Models.SharpPlayer: SharpMUSH.Library.Models.SharpPlayer, *System.String: -1*, <null>, Announce)
  	Notify(SharpMUSH.Library.Models.SharpPlayer: SharpMUSH.Library.Models.SharpPlayer, *System.String: -1*, <null>, Announce)
  	Notify(SharpMUSH.Library.Models.SharpPlayer: SharpMUSH.Library.Models.SharpPlayer, *System.String: -1*, <null>, Announce)
  	Notify(SharpMUSH.Library.Models.SharpPlayer: SharpMUSH.Library.Models.SharpPlayer, *System.String: -1*, <null>, Announce)
  	Notify(SharpMUSH.Library.Models.SharpPlayer: SharpMUSH.Library.Models.SharpPlayer, *System.String: -1*, <null>, Announce)
  	Notify(SharpMUSH.Library.Models.SharpPlayer: SharpMUSH.Library.Models.SharpPlayer, *System.String: -1*, <null>, Announce)
  	Notify(SharpMUSH.Library.Models.SharpPlayer: SharpMUSH.Library.Models.SharpPlayer, *System.String: -1*, <null>, Announce)
  	Notify(SharpMUSH.Library.Models.SharpPlayer: SharpMUSH.Library.Models.SharpPlayer, *System.String: -1*, <null>, Announce)
  	Notify(SharpMUSH.Library.Models.SharpPlayer: SharpMUSH.Library.Models.SharpPlayer, *System.String: -1*, <null>, Announce)
  	Notify(SharpMUSH.Library.Models.SharpPlayer: SharpMUSH.Library.Models.SharpPlayer, *System.String: -1*, <null>, Announce)
  	Notify(SharpMUSH.Library.Models.SharpPlayer: SharpMUSH.Library.Models.SharpPlayer, *System.String: -1*, <null>, Announce)
  	Notify(SharpMUSH.Library.Models.SharpPlayer: SharpMUSH.Library.Models.SharpPlayer, *System.String: -1*, <null>, Announce)
  	Notify(SharpMUSH.Library.Models.SharpPlayer: SharpMUSH.Library.Models.SharpPlayer, *System.String: -1*, <null>, Announce)
  	Notify(SharpMUSH.Library.Models.SharpPlayer: SharpMUSH.Library.Models.SharpPlayer, *System.String: -1*, <null>, Announce)
  	Notify(SharpMUSH.Library.Models.SharpPlayer: SharpMUSH.Library.Models.SharpPlayer, *System.String: -1*, <null>, Announce)
  	Notify(SharpMUSH.Library.Models.SharpPlayer: SharpMUSH.Library.Models.SharpPlayer, *System.String: -1*, <null>, Announce)
  	Notify(SharpMUSH.Library.Models.SharpPlayer: SharpMUSH.Library.Models.SharpPlayer, *System.String: -1*, <null>, Announce)
  	Notify(SharpMUSH.Library.Models.SharpPlayer: SharpMUSH.Library.Models.SharpPlayer, *System.String: -1*, <null>, Announce)
  	Notify(SharpMUSH.Library.Models.SharpPlayer: SharpMUSH.Library.Models.SharpPlayer, *System.String: -1*, <null>, Announce)
  	Notify(SharpMUSH.Library.Models.SharpPlayer: SharpMUSH.Library.Models.SharpPlayer, *System.String: -1*, <null>, Announce)
  	Notify(SharpMUSH.Library.Models.SharpPlayer: SharpMUSH.Library.Models.SharpPlayer, *System.String: -1*, <null>, Announce)
  	Notify(SharpMUSH.Library.Models.SharpPlayer: SharpMUSH.Library.Models.SharpPlayer, *System.String: -1*, <null>, Announce)
  	Notify(SharpMUSH.Library.Models.SharpPlayer: SharpMUSH.Library.Models.SharpPlayer, *System.String: -1*, <null>, Announce)
  	Notify(SharpMUSH.Library.Models.SharpPlayer: SharpMUSH.Library.Models.SharpPlayer, *System.String: -1*, <null>, Announce)
  	Notify(SharpMUSH.Library.Models.SharpPlayer: SharpMUSH.Library.Models.SharpPlayer, *System.String: -1*, <null>, Announce)
  	Notify(SharpMUSH.Library.Models.SharpPlayer: SharpMUSH.Library.Models.SharpPlayer, *System.String: -1*, <null>, Announce)
  	Notify(SharpMUSH.Library.Models.SharpPlayer: SharpMUSH.Library.Models.SharpPlayer, *System.String: -1*, <null>, Announce)
  	Notify(SharpMUSH.Library.Models.SharpPlayer: SharpMUSH.Library.Models.SharpPlayer, *System.String: -1*, <null>, Announce)
  	Notify(SharpMUSH.Library.Models.SharpPlayer: SharpMUSH.Library.Models.SharpPlayer, *System.String: -1*, <null>, Announce)
  	Notify(SharpMUSH.Library.Models.SharpPlayer: SharpMUSH.Library.Models.SharpPlayer, *System.String: -1*, <null>, Announce)
  	Notify(SharpMUSH.Library.Models.SharpPlayer: SharpMUSH.Library.Models.SharpPlayer, *System.String: -1*, <null>, Announce)
  	Notify(SharpMUSH.Library.Models.SharpPlayer: SharpMUSH.Library.Models.SharpPlayer, *System.String: -1*, <null>, Announce)
  	Notify(SharpMUSH.Library.Models.SharpPlayer: SharpMUSH.Library.Models.SharpPlayer, *System.String: -1*, <null>, Announce)
  	Notify(SharpMUSH.Library.Models.SharpPlayer: SharpMUSH.Library.Models.SharpPlayer, *System.String: -1*, <null>, Announce)
  	Notify(SharpMUSH.Library.Models.SharpPlayer: SharpMUSH.Library.Models.SharpPlayer, *System.String: -1*, <null>, Announce)
  	Notify(SharpMUSH.Library.Models.SharpPlayer: SharpMUSH.Library.Models.SharpPlayer, *System.String: -1*, <null>, Announce)
  	Notify(SharpMUSH.Library.Models.SharpPlayer: SharpMUSH.Library.Models.SharpPlayer, *System.String: -1*, <null>, Announce)
  	Notify(SharpMUSH.Library.Models.SharpPlayer: SharpMUSH.Library.Models.SharpPlayer, *System.String: -1*, <null>, Announce)
  	Notify(SharpMUSH.Library.Models.SharpPlayer: SharpMUSH.Library.Models.SharpPlayer, *System.String: -1*, <null>, Announce)
  	Notify(SharpMUSH.Library.Models.SharpPlayer: SharpMUSH.Library.Models.SharpPlayer, *System.String: -1*, <null>, Announce)
  	Notify(SharpMUSH.Library.Models.SharpPlayer: SharpMUSH.Library.Models.SharpPlayer, *System.String: -1*, <null>, Announce)
  	Notify(SharpMUSH.Library.Models.SharpPlayer: SharpMUSH.Library.Models.SharpPlayer, *System.String: -1*, <null>, Announce)
  	Notify(SharpMUSH.Library.Models.SharpPlayer: SharpMUSH.Library.Models.SharpPlayer, *System.String: -1*, <null>, Announce)
  	Notify(SharpMUSH.Library.Models.SharpPlayer: SharpMUSH.Library.Models.SharpPlayer, *System.String: -1*, <null>, Announce)
  	Notify(SharpMUSH.Library.Models.SharpPlayer: SharpMUSH.Library.Models.SharpPlayer, *System.String: -1*, <null>, Announce)
  	Notify(SharpMUSH.Library.Models.SharpPlayer: SharpMUSH.Library.Models.SharpPlayer, *System.String: -1*, <null>, Announce)
  	Notify(SharpMUSH.Library.Models.SharpPlayer: SharpMUSH.Library.Models.SharpPlayer, *System.String: -1*, <null>, Announce)
  	Notify(SharpMUSH.Library.Models.SharpPlayer: SharpMUSH.Library.Models.SharpPlayer, *System.String: -1*, <null>, Announce)
  	Notify(SharpMUSH.Library.Models.SharpPlayer: SharpMUSH.Library.Models.SharpPlayer, *System.String: -1*, <null>, Announce)
  	Notify(SharpMUSH.Library.Models.SharpPlayer: SharpMUSH.Library.Models.SharpPlayer, *System.String: -1*, <null>, Announce)
  	Notify(SharpMUSH.Library.Models.SharpPlayer: SharpMUSH.Library.Models.SharpPlayer, *System.String: -1*, <null>, Announce)
  	Notify(SharpMUSH.Library.Models.SharpPlayer: SharpMUSH.Library.Models.SharpPlayer, *System.String: -1*, <null>, Announce)
  	Notify(SharpMUSH.Library.Models.SharpPlayer: SharpMUSH.Library.Models.SharpPlayer, *System.String: -1*, <null>, Announce)
  	Notify(SharpMUSH.Library.Models.SharpPlayer: SharpMUSH.Library.Models.SharpPlayer, *System.String: -1*, <null>, Announce)
  	Notify(SharpMUSH.Library.Models.SharpPlayer: SharpMUSH.Library.Models.SharpPlayer, *System.String: -1*, <null>, Announce)
  	Notify(SharpMUSH.Library.Models.SharpPlayer: SharpMUSH.Library.Models.SharpPlayer, *System.String: -1*, <null>, Announce)
  	Notify(SharpMUSH.Library.Models.SharpPlayer: SharpMUSH.Library.Models.SharpPlayer, *System.String: -1*, <null>, Announce)
  	Notify(SharpMUSH.Library.Models.SharpPlayer: SharpMUSH.Library.Models.SharpPlayer, *System.String: -1*, <null>, Announce)
  	Notify(SharpMUSH.Library.Models.SharpPlayer: SharpMUSH.Library.Models.SharpPlayer, *System.String: -1*, <null>, Announce)
  	Notify(SharpMUSH.Library.Models.SharpPlayer: SharpMUSH.Library.Models.SharpPlayer, *System.String: -1*, <null>, Announce)
  	Notify(SharpMUSH.Library.Models.SharpPlayer: SharpMUSH.Library.Models.SharpPlayer, *System.String: -1*, <null>, Announce)
  	Notify(SharpMUSH.Library.Models.SharpPlayer: SharpMUSH.Library.Models.SharpPlayer, *System.String: -1*, <null>, Announce)
  	Notify(SharpMUSH.Library.Models.SharpPlayer: SharpMUSH.Library.Models.SharpPlayer, *System.String: -1*, <null>, Announce)
  	Notify(SharpMUSH.Library.Models.SharpPlayer: SharpMUSH.Library.Models.SharpPlayer, *System.String: -1*, <null>, Announce)
  	Notify(SharpMUSH.Library.Models.SharpPlayer: SharpMUSH.Library.Models.SharpPlayer, *System.String: -1*, <null>, Announce)
  	Notify(SharpMUSH.Library.Models.SharpPlayer: SharpMUSH.Library.Models.SharpPlayer, *System.String: -1*, <null>, Announce)
  	Notify(SharpMUSH.Library.Models.SharpPlayer: SharpMUSH.Library.Models.SharpPlayer, *System.String: -1*, <null>, Announce)
  	Notify(SharpMUSH.Library.Models.SharpPlayer: SharpMUSH.Library.Models.SharpPlayer, *System.String: -1*, <null>, Announce)
  	Notify(SharpMUSH.Library.Models.SharpPlayer: SharpMUSH.Library.Models.SharpPlayer, *System.String: -1*, <null>, Announce)
  	Notify(SharpMUSH.Library.Models.SharpPlayer: SharpMUSH.Library.Models.SharpPlayer, *System.String: -1*, <null>, Announce)
  	Notify(SharpMUSH.Library.Models.SharpPlayer: SharpMUSH.Library.Models.SharpPlayer, *System.String: -1*, <null>, Announce)
  	Notify(SharpMUSH.Library.Models.SharpPlayer: SharpMUSH.Library.Models.SharpPlayer, *System.String: -1*, <null>, Announce)
  	Notify(SharpMUSH.Library.Models.SharpPlayer: SharpMUSH.Library.Models.SharpPlayer, *System.String: -1*, <null>, Announce)
  	Notify(SharpMUSH.Library.Models.SharpPlayer: SharpMUSH.Library.Models.SharpPlayer, *System.String: -1*, <null>, Announce)
  	Notify(SharpMUSH.Library.Models.SharpPlayer: SharpMUSH.Library.Models.SharpPlayer, *System.String: -1*, <null>, Announce)
  	Notify(SharpMUSH.Library.Models.SharpPlayer: SharpMUSH.Library.Models.SharpPlayer, *System.String: -1*, <null>, Announce)
  	Notify(SharpMUSH.Library.Models.SharpPlayer: SharpMUSH.Library.Models.SharpPlayer, *System.String: -1*, <null>, Announce)
  	Notify(SharpMUSH.Library.Models.SharpPlayer: SharpMUSH.Library.Models.SharpPlayer, *System.String: -1*, <null>, Announce)
  	Notify(SharpMUSH.Library.Models.SharpPlayer: SharpMUSH.Library.Models.SharpPlayer, *System.String: -1*, <null>, Announce)
  	Notify(SharpMUSH.Library.Models.SharpPlayer: SharpMUSH.Library.Models.SharpPlayer, *System.String: -1*, <null>, Announce)
  	Notify(SharpMUSH.Library.Models.SharpPlayer: SharpMUSH.Library.Models.SharpPlayer, *System.String: -1*, <null>, Announce)
  	Notify(SharpMUSH.Library.Models.SharpPlayer: SharpMUSH.Library.Models.SharpPlayer, *System.String: -1*, <null>, Announce)
  	Notify(SharpMUSH.Library.Models.SharpPlayer: SharpMUSH.Library.Models.SharpPlayer, *System.String: -1*, <null>, Announce)
  	Notify(SharpMUSH.Library.Models.SharpPlayer: SharpMUSH.Library.Models.SharpPlayer, *System.String: -1*, <null>, Announce)
  	Notify(SharpMUSH.Library.Models.SharpPlayer: SharpMUSH.Library.Models.SharpPlayer, *System.String: -1*, <null>, Announce)
  	Notify(SharpMUSH.Library.Models.SharpPlayer: SharpMUSH.Library.Models.SharpPlayer, *System.String: -1*, <null>, Announce)
  	Notify(SharpMUSH.Library.Models.SharpPlayer: SharpMUSH.Library.Models.SharpPlayer, *System.String: -1*, <null>, Announce)
  	Notify(SharpMUSH.Library.Models.SharpPlayer: SharpMUSH.Library.Models.SharpPlayer, *System.String: -1*, <null>, Announce)
  	Notify(SharpMUSH.Library.Models.SharpPlayer: SharpMUSH.Library.Models.SharpPlayer, *System.String: -1*, <null>, Announce)
  	Notify(SharpMUSH.Library.Models.SharpPlayer: SharpMUSH.Library.Models.SharpPlayer, *System.String: -1*, <null>, Announce)
  	Notify(SharpMUSH.Library.Models.SharpPlayer: SharpMUSH.Library.Models.SharpPlayer, *System.String: -1*, <null>, Announce)
  	Notify(SharpMUSH.Library.Models.SharpPlayer: SharpMUSH.Library.Models.SharpPlayer, *System.String: -1*, <null>, Announce)
  	Notify(SharpMUSH.Library.Models.SharpPlayer: SharpMUSH.Library.Models.SharpPlayer, *System.String: -1*, <null>, Announce)
  	Notify(SharpMUSH.Library.Models.SharpPlayer: SharpMUSH.Library.Models.SharpPlayer, *System.String: -1*, <null>, Announce)
  	Notify(SharpMUSH.Library.Models.SharpPlayer: SharpMUSH.Library.Models.SharpPlayer, *System.String: -1*, <null>, Announce)
  	Notify(SharpMUSH.Library.Models.SharpPlayer: SharpMUSH.Library.Models.SharpPlayer, *System.String: -1*, <null>, Announce)
  	Notify(SharpMUSH.Library.Models.SharpPlayer: SharpMUSH.Library.Models.SharpPlayer, *System.String: -1*, <null>, Announce)
  	Notify(SharpMUSH.Library.Models.SharpPlayer: SharpMUSH.Library.Models.SharpPlayer, *System.String: -1*, <null>, Announce)
  	Notify(SharpMUSH.Library.Models.SharpPlayer: SharpMUSH.Library.Models.SharpPlayer, *System.String: -1*, <null>, Announce)
  	Notify(SharpMUSH.Library.Models.SharpPlayer: SharpMUSH.Library.Models.SharpPlayer, *System.String: -1*, <null>, Announce)
  	Notify(SharpMUSH.Library.Models.SharpPlayer: SharpMUSH.Library.Models.SharpPlayer, *System.String: -1*, <null>, Announce)
  	Notify(SharpMUSH.Library.Models.SharpPlayer: SharpMUSH.Library.Models.SharpPlayer, *System.String: -1*, <null>, Announce)
  	Notify(SharpMUSH.Library.Models.SharpPlayer: SharpMUSH.Library.Models.SharpPlayer, *System.String: -1*, <null>, Announce)
  	Notify(SharpMUSH.Library.Models.SharpPlayer: SharpMUSH.Library.Models.SharpPlayer, *System.String: Command1 Arg*, <null>, Announce)
  	Notify(SharpMUSH.Library.Models.SharpPlayer: SharpMUSH.Library.Models.SharpPlayer, *System.String: Command2 Arg*, <null>, Announce)
  	Notify(SharpMUSH.Library.Models.SharpPlayer: SharpMUSH.Library.Models.SharpPlayer, *System.String: 32*, <null>, Announce)
  	Notify(SharpMUSH.Library.Models.SharpPlayer: SharpMUSH.Library.Models.SharpPlayer, *System.String: [1;31mred[0m*, <null>, Announce)
  	Notify(SharpMUSH.Library.Models.SharpPlayer: SharpMUSH.Library.Models.SharpPlayer, *System.String: [1;32mgreen[0m*, <null>, Announce)
  	Notify(SharpMUSH.Library.Models.SharpPlayer: SharpMUSH.Library.Models.SharpPlayer, *System.String: 36*, <null>, Announce)
  	Notify(SharpMUSH.Library.Models.SharpPlayer: SharpMUSH.Library.Models.SharpPlayer, *System.String: 57*, <null>, Announce)
  	Notify(SharpMUSH.Library.Models.SharpPlayer: SharpMUSH.Library.Models.SharpPlayer, *System.String: Command3 Arg*, <null>, Announce)
  	Notify(SharpMUSH.Library.Models.SharpPlayer: SharpMUSH.Library.Models.SharpPlayer, *System.String: Command4 Arg.*, <null>, Announce)
  	Notify(SharpMUSH.Library.Models.SharpPlayer: SharpMUSH.Library.Models.SharpPlayer, *System.String: 34*, <null>, Announce)
  	Notify(SharpMUSH.Library.Models.SharpPlayer: SharpMUSH.Library.Models.SharpPlayer, *System.String: 55*, <null>, Announce)
  	Notify(SharpMUSH.Library.Models.SharpPlayer: SharpMUSH.Library.Models.SharpPlayer, *System.String: [add(1,2)]3*, <null>, Announce)
  	Notify(SharpMUSH.Library.Models.SharpPlayer: SharpMUSH.Library.Models.SharpPlayer, *System.String: 31*, <null>, Announce)
  	Notify(SharpMUSH.Library.Models.SharpPlayer: SharpMUSH.Library.Models.SharpPlayer, *System.String: Command1 Arg;think Command2 Arg*, <null>, Announce)
  	Notify(SharpMUSH.Library.Models.SharpPlayer: SharpMUSH.Library.Models.SharpPlayer, *System.String: Configuration Categories:*, <null>, Announce)
  	Notify(SharpMUSH.Library.Models.SharpPlayer: SharpMUSH.Library.Models.SharpPlayer, *System.String:   Attribute*, <null>, Announce)
  	Notify(SharpMUSH.Library.Models.SharpPlayer: SharpMUSH.Library.Models.SharpPlayer, *System.String:   Chat*, <null>, Announce)
  	Notify(SharpMUSH.Library.Models.SharpPlayer: SharpMUSH.Library.Models.SharpPlayer, *System.String:   Command*, <null>, Announce)
  	Notify(SharpMUSH.Library.Models.SharpPlayer: SharpMUSH.Library.Models.SharpPlayer, *System.String:   Compatibility*, <null>, Announce)
  	Notify(SharpMUSH.Library.Models.SharpPlayer: SharpMUSH.Library.Models.SharpPlayer, *System.String:   Cosmetic*, <null>, Announce)
  	Notify(SharpMUSH.Library.Models.SharpPlayer: SharpMUSH.Library.Models.SharpPlayer, *System.String:   Cost*, <null>, Announce)
  	Notify(SharpMUSH.Library.Models.SharpPlayer: SharpMUSH.Library.Models.SharpPlayer, *System.String:   Database*, <null>, Announce)
  	Notify(SharpMUSH.Library.Models.SharpPlayer: SharpMUSH.Library.Models.SharpPlayer, *System.String:   Dump*, <null>, Announce)
  	Notify(SharpMUSH.Library.Models.SharpPlayer: SharpMUSH.Library.Models.SharpPlayer, *System.String:   File*, <null>, Announce)
  	Notify(SharpMUSH.Library.Models.SharpPlayer: SharpMUSH.Library.Models.SharpPlayer, *System.String:   Flag*, <null>, Announce)
  	Notify(SharpMUSH.Library.Models.SharpPlayer: SharpMUSH.Library.Models.SharpPlayer, *System.String:   Function*, <null>, Announce)
  	Notify(SharpMUSH.Library.Models.SharpPlayer: SharpMUSH.Library.Models.SharpPlayer, *System.String:   Limit*, <null>, Announce)
  	Notify(SharpMUSH.Library.Models.SharpPlayer: SharpMUSH.Library.Models.SharpPlayer, *System.String:   Log*, <null>, Announce)
  	Notify(SharpMUSH.Library.Models.SharpPlayer: SharpMUSH.Library.Models.SharpPlayer, *System.String:   Message*, <null>, Announce)
  	Notify(SharpMUSH.Library.Models.SharpPlayer: SharpMUSH.Library.Models.SharpPlayer, *System.String:   Net*, <null>, Announce)
  	Notify(SharpMUSH.Library.Models.SharpPlayer: SharpMUSH.Library.Models.SharpPlayer, *System.String:   Debug*, <null>, Announce)
  	Notify(SharpMUSH.Library.Models.SharpPlayer: SharpMUSH.Library.Models.SharpPlayer, *System.String:   Alias*, <null>, Announce)
  	Notify(SharpMUSH.Library.Models.SharpPlayer: SharpMUSH.Library.Models.SharpPlayer, *System.String:   Restriction*, <null>, Announce)
  	Notify(SharpMUSH.Library.Models.SharpPlayer: SharpMUSH.Library.Models.SharpPlayer, *System.String:   BannedNames*, <null>, Announce)
  	Notify(SharpMUSH.Library.Models.SharpPlayer: SharpMUSH.Library.Models.SharpPlayer, *System.String:   SitelockRules*, <null>, Announce)
  	Notify(SharpMUSH.Library.Models.SharpPlayer: SharpMUSH.Library.Models.SharpPlayer, *System.String:   Warning*, <null>, Announce)
  	Notify(SharpMUSH.Library.Models.SharpPlayer: SharpMUSH.Library.Models.SharpPlayer, *System.String:   TextFile*, <null>, Announce)
  	Notify(SharpMUSH.Library.Models.SharpPlayer: SharpMUSH.Library.Models.SharpPlayer, *System.String: Use '@config <category>' to see options in a category.*, <null>, Announce)
  	Notify(SharpMUSH.Library.Models.SharpPlayer: SharpMUSH.Library.Models.SharpPlayer, *System.String: Use '@config <option>' to see the value of an option.*, <null>, Announce)
  	Notify(SharpMUSH.Library.Models.SharpPlayer: SharpMUSH.Library.Models.SharpPlayer, *System.String: Options in Net:*, <null>, Announce)
  	Notify(SharpMUSH.Library.Models.SharpPlayer: SharpMUSH.Library.Models.SharpPlayer, *System.String:   guests: True*, <null>, Announce)
  	Notify(SharpMUSH.Library.Models.SharpPlayer: SharpMUSH.Library.Models.SharpPlayer, *System.String:   ip_addr: null*, <null>, Announce)
  	Notify(SharpMUSH.Library.Models.SharpPlayer: SharpMUSH.Library.Models.SharpPlayer, *System.String:   json_unsafe_unescape: False*, <null>, Announce)
  	Notify(SharpMUSH.Library.Models.SharpPlayer: SharpMUSH.Library.Models.SharpPlayer, *System.String:   logins: True*, <null>, Announce)
  	Notify(SharpMUSH.Library.Models.SharpPlayer: SharpMUSH.Library.Models.SharpPlayer, *System.String:   mud_name: PennMUSH Emulation by SharpMUSH*, <null>, Announce)
  	Notify(SharpMUSH.Library.Models.SharpPlayer: SharpMUSH.Library.Models.SharpPlayer, *System.String:   mud_url: null*, <null>, Announce)
  	Notify(SharpMUSH.Library.Models.SharpPlayer: SharpMUSH.Library.Models.SharpPlayer, *System.String:   player_creation: True*, <null>, Announce)
  	Notify(SharpMUSH.Library.Models.SharpPlayer: SharpMUSH.Library.Models.SharpPlayer, *System.String:   port: 4203*, <null>, Announce)
  	Notify(SharpMUSH.Library.Models.SharpPlayer: SharpMUSH.Library.Models.SharpPlayer, *System.String:   portal_port: 5117*, <null>, Announce)
  	Notify(SharpMUSH.Library.Models.SharpPlayer: SharpMUSH.Library.Models.SharpPlayer, *System.String:   pueblo: False*, <null>, Announce)
  	Notify(SharpMUSH.Library.Models.SharpPlayer: SharpMUSH.Library.Models.SharpPlayer, *System.String:   socket_file: data/netmush.sock*, <null>, Announce)
  	Notify(SharpMUSH.Library.Models.SharpPlayer: SharpMUSH.Library.Models.SharpPlayer, *System.String:   sql_database: mush*, <null>, Announce)
  	Notify(SharpMUSH.Library.Models.SharpPlayer: SharpMUSH.Library.Models.SharpPlayer, *System.String:   sql_host: 127.0.0.1*, <null>, Announce)
  	Notify(SharpMUSH.Library.Models.SharpPlayer: SharpMUSH.Library.Models.SharpPlayer, *System.String:   sql_password: mush*, <null>, Announce)
  	Notify(SharpMUSH.Library.Models.SharpPlayer: SharpMUSH.Library.Models.SharpPlayer, *System.String:   sql_platform: disabled*, <null>, Announce)
  	Notify(SharpMUSH.Library.Models.SharpPlayer: SharpMUSH.Library.Models.SharpPlayer, *System.String:   sql_username: mush*, <null>, Announce)
  	Notify(SharpMUSH.Library.Models.SharpPlayer: SharpMUSH.Library.Models.SharpPlayer, *System.String:   ssl_ip_addr: null*, <null>, Announce)
  	Notify(SharpMUSH.Library.Models.SharpPlayer: SharpMUSH.Library.Models.SharpPlayer, *System.String:   ssl_port: 0*, <null>, Announce)
  	Notify(SharpMUSH.Library.Models.SharpPlayer: SharpMUSH.Library.Models.SharpPlayer, *System.String:   ssl_portal_port: 7296*, <null>, Announce)
  	Notify(SharpMUSH.Library.Models.SharpPlayer: SharpMUSH.Library.Models.SharpPlayer, *System.String:   ssl_require_clientcert: False*, <null>, Announce)
  	Notify(SharpMUSH.Library.Models.SharpPlayer: SharpMUSH.Library.Models.SharpPlayer, *System.String:   use_dns: True*, <null>, Announce)
  	Notify(SharpMUSH.Library.Models.SharpPlayer: SharpMUSH.Library.Models.SharpPlayer, *System.String:   use_ws: True*, <null>, Announce)
  	Notify(SharpMUSH.Library.Models.SharpPlayer: SharpMUSH.Library.Models.SharpPlayer, *System.String:   ws_url: /wsclient*, <null>, Announce)
  	Notify(SharpMUSH.Library.Models.SharpPlayer: SharpMUSH.Library.Models.SharpPlayer, *System.String: Attribute DOING SET.*, *SharpMUSH.Library.Models.SharpPlayer: SharpMUSH.Library.Models.SharpPlayer*, Announce)
  	Notify(SharpMUSH.Library.Models.SharpPlayer: SharpMUSH.Library.Models.SharpPlayer, *System.String: No configuration category or option named 'test_string_CONFIG_invalid_option'.*, <null>, Announce)
  	Notify(SharpMUSH.Library.Models.SharpPlayer: SharpMUSH.Library.Models.SharpPlayer, *System.String: Attribute MONIKER SET.*, *SharpMUSH.Library.Models.SharpPlayer: SharpMUSH.Library.Models.SharpPlayer*, Announce)
  	Notify(SharpMUSH.Library.Models.SharpPlayer: SharpMUSH.Library.Models.SharpPlayer, *System.String: Moniker set.*, <null>, Announce)
  	Notify(SharpMUSH.Library.Models.SharpPlayer: SharpMUSH.Library.Models.SharpPlayer, *System.String: Usage: @motd[/<type>] <message>*, <null>, Announce)
  	Notify(SharpMUSH.Library.Models.SharpPlayer: SharpMUSH.Library.Models.SharpPlayer, *System.String: Current Message of the Day settings:*, <null>, Announce)
  	Notify(SharpMUSH.Library.Models.SharpPlayer: SharpMUSH.Library.Models.SharpPlayer, *System.String:   Connect MOTD File: txt/motd.txt*, <null>, Announce)
  	Notify(SharpMUSH.Library.Models.SharpPlayer: SharpMUSH.Library.Models.SharpPlayer, *System.String:   Connect MOTD HTML: txt/motd.html*, <null>, Announce)
  	Notify(SharpMUSH.Library.Models.SharpPlayer: SharpMUSH.Library.Models.SharpPlayer, *System.String:   Wizard MOTD File: txt/wizmotd.txt*, <null>, Announce)
  	Notify(SharpMUSH.Library.Models.SharpPlayer: SharpMUSH.Library.Models.SharpPlayer, *System.String:   Wizard MOTD HTML: txt/wizmotd.html*, <null>, Announce)
  	Notify(SharpMUSH.Library.Models.SharpPlayer: SharpMUSH.Library.Models.SharpPlayer, *System.String: *, <null>, Announce)
  	Notify(SharpMUSH.Library.Models.SharpPlayer: SharpMUSH.Library.Models.SharpPlayer, *System.String: Temporary Message of the Day (cleared on restart):*, <null>, Announce)
  	Notify(SharpMUSH.Library.Models.SharpPlayer: SharpMUSH.Library.Models.SharpPlayer, *System.String:   Connect MOTD: (not set)*, <null>, Announce)
  	Notify(SharpMUSH.Library.Models.SharpPlayer: SharpMUSH.Library.Models.SharpPlayer, *System.String:   Wizard MOTD:  (not set)*, <null>, Announce)
  	Notify(SharpMUSH.Library.Models.SharpPlayer: SharpMUSH.Library.Models.SharpPlayer, *System.String:   Down MOTD:    (not set)*, <null>, Announce)
  	Notify(SharpMUSH.Library.Models.SharpPlayer: SharpMUSH.Library.Models.SharpPlayer, *System.String:   Full MOTD:    (not set)*, <null>, Announce)
  	Notify(SharpMUSH.Library.Models.SharpPlayer: SharpMUSH.Library.Models.SharpPlayer, *System.String: Usage: @wizmotd <message>*, <null>, Announce)
  	Notify(SharpMUSH.Library.Models.SharpPlayer: SharpMUSH.Library.Models.SharpPlayer, *System.String: Usage: @rejectmotd <message>*, <null>, Announce)
  	Notify(SharpMUSH.Library.Models.SharpPlayer: SharpMUSH.Library.Models.SharpPlayer, *System.String: mud_name: PennMUSH Emulation by SharpMUSH*, <null>, Announce)
  	Notify(SharpMUSH.Library.Models.SharpPlayer: SharpMUSH.Library.Models.SharpPlayer, *System.String:   Description: Name of your MUSH as displayed to players*, <null>, Announce)
  	Notify(SharpMUSH.Library.Models.SharpPlayer: SharpMUSH.Library.Models.SharpPlayer, *System.String:   Category: Net*, <null>, Announce)
  	Notify(SharpMUSH.Library.Models.SharpPlayer: SharpMUSH.Library.Models.SharpPlayer, *System.String: Player Name            On For   Idle  Doing                           
  God                        3s     0s  Test activity                   
  1 players logged in.*, <null>, Announce)
  	Notify(SharpMUSH.Library.Models.SharpPlayer: SharpMUSH.Library.Models.SharpPlayer, *System.String: @enable is equivalent to @config/set noisy_whisper=yes*, <null>, Announce)
  	Notify(SharpMUSH.Library.Models.SharpPlayer: SharpMUSH.Library.Models.SharpPlayer, *System.String: Runtime configuration modification is not yet implemented. Changes require server restart.*, <null>, Announce)
  	Notify(SharpMUSH.Library.Models.SharpPlayer: SharpMUSH.Library.Models.SharpPlayer, *System.String: Current value: noisy_whisper=False*, <null>, Announce)
  	Notify(SharpMUSH.Library.Models.SharpPlayer: SharpMUSH.Library.Models.SharpPlayer, *System.String: Option 'probate_judge' is not a boolean option. Use @config/set instead.*, <null>, Announce)
  	Notify(SharpMUSH.Library.Models.SharpPlayer: SharpMUSH.Library.Models.SharpPlayer, *System.String: Usage: @enable <option>*, <null>, Announce)
  	Notify(SharpMUSH.Library.Models.SharpPlayer: SharpMUSH.Library.Models.SharpPlayer, *System.String: Usage: @disable <option>*, <null>, Announce)
  	Notify(SharpMUSH.Library.Models.SharpPlayer: SharpMUSH.Library.Models.SharpPlayer, *System.String: Player Name            On For   Idle  Doing                           
  
  0 players logged in.*, <null>, Announce)
  	Notify(SharpMUSH.Library.Models.SharpPlayer: SharpMUSH.Library.Models.SharpPlayer, *System.String: No configuration option named 'test_string_DISABLE_invalid_option_xyz'.*, <null>, Announce)
  	Notify(SharpMUSH.Library.Models.SharpPlayer: SharpMUSH.Library.Models.SharpPlayer, *System.String: No configuration option named 'test_string_ENABLE_invalid_option_xyz'.*, <null>, Announce)
  	Notify(SharpMUSH.Library.Models.SharpPlayer: SharpMUSH.Library.Models.SharpPlayer, *System.String: @disable is equivalent to @config/set noisy_whisper=no*, <null>, Announce)
  	Notify(SharpMUSH.Library.Models.SharpPlayer: SharpMUSH.Library.Models.SharpPlayer, *System.String: Runtime configuration modification is not yet implemented. Changes require server restart.*, <null>, Announce)
  	Notify(SharpMUSH.Library.Models.SharpPlayer: SharpMUSH.Library.Models.SharpPlayer, *System.String: Current value: noisy_whisper=False*, <null>, Announce)
  	Notify(SharpMUSH.Library.Models.SharpPlayer: SharpMUSH.Library.Models.SharpPlayer, *System.String: Option 'mud_name' is not a boolean option. Use @config/set instead.*, <null>, Announce)
  	Notify(SharpMUSH.Library.Models.SharpPlayer: SharpMUSH.Library.Models.SharpPlayer, *System.String: Power 'TEST_POWER_E9AB9A3B' created with alias 'TPOW'.*, <null>, Announce)
  	Notify(SharpMUSH.Library.Models.SharpPlayer: SharpMUSH.Library.Models.SharpPlayer, *System.String: Object Powers:
  Name                 Alias              Type Restrictions
  -------------------- ------------------ -------------------
  Announce                                ROOM,PLAYER,EXIT,THING
  Boot                                    ROOM,PLAYER,EXIT,THING
  Builder                                 ROOM,PLAYER,EXIT,THING
  Can_Dark                                PLAYER
  Can_HTTP                                ROOM,PLAYER,EXIT,THING
  Can_Spoof                               ROOM,PLAYER,EXIT,THING
  Chat_Privs                              ROOM,PLAYER,EXIT,THING
  Debit                                   ROOM,PLAYER,EXIT,THING
  Functions                               ROOM,PLAYER,EXIT,THING
  Guest                                   ROOM,PLAYER,EXIT,THING
  Halt                                    ROOM,PLAYER,EXIT,THING
  Hide                                    ROOM,PLAYER,EXIT,THING
  Hook                                    ROOM,PLAYER,EXIT,THING
  Idle                                    ROOM,PLAYER,EXIT,THING
  Immortal                                ROOM,PLAYER,EXIT,THING
  Link_Anywhere                           ROOM,PLAYER,EXIT,THING
  Login                                   ROOM,PLAYER,EXIT,THING
  Long_Fingers                            ROOM,PLAYER,EXIT,THING
  Many_Attribs                            ROOM,PLAYER,EXIT,THING
  No_Pay                                  ROOM,PLAYER,EXIT,THING
  No_Quota                                ROOM,PLAYER,EXIT,THING
  Open_Anywhere                           ROOM,PLAYER,EXIT,THING
  Pemit_All                               ROOM,PLAYER,EXIT,THING
  Pick_DBRefs                             ROOM,PLAYER,EXIT,THING
  Player_Create                           ROOM,PLAYER,EXIT,THING
  Poll                                    ROOM,PLAYER,EXIT,THING
  Pueblo_Send                             ROOM,PLAYER,EXIT,THING
  Queue                                   ROOM,PLAYER,EXIT,THING
  Search                                  ROOM,PLAYER,EXIT,THING
  See_All                                 ROOM,PLAYER,EXIT,THING
  See_Queue                               ROOM,PLAYER,EXIT,THING
  See_OOB                                 ROOM,PLAYER,EXIT,THING
  SQL_OK                                  ROOM,PLAYER,EXIT,THING
  Tport_Anything                          ROOM,PLAYER,EXIT,THING
  Tport_Anywhere                          ROOM,PLAYER,EXIT,THING
  Unkillable                              ROOM,PLAYER,EXIT,THING*, <null>, Announce)
  	Notify(SharpMUSH.Library.Models.SharpPlayer: SharpMUSH.Library.Models.SharpPlayer, *System.String: Object Flags:
  Name                 Symbol Type Restrictions
  -------------------- ------ -------------------
  WIZARD               W      ROOM,PLAYER,EXIT,THING
  ABODE                A      ROOM
  ANSI                 A      PLAYER
  CHOWN_OK             C      ROOM,PLAYER,THING
  COLOR                C      PLAYER
  DARK                 D      ROOM,PLAYER,EXIT,THING
  FIXED                F      PLAYER
  FLOATING             F      ROOM
  HAVEN                H      PLAYER
  TRUST                I      ROOM,PLAYER,EXIT,THING
  JUDGE                J      PLAYER
  JUMP_OK              J      ROOM
  LINK_OK              L      ROOM,PLAYER,EXIT,THING
  MONITOR              M      ROOM,PLAYER,THING
  NO_LEAVE             N      THING
  NO_TEL               N      ROOM
  OPAQUE               O      ROOM,PLAYER,EXIT,THING
  QUIET                Q      ROOM,PLAYER,EXIT,THING
  UNFINDABLE           U      ROOM,PLAYER,EXIT,THING
  VISUAL               V      ROOM,PLAYER,EXIT,THING
  SAFE                 X      ROOM,PLAYER,EXIT,THING
  SHARED               Z      PLAYER
  Z_TEL                Z      ROOM,THING
  LISTEN_PARENT        ^      PLAYER,THING,ROOM
  NOACCENTS            ~      PLAYER,THING,ROOM
  UNREGISTERED         ?      PLAYER
  NOSPOOF              "      ROOM,PLAYER,EXIT,THING
  AUDIBLE              a      ROOM,PLAYER,EXIT,THING
  DEBUG                b      ROOM,PLAYER,EXIT,THING
  DESTROY_OK           d      THING
  ENTER_OK             e      ROOM,PLAYER,EXIT,THING
  GAGGED               g      PLAYER
  HALT                 h      ROOM,PLAYER,EXIT,THING
  ORPHAN               i      ROOM,PLAYER,EXIT,THING
  JURY_OK              j      PLAYER
  KEEPALIVE            k      PLAYER
  LIGHT                l      ROOM,PLAYER,EXIT,THING
  MISTRUST             m      PLAYER,EXIT,THING
  MISTRUST             m      PLAYER,EXIT,THING
  NO_COMMAND           n      ROOM,PLAYER,EXIT,THING
  ON_VACATION          o      PLAYER
  PUPPET               P      THING
  ROYALTY              r      ROOM,PLAYER,EXIT,THING
  SUSPECT              s      ROOM,PLAYER,EXIT,THING
  TRANSPARENT          t      ROOM,PLAYER,EXIT,THING
  VERBOSE              v      ROOM,PLAYER,EXIT,THING
  NO_WARN              w      ROOM,PLAYER,EXIT,THING
  CLOUDY               x      EXIT
  CHAN_USEFIRSTMATCH          ROOM,PLAYER,EXIT,THING
  HEAR_CONNECT                PLAYER
  HEAVY                       ROOM,PLAYER,EXIT,THING
  LOUD                        PLAYER
  NO_LOG                      PLAYER
  PARANOID                    PLAYER
  TRACK_MONEY                 PLAYER
  XTERM256                    PLAYER
  MONIKER                     ROOM,PLAYER,EXIT,THING
  OPEN_OK                     ROOM
  GOING                g      ROOM,PLAYER,EXIT,THING
  GOING_TWICE                 ROOM,PLAYER,EXIT,THING*, <null>, Announce)
  	Notify(SharpMUSH.Library.Models.SharpPlayer: SharpMUSH.Library.Models.SharpPlayer, *System.String: Flag 'TEST_FLAG_36F4C586' created with symbol 'T'.*, <null>, Announce)
  	Notify(SharpMUSH.Library.Models.SharpPlayer: SharpMUSH.Library.Models.SharpPlayer, *System.String: Flag 'TEST_FLAG_EF8D1235' created with symbol 'T'.*, <null>, Announce)
  	Notify(SharpMUSH.Library.Models.SharpPlayer: SharpMUSH.Library.Models.SharpPlayer, *System.String: Flag 'TEST_FLAG_7EE4E12F' created with symbol 'T'.*, <null>, Announce)
  	Notify(SharpMUSH.Library.Models.SharpPlayer: SharpMUSH.Library.Models.SharpPlayer, *System.String: Flag 'TEST_FLAG_7EE4E12F' already exists.*, <null>, Announce)
  	Notify(SharpMUSH.Library.Models.SharpPlayer: SharpMUSH.Library.Models.SharpPlayer, *System.String: Flag 'TEST_FLAG_310C1EAA' deleted.*, <null>, Announce)
  	Notify(SharpMUSH.Library.Models.SharpPlayer: SharpMUSH.Library.Models.SharpPlayer, *System.String: Cannot delete system flag 'WIZARD'.*, <null>, Announce)
  	Notify(SharpMUSH.Library.Models.SharpPlayer: SharpMUSH.Library.Models.SharpPlayer, *System.String: Flag 'NONEXISTENT_FLAG_XYZ123' not found.*, <null>, Announce)
  	Notify(SharpMUSH.Library.Models.SharpPlayer: SharpMUSH.Library.Models.SharpPlayer, *System.String: Power 'TEST_POWER_ENABLE_556A3B81' created with alias 'TPOW'.*, <null>, Announce)
  	Notify(SharpMUSH.Library.Models.SharpPlayer: SharpMUSH.Library.Models.SharpPlayer, *System.String: Power 'TEST_POWER_ENABLE_556A3B81' disabled.*, <null>, Announce)
  	Notify(SharpMUSH.Library.Models.SharpPlayer: SharpMUSH.Library.Models.SharpPlayer, *System.String: Power 'TEST_POWER_ENABLE_556A3B81' enabled.*, <null>, Announce)
  	Notify(SharpMUSH.Library.Models.SharpPlayer: SharpMUSH.Library.Models.SharpPlayer, *System.String: Power 'TEST_POWER_DISABLE_FA5E4FB5' created with alias 'TPOW'.*, <null>, Announce)
  	Notify(SharpMUSH.Library.Models.SharpPlayer: SharpMUSH.Library.Models.SharpPlayer, *System.String: Power 'TEST_POWER_DISABLE_FA5E4FB5' disabled.*, <null>, Announce)
  	Notify(SharpMUSH.Library.Models.SharpPlayer: SharpMUSH.Library.Models.SharpPlayer, *System.String: Cannot disable system power 'Builder'.*, <null>, Announce)
  	Notify(SharpMUSH.Library.Models.SharpPlayer: SharpMUSH.Library.Models.SharpPlayer, *System.String: Flag 'TEST_FLAG_ENABLE_F9F4489C' created with symbol 'T'.*, <null>, Announce)
  	Notify(SharpMUSH.Library.Models.SharpPlayer: SharpMUSH.Library.Models.SharpPlayer, *System.String: Flag 'TEST_FLAG_ENABLE_F9F4489C' disabled.*, <null>, Announce)
  	Notify(SharpMUSH.Library.Models.SharpPlayer: SharpMUSH.Library.Models.SharpPlayer, *System.String: Flag 'TEST_FLAG_ENABLE_F9F4489C' enabled.*, <null>, Announce)
  	Notify(SharpMUSH.Library.Models.SharpPlayer: SharpMUSH.Library.Models.SharpPlayer, *System.String: Flag 'TEST_FLAG_DISABLE_842F3BDD' created with symbol 'T'.*, <null>, Announce)
  	Notify(SharpMUSH.Library.Models.SharpPlayer: SharpMUSH.Library.Models.SharpPlayer, *System.String: Flag 'TEST_FLAG_DISABLE_842F3BDD' disabled.*, <null>, Announce)
  	Notify(SharpMUSH.Library.Models.SharpPlayer: SharpMUSH.Library.Models.SharpPlayer, *System.String: @POWER/ADD requires power name and alias.*, <null>, Announce)
  	Notify(SharpMUSH.Library.Models.SharpPlayer: SharpMUSH.Library.Models.SharpPlayer, *System.String: @FLAG/ADD requires flag name and symbol.*, <null>, Announce)
  	Notify(SharpMUSH.Library.Models.SharpPlayer: SharpMUSH.Library.Models.SharpPlayer, *System.String: Power 'NONEXISTENT_POWER_XYZ123' not found.*, <null>, Announce)
  	Notify(SharpMUSH.Library.Models.SharpPlayer: SharpMUSH.Library.Models.SharpPlayer, *System.String: Cannot delete system power 'BUILDER'.*, <null>, Announce)
  	Notify(SharpMUSH.Library.Models.SharpPlayer: SharpMUSH.Library.Models.SharpPlayer, *System.String: Power 'TEST_POWER_9E7AFEEF' deleted.*, <null>, Announce)
  	Notify(SharpMUSH.Library.Models.SharpPlayer: SharpMUSH.Library.Models.SharpPlayer, *System.String: Power 'TEST_POWER_F0978529' created with alias 'TPOW'.*, <null>, Announce)
  	Notify(SharpMUSH.Library.Models.SharpPlayer: SharpMUSH.Library.Models.SharpPlayer, *System.String: Cannot disable system flag 'WIZARD'.*, <null>, Announce)
  	Notify(SharpMUSH.Library.Models.SharpPlayer: SharpMUSH.Library.Models.SharpPlayer, *System.String: You aren't following anyone.*, <null>, Announce)
  	Notify(SharpMUSH.Library.Models.SharpPlayer: SharpMUSH.Library.Models.SharpPlayer, *System.String: Created EmptyTestBox (#5:1774909470451).*, <null>, Announce)
  	Notify(SharpMUSH.Library.Models.SharpPlayer: SharpMUSH.Library.Models.SharpPlayer, *System.String: Created EmptyTestThing (#6:1774909470473).*, <null>, Announce)
  	Notify(SharpMUSH.Library.Models.SharpPlayer: SharpMUSH.Library.Models.SharpPlayer, *System.String: Flag: ENTER_OK Set.*, <null>, Announce)
  	Notify(SharpMUSH.Library.Models.SharpPlayer: SharpMUSH.Library.Models.SharpPlayer, *System.String: You don't have that.*, <null>, Announce)
  	Notify(SharpMUSH.Library.Models.SharpPlayer: SharpMUSH.Library.Models.SharpPlayer, *System.String: You aren't carrying that.*, <null>, Announce)
  	Notify(SharpMUSH.Library.Models.SharpPlayer: SharpMUSH.Library.Models.SharpPlayer, *System.String: EmptyTestBox is already empty.*, <null>, Announce)
  	Notify(SharpMUSH.Library.Models.SharpPlayer: SharpMUSH.Library.Models.SharpPlayer, *System.String: Created EmptyTestContainer (#7:1774909470613).*, <null>, Announce)
  	Notify(SharpMUSH.Library.Models.SharpPlayer: SharpMUSH.Library.Models.SharpPlayer, *System.String: Created EmptyTestItem1 (#8:1774909470637).*, <null>, Announce)
  	Notify(SharpMUSH.Library.Models.SharpPlayer: SharpMUSH.Library.Models.SharpPlayer, *System.String: Created EmptyTestItem2 (#9:1774909470654).*, <null>, Announce)
  	Notify(SharpMUSH.Library.Models.SharpPlayer: SharpMUSH.Library.Models.SharpPlayer, *System.String: Flag: ENTER_OK Set.*, <null>, Announce)
  	Notify(SharpMUSH.Library.Models.SharpPlayer: SharpMUSH.Library.Models.SharpPlayer, *System.String: Taken.*, <null>, Announce)
  	Notify(SharpMUSH.Library.Models.SharpPlayer: SharpMUSH.Library.Models.SharpPlayer, *System.String: You don't have that.*, <null>, Announce)
  	Notify(SharpMUSH.Library.Models.SharpPlayer: SharpMUSH.Library.Models.SharpPlayer, *System.String: You don't have that.*, <null>, Announce)
  	Notify(SharpMUSH.Library.Models.SharpPlayer: SharpMUSH.Library.Models.SharpPlayer, *System.String: EmptyTestContainer is already empty.*, <null>, Announce)
  	Notify(SharpMUSH.Library.Models.SharpPlayer: SharpMUSH.Library.Models.SharpPlayer, *System.String: God is not following you.*, <null>, Announce)
  	Notify(SharpMUSH.Library.Models.SharpPlayer: SharpMUSH.Library.Models.SharpPlayer, *System.String: You stop following and dismiss all followers.*, <null>, Announce)
  	Notify(SharpMUSH.Library.Models.SharpPlayer: SharpMUSH.Library.Models.SharpPlayer, *System.String: You can't follow yourself.*, <null>, Announce)
  	Notify(SharpMUSH.Library.Models.SharpThing: SharpMUSH.Library.Models.SharpThing, *MarkupString.MarkupStringModule+MarkupString: God types --> #1=skill*, *SharpMUSH.Library.Models.SharpPlayer: SharpMUSH.Library.Models.SharpPlayer*, *Emit*)
  	Notify(SharpMUSH.Library.Models.SharpThing: SharpMUSH.Library.Models.SharpThing, *MarkupString.MarkupStringModule+MarkupString: God types --> #1=skill*, *SharpMUSH.Library.Models.SharpPlayer: SharpMUSH.Library.Models.SharpPlayer*, *Emit*)
  	Notify(SharpMUSH.Library.Models.SharpThing: SharpMUSH.Library.Models.SharpThing, *MarkupString.MarkupStringModule+MarkupString: God types --> #1=skill*, *SharpMUSH.Library.Models.SharpPlayer: SharpMUSH.Library.Models.SharpPlayer*, *Emit*)
  	Notify(SharpMUSH.Library.Models.SharpThing: SharpMUSH.Library.Models.SharpThing, *MarkupString.MarkupStringModule+MarkupString: God types --> #1=skill*, *SharpMUSH.Library.Models.SharpPlayer: SharpMUSH.Library.Models.SharpPlayer*, *Emit*)
  	Notify(SharpMUSH.Library.Models.SharpPlayer: SharpMUSH.Library.Models.SharpPlayer, *MarkupString.MarkupStringModule+MarkupString: God types --> #1=skill*, *SharpMUSH.Library.Models.SharpPlayer: SharpMUSH.Library.Models.SharpPlayer*, *Emit*)
  	Notify(SharpMUSH.Library.Models.SharpPlayer: SharpMUSH.Library.Models.SharpPlayer, *MarkupString.MarkupStringModule+MarkupString: God types --> #1=skill*, *SharpMUSH.Library.Models.SharpPlayer: SharpMUSH.Library.Models.SharpPlayer*, *Emit*)
  	Notify(SharpMUSH.Library.Models.SharpPlayer: SharpMUSH.Library.Models.SharpPlayer, *MarkupString.MarkupStringModule+MarkupString: God types --> #1=skill*, *SharpMUSH.Library.Models.SharpPlayer: SharpMUSH.Library.Models.SharpPlayer*, *Emit*)
  	Notify(SharpMUSH.Library.Models.SharpPlayer: SharpMUSH.Library.Models.SharpPlayer, *System.String: Huh?  (Type "help" for help.)*, <null>, Announce)
  	Notify(SharpMUSH.Library.Models.SharpPlayer: SharpMUSH.Library.Models.SharpPlayer, *System.String: The SCORE command is not supported.*, <null>, Announce)
  	Notify(SharpMUSH.Library.Models.SharpPlayer: SharpMUSH.Library.Models.SharpPlayer, *System.String: SharpMUSH does not track money or pennies.*, <null>, Announce)
  	Notify(SharpMUSH.Library.Models.SharpPlayer: SharpMUSH.Library.Models.SharpPlayer, *System.String: You try to buy 'sword'.*, <null>, Announce)
  	Notify(SharpMUSH.Library.Models.SharpPlayer: SharpMUSH.Library.Models.SharpPlayer, *System.String: The BUY command requires a full economy system implementation.*, <null>, Announce)
  	Notify(SharpMUSH.Library.Models.SharpPlayer: SharpMUSH.Library.Models.SharpPlayer, *System.String: Features needed: PRICELIST attribute parsing, @lock/pay checking, penny transfers.*, <null>, Announce)
  	Notify(SharpMUSH.Library.Models.SharpPlayer: SharpMUSH.Library.Models.SharpPlayer, *System.String: Do what with them?*, <null>, Announce)
  	Notify(SharpMUSH.Library.Models.SharpPlayer: SharpMUSH.Library.Models.SharpPlayer, *System.String: Hook 'EXTEND' set for command 'HOOKTEST_IGSWITCH_90E2B306DC0F404AA8D48110EACBAA61'.*, <null>, Announce)
  	Notify(SharpMUSH.Library.Models.SharpPlayer: SharpMUSH.Library.Models.SharpPlayer, *System.String: Hook 'EXTEND' set for command 'HOOKTEST_EXTEND_7B9527B5C4AD4E5692A3D7B202DF6F69'.*, <null>, Announce)
  	Notify(SharpMUSH.Library.Models.SharpPlayer: SharpMUSH.Library.Models.SharpPlayer, *System.String: Hook 'BEFORE' set for command 'HOOKTEST_DEFAULT_C0F8209DA868453993646D7A985728D3'.*, <null>, Announce)
  	Notify(SharpMUSH.Library.Models.SharpPlayer: SharpMUSH.Library.Models.SharpPlayer, *System.String: Hook 'BEFORE' set for command 'HOOKTEST_MULTI_27FA7440694545E9AA3D3F7E5D0E8343'.*, <null>, Announce)
  	Notify(SharpMUSH.Library.Models.SharpPlayer: SharpMUSH.Library.Models.SharpPlayer, *System.String: Hook 'AFTER' set for command 'HOOKTEST_MULTI_27FA7440694545E9AA3D3F7E5D0E8343'.*, <null>, Announce)
  	Notify(SharpMUSH.Library.Models.SharpPlayer: SharpMUSH.Library.Models.SharpPlayer, *System.String: Hook 'IGNORE' set for command 'HOOKTEST_MULTI_27FA7440694545E9AA3D3F7E5D0E8343'.*, <null>, Announce)
  	Notify(SharpMUSH.Library.Models.SharpPlayer: SharpMUSH.Library.Models.SharpPlayer, *System.String: Hook 'BEFORE' set for command 'HOOKTEST_INPLACE_BC6ADB80905F4F90A581300ECD852215' (inline).*, <null>, Announce)
  	Notify(SharpMUSH.Library.Models.SharpPlayer: SharpMUSH.Library.Models.SharpPlayer, *System.String: Hook 'BEFORE' set for command 'HOOKTEST_INLINE_39FC73499FC74CFB9B8AB143B0659574' (inline).*, <null>, Announce)
  	Notify(SharpMUSH.Library.Models.SharpPlayer: SharpMUSH.Library.Models.SharpPlayer, *System.String: No 'BEFORE' hook set for command 'HOOKTEST_CLEAR_0E30049957AE43A1A2222DE5CC7BC33D'.*, <null>, Announce)
  	Notify(SharpMUSH.Library.Models.SharpPlayer: SharpMUSH.Library.Models.SharpPlayer, *System.String: Hook 'BEFORE' set for command 'HOOKTEST_SET_2FB3DD950D24474291D18D6AFD5B85B5'.*, <null>, Announce)
  	Notify(SharpMUSH.Library.Models.SharpPlayer: SharpMUSH.Library.Models.SharpPlayer, *System.String: No hooks set for command 'HOOKTEST_LIST_E8081791F1864103A58E58AA7CDA67DA'.*, <null>, Announce)
  	Notify(SharpMUSH.Library.Models.SharpPlayer: SharpMUSH.Library.Models.SharpPlayer, *System.String: (HTTP): Content-Type set to application/json*, <null>, Announce)
  	Notify(SharpMUSH.Library.Models.SharpPlayer: SharpMUSH.Library.Models.SharpPlayer, *System.String: (HTTP): Status 200 OK*, <null>, Announce)
  	Notify(SharpMUSH.Library.Models.SharpPlayer: SharpMUSH.Library.Models.SharpPlayer, *System.String: (HTTP): Status 404 Not Found*, <null>, Announce)
  	Notify(SharpMUSH.Library.Models.SharpPlayer: SharpMUSH.Library.Models.SharpPlayer, *System.String: Status code required.*, <null>, Announce)
  	Notify(SharpMUSH.Library.Models.SharpPlayer: SharpMUSH.Library.Models.SharpPlayer, *System.String: Status line must be less than 40 characters.*, <null>, Announce)
  	Notify(SharpMUSH.Library.Models.SharpPlayer: SharpMUSH.Library.Models.SharpPlayer, *System.String: Header name cannot be empty.*, <null>, Announce)
  	Notify(SharpMUSH.Library.Models.SharpPlayer: SharpMUSH.Library.Models.SharpPlayer, *System.String: Cannot set Content-Length header.*, <null>, Announce)
  	Notify(SharpMUSH.Library.Models.SharpPlayer: SharpMUSH.Library.Models.SharpPlayer, *System.String: (HTTP): Header X-Custom-Header: *, <null>, Announce)
  	Notify(SharpMUSH.Library.Models.SharpPlayer: SharpMUSH.Library.Models.SharpPlayer, *System.String: (HTTP): Header X-Powered-By: MUSHCode*, <null>, Announce)
  	Notify(SharpMUSH.Library.Models.SharpPlayer: SharpMUSH.Library.Models.SharpPlayer, *System.String: Content-Type cannot be empty.*, <null>, Announce)
  	Notify(SharpMUSH.Library.Models.SharpPlayer: SharpMUSH.Library.Models.SharpPlayer, *System.String: (HTTP): Content-Type set to text/html*, <null>, Announce)
  	Notify(SharpMUSH.Library.Models.SharpPlayer: SharpMUSH.Library.Models.SharpPlayer, *System.String: (HTTP): Status 500*, <null>, Announce)
  	Notify(SharpMUSH.Library.Models.SharpPlayer: SharpMUSH.Library.Models.SharpPlayer, *System.String: Status code must be a 3-digit number.*, <null>, Announce)
  	Notify(SharpMUSH.Library.Models.SharpPlayer: SharpMUSH.Library.Models.SharpPlayer, *System.String: Status code must be a 3-digit number.*, <null>, Announce)
  	Notify(SharpMUSH.Library.Models.SharpPlayer: SharpMUSH.Library.Models.SharpPlayer, *System.String: (HTTP): Header Set-Cookie: name=Bob; Max-Age=3600; Version=1*, <null>, Announce)
  	Notify(SharpMUSH.Library.Models.SharpPlayer: SharpMUSH.Library.Models.SharpPlayer, *System.String: Message logged to Command log.*, <null>, Announce)
  	Notify(SharpMUSH.Library.Models.SharpPlayer: SharpMUSH.Library.Models.SharpPlayer, *System.String: Message logged to Command log.*, <null>, Announce)
  	Notify(SharpMUSH.Library.Models.SharpPlayer: SharpMUSH.Library.Models.SharpPlayer, *System.String: Message logged to Wizard log.*, <null>, Announce)
  	Notify(SharpMUSH.Library.Models.SharpPlayer: SharpMUSH.Library.Models.SharpPlayer, *System.String: Message logged to Error log.*, <null>, Announce)
  	Notify(SharpMUSH.Library.Models.SharpPlayer: SharpMUSH.Library.Models.SharpPlayer, *System.String: Usage: @log[/<switch>] <message> or @log/recall[/<switch>] [<number>]*, <null>, Announce)
  	Notify(SharpMUSH.Library.Models.SharpPlayer: SharpMUSH.Library.Models.SharpPlayer, *System.String: No log entries found for category 'Command'.*, <null>, Announce)
  	Notify(SharpMUSH.Library.Models.SharpPlayer: SharpMUSH.Library.Models.SharpPlayer, *System.String: Locked.*, <null>, Announce)
  	Notify(SharpMUSH.Library.Models.SharpPlayer: SharpMUSH.Library.Models.SharpPlayer, *System.String: No such lock: Basic*, <null>, Announce)
  	Notify(SharpMUSH.Library.Models.SharpPlayer: SharpMUSH.Library.Models.SharpPlayer, *System.String: Log Management Status:*, <null>, Announce)
  	Notify(SharpMUSH.Library.Models.SharpPlayer: SharpMUSH.Library.Models.SharpPlayer, *System.String:   SharpMUSH uses .NET logging infrastructure*, <null>, Announce)
  	Notify(SharpMUSH.Library.Models.SharpPlayer: SharpMUSH.Library.Models.SharpPlayer, *System.String:   Logs are managed by configured logging providers*, <null>, Announce)
  	Notify(SharpMUSH.Library.Models.SharpPlayer: SharpMUSH.Library.Models.SharpPlayer, *System.String:   Available log types: CMD, CONN, ERR, TRACE, WIZ*, <null>, Announce)
  	Notify(SharpMUSH.Library.Models.SharpPlayer: SharpMUSH.Library.Models.SharpPlayer, *System.String:   Available actions: ROTATE, TRIM, WIPE*, <null>, Announce)
  	Notify(SharpMUSH.Library.Models.SharpPlayer: SharpMUSH.Library.Models.SharpPlayer, *System.String:   Note: Direct log file manipulation not yet implemented*, <null>, Announce)
  	Notify(SharpMUSH.Library.Models.SharpPlayer: SharpMUSH.Library.Models.SharpPlayer, *System.String: MAIL: You sent a message to God.*, <null>, Announce)
  	Notify(SharpMUSH.Library.Models.SharpPlayer: SharpMUSH.Library.Models.SharpPlayer, *System.String: MAIL: You have received a message (1) from God.*, <null>, Announce)
  	Notify(SharpMUSH.Library.Models.SharpPlayer: SharpMUSH.Library.Models.SharpPlayer, *System.String: @MALIAS/LIST: Mail alias system not yet implemented.*, <null>, Announce)
  	Notify(SharpMUSH.Library.Models.SharpPlayer: SharpMUSH.Library.Models.SharpPlayer, *System.String: This command would manage mail distribution lists and aliases.*, <null>, Announce)
  	Notify(SharpMUSH.Library.Models.SharpPlayer: SharpMUSH.Library.Models.SharpPlayer, *System.String: Created MsgBasic_1774909472895_2745 (#14:1774909472909).*, <null>, Announce)
  	Notify(SharpMUSH.Library.Models.SharpPlayer: SharpMUSH.Library.Models.SharpPlayer, *System.String: Attribute TESTFORMAT_MSGBASIC_93751 SET.*, *SharpMUSH.Library.Models.SharpThing: SharpMUSH.Library.Models.SharpThing*, Announce)
  	Notify(SharpMUSH.Library.Models.SharpPlayer: SharpMUSH.Library.Models.SharpPlayer, *System.String: MsgBasic_1774909472895_2745/TESTFORMAT_MSGBASIC_93751 - Set.*, <null>, Announce)
  	Notify(SharpMUSH.Library.Models.SharpThing: SharpMUSH.Library.Models.SharpThing, *MarkupString.MarkupStringModule+MarkupString: MessageBasic_UniqueValue_93751*, *SharpMUSH.Library.Models.SharpPlayer: SharpMUSH.Library.Models.SharpPlayer*, Announce)
  	Notify(SharpMUSH.Library.Models.SharpPlayer: SharpMUSH.Library.Models.SharpPlayer, *System.String: Created MsgWithAttr_1774909472971_1786 (#15:1774909472984).*, <null>, Announce)
  	Notify(SharpMUSH.Library.Models.SharpPlayer: SharpMUSH.Library.Models.SharpPlayer, *System.String: Attribute TESTFORMAT_MSGATTR_84729 SET.*, *SharpMUSH.Library.Models.SharpThing: SharpMUSH.Library.Models.SharpThing*, Announce)
  	Notify(SharpMUSH.Library.Models.SharpPlayer: SharpMUSH.Library.Models.SharpPlayer, *System.String: MsgWithAttr_1774909472971_1786/TESTFORMAT_MSGATTR_84729 - Set.*, <null>, Announce)
  	Notify(SharpMUSH.Library.Models.SharpThing: SharpMUSH.Library.Models.SharpThing, *MarkupString.MarkupStringModule+MarkupString: MessageWithAttribute_Result_84729:15*, *SharpMUSH.Library.Models.SharpPlayer: SharpMUSH.Library.Models.SharpPlayer*, Announce)
  	Notify(SharpMUSH.Library.Models.SharpPlayer: SharpMUSH.Library.Models.SharpPlayer, *System.String: Created MsgMissingAttr_1774909473031_9726 (#16:1774909473045).*, <null>, Announce)
  	Notify(SharpMUSH.Library.Models.SharpThing: SharpMUSH.Library.Models.SharpThing, *MarkupString.MarkupStringModule+MarkupString: DefaultMessage_UniqueValue_72914*, *SharpMUSH.Library.Models.SharpPlayer: SharpMUSH.Library.Models.SharpPlayer*, Announce)
  	Notify(SharpMUSH.Library.Models.SharpPlayer: SharpMUSH.Library.Models.SharpPlayer, *System.String: Created MsgNospoof_1774909473072_5824 (#17:1774909473100).*, <null>, Announce)
  	Notify(SharpMUSH.Library.Models.SharpPlayer: SharpMUSH.Library.Models.SharpPlayer, *System.String: Attribute TESTFORMAT_MSGNOSPOOF_48203 SET.*, *SharpMUSH.Library.Models.SharpThing: SharpMUSH.Library.Models.SharpThing*, Announce)
  	Notify(SharpMUSH.Library.Models.SharpPlayer: SharpMUSH.Library.Models.SharpPlayer, *System.String: MsgNospoof_1774909473072_5824/TESTFORMAT_MSGNOSPOOF_48203 - Set.*, <null>, Announce)
  	Notify(SharpMUSH.Library.Models.SharpThing: SharpMUSH.Library.Models.SharpThing, *MarkupString.MarkupStringModule+MarkupString: MessageNospoof_Value_48203*, *SharpMUSH.Library.Models.SharpPlayer: SharpMUSH.Library.Models.SharpPlayer*, *NSAnnounce*)
  	Notify(SharpMUSH.Library.Models.SharpPlayer: SharpMUSH.Library.Models.SharpPlayer, *System.String: Created OemitTarget_1774909473159_2460 (#18:1774909473174).*, <null>, Announce)
  	Notify(SharpMUSH.Library.Models.SharpPlayer: SharpMUSH.Library.Models.SharpPlayer, *System.String: Attribute OEMIT_TEST_ATTR_MSG SET.*, *SharpMUSH.Library.Models.SharpPlayer: SharpMUSH.Library.Models.SharpPlayer*, Announce)
  	Notify(SharpMUSH.Library.Models.SharpPlayer: SharpMUSH.Library.Models.SharpPlayer, *System.String: God/OEMIT_TEST_ATTR_MSG - Set.*, <null>, Announce)
  	Notify(SharpMUSH.Library.Models.SharpThing: SharpMUSH.Library.Models.SharpThing, *MarkupString.MarkupStringModule+MarkupString: OemitTestMsg_b3d3016078044d55a70ee4cc525a900c*, *SharpMUSH.Library.Models.SharpPlayer: SharpMUSH.Library.Models.SharpPlayer*, Announce)
  	Notify(SharpMUSH.Library.Models.SharpThing: SharpMUSH.Library.Models.SharpThing, *MarkupString.MarkupStringModule+MarkupString: OemitTestMsg_b3d3016078044d55a70ee4cc525a900c*, *SharpMUSH.Library.Models.SharpPlayer: SharpMUSH.Library.Models.SharpPlayer*, Announce)
  	Notify(SharpMUSH.Library.Models.SharpThing: SharpMUSH.Library.Models.SharpThing, *MarkupString.MarkupStringModule+MarkupString: OemitTestMsg_b3d3016078044d55a70ee4cc525a900c*, *SharpMUSH.Library.Models.SharpPlayer: SharpMUSH.Library.Models.SharpPlayer*, Announce)
  	Notify(SharpMUSH.Library.Models.SharpThing: SharpMUSH.Library.Models.SharpThing, *MarkupString.MarkupStringModule+MarkupString: OemitTestMsg_b3d3016078044d55a70ee4cc525a900c*, *SharpMUSH.Library.Models.SharpPlayer: SharpMUSH.Library.Models.SharpPlayer*, Announce)
  	Notify(SharpMUSH.Library.Models.SharpThing: SharpMUSH.Library.Models.SharpThing, *MarkupString.MarkupStringModule+MarkupString: OemitTestMsg_b3d3016078044d55a70ee4cc525a900c*, *SharpMUSH.Library.Models.SharpPlayer: SharpMUSH.Library.Models.SharpPlayer*, Announce)
  	Notify(SharpMUSH.Library.Models.SharpPlayer: SharpMUSH.Library.Models.SharpPlayer, *MarkupString.MarkupStringModule+MarkupString: OemitTestMsg_b3d3016078044d55a70ee4cc525a900c*, *SharpMUSH.Library.Models.SharpPlayer: SharpMUSH.Library.Models.SharpPlayer*, Announce)
  	Notify(SharpMUSH.Library.Models.SharpPlayer: SharpMUSH.Library.Models.SharpPlayer, *MarkupString.MarkupStringModule+MarkupString: OemitTestMsg_b3d3016078044d55a70ee4cc525a900c*, *SharpMUSH.Library.Models.SharpPlayer: SharpMUSH.Library.Models.SharpPlayer*, Announce)
  	Notify(SharpMUSH.Library.Models.SharpPlayer: SharpMUSH.Library.Models.SharpPlayer, *MarkupString.MarkupStringModule+MarkupString: OemitTestMsg_b3d3016078044d55a70ee4cc525a900c*, *SharpMUSH.Library.Models.SharpPlayer: SharpMUSH.Library.Models.SharpPlayer*, Announce)
  	Notify(SharpMUSH.Library.Models.SharpPlayer: SharpMUSH.Library.Models.SharpPlayer, *MarkupString.MarkupStringModule+MarkupString: OemitTestMsg_b3d3016078044d55a70ee4cc525a900c*, *SharpMUSH.Library.Models.SharpPlayer: SharpMUSH.Library.Models.SharpPlayer*, Announce)
  	Notify(SharpMUSH.Library.Models.SharpThing: SharpMUSH.Library.Models.SharpThing, *MarkupString.MarkupStringModule+MarkupString: OemitTestMsg_b3d3016078044d55a70ee4cc525a900c*, *SharpMUSH.Library.Models.SharpPlayer: SharpMUSH.Library.Models.SharpPlayer*, Announce)
  	Notify(SharpMUSH.Library.Models.SharpThing: SharpMUSH.Library.Models.SharpThing, *MarkupString.MarkupStringModule+MarkupString: OemitTestMsg_b3d3016078044d55a70ee4cc525a900c*, *SharpMUSH.Library.Models.SharpPlayer: SharpMUSH.Library.Models.SharpPlayer*, Announce)
  	Notify(SharpMUSH.Library.Models.SharpThing: SharpMUSH.Library.Models.SharpThing, *MarkupString.MarkupStringModule+MarkupString: OemitTestMsg_b3d3016078044d55a70ee4cc525a900c*, *SharpMUSH.Library.Models.SharpPlayer: SharpMUSH.Library.Models.SharpPlayer*, Announce)
  	Notify(SharpMUSH.Library.Models.SharpThing: SharpMUSH.Library.Models.SharpThing, *MarkupString.MarkupStringModule+MarkupString: OemitTestMsg_b3d3016078044d55a70ee4cc525a900c*, *SharpMUSH.Library.Models.SharpPlayer: SharpMUSH.Library.Models.SharpPlayer*, Announce)
  	Notify(SharpMUSH.Library.Models.SharpPlayer: SharpMUSH.Library.Models.SharpPlayer, *MarkupString.MarkupStringModule+MarkupString: OemitTestMsg_b3d3016078044d55a70ee4cc525a900c*, *SharpMUSH.Library.Models.SharpPlayer: SharpMUSH.Library.Models.SharpPlayer*, Announce)
  	Notify(SharpMUSH.Library.Models.SharpPlayer: SharpMUSH.Library.Models.SharpPlayer, *MarkupString.MarkupStringModule+MarkupString: OemitTestMsg_b3d3016078044d55a70ee4cc525a900c*, *SharpMUSH.Library.Models.SharpPlayer: SharpMUSH.Library.Models.SharpPlayer*, Announce)
  	Notify(SharpMUSH.Library.Models.SharpPlayer: SharpMUSH.Library.Models.SharpPlayer, *MarkupString.MarkupStringModule+MarkupString: OemitTestMsg_b3d3016078044d55a70ee4cc525a900c*, *SharpMUSH.Library.Models.SharpPlayer: SharpMUSH.Library.Models.SharpPlayer*, Announce)
  	Notify(SharpMUSH.Library.Models.SharpPlayer: SharpMUSH.Library.Models.SharpPlayer, *System.String: Created MsgNoisy_1774909473234_1871 (#19:1774909473250).*, <null>, Announce)
  	Notify(SharpMUSH.Library.Models.SharpPlayer: SharpMUSH.Library.Models.SharpPlayer, *System.String: Attribute TESTFORMAT_MSGNOISY_55193 SET.*, *SharpMUSH.Library.Models.SharpThing: SharpMUSH.Library.Models.SharpThing*, Announce)
  	Notify(SharpMUSH.Library.Models.SharpPlayer: SharpMUSH.Library.Models.SharpPlayer, *System.String: MsgNoisy_1774909473234_1871/TESTFORMAT_MSGNOISY_55193 - Set.*, <null>, Announce)
  	Notify(SharpMUSH.Library.Models.SharpThing: SharpMUSH.Library.Models.SharpThing, *MarkupString.MarkupStringModule+MarkupString: MessageNoisy_Value_55193*, *SharpMUSH.Library.Models.SharpPlayer: SharpMUSH.Library.Models.SharpPlayer*, Announce)
  	Notify(SharpMUSH.Library.Models.SharpPlayer: SharpMUSH.Library.Models.SharpPlayer, *System.String: Message sent to 1 recipient(s).*, <null>, Announce)
  	Notify(SharpMUSH.Library.Models.SharpPlayer: SharpMUSH.Library.Models.SharpPlayer, *System.String: Attribute REMIT_TEST_ATTR_MSG SET.*, *SharpMUSH.Library.Models.SharpPlayer: SharpMUSH.Library.Models.SharpPlayer*, Announce)
  	Notify(SharpMUSH.Library.Models.SharpPlayer: SharpMUSH.Library.Models.SharpPlayer, *System.String: God/REMIT_TEST_ATTR_MSG - Set.*, <null>, Announce)
  	Notify(SharpMUSH.Library.Models.SharpThing: SharpMUSH.Library.Models.SharpThing, *MarkupString.MarkupStringModule+MarkupString: RemitTestMsg_e0da7018ec6a4ca2805118160a83e6be*, *SharpMUSH.Library.Models.SharpPlayer: SharpMUSH.Library.Models.SharpPlayer*, Announce)
  	Notify(SharpMUSH.Library.Models.SharpThing: SharpMUSH.Library.Models.SharpThing, *MarkupString.MarkupStringModule+MarkupString: RemitTestMsg_e0da7018ec6a4ca2805118160a83e6be*, *SharpMUSH.Library.Models.SharpPlayer: SharpMUSH.Library.Models.SharpPlayer*, Announce)
  	Notify(SharpMUSH.Library.Models.SharpThing: SharpMUSH.Library.Models.SharpThing, *MarkupString.MarkupStringModule+MarkupString: RemitTestMsg_e0da7018ec6a4ca2805118160a83e6be*, *SharpMUSH.Library.Models.SharpPlayer: SharpMUSH.Library.Models.SharpPlayer*, Announce)
  	Notify(SharpMUSH.Library.Models.SharpThing: SharpMUSH.Library.Models.SharpThing, *MarkupString.MarkupStringModule+MarkupString: RemitTestMsg_e0da7018ec6a4ca2805118160a83e6be*, *SharpMUSH.Library.Models.SharpPlayer: SharpMUSH.Library.Models.SharpPlayer*, Announce)
  	Notify(SharpMUSH.Library.Models.SharpThing: SharpMUSH.Library.Models.SharpThing, *MarkupString.MarkupStringModule+MarkupString: RemitTestMsg_e0da7018ec6a4ca2805118160a83e6be*, *SharpMUSH.Library.Models.SharpPlayer: SharpMUSH.Library.Models.SharpPlayer*, Announce)
  	Notify(SharpMUSH.Library.Models.SharpThing: SharpMUSH.Library.Models.SharpThing, *MarkupString.MarkupStringModule+MarkupString: RemitTestMsg_e0da7018ec6a4ca2805118160a83e6be*, *SharpMUSH.Library.Models.SharpPlayer: SharpMUSH.Library.Models.SharpPlayer*, Announce)
  	Notify(SharpMUSH.Library.Models.SharpPlayer: SharpMUSH.Library.Models.SharpPlayer, *MarkupString.MarkupStringModule+MarkupString: RemitTestMsg_e0da7018ec6a4ca2805118160a83e6be*, *SharpMUSH.Library.Models.SharpPlayer: SharpMUSH.Library.Models.SharpPlayer*, Announce)
  	Notify(SharpMUSH.Library.Models.SharpPlayer: SharpMUSH.Library.Models.SharpPlayer, *MarkupString.MarkupStringModule+MarkupString: RemitTestMsg_e0da7018ec6a4ca2805118160a83e6be*, *SharpMUSH.Library.Models.SharpPlayer: SharpMUSH.Library.Models.SharpPlayer*, Announce)
  	Notify(SharpMUSH.Library.Models.SharpPlayer: SharpMUSH.Library.Models.SharpPlayer, *MarkupString.MarkupStringModule+MarkupString: RemitTestMsg_e0da7018ec6a4ca2805118160a83e6be*, *SharpMUSH.Library.Models.SharpPlayer: SharpMUSH.Library.Models.SharpPlayer*, Announce)
  	Notify(SharpMUSH.Library.Models.SharpPlayer: SharpMUSH.Library.Models.SharpPlayer, *MarkupString.MarkupStringModule+MarkupString: RemitTestMsg_e0da7018ec6a4ca2805118160a83e6be*, *SharpMUSH.Library.Models.SharpPlayer: SharpMUSH.Library.Models.SharpPlayer*, Announce)
  	Notify(SharpMUSH.Library.Models.SharpThing: SharpMUSH.Library.Models.SharpThing, *MarkupString.MarkupStringModule+MarkupString: RemitTestMsg_e0da7018ec6a4ca2805118160a83e6be*, *SharpMUSH.Library.Models.SharpPlayer: SharpMUSH.Library.Models.SharpPlayer*, Announce)
  	Notify(SharpMUSH.Library.Models.SharpThing: SharpMUSH.Library.Models.SharpThing, *MarkupString.MarkupStringModule+MarkupString: RemitTestMsg_e0da7018ec6a4ca2805118160a83e6be*, *SharpMUSH.Library.Models.SharpPlayer: SharpMUSH.Library.Models.SharpPlayer*, Announce)
  	Notify(SharpMUSH.Library.Models.SharpThing: SharpMUSH.Library.Models.SharpThing, *MarkupString.MarkupStringModule+MarkupString: RemitTestMsg_e0da7018ec6a4ca2805118160a83e6be*, *SharpMUSH.Library.Models.SharpPlayer: SharpMUSH.Library.Models.SharpPlayer*, Announce)
  	Notify(SharpMUSH.Library.Models.SharpThing: SharpMUSH.Library.Models.SharpThing, *MarkupString.MarkupStringModule+MarkupString: RemitTestMsg_e0da7018ec6a4ca2805118160a83e6be*, *SharpMUSH.Library.Models.SharpPlayer: SharpMUSH.Library.Models.SharpPlayer*, Announce)
  	Notify(SharpMUSH.Library.Models.SharpPlayer: SharpMUSH.Library.Models.SharpPlayer, *MarkupString.MarkupStringModule+MarkupString: RemitTestMsg_e0da7018ec6a4ca2805118160a83e6be*, *SharpMUSH.Library.Models.SharpPlayer: SharpMUSH.Library.Models.SharpPlayer*, Announce)
  	Notify(SharpMUSH.Library.Models.SharpPlayer: SharpMUSH.Library.Models.SharpPlayer, *MarkupString.MarkupStringModule+MarkupString: RemitTestMsg_e0da7018ec6a4ca2805118160a83e6be*, *SharpMUSH.Library.Models.SharpPlayer: SharpMUSH.Library.Models.SharpPlayer*, Announce)
  	Notify(SharpMUSH.Library.Models.SharpPlayer: SharpMUSH.Library.Models.SharpPlayer, *MarkupString.MarkupStringModule+MarkupString: RemitTestMsg_e0da7018ec6a4ca2805118160a83e6be*, *SharpMUSH.Library.Models.SharpPlayer: SharpMUSH.Library.Models.SharpPlayer*, Announce)
  	Notify(SharpMUSH.Library.Models.SharpPlayer: SharpMUSH.Library.Models.SharpPlayer, *MarkupString.MarkupStringModule+MarkupString: GOODBYE.*, <null>, Announce)
  	Notify(SharpMUSH.Library.Models.SharpPlayer: SharpMUSH.Library.Models.SharpPlayer, *System.String: 
  Goodbye from SharpMUSH!
  
  *, <null>, Announce)
  
[m[90m    at NSubstitute.Core.ReceivedCallsExceptionThrower.Throw(ICallSpecification callSpecification, IEnumerable`1 matchingCalls, IEnumerable`1 nonMatchingCalls, Quantity requiredQuantity)
    at NSubstitute.Routing.Handlers.CheckReceivedCallsHandler.Handle(ICall call)
    at NSubstitute.Proxies.CastleDynamicProxy.CastleForwardingInterceptor.Intercept(IInvocation invocation)
    at Castle.DynamicProxy.AbstractInvocation.Proceed()
    at Castle.Proxies.ObjectProxy_4.Notify(AnySharpObject who, OneOf`2 what, AnySharpObject sender, NotificationType type)
    at SharpMUSH.Tests.Commands.WizardCommandTests.AllhaltCommand() in /home/runner/work/SharpMUSH/SharpMUSH/SharpMUSH.Tests/Commands/WizardCommandTests.cs:40[90m
[m[31mfailed[m SuggestListCommand [90m(23ms)[m
[31m  TUnit.Engine.Exceptions.TestFailedException: [Test Failure] ReceivedCallsException: Expected to receive a call matching:
  	Notify(any AnySharpObject, s => (MessageContains(s, "Suggestion categories") OrElse MessageContains(s, "No suggestion categories")), <null>, Announce)
  Actually received no matching calls.
  Received 1311 non-matching calls (non-matching arguments indicated with '*' characters):
  	Notify(SharpMUSH.Library.Models.SharpPlayer: SharpMUSH.Library.Models.SharpPlayer, *System.String: Invalid password.*, <null>, Announce)
  	Notify(SharpMUSH.Library.Models.SharpPlayer: SharpMUSH.Library.Models.SharpPlayer, *System.String: SHUTDOWN initiated.*, <null>, Announce)
  	Notify(SharpMUSH.Library.Models.SharpPlayer: SharpMUSH.Library.Models.SharpPlayer, *System.String: Note: SharpMUSH runs as a web application. Traditional shutdown is not applicable.*, <null>, Announce)
  	Notify(SharpMUSH.Library.Models.SharpPlayer: SharpMUSH.Library.Models.SharpPlayer, *System.String: In cloud/container deployments, use your orchestration tools to manage server lifecycle.*, <null>, Announce)
  	Notify(SharpMUSH.Library.Models.SharpPlayer: SharpMUSH.Library.Models.SharpPlayer, *System.String: Database state is preserved automatically. No explicit save is needed.*, <null>, Announce)
  	Notify(SharpMUSH.Library.Models.SharpPlayer: SharpMUSH.Library.Models.SharpPlayer, *System.String: You must specify an object to restart.*, <null>, Announce)
  	Notify(SharpMUSH.Library.Models.SharpPlayer: SharpMUSH.Library.Models.SharpPlayer, *System.String: Purge complete. 0 objects advanced to GOING_TWICE. 0 objects marked for final deletion.*, <null>, Announce)
  	Notify(SharpMUSH.Library.Models.SharpPlayer: SharpMUSH.Library.Models.SharpPlayer, *System.String: Note: Actual object deletion is handled by background garbage collection in SharpMUSH.*, <null>, Announce)
  	Notify(SharpMUSH.Library.Models.SharpPlayer: SharpMUSH.Library.Models.SharpPlayer, *System.String: I don't see that here.*, *SharpMUSH.Library.Models.SharpPlayer: SharpMUSH.Library.Models.SharpPlayer*, Announce)
  	Notify(SharpMUSH.Library.Models.SharpPlayer: SharpMUSH.Library.Models.SharpPlayer, *System.String: Reindexing text files...*, <null>, Announce)
  	Notify(SharpMUSH.Library.Models.SharpPlayer: SharpMUSH.Library.Models.SharpPlayer, *System.String: Text file cache rebuilt in 21ms.*, <null>, Announce)
  	Notify(SharpMUSH.Library.Models.SharpPlayer: SharpMUSH.Library.Models.SharpPlayer, *System.String: I don't see that here.*, *SharpMUSH.Library.Models.SharpPlayer: SharpMUSH.Library.Models.SharpPlayer*, Announce)
  	Notify(SharpMUSH.Library.Models.SharpPlayer: SharpMUSH.Library.Models.SharpPlayer, *System.String: I don't see that here.*, *SharpMUSH.Library.Models.SharpPlayer: SharpMUSH.Library.Models.SharpPlayer*, Announce)
  	Notify(SharpMUSH.Library.Models.SharpPlayer: SharpMUSH.Library.Models.SharpPlayer, *System.String: COMMANDS:
    ]
    @@
    @ALLHALT
    @ALLQUOTA
    @ASSERT
    @ATRCHOWN
    @ATRLOCK
    @ATTRIBUTE
    @BOOT
    @BREAK
    @CEMIT
    @CHANNEL
    @CHAT
    @CHOWN
    @CHOWNALL
    @CHZONE
    @CHZONEALL
    @CLIST
    @CLOCK
    @CLONE
    @COMMAND
    @CONFIG
    @CPATTR
    @CREATE
    @DBCK
    @DECOMPILE
    @DESTROY
    @DIG
    @DISABLE
    @DOLIST
    @DRAIN
    @DUMP
    @EDIT
    @ELOCK
    @EMIT
    @ENABLE
    @ENTRANCES
    @EUNLOCK
    @FIND
    @FIRSTEXIT
    @FLAG
    @FORCE
    @FUNCTION
    @GREP
    @HALT
    @HIDE
    @HOOK
    @HTTP
    @IFELSE
    @INCLUDE
    @KICK
    @LEMIT
    @LINK
    @LIST
    @LISTMOTD
    @LOCK
    @LOG
    @LOGWIPE
    @LSET
    @MAIL
    @MALIAS
    @MAP
    @MAPSQL
    @MESSAGE
    @MONIKER
    @MOTD
    @MVATTR
    @NAME
    @NEWPASSWORD
    @NOTIFY
    @NSCEMIT
    @NSEMIT
    @NSLEMIT
    @NSOEMIT
    @NSPEMIT
    @NSPROMPT
    @NSREMIT
    @NSZEMIT
    @NUKE
    @OEMIT
    @OPEN
    @PARENT
    @PASSWORD
    @PCREATE
    @PEMIT
    @POLL
    @POOR
    @POWER
    @PROMPT
    @PS
    @PURGE
    @QUOTA
    @READCACHE
    @RECYCLE
    @REJECTMOTD
    @REMIT
    @RESPOND
    @RESTART
    @RETRY
    @RWALL
    @SCAN
    @SEARCH
    @SELECT
    @SET
    @SHUTDOWN
    @SITELOCK
    @SKIP
    @SLAVE
    @SOCKSET
    @SQL
    @SQUOTA
    @STATS
    @SUGGEST
    @SWEEP
    @SWITCH
    @TELEPORT
    @TRIGGER
    @ULOCK
    @UNDESTROY
    @UNLINK
    @UNLOCK
    @UNRECYCLE
    @UPTIME
    @UUNLOCK
    @VERB
    @VERSION
    @WAIT
    @WALL
    @WARNINGS
    @WCHECK
    @WHEREIS
    @WIPE
    @WIZMOTD
    @WIZWALL
    @ZEMIT
    &
    ADDCOM
    AHELP
    ANEWS
    BRIEF
    BUY
    COMLIST
    COMTITLE
    CONNECT
    DELCOM
    DESERT
    DISMISS
    DOING
    DROP
    EMPTY
    ENTER
    EXAMINE
    FOLLOW
    GET
    GIVE
    GOTO
    HELP
    HOME
    HUH_COMMAND
    INVENTORY
    LEAVE
    LOOK
    NEWS
    PAGE
    POSE
    QUIT
    SAY
    SCORE
    SEMIPOSE
    SESSION
    TEACH
    THINK
    UNFOLLOW
    UNIMPLEMENTED_COMMAND
    USE
    WARN_ON_MISSING
    WHISPER
    WHO
    WITH*, <null>, Announce)
  	Notify(SharpMUSH.Library.Models.SharpPlayer: SharpMUSH.Library.Models.SharpPlayer, *System.String: LOCK TYPES:
    BASIC
    CHOWN
    CHZONE
    COMMAND
    CONTROL
    DESTROY
    DROP
    DROPIN
    DROPTO
    ENTER
    EXAMINE
    FILTER
    FOLLOW
    FORWARD
    FROM
    GIVE
    INFILTER
    INTERACT
    LEAVE
    LINK
    LISTEN
    MAIL
    MAILFORWARD
    OPEN
    PAGE
    PARENT
    PAY
    RECEIVE
    SPEECH
    TAKE
    TPORT
    USE
    ZONE*, <null>, Announce)
  	Notify(SharpMUSH.Library.Models.SharpPlayer: SharpMUSH.Library.Models.SharpPlayer, *System.String: OBJECT POWERS:
  NAME                 ALIAS              TYPE RESTRICTIONS
  -------------------- ------------------ -------------------
  Announce                                ROOM,PLAYER,EXIT,THING
  Boot                                    ROOM,PLAYER,EXIT,THING
  Builder                                 ROOM,PLAYER,EXIT,THING
  Can_Dark                                PLAYER
  Can_HTTP                                ROOM,PLAYER,EXIT,THING
  Can_Spoof                               ROOM,PLAYER,EXIT,THING
  Chat_Privs                              ROOM,PLAYER,EXIT,THING
  Debit                                   ROOM,PLAYER,EXIT,THING
  Functions                               ROOM,PLAYER,EXIT,THING
  Guest                                   ROOM,PLAYER,EXIT,THING
  Halt                                    ROOM,PLAYER,EXIT,THING
  Hide                                    ROOM,PLAYER,EXIT,THING
  Hook                                    ROOM,PLAYER,EXIT,THING
  Idle                                    ROOM,PLAYER,EXIT,THING
  Immortal                                ROOM,PLAYER,EXIT,THING
  Link_Anywhere                           ROOM,PLAYER,EXIT,THING
  Login                                   ROOM,PLAYER,EXIT,THING
  Long_Fingers                            ROOM,PLAYER,EXIT,THING
  Many_Attribs                            ROOM,PLAYER,EXIT,THING
  No_Pay                                  ROOM,PLAYER,EXIT,THING
  No_Quota                                ROOM,PLAYER,EXIT,THING
  Open_Anywhere                           ROOM,PLAYER,EXIT,THING
  Pemit_All                               ROOM,PLAYER,EXIT,THING
  Pick_DBRefs                             ROOM,PLAYER,EXIT,THING
  Player_Create                           ROOM,PLAYER,EXIT,THING
  Poll                                    ROOM,PLAYER,EXIT,THING
  Pueblo_Send                             ROOM,PLAYER,EXIT,THING
  Queue                                   ROOM,PLAYER,EXIT,THING
  Search                                  ROOM,PLAYER,EXIT,THING
  See_All                                 ROOM,PLAYER,EXIT,THING
  See_Queue                               ROOM,PLAYER,EXIT,THING
  See_OOB                                 ROOM,PLAYER,EXIT,THING
  SQL_OK                                  ROOM,PLAYER,EXIT,THING
  Tport_Anything                          ROOM,PLAYER,EXIT,THING
  Tport_Anywhere                          ROOM,PLAYER,EXIT,THING
  Unkillable                              ROOM,PLAYER,EXIT,THING*, <null>, Announce)
  	Notify(SharpMUSH.Library.Models.SharpPlayer: SharpMUSH.Library.Models.SharpPlayer, *System.String: Object Flags:
  name                 symbol type restrictions
  -------------------- ------ -------------------
  wizard               w      room,player,exit,thing
  abode                a      room
  ansi                 a      player
  chown_ok             c      room,player,thing
  color                c      player
  dark                 d      room,player,exit,thing
  fixed                f      player
  floating             f      room
  haven                h      player
  trust                i      room,player,exit,thing
  judge                j      player
  jump_ok              j      room
  link_ok              l      room,player,exit,thing
  monitor              m      room,player,thing
  no_leave             n      thing
  no_tel               n      room
  opaque               o      room,player,exit,thing
  quiet                q      room,player,exit,thing
  unfindable           u      room,player,exit,thing
  visual               v      room,player,exit,thing
  safe                 x      room,player,exit,thing
  shared               z      player
  z_tel                z      room,thing
  listen_parent        ^      player,thing,room
  noaccents            ~      player,thing,room
  unregistered         ?      player
  nospoof              "      room,player,exit,thing
  audible              a      room,player,exit,thing
  debug                b      room,player,exit,thing
  destroy_ok           d      thing
  enter_ok             e      room,player,exit,thing
  gagged               g      player
  halt                 h      room,player,exit,thing
  orphan               i      room,player,exit,thing
  jury_ok              j      player
  keepalive            k      player
  light                l      room,player,exit,thing
  mistrust             m      player,exit,thing
  mistrust             m      player,exit,thing
  no_command           n      room,player,exit,thing
  on_vacation          o      player
  puppet               p      thing
  royalty              r      room,player,exit,thing
  suspect              s      room,player,exit,thing
  transparent          t      room,player,exit,thing
  verbose              v      room,player,exit,thing
  no_warn              w      room,player,exit,thing
  cloudy               x      exit
  chan_usefirstmatch          room,player,exit,thing
  hear_connect                player
  heavy                       room,player,exit,thing
  loud                        player
  no_log                      player
  paranoid                    player
  track_money                 player
  xterm256                    player
  moniker                     room,player,exit,thing
  open_ok                     room
  going                g      room,player,exit,thing
  going_twice                 room,player,exit,thing*, <null>, Announce)
  	Notify(SharpMUSH.Library.Models.SharpPlayer: SharpMUSH.Library.Models.SharpPlayer, *System.String: You must specify what to list. Use one of: /MOTD /FUNCTIONS /COMMANDS /ATTRIBS /LOCKS /FLAGS /POWERS /ALLOCATIONS*, <null>, Announce)
  	Notify(SharpMUSH.Library.Models.SharpPlayer: SharpMUSH.Library.Models.SharpPlayer, *System.String: FUNCTIONS:
    @@
    abs
    accent
    accname
    acos
    add
    addrlog
    after
    alias
    align
    allof
    alphamax
    alphamin
    and
    andflags
    andlflags
    andlpowers
    ansi
    aposs
    art
    asin
    atan
    atan2
    atrlock
    attrib_set
    attrib_set#
    band
    baseconv
    beep
    before
    benchmark
    bnand
    bnot
    bor
    bound
    brackets
    bxor
    cand
    capstr
    case
    caseall
    cat
    cbuffer
    cbufferadd
    cdesc
    ceil
    cemit
    center
    cflags
    channels
    checkpass
    children
    chr
    CINFO
    clflags
    clock
    clone
    cmds
    cmogrifier
    cmsgs
    cnand
    colors
    comp
    con
    cond
    condall
    CONFIG
    conn
    connlog
    connrecord
    controls
    CONVSECS
    CONVTIME
    CONVUTCSECS
    CONVUTCTIME
    cor
    cos
    cowner
    create
    crecall
    csecs
    cstatus
    ctime
    ctitle
    ctu
    cusers
    cwho
    dec
    decode64
    decompose
    decomposeweb
    decrypt
    default
    DELETE
    die
    dig
    digest
    dist2d
    dist3d
    div
    doing
    downmotd
    e
    edefault
    edit
    elements
    elist
    elock
    emit
    encode64
    encrypt
    endtag
    entrances
    eq
    escape
    etime
    etimefmt
    eval
    exit
    extract
    fdiv
    filter
    filterbool
    findable
    first
    firstof
    flags
    flip
    floor
    floordiv
    fmod
    fn
    fold
    folderstats
    followers
    following
    foreach
    formdecode
    fraction
    fullalias
    fullmotd
    fullname
    functions
    get
    get_eval
    getpids
    grab
    graball
    grep
    grepi
    gt
    gte
    hasattr
    hasattrp
    hasattrpval
    hasattrval
    hasflag
    haspower
    hastype
    height
    hidden
    hmac
    home
    host
    html
    ibreak
    idle
    IDLESECS
    if
    ifelse
    ilev
    iname
    inc
    index
    INSERT
    inum
    ipaddr
    isdaylight
    isdbref
    isint
    isjson
    isnum
    isobjid
    isregexp
    isword
    itemize
    items
    iter
    itext
    json
    json_map
    json_mod
    json_query
    lalign
    last
    lattr
    lattrp
    lcon
    lcstr
    LCSTR2
    ldelete
    left
    lemit
    letq
    lexits
    lflags
    link
    linsert
    list
    listq
    lit
    ljust
    llockflags
    llocks
    lmath
    ln
    lnum
    loc
    localize
    locate
    lock
    lockfilter
    lockflags
    lockowner
    locks
    log
    lparent
    lpids
    lplayers
    lports
    lpos
    lreplace
    lsearch
    lsearchr
    lset
    lstats
    lt
    lte
    lthings
    lvcon
    lvexits
    lvplayers
    lvthings
    lwho
    lwhoid
    mail
    maildstats
    mailfrom
    mailfstats
    maillist
    mailsend
    mailstats
    mailstatus
    mailsubject
    mailtime
    malias
    map
    mapsql
    match
    matchall
    max
    mean
    median
    member
    merge
    message
    mid
    min
    mix
    modulo
    money
    moniker
    motd
    msecs
    mtime
    mudname
    mudurl
    mul
    munge
    mwho
    mwhoid
    name
    namegrab
    namegraball
    namelist
    nand
    nattr
    nattrp
    ncand
    nchildren
    ncon
    ncond
    ncondall
    ncor
    nearby
    neq
    nexits
    next
    nextdbref
    nlsearch
    nmwho
    nor
    not
    nplayers
    nscemit
    nsearch
    nsemit
    nslemit
    nsoemit
    nspemit
    nsprompt
    nsremit
    nszemit
    nthings
    null
    num
    numversion
    nvcon
    nvexits
    nvplayers
    nvthings
    nwho
    obj
    objeval
    objid
    objmem
    oemit
    oob
    open
    or
    ord
    ORDINAL
    orflags
    orlflags
    orlpowers
    owner
    parent
    pcreate
    pemit
    pfun
    pgrep
    pi
    pidinfo
    player
    playermem
    pmatch
    poll
    ports
    pos
    poss
    power
    powers
    prompt
    pueblo
    quota
    r
    rand
    randextract
    randword
    recv
    regedit
    regeditall
    regeditalli
    regediti
    registers
    reglattr
    reglattrp
    reglmatch
    reglmatchall
    reglmatchalli
    reglmatchi
    regmatch
    regmatchalli
    regmatchi
    regnattr
    regnattrp
    regrab
    regraball
    regraballi
    regrabi
    regrep
    regrepi
    REGREPLACE
    regxattr
    regxattrp
    remainder
    remit
    remove
    render
    rendermarkdown
    rendermarkdowncustom
    repeat
    rest
    restarts
    restarttime
    reswitch
    reswitchall
    reswitchalli
    reswitchi
    revwords
    right
    rjust
    rloc
    RNUM
    room
    root
    round
    s
    scan
    scramble
    secs
    secscalc
    secure
    sent
    set
    setdiff
    setinter
    setq
    setr
    setsymdiff
    setunion
    SHA0
    shl
    shr
    shuffle
    sign
    sin
    slev
    sort
    sortby
    sortkey
    soundex
    soundslike
    space
    speak
    spellnum
    splice
    sql
    sqlescape
    sqrt
    squish
    ssl
    starttime
    stddev
    step
    stext
    strallof
    strcat
    strdelete
    strfirstof
    stringsecs
    strinsert
    stripaccents
    stripansi
    strlen
    strmatch
    strreplace
    sub
    subj
    suggest
    switch
    switchall
    t
    table
    tag
    tagwrap
    tan
    tel
    terminfo
    testlock
    textentries
    textfile
    textsearch
    time
    timecalc
    timefmt
    timestring
    tr
    trim
    trimpenn
    trimtiny
    trunc
    type
    ucstr
    UCSTR2
    udefault
    ufun
    ulambda
    uldefault
    ulocal
    unique
    unsetq
    uptime
    urldecode
    urlencode
    utctime
    v
    vadd
    valid
    vcross
    vdim
    vdot
    version
    visible
    vmag
    vmax
    vmin
    vmul
    vsub
    vunit
    WEBSOCKET_HTML
    WEBSOCKET_JSON
    where
    width
    wildgrep
    wildgrepi
    wipe
    wizmotd
    wordpos
    words
    wrap
    wshtml
    wsjson
    xattr
    xattrp
    xcon
    xexits
    xget
    xmwho
    xmwhoid
    xor
    xplayers
    xthings
    xvcon
    xvexits
    xvplayers
    xvthings
    xwho
    xwhoid
    zemit
    zfind
    zfun
    zmwho
    zone
    zwho*, <null>, Announce)
  	Notify(SharpMUSH.Library.Models.SharpPlayer: SharpMUSH.Library.Models.SharpPlayer, *System.String: Current Message of the Day settings:*, <null>, Announce)
  	Notify(SharpMUSH.Library.Models.SharpPlayer: SharpMUSH.Library.Models.SharpPlayer, *System.String:   Connect MOTD File: txt/motd.txt*, <null>, Announce)
  	Notify(SharpMUSH.Library.Models.SharpPlayer: SharpMUSH.Library.Models.SharpPlayer, *System.String:   Connect MOTD HTML: txt/motd.html*, <null>, Announce)
  	Notify(SharpMUSH.Library.Models.SharpPlayer: SharpMUSH.Library.Models.SharpPlayer, *System.String:   Wizard MOTD File: txt/wizmotd.txt*, <null>, Announce)
  	Notify(SharpMUSH.Library.Models.SharpPlayer: SharpMUSH.Library.Models.SharpPlayer, *System.String:   Wizard MOTD HTML: txt/wizmotd.html*, <null>, Announce)
  	Notify(SharpMUSH.Library.Models.SharpPlayer: SharpMUSH.Library.Models.SharpPlayer, *System.String: STANDARD ATTRIBUTES:
    AAHEAR
    ABUY
    ACLONE
    ACONNECT
    ADEATH
    ADESCRIBE
    ADESTROY
    ADISCONNECT
    ADROP
    AEFAIL
    AENTER
    AFAILURE
    AFOLLOW
    AGIVE
    AHEAR
    AIDESCRIBE
    ALEAVE
    ALFAIL
    ALIAS
    AMAIL
    AMHEAR
    AMOVE
    ANAME
    APAYMENT
    ARECEIVE
    ASUCCESS
    ATPORT
    AUFAIL
    AUNFOLLOW
    AUSE
    AWAY
    AZENTER
    AZLEAVE
    BUY
    CHANALIAS
    CHARGES
    CHATFORMAT
    COMMENT
    CONFORMAT
    COST
    DEATH
    DEBUGFORWARDLIST
    DESCFORMAT
    DESCRIBE
    DESTINATION
    DOING
    DROP
    EALIAS
    EFAIL
    ENTER
    EXITFORMAT
    EXITTO
    FAILURE
    FILTER
    FOLLOW
    FOLLOWERS
    FOLLOWING
    FORWARDLIST
    GIVE
    HAVEN
    IDESCFORMAT
    IDESCRIBE
    IDLE
    INFILTER
    INPREFIX
    INVFORMAT
    LALIAS
    LAST
    LASTFAILED
    LASTIP
    LASTLOGOUT
    LASTPAGED
    LASTSITE
    LEAVE
    LFAIL
    LISTEN
    MAILCURF
    MAILFILTER
    MAILFILTERS
    MAILFOLDERS
    MAILFORWARDLIST
    MAILQUOTA
    MAILSIGNATURE
    MONIKER
    MOVE
    NAMEACCENT
    NAMEFORMAT
    OBUY
    ODEATH
    ODESCRIBE
    ODROP
    OEFAIL
    OENTER
    OFAILURE
    OFOLLOW
    OGIVE
    OIDESCRIBE
    OLEAVE
    OLFAIL
    OMOVE
    ONAME
    OPAYMENT
    ORECEIVE
    OSUCCESS
    OTPORT
    OUFAIL
    OUNFOLLOW
    OUSE
    OUTPAGEFORMAT
    OXENTER
    OXLEAVE
    OXMOVE
    OXTPORT
    OZENTER
    OZLEAVE
    PAGEFORMAT
    PAYMENT
    PREFIX
    PRICELIST
    QUEUE
    RECEIVE
    REGISTERED_EMAIL
    RQUOTA
    RUNOUT
    SEMAPHORE
    SEX
    SPEECHMOD
    STARTUP
    SUCCESS
    TFPREFIX
    TPORT
    TZ
    UFAIL
    UNFOLLOW
    USE
    VA
    VB
    VC
    VD
    VE
    VF
    VG
    VH
    VI
    VJ
    VK
    VL
    VM
    VN
    VO
    VP
    VQ
    VR
    VRML_URL
    VS
    VT
    VU
    VV
    VW
    VX
    VY
    VZ
    WA
    WB
    WC
    WD
    WE
    WF
    WG
    WH
    WI
    WJ
    WK
    WL
    WM
    WN
    WO
    WP
    WQ
    WR
    WS
    WT
    WU
    WV
    WW
    WX
    WY
    WZ
    XA
    XB
    XC
    XD
    XE
    XF
    XG
    XH
    XI
    XJ
    XK
    XL
    XM
    XN
    XO
    XP
    XQ
    XR
    XS
    XT
    XU
    XV
    XW
    XX
    XY
    XZ
    ZENTER*, <null>, Announce)
  	Notify(SharpMUSH.Library.Models.SharpPlayer: SharpMUSH.Library.Models.SharpPlayer, *System.String: OBJECT FLAGS:
  NAME                 SYMBOL TYPE RESTRICTIONS
  -------------------- ------ -------------------
  WIZARD               W      ROOM,PLAYER,EXIT,THING
  ABODE                A      ROOM
  ANSI                 A      PLAYER
  CHOWN_OK             C      ROOM,PLAYER,THING
  COLOR                C      PLAYER
  DARK                 D      ROOM,PLAYER,EXIT,THING
  FIXED                F      PLAYER
  FLOATING             F      ROOM
  HAVEN                H      PLAYER
  TRUST                I      ROOM,PLAYER,EXIT,THING
  JUDGE                J      PLAYER
  JUMP_OK              J      ROOM
  LINK_OK              L      ROOM,PLAYER,EXIT,THING
  MONITOR              M      ROOM,PLAYER,THING
  NO_LEAVE             N      THING
  NO_TEL               N      ROOM
  OPAQUE               O      ROOM,PLAYER,EXIT,THING
  QUIET                Q      ROOM,PLAYER,EXIT,THING
  UNFINDABLE           U      ROOM,PLAYER,EXIT,THING
  VISUAL               V      ROOM,PLAYER,EXIT,THING
  SAFE                 X      ROOM,PLAYER,EXIT,THING
  SHARED               Z      PLAYER
  Z_TEL                Z      ROOM,THING
  LISTEN_PARENT        ^      PLAYER,THING,ROOM
  NOACCENTS            ~      PLAYER,THING,ROOM
  UNREGISTERED         ?      PLAYER
  NOSPOOF              "      ROOM,PLAYER,EXIT,THING
  AUDIBLE              a      ROOM,PLAYER,EXIT,THING
  DEBUG                b      ROOM,PLAYER,EXIT,THING
  DESTROY_OK           d      THING
  ENTER_OK             e      ROOM,PLAYER,EXIT,THING
  GAGGED               g      PLAYER
  HALT                 h      ROOM,PLAYER,EXIT,THING
  ORPHAN               i      ROOM,PLAYER,EXIT,THING
  JURY_OK              j      PLAYER
  KEEPALIVE            k      PLAYER
  LIGHT                l      ROOM,PLAYER,EXIT,THING
  MISTRUST             m      PLAYER,EXIT,THING
  MISTRUST             m      PLAYER,EXIT,THING
  NO_COMMAND           n      ROOM,PLAYER,EXIT,THING
  ON_VACATION          o      PLAYER
  PUPPET               P      THING
  ROYALTY              r      ROOM,PLAYER,EXIT,THING
  SUSPECT              s      ROOM,PLAYER,EXIT,THING
  TRANSPARENT          t      ROOM,PLAYER,EXIT,THING
  VERBOSE              v      ROOM,PLAYER,EXIT,THING
  NO_WARN              w      ROOM,PLAYER,EXIT,THING
  CLOUDY               x      EXIT
  CHAN_USEFIRSTMATCH          ROOM,PLAYER,EXIT,THING
  HEAR_CONNECT                PLAYER
  HEAVY                       ROOM,PLAYER,EXIT,THING
  LOUD                        PLAYER
  NO_LOG                      PLAYER
  PARANOID                    PLAYER
  TRACK_MONEY                 PLAYER
  XTERM256                    PLAYER
  MONIKER                     ROOM,PLAYER,EXIT,THING
  OPEN_OK                     ROOM
  GOING                g      ROOM,PLAYER,EXIT,THING
  GOING_TWICE                 ROOM,PLAYER,EXIT,THING*, <null>, Announce)
  	Notify(SharpMUSH.Library.Models.SharpPlayer: SharpMUSH.Library.Models.SharpPlayer, *System.String: You have no channel aliases.*, <null>, Announce)
  	Notify(SharpMUSH.Library.Models.SharpPlayer: SharpMUSH.Library.Models.SharpPlayer, *MarkupString.MarkupStringModule+MarkupString: <TestCommandChannel> ChatCommand: Test message*, *SharpMUSH.Library.Models.SharpPlayer: SharpMUSH.Library.Models.SharpPlayer*, *Emit*)
  	Notify(SharpMUSH.Library.Models.SharpPlayer: SharpMUSH.Library.Models.SharpPlayer, *MarkupString.MarkupStringModule+MarkupString: <TestCommandChannel> ChatCommand: Test message*, *SharpMUSH.Library.Models.SharpPlayer: SharpMUSH.Library.Models.SharpPlayer*, *Emit*)
  	Notify(SharpMUSH.Library.Models.SharpPlayer: SharpMUSH.Library.Models.SharpPlayer, *MarkupString.MarkupStringModule+MarkupString: <TestCommandChannel> ChatCommand: Test message*, *SharpMUSH.Library.Models.SharpPlayer: SharpMUSH.Library.Models.SharpPlayer*, *Emit*)
  	Notify(SharpMUSH.Library.Models.SharpPlayer: SharpMUSH.Library.Models.SharpPlayer, *System.String: Alias 'TestCommandChannel' not found.*, <null>, Announce)
  	Notify(SharpMUSH.Library.Models.SharpPlayer: SharpMUSH.Library.Models.SharpPlayer, *MarkupString.MarkupStringModule+MarkupString: <TestCommandChannel> God says, "NscemitCommand: Test message"*, *SharpMUSH.Library.Models.SharpPlayer: SharpMUSH.Library.Models.SharpPlayer*, *NSEmit*)
  	Notify(SharpMUSH.Library.Models.SharpPlayer: SharpMUSH.Library.Models.SharpPlayer, *MarkupString.MarkupStringModule+MarkupString: <TestCommandChannel> God says, "NscemitCommand: Test message"*, *SharpMUSH.Library.Models.SharpPlayer: SharpMUSH.Library.Models.SharpPlayer*, *NSEmit*)
  	Notify(SharpMUSH.Library.Models.SharpPlayer: SharpMUSH.Library.Models.SharpPlayer, *MarkupString.MarkupStringModule+MarkupString: <TestCommandChannel> God says, "NscemitCommand: Test message"*, *SharpMUSH.Library.Models.SharpPlayer: SharpMUSH.Library.Models.SharpPlayer*, *NSEmit*)
  	Notify(SharpMUSH.Library.Models.SharpPlayer: SharpMUSH.Library.Models.SharpPlayer, *MarkupString.MarkupStringModule+MarkupString: <TestCommandChannel> God says, "NscemitCommand: Test message"*, *SharpMUSH.Library.Models.SharpPlayer: SharpMUSH.Library.Models.SharpPlayer*, *NSEmit*)
  	Notify(SharpMUSH.Library.Models.SharpPlayer: SharpMUSH.Library.Models.SharpPlayer, *MarkupString.MarkupStringModule+MarkupString: <TestCommandChannel> God says, "NscemitCommand: Test message"*, *SharpMUSH.Library.Models.SharpPlayer: SharpMUSH.Library.Models.SharpPlayer*, *NSEmit*)
  	Notify(SharpMUSH.Library.Models.SharpPlayer: SharpMUSH.Library.Models.SharpPlayer, *MarkupString.MarkupStringModule+MarkupString: <TestCommandChannel> God says, "NscemitCommand: Test message"*, *SharpMUSH.Library.Models.SharpPlayer: SharpMUSH.Library.Models.SharpPlayer*, *NSEmit*)
  	Notify(SharpMUSH.Library.Models.SharpPlayer: SharpMUSH.Library.Models.SharpPlayer, *MarkupString.MarkupStringModule+MarkupString: <TestCommandChannel> God says, "NscemitCommand: Test message"*, *SharpMUSH.Library.Models.SharpPlayer: SharpMUSH.Library.Models.SharpPlayer*, *NSEmit*)
  	Notify(SharpMUSH.Library.Models.SharpPlayer: SharpMUSH.Library.Models.SharpPlayer, *System.String: Channel not found.*, <null>, Announce)
  	Notify(SharpMUSH.Library.Models.SharpPlayer: SharpMUSH.Library.Models.SharpPlayer, *MarkupString.MarkupStringModule+MarkupString: <TestCommandChannel> CemitCommand: Test message*, *SharpMUSH.Library.Models.SharpPlayer: SharpMUSH.Library.Models.SharpPlayer*, *Emit*)
  	Notify(SharpMUSH.Library.Models.SharpPlayer: SharpMUSH.Library.Models.SharpPlayer, *MarkupString.MarkupStringModule+MarkupString: <TestCommandChannel> CemitCommand: Test message*, *SharpMUSH.Library.Models.SharpPlayer: SharpMUSH.Library.Models.SharpPlayer*, *Emit*)
  	Notify(SharpMUSH.Library.Models.SharpPlayer: SharpMUSH.Library.Models.SharpPlayer, *MarkupString.MarkupStringModule+MarkupString: <TestCommandChannel> CemitCommand: Test message*, *SharpMUSH.Library.Models.SharpPlayer: SharpMUSH.Library.Models.SharpPlayer*, *Emit*)
  	Notify(SharpMUSH.Library.Models.SharpPlayer: SharpMUSH.Library.Models.SharpPlayer, *MarkupString.MarkupStringModule+MarkupString: <TestCommandChannel> CemitCommand: Test message*, *SharpMUSH.Library.Models.SharpPlayer: SharpMUSH.Library.Models.SharpPlayer*, *Emit*)
  	Notify(SharpMUSH.Library.Models.SharpPlayer: SharpMUSH.Library.Models.SharpPlayer, *MarkupString.MarkupStringModule+MarkupString: <TestCommandChannel> CemitCommand: Test message*, *SharpMUSH.Library.Models.SharpPlayer: SharpMUSH.Library.Models.SharpPlayer*, *Emit*)
  	Notify(SharpMUSH.Library.Models.SharpPlayer: SharpMUSH.Library.Models.SharpPlayer, *MarkupString.MarkupStringModule+MarkupString: <TestCommandChannel> CemitCommand: Test message*, *SharpMUSH.Library.Models.SharpPlayer: SharpMUSH.Library.Models.SharpPlayer*, *Emit*)
  	Notify(SharpMUSH.Library.Models.SharpPlayer: SharpMUSH.Library.Models.SharpPlayer, *MarkupString.MarkupStringModule+MarkupString: <TestCommandChannel> CemitCommand: Test message*, *SharpMUSH.Library.Models.SharpPlayer: SharpMUSH.Library.Models.SharpPlayer*, *Emit*)
  	Notify(SharpMUSH.Library.Models.SharpPlayer: SharpMUSH.Library.Models.SharpPlayer, *MarkupString.MarkupStringModule+MarkupString: <TestCommandChannel> CemitCommand: Test message*, *SharpMUSH.Library.Models.SharpPlayer: SharpMUSH.Library.Models.SharpPlayer*, *Emit*)
  	Notify(SharpMUSH.Library.Models.SharpPlayer: SharpMUSH.Library.Models.SharpPlayer, *MarkupString.MarkupStringModule+MarkupString: <TestCommandChannel> CemitCommand: Test message*, *SharpMUSH.Library.Models.SharpPlayer: SharpMUSH.Library.Models.SharpPlayer*, *Emit*)
  	Notify(SharpMUSH.Library.Models.SharpPlayer: SharpMUSH.Library.Models.SharpPlayer, *System.String: Alias 'pub' not found.*, <null>, Announce)
  	Notify(SharpMUSH.Library.Models.SharpPlayer: SharpMUSH.Library.Models.SharpPlayer, *System.String: *, <null>, Announce)
  	Notify(SharpMUSH.Library.Models.SharpPlayer: SharpMUSH.Library.Models.SharpPlayer, *System.String: -1*, <null>, Announce)
  	Notify(SharpMUSH.Library.Models.SharpPlayer: SharpMUSH.Library.Models.SharpPlayer, *System.String: -1*, <null>, Announce)
  	Notify(SharpMUSH.Library.Models.SharpPlayer: SharpMUSH.Library.Models.SharpPlayer, *System.String: -1*, <null>, Announce)
  	Notify(SharpMUSH.Library.Models.SharpPlayer: SharpMUSH.Library.Models.SharpPlayer, *System.String: -1*, <null>, Announce)
  	Notify(SharpMUSH.Library.Models.SharpPlayer: SharpMUSH.Library.Models.SharpPlayer, *System.String: -1*, <null>, Announce)
  	Notify(SharpMUSH.Library.Models.SharpPlayer: SharpMUSH.Library.Models.SharpPlayer, *System.String: -1*, <null>, Announce)
  	Notify(SharpMUSH.Library.Models.SharpPlayer: SharpMUSH.Library.Models.SharpPlayer, *System.String: -1*, <null>, Announce)
  	Notify(SharpMUSH.Library.Models.SharpPlayer: SharpMUSH.Library.Models.SharpPlayer, *System.String: -1*, <null>, Announce)
  	Notify(SharpMUSH.Library.Models.SharpPlayer: SharpMUSH.Library.Models.SharpPlayer, *System.String: -1*, <null>, Announce)
  	Notify(SharpMUSH.Library.Models.SharpPlayer: SharpMUSH.Library.Models.SharpPlayer, *System.String: -1*, <null>, Announce)
  	Notify(SharpMUSH.Library.Models.SharpPlayer: SharpMUSH.Library.Models.SharpPlayer, *System.String: -1*, <null>, Announce)
  	Notify(SharpMUSH.Library.Models.SharpPlayer: SharpMUSH.Library.Models.SharpPlayer, *System.String: -1*, <null>, Announce)
  	Notify(SharpMUSH.Library.Models.SharpPlayer: SharpMUSH.Library.Models.SharpPlayer, *System.String: -1*, <null>, Announce)
  	Notify(SharpMUSH.Library.Models.SharpPlayer: SharpMUSH.Library.Models.SharpPlayer, *System.String: -1*, <null>, Announce)
  	Notify(SharpMUSH.Library.Models.SharpPlayer: SharpMUSH.Library.Models.SharpPlayer, *System.String: -1*, <null>, Announce)
  	Notify(SharpMUSH.Library.Models.SharpPlayer: SharpMUSH.Library.Models.SharpPlayer, *System.String: -1*, <null>, Announce)
  	Notify(SharpMUSH.Library.Models.SharpPlayer: SharpMUSH.Library.Models.SharpPlayer, *System.String: -1*, <null>, Announce)
  	Notify(SharpMUSH.Library.Models.SharpPlayer: SharpMUSH.Library.Models.SharpPlayer, *System.String: -1*, <null>, Announce)
  	Notify(SharpMUSH.Library.Models.SharpPlayer: SharpMUSH.Library.Models.SharpPlayer, *System.String: -1*, <null>, Announce)
  	Notify(SharpMUSH.Library.Models.SharpPlayer: SharpMUSH.Library.Models.SharpPlayer, *System.String: -1*, <null>, Announce)
  	Notify(SharpMUSH.Library.Models.SharpPlayer: SharpMUSH.Library.Models.SharpPlayer, *System.String: -1*, <null>, Announce)
  	Notify(SharpMUSH.Library.Models.SharpPlayer: SharpMUSH.Library.Models.SharpPlayer, *System.String: -1*, <null>, Announce)
  	Notify(SharpMUSH.Library.Models.SharpPlayer: SharpMUSH.Library.Models.SharpPlayer, *System.String: -1*, <null>, Announce)
  	Notify(SharpMUSH.Library.Models.SharpPlayer: SharpMUSH.Library.Models.SharpPlayer, *System.String: -1*, <null>, Announce)
  	Notify(SharpMUSH.Library.Models.SharpPlayer: SharpMUSH.Library.Models.SharpPlayer, *System.String: -1*, <null>, Announce)
  	Notify(SharpMUSH.Library.Models.SharpPlayer: SharpMUSH.Library.Models.SharpPlayer, *System.String: -1*, <null>, Announce)
  	Notify(SharpMUSH.Library.Models.SharpPlayer: SharpMUSH.Library.Models.SharpPlayer, *System.String: -1*, <null>, Announce)
  	Notify(SharpMUSH.Library.Models.SharpPlayer: SharpMUSH.Library.Models.SharpPlayer, *System.String: -1*, <null>, Announce)
  	Notify(SharpMUSH.Library.Models.SharpPlayer: SharpMUSH.Library.Models.SharpPlayer, *System.String: -1*, <null>, Announce)
  	Notify(SharpMUSH.Library.Models.SharpPlayer: SharpMUSH.Library.Models.SharpPlayer, *System.String: -1*, <null>, Announce)
  	Notify(SharpMUSH.Library.Models.SharpPlayer: SharpMUSH.Library.Models.SharpPlayer, *System.String: -1*, <null>, Announce)
  	Notify(SharpMUSH.Library.Models.SharpPlayer: SharpMUSH.Library.Models.SharpPlayer, *System.String: -1*, <null>, Announce)
  	Notify(SharpMUSH.Library.Models.SharpPlayer: SharpMUSH.Library.Models.SharpPlayer, *System.String: -1*, <null>, Announce)
  	Notify(SharpMUSH.Library.Models.SharpPlayer: SharpMUSH.Library.Models.SharpPlayer, *System.String: -1*, <null>, Announce)
  	Notify(SharpMUSH.Library.Models.SharpPlayer: SharpMUSH.Library.Models.SharpPlayer, *System.String: -1*, <null>, Announce)
  	Notify(SharpMUSH.Library.Models.SharpPlayer: SharpMUSH.Library.Models.SharpPlayer, *System.String: -1*, <null>, Announce)
  	Notify(SharpMUSH.Library.Models.SharpPlayer: SharpMUSH.Library.Models.SharpPlayer, *System.String: -1*, <null>, Announce)
  	Notify(SharpMUSH.Library.Models.SharpPlayer: SharpMUSH.Library.Models.SharpPlayer, *System.String: -1*, <null>, Announce)
  	Notify(SharpMUSH.Library.Models.SharpPlayer: SharpMUSH.Library.Models.SharpPlayer, *System.String: -1*, <null>, Announce)
  	Notify(SharpMUSH.Library.Models.SharpPlayer: SharpMUSH.Library.Models.SharpPlayer, *System.String: -1*, <null>, Announce)
  	Notify(SharpMUSH.Library.Models.SharpPlayer: SharpMUSH.Library.Models.SharpPlayer, *System.String: -1*, <null>, Announce)
  	Notify(SharpMUSH.Library.Models.SharpPlayer: SharpMUSH.Library.Models.SharpPlayer, *System.String: -1*, <null>, Announce)
  	Notify(SharpMUSH.Library.Models.SharpPlayer: SharpMUSH.Library.Models.SharpPlayer, *System.String: -1*, <null>, Announce)
  	Notify(SharpMUSH.Library.Models.SharpPlayer: SharpMUSH.Library.Models.SharpPlayer, *System.String: -1*, <null>, Announce)
  	Notify(SharpMUSH.Library.Models.SharpPlayer: SharpMUSH.Library.Models.SharpPlayer, *System.String: -1*, <null>, Announce)
  	Notify(SharpMUSH.Library.Models.SharpPlayer: SharpMUSH.Library.Models.SharpPlayer, *System.String: -1*, <null>, Announce)
  	Notify(SharpMUSH.Library.Models.SharpPlayer: SharpMUSH.Library.Models.SharpPlayer, *System.String: -1*, <null>, Announce)
  	Notify(SharpMUSH.Library.Models.SharpPlayer: SharpMUSH.Library.Models.SharpPlayer, *System.String: -1*, <null>, Announce)
  	Notify(SharpMUSH.Library.Models.SharpPlayer: SharpMUSH.Library.Models.SharpPlayer, *System.String: -1*, <null>, Announce)
  	Notify(SharpMUSH.Library.Models.SharpPlayer: SharpMUSH.Library.Models.SharpPlayer, *System.String: -1*, <null>, Announce)
  	Notify(SharpMUSH.Library.Models.SharpPlayer: SharpMUSH.Library.Models.SharpPlayer, *System.String: -1*, <null>, Announce)
  	Notify(SharpMUSH.Library.Models.SharpPlayer: SharpMUSH.Library.Models.SharpPlayer, *System.String: -1*, <null>, Announce)
  	Notify(SharpMUSH.Library.Models.SharpPlayer: SharpMUSH.Library.Models.SharpPlayer, *System.String: -1*, <null>, Announce)
  	Notify(SharpMUSH.Library.Models.SharpPlayer: SharpMUSH.Library.Models.SharpPlayer, *System.String: -1*, <null>, Announce)
  	Notify(SharpMUSH.Library.Models.SharpPlayer: SharpMUSH.Library.Models.SharpPlayer, *System.String: -1*, <null>, Announce)
  	Notify(SharpMUSH.Library.Models.SharpPlayer: SharpMUSH.Library.Models.SharpPlayer, *System.String: -1*, <null>, Announce)
  	Notify(SharpMUSH.Library.Models.SharpPlayer: SharpMUSH.Library.Models.SharpPlayer, *System.String: -1*, <null>, Announce)
  	Notify(SharpMUSH.Library.Models.SharpPlayer: SharpMUSH.Library.Models.SharpPlayer, *System.String: -1*, <null>, Announce)
  	Notify(SharpMUSH.Library.Models.SharpPlayer: SharpMUSH.Library.Models.SharpPlayer, *System.String: -1*, <null>, Announce)
  	Notify(SharpMUSH.Library.Models.SharpPlayer: SharpMUSH.Library.Models.SharpPlayer, *System.String: -1*, <null>, Announce)
  	Notify(SharpMUSH.Library.Models.SharpPlayer: SharpMUSH.Library.Models.SharpPlayer, *System.String: -1*, <null>, Announce)
  	Notify(SharpMUSH.Library.Models.SharpPlayer: SharpMUSH.Library.Models.SharpPlayer, *System.String: -1*, <null>, Announce)
  	Notify(SharpMUSH.Library.Models.SharpPlayer: SharpMUSH.Library.Models.SharpPlayer, *System.String: -1*, <null>, Announce)
  	Notify(SharpMUSH.Library.Models.SharpPlayer: SharpMUSH.Library.Models.SharpPlayer, *System.String: -1*, <null>, Announce)
  	Notify(SharpMUSH.Library.Models.SharpPlayer: SharpMUSH.Library.Models.SharpPlayer, *System.String: -1*, <null>, Announce)
  	Notify(SharpMUSH.Library.Models.SharpPlayer: SharpMUSH.Library.Models.SharpPlayer, *System.String: -1*, <null>, Announce)
  	Notify(SharpMUSH.Library.Models.SharpPlayer: SharpMUSH.Library.Models.SharpPlayer, *System.String: -1*, <null>, Announce)
  	Notify(SharpMUSH.Library.Models.SharpPlayer: SharpMUSH.Library.Models.SharpPlayer, *System.String: -1*, <null>, Announce)
  	Notify(SharpMUSH.Library.Models.SharpPlayer: SharpMUSH.Library.Models.SharpPlayer, *System.String: -1*, <null>, Announce)
  	Notify(SharpMUSH.Library.Models.SharpPlayer: SharpMUSH.Library.Models.SharpPlayer, *System.String: -1*, <null>, Announce)
  	Notify(SharpMUSH.Library.Models.SharpPlayer: SharpMUSH.Library.Models.SharpPlayer, *System.String: -1*, <null>, Announce)
  	Notify(SharpMUSH.Library.Models.SharpPlayer: SharpMUSH.Library.Models.SharpPlayer, *System.String: -1*, <null>, Announce)
  	Notify(SharpMUSH.Library.Models.SharpPlayer: SharpMUSH.Library.Models.SharpPlayer, *System.String: -1*, <null>, Announce)
  	Notify(SharpMUSH.Library.Models.SharpPlayer: SharpMUSH.Library.Models.SharpPlayer, *System.String: -1*, <null>, Announce)
  	Notify(SharpMUSH.Library.Models.SharpPlayer: SharpMUSH.Library.Models.SharpPlayer, *System.String: -1*, <null>, Announce)
  	Notify(SharpMUSH.Library.Models.SharpPlayer: SharpMUSH.Library.Models.SharpPlayer, *System.String: -1*, <null>, Announce)
  	Notify(SharpMUSH.Library.Models.SharpPlayer: SharpMUSH.Library.Models.SharpPlayer, *System.String: -1*, <null>, Announce)
  	Notify(SharpMUSH.Library.Models.SharpPlayer: SharpMUSH.Library.Models.SharpPlayer, *System.String: -1*, <null>, Announce)
  	Notify(SharpMUSH.Library.Models.SharpPlayer: SharpMUSH.Library.Models.SharpPlayer, *System.String: -1*, <null>, Announce)
  	Notify(SharpMUSH.Library.Models.SharpPlayer: SharpMUSH.Library.Models.SharpPlayer, *System.String: -1*, <null>, Announce)
  	Notify(SharpMUSH.Library.Models.SharpPlayer: SharpMUSH.Library.Models.SharpPlayer, *System.String: -1*, <null>, Announce)
  	Notify(SharpMUSH.Library.Models.SharpPlayer: SharpMUSH.Library.Models.SharpPlayer, *System.String: -1*, <null>, Announce)
  	Notify(SharpMUSH.Library.Models.SharpPlayer: SharpMUSH.Library.Models.SharpPlayer, *System.String: -1*, <null>, Announce)
  	Notify(SharpMUSH.Library.Models.SharpPlayer: SharpMUSH.Library.Models.SharpPlayer, *System.String: -1*, <null>, Announce)
  	Notify(SharpMUSH.Library.Models.SharpPlayer: SharpMUSH.Library.Models.SharpPlayer, *System.String: -1*, <null>, Announce)
  	Notify(SharpMUSH.Library.Models.SharpPlayer: SharpMUSH.Library.Models.SharpPlayer, *System.String: -1*, <null>, Announce)
  	Notify(SharpMUSH.Library.Models.SharpPlayer: SharpMUSH.Library.Models.SharpPlayer, *System.String: -1*, <null>, Announce)
  	Notify(SharpMUSH.Library.Models.SharpPlayer: SharpMUSH.Library.Models.SharpPlayer, *System.String: -1*, <null>, Announce)
  	Notify(SharpMUSH.Library.Models.SharpPlayer: SharpMUSH.Library.Models.SharpPlayer, *System.String: -1*, <null>, Announce)
  	Notify(SharpMUSH.Library.Models.SharpPlayer: SharpMUSH.Library.Models.SharpPlayer, *System.String: -1*, <null>, Announce)
  	Notify(SharpMUSH.Library.Models.SharpPlayer: SharpMUSH.Library.Models.SharpPlayer, *System.String: -1*, <null>, Announce)
  	Notify(SharpMUSH.Library.Models.SharpPlayer: SharpMUSH.Library.Models.SharpPlayer, *System.String: -1*, <null>, Announce)
  	Notify(SharpMUSH.Library.Models.SharpPlayer: SharpMUSH.Library.Models.SharpPlayer, *System.String: -1*, <null>, Announce)
  	Notify(SharpMUSH.Library.Models.SharpPlayer: SharpMUSH.Library.Models.SharpPlayer, *System.String: -1*, <null>, Announce)
  	Notify(SharpMUSH.Library.Models.SharpPlayer: SharpMUSH.Library.Models.SharpPlayer, *System.String: -1*, <null>, Announce)
  	Notify(SharpMUSH.Library.Models.SharpPlayer: SharpMUSH.Library.Models.SharpPlayer, *System.String: -1*, <null>, Announce)
  	Notify(SharpMUSH.Library.Models.SharpPlayer: SharpMUSH.Library.Models.SharpPlayer, *System.String: -1*, <null>, Announce)
  	Notify(SharpMUSH.Library.Models.SharpPlayer: SharpMUSH.Library.Models.SharpPlayer, *System.String: -1*, <null>, Announce)
  	Notify(SharpMUSH.Library.Models.SharpPlayer: SharpMUSH.Library.Models.SharpPlayer, *System.String: -1*, <null>, Announce)
  	Notify(SharpMUSH.Library.Models.SharpPlayer: SharpMUSH.Library.Models.SharpPlayer, *System.String: -1*, <null>, Announce)
  	Notify(SharpMUSH.Library.Models.SharpPlayer: SharpMUSH.Library.Models.SharpPlayer, *System.String: -1*, <null>, Announce)
  	Notify(SharpMUSH.Library.Models.SharpPlayer: SharpMUSH.Library.Models.SharpPlayer, *System.String: -1*, <null>, Announce)
  	Notify(SharpMUSH.Library.Models.SharpPlayer: SharpMUSH.Library.Models.SharpPlayer, *System.String: -1*, <null>, Announce)
  	Notify(SharpMUSH.Library.Models.SharpPlayer: SharpMUSH.Library.Models.SharpPlayer, *System.String: -1*, <null>, Announce)
  	Notify(SharpMUSH.Library.Models.SharpPlayer: SharpMUSH.Library.Models.SharpPlayer, *System.String: -1*, <null>, Announce)
  	Notify(SharpMUSH.Library.Models.SharpPlayer: SharpMUSH.Library.Models.SharpPlayer, *System.String: -1*, <null>, Announce)
  	Notify(SharpMUSH.Library.Models.SharpPlayer: SharpMUSH.Library.Models.SharpPlayer, *System.String: -1*, <null>, Announce)
  	Notify(SharpMUSH.Library.Models.SharpPlayer: SharpMUSH.Library.Models.SharpPlayer, *System.String: -1*, <null>, Announce)
  	Notify(SharpMUSH.Library.Models.SharpPlayer: SharpMUSH.Library.Models.SharpPlayer, *System.String: -1*, <null>, Announce)
  	Notify(SharpMUSH.Library.Models.SharpPlayer: SharpMUSH.Library.Models.SharpPlayer, *System.String: -1*, <null>, Announce)
  	Notify(SharpMUSH.Library.Models.SharpPlayer: SharpMUSH.Library.Models.SharpPlayer, *System.String: -1*, <null>, Announce)
  	Notify(SharpMUSH.Library.Models.SharpPlayer: SharpMUSH.Library.Models.SharpPlayer, *System.String: -1*, <null>, Announce)
  	Notify(SharpMUSH.Library.Models.SharpPlayer: SharpMUSH.Library.Models.SharpPlayer, *System.String: -1*, <null>, Announce)
  	Notify(SharpMUSH.Library.Models.SharpPlayer: SharpMUSH.Library.Models.SharpPlayer, *System.String: -1*, <null>, Announce)
  	Notify(SharpMUSH.Library.Models.SharpPlayer: SharpMUSH.Library.Models.SharpPlayer, *System.String: -1*, <null>, Announce)
  	Notify(SharpMUSH.Library.Models.SharpPlayer: SharpMUSH.Library.Models.SharpPlayer, *System.String: -1*, <null>, Announce)
  	Notify(SharpMUSH.Library.Models.SharpPlayer: SharpMUSH.Library.Models.SharpPlayer, *System.String: -1*, <null>, Announce)
  	Notify(SharpMUSH.Library.Models.SharpPlayer: SharpMUSH.Library.Models.SharpPlayer, *System.String: -1*, <null>, Announce)
  	Notify(SharpMUSH.Library.Models.SharpPlayer: SharpMUSH.Library.Models.SharpPlayer, *System.String: -1*, <null>, Announce)
  	Notify(SharpMUSH.Library.Models.SharpPlayer: SharpMUSH.Library.Models.SharpPlayer, *System.String: -1*, <null>, Announce)
  	Notify(SharpMUSH.Library.Models.SharpPlayer: SharpMUSH.Library.Models.SharpPlayer, *System.String: -1*, <null>, Announce)
  	Notify(SharpMUSH.Library.Models.SharpPlayer: SharpMUSH.Library.Models.SharpPlayer, *System.String: -1*, <null>, Announce)
  	Notify(SharpMUSH.Library.Models.SharpPlayer: SharpMUSH.Library.Models.SharpPlayer, *System.String: -1*, <null>, Announce)
  	Notify(SharpMUSH.Library.Models.SharpPlayer: SharpMUSH.Library.Models.SharpPlayer, *System.String: -1*, <null>, Announce)
  	Notify(SharpMUSH.Library.Models.SharpPlayer: SharpMUSH.Library.Models.SharpPlayer, *System.String: -1*, <null>, Announce)
  	Notify(SharpMUSH.Library.Models.SharpPlayer: SharpMUSH.Library.Models.SharpPlayer, *System.String: -1*, <null>, Announce)
  	Notify(SharpMUSH.Library.Models.SharpPlayer: SharpMUSH.Library.Models.SharpPlayer, *System.String: -1*, <null>, Announce)
  	Notify(SharpMUSH.Library.Models.SharpPlayer: SharpMUSH.Library.Models.SharpPlayer, *System.String: -1*, <null>, Announce)
  	Notify(SharpMUSH.Library.Models.SharpPlayer: SharpMUSH.Library.Models.SharpPlayer, *System.String: -1*, <null>, Announce)
  	Notify(SharpMUSH.Library.Models.SharpPlayer: SharpMUSH.Library.Models.SharpPlayer, *System.String: -1*, <null>, Announce)
  	Notify(SharpMUSH.Library.Models.SharpPlayer: SharpMUSH.Library.Models.SharpPlayer, *System.String: -1*, <null>, Announce)
  	Notify(SharpMUSH.Library.Models.SharpPlayer: SharpMUSH.Library.Models.SharpPlayer, *System.String: -1*, <null>, Announce)
  	Notify(SharpMUSH.Library.Models.SharpPlayer: SharpMUSH.Library.Models.SharpPlayer, *System.String: -1*, <null>, Announce)
  	Notify(SharpMUSH.Library.Models.SharpPlayer: SharpMUSH.Library.Models.SharpPlayer, *System.String: -1*, <null>, Announce)
  	Notify(SharpMUSH.Library.Models.SharpPlayer: SharpMUSH.Library.Models.SharpPlayer, *System.String: -1*, <null>, Announce)
  	Notify(SharpMUSH.Library.Models.SharpPlayer: SharpMUSH.Library.Models.SharpPlayer, *System.String: -1*, <null>, Announce)
  	Notify(SharpMUSH.Library.Models.SharpPlayer: SharpMUSH.Library.Models.SharpPlayer, *System.String: -1*, <null>, Announce)
  	Notify(SharpMUSH.Library.Models.SharpPlayer: SharpMUSH.Library.Models.SharpPlayer, *System.String: -1*, <null>, Announce)
  	Notify(SharpMUSH.Library.Models.SharpPlayer: SharpMUSH.Library.Models.SharpPlayer, *System.String: -1*, <null>, Announce)
  	Notify(SharpMUSH.Library.Models.SharpPlayer: SharpMUSH.Library.Models.SharpPlayer, *System.String: -1*, <null>, Announce)
  	Notify(SharpMUSH.Library.Models.SharpPlayer: SharpMUSH.Library.Models.SharpPlayer, *System.String: -1*, <null>, Announce)
  	Notify(SharpMUSH.Library.Models.SharpPlayer: SharpMUSH.Library.Models.SharpPlayer, *System.String: -1*, <null>, Announce)
  	Notify(SharpMUSH.Library.Models.SharpPlayer: SharpMUSH.Library.Models.SharpPlayer, *System.String: -1*, <null>, Announce)
  	Notify(SharpMUSH.Library.Models.SharpPlayer: SharpMUSH.Library.Models.SharpPlayer, *System.String: -1*, <null>, Announce)
  	Notify(SharpMUSH.Library.Models.SharpPlayer: SharpMUSH.Library.Models.SharpPlayer, *System.String: -1*, <null>, Announce)
  	Notify(SharpMUSH.Library.Models.SharpPlayer: SharpMUSH.Library.Models.SharpPlayer, *System.String: -1*, <null>, Announce)
  	Notify(SharpMUSH.Library.Models.SharpPlayer: SharpMUSH.Library.Models.SharpPlayer, *System.String: -1*, <null>, Announce)
  	Notify(SharpMUSH.Library.Models.SharpPlayer: SharpMUSH.Library.Models.SharpPlayer, *System.String: -1*, <null>, Announce)
  	Notify(SharpMUSH.Library.Models.SharpPlayer: SharpMUSH.Library.Models.SharpPlayer, *System.String: -1*, <null>, Announce)
  	Notify(SharpMUSH.Library.Models.SharpPlayer: SharpMUSH.Library.Models.SharpPlayer, *System.String: -1*, <null>, Announce)
  	Notify(SharpMUSH.Library.Models.SharpPlayer: SharpMUSH.Library.Models.SharpPlayer, *System.String: -1*, <null>, Announce)
  	Notify(SharpMUSH.Library.Models.SharpPlayer: SharpMUSH.Library.Models.SharpPlayer, *System.String: -1*, <null>, Announce)
  	Notify(SharpMUSH.Library.Models.SharpPlayer: SharpMUSH.Library.Models.SharpPlayer, *System.String: -1*, <null>, Announce)
  	Notify(SharpMUSH.Library.Models.SharpPlayer: SharpMUSH.Library.Models.SharpPlayer, *System.String: -1*, <null>, Announce)
  	Notify(SharpMUSH.Library.Models.SharpPlayer: SharpMUSH.Library.Models.SharpPlayer, *System.String: -1*, <null>, Announce)
  	Notify(SharpMUSH.Library.Models.SharpPlayer: SharpMUSH.Library.Models.SharpPlayer, *System.String: -1*, <null>, Announce)
  	Notify(SharpMUSH.Library.Models.SharpPlayer: SharpMUSH.Library.Models.SharpPlayer, *System.String: -1*, <null>, Announce)
  	Notify(SharpMUSH.Library.Models.SharpPlayer: SharpMUSH.Library.Models.SharpPlayer, *System.String: -1*, <null>, Announce)
  	Notify(SharpMUSH.Library.Models.SharpPlayer: SharpMUSH.Library.Models.SharpPlayer, *System.String: -1*, <null>, Announce)
  	Notify(SharpMUSH.Library.Models.SharpPlayer: SharpMUSH.Library.Models.SharpPlayer, *System.String: -1*, <null>, Announce)
  	Notify(SharpMUSH.Library.Models.SharpPlayer: SharpMUSH.Library.Models.SharpPlayer, *System.String: -1*, <null>, Announce)
  	Notify(SharpMUSH.Library.Models.SharpPlayer: SharpMUSH.Library.Models.SharpPlayer, *System.String: -1*, <null>, Announce)
  	Notify(SharpMUSH.Library.Models.SharpPlayer: SharpMUSH.Library.Models.SharpPlayer, *System.String: -1*, <null>, Announce)
  	Notify(SharpMUSH.Library.Models.SharpPlayer: SharpMUSH.Library.Models.SharpPlayer, *System.String: -1*, <null>, Announce)
  	Notify(SharpMUSH.Library.Models.SharpPlayer: SharpMUSH.Library.Models.SharpPlayer, *System.String: -1*, <null>, Announce)
  	Notify(SharpMUSH.Library.Models.SharpPlayer: SharpMUSH.Library.Models.SharpPlayer, *System.String: -1*, <null>, Announce)
  	Notify(SharpMUSH.Library.Models.SharpPlayer: SharpMUSH.Library.Models.SharpPlayer, *System.String: -1*, <null>, Announce)
  	Notify(SharpMUSH.Library.Models.SharpPlayer: SharpMUSH.Library.Models.SharpPlayer, *System.String: -1*, <null>, Announce)
  	Notify(SharpMUSH.Library.Models.SharpPlayer: SharpMUSH.Library.Models.SharpPlayer, *System.String: -1*, <null>, Announce)
  	Notify(SharpMUSH.Library.Models.SharpPlayer: SharpMUSH.Library.Models.SharpPlayer, *System.String: -1*, <null>, Announce)
  	Notify(SharpMUSH.Library.Models.SharpPlayer: SharpMUSH.Library.Models.SharpPlayer, *System.String: -1*, <null>, Announce)
  	Notify(SharpMUSH.Library.Models.SharpPlayer: SharpMUSH.Library.Models.SharpPlayer, *System.String: -1*, <null>, Announce)
  	Notify(SharpMUSH.Library.Models.SharpPlayer: SharpMUSH.Library.Models.SharpPlayer, *System.String: -1*, <null>, Announce)
  	Notify(SharpMUSH.Library.Models.SharpPlayer: SharpMUSH.Library.Models.SharpPlayer, *System.String: -1*, <null>, Announce)
  	Notify(SharpMUSH.Library.Models.SharpPlayer: SharpMUSH.Library.Models.SharpPlayer, *System.String: -1*, <null>, Announce)
  	Notify(SharpMUSH.Library.Models.SharpPlayer: SharpMUSH.Library.Models.SharpPlayer, *System.String: -1*, <null>, Announce)
  	Notify(SharpMUSH.Library.Models.SharpPlayer: SharpMUSH.Library.Models.SharpPlayer, *System.String: -1*, <null>, Announce)
  	Notify(SharpMUSH.Library.Models.SharpPlayer: SharpMUSH.Library.Models.SharpPlayer, *System.String: -1*, <null>, Announce)
  	Notify(SharpMUSH.Library.Models.SharpPlayer: SharpMUSH.Library.Models.SharpPlayer, *System.String: -1*, <null>, Announce)
  	Notify(SharpMUSH.Library.Models.SharpPlayer: SharpMUSH.Library.Models.SharpPlayer, *System.String: -1*, <null>, Announce)
  	Notify(SharpMUSH.Library.Models.SharpPlayer: SharpMUSH.Library.Models.SharpPlayer, *System.String: -1*, <null>, Announce)
  	Notify(SharpMUSH.Library.Models.SharpPlayer: SharpMUSH.Library.Models.SharpPlayer, *System.String: -1*, <null>, Announce)
  	Notify(SharpMUSH.Library.Models.SharpPlayer: SharpMUSH.Library.Models.SharpPlayer, *System.String: -1*, <null>, Announce)
  	Notify(SharpMUSH.Library.Models.SharpPlayer: SharpMUSH.Library.Models.SharpPlayer, *System.String: -1*, <null>, Announce)
  	Notify(SharpMUSH.Library.Models.SharpPlayer: SharpMUSH.Library.Models.SharpPlayer, *System.String: -1*, <null>, Announce)
  	Notify(SharpMUSH.Library.Models.SharpPlayer: SharpMUSH.Library.Models.SharpPlayer, *System.String: -1*, <null>, Announce)
  	Notify(SharpMUSH.Library.Models.SharpPlayer: SharpMUSH.Library.Models.SharpPlayer, *System.String: -1*, <null>, Announce)
  	Notify(SharpMUSH.Library.Models.SharpPlayer: SharpMUSH.Library.Models.SharpPlayer, *System.String: -1*, <null>, Announce)
  	Notify(SharpMUSH.Library.Models.SharpPlayer: SharpMUSH.Library.Models.SharpPlayer, *System.String: -1*, <null>, Announce)
  	Notify(SharpMUSH.Library.Models.SharpPlayer: SharpMUSH.Library.Models.SharpPlayer, *System.String: -1*, <null>, Announce)
  	Notify(SharpMUSH.Library.Models.SharpPlayer: SharpMUSH.Library.Models.SharpPlayer, *System.String: -1*, <null>, Announce)
  	Notify(SharpMUSH.Library.Models.SharpPlayer: SharpMUSH.Library.Models.SharpPlayer, *System.String: -1*, <null>, Announce)
  	Notify(SharpMUSH.Library.Models.SharpPlayer: SharpMUSH.Library.Models.SharpPlayer, *System.String: -1*, <null>, Announce)
  	Notify(SharpMUSH.Library.Models.SharpPlayer: SharpMUSH.Library.Models.SharpPlayer, *System.String: -1*, <null>, Announce)
  	Notify(SharpMUSH.Library.Models.SharpPlayer: SharpMUSH.Library.Models.SharpPlayer, *System.String: -1*, <null>, Announce)
  	Notify(SharpMUSH.Library.Models.SharpPlayer: SharpMUSH.Library.Models.SharpPlayer, *System.String: -1*, <null>, Announce)
  	Notify(SharpMUSH.Library.Models.SharpPlayer: SharpMUSH.Library.Models.SharpPlayer, *System.String: -1*, <null>, Announce)
  	Notify(SharpMUSH.Library.Models.SharpPlayer: SharpMUSH.Library.Models.SharpPlayer, *System.String: -1*, <null>, Announce)
  	Notify(SharpMUSH.Library.Models.SharpPlayer: SharpMUSH.Library.Models.SharpPlayer, *System.String: -1*, <null>, Announce)
  	Notify(SharpMUSH.Library.Models.SharpPlayer: SharpMUSH.Library.Models.SharpPlayer, *System.String: -1*, <null>, Announce)
  	Notify(SharpMUSH.Library.Models.SharpPlayer: SharpMUSH.Library.Models.SharpPlayer, *System.String: -1*, <null>, Announce)
  	Notify(SharpMUSH.Library.Models.SharpPlayer: SharpMUSH.Library.Models.SharpPlayer, *System.String: -1*, <null>, Announce)
  	Notify(SharpMUSH.Library.Models.SharpPlayer: SharpMUSH.Library.Models.SharpPlayer, *System.String: -1*, <null>, Announce)
  	Notify(SharpMUSH.Library.Models.SharpPlayer: SharpMUSH.Library.Models.SharpPlayer, *System.String: -1*, <null>, Announce)
  	Notify(SharpMUSH.Library.Models.SharpPlayer: SharpMUSH.Library.Models.SharpPlayer, *System.String: -1*, <null>, Announce)
  	Notify(SharpMUSH.Library.Models.SharpPlayer: SharpMUSH.Library.Models.SharpPlayer, *System.String: -1*, <null>, Announce)
  	Notify(SharpMUSH.Library.Models.SharpPlayer: SharpMUSH.Library.Models.SharpPlayer, *System.String: -1*, <null>, Announce)
  	Notify(SharpMUSH.Library.Models.SharpPlayer: SharpMUSH.Library.Models.SharpPlayer, *System.String: -1*, <null>, Announce)
  	Notify(SharpMUSH.Library.Models.SharpPlayer: SharpMUSH.Library.Models.SharpPlayer, *System.String: -1*, <null>, Announce)
  	Notify(SharpMUSH.Library.Models.SharpPlayer: SharpMUSH.Library.Models.SharpPlayer, *System.String: -1*, <null>, Announce)
  	Notify(SharpMUSH.Library.Models.SharpPlayer: SharpMUSH.Library.Models.SharpPlayer, *System.String: -1*, <null>, Announce)
  	Notify(SharpMUSH.Library.Models.SharpPlayer: SharpMUSH.Library.Models.SharpPlayer, *System.String: -1*, <null>, Announce)
  	Notify(SharpMUSH.Library.Models.SharpPlayer: SharpMUSH.Library.Models.SharpPlayer, *System.String: -1*, <null>, Announce)
  	Notify(SharpMUSH.Library.Models.SharpPlayer: SharpMUSH.Library.Models.SharpPlayer, *System.String: -1*, <null>, Announce)
  	Notify(SharpMUSH.Library.Models.SharpPlayer: SharpMUSH.Library.Models.SharpPlayer, *System.String: -1*, <null>, Announce)
  	Notify(SharpMUSH.Library.Models.SharpPlayer: SharpMUSH.Library.Models.SharpPlayer, *System.String: -1*, <null>, Announce)
  	Notify(SharpMUSH.Library.Models.SharpPlayer: SharpMUSH.Library.Models.SharpPlayer, *System.String: -1*, <null>, Announce)
  	Notify(SharpMUSH.Library.Models.SharpPlayer: SharpMUSH.Library.Models.SharpPlayer, *System.String: -1*, <null>, Announce)
  	Notify(SharpMUSH.Library.Models.SharpPlayer: SharpMUSH.Library.Models.SharpPlayer, *System.String: -1*, <null>, Announce)
  	Notify(SharpMUSH.Library.Models.SharpPlayer: SharpMUSH.Library.Models.SharpPlayer, *System.String: -1*, <null>, Announce)
  	Notify(SharpMUSH.Library.Models.SharpPlayer: SharpMUSH.Library.Models.SharpPlayer, *System.String: -1*, <null>, Announce)
  	Notify(SharpMUSH.Library.Models.SharpPlayer: SharpMUSH.Library.Models.SharpPlayer, *System.String: -1*, <null>, Announce)
  	Notify(SharpMUSH.Library.Models.SharpPlayer: SharpMUSH.Library.Models.SharpPlayer, *System.String: -1*, <null>, Announce)
  	Notify(SharpMUSH.Library.Models.SharpPlayer: SharpMUSH.Library.Models.SharpPlayer, *System.String: -1*, <null>, Announce)
  	Notify(SharpMUSH.Library.Models.SharpPlayer: SharpMUSH.Library.Models.SharpPlayer, *System.String: -1*, <null>, Announce)
  	Notify(SharpMUSH.Library.Models.SharpPlayer: SharpMUSH.Library.Models.SharpPlayer, *System.String: -1*, <null>, Announce)
  	Notify(SharpMUSH.Library.Models.SharpPlayer: SharpMUSH.Library.Models.SharpPlayer, *System.String: -1*, <null>, Announce)
  	Notify(SharpMUSH.Library.Models.SharpPlayer: SharpMUSH.Library.Models.SharpPlayer, *System.String: -1*, <null>, Announce)
  	Notify(SharpMUSH.Library.Models.SharpPlayer: SharpMUSH.Library.Models.SharpPlayer, *System.String: -1*, <null>, Announce)
  	Notify(SharpMUSH.Library.Models.SharpPlayer: SharpMUSH.Library.Models.SharpPlayer, *System.String: -1*, <null>, Announce)
  	Notify(SharpMUSH.Library.Models.SharpPlayer: SharpMUSH.Library.Models.SharpPlayer, *System.String: -1*, <null>, Announce)
  	Notify(SharpMUSH.Library.Models.SharpPlayer: SharpMUSH.Library.Models.SharpPlayer, *System.String: -1*, <null>, Announce)
  	Notify(SharpMUSH.Library.Models.SharpPlayer: SharpMUSH.Library.Models.SharpPlayer, *System.String: -1*, <null>, Announce)
  	Notify(SharpMUSH.Library.Models.SharpPlayer: SharpMUSH.Library.Models.SharpPlayer, *System.String: -1*, <null>, Announce)
  	Notify(SharpMUSH.Library.Models.SharpPlayer: SharpMUSH.Library.Models.SharpPlayer, *System.String: -1*, <null>, Announce)
  	Notify(SharpMUSH.Library.Models.SharpPlayer: SharpMUSH.Library.Models.SharpPlayer, *System.String: -1*, <null>, Announce)
  	Notify(SharpMUSH.Library.Models.SharpPlayer: SharpMUSH.Library.Models.SharpPlayer, *System.String: -1*, <null>, Announce)
  	Notify(SharpMUSH.Library.Models.SharpPlayer: SharpMUSH.Library.Models.SharpPlayer, *System.String: -1*, <null>, Announce)
  	Notify(SharpMUSH.Library.Models.SharpPlayer: SharpMUSH.Library.Models.SharpPlayer, *System.String: -1*, <null>, Announce)
  	Notify(SharpMUSH.Library.Models.SharpPlayer: SharpMUSH.Library.Models.SharpPlayer, *System.String: -1*, <null>, Announce)
  	Notify(SharpMUSH.Library.Models.SharpPlayer: SharpMUSH.Library.Models.SharpPlayer, *System.String: -1*, <null>, Announce)
  	Notify(SharpMUSH.Library.Models.SharpPlayer: SharpMUSH.Library.Models.SharpPlayer, *System.String: -1*, <null>, Announce)
  	Notify(SharpMUSH.Library.Models.SharpPlayer: SharpMUSH.Library.Models.SharpPlayer, *System.String: -1*, <null>, Announce)
  	Notify(SharpMUSH.Library.Models.SharpPlayer: SharpMUSH.Library.Models.SharpPlayer, *System.String: -1*, <null>, Announce)
  	Notify(SharpMUSH.Library.Models.SharpPlayer: SharpMUSH.Library.Models.SharpPlayer, *System.String: -1*, <null>, Announce)
  	Notify(SharpMUSH.Library.Models.SharpPlayer: SharpMUSH.Library.Models.SharpPlayer, *System.String: -1*, <null>, Announce)
  	Notify(SharpMUSH.Library.Models.SharpPlayer: SharpMUSH.Library.Models.SharpPlayer, *System.String: -1*, <null>, Announce)
  	Notify(SharpMUSH.Library.Models.SharpPlayer: SharpMUSH.Library.Models.SharpPlayer, *System.String: -1*, <null>, Announce)
  	Notify(SharpMUSH.Library.Models.SharpPlayer: SharpMUSH.Library.Models.SharpPlayer, *System.String: -1*, <null>, Announce)
  	Notify(SharpMUSH.Library.Models.SharpPlayer: SharpMUSH.Library.Models.SharpPlayer, *System.String: -1*, <null>, Announce)
  	Notify(SharpMUSH.Library.Models.SharpPlayer: SharpMUSH.Library.Models.SharpPlayer, *System.String: -1*, <null>, Announce)
  	Notify(SharpMUSH.Library.Models.SharpPlayer: SharpMUSH.Library.Models.SharpPlayer, *System.String: -1*, <null>, Announce)
  	Notify(SharpMUSH.Library.Models.SharpPlayer: SharpMUSH.Library.Models.SharpPlayer, *System.String: -1*, <null>, Announce)
  	Notify(SharpMUSH.Library.Models.SharpPlayer: SharpMUSH.Library.Models.SharpPlayer, *System.String: -1*, <null>, Announce)
  	Notify(SharpMUSH.Library.Models.SharpPlayer: SharpMUSH.Library.Models.SharpPlayer, *System.String: -1*, <null>, Announce)
  	Notify(SharpMUSH.Library.Models.SharpPlayer: SharpMUSH.Library.Models.SharpPlayer, *System.String: -1*, <null>, Announce)
  	Notify(SharpMUSH.Library.Models.SharpPlayer: SharpMUSH.Library.Models.SharpPlayer, *System.String: -1*, <null>, Announce)
  	Notify(SharpMUSH.Library.Models.SharpPlayer: SharpMUSH.Library.Models.SharpPlayer, *System.String: -1*, <null>, Announce)
  	Notify(SharpMUSH.Library.Models.SharpPlayer: SharpMUSH.Library.Models.SharpPlayer, *System.String: -1*, <null>, Announce)
  	Notify(SharpMUSH.Library.Models.SharpPlayer: SharpMUSH.Library.Models.SharpPlayer, *System.String: -1*, <null>, Announce)
  	Notify(SharpMUSH.Library.Models.SharpPlayer: SharpMUSH.Library.Models.SharpPlayer, *System.String: -1*, <null>, Announce)
  	Notify(SharpMUSH.Library.Models.SharpPlayer: SharpMUSH.Library.Models.SharpPlayer, *System.String: -1*, <null>, Announce)
  	Notify(SharpMUSH.Library.Models.SharpPlayer: SharpMUSH.Library.Models.SharpPlayer, *System.String: -1*, <null>, Announce)
  	Notify(SharpMUSH.Library.Models.SharpPlayer: SharpMUSH.Library.Models.SharpPlayer, *System.String: -1*, <null>, Announce)
  	Notify(SharpMUSH.Library.Models.SharpPlayer: SharpMUSH.Library.Models.SharpPlayer, *System.String: -1*, <null>, Announce)
  	Notify(SharpMUSH.Library.Models.SharpPlayer: SharpMUSH.Library.Models.SharpPlayer, *System.String: -1*, <null>, Announce)
  	Notify(SharpMUSH.Library.Models.SharpPlayer: SharpMUSH.Library.Models.SharpPlayer, *System.String: -1*, <null>, Announce)
  	Notify(SharpMUSH.Library.Models.SharpPlayer: SharpMUSH.Library.Models.SharpPlayer, *System.String: -1*, <null>, Announce)
  	Notify(SharpMUSH.Library.Models.SharpPlayer: SharpMUSH.Library.Models.SharpPlayer, *System.String: -1*, <null>, Announce)
  	Notify(SharpMUSH.Library.Models.SharpPlayer: SharpMUSH.Library.Models.SharpPlayer, *System.String: -1*, <null>, Announce)
  	Notify(SharpMUSH.Library.Models.SharpPlayer: SharpMUSH.Library.Models.SharpPlayer, *System.String: -1*, <null>, Announce)
  	Notify(SharpMUSH.Library.Models.SharpPlayer: SharpMUSH.Library.Models.SharpPlayer, *System.String: -1*, <null>, Announce)
  	Notify(SharpMUSH.Library.Models.SharpPlayer: SharpMUSH.Library.Models.SharpPlayer, *System.String: -1*, <null>, Announce)
  	Notify(SharpMUSH.Library.Models.SharpPlayer: SharpMUSH.Library.Models.SharpPlayer, *System.String: -1*, <null>, Announce)
  	Notify(SharpMUSH.Library.Models.SharpPlayer: SharpMUSH.Library.Models.SharpPlayer, *System.String: -1*, <null>, Announce)
  	Notify(SharpMUSH.Library.Models.SharpPlayer: SharpMUSH.Library.Models.SharpPlayer, *System.String: -1*, <null>, Announce)
  	Notify(SharpMUSH.Library.Models.SharpPlayer: SharpMUSH.Library.Models.SharpPlayer, *System.String: -1*, <null>, Announce)
  	Notify(SharpMUSH.Library.Models.SharpPlayer: SharpMUSH.Library.Models.SharpPlayer, *System.String: -1*, <null>, Announce)
  	Notify(SharpMUSH.Library.Models.SharpPlayer: SharpMUSH.Library.Models.SharpPlayer, *System.String: -1*, <null>, Announce)
  	Notify(SharpMUSH.Library.Models.SharpPlayer: SharpMUSH.Library.Models.SharpPlayer, *System.String: -1*, <null>, Announce)
  	Notify(SharpMUSH.Library.Models.SharpPlayer: SharpMUSH.Library.Models.SharpPlayer, *System.String: -1*, <null>, Announce)
  	Notify(SharpMUSH.Library.Models.SharpPlayer: SharpMUSH.Library.Models.SharpPlayer, *System.String: -1*, <null>, Announce)
  	Notify(SharpMUSH.Library.Models.SharpPlayer: SharpMUSH.Library.Models.SharpPlayer, *System.String: -1*, <null>, Announce)
  	Notify(SharpMUSH.Library.Models.SharpPlayer: SharpMUSH.Library.Models.SharpPlayer, *System.String: -1*, <null>, Announce)
  	Notify(SharpMUSH.Library.Models.SharpPlayer: SharpMUSH.Library.Models.SharpPlayer, *System.String: -1*, <null>, Announce)
  	Notify(SharpMUSH.Library.Models.SharpPlayer: SharpMUSH.Library.Models.SharpPlayer, *System.String: -1*, <null>, Announce)
  	Notify(SharpMUSH.Library.Models.SharpPlayer: SharpMUSH.Library.Models.SharpPlayer, *System.String: -1*, <null>, Announce)
  	Notify(SharpMUSH.Library.Models.SharpPlayer: SharpMUSH.Library.Models.SharpPlayer, *System.String: -1*, <null>, Announce)
  	Notify(SharpMUSH.Library.Models.SharpPlayer: SharpMUSH.Library.Models.SharpPlayer, *System.String: -1*, <null>, Announce)
  	Notify(SharpMUSH.Library.Models.SharpPlayer: SharpMUSH.Library.Models.SharpPlayer, *System.String: -1*, <null>, Announce)
  	Notify(SharpMUSH.Library.Models.SharpPlayer: SharpMUSH.Library.Models.SharpPlayer, *System.String: -1*, <null>, Announce)
  	Notify(SharpMUSH.Library.Models.SharpPlayer: SharpMUSH.Library.Models.SharpPlayer, *System.String: -1*, <null>, Announce)
  	Notify(SharpMUSH.Library.Models.SharpPlayer: SharpMUSH.Library.Models.SharpPlayer, *System.String: -1*, <null>, Announce)
  	Notify(SharpMUSH.Library.Models.SharpPlayer: SharpMUSH.Library.Models.SharpPlayer, *System.String: -1*, <null>, Announce)
  	Notify(SharpMUSH.Library.Models.SharpPlayer: SharpMUSH.Library.Models.SharpPlayer, *System.String: -1*, <null>, Announce)
  	Notify(SharpMUSH.Library.Models.SharpPlayer: SharpMUSH.Library.Models.SharpPlayer, *System.String: -1*, <null>, Announce)
  	Notify(SharpMUSH.Library.Models.SharpPlayer: SharpMUSH.Library.Models.SharpPlayer, *System.String: -1*, <null>, Announce)
  	Notify(SharpMUSH.Library.Models.SharpPlayer: SharpMUSH.Library.Models.SharpPlayer, *System.String: -1*, <null>, Announce)
  	Notify(SharpMUSH.Library.Models.SharpPlayer: SharpMUSH.Library.Models.SharpPlayer, *System.String: -1*, <null>, Announce)
  	Notify(SharpMUSH.Library.Models.SharpPlayer: SharpMUSH.Library.Models.SharpPlayer, *System.String: -1*, <null>, Announce)
  	Notify(SharpMUSH.Library.Models.SharpPlayer: SharpMUSH.Library.Models.SharpPlayer, *System.String: -1*, <null>, Announce)
  	Notify(SharpMUSH.Library.Models.SharpPlayer: SharpMUSH.Library.Models.SharpPlayer, *System.String: -1*, <null>, Announce)
  	Notify(SharpMUSH.Library.Models.SharpPlayer: SharpMUSH.Library.Models.SharpPlayer, *System.String: -1*, <null>, Announce)
  	Notify(SharpMUSH.Library.Models.SharpPlayer: SharpMUSH.Library.Models.SharpPlayer, *System.String: -1*, <null>, Announce)
  	Notify(SharpMUSH.Library.Models.SharpPlayer: SharpMUSH.Library.Models.SharpPlayer, *System.String: -1*, <null>, Announce)
  	Notify(SharpMUSH.Library.Models.SharpPlayer: SharpMUSH.Library.Models.SharpPlayer, *System.String: -1*, <null>, Announce)
  	Notify(SharpMUSH.Library.Models.SharpPlayer: SharpMUSH.Library.Models.SharpPlayer, *System.String: -1*, <null>, Announce)
  	Notify(SharpMUSH.Library.Models.SharpPlayer: SharpMUSH.Library.Models.SharpPlayer, *System.String: -1*, <null>, Announce)
  	Notify(SharpMUSH.Library.Models.SharpPlayer: SharpMUSH.Library.Models.SharpPlayer, *System.String: -1*, <null>, Announce)
  	Notify(SharpMUSH.Library.Models.SharpPlayer: SharpMUSH.Library.Models.SharpPlayer, *System.String: -1*, <null>, Announce)
  	Notify(SharpMUSH.Library.Models.SharpPlayer: SharpMUSH.Library.Models.SharpPlayer, *System.String: -1*, <null>, Announce)
  	Notify(SharpMUSH.Library.Models.SharpPlayer: SharpMUSH.Library.Models.SharpPlayer, *System.String: -1*, <null>, Announce)
  	Notify(SharpMUSH.Library.Models.SharpPlayer: SharpMUSH.Library.Models.SharpPlayer, *System.String: -1*, <null>, Announce)
  	Notify(SharpMUSH.Library.Models.SharpPlayer: SharpMUSH.Library.Models.SharpPlayer, *System.String: -1*, <null>, Announce)
  	Notify(SharpMUSH.Library.Models.SharpPlayer: SharpMUSH.Library.Models.SharpPlayer, *System.String: -1*, <null>, Announce)
  	Notify(SharpMUSH.Library.Models.SharpPlayer: SharpMUSH.Library.Models.SharpPlayer, *System.String: -1*, <null>, Announce)
  	Notify(SharpMUSH.Library.Models.SharpPlayer: SharpMUSH.Library.Models.SharpPlayer, *System.String: -1*, <null>, Announce)
  	Notify(SharpMUSH.Library.Models.SharpPlayer: SharpMUSH.Library.Models.SharpPlayer, *System.String: -1*, <null>, Announce)
  	Notify(SharpMUSH.Library.Models.SharpPlayer: SharpMUSH.Library.Models.SharpPlayer, *System.String: -1*, <null>, Announce)
  	Notify(SharpMUSH.Library.Models.SharpPlayer: SharpMUSH.Library.Models.SharpPlayer, *System.String: -1*, <null>, Announce)
  	Notify(SharpMUSH.Library.Models.SharpPlayer: SharpMUSH.Library.Models.SharpPlayer, *System.String: -1*, <null>, Announce)
  	Notify(SharpMUSH.Library.Models.SharpPlayer: SharpMUSH.Library.Models.SharpPlayer, *System.String: -1*, <null>, Announce)
  	Notify(SharpMUSH.Library.Models.SharpPlayer: SharpMUSH.Library.Models.SharpPlayer, *System.String: -1*, <null>, Announce)
  	Notify(SharpMUSH.Library.Models.SharpPlayer: SharpMUSH.Library.Models.SharpPlayer, *System.String: -1*, <null>, Announce)
  	Notify(SharpMUSH.Library.Models.SharpPlayer: SharpMUSH.Library.Models.SharpPlayer, *System.String: -1*, <null>, Announce)
  	Notify(SharpMUSH.Library.Models.SharpPlayer: SharpMUSH.Library.Models.SharpPlayer, *System.String: -1*, <null>, Announce)
  	Notify(SharpMUSH.Library.Models.SharpPlayer: SharpMUSH.Library.Models.SharpPlayer, *System.String: -1*, <null>, Announce)
  	Notify(SharpMUSH.Library.Models.SharpPlayer: SharpMUSH.Library.Models.SharpPlayer, *System.String: -1*, <null>, Announce)
  	Notify(SharpMUSH.Library.Models.SharpPlayer: SharpMUSH.Library.Models.SharpPlayer, *System.String: -1*, <null>, Announce)
  	Notify(SharpMUSH.Library.Models.SharpPlayer: SharpMUSH.Library.Models.SharpPlayer, *System.String: -1*, <null>, Announce)
  	Notify(SharpMUSH.Library.Models.SharpPlayer: SharpMUSH.Library.Models.SharpPlayer, *System.String: -1*, <null>, Announce)
  	Notify(SharpMUSH.Library.Models.SharpPlayer: SharpMUSH.Library.Models.SharpPlayer, *System.String: -1*, <null>, Announce)
  	Notify(SharpMUSH.Library.Models.SharpPlayer: SharpMUSH.Library.Models.SharpPlayer, *System.String: -1*, <null>, Announce)
  	Notify(SharpMUSH.Library.Models.SharpPlayer: SharpMUSH.Library.Models.SharpPlayer, *System.String: -1*, <null>, Announce)
  	Notify(SharpMUSH.Library.Models.SharpPlayer: SharpMUSH.Library.Models.SharpPlayer, *System.String: -1*, <null>, Announce)
  	Notify(SharpMUSH.Library.Models.SharpPlayer: SharpMUSH.Library.Models.SharpPlayer, *System.String: -1*, <null>, Announce)
  	Notify(SharpMUSH.Library.Models.SharpPlayer: SharpMUSH.Library.Models.SharpPlayer, *System.String: -1*, <null>, Announce)
  	Notify(SharpMUSH.Library.Models.SharpPlayer: SharpMUSH.Library.Models.SharpPlayer, *System.String: -1*, <null>, Announce)
  	Notify(SharpMUSH.Library.Models.SharpPlayer: SharpMUSH.Library.Models.SharpPlayer, *System.String: -1*, <null>, Announce)
  	Notify(SharpMUSH.Library.Models.SharpPlayer: SharpMUSH.Library.Models.SharpPlayer, *System.String: -1*, <null>, Announce)
  	Notify(SharpMUSH.Library.Models.SharpPlayer: SharpMUSH.Library.Models.SharpPlayer, *System.String: -1*, <null>, Announce)
  	Notify(SharpMUSH.Library.Models.SharpPlayer: SharpMUSH.Library.Models.SharpPlayer, *System.String: -1*, <null>, Announce)
  	Notify(SharpMUSH.Library.Models.SharpPlayer: SharpMUSH.Library.Models.SharpPlayer, *System.String: -1*, <null>, Announce)
  	Notify(SharpMUSH.Library.Models.SharpPlayer: SharpMUSH.Library.Models.SharpPlayer, *System.String: -1*, <null>, Announce)
  	Notify(SharpMUSH.Library.Models.SharpPlayer: SharpMUSH.Library.Models.SharpPlayer, *System.String: -1*, <null>, Announce)
  	Notify(SharpMUSH.Library.Models.SharpPlayer: SharpMUSH.Library.Models.SharpPlayer, *System.String: -1*, <null>, Announce)
  	Notify(SharpMUSH.Library.Models.SharpPlayer: SharpMUSH.Library.Models.SharpPlayer, *System.String: -1*, <null>, Announce)
  	Notify(SharpMUSH.Library.Models.SharpPlayer: SharpMUSH.Library.Models.SharpPlayer, *System.String: -1*, <null>, Announce)
  	Notify(SharpMUSH.Library.Models.SharpPlayer: SharpMUSH.Library.Models.SharpPlayer, *System.String: -1*, <null>, Announce)
  	Notify(SharpMUSH.Library.Models.SharpPlayer: SharpMUSH.Library.Models.SharpPlayer, *System.String: -1*, <null>, Announce)
  	Notify(SharpMUSH.Library.Models.SharpPlayer: SharpMUSH.Library.Models.SharpPlayer, *System.String: -1*, <null>, Announce)
  	Notify(SharpMUSH.Library.Models.SharpPlayer: SharpMUSH.Library.Models.SharpPlayer, *System.String: -1*, <null>, Announce)
  	Notify(SharpMUSH.Library.Models.SharpPlayer: SharpMUSH.Library.Models.SharpPlayer, *System.String: -1*, <null>, Announce)
  	Notify(SharpMUSH.Library.Models.SharpPlayer: SharpMUSH.Library.Models.SharpPlayer, *System.String: -1*, <null>, Announce)
  	Notify(SharpMUSH.Library.Models.SharpPlayer: SharpMUSH.Library.Models.SharpPlayer, *System.String: -1*, <null>, Announce)
  	Notify(SharpMUSH.Library.Models.SharpPlayer: SharpMUSH.Library.Models.SharpPlayer, *System.String: -1*, <null>, Announce)
  	Notify(SharpMUSH.Library.Models.SharpPlayer: SharpMUSH.Library.Models.SharpPlayer, *System.String: -1*, <null>, Announce)
  	Notify(SharpMUSH.Library.Models.SharpPlayer: SharpMUSH.Library.Models.SharpPlayer, *System.String: -1*, <null>, Announce)
  	Notify(SharpMUSH.Library.Models.SharpPlayer: SharpMUSH.Library.Models.SharpPlayer, *System.String: -1*, <null>, Announce)
  	Notify(SharpMUSH.Library.Models.SharpPlayer: SharpMUSH.Library.Models.SharpPlayer, *System.String: -1*, <null>, Announce)
  	Notify(SharpMUSH.Library.Models.SharpPlayer: SharpMUSH.Library.Models.SharpPlayer, *System.String: -1*, <null>, Announce)
  	Notify(SharpMUSH.Library.Models.SharpPlayer: SharpMUSH.Library.Models.SharpPlayer, *System.String: -1*, <null>, Announce)
  	Notify(SharpMUSH.Library.Models.SharpPlayer: SharpMUSH.Library.Models.SharpPlayer, *System.String: -1*, <null>, Announce)
  	Notify(SharpMUSH.Library.Models.SharpPlayer: SharpMUSH.Library.Models.SharpPlayer, *System.String: -1*, <null>, Announce)
  	Notify(SharpMUSH.Library.Models.SharpPlayer: SharpMUSH.Library.Models.SharpPlayer, *System.String: -1*, <null>, Announce)
  	Notify(SharpMUSH.Library.Models.SharpPlayer: SharpMUSH.Library.Models.SharpPlayer, *System.String: -1*, <null>, Announce)
  	Notify(SharpMUSH.Library.Models.SharpPlayer: SharpMUSH.Library.Models.SharpPlayer, *System.String: -1*, <null>, Announce)
  	Notify(SharpMUSH.Library.Models.SharpPlayer: SharpMUSH.Library.Models.SharpPlayer, *System.String: -1*, <null>, Announce)
  	Notify(SharpMUSH.Library.Models.SharpPlayer: SharpMUSH.Library.Models.SharpPlayer, *System.String: -1*, <null>, Announce)
  	Notify(SharpMUSH.Library.Models.SharpPlayer: SharpMUSH.Library.Models.SharpPlayer, *System.String: -1*, <null>, Announce)
  	Notify(SharpMUSH.Library.Models.SharpPlayer: SharpMUSH.Library.Models.SharpPlayer, *System.String: -1*, <null>, Announce)
  	Notify(SharpMUSH.Library.Models.SharpPlayer: SharpMUSH.Library.Models.SharpPlayer, *System.String: -1*, <null>, Announce)
  	Notify(SharpMUSH.Library.Models.SharpPlayer: SharpMUSH.Library.Models.SharpPlayer, *System.String: -1*, <null>, Announce)
  	Notify(SharpMUSH.Library.Models.SharpPlayer: SharpMUSH.Library.Models.SharpPlayer, *System.String: -1*, <null>, Announce)
  	Notify(SharpMUSH.Library.Models.SharpPlayer: SharpMUSH.Library.Models.SharpPlayer, *System.String: -1*, <null>, Announce)
  	Notify(SharpMUSH.Library.Models.SharpPlayer: SharpMUSH.Library.Models.SharpPlayer, *System.String: -1*, <null>, Announce)
  	Notify(SharpMUSH.Library.Models.SharpPlayer: SharpMUSH.Library.Models.SharpPlayer, *System.String: -1*, <null>, Announce)
  	Notify(SharpMUSH.Library.Models.SharpPlayer: SharpMUSH.Library.Models.SharpPlayer, *System.String: -1*, <null>, Announce)
  	Notify(SharpMUSH.Library.Models.SharpPlayer: SharpMUSH.Library.Models.SharpPlayer, *System.String: -1*, <null>, Announce)
  	Notify(SharpMUSH.Library.Models.SharpPlayer: SharpMUSH.Library.Models.SharpPlayer, *System.String: -1*, <null>, Announce)
  	Notify(SharpMUSH.Library.Models.SharpPlayer: SharpMUSH.Library.Models.SharpPlayer, *System.String: -1*, <null>, Announce)
  	Notify(SharpMUSH.Library.Models.SharpPlayer: SharpMUSH.Library.Models.SharpPlayer, *System.String: -1*, <null>, Announce)
  	Notify(SharpMUSH.Library.Models.SharpPlayer: SharpMUSH.Library.Models.SharpPlayer, *System.String: -1*, <null>, Announce)
  	Notify(SharpMUSH.Library.Models.SharpPlayer: SharpMUSH.Library.Models.SharpPlayer, *System.String: -1*, <null>, Announce)
  	Notify(SharpMUSH.Library.Models.SharpPlayer: SharpMUSH.Library.Models.SharpPlayer, *System.String: -1*, <null>, Announce)
  	Notify(SharpMUSH.Library.Models.SharpPlayer: SharpMUSH.Library.Models.SharpPlayer, *System.String: -1*, <null>, Announce)
  	Notify(SharpMUSH.Library.Models.SharpPlayer: SharpMUSH.Library.Models.SharpPlayer, *System.String: -1*, <null>, Announce)
  	Notify(SharpMUSH.Library.Models.SharpPlayer: SharpMUSH.Library.Models.SharpPlayer, *System.String: -1*, <null>, Announce)
  	Notify(SharpMUSH.Library.Models.SharpPlayer: SharpMUSH.Library.Models.SharpPlayer, *System.String: -1*, <null>, Announce)
  	Notify(SharpMUSH.Library.Models.SharpPlayer: SharpMUSH.Library.Models.SharpPlayer, *System.String: -1*, <null>, Announce)
  	Notify(SharpMUSH.Library.Models.SharpPlayer: SharpMUSH.Library.Models.SharpPlayer, *System.String: -1*, <null>, Announce)
  	Notify(SharpMUSH.Library.Models.SharpPlayer: SharpMUSH.Library.Models.SharpPlayer, *System.String: -1*, <null>, Announce)
  	Notify(SharpMUSH.Library.Models.SharpPlayer: SharpMUSH.Library.Models.SharpPlayer, *System.String: -1*, <null>, Announce)
  	Notify(SharpMUSH.Library.Models.SharpPlayer: SharpMUSH.Library.Models.SharpPlayer, *System.String: -1*, <null>, Announce)
  	Notify(SharpMUSH.Library.Models.SharpPlayer: SharpMUSH.Library.Models.SharpPlayer, *System.String: -1*, <null>, Announce)
  	Notify(SharpMUSH.Library.Models.SharpPlayer: SharpMUSH.Library.Models.SharpPlayer, *System.String: -1*, <null>, Announce)
  	Notify(SharpMUSH.Library.Models.SharpPlayer: SharpMUSH.Library.Models.SharpPlayer, *System.String: -1*, <null>, Announce)
  	Notify(SharpMUSH.Library.Models.SharpPlayer: SharpMUSH.Library.Models.SharpPlayer, *System.String: -1*, <null>, Announce)
  	Notify(SharpMUSH.Library.Models.SharpPlayer: SharpMUSH.Library.Models.SharpPlayer, *System.String: -1*, <null>, Announce)
  	Notify(SharpMUSH.Library.Models.SharpPlayer: SharpMUSH.Library.Models.SharpPlayer, *System.String: -1*, <null>, Announce)
  	Notify(SharpMUSH.Library.Models.SharpPlayer: SharpMUSH.Library.Models.SharpPlayer, *System.String: -1*, <null>, Announce)
  	Notify(SharpMUSH.Library.Models.SharpPlayer: SharpMUSH.Library.Models.SharpPlayer, *System.String: -1*, <null>, Announce)
  	Notify(SharpMUSH.Library.Models.SharpPlayer: SharpMUSH.Library.Models.SharpPlayer, *System.String: -1*, <null>, Announce)
  	Notify(SharpMUSH.Library.Models.SharpPlayer: SharpMUSH.Library.Models.SharpPlayer, *System.String: -1*, <null>, Announce)
  	Notify(SharpMUSH.Library.Models.SharpPlayer: SharpMUSH.Library.Models.SharpPlayer, *System.String: -1*, <null>, Announce)
  	Notify(SharpMUSH.Library.Models.SharpPlayer: SharpMUSH.Library.Models.SharpPlayer, *System.String: -1*, <null>, Announce)
  	Notify(SharpMUSH.Library.Models.SharpPlayer: SharpMUSH.Library.Models.SharpPlayer, *System.String: -1*, <null>, Announce)
  	Notify(SharpMUSH.Library.Models.SharpPlayer: SharpMUSH.Library.Models.SharpPlayer, *System.String: -1*, <null>, Announce)
  	Notify(SharpMUSH.Library.Models.SharpPlayer: SharpMUSH.Library.Models.SharpPlayer, *System.String: -1*, <null>, Announce)
  	Notify(SharpMUSH.Library.Models.SharpPlayer: SharpMUSH.Library.Models.SharpPlayer, *System.String: -1*, <null>, Announce)
  	Notify(SharpMUSH.Library.Models.SharpPlayer: SharpMUSH.Library.Models.SharpPlayer, *System.String: -1*, <null>, Announce)
  	Notify(SharpMUSH.Library.Models.SharpPlayer: SharpMUSH.Library.Models.SharpPlayer, *System.String: -1*, <null>, Announce)
  	Notify(SharpMUSH.Library.Models.SharpPlayer: SharpMUSH.Library.Models.SharpPlayer, *System.String: -1*, <null>, Announce)
  	Notify(SharpMUSH.Library.Models.SharpPlayer: SharpMUSH.Library.Models.SharpPlayer, *System.String: -1*, <null>, Announce)
  	Notify(SharpMUSH.Library.Models.SharpPlayer: SharpMUSH.Library.Models.SharpPlayer, *System.String: -1*, <null>, Announce)
  	Notify(SharpMUSH.Library.Models.SharpPlayer: SharpMUSH.Library.Models.SharpPlayer, *System.String: -1*, <null>, Announce)
  	Notify(SharpMUSH.Library.Models.SharpPlayer: SharpMUSH.Library.Models.SharpPlayer, *System.String: -1*, <null>, Announce)
  	Notify(SharpMUSH.Library.Models.SharpPlayer: SharpMUSH.Library.Models.SharpPlayer, *System.String: -1*, <null>, Announce)
  	Notify(SharpMUSH.Library.Models.SharpPlayer: SharpMUSH.Library.Models.SharpPlayer, *System.String: -1*, <null>, Announce)
  	Notify(SharpMUSH.Library.Models.SharpPlayer: SharpMUSH.Library.Models.SharpPlayer, *System.String: -1*, <null>, Announce)
  	Notify(SharpMUSH.Library.Models.SharpPlayer: SharpMUSH.Library.Models.SharpPlayer, *System.String: -1*, <null>, Announce)
  	Notify(SharpMUSH.Library.Models.SharpPlayer: SharpMUSH.Library.Models.SharpPlayer, *System.String: -1*, <null>, Announce)
  	Notify(SharpMUSH.Library.Models.SharpPlayer: SharpMUSH.Library.Models.SharpPlayer, *System.String: -1*, <null>, Announce)
  	Notify(SharpMUSH.Library.Models.SharpPlayer: SharpMUSH.Library.Models.SharpPlayer, *System.String: -1*, <null>, Announce)
  	Notify(SharpMUSH.Library.Models.SharpPlayer: SharpMUSH.Library.Models.SharpPlayer, *System.String: -1*, <null>, Announce)
  	Notify(SharpMUSH.Library.Models.SharpPlayer: SharpMUSH.Library.Models.SharpPlayer, *System.String: -1*, <null>, Announce)
  	Notify(SharpMUSH.Library.Models.SharpPlayer: SharpMUSH.Library.Models.SharpPlayer, *System.String: -1*, <null>, Announce)
  	Notify(SharpMUSH.Library.Models.SharpPlayer: SharpMUSH.Library.Models.SharpPlayer, *System.String: -1*, <null>, Announce)
  	Notify(SharpMUSH.Library.Models.SharpPlayer: SharpMUSH.Library.Models.SharpPlayer, *System.String: -1*, <null>, Announce)
  	Notify(SharpMUSH.Library.Models.SharpPlayer: SharpMUSH.Library.Models.SharpPlayer, *System.String: -1*, <null>, Announce)
  	Notify(SharpMUSH.Library.Models.SharpPlayer: SharpMUSH.Library.Models.SharpPlayer, *System.String: -1*, <null>, Announce)
  	Notify(SharpMUSH.Library.Models.SharpPlayer: SharpMUSH.Library.Models.SharpPlayer, *System.String: -1*, <null>, Announce)
  	Notify(SharpMUSH.Library.Models.SharpPlayer: SharpMUSH.Library.Models.SharpPlayer, *System.String: -1*, <null>, Announce)
  	Notify(SharpMUSH.Library.Models.SharpPlayer: SharpMUSH.Library.Models.SharpPlayer, *System.String: -1*, <null>, Announce)
  	Notify(SharpMUSH.Library.Models.SharpPlayer: SharpMUSH.Library.Models.SharpPlayer, *System.String: -1*, <null>, Announce)
  	Notify(SharpMUSH.Library.Models.SharpPlayer: SharpMUSH.Library.Models.SharpPlayer, *System.String: -1*, <null>, Announce)
  	Notify(SharpMUSH.Library.Models.SharpPlayer: SharpMUSH.Library.Models.SharpPlayer, *System.String: -1*, <null>, Announce)
  	Notify(SharpMUSH.Library.Models.SharpPlayer: SharpMUSH.Library.Models.SharpPlayer, *System.String: -1*, <null>, Announce)
  	Notify(SharpMUSH.Library.Models.SharpPlayer: SharpMUSH.Library.Models.SharpPlayer, *System.String: -1*, <null>, Announce)
  	Notify(SharpMUSH.Library.Models.SharpPlayer: SharpMUSH.Library.Models.SharpPlayer, *System.String: -1*, <null>, Announce)
  	Notify(SharpMUSH.Library.Models.SharpPlayer: SharpMUSH.Library.Models.SharpPlayer, *System.String: -1*, <null>, Announce)
  	Notify(SharpMUSH.Library.Models.SharpPlayer: SharpMUSH.Library.Models.SharpPlayer, *System.String: -1*, <null>, Announce)
  	Notify(SharpMUSH.Library.Models.SharpPlayer: SharpMUSH.Library.Models.SharpPlayer, *System.String: -1*, <null>, Announce)
  	Notify(SharpMUSH.Library.Models.SharpPlayer: SharpMUSH.Library.Models.SharpPlayer, *System.String: -1*, <null>, Announce)
  	Notify(SharpMUSH.Library.Models.SharpPlayer: SharpMUSH.Library.Models.SharpPlayer, *System.String: -1*, <null>, Announce)
  	Notify(SharpMUSH.Library.Models.SharpPlayer: SharpMUSH.Library.Models.SharpPlayer, *System.String: -1*, <null>, Announce)
  	Notify(SharpMUSH.Library.Models.SharpPlayer: SharpMUSH.Library.Models.SharpPlayer, *System.String: -1*, <null>, Announce)
  	Notify(SharpMUSH.Library.Models.SharpPlayer: SharpMUSH.Library.Models.SharpPlayer, *System.String: -1*, <null>, Announce)
  	Notify(SharpMUSH.Library.Models.SharpPlayer: SharpMUSH.Library.Models.SharpPlayer, *System.String: -1*, <null>, Announce)
  	Notify(SharpMUSH.Library.Models.SharpPlayer: SharpMUSH.Library.Models.SharpPlayer, *System.String: -1*, <null>, Announce)
  	Notify(SharpMUSH.Library.Models.SharpPlayer: SharpMUSH.Library.Models.SharpPlayer, *System.String: -1*, <null>, Announce)
  	Notify(SharpMUSH.Library.Models.SharpPlayer: SharpMUSH.Library.Models.SharpPlayer, *System.String: -1*, <null>, Announce)
  	Notify(SharpMUSH.Library.Models.SharpPlayer: SharpMUSH.Library.Models.SharpPlayer, *System.String: -1*, <null>, Announce)
  	Notify(SharpMUSH.Library.Models.SharpPlayer: SharpMUSH.Library.Models.SharpPlayer, *System.String: -1*, <null>, Announce)
  	Notify(SharpMUSH.Library.Models.SharpPlayer: SharpMUSH.Library.Models.SharpPlayer, *System.String: -1*, <null>, Announce)
  	Notify(SharpMUSH.Library.Models.SharpPlayer: SharpMUSH.Library.Models.SharpPlayer, *System.String: -1*, <null>, Announce)
  	Notify(SharpMUSH.Library.Models.SharpPlayer: SharpMUSH.Library.Models.SharpPlayer, *System.String: -1*, <null>, Announce)
  	Notify(SharpMUSH.Library.Models.SharpPlayer: SharpMUSH.Library.Models.SharpPlayer, *System.String: -1*, <null>, Announce)
  	Notify(SharpMUSH.Library.Models.SharpPlayer: SharpMUSH.Library.Models.SharpPlayer, *System.String: -1*, <null>, Announce)
  	Notify(SharpMUSH.Library.Models.SharpPlayer: SharpMUSH.Library.Models.SharpPlayer, *System.String: -1*, <null>, Announce)
  	Notify(SharpMUSH.Library.Models.SharpPlayer: SharpMUSH.Library.Models.SharpPlayer, *System.String: -1*, <null>, Announce)
  	Notify(SharpMUSH.Library.Models.SharpPlayer: SharpMUSH.Library.Models.SharpPlayer, *System.String: -1*, <null>, Announce)
  	Notify(SharpMUSH.Library.Models.SharpPlayer: SharpMUSH.Library.Models.SharpPlayer, *System.String: -1*, <null>, Announce)
  	Notify(SharpMUSH.Library.Models.SharpPlayer: SharpMUSH.Library.Models.SharpPlayer, *System.String: -1*, <null>, Announce)
  	Notify(SharpMUSH.Library.Models.SharpPlayer: SharpMUSH.Library.Models.SharpPlayer, *System.String: -1*, <null>, Announce)
  	Notify(SharpMUSH.Library.Models.SharpPlayer: SharpMUSH.Library.Models.SharpPlayer, *System.String: -1*, <null>, Announce)
  	Notify(SharpMUSH.Library.Models.SharpPlayer: SharpMUSH.Library.Models.SharpPlayer, *System.String: -1*, <null>, Announce)
  	Notify(SharpMUSH.Library.Models.SharpPlayer: SharpMUSH.Library.Models.SharpPlayer, *System.String: -1*, <null>, Announce)
  	Notify(SharpMUSH.Library.Models.SharpPlayer: SharpMUSH.Library.Models.SharpPlayer, *System.String: -1*, <null>, Announce)
  	Notify(SharpMUSH.Library.Models.SharpPlayer: SharpMUSH.Library.Models.SharpPlayer, *System.String: -1*, <null>, Announce)
  	Notify(SharpMUSH.Library.Models.SharpPlayer: SharpMUSH.Library.Models.SharpPlayer, *System.String: -1*, <null>, Announce)
  	Notify(SharpMUSH.Library.Models.SharpPlayer: SharpMUSH.Library.Models.SharpPlayer, *System.String: -1*, <null>, Announce)
  	Notify(SharpMUSH.Library.Models.SharpPlayer: SharpMUSH.Library.Models.SharpPlayer, *System.String: -1*, <null>, Announce)
  	Notify(SharpMUSH.Library.Models.SharpPlayer: SharpMUSH.Library.Models.SharpPlayer, *System.String: -1*, <null>, Announce)
  	Notify(SharpMUSH.Library.Models.SharpPlayer: SharpMUSH.Library.Models.SharpPlayer, *System.String: -1*, <null>, Announce)
  	Notify(SharpMUSH.Library.Models.SharpPlayer: SharpMUSH.Library.Models.SharpPlayer, *System.String: -1*, <null>, Announce)
  	Notify(SharpMUSH.Library.Models.SharpPlayer: SharpMUSH.Library.Models.SharpPlayer, *System.String: -1*, <null>, Announce)
  	Notify(SharpMUSH.Library.Models.SharpPlayer: SharpMUSH.Library.Models.SharpPlayer, *System.String: -1*, <null>, Announce)
  	Notify(SharpMUSH.Library.Models.SharpPlayer: SharpMUSH.Library.Models.SharpPlayer, *System.String: -1*, <null>, Announce)
  	Notify(SharpMUSH.Library.Models.SharpPlayer: SharpMUSH.Library.Models.SharpPlayer, *System.String: -1*, <null>, Announce)
  	Notify(SharpMUSH.Library.Models.SharpPlayer: SharpMUSH.Library.Models.SharpPlayer, *System.String: -1*, <null>, Announce)
  	Notify(SharpMUSH.Library.Models.SharpPlayer: SharpMUSH.Library.Models.SharpPlayer, *System.String: -1*, <null>, Announce)
  	Notify(SharpMUSH.Library.Models.SharpPlayer: SharpMUSH.Library.Models.SharpPlayer, *System.String: -1*, <null>, Announce)
  	Notify(SharpMUSH.Library.Models.SharpPlayer: SharpMUSH.Library.Models.SharpPlayer, *System.String: -1*, <null>, Announce)
  	Notify(SharpMUSH.Library.Models.SharpPlayer: SharpMUSH.Library.Models.SharpPlayer, *System.String: -1*, <null>, Announce)
  	Notify(SharpMUSH.Library.Models.SharpPlayer: SharpMUSH.Library.Models.SharpPlayer, *System.String: -1*, <null>, Announce)
  	Notify(SharpMUSH.Library.Models.SharpPlayer: SharpMUSH.Library.Models.SharpPlayer, *System.String: -1*, <null>, Announce)
  	Notify(SharpMUSH.Library.Models.SharpPlayer: SharpMUSH.Library.Models.SharpPlayer, *System.String: -1*, <null>, Announce)
  	Notify(SharpMUSH.Library.Models.SharpPlayer: SharpMUSH.Library.Models.SharpPlayer, *System.String: -1*, <null>, Announce)
  	Notify(SharpMUSH.Library.Models.SharpPlayer: SharpMUSH.Library.Models.SharpPlayer, *System.String: -1*, <null>, Announce)
  	Notify(SharpMUSH.Library.Models.SharpPlayer: SharpMUSH.Library.Models.SharpPlayer, *System.String: -1*, <null>, Announce)
  	Notify(SharpMUSH.Library.Models.SharpPlayer: SharpMUSH.Library.Models.SharpPlayer, *System.String: -1*, <null>, Announce)
  	Notify(SharpMUSH.Library.Models.SharpPlayer: SharpMUSH.Library.Models.SharpPlayer, *System.String: -1*, <null>, Announce)
  	Notify(SharpMUSH.Library.Models.SharpPlayer: SharpMUSH.Library.Models.SharpPlayer, *System.String: -1*, <null>, Announce)
  	Notify(SharpMUSH.Library.Models.SharpPlayer: SharpMUSH.Library.Models.SharpPlayer, *System.String: -1*, <null>, Announce)
  	Notify(SharpMUSH.Library.Models.SharpPlayer: SharpMUSH.Library.Models.SharpPlayer, *System.String: -1*, <null>, Announce)
  	Notify(SharpMUSH.Library.Models.SharpPlayer: SharpMUSH.Library.Models.SharpPlayer, *System.String: -1*, <null>, Announce)
  	Notify(SharpMUSH.Library.Models.SharpPlayer: SharpMUSH.Library.Models.SharpPlayer, *System.String: -1*, <null>, Announce)
  	Notify(SharpMUSH.Library.Models.SharpPlayer: SharpMUSH.Library.Models.SharpPlayer, *System.String: -1*, <null>, Announce)
  	Notify(SharpMUSH.Library.Models.SharpPlayer: SharpMUSH.Library.Models.SharpPlayer, *System.String: -1*, <null>, Announce)
  	Notify(SharpMUSH.Library.Models.SharpPlayer: SharpMUSH.Library.Models.SharpPlayer, *System.String: -1*, <null>, Announce)
  	Notify(SharpMUSH.Library.Models.SharpPlayer: SharpMUSH.Library.Models.SharpPlayer, *System.String: -1*, <null>, Announce)
  	Notify(SharpMUSH.Library.Models.SharpPlayer: SharpMUSH.Library.Models.SharpPlayer, *System.String: -1*, <null>, Announce)
  	Notify(SharpMUSH.Library.Models.SharpPlayer: SharpMUSH.Library.Models.SharpPlayer, *System.String: -1*, <null>, Announce)
  	Notify(SharpMUSH.Library.Models.SharpPlayer: SharpMUSH.Library.Models.SharpPlayer, *System.String: -1*, <null>, Announce)
  	Notify(SharpMUSH.Library.Models.SharpPlayer: SharpMUSH.Library.Models.SharpPlayer, *System.String: -1*, <null>, Announce)
  	Notify(SharpMUSH.Library.Models.SharpPlayer: SharpMUSH.Library.Models.SharpPlayer, *System.String: -1*, <null>, Announce)
  	Notify(SharpMUSH.Library.Models.SharpPlayer: SharpMUSH.Library.Models.SharpPlayer, *System.String: -1*, <null>, Announce)
  	Notify(SharpMUSH.Library.Models.SharpPlayer: SharpMUSH.Library.Models.SharpPlayer, *System.String: -1*, <null>, Announce)
  	Notify(SharpMUSH.Library.Models.SharpPlayer: SharpMUSH.Library.Models.SharpPlayer, *System.String: -1*, <null>, Announce)
  	Notify(SharpMUSH.Library.Models.SharpPlayer: SharpMUSH.Library.Models.SharpPlayer, *System.String: -1*, <null>, Announce)
  	Notify(SharpMUSH.Library.Models.SharpPlayer: SharpMUSH.Library.Models.SharpPlayer, *System.String: -1*, <null>, Announce)
  	Notify(SharpMUSH.Library.Models.SharpPlayer: SharpMUSH.Library.Models.SharpPlayer, *System.String: -1*, <null>, Announce)
  	Notify(SharpMUSH.Library.Models.SharpPlayer: SharpMUSH.Library.Models.SharpPlayer, *System.String: -1*, <null>, Announce)
  	Notify(SharpMUSH.Library.Models.SharpPlayer: SharpMUSH.Library.Models.SharpPlayer, *System.String: -1*, <null>, Announce)
  	Notify(SharpMUSH.Library.Models.SharpPlayer: SharpMUSH.Library.Models.SharpPlayer, *System.String: -1*, <null>, Announce)
  	Notify(SharpMUSH.Library.Models.SharpPlayer: SharpMUSH.Library.Models.SharpPlayer, *System.String: -1*, <null>, Announce)
  	Notify(SharpMUSH.Library.Models.SharpPlayer: SharpMUSH.Library.Models.SharpPlayer, *System.String: -1*, <null>, Announce)
  	Notify(SharpMUSH.Library.Models.SharpPlayer: SharpMUSH.Library.Models.SharpPlayer, *System.String: -1*, <null>, Announce)
  	Notify(SharpMUSH.Library.Models.SharpPlayer: SharpMUSH.Library.Models.SharpPlayer, *System.String: -1*, <null>, Announce)
  	Notify(SharpMUSH.Library.Models.SharpPlayer: SharpMUSH.Library.Models.SharpPlayer, *System.String: -1*, <null>, Announce)
  	Notify(SharpMUSH.Library.Models.SharpPlayer: SharpMUSH.Library.Models.SharpPlayer, *System.String: -1*, <null>, Announce)
  	Notify(SharpMUSH.Library.Models.SharpPlayer: SharpMUSH.Library.Models.SharpPlayer, *System.String: -1*, <null>, Announce)
  	Notify(SharpMUSH.Library.Models.SharpPlayer: SharpMUSH.Library.Models.SharpPlayer, *System.String: -1*, <null>, Announce)
  	Notify(SharpMUSH.Library.Models.SharpPlayer: SharpMUSH.Library.Models.SharpPlayer, *System.String: -1*, <null>, Announce)
  	Notify(SharpMUSH.Library.Models.SharpPlayer: SharpMUSH.Library.Models.SharpPlayer, *System.String: -1*, <null>, Announce)
  	Notify(SharpMUSH.Library.Models.SharpPlayer: SharpMUSH.Library.Models.SharpPlayer, *System.String: -1*, <null>, Announce)
  	Notify(SharpMUSH.Library.Models.SharpPlayer: SharpMUSH.Library.Models.SharpPlayer, *System.String: -1*, <null>, Announce)
  	Notify(SharpMUSH.Library.Models.SharpPlayer: SharpMUSH.Library.Models.SharpPlayer, *System.String: -1*, <null>, Announce)
  	Notify(SharpMUSH.Library.Models.SharpPlayer: SharpMUSH.Library.Models.SharpPlayer, *System.String: -1*, <null>, Announce)
  	Notify(SharpMUSH.Library.Models.SharpPlayer: SharpMUSH.Library.Models.SharpPlayer, *System.String: -1*, <null>, Announce)
  	Notify(SharpMUSH.Library.Models.SharpPlayer: SharpMUSH.Library.Models.SharpPlayer, *System.String: -1*, <null>, Announce)
  	Notify(SharpMUSH.Library.Models.SharpPlayer: SharpMUSH.Library.Models.SharpPlayer, *System.String: -1*, <null>, Announce)
  	Notify(SharpMUSH.Library.Models.SharpPlayer: SharpMUSH.Library.Models.SharpPlayer, *System.String: -1*, <null>, Announce)
  	Notify(SharpMUSH.Library.Models.SharpPlayer: SharpMUSH.Library.Models.SharpPlayer, *System.String: -1*, <null>, Announce)
  	Notify(SharpMUSH.Library.Models.SharpPlayer: SharpMUSH.Library.Models.SharpPlayer, *System.String: -1*, <null>, Announce)
  	Notify(SharpMUSH.Library.Models.SharpPlayer: SharpMUSH.Library.Models.SharpPlayer, *System.String: -1*, <null>, Announce)
  	Notify(SharpMUSH.Library.Models.SharpPlayer: SharpMUSH.Library.Models.SharpPlayer, *System.String: -1*, <null>, Announce)
  	Notify(SharpMUSH.Library.Models.SharpPlayer: SharpMUSH.Library.Models.SharpPlayer, *System.String: -1*, <null>, Announce)
  	Notify(SharpMUSH.Library.Models.SharpPlayer: SharpMUSH.Library.Models.SharpPlayer, *System.String: -1*, <null>, Announce)
  	Notify(SharpMUSH.Library.Models.SharpPlayer: SharpMUSH.Library.Models.SharpPlayer, *System.String: -1*, <null>, Announce)
  	Notify(SharpMUSH.Library.Models.SharpPlayer: SharpMUSH.Library.Models.SharpPlayer, *System.String: -1*, <null>, Announce)
  	Notify(SharpMUSH.Library.Models.SharpPlayer: SharpMUSH.Library.Models.SharpPlayer, *System.String: -1*, <null>, Announce)
  	Notify(SharpMUSH.Library.Models.SharpPlayer: SharpMUSH.Library.Models.SharpPlayer, *System.String: -1*, <null>, Announce)
  	Notify(SharpMUSH.Library.Models.SharpPlayer: SharpMUSH.Library.Models.SharpPlayer, *System.String: -1*, <null>, Announce)
  	Notify(SharpMUSH.Library.Models.SharpPlayer: SharpMUSH.Library.Models.SharpPlayer, *System.String: -1*, <null>, Announce)
  	Notify(SharpMUSH.Library.Models.SharpPlayer: SharpMUSH.Library.Models.SharpPlayer, *System.String: -1*, <null>, Announce)
  	Notify(SharpMUSH.Library.Models.SharpPlayer: SharpMUSH.Library.Models.SharpPlayer, *System.String: -1*, <null>, Announce)
  	Notify(SharpMUSH.Library.Models.SharpPlayer: SharpMUSH.Library.Models.SharpPlayer, *System.String: -1*, <null>, Announce)
  	Notify(SharpMUSH.Library.Models.SharpPlayer: SharpMUSH.Library.Models.SharpPlayer, *System.String: -1*, <null>, Announce)
  	Notify(SharpMUSH.Library.Models.SharpPlayer: SharpMUSH.Library.Models.SharpPlayer, *System.String: -1*, <null>, Announce)
  	Notify(SharpMUSH.Library.Models.SharpPlayer: SharpMUSH.Library.Models.SharpPlayer, *System.String: -1*, <null>, Announce)
  	Notify(SharpMUSH.Library.Models.SharpPlayer: SharpMUSH.Library.Models.SharpPlayer, *System.String: -1*, <null>, Announce)
  	Notify(SharpMUSH.Library.Models.SharpPlayer: SharpMUSH.Library.Models.SharpPlayer, *System.String: -1*, <null>, Announce)
  	Notify(SharpMUSH.Library.Models.SharpPlayer: SharpMUSH.Library.Models.SharpPlayer, *System.String: -1*, <null>, Announce)
  	Notify(SharpMUSH.Library.Models.SharpPlayer: SharpMUSH.Library.Models.SharpPlayer, *System.String: -1*, <null>, Announce)
  	Notify(SharpMUSH.Library.Models.SharpPlayer: SharpMUSH.Library.Models.SharpPlayer, *System.String: -1*, <null>, Announce)
  	Notify(SharpMUSH.Library.Models.SharpPlayer: SharpMUSH.Library.Models.SharpPlayer, *System.String: -1*, <null>, Announce)
  	Notify(SharpMUSH.Library.Models.SharpPlayer: SharpMUSH.Library.Models.SharpPlayer, *System.String: -1*, <null>, Announce)
  	Notify(SharpMUSH.Library.Models.SharpPlayer: SharpMUSH.Library.Models.SharpPlayer, *System.String: -1*, <null>, Announce)
  	Notify(SharpMUSH.Library.Models.SharpPlayer: SharpMUSH.Library.Models.SharpPlayer, *System.String: -1*, <null>, Announce)
  	Notify(SharpMUSH.Library.Models.SharpPlayer: SharpMUSH.Library.Models.SharpPlayer, *System.String: -1*, <null>, Announce)
  	Notify(SharpMUSH.Library.Models.SharpPlayer: SharpMUSH.Library.Models.SharpPlayer, *System.String: -1*, <null>, Announce)
  	Notify(SharpMUSH.Library.Models.SharpPlayer: SharpMUSH.Library.Models.SharpPlayer, *System.String: -1*, <null>, Announce)
  	Notify(SharpMUSH.Library.Models.SharpPlayer: SharpMUSH.Library.Models.SharpPlayer, *System.String: -1*, <null>, Announce)
  	Notify(SharpMUSH.Library.Models.SharpPlayer: SharpMUSH.Library.Models.SharpPlayer, *System.String: -1*, <null>, Announce)
  	Notify(SharpMUSH.Library.Models.SharpPlayer: SharpMUSH.Library.Models.SharpPlayer, *System.String: -1*, <null>, Announce)
  	Notify(SharpMUSH.Library.Models.SharpPlayer: SharpMUSH.Library.Models.SharpPlayer, *System.String: -1*, <null>, Announce)
  	Notify(SharpMUSH.Library.Models.SharpPlayer: SharpMUSH.Library.Models.SharpPlayer, *System.String: -1*, <null>, Announce)
  	Notify(SharpMUSH.Library.Models.SharpPlayer: SharpMUSH.Library.Models.SharpPlayer, *System.String: -1*, <null>, Announce)
  	Notify(SharpMUSH.Library.Models.SharpPlayer: SharpMUSH.Library.Models.SharpPlayer, *System.String: -1*, <null>, Announce)
  	Notify(SharpMUSH.Library.Models.SharpPlayer: SharpMUSH.Library.Models.SharpPlayer, *System.String: -1*, <null>, Announce)
  	Notify(SharpMUSH.Library.Models.SharpPlayer: SharpMUSH.Library.Models.SharpPlayer, *System.String: -1*, <null>, Announce)
  	Notify(SharpMUSH.Library.Models.SharpPlayer: SharpMUSH.Library.Models.SharpPlayer, *System.String: -1*, <null>, Announce)
  	Notify(SharpMUSH.Library.Models.SharpPlayer: SharpMUSH.Library.Models.SharpPlayer, *System.String: -1*, <null>, Announce)
  	Notify(SharpMUSH.Library.Models.SharpPlayer: SharpMUSH.Library.Models.SharpPlayer, *System.String: -1*, <null>, Announce)
  	Notify(SharpMUSH.Library.Models.SharpPlayer: SharpMUSH.Library.Models.SharpPlayer, *System.String: -1*, <null>, Announce)
  	Notify(SharpMUSH.Library.Models.SharpPlayer: SharpMUSH.Library.Models.SharpPlayer, *System.String: -1*, <null>, Announce)
  	Notify(SharpMUSH.Library.Models.SharpPlayer: SharpMUSH.Library.Models.SharpPlayer, *System.String: -1*, <null>, Announce)
  	Notify(SharpMUSH.Library.Models.SharpPlayer: SharpMUSH.Library.Models.SharpPlayer, *System.String: -1*, <null>, Announce)
  	Notify(SharpMUSH.Library.Models.SharpPlayer: SharpMUSH.Library.Models.SharpPlayer, *System.String: -1*, <null>, Announce)
  	Notify(SharpMUSH.Library.Models.SharpPlayer: SharpMUSH.Library.Models.SharpPlayer, *System.String: -1*, <null>, Announce)
  	Notify(SharpMUSH.Library.Models.SharpPlayer: SharpMUSH.Library.Models.SharpPlayer, *System.String: -1*, <null>, Announce)
  	Notify(SharpMUSH.Library.Models.SharpPlayer: SharpMUSH.Library.Models.SharpPlayer, *System.String: -1*, <null>, Announce)
  	Notify(SharpMUSH.Library.Models.SharpPlayer: SharpMUSH.Library.Models.SharpPlayer, *System.String: -1*, <null>, Announce)
  	Notify(SharpMUSH.Library.Models.SharpPlayer: SharpMUSH.Library.Models.SharpPlayer, *System.String: -1*, <null>, Announce)
  	Notify(SharpMUSH.Library.Models.SharpPlayer: SharpMUSH.Library.Models.SharpPlayer, *System.String: -1*, <null>, Announce)
  	Notify(SharpMUSH.Library.Models.SharpPlayer: SharpMUSH.Library.Models.SharpPlayer, *System.String: -1*, <null>, Announce)
  	Notify(SharpMUSH.Library.Models.SharpPlayer: SharpMUSH.Library.Models.SharpPlayer, *System.String: -1*, <null>, Announce)
  	Notify(SharpMUSH.Library.Models.SharpPlayer: SharpMUSH.Library.Models.SharpPlayer, *System.String: -1*, <null>, Announce)
  	Notify(SharpMUSH.Library.Models.SharpPlayer: SharpMUSH.Library.Models.SharpPlayer, *System.String: -1*, <null>, Announce)
  	Notify(SharpMUSH.Library.Models.SharpPlayer: SharpMUSH.Library.Models.SharpPlayer, *System.String: -1*, <null>, Announce)
  	Notify(SharpMUSH.Library.Models.SharpPlayer: SharpMUSH.Library.Models.SharpPlayer, *System.String: -1*, <null>, Announce)
  	Notify(SharpMUSH.Library.Models.SharpPlayer: SharpMUSH.Library.Models.SharpPlayer, *System.String: -1*, <null>, Announce)
  	Notify(SharpMUSH.Library.Models.SharpPlayer: SharpMUSH.Library.Models.SharpPlayer, *System.String: -1*, <null>, Announce)
  	Notify(SharpMUSH.Library.Models.SharpPlayer: SharpMUSH.Library.Models.SharpPlayer, *System.String: -1*, <null>, Announce)
  	Notify(SharpMUSH.Library.Models.SharpPlayer: SharpMUSH.Library.Models.SharpPlayer, *System.String: -1*, <null>, Announce)
  	Notify(SharpMUSH.Library.Models.SharpPlayer: SharpMUSH.Library.Models.SharpPlayer, *System.String: -1*, <null>, Announce)
  	Notify(SharpMUSH.Library.Models.SharpPlayer: SharpMUSH.Library.Models.SharpPlayer, *System.String: -1*, <null>, Announce)
  	Notify(SharpMUSH.Library.Models.SharpPlayer: SharpMUSH.Library.Models.SharpPlayer, *System.String: -1*, <null>, Announce)
  	Notify(SharpMUSH.Library.Models.SharpPlayer: SharpMUSH.Library.Models.SharpPlayer, *System.String: -1*, <null>, Announce)
  	Notify(SharpMUSH.Library.Models.SharpPlayer: SharpMUSH.Library.Models.SharpPlayer, *System.String: -1*, <null>, Announce)
  	Notify(SharpMUSH.Library.Models.SharpPlayer: SharpMUSH.Library.Models.SharpPlayer, *System.String: -1*, <null>, Announce)
  	Notify(SharpMUSH.Library.Models.SharpPlayer: SharpMUSH.Library.Models.SharpPlayer, *System.String: -1*, <null>, Announce)
  	Notify(SharpMUSH.Library.Models.SharpPlayer: SharpMUSH.Library.Models.SharpPlayer, *System.String: -1*, <null>, Announce)
  	Notify(SharpMUSH.Library.Models.SharpPlayer: SharpMUSH.Library.Models.SharpPlayer, *System.String: -1*, <null>, Announce)
  	Notify(SharpMUSH.Library.Models.SharpPlayer: SharpMUSH.Library.Models.SharpPlayer, *System.String: -1*, <null>, Announce)
  	Notify(SharpMUSH.Library.Models.SharpPlayer: SharpMUSH.Library.Models.SharpPlayer, *System.String: -1*, <null>, Announce)
  	Notify(SharpMUSH.Library.Models.SharpPlayer: SharpMUSH.Library.Models.SharpPlayer, *System.String: -1*, <null>, Announce)
  	Notify(SharpMUSH.Library.Models.SharpPlayer: SharpMUSH.Library.Models.SharpPlayer, *System.String: -1*, <null>, Announce)
  	Notify(SharpMUSH.Library.Models.SharpPlayer: SharpMUSH.Library.Models.SharpPlayer, *System.String: -1*, <null>, Announce)
  	Notify(SharpMUSH.Library.Models.SharpPlayer: SharpMUSH.Library.Models.SharpPlayer, *System.String: -1*, <null>, Announce)
  	Notify(SharpMUSH.Library.Models.SharpPlayer: SharpMUSH.Library.Models.SharpPlayer, *System.String: -1*, <null>, Announce)
  	Notify(SharpMUSH.Library.Models.SharpPlayer: SharpMUSH.Library.Models.SharpPlayer, *System.String: -1*, <null>, Announce)
  	Notify(SharpMUSH.Library.Models.SharpPlayer: SharpMUSH.Library.Models.SharpPlayer, *System.String: -1*, <null>, Announce)
  	Notify(SharpMUSH.Library.Models.SharpPlayer: SharpMUSH.Library.Models.SharpPlayer, *System.String: -1*, <null>, Announce)
  	Notify(SharpMUSH.Library.Models.SharpPlayer: SharpMUSH.Library.Models.SharpPlayer, *System.String: -1*, <null>, Announce)
  	Notify(SharpMUSH.Library.Models.SharpPlayer: SharpMUSH.Library.Models.SharpPlayer, *System.String: -1*, <null>, Announce)
  	Notify(SharpMUSH.Library.Models.SharpPlayer: SharpMUSH.Library.Models.SharpPlayer, *System.String: -1*, <null>, Announce)
  	Notify(SharpMUSH.Library.Models.SharpPlayer: SharpMUSH.Library.Models.SharpPlayer, *System.String: -1*, <null>, Announce)
  	Notify(SharpMUSH.Library.Models.SharpPlayer: SharpMUSH.Library.Models.SharpPlayer, *System.String: -1*, <null>, Announce)
  	Notify(SharpMUSH.Library.Models.SharpPlayer: SharpMUSH.Library.Models.SharpPlayer, *System.String: -1*, <null>, Announce)
  	Notify(SharpMUSH.Library.Models.SharpPlayer: SharpMUSH.Library.Models.SharpPlayer, *System.String: -1*, <null>, Announce)
  	Notify(SharpMUSH.Library.Models.SharpPlayer: SharpMUSH.Library.Models.SharpPlayer, *System.String: -1*, <null>, Announce)
  	Notify(SharpMUSH.Library.Models.SharpPlayer: SharpMUSH.Library.Models.SharpPlayer, *System.String: -1*, <null>, Announce)
  	Notify(SharpMUSH.Library.Models.SharpPlayer: SharpMUSH.Library.Models.SharpPlayer, *System.String: -1*, <null>, Announce)
  	Notify(SharpMUSH.Library.Models.SharpPlayer: SharpMUSH.Library.Models.SharpPlayer, *System.String: -1*, <null>, Announce)
  	Notify(SharpMUSH.Library.Models.SharpPlayer: SharpMUSH.Library.Models.SharpPlayer, *System.String: -1*, <null>, Announce)
  	Notify(SharpMUSH.Library.Models.SharpPlayer: SharpMUSH.Library.Models.SharpPlayer, *System.String: -1*, <null>, Announce)
  	Notify(SharpMUSH.Library.Models.SharpPlayer: SharpMUSH.Library.Models.SharpPlayer, *System.String: -1*, <null>, Announce)
  	Notify(SharpMUSH.Library.Models.SharpPlayer: SharpMUSH.Library.Models.SharpPlayer, *System.String: -1*, <null>, Announce)
  	Notify(SharpMUSH.Library.Models.SharpPlayer: SharpMUSH.Library.Models.SharpPlayer, *System.String: -1*, <null>, Announce)
  	Notify(SharpMUSH.Library.Models.SharpPlayer: SharpMUSH.Library.Models.SharpPlayer, *System.String: -1*, <null>, Announce)
  	Notify(SharpMUSH.Library.Models.SharpPlayer: SharpMUSH.Library.Models.SharpPlayer, *System.String: -1*, <null>, Announce)
  	Notify(SharpMUSH.Library.Models.SharpPlayer: SharpMUSH.Library.Models.SharpPlayer, *System.String: -1*, <null>, Announce)
  	Notify(SharpMUSH.Library.Models.SharpPlayer: SharpMUSH.Library.Models.SharpPlayer, *System.String: -1*, <null>, Announce)
  	Notify(SharpMUSH.Library.Models.SharpPlayer: SharpMUSH.Library.Models.SharpPlayer, *System.String: -1*, <null>, Announce)
  	Notify(SharpMUSH.Library.Models.SharpPlayer: SharpMUSH.Library.Models.SharpPlayer, *System.String: -1*, <null>, Announce)
  	Notify(SharpMUSH.Library.Models.SharpPlayer: SharpMUSH.Library.Models.SharpPlayer, *System.String: -1*, <null>, Announce)
  	Notify(SharpMUSH.Library.Models.SharpPlayer: SharpMUSH.Library.Models.SharpPlayer, *System.String: -1*, <null>, Announce)
  	Notify(SharpMUSH.Library.Models.SharpPlayer: SharpMUSH.Library.Models.SharpPlayer, *System.String: -1*, <null>, Announce)
  	Notify(SharpMUSH.Library.Models.SharpPlayer: SharpMUSH.Library.Models.SharpPlayer, *System.String: -1*, <null>, Announce)
  	Notify(SharpMUSH.Library.Models.SharpPlayer: SharpMUSH.Library.Models.SharpPlayer, *System.String: -1*, <null>, Announce)
  	Notify(SharpMUSH.Library.Models.SharpPlayer: SharpMUSH.Library.Models.SharpPlayer, *System.String: -1*, <null>, Announce)
  	Notify(SharpMUSH.Library.Models.SharpPlayer: SharpMUSH.Library.Models.SharpPlayer, *System.String: -1*, <null>, Announce)
  	Notify(SharpMUSH.Library.Models.SharpPlayer: SharpMUSH.Library.Models.SharpPlayer, *System.String: -1*, <null>, Announce)
  	Notify(SharpMUSH.Library.Models.SharpPlayer: SharpMUSH.Library.Models.SharpPlayer, *System.String: -1*, <null>, Announce)
  	Notify(SharpMUSH.Library.Models.SharpPlayer: SharpMUSH.Library.Models.SharpPlayer, *System.String: -1*, <null>, Announce)
  	Notify(SharpMUSH.Library.Models.SharpPlayer: SharpMUSH.Library.Models.SharpPlayer, *System.String: -1*, <null>, Announce)
  	Notify(SharpMUSH.Library.Models.SharpPlayer: SharpMUSH.Library.Models.SharpPlayer, *System.String: -1*, <null>, Announce)
  	Notify(SharpMUSH.Library.Models.SharpPlayer: SharpMUSH.Library.Models.SharpPlayer, *System.String: -1*, <null>, Announce)
  	Notify(SharpMUSH.Library.Models.SharpPlayer: SharpMUSH.Library.Models.SharpPlayer, *System.String: -1*, <null>, Announce)
  	Notify(SharpMUSH.Library.Models.SharpPlayer: SharpMUSH.Library.Models.SharpPlayer, *System.String: -1*, <null>, Announce)
  	Notify(SharpMUSH.Library.Models.SharpPlayer: SharpMUSH.Library.Models.SharpPlayer, *System.String: -1*, <null>, Announce)
  	Notify(SharpMUSH.Library.Models.SharpPlayer: SharpMUSH.Library.Models.SharpPlayer, *System.String: -1*, <null>, Announce)
  	Notify(SharpMUSH.Library.Models.SharpPlayer: SharpMUSH.Library.Models.SharpPlayer, *System.String: -1*, <null>, Announce)
  	Notify(SharpMUSH.Library.Models.SharpPlayer: SharpMUSH.Library.Models.SharpPlayer, *System.String: -1*, <null>, Announce)
  	Notify(SharpMUSH.Library.Models.SharpPlayer: SharpMUSH.Library.Models.SharpPlayer, *System.String: -1*, <null>, Announce)
  	Notify(SharpMUSH.Library.Models.SharpPlayer: SharpMUSH.Library.Models.SharpPlayer, *System.String: -1*, <null>, Announce)
  	Notify(SharpMUSH.Library.Models.SharpPlayer: SharpMUSH.Library.Models.SharpPlayer, *System.String: -1*, <null>, Announce)
  	Notify(SharpMUSH.Library.Models.SharpPlayer: SharpMUSH.Library.Models.SharpPlayer, *System.String: -1*, <null>, Announce)
  	Notify(SharpMUSH.Library.Models.SharpPlayer: SharpMUSH.Library.Models.SharpPlayer, *System.String: -1*, <null>, Announce)
  	Notify(SharpMUSH.Library.Models.SharpPlayer: SharpMUSH.Library.Models.SharpPlayer, *System.String: -1*, <null>, Announce)
  	Notify(SharpMUSH.Library.Models.SharpPlayer: SharpMUSH.Library.Models.SharpPlayer, *System.String: -1*, <null>, Announce)
  	Notify(SharpMUSH.Library.Models.SharpPlayer: SharpMUSH.Library.Models.SharpPlayer, *System.String: -1*, <null>, Announce)
  	Notify(SharpMUSH.Library.Models.SharpPlayer: SharpMUSH.Library.Models.SharpPlayer, *System.String: -1*, <null>, Announce)
  	Notify(SharpMUSH.Library.Models.SharpPlayer: SharpMUSH.Library.Models.SharpPlayer, *System.String: -1*, <null>, Announce)
  	Notify(SharpMUSH.Library.Models.SharpPlayer: SharpMUSH.Library.Models.SharpPlayer, *System.String: -1*, <null>, Announce)
  	Notify(SharpMUSH.Library.Models.SharpPlayer: SharpMUSH.Library.Models.SharpPlayer, *System.String: -1*, <null>, Announce)
  	Notify(SharpMUSH.Library.Models.SharpPlayer: SharpMUSH.Library.Models.SharpPlayer, *System.String: -1*, <null>, Announce)
  	Notify(SharpMUSH.Library.Models.SharpPlayer: SharpMUSH.Library.Models.SharpPlayer, *System.String: -1*, <null>, Announce)
  	Notify(SharpMUSH.Library.Models.SharpPlayer: SharpMUSH.Library.Models.SharpPlayer, *System.String: -1*, <null>, Announce)
  	Notify(SharpMUSH.Library.Models.SharpPlayer: SharpMUSH.Library.Models.SharpPlayer, *System.String: -1*, <null>, Announce)
  	Notify(SharpMUSH.Library.Models.SharpPlayer: SharpMUSH.Library.Models.SharpPlayer, *System.String: -1*, <null>, Announce)
  	Notify(SharpMUSH.Library.Models.SharpPlayer: SharpMUSH.Library.Models.SharpPlayer, *System.String: -1*, <null>, Announce)
  	Notify(SharpMUSH.Library.Models.SharpPlayer: SharpMUSH.Library.Models.SharpPlayer, *System.String: -1*, <null>, Announce)
  	Notify(SharpMUSH.Library.Models.SharpPlayer: SharpMUSH.Library.Models.SharpPlayer, *System.String: -1*, <null>, Announce)
  	Notify(SharpMUSH.Library.Models.SharpPlayer: SharpMUSH.Library.Models.SharpPlayer, *System.String: -1*, <null>, Announce)
  	Notify(SharpMUSH.Library.Models.SharpPlayer: SharpMUSH.Library.Models.SharpPlayer, *System.String: -1*, <null>, Announce)
  	Notify(SharpMUSH.Library.Models.SharpPlayer: SharpMUSH.Library.Models.SharpPlayer, *System.String: -1*, <null>, Announce)
  	Notify(SharpMUSH.Library.Models.SharpPlayer: SharpMUSH.Library.Models.SharpPlayer, *System.String: -1*, <null>, Announce)
  	Notify(SharpMUSH.Library.Models.SharpPlayer: SharpMUSH.Library.Models.SharpPlayer, *System.String: -1*, <null>, Announce)
  	Notify(SharpMUSH.Library.Models.SharpPlayer: SharpMUSH.Library.Models.SharpPlayer, *System.String: -1*, <null>, Announce)
  	Notify(SharpMUSH.Library.Models.SharpPlayer: SharpMUSH.Library.Models.SharpPlayer, *System.String: -1*, <null>, Announce)
  	Notify(SharpMUSH.Library.Models.SharpPlayer: SharpMUSH.Library.Models.SharpPlayer, *System.String: -1*, <null>, Announce)
  	Notify(SharpMUSH.Library.Models.SharpPlayer: SharpMUSH.Library.Models.SharpPlayer, *System.String: -1*, <null>, Announce)
  	Notify(SharpMUSH.Library.Models.SharpPlayer: SharpMUSH.Library.Models.SharpPlayer, *System.String: -1*, <null>, Announce)
  	Notify(SharpMUSH.Library.Models.SharpPlayer: SharpMUSH.Library.Models.SharpPlayer, *System.String: -1*, <null>, Announce)
  	Notify(SharpMUSH.Library.Models.SharpPlayer: SharpMUSH.Library.Models.SharpPlayer, *System.String: -1*, <null>, Announce)
  	Notify(SharpMUSH.Library.Models.SharpPlayer: SharpMUSH.Library.Models.SharpPlayer, *System.String: -1*, <null>, Announce)
  	Notify(SharpMUSH.Library.Models.SharpPlayer: SharpMUSH.Library.Models.SharpPlayer, *System.String: -1*, <null>, Announce)
  	Notify(SharpMUSH.Library.Models.SharpPlayer: SharpMUSH.Library.Models.SharpPlayer, *System.String: -1*, <null>, Announce)
  	Notify(SharpMUSH.Library.Models.SharpPlayer: SharpMUSH.Library.Models.SharpPlayer, *System.String: -1*, <null>, Announce)
  	Notify(SharpMUSH.Library.Models.SharpPlayer: SharpMUSH.Library.Models.SharpPlayer, *System.String: -1*, <null>, Announce)
  	Notify(SharpMUSH.Library.Models.SharpPlayer: SharpMUSH.Library.Models.SharpPlayer, *System.String: -1*, <null>, Announce)
  	Notify(SharpMUSH.Library.Models.SharpPlayer: SharpMUSH.Library.Models.SharpPlayer, *System.String: -1*, <null>, Announce)
  	Notify(SharpMUSH.Library.Models.SharpPlayer: SharpMUSH.Library.Models.SharpPlayer, *System.String: -1*, <null>, Announce)
  	Notify(SharpMUSH.Library.Models.SharpPlayer: SharpMUSH.Library.Models.SharpPlayer, *System.String: -1*, <null>, Announce)
  	Notify(SharpMUSH.Library.Models.SharpPlayer: SharpMUSH.Library.Models.SharpPlayer, *System.String: -1*, <null>, Announce)
  	Notify(SharpMUSH.Library.Models.SharpPlayer: SharpMUSH.Library.Models.SharpPlayer, *System.String: -1*, <null>, Announce)
  	Notify(SharpMUSH.Library.Models.SharpPlayer: SharpMUSH.Library.Models.SharpPlayer, *System.String: -1*, <null>, Announce)
  	Notify(SharpMUSH.Library.Models.SharpPlayer: SharpMUSH.Library.Models.SharpPlayer, *System.String: -1*, <null>, Announce)
  	Notify(SharpMUSH.Library.Models.SharpPlayer: SharpMUSH.Library.Models.SharpPlayer, *System.String: -1*, <null>, Announce)
  	Notify(SharpMUSH.Library.Models.SharpPlayer: SharpMUSH.Library.Models.SharpPlayer, *System.String: -1*, <null>, Announce)
  	Notify(SharpMUSH.Library.Models.SharpPlayer: SharpMUSH.Library.Models.SharpPlayer, *System.String: -1*, <null>, Announce)
  	Notify(SharpMUSH.Library.Models.SharpPlayer: SharpMUSH.Library.Models.SharpPlayer, *System.String: -1*, <null>, Announce)
  	Notify(SharpMUSH.Library.Models.SharpPlayer: SharpMUSH.Library.Models.SharpPlayer, *System.String: -1*, <null>, Announce)
  	Notify(SharpMUSH.Library.Models.SharpPlayer: SharpMUSH.Library.Models.SharpPlayer, *System.String: -1*, <null>, Announce)
  	Notify(SharpMUSH.Library.Models.SharpPlayer: SharpMUSH.Library.Models.SharpPlayer, *System.String: -1*, <null>, Announce)
  	Notify(SharpMUSH.Library.Models.SharpPlayer: SharpMUSH.Library.Models.SharpPlayer, *System.String: -1*, <null>, Announce)
  	Notify(SharpMUSH.Library.Models.SharpPlayer: SharpMUSH.Library.Models.SharpPlayer, *System.String: -1*, <null>, Announce)
  	Notify(SharpMUSH.Library.Models.SharpPlayer: SharpMUSH.Library.Models.SharpPlayer, *System.String: -1*, <null>, Announce)
  	Notify(SharpMUSH.Library.Models.SharpPlayer: SharpMUSH.Library.Models.SharpPlayer, *System.String: -1*, <null>, Announce)
  	Notify(SharpMUSH.Library.Models.SharpPlayer: SharpMUSH.Library.Models.SharpPlayer, *System.String: -1*, <null>, Announce)
  	Notify(SharpMUSH.Library.Models.SharpPlayer: SharpMUSH.Library.Models.SharpPlayer, *System.String: -1*, <null>, Announce)
  	Notify(SharpMUSH.Library.Models.SharpPlayer: SharpMUSH.Library.Models.SharpPlayer, *System.String: -1*, <null>, Announce)
  	Notify(SharpMUSH.Library.Models.SharpPlayer: SharpMUSH.Library.Models.SharpPlayer, *System.String: -1*, <null>, Announce)
  	Notify(SharpMUSH.Library.Models.SharpPlayer: SharpMUSH.Library.Models.SharpPlayer, *System.String: -1*, <null>, Announce)
  	Notify(SharpMUSH.Library.Models.SharpPlayer: SharpMUSH.Library.Models.SharpPlayer, *System.String: -1*, <null>, Announce)
  	Notify(SharpMUSH.Library.Models.SharpPlayer: SharpMUSH.Library.Models.SharpPlayer, *System.String: -1*, <null>, Announce)
  	Notify(SharpMUSH.Library.Models.SharpPlayer: SharpMUSH.Library.Models.SharpPlayer, *System.String: -1*, <null>, Announce)
  	Notify(SharpMUSH.Library.Models.SharpPlayer: SharpMUSH.Library.Models.SharpPlayer, *System.String: -1*, <null>, Announce)
  	Notify(SharpMUSH.Library.Models.SharpPlayer: SharpMUSH.Library.Models.SharpPlayer, *System.String: -1*, <null>, Announce)
  	Notify(SharpMUSH.Library.Models.SharpPlayer: SharpMUSH.Library.Models.SharpPlayer, *System.String: -1*, <null>, Announce)
  	Notify(SharpMUSH.Library.Models.SharpPlayer: SharpMUSH.Library.Models.SharpPlayer, *System.String: -1*, <null>, Announce)
  	Notify(SharpMUSH.Library.Models.SharpPlayer: SharpMUSH.Library.Models.SharpPlayer, *System.String: -1*, <null>, Announce)
  	Notify(SharpMUSH.Library.Models.SharpPlayer: SharpMUSH.Library.Models.SharpPlayer, *System.String: -1*, <null>, Announce)
  	Notify(SharpMUSH.Library.Models.SharpPlayer: SharpMUSH.Library.Models.SharpPlayer, *System.String: -1*, <null>, Announce)
  	Notify(SharpMUSH.Library.Models.SharpPlayer: SharpMUSH.Library.Models.SharpPlayer, *System.String: -1*, <null>, Announce)
  	Notify(SharpMUSH.Library.Models.SharpPlayer: SharpMUSH.Library.Models.SharpPlayer, *System.String: -1*, <null>, Announce)
  	Notify(SharpMUSH.Library.Models.SharpPlayer: SharpMUSH.Library.Models.SharpPlayer, *System.String: -1*, <null>, Announce)
  	Notify(SharpMUSH.Library.Models.SharpPlayer: SharpMUSH.Library.Models.SharpPlayer, *System.String: -1*, <null>, Announce)
  	Notify(SharpMUSH.Library.Models.SharpPlayer: SharpMUSH.Library.Models.SharpPlayer, *System.String: -1*, <null>, Announce)
  	Notify(SharpMUSH.Library.Models.SharpPlayer: SharpMUSH.Library.Models.SharpPlayer, *System.String: -1*, <null>, Announce)
  	Notify(SharpMUSH.Library.Models.SharpPlayer: SharpMUSH.Library.Models.SharpPlayer, *System.String: -1*, <null>, Announce)
  	Notify(SharpMUSH.Library.Models.SharpPlayer: SharpMUSH.Library.Models.SharpPlayer, *System.String: -1*, <null>, Announce)
  	Notify(SharpMUSH.Library.Models.SharpPlayer: SharpMUSH.Library.Models.SharpPlayer, *System.String: -1*, <null>, Announce)
  	Notify(SharpMUSH.Library.Models.SharpPlayer: SharpMUSH.Library.Models.SharpPlayer, *System.String: -1*, <null>, Announce)
  	Notify(SharpMUSH.Library.Models.SharpPlayer: SharpMUSH.Library.Models.SharpPlayer, *System.String: -1*, <null>, Announce)
  	Notify(SharpMUSH.Library.Models.SharpPlayer: SharpMUSH.Library.Models.SharpPlayer, *System.String: -1*, <null>, Announce)
  	Notify(SharpMUSH.Library.Models.SharpPlayer: SharpMUSH.Library.Models.SharpPlayer, *System.String: -1*, <null>, Announce)
  	Notify(SharpMUSH.Library.Models.SharpPlayer: SharpMUSH.Library.Models.SharpPlayer, *System.String: -1*, <null>, Announce)
  	Notify(SharpMUSH.Library.Models.SharpPlayer: SharpMUSH.Library.Models.SharpPlayer, *System.String: -1*, <null>, Announce)
  	Notify(SharpMUSH.Library.Models.SharpPlayer: SharpMUSH.Library.Models.SharpPlayer, *System.String: -1*, <null>, Announce)
  	Notify(SharpMUSH.Library.Models.SharpPlayer: SharpMUSH.Library.Models.SharpPlayer, *System.String: -1*, <null>, Announce)
  	Notify(SharpMUSH.Library.Models.SharpPlayer: SharpMUSH.Library.Models.SharpPlayer, *System.String: -1*, <null>, Announce)
  	Notify(SharpMUSH.Library.Models.SharpPlayer: SharpMUSH.Library.Models.SharpPlayer, *System.String: -1*, <null>, Announce)
  	Notify(SharpMUSH.Library.Models.SharpPlayer: SharpMUSH.Library.Models.SharpPlayer, *System.String: -1*, <null>, Announce)
  	Notify(SharpMUSH.Library.Models.SharpPlayer: SharpMUSH.Library.Models.SharpPlayer, *System.String: -1*, <null>, Announce)
  	Notify(SharpMUSH.Library.Models.SharpPlayer: SharpMUSH.Library.Models.SharpPlayer, *System.String: -1*, <null>, Announce)
  	Notify(SharpMUSH.Library.Models.SharpPlayer: SharpMUSH.Library.Models.SharpPlayer, *System.String: -1*, <null>, Announce)
  	Notify(SharpMUSH.Library.Models.SharpPlayer: SharpMUSH.Library.Models.SharpPlayer, *System.String: -1*, <null>, Announce)
  	Notify(SharpMUSH.Library.Models.SharpPlayer: SharpMUSH.Library.Models.SharpPlayer, *System.String: -1*, <null>, Announce)
  	Notify(SharpMUSH.Library.Models.SharpPlayer: SharpMUSH.Library.Models.SharpPlayer, *System.String: -1*, <null>, Announce)
  	Notify(SharpMUSH.Library.Models.SharpPlayer: SharpMUSH.Library.Models.SharpPlayer, *System.String: -1*, <null>, Announce)
  	Notify(SharpMUSH.Library.Models.SharpPlayer: SharpMUSH.Library.Models.SharpPlayer, *System.String: -1*, <null>, Announce)
  	Notify(SharpMUSH.Library.Models.SharpPlayer: SharpMUSH.Library.Models.SharpPlayer, *System.String: -1*, <null>, Announce)
  	Notify(SharpMUSH.Library.Models.SharpPlayer: SharpMUSH.Library.Models.SharpPlayer, *System.String: -1*, <null>, Announce)
  	Notify(SharpMUSH.Library.Models.SharpPlayer: SharpMUSH.Library.Models.SharpPlayer, *System.String: -1*, <null>, Announce)
  	Notify(SharpMUSH.Library.Models.SharpPlayer: SharpMUSH.Library.Models.SharpPlayer, *System.String: -1*, <null>, Announce)
  	Notify(SharpMUSH.Library.Models.SharpPlayer: SharpMUSH.Library.Models.SharpPlayer, *System.String: -1*, <null>, Announce)
  	Notify(SharpMUSH.Library.Models.SharpPlayer: SharpMUSH.Library.Models.SharpPlayer, *System.String: -1*, <null>, Announce)
  	Notify(SharpMUSH.Library.Models.SharpPlayer: SharpMUSH.Library.Models.SharpPlayer, *System.String: -1*, <null>, Announce)
  	Notify(SharpMUSH.Library.Models.SharpPlayer: SharpMUSH.Library.Models.SharpPlayer, *System.String: -1*, <null>, Announce)
  	Notify(SharpMUSH.Library.Models.SharpPlayer: SharpMUSH.Library.Models.SharpPlayer, *System.String: -1*, <null>, Announce)
  	Notify(SharpMUSH.Library.Models.SharpPlayer: SharpMUSH.Library.Models.SharpPlayer, *System.String: -1*, <null>, Announce)
  	Notify(SharpMUSH.Library.Models.SharpPlayer: SharpMUSH.Library.Models.SharpPlayer, *System.String: -1*, <null>, Announce)
  	Notify(SharpMUSH.Library.Models.SharpPlayer: SharpMUSH.Library.Models.SharpPlayer, *System.String: -1*, <null>, Announce)
  	Notify(SharpMUSH.Library.Models.SharpPlayer: SharpMUSH.Library.Models.SharpPlayer, *System.String: -1*, <null>, Announce)
  	Notify(SharpMUSH.Library.Models.SharpPlayer: SharpMUSH.Library.Models.SharpPlayer, *System.String: -1*, <null>, Announce)
  	Notify(SharpMUSH.Library.Models.SharpPlayer: SharpMUSH.Library.Models.SharpPlayer, *System.String: -1*, <null>, Announce)
  	Notify(SharpMUSH.Library.Models.SharpPlayer: SharpMUSH.Library.Models.SharpPlayer, *System.String: -1*, <null>, Announce)
  	Notify(SharpMUSH.Library.Models.SharpPlayer: SharpMUSH.Library.Models.SharpPlayer, *System.String: -1*, <null>, Announce)
  	Notify(SharpMUSH.Library.Models.SharpPlayer: SharpMUSH.Library.Models.SharpPlayer, *System.String: -1*, <null>, Announce)
  	Notify(SharpMUSH.Library.Models.SharpPlayer: SharpMUSH.Library.Models.SharpPlayer, *System.String: -1*, <null>, Announce)
  	Notify(SharpMUSH.Library.Models.SharpPlayer: SharpMUSH.Library.Models.SharpPlayer, *System.String: -1*, <null>, Announce)
  	Notify(SharpMUSH.Library.Models.SharpPlayer: SharpMUSH.Library.Models.SharpPlayer, *System.String: -1*, <null>, Announce)
  	Notify(SharpMUSH.Library.Models.SharpPlayer: SharpMUSH.Library.Models.SharpPlayer, *System.String: -1*, <null>, Announce)
  	Notify(SharpMUSH.Library.Models.SharpPlayer: SharpMUSH.Library.Models.SharpPlayer, *System.String: -1*, <null>, Announce)
  	Notify(SharpMUSH.Library.Models.SharpPlayer: SharpMUSH.Library.Models.SharpPlayer, *System.String: -1*, <null>, Announce)
  	Notify(SharpMUSH.Library.Models.SharpPlayer: SharpMUSH.Library.Models.SharpPlayer, *System.String: -1*, <null>, Announce)
  	Notify(SharpMUSH.Library.Models.SharpPlayer: SharpMUSH.Library.Models.SharpPlayer, *System.String: -1*, <null>, Announce)
  	Notify(SharpMUSH.Library.Models.SharpPlayer: SharpMUSH.Library.Models.SharpPlayer, *System.String: -1*, <null>, Announce)
  	Notify(SharpMUSH.Library.Models.SharpPlayer: SharpMUSH.Library.Models.SharpPlayer, *System.String: -1*, <null>, Announce)
  	Notify(SharpMUSH.Library.Models.SharpPlayer: SharpMUSH.Library.Models.SharpPlayer, *System.String: -1*, <null>, Announce)
  	Notify(SharpMUSH.Library.Models.SharpPlayer: SharpMUSH.Library.Models.SharpPlayer, *System.String: -1*, <null>, Announce)
  	Notify(SharpMUSH.Library.Models.SharpPlayer: SharpMUSH.Library.Models.SharpPlayer, *System.String: -1*, <null>, Announce)
  	Notify(SharpMUSH.Library.Models.SharpPlayer: SharpMUSH.Library.Models.SharpPlayer, *System.String: -1*, <null>, Announce)
  	Notify(SharpMUSH.Library.Models.SharpPlayer: SharpMUSH.Library.Models.SharpPlayer, *System.String: -1*, <null>, Announce)
  	Notify(SharpMUSH.Library.Models.SharpPlayer: SharpMUSH.Library.Models.SharpPlayer, *System.String: -1*, <null>, Announce)
  	Notify(SharpMUSH.Library.Models.SharpPlayer: SharpMUSH.Library.Models.SharpPlayer, *System.String: -1*, <null>, Announce)
  	Notify(SharpMUSH.Library.Models.SharpPlayer: SharpMUSH.Library.Models.SharpPlayer, *System.String: -1*, <null>, Announce)
  	Notify(SharpMUSH.Library.Models.SharpPlayer: SharpMUSH.Library.Models.SharpPlayer, *System.String: -1*, <null>, Announce)
  	Notify(SharpMUSH.Library.Models.SharpPlayer: SharpMUSH.Library.Models.SharpPlayer, *System.String: -1*, <null>, Announce)
  	Notify(SharpMUSH.Library.Models.SharpPlayer: SharpMUSH.Library.Models.SharpPlayer, *System.String: -1*, <null>, Announce)
  	Notify(SharpMUSH.Library.Models.SharpPlayer: SharpMUSH.Library.Models.SharpPlayer, *System.String: -1*, <null>, Announce)
  	Notify(SharpMUSH.Library.Models.SharpPlayer: SharpMUSH.Library.Models.SharpPlayer, *System.String: -1*, <null>, Announce)
  	Notify(SharpMUSH.Library.Models.SharpPlayer: SharpMUSH.Library.Models.SharpPlayer, *System.String: -1*, <null>, Announce)
  	Notify(SharpMUSH.Library.Models.SharpPlayer: SharpMUSH.Library.Models.SharpPlayer, *System.String: -1*, <null>, Announce)
  	Notify(SharpMUSH.Library.Models.SharpPlayer: SharpMUSH.Library.Models.SharpPlayer, *System.String: -1*, <null>, Announce)
  	Notify(SharpMUSH.Library.Models.SharpPlayer: SharpMUSH.Library.Models.SharpPlayer, *System.String: -1*, <null>, Announce)
  	Notify(SharpMUSH.Library.Models.SharpPlayer: SharpMUSH.Library.Models.SharpPlayer, *System.String: -1*, <null>, Announce)
  	Notify(SharpMUSH.Library.Models.SharpPlayer: SharpMUSH.Library.Models.SharpPlayer, *System.String: -1*, <null>, Announce)
  	Notify(SharpMUSH.Library.Models.SharpPlayer: SharpMUSH.Library.Models.SharpPlayer, *System.String: -1*, <null>, Announce)
  	Notify(SharpMUSH.Library.Models.SharpPlayer: SharpMUSH.Library.Models.SharpPlayer, *System.String: -1*, <null>, Announce)
  	Notify(SharpMUSH.Library.Models.SharpPlayer: SharpMUSH.Library.Models.SharpPlayer, *System.String: -1*, <null>, Announce)
  	Notify(SharpMUSH.Library.Models.SharpPlayer: SharpMUSH.Library.Models.SharpPlayer, *System.String: -1*, <null>, Announce)
  	Notify(SharpMUSH.Library.Models.SharpPlayer: SharpMUSH.Library.Models.SharpPlayer, *System.String: -1*, <null>, Announce)
  	Notify(SharpMUSH.Library.Models.SharpPlayer: SharpMUSH.Library.Models.SharpPlayer, *System.String: -1*, <null>, Announce)
  	Notify(SharpMUSH.Library.Models.SharpPlayer: SharpMUSH.Library.Models.SharpPlayer, *System.String: -1*, <null>, Announce)
  	Notify(SharpMUSH.Library.Models.SharpPlayer: SharpMUSH.Library.Models.SharpPlayer, *System.String: -1*, <null>, Announce)
  	Notify(SharpMUSH.Library.Models.SharpPlayer: SharpMUSH.Library.Models.SharpPlayer, *System.String: -1*, <null>, Announce)
  	Notify(SharpMUSH.Library.Models.SharpPlayer: SharpMUSH.Library.Models.SharpPlayer, *System.String: -1*, <null>, Announce)
  	Notify(SharpMUSH.Library.Models.SharpPlayer: SharpMUSH.Library.Models.SharpPlayer, *System.String: -1*, <null>, Announce)
  	Notify(SharpMUSH.Library.Models.SharpPlayer: SharpMUSH.Library.Models.SharpPlayer, *System.String: -1*, <null>, Announce)
  	Notify(SharpMUSH.Library.Models.SharpPlayer: SharpMUSH.Library.Models.SharpPlayer, *System.String: -1*, <null>, Announce)
  	Notify(SharpMUSH.Library.Models.SharpPlayer: SharpMUSH.Library.Models.SharpPlayer, *System.String: -1*, <null>, Announce)
  	Notify(SharpMUSH.Library.Models.SharpPlayer: SharpMUSH.Library.Models.SharpPlayer, *System.String: -1*, <null>, Announce)
  	Notify(SharpMUSH.Library.Models.SharpPlayer: SharpMUSH.Library.Models.SharpPlayer, *System.String: -1*, <null>, Announce)
  	Notify(SharpMUSH.Library.Models.SharpPlayer: SharpMUSH.Library.Models.SharpPlayer, *System.String: -1*, <null>, Announce)
  	Notify(SharpMUSH.Library.Models.SharpPlayer: SharpMUSH.Library.Models.SharpPlayer, *System.String: -1*, <null>, Announce)
  	Notify(SharpMUSH.Library.Models.SharpPlayer: SharpMUSH.Library.Models.SharpPlayer, *System.String: -1*, <null>, Announce)
  	Notify(SharpMUSH.Library.Models.SharpPlayer: SharpMUSH.Library.Models.SharpPlayer, *System.String: -1*, <null>, Announce)
  	Notify(SharpMUSH.Library.Models.SharpPlayer: SharpMUSH.Library.Models.SharpPlayer, *System.String: -1*, <null>, Announce)
  	Notify(SharpMUSH.Library.Models.SharpPlayer: SharpMUSH.Library.Models.SharpPlayer, *System.String: -1*, <null>, Announce)
  	Notify(SharpMUSH.Library.Models.SharpPlayer: SharpMUSH.Library.Models.SharpPlayer, *System.String: -1*, <null>, Announce)
  	Notify(SharpMUSH.Library.Models.SharpPlayer: SharpMUSH.Library.Models.SharpPlayer, *System.String: -1*, <null>, Announce)
  	Notify(SharpMUSH.Library.Models.SharpPlayer: SharpMUSH.Library.Models.SharpPlayer, *System.String: -1*, <null>, Announce)
  	Notify(SharpMUSH.Library.Models.SharpPlayer: SharpMUSH.Library.Models.SharpPlayer, *System.String: -1*, <null>, Announce)
  	Notify(SharpMUSH.Library.Models.SharpPlayer: SharpMUSH.Library.Models.SharpPlayer, *System.String: -1*, <null>, Announce)
  	Notify(SharpMUSH.Library.Models.SharpPlayer: SharpMUSH.Library.Models.SharpPlayer, *System.String: -1*, <null>, Announce)
  	Notify(SharpMUSH.Library.Models.SharpPlayer: SharpMUSH.Library.Models.SharpPlayer, *System.String: -1*, <null>, Announce)
  	Notify(SharpMUSH.Library.Models.SharpPlayer: SharpMUSH.Library.Models.SharpPlayer, *System.String: -1*, <null>, Announce)
  	Notify(SharpMUSH.Library.Models.SharpPlayer: SharpMUSH.Library.Models.SharpPlayer, *System.String: -1*, <null>, Announce)
  	Notify(SharpMUSH.Library.Models.SharpPlayer: SharpMUSH.Library.Models.SharpPlayer, *System.String: -1*, <null>, Announce)
  	Notify(SharpMUSH.Library.Models.SharpPlayer: SharpMUSH.Library.Models.SharpPlayer, *System.String: -1*, <null>, Announce)
  	Notify(SharpMUSH.Library.Models.SharpPlayer: SharpMUSH.Library.Models.SharpPlayer, *System.String: -1*, <null>, Announce)
  	Notify(SharpMUSH.Library.Models.SharpPlayer: SharpMUSH.Library.Models.SharpPlayer, *System.String: -1*, <null>, Announce)
  	Notify(SharpMUSH.Library.Models.SharpPlayer: SharpMUSH.Library.Models.SharpPlayer, *System.String: -1*, <null>, Announce)
  	Notify(SharpMUSH.Library.Models.SharpPlayer: SharpMUSH.Library.Models.SharpPlayer, *System.String: -1*, <null>, Announce)
  	Notify(SharpMUSH.Library.Models.SharpPlayer: SharpMUSH.Library.Models.SharpPlayer, *System.String: -1*, <null>, Announce)
  	Notify(SharpMUSH.Library.Models.SharpPlayer: SharpMUSH.Library.Models.SharpPlayer, *System.String: -1*, <null>, Announce)
  	Notify(SharpMUSH.Library.Models.SharpPlayer: SharpMUSH.Library.Models.SharpPlayer, *System.String: -1*, <null>, Announce)
  	Notify(SharpMUSH.Library.Models.SharpPlayer: SharpMUSH.Library.Models.SharpPlayer, *System.String: -1*, <null>, Announce)
  	Notify(SharpMUSH.Library.Models.SharpPlayer: SharpMUSH.Library.Models.SharpPlayer, *System.String: -1*, <null>, Announce)
  	Notify(SharpMUSH.Library.Models.SharpPlayer: SharpMUSH.Library.Models.SharpPlayer, *System.String: -1*, <null>, Announce)
  	Notify(SharpMUSH.Library.Models.SharpPlayer: SharpMUSH.Library.Models.SharpPlayer, *System.String: -1*, <null>, Announce)
  	Notify(SharpMUSH.Library.Models.SharpPlayer: SharpMUSH.Library.Models.SharpPlayer, *System.String: -1*, <null>, Announce)
  	Notify(SharpMUSH.Library.Models.SharpPlayer: SharpMUSH.Library.Models.SharpPlayer, *System.String: -1*, <null>, Announce)
  	Notify(SharpMUSH.Library.Models.SharpPlayer: SharpMUSH.Library.Models.SharpPlayer, *System.String: -1*, <null>, Announce)
  	Notify(SharpMUSH.Library.Models.SharpPlayer: SharpMUSH.Library.Models.SharpPlayer, *System.String: -1*, <null>, Announce)
  	Notify(SharpMUSH.Library.Models.SharpPlayer: SharpMUSH.Library.Models.SharpPlayer, *System.String: -1*, <null>, Announce)
  	Notify(SharpMUSH.Library.Models.SharpPlayer: SharpMUSH.Library.Models.SharpPlayer, *System.String: -1*, <null>, Announce)
  	Notify(SharpMUSH.Library.Models.SharpPlayer: SharpMUSH.Library.Models.SharpPlayer, *System.String: -1*, <null>, Announce)
  	Notify(SharpMUSH.Library.Models.SharpPlayer: SharpMUSH.Library.Models.SharpPlayer, *System.String: -1*, <null>, Announce)
  	Notify(SharpMUSH.Library.Models.SharpPlayer: SharpMUSH.Library.Models.SharpPlayer, *System.String: -1*, <null>, Announce)
  	Notify(SharpMUSH.Library.Models.SharpPlayer: SharpMUSH.Library.Models.SharpPlayer, *System.String: -1*, <null>, Announce)
  	Notify(SharpMUSH.Library.Models.SharpPlayer: SharpMUSH.Library.Models.SharpPlayer, *System.String: -1*, <null>, Announce)
  	Notify(SharpMUSH.Library.Models.SharpPlayer: SharpMUSH.Library.Models.SharpPlayer, *System.String: -1*, <null>, Announce)
  	Notify(SharpMUSH.Library.Models.SharpPlayer: SharpMUSH.Library.Models.SharpPlayer, *System.String: -1*, <null>, Announce)
  	Notify(SharpMUSH.Library.Models.SharpPlayer: SharpMUSH.Library.Models.SharpPlayer, *System.String: -1*, <null>, Announce)
  	Notify(SharpMUSH.Library.Models.SharpPlayer: SharpMUSH.Library.Models.SharpPlayer, *System.String: -1*, <null>, Announce)
  	Notify(SharpMUSH.Library.Models.SharpPlayer: SharpMUSH.Library.Models.SharpPlayer, *System.String: -1*, <null>, Announce)
  	Notify(SharpMUSH.Library.Models.SharpPlayer: SharpMUSH.Library.Models.SharpPlayer, *System.String: -1*, <null>, Announce)
  	Notify(SharpMUSH.Library.Models.SharpPlayer: SharpMUSH.Library.Models.SharpPlayer, *System.String: -1*, <null>, Announce)
  	Notify(SharpMUSH.Library.Models.SharpPlayer: SharpMUSH.Library.Models.SharpPlayer, *System.String: -1*, <null>, Announce)
  	Notify(SharpMUSH.Library.Models.SharpPlayer: SharpMUSH.Library.Models.SharpPlayer, *System.String: -1*, <null>, Announce)
  	Notify(SharpMUSH.Library.Models.SharpPlayer: SharpMUSH.Library.Models.SharpPlayer, *System.String: -1*, <null>, Announce)
  	Notify(SharpMUSH.Library.Models.SharpPlayer: SharpMUSH.Library.Models.SharpPlayer, *System.String: -1*, <null>, Announce)
  	Notify(SharpMUSH.Library.Models.SharpPlayer: SharpMUSH.Library.Models.SharpPlayer, *System.String: -1*, <null>, Announce)
  	Notify(SharpMUSH.Library.Models.SharpPlayer: SharpMUSH.Library.Models.SharpPlayer, *System.String: -1*, <null>, Announce)
  	Notify(SharpMUSH.Library.Models.SharpPlayer: SharpMUSH.Library.Models.SharpPlayer, *System.String: -1*, <null>, Announce)
  	Notify(SharpMUSH.Library.Models.SharpPlayer: SharpMUSH.Library.Models.SharpPlayer, *System.String: -1*, <null>, Announce)
  	Notify(SharpMUSH.Library.Models.SharpPlayer: SharpMUSH.Library.Models.SharpPlayer, *System.String: -1*, <null>, Announce)
  	Notify(SharpMUSH.Library.Models.SharpPlayer: SharpMUSH.Library.Models.SharpPlayer, *System.String: -1*, <null>, Announce)
  	Notify(SharpMUSH.Library.Models.SharpPlayer: SharpMUSH.Library.Models.SharpPlayer, *System.String: -1*, <null>, Announce)
  	Notify(SharpMUSH.Library.Models.SharpPlayer: SharpMUSH.Library.Models.SharpPlayer, *System.String: -1*, <null>, Announce)
  	Notify(SharpMUSH.Library.Models.SharpPlayer: SharpMUSH.Library.Models.SharpPlayer, *System.String: -1*, <null>, Announce)
  	Notify(SharpMUSH.Library.Models.SharpPlayer: SharpMUSH.Library.Models.SharpPlayer, *System.String: -1*, <null>, Announce)
  	Notify(SharpMUSH.Library.Models.SharpPlayer: SharpMUSH.Library.Models.SharpPlayer, *System.String: -1*, <null>, Announce)
  	Notify(SharpMUSH.Library.Models.SharpPlayer: SharpMUSH.Library.Models.SharpPlayer, *System.String: -1*, <null>, Announce)
  	Notify(SharpMUSH.Library.Models.SharpPlayer: SharpMUSH.Library.Models.SharpPlayer, *System.String: -1*, <null>, Announce)
  	Notify(SharpMUSH.Library.Models.SharpPlayer: SharpMUSH.Library.Models.SharpPlayer, *System.String: -1*, <null>, Announce)
  	Notify(SharpMUSH.Library.Models.SharpPlayer: SharpMUSH.Library.Models.SharpPlayer, *System.String: -1*, <null>, Announce)
  	Notify(SharpMUSH.Library.Models.SharpPlayer: SharpMUSH.Library.Models.SharpPlayer, *System.String: -1*, <null>, Announce)
  	Notify(SharpMUSH.Library.Models.SharpPlayer: SharpMUSH.Library.Models.SharpPlayer, *System.String: -1*, <null>, Announce)
  	Notify(SharpMUSH.Library.Models.SharpPlayer: SharpMUSH.Library.Models.SharpPlayer, *System.String: -1*, <null>, Announce)
  	Notify(SharpMUSH.Library.Models.SharpPlayer: SharpMUSH.Library.Models.SharpPlayer, *System.String: -1*, <null>, Announce)
  	Notify(SharpMUSH.Library.Models.SharpPlayer: SharpMUSH.Library.Models.SharpPlayer, *System.String: -1*, <null>, Announce)
  	Notify(SharpMUSH.Library.Models.SharpPlayer: SharpMUSH.Library.Models.SharpPlayer, *System.String: -1*, <null>, Announce)
  	Notify(SharpMUSH.Library.Models.SharpPlayer: SharpMUSH.Library.Models.SharpPlayer, *System.String: -1*, <null>, Announce)
  	Notify(SharpMUSH.Library.Models.SharpPlayer: SharpMUSH.Library.Models.SharpPlayer, *System.String: -1*, <null>, Announce)
  	Notify(SharpMUSH.Library.Models.SharpPlayer: SharpMUSH.Library.Models.SharpPlayer, *System.String: -1*, <null>, Announce)
  	Notify(SharpMUSH.Library.Models.SharpPlayer: SharpMUSH.Library.Models.SharpPlayer, *System.String: -1*, <null>, Announce)
  	Notify(SharpMUSH.Library.Models.SharpPlayer: SharpMUSH.Library.Models.SharpPlayer, *System.String: -1*, <null>, Announce)
  	Notify(SharpMUSH.Library.Models.SharpPlayer: SharpMUSH.Library.Models.SharpPlayer, *System.String: -1*, <null>, Announce)
  	Notify(SharpMUSH.Library.Models.SharpPlayer: SharpMUSH.Library.Models.SharpPlayer, *System.String: -1*, <null>, Announce)
  	Notify(SharpMUSH.Library.Models.SharpPlayer: SharpMUSH.Library.Models.SharpPlayer, *System.String: -1*, <null>, Announce)
  	Notify(SharpMUSH.Library.Models.SharpPlayer: SharpMUSH.Library.Models.SharpPlayer, *System.String: -1*, <null>, Announce)
  	Notify(SharpMUSH.Library.Models.SharpPlayer: SharpMUSH.Library.Models.SharpPlayer, *System.String: -1*, <null>, Announce)
  	Notify(SharpMUSH.Library.Models.SharpPlayer: SharpMUSH.Library.Models.SharpPlayer, *System.String: -1*, <null>, Announce)
  	Notify(SharpMUSH.Library.Models.SharpPlayer: SharpMUSH.Library.Models.SharpPlayer, *System.String: -1*, <null>, Announce)
  	Notify(SharpMUSH.Library.Models.SharpPlayer: SharpMUSH.Library.Models.SharpPlayer, *System.String: -1*, <null>, Announce)
  	Notify(SharpMUSH.Library.Models.SharpPlayer: SharpMUSH.Library.Models.SharpPlayer, *System.String: -1*, <null>, Announce)
  	Notify(SharpMUSH.Library.Models.SharpPlayer: SharpMUSH.Library.Models.SharpPlayer, *System.String: -1*, <null>, Announce)
  	Notify(SharpMUSH.Library.Models.SharpPlayer: SharpMUSH.Library.Models.SharpPlayer, *System.String: -1*, <null>, Announce)
  	Notify(SharpMUSH.Library.Models.SharpPlayer: SharpMUSH.Library.Models.SharpPlayer, *System.String: -1*, <null>, Announce)
  	Notify(SharpMUSH.Library.Models.SharpPlayer: SharpMUSH.Library.Models.SharpPlayer, *System.String: -1*, <null>, Announce)
  	Notify(SharpMUSH.Library.Models.SharpPlayer: SharpMUSH.Library.Models.SharpPlayer, *System.String: -1*, <null>, Announce)
  	Notify(SharpMUSH.Library.Models.SharpPlayer: SharpMUSH.Library.Models.SharpPlayer, *System.String: -1*, <null>, Announce)
  	Notify(SharpMUSH.Library.Models.SharpPlayer: SharpMUSH.Library.Models.SharpPlayer, *System.String: -1*, <null>, Announce)
  	Notify(SharpMUSH.Library.Models.SharpPlayer: SharpMUSH.Library.Models.SharpPlayer, *System.String: -1*, <null>, Announce)
  	Notify(SharpMUSH.Library.Models.SharpPlayer: SharpMUSH.Library.Models.SharpPlayer, *System.String: -1*, <null>, Announce)
  	Notify(SharpMUSH.Library.Models.SharpPlayer: SharpMUSH.Library.Models.SharpPlayer, *System.String: -1*, <null>, Announce)
  	Notify(SharpMUSH.Library.Models.SharpPlayer: SharpMUSH.Library.Models.SharpPlayer, *System.String: -1*, <null>, Announce)
  	Notify(SharpMUSH.Library.Models.SharpPlayer: SharpMUSH.Library.Models.SharpPlayer, *System.String: -1*, <null>, Announce)
  	Notify(SharpMUSH.Library.Models.SharpPlayer: SharpMUSH.Library.Models.SharpPlayer, *System.String: -1*, <null>, Announce)
  	Notify(SharpMUSH.Library.Models.SharpPlayer: SharpMUSH.Library.Models.SharpPlayer, *System.String: -1*, <null>, Announce)
  	Notify(SharpMUSH.Library.Models.SharpPlayer: SharpMUSH.Library.Models.SharpPlayer, *System.String: -1*, <null>, Announce)
  	Notify(SharpMUSH.Library.Models.SharpPlayer: SharpMUSH.Library.Models.SharpPlayer, *System.String: -1*, <null>, Announce)
  	Notify(SharpMUSH.Library.Models.SharpPlayer: SharpMUSH.Library.Models.SharpPlayer, *System.String: -1*, <null>, Announce)
  	Notify(SharpMUSH.Library.Models.SharpPlayer: SharpMUSH.Library.Models.SharpPlayer, *System.String: -1*, <null>, Announce)
  	Notify(SharpMUSH.Library.Models.SharpPlayer: SharpMUSH.Library.Models.SharpPlayer, *System.String: -1*, <null>, Announce)
  	Notify(SharpMUSH.Library.Models.SharpPlayer: SharpMUSH.Library.Models.SharpPlayer, *System.String: -1*, <null>, Announce)
  	Notify(SharpMUSH.Library.Models.SharpPlayer: SharpMUSH.Library.Models.SharpPlayer, *System.String: -1*, <null>, Announce)
  	Notify(SharpMUSH.Library.Models.SharpPlayer: SharpMUSH.Library.Models.SharpPlayer, *System.String: -1*, <null>, Announce)
  	Notify(SharpMUSH.Library.Models.SharpPlayer: SharpMUSH.Library.Models.SharpPlayer, *System.String: -1*, <null>, Announce)
  	Notify(SharpMUSH.Library.Models.SharpPlayer: SharpMUSH.Library.Models.SharpPlayer, *System.String: -1*, <null>, Announce)
  	Notify(SharpMUSH.Library.Models.SharpPlayer: SharpMUSH.Library.Models.SharpPlayer, *System.String: -1*, <null>, Announce)
  	Notify(SharpMUSH.Library.Models.SharpPlayer: SharpMUSH.Library.Models.SharpPlayer, *System.String: -1*, <null>, Announce)
  	Notify(SharpMUSH.Library.Models.SharpPlayer: SharpMUSH.Library.Models.SharpPlayer, *System.String: -1*, <null>, Announce)
  	Notify(SharpMUSH.Library.Models.SharpPlayer: SharpMUSH.Library.Models.SharpPlayer, *System.String: -1*, <null>, Announce)
  	Notify(SharpMUSH.Library.Models.SharpPlayer: SharpMUSH.Library.Models.SharpPlayer, *System.String: -1*, <null>, Announce)
  	Notify(SharpMUSH.Library.Models.SharpPlayer: SharpMUSH.Library.Models.SharpPlayer, *System.String: -1*, <null>, Announce)
  	Notify(SharpMUSH.Library.Models.SharpPlayer: SharpMUSH.Library.Models.SharpPlayer, *System.String: -1*, <null>, Announce)
  	Notify(SharpMUSH.Library.Models.SharpPlayer: SharpMUSH.Library.Models.SharpPlayer, *System.String: -1*, <null>, Announce)
  	Notify(SharpMUSH.Library.Models.SharpPlayer: SharpMUSH.Library.Models.SharpPlayer, *System.String: -1*, <null>, Announce)
  	Notify(SharpMUSH.Library.Models.SharpPlayer: SharpMUSH.Library.Models.SharpPlayer, *System.String: -1*, <null>, Announce)
  	Notify(SharpMUSH.Library.Models.SharpPlayer: SharpMUSH.Library.Models.SharpPlayer, *System.String: -1*, <null>, Announce)
  	Notify(SharpMUSH.Library.Models.SharpPlayer: SharpMUSH.Library.Models.SharpPlayer, *System.String: -1*, <null>, Announce)
  	Notify(SharpMUSH.Library.Models.SharpPlayer: SharpMUSH.Library.Models.SharpPlayer, *System.String: -1*, <null>, Announce)
  	Notify(SharpMUSH.Library.Models.SharpPlayer: SharpMUSH.Library.Models.SharpPlayer, *System.String: -1*, <null>, Announce)
  	Notify(SharpMUSH.Library.Models.SharpPlayer: SharpMUSH.Library.Models.SharpPlayer, *System.String: -1*, <null>, Announce)
  	Notify(SharpMUSH.Library.Models.SharpPlayer: SharpMUSH.Library.Models.SharpPlayer, *System.String: -1*, <null>, Announce)
  	Notify(SharpMUSH.Library.Models.SharpPlayer: SharpMUSH.Library.Models.SharpPlayer, *System.String: -1*, <null>, Announce)
  	Notify(SharpMUSH.Library.Models.SharpPlayer: SharpMUSH.Library.Models.SharpPlayer, *System.String: -1*, <null>, Announce)
  	Notify(SharpMUSH.Library.Models.SharpPlayer: SharpMUSH.Library.Models.SharpPlayer, *System.String: -1*, <null>, Announce)
  	Notify(SharpMUSH.Library.Models.SharpPlayer: SharpMUSH.Library.Models.SharpPlayer, *System.String: -1*, <null>, Announce)
  	Notify(SharpMUSH.Library.Models.SharpPlayer: SharpMUSH.Library.Models.SharpPlayer, *System.String: -1*, <null>, Announce)
  	Notify(SharpMUSH.Library.Models.SharpPlayer: SharpMUSH.Library.Models.SharpPlayer, *System.String: -1*, <null>, Announce)
  	Notify(SharpMUSH.Library.Models.SharpPlayer: SharpMUSH.Library.Models.SharpPlayer, *System.String: -1*, <null>, Announce)
  	Notify(SharpMUSH.Library.Models.SharpPlayer: SharpMUSH.Library.Models.SharpPlayer, *System.String: -1*, <null>, Announce)
  	Notify(SharpMUSH.Library.Models.SharpPlayer: SharpMUSH.Library.Models.SharpPlayer, *System.String: -1*, <null>, Announce)
  	Notify(SharpMUSH.Library.Models.SharpPlayer: SharpMUSH.Library.Models.SharpPlayer, *System.String: -1*, <null>, Announce)
  	Notify(SharpMUSH.Library.Models.SharpPlayer: SharpMUSH.Library.Models.SharpPlayer, *System.String: -1*, <null>, Announce)
  	Notify(SharpMUSH.Library.Models.SharpPlayer: SharpMUSH.Library.Models.SharpPlayer, *System.String: -1*, <null>, Announce)
  	Notify(SharpMUSH.Library.Models.SharpPlayer: SharpMUSH.Library.Models.SharpPlayer, *System.String: -1*, <null>, Announce)
  	Notify(SharpMUSH.Library.Models.SharpPlayer: SharpMUSH.Library.Models.SharpPlayer, *System.String: -1*, <null>, Announce)
  	Notify(SharpMUSH.Library.Models.SharpPlayer: SharpMUSH.Library.Models.SharpPlayer, *System.String: -1*, <null>, Announce)
  	Notify(SharpMUSH.Library.Models.SharpPlayer: SharpMUSH.Library.Models.SharpPlayer, *System.String: -1*, <null>, Announce)
  	Notify(SharpMUSH.Library.Models.SharpPlayer: SharpMUSH.Library.Models.SharpPlayer, *System.String: -1*, <null>, Announce)
  	Notify(SharpMUSH.Library.Models.SharpPlayer: SharpMUSH.Library.Models.SharpPlayer, *System.String: -1*, <null>, Announce)
  	Notify(SharpMUSH.Library.Models.SharpPlayer: SharpMUSH.Library.Models.SharpPlayer, *System.String: -1*, <null>, Announce)
  	Notify(SharpMUSH.Library.Models.SharpPlayer: SharpMUSH.Library.Models.SharpPlayer, *System.String: -1*, <null>, Announce)
  	Notify(SharpMUSH.Library.Models.SharpPlayer: SharpMUSH.Library.Models.SharpPlayer, *System.String: -1*, <null>, Announce)
  	Notify(SharpMUSH.Library.Models.SharpPlayer: SharpMUSH.Library.Models.SharpPlayer, *System.String: -1*, <null>, Announce)
  	Notify(SharpMUSH.Library.Models.SharpPlayer: SharpMUSH.Library.Models.SharpPlayer, *System.String: -1*, <null>, Announce)
  	Notify(SharpMUSH.Library.Models.SharpPlayer: SharpMUSH.Library.Models.SharpPlayer, *System.String: -1*, <null>, Announce)
  	Notify(SharpMUSH.Library.Models.SharpPlayer: SharpMUSH.Library.Models.SharpPlayer, *System.String: -1*, <null>, Announce)
  	Notify(SharpMUSH.Library.Models.SharpPlayer: SharpMUSH.Library.Models.SharpPlayer, *System.String: -1*, <null>, Announce)
  	Notify(SharpMUSH.Library.Models.SharpPlayer: SharpMUSH.Library.Models.SharpPlayer, *System.String: -1*, <null>, Announce)
  	Notify(SharpMUSH.Library.Models.SharpPlayer: SharpMUSH.Library.Models.SharpPlayer, *System.String: -1*, <null>, Announce)
  	Notify(SharpMUSH.Library.Models.SharpPlayer: SharpMUSH.Library.Models.SharpPlayer, *System.String: -1*, <null>, Announce)
  	Notify(SharpMUSH.Library.Models.SharpPlayer: SharpMUSH.Library.Models.SharpPlayer, *System.String: -1*, <null>, Announce)
  	Notify(SharpMUSH.Library.Models.SharpPlayer: SharpMUSH.Library.Models.SharpPlayer, *System.String: -1*, <null>, Announce)
  	Notify(SharpMUSH.Library.Models.SharpPlayer: SharpMUSH.Library.Models.SharpPlayer, *System.String: -1*, <null>, Announce)
  	Notify(SharpMUSH.Library.Models.SharpPlayer: SharpMUSH.Library.Models.SharpPlayer, *System.String: -1*, <null>, Announce)
  	Notify(SharpMUSH.Library.Models.SharpPlayer: SharpMUSH.Library.Models.SharpPlayer, *System.String: -1*, <null>, Announce)
  	Notify(SharpMUSH.Library.Models.SharpPlayer: SharpMUSH.Library.Models.SharpPlayer, *System.String: -1*, <null>, Announce)
  	Notify(SharpMUSH.Library.Models.SharpPlayer: SharpMUSH.Library.Models.SharpPlayer, *System.String: -1*, <null>, Announce)
  	Notify(SharpMUSH.Library.Models.SharpPlayer: SharpMUSH.Library.Models.SharpPlayer, *System.String: -1*, <null>, Announce)
  	Notify(SharpMUSH.Library.Models.SharpPlayer: SharpMUSH.Library.Models.SharpPlayer, *System.String: -1*, <null>, Announce)
  	Notify(SharpMUSH.Library.Models.SharpPlayer: SharpMUSH.Library.Models.SharpPlayer, *System.String: -1*, <null>, Announce)
  	Notify(SharpMUSH.Library.Models.SharpPlayer: SharpMUSH.Library.Models.SharpPlayer, *System.String: -1*, <null>, Announce)
  	Notify(SharpMUSH.Library.Models.SharpPlayer: SharpMUSH.Library.Models.SharpPlayer, *System.String: -1*, <null>, Announce)
  	Notify(SharpMUSH.Library.Models.SharpPlayer: SharpMUSH.Library.Models.SharpPlayer, *System.String: -1*, <null>, Announce)
  	Notify(SharpMUSH.Library.Models.SharpPlayer: SharpMUSH.Library.Models.SharpPlayer, *System.String: -1*, <null>, Announce)
  	Notify(SharpMUSH.Library.Models.SharpPlayer: SharpMUSH.Library.Models.SharpPlayer, *System.String: -1*, <null>, Announce)
  	Notify(SharpMUSH.Library.Models.SharpPlayer: SharpMUSH.Library.Models.SharpPlayer, *System.String: -1*, <null>, Announce)
  	Notify(SharpMUSH.Library.Models.SharpPlayer: SharpMUSH.Library.Models.SharpPlayer, *System.String: -1*, <null>, Announce)
  	Notify(SharpMUSH.Library.Models.SharpPlayer: SharpMUSH.Library.Models.SharpPlayer, *System.String: -1*, <null>, Announce)
  	Notify(SharpMUSH.Library.Models.SharpPlayer: SharpMUSH.Library.Models.SharpPlayer, *System.String: -1*, <null>, Announce)
  	Notify(SharpMUSH.Library.Models.SharpPlayer: SharpMUSH.Library.Models.SharpPlayer, *System.String: -1*, <null>, Announce)
  	Notify(SharpMUSH.Library.Models.SharpPlayer: SharpMUSH.Library.Models.SharpPlayer, *System.String: -1*, <null>, Announce)
  	Notify(SharpMUSH.Library.Models.SharpPlayer: SharpMUSH.Library.Models.SharpPlayer, *System.String: -1*, <null>, Announce)
  	Notify(SharpMUSH.Library.Models.SharpPlayer: SharpMUSH.Library.Models.SharpPlayer, *System.String: -1*, <null>, Announce)
  	Notify(SharpMUSH.Library.Models.SharpPlayer: SharpMUSH.Library.Models.SharpPlayer, *System.String: -1*, <null>, Announce)
  	Notify(SharpMUSH.Library.Models.SharpPlayer: SharpMUSH.Library.Models.SharpPlayer, *System.String: -1*, <null>, Announce)
  	Notify(SharpMUSH.Library.Models.SharpPlayer: SharpMUSH.Library.Models.SharpPlayer, *System.String: -1*, <null>, Announce)
  	Notify(SharpMUSH.Library.Models.SharpPlayer: SharpMUSH.Library.Models.SharpPlayer, *System.String: -1*, <null>, Announce)
  	Notify(SharpMUSH.Library.Models.SharpPlayer: SharpMUSH.Library.Models.SharpPlayer, *System.String: Command1 Arg*, <null>, Announce)
  	Notify(SharpMUSH.Library.Models.SharpPlayer: SharpMUSH.Library.Models.SharpPlayer, *System.String: Command2 Arg*, <null>, Announce)
  	Notify(SharpMUSH.Library.Models.SharpPlayer: SharpMUSH.Library.Models.SharpPlayer, *System.String: 32*, <null>, Announce)
  	Notify(SharpMUSH.Library.Models.SharpPlayer: SharpMUSH.Library.Models.SharpPlayer, *System.String: [1;31mred[0m*, <null>, Announce)
  	Notify(SharpMUSH.Library.Models.SharpPlayer: SharpMUSH.Library.Models.SharpPlayer, *System.String: [1;32mgreen[0m*, <null>, Announce)
  	Notify(SharpMUSH.Library.Models.SharpPlayer: SharpMUSH.Library.Models.SharpPlayer, *System.String: 36*, <null>, Announce)
  	Notify(SharpMUSH.Library.Models.SharpPlayer: SharpMUSH.Library.Models.SharpPlayer, *System.String: 57*, <null>, Announce)
  	Notify(SharpMUSH.Library.Models.SharpPlayer: SharpMUSH.Library.Models.SharpPlayer, *System.String: Command3 Arg*, <null>, Announce)
  	Notify(SharpMUSH.Library.Models.SharpPlayer: SharpMUSH.Library.Models.SharpPlayer, *System.String: Command4 Arg.*, <null>, Announce)
  	Notify(SharpMUSH.Library.Models.SharpPlayer: SharpMUSH.Library.Models.SharpPlayer, *System.String: 34*, <null>, Announce)
  	Notify(SharpMUSH.Library.Models.SharpPlayer: SharpMUSH.Library.Models.SharpPlayer, *System.String: 55*, <null>, Announce)
  	Notify(SharpMUSH.Library.Models.SharpPlayer: SharpMUSH.Library.Models.SharpPlayer, *System.String: [add(1,2)]3*, <null>, Announce)
  	Notify(SharpMUSH.Library.Models.SharpPlayer: SharpMUSH.Library.Models.SharpPlayer, *System.String: 31*, <null>, Announce)
  	Notify(SharpMUSH.Library.Models.SharpPlayer: SharpMUSH.Library.Models.SharpPlayer, *System.String: Command1 Arg;think Command2 Arg*, <null>, Announce)
  	Notify(SharpMUSH.Library.Models.SharpPlayer: SharpMUSH.Library.Models.SharpPlayer, *System.String: Configuration Categories:*, <null>, Announce)
  	Notify(SharpMUSH.Library.Models.SharpPlayer: SharpMUSH.Library.Models.SharpPlayer, *System.String:   Attribute*, <null>, Announce)
  	Notify(SharpMUSH.Library.Models.SharpPlayer: SharpMUSH.Library.Models.SharpPlayer, *System.String:   Chat*, <null>, Announce)
  	Notify(SharpMUSH.Library.Models.SharpPlayer: SharpMUSH.Library.Models.SharpPlayer, *System.String:   Command*, <null>, Announce)
  	Notify(SharpMUSH.Library.Models.SharpPlayer: SharpMUSH.Library.Models.SharpPlayer, *System.String:   Compatibility*, <null>, Announce)
  	Notify(SharpMUSH.Library.Models.SharpPlayer: SharpMUSH.Library.Models.SharpPlayer, *System.String:   Cosmetic*, <null>, Announce)
  	Notify(SharpMUSH.Library.Models.SharpPlayer: SharpMUSH.Library.Models.SharpPlayer, *System.String:   Cost*, <null>, Announce)
  	Notify(SharpMUSH.Library.Models.SharpPlayer: SharpMUSH.Library.Models.SharpPlayer, *System.String:   Database*, <null>, Announce)
  	Notify(SharpMUSH.Library.Models.SharpPlayer: SharpMUSH.Library.Models.SharpPlayer, *System.String:   Dump*, <null>, Announce)
  	Notify(SharpMUSH.Library.Models.SharpPlayer: SharpMUSH.Library.Models.SharpPlayer, *System.String:   File*, <null>, Announce)
  	Notify(SharpMUSH.Library.Models.SharpPlayer: SharpMUSH.Library.Models.SharpPlayer, *System.String:   Flag*, <null>, Announce)
  	Notify(SharpMUSH.Library.Models.SharpPlayer: SharpMUSH.Library.Models.SharpPlayer, *System.String:   Function*, <null>, Announce)
  	Notify(SharpMUSH.Library.Models.SharpPlayer: SharpMUSH.Library.Models.SharpPlayer, *System.String:   Limit*, <null>, Announce)
  	Notify(SharpMUSH.Library.Models.SharpPlayer: SharpMUSH.Library.Models.SharpPlayer, *System.String:   Log*, <null>, Announce)
  	Notify(SharpMUSH.Library.Models.SharpPlayer: SharpMUSH.Library.Models.SharpPlayer, *System.String:   Message*, <null>, Announce)
  	Notify(SharpMUSH.Library.Models.SharpPlayer: SharpMUSH.Library.Models.SharpPlayer, *System.String:   Net*, <null>, Announce)
  	Notify(SharpMUSH.Library.Models.SharpPlayer: SharpMUSH.Library.Models.SharpPlayer, *System.String:   Debug*, <null>, Announce)
  	Notify(SharpMUSH.Library.Models.SharpPlayer: SharpMUSH.Library.Models.SharpPlayer, *System.String:   Alias*, <null>, Announce)
  	Notify(SharpMUSH.Library.Models.SharpPlayer: SharpMUSH.Library.Models.SharpPlayer, *System.String:   Restriction*, <null>, Announce)
  	Notify(SharpMUSH.Library.Models.SharpPlayer: SharpMUSH.Library.Models.SharpPlayer, *System.String:   BannedNames*, <null>, Announce)
  	Notify(SharpMUSH.Library.Models.SharpPlayer: SharpMUSH.Library.Models.SharpPlayer, *System.String:   SitelockRules*, <null>, Announce)
  	Notify(SharpMUSH.Library.Models.SharpPlayer: SharpMUSH.Library.Models.SharpPlayer, *System.String:   Warning*, <null>, Announce)
  	Notify(SharpMUSH.Library.Models.SharpPlayer: SharpMUSH.Library.Models.SharpPlayer, *System.String:   TextFile*, <null>, Announce)
  	Notify(SharpMUSH.Library.Models.SharpPlayer: SharpMUSH.Library.Models.SharpPlayer, *System.String: Use '@config <category>' to see options in a category.*, <null>, Announce)
  	Notify(SharpMUSH.Library.Models.SharpPlayer: SharpMUSH.Library.Models.SharpPlayer, *System.String: Use '@config <option>' to see the value of an option.*, <null>, Announce)
  	Notify(SharpMUSH.Library.Models.SharpPlayer: SharpMUSH.Library.Models.SharpPlayer, *System.String: Options in Net:*, <null>, Announce)
  	Notify(SharpMUSH.Library.Models.SharpPlayer: SharpMUSH.Library.Models.SharpPlayer, *System.String:   guests: True*, <null>, Announce)
  	Notify(SharpMUSH.Library.Models.SharpPlayer: SharpMUSH.Library.Models.SharpPlayer, *System.String:   ip_addr: null*, <null>, Announce)
  	Notify(SharpMUSH.Library.Models.SharpPlayer: SharpMUSH.Library.Models.SharpPlayer, *System.String:   json_unsafe_unescape: False*, <null>, Announce)
  	Notify(SharpMUSH.Library.Models.SharpPlayer: SharpMUSH.Library.Models.SharpPlayer, *System.String:   logins: True*, <null>, Announce)
  	Notify(SharpMUSH.Library.Models.SharpPlayer: SharpMUSH.Library.Models.SharpPlayer, *System.String:   mud_name: PennMUSH Emulation by SharpMUSH*, <null>, Announce)
  	Notify(SharpMUSH.Library.Models.SharpPlayer: SharpMUSH.Library.Models.SharpPlayer, *System.String:   mud_url: null*, <null>, Announce)
  	Notify(SharpMUSH.Library.Models.SharpPlayer: SharpMUSH.Library.Models.SharpPlayer, *System.String:   player_creation: True*, <null>, Announce)
  	Notify(SharpMUSH.Library.Models.SharpPlayer: SharpMUSH.Library.Models.SharpPlayer, *System.String:   port: 4203*, <null>, Announce)
  	Notify(SharpMUSH.Library.Models.SharpPlayer: SharpMUSH.Library.Models.SharpPlayer, *System.String:   portal_port: 5117*, <null>, Announce)
  	Notify(SharpMUSH.Library.Models.SharpPlayer: SharpMUSH.Library.Models.SharpPlayer, *System.String:   pueblo: False*, <null>, Announce)
  	Notify(SharpMUSH.Library.Models.SharpPlayer: SharpMUSH.Library.Models.SharpPlayer, *System.String:   socket_file: data/netmush.sock*, <null>, Announce)
  	Notify(SharpMUSH.Library.Models.SharpPlayer: SharpMUSH.Library.Models.SharpPlayer, *System.String:   sql_database: mush*, <null>, Announce)
  	Notify(SharpMUSH.Library.Models.SharpPlayer: SharpMUSH.Library.Models.SharpPlayer, *System.String:   sql_host: 127.0.0.1*, <null>, Announce)
  	Notify(SharpMUSH.Library.Models.SharpPlayer: SharpMUSH.Library.Models.SharpPlayer, *System.String:   sql_password: mush*, <null>, Announce)
  	Notify(SharpMUSH.Library.Models.SharpPlayer: SharpMUSH.Library.Models.SharpPlayer, *System.String:   sql_platform: disabled*, <null>, Announce)
  	Notify(SharpMUSH.Library.Models.SharpPlayer: SharpMUSH.Library.Models.SharpPlayer, *System.String:   sql_username: mush*, <null>, Announce)
  	Notify(SharpMUSH.Library.Models.SharpPlayer: SharpMUSH.Library.Models.SharpPlayer, *System.String:   ssl_ip_addr: null*, <null>, Announce)
  	Notify(SharpMUSH.Library.Models.SharpPlayer: SharpMUSH.Library.Models.SharpPlayer, *System.String:   ssl_port: 0*, <null>, Announce)
  	Notify(SharpMUSH.Library.Models.SharpPlayer: SharpMUSH.Library.Models.SharpPlayer, *System.String:   ssl_portal_port: 7296*, <null>, Announce)
  	Notify(SharpMUSH.Library.Models.SharpPlayer: SharpMUSH.Library.Models.SharpPlayer, *System.String:   ssl_require_clientcert: False*, <null>, Announce)
  	Notify(SharpMUSH.Library.Models.SharpPlayer: SharpMUSH.Library.Models.SharpPlayer, *System.String:   use_dns: True*, <null>, Announce)
  	Notify(SharpMUSH.Library.Models.SharpPlayer: SharpMUSH.Library.Models.SharpPlayer, *System.String:   use_ws: True*, <null>, Announce)
  	Notify(SharpMUSH.Library.Models.SharpPlayer: SharpMUSH.Library.Models.SharpPlayer, *System.String:   ws_url: /wsclient*, <null>, Announce)
  	Notify(SharpMUSH.Library.Models.SharpPlayer: SharpMUSH.Library.Models.SharpPlayer, *System.String: Attribute DOING SET.*, *SharpMUSH.Library.Models.SharpPlayer: SharpMUSH.Library.Models.SharpPlayer*, Announce)
  	Notify(SharpMUSH.Library.Models.SharpPlayer: SharpMUSH.Library.Models.SharpPlayer, *System.String: No configuration category or option named 'test_string_CONFIG_invalid_option'.*, <null>, Announce)
  	Notify(SharpMUSH.Library.Models.SharpPlayer: SharpMUSH.Library.Models.SharpPlayer, *System.String: Attribute MONIKER SET.*, *SharpMUSH.Library.Models.SharpPlayer: SharpMUSH.Library.Models.SharpPlayer*, Announce)
  	Notify(SharpMUSH.Library.Models.SharpPlayer: SharpMUSH.Library.Models.SharpPlayer, *System.String: Moniker set.*, <null>, Announce)
  	Notify(SharpMUSH.Library.Models.SharpPlayer: SharpMUSH.Library.Models.SharpPlayer, *System.String: Usage: @motd[/<type>] <message>*, <null>, Announce)
  	Notify(SharpMUSH.Library.Models.SharpPlayer: SharpMUSH.Library.Models.SharpPlayer, *System.String: Current Message of the Day settings:*, <null>, Announce)
  	Notify(SharpMUSH.Library.Models.SharpPlayer: SharpMUSH.Library.Models.SharpPlayer, *System.String:   Connect MOTD File: txt/motd.txt*, <null>, Announce)
  	Notify(SharpMUSH.Library.Models.SharpPlayer: SharpMUSH.Library.Models.SharpPlayer, *System.String:   Connect MOTD HTML: txt/motd.html*, <null>, Announce)
  	Notify(SharpMUSH.Library.Models.SharpPlayer: SharpMUSH.Library.Models.SharpPlayer, *System.String:   Wizard MOTD File: txt/wizmotd.txt*, <null>, Announce)
  	Notify(SharpMUSH.Library.Models.SharpPlayer: SharpMUSH.Library.Models.SharpPlayer, *System.String:   Wizard MOTD HTML: txt/wizmotd.html*, <null>, Announce)
  	Notify(SharpMUSH.Library.Models.SharpPlayer: SharpMUSH.Library.Models.SharpPlayer, *System.String: *, <null>, Announce)
  	Notify(SharpMUSH.Library.Models.SharpPlayer: SharpMUSH.Library.Models.SharpPlayer, *System.String: Temporary Message of the Day (cleared on restart):*, <null>, Announce)
  	Notify(SharpMUSH.Library.Models.SharpPlayer: SharpMUSH.Library.Models.SharpPlayer, *System.String:   Connect MOTD: (not set)*, <null>, Announce)
  	Notify(SharpMUSH.Library.Models.SharpPlayer: SharpMUSH.Library.Models.SharpPlayer, *System.String:   Wizard MOTD:  (not set)*, <null>, Announce)
  	Notify(SharpMUSH.Library.Models.SharpPlayer: SharpMUSH.Library.Models.SharpPlayer, *System.String:   Down MOTD:    (not set)*, <null>, Announce)
  	Notify(SharpMUSH.Library.Models.SharpPlayer: SharpMUSH.Library.Models.SharpPlayer, *System.String:   Full MOTD:    (not set)*, <null>, Announce)
  	Notify(SharpMUSH.Library.Models.SharpPlayer: SharpMUSH.Library.Models.SharpPlayer, *System.String: Usage: @wizmotd <message>*, <null>, Announce)
  	Notify(SharpMUSH.Library.Models.SharpPlayer: SharpMUSH.Library.Models.SharpPlayer, *System.String: Usage: @rejectmotd <message>*, <null>, Announce)
  	Notify(SharpMUSH.Library.Models.SharpPlayer: SharpMUSH.Library.Models.SharpPlayer, *System.String: mud_name: PennMUSH Emulation by SharpMUSH*, <null>, Announce)
  	Notify(SharpMUSH.Library.Models.SharpPlayer: SharpMUSH.Library.Models.SharpPlayer, *System.String:   Description: Name of your MUSH as displayed to players*, <null>, Announce)
  	Notify(SharpMUSH.Library.Models.SharpPlayer: SharpMUSH.Library.Models.SharpPlayer, *System.String:   Category: Net*, <null>, Announce)
  	Notify(SharpMUSH.Library.Models.SharpPlayer: SharpMUSH.Library.Models.SharpPlayer, *System.String: Player Name            On For   Idle  Doing                           
  God                        3s     0s  Test activity                   
  1 players logged in.*, <null>, Announce)
  	Notify(SharpMUSH.Library.Models.SharpPlayer: SharpMUSH.Library.Models.SharpPlayer, *System.String: @enable is equivalent to @config/set noisy_whisper=yes*, <null>, Announce)
  	Notify(SharpMUSH.Library.Models.SharpPlayer: SharpMUSH.Library.Models.SharpPlayer, *System.String: Runtime configuration modification is not yet implemented. Changes require server restart.*, <null>, Announce)
  	Notify(SharpMUSH.Library.Models.SharpPlayer: SharpMUSH.Library.Models.SharpPlayer, *System.String: Current value: noisy_whisper=False*, <null>, Announce)
  	Notify(SharpMUSH.Library.Models.SharpPlayer: SharpMUSH.Library.Models.SharpPlayer, *System.String: Option 'probate_judge' is not a boolean option. Use @config/set instead.*, <null>, Announce)
  	Notify(SharpMUSH.Library.Models.SharpPlayer: SharpMUSH.Library.Models.SharpPlayer, *System.String: Usage: @enable <option>*, <null>, Announce)
  	Notify(SharpMUSH.Library.Models.SharpPlayer: SharpMUSH.Library.Models.SharpPlayer, *System.String: Usage: @disable <option>*, <null>, Announce)
  	Notify(SharpMUSH.Library.Models.SharpPlayer: SharpMUSH.Library.Models.SharpPlayer, *System.String: Player Name            On For   Idle  Doing                           
  
  0 players logged in.*, <null>, Announce)
  	Notify(SharpMUSH.Library.Models.SharpPlayer: SharpMUSH.Library.Models.SharpPlayer, *System.String: No configuration option named 'test_string_DISABLE_invalid_option_xyz'.*, <null>, Announce)
  	Notify(SharpMUSH.Library.Models.SharpPlayer: SharpMUSH.Library.Models.SharpPlayer, *System.String: No configuration option named 'test_string_ENABLE_invalid_option_xyz'.*, <null>, Announce)
  	Notify(SharpMUSH.Library.Models.SharpPlayer: SharpMUSH.Library.Models.SharpPlayer, *System.String: @disable is equivalent to @config/set noisy_whisper=no*, <null>, Announce)
  	Notify(SharpMUSH.Library.Models.SharpPlayer: SharpMUSH.Library.Models.SharpPlayer, *System.String: Runtime configuration modification is not yet implemented. Changes require server restart.*, <null>, Announce)
  	Notify(SharpMUSH.Library.Models.SharpPlayer: SharpMUSH.Library.Models.SharpPlayer, *System.String: Current value: noisy_whisper=False*, <null>, Announce)
  	Notify(SharpMUSH.Library.Models.SharpPlayer: SharpMUSH.Library.Models.SharpPlayer, *System.String: Option 'mud_name' is not a boolean option. Use @config/set instead.*, <null>, Announce)
  	Notify(SharpMUSH.Library.Models.SharpPlayer: SharpMUSH.Library.Models.SharpPlayer, *System.String: Power 'TEST_POWER_E9AB9A3B' created with alias 'TPOW'.*, <null>, Announce)
  	Notify(SharpMUSH.Library.Models.SharpPlayer: SharpMUSH.Library.Models.SharpPlayer, *System.String: Object Powers:
  Name                 Alias              Type Restrictions
  -------------------- ------------------ -------------------
  Announce                                ROOM,PLAYER,EXIT,THING
  Boot                                    ROOM,PLAYER,EXIT,THING
  Builder                                 ROOM,PLAYER,EXIT,THING
  Can_Dark                                PLAYER
  Can_HTTP                                ROOM,PLAYER,EXIT,THING
  Can_Spoof                               ROOM,PLAYER,EXIT,THING
  Chat_Privs                              ROOM,PLAYER,EXIT,THING
  Debit                                   ROOM,PLAYER,EXIT,THING
  Functions                               ROOM,PLAYER,EXIT,THING
  Guest                                   ROOM,PLAYER,EXIT,THING
  Halt                                    ROOM,PLAYER,EXIT,THING
  Hide                                    ROOM,PLAYER,EXIT,THING
  Hook                                    ROOM,PLAYER,EXIT,THING
  Idle                                    ROOM,PLAYER,EXIT,THING
  Immortal                                ROOM,PLAYER,EXIT,THING
  Link_Anywhere                           ROOM,PLAYER,EXIT,THING
  Login                                   ROOM,PLAYER,EXIT,THING
  Long_Fingers                            ROOM,PLAYER,EXIT,THING
  Many_Attribs                            ROOM,PLAYER,EXIT,THING
  No_Pay                                  ROOM,PLAYER,EXIT,THING
  No_Quota                                ROOM,PLAYER,EXIT,THING
  Open_Anywhere                           ROOM,PLAYER,EXIT,THING
  Pemit_All                               ROOM,PLAYER,EXIT,THING
  Pick_DBRefs                             ROOM,PLAYER,EXIT,THING
  Player_Create                           ROOM,PLAYER,EXIT,THING
  Poll                                    ROOM,PLAYER,EXIT,THING
  Pueblo_Send                             ROOM,PLAYER,EXIT,THING
  Queue                                   ROOM,PLAYER,EXIT,THING
  Search                                  ROOM,PLAYER,EXIT,THING
  See_All                                 ROOM,PLAYER,EXIT,THING
  See_Queue                               ROOM,PLAYER,EXIT,THING
  See_OOB                                 ROOM,PLAYER,EXIT,THING
  SQL_OK                                  ROOM,PLAYER,EXIT,THING
  Tport_Anything                          ROOM,PLAYER,EXIT,THING
  Tport_Anywhere                          ROOM,PLAYER,EXIT,THING
  Unkillable                              ROOM,PLAYER,EXIT,THING*, <null>, Announce)
  	Notify(SharpMUSH.Library.Models.SharpPlayer: SharpMUSH.Library.Models.SharpPlayer, *System.String: Object Flags:
  Name                 Symbol Type Restrictions
  -------------------- ------ -------------------
  WIZARD               W      ROOM,PLAYER,EXIT,THING
  ABODE                A      ROOM
  ANSI                 A      PLAYER
  CHOWN_OK             C      ROOM,PLAYER,THING
  COLOR                C      PLAYER
  DARK                 D      ROOM,PLAYER,EXIT,THING
  FIXED                F      PLAYER
  FLOATING             F      ROOM
  HAVEN                H      PLAYER
  TRUST                I      ROOM,PLAYER,EXIT,THING
  JUDGE                J      PLAYER
  JUMP_OK              J      ROOM
  LINK_OK              L      ROOM,PLAYER,EXIT,THING
  MONITOR              M      ROOM,PLAYER,THING
  NO_LEAVE             N      THING
  NO_TEL               N      ROOM
  OPAQUE               O      ROOM,PLAYER,EXIT,THING
  QUIET                Q      ROOM,PLAYER,EXIT,THING
  UNFINDABLE           U      ROOM,PLAYER,EXIT,THING
  VISUAL               V      ROOM,PLAYER,EXIT,THING
  SAFE                 X      ROOM,PLAYER,EXIT,THING
  SHARED               Z      PLAYER
  Z_TEL                Z      ROOM,THING
  LISTEN_PARENT        ^      PLAYER,THING,ROOM
  NOACCENTS            ~      PLAYER,THING,ROOM
  UNREGISTERED         ?      PLAYER
  NOSPOOF              "      ROOM,PLAYER,EXIT,THING
  AUDIBLE              a      ROOM,PLAYER,EXIT,THING
  DEBUG                b      ROOM,PLAYER,EXIT,THING
  DESTROY_OK           d      THING
  ENTER_OK             e      ROOM,PLAYER,EXIT,THING
  GAGGED               g      PLAYER
  HALT                 h      ROOM,PLAYER,EXIT,THING
  ORPHAN               i      ROOM,PLAYER,EXIT,THING
  JURY_OK              j      PLAYER
  KEEPALIVE            k      PLAYER
  LIGHT                l      ROOM,PLAYER,EXIT,THING
  MISTRUST             m      PLAYER,EXIT,THING
  MISTRUST             m      PLAYER,EXIT,THING
  NO_COMMAND           n      ROOM,PLAYER,EXIT,THING
  ON_VACATION          o      PLAYER
  PUPPET               P      THING
  ROYALTY              r      ROOM,PLAYER,EXIT,THING
  SUSPECT              s      ROOM,PLAYER,EXIT,THING
  TRANSPARENT          t      ROOM,PLAYER,EXIT,THING
  VERBOSE              v      ROOM,PLAYER,EXIT,THING
  NO_WARN              w      ROOM,PLAYER,EXIT,THING
  CLOUDY               x      EXIT
  CHAN_USEFIRSTMATCH          ROOM,PLAYER,EXIT,THING
  HEAR_CONNECT                PLAYER
  HEAVY                       ROOM,PLAYER,EXIT,THING
  LOUD                        PLAYER
  NO_LOG                      PLAYER
  PARANOID                    PLAYER
  TRACK_MONEY                 PLAYER
  XTERM256                    PLAYER
  MONIKER                     ROOM,PLAYER,EXIT,THING
  OPEN_OK                     ROOM
  GOING                g      ROOM,PLAYER,EXIT,THING
  GOING_TWICE                 ROOM,PLAYER,EXIT,THING*, <null>, Announce)
  	Notify(SharpMUSH.Library.Models.SharpPlayer: SharpMUSH.Library.Models.SharpPlayer, *System.String: Flag 'TEST_FLAG_36F4C586' created with symbol 'T'.*, <null>, Announce)
  	Notify(SharpMUSH.Library.Models.SharpPlayer: SharpMUSH.Library.Models.SharpPlayer, *System.String: Flag 'TEST_FLAG_EF8D1235' created with symbol 'T'.*, <null>, Announce)
  	Notify(SharpMUSH.Library.Models.SharpPlayer: SharpMUSH.Library.Models.SharpPlayer, *System.String: Flag 'TEST_FLAG_7EE4E12F' created with symbol 'T'.*, <null>, Announce)
  	Notify(SharpMUSH.Library.Models.SharpPlayer: SharpMUSH.Library.Models.SharpPlayer, *System.String: Flag 'TEST_FLAG_7EE4E12F' already exists.*, <null>, Announce)
  	Notify(SharpMUSH.Library.Models.SharpPlayer: SharpMUSH.Library.Models.SharpPlayer, *System.String: Flag 'TEST_FLAG_310C1EAA' deleted.*, <null>, Announce)
  	Notify(SharpMUSH.Library.Models.SharpPlayer: SharpMUSH.Library.Models.SharpPlayer, *System.String: Cannot delete system flag 'WIZARD'.*, <null>, Announce)
  	Notify(SharpMUSH.Library.Models.SharpPlayer: SharpMUSH.Library.Models.SharpPlayer, *System.String: Flag 'NONEXISTENT_FLAG_XYZ123' not found.*, <null>, Announce)
  	Notify(SharpMUSH.Library.Models.SharpPlayer: SharpMUSH.Library.Models.SharpPlayer, *System.String: Power 'TEST_POWER_ENABLE_556A3B81' created with alias 'TPOW'.*, <null>, Announce)
  	Notify(SharpMUSH.Library.Models.SharpPlayer: SharpMUSH.Library.Models.SharpPlayer, *System.String: Power 'TEST_POWER_ENABLE_556A3B81' disabled.*, <null>, Announce)
  	Notify(SharpMUSH.Library.Models.SharpPlayer: SharpMUSH.Library.Models.SharpPlayer, *System.String: Power 'TEST_POWER_ENABLE_556A3B81' enabled.*, <null>, Announce)
  	Notify(SharpMUSH.Library.Models.SharpPlayer: SharpMUSH.Library.Models.SharpPlayer, *System.String: Power 'TEST_POWER_DISABLE_FA5E4FB5' created with alias 'TPOW'.*, <null>, Announce)
  	Notify(SharpMUSH.Library.Models.SharpPlayer: SharpMUSH.Library.Models.SharpPlayer, *System.String: Power 'TEST_POWER_DISABLE_FA5E4FB5' disabled.*, <null>, Announce)
  	Notify(SharpMUSH.Library.Models.SharpPlayer: SharpMUSH.Library.Models.SharpPlayer, *System.String: Cannot disable system power 'Builder'.*, <null>, Announce)
  	Notify(SharpMUSH.Library.Models.SharpPlayer: SharpMUSH.Library.Models.SharpPlayer, *System.String: Flag 'TEST_FLAG_ENABLE_F9F4489C' created with symbol 'T'.*, <null>, Announce)
  	Notify(SharpMUSH.Library.Models.SharpPlayer: SharpMUSH.Library.Models.SharpPlayer, *System.String: Flag 'TEST_FLAG_ENABLE_F9F4489C' disabled.*, <null>, Announce)
  	Notify(SharpMUSH.Library.Models.SharpPlayer: SharpMUSH.Library.Models.SharpPlayer, *System.String: Flag 'TEST_FLAG_ENABLE_F9F4489C' enabled.*, <null>, Announce)
  	Notify(SharpMUSH.Library.Models.SharpPlayer: SharpMUSH.Library.Models.SharpPlayer, *System.String: Flag 'TEST_FLAG_DISABLE_842F3BDD' created with symbol 'T'.*, <null>, Announce)
  	Notify(SharpMUSH.Library.Models.SharpPlayer: SharpMUSH.Library.Models.SharpPlayer, *System.String: Flag 'TEST_FLAG_DISABLE_842F3BDD' disabled.*, <null>, Announce)
  	Notify(SharpMUSH.Library.Models.SharpPlayer: SharpMUSH.Library.Models.SharpPlayer, *System.String: @POWER/ADD requires power name and alias.*, <null>, Announce)
  	Notify(SharpMUSH.Library.Models.SharpPlayer: SharpMUSH.Library.Models.SharpPlayer, *System.String: @FLAG/ADD requires flag name and symbol.*, <null>, Announce)
  	Notify(SharpMUSH.Library.Models.SharpPlayer: SharpMUSH.Library.Models.SharpPlayer, *System.String: Power 'NONEXISTENT_POWER_XYZ123' not found.*, <null>, Announce)
  	Notify(SharpMUSH.Library.Models.SharpPlayer: SharpMUSH.Library.Models.SharpPlayer, *System.String: Cannot delete system power 'BUILDER'.*, <null>, Announce)
  	Notify(SharpMUSH.Library.Models.SharpPlayer: SharpMUSH.Library.Models.SharpPlayer, *System.String: Power 'TEST_POWER_9E7AFEEF' deleted.*, <null>, Announce)
  	Notify(SharpMUSH.Library.Models.SharpPlayer: SharpMUSH.Library.Models.SharpPlayer, *System.String: Power 'TEST_POWER_F0978529' created with alias 'TPOW'.*, <null>, Announce)
  	Notify(SharpMUSH.Library.Models.SharpPlayer: SharpMUSH.Library.Models.SharpPlayer, *System.String: Cannot disable system flag 'WIZARD'.*, <null>, Announce)
  	Notify(SharpMUSH.Library.Models.SharpPlayer: SharpMUSH.Library.Models.SharpPlayer, *System.String: You aren't following anyone.*, <null>, Announce)
  	Notify(SharpMUSH.Library.Models.SharpPlayer: SharpMUSH.Library.Models.SharpPlayer, *System.String: Created EmptyTestBox (#5:1774909470451).*, <null>, Announce)
  	Notify(SharpMUSH.Library.Models.SharpPlayer: SharpMUSH.Library.Models.SharpPlayer, *System.String: Created EmptyTestThing (#6:1774909470473).*, <null>, Announce)
  	Notify(SharpMUSH.Library.Models.SharpPlayer: SharpMUSH.Library.Models.SharpPlayer, *System.String: Flag: ENTER_OK Set.*, <null>, Announce)
  	Notify(SharpMUSH.Library.Models.SharpPlayer: SharpMUSH.Library.Models.SharpPlayer, *System.String: You don't have that.*, <null>, Announce)
  	Notify(SharpMUSH.Library.Models.SharpPlayer: SharpMUSH.Library.Models.SharpPlayer, *System.String: You aren't carrying that.*, <null>, Announce)
  	Notify(SharpMUSH.Library.Models.SharpPlayer: SharpMUSH.Library.Models.SharpPlayer, *System.String: EmptyTestBox is already empty.*, <null>, Announce)
  	Notify(SharpMUSH.Library.Models.SharpPlayer: SharpMUSH.Library.Models.SharpPlayer, *System.String: Created EmptyTestContainer (#7:1774909470613).*, <null>, Announce)
  	Notify(SharpMUSH.Library.Models.SharpPlayer: SharpMUSH.Library.Models.SharpPlayer, *System.String: Created EmptyTestItem1 (#8:1774909470637).*, <null>, Announce)
  	Notify(SharpMUSH.Library.Models.SharpPlayer: SharpMUSH.Library.Models.SharpPlayer, *System.String: Created EmptyTestItem2 (#9:1774909470654).*, <null>, Announce)
  	Notify(SharpMUSH.Library.Models.SharpPlayer: SharpMUSH.Library.Models.SharpPlayer, *System.String: Flag: ENTER_OK Set.*, <null>, Announce)
  	Notify(SharpMUSH.Library.Models.SharpPlayer: SharpMUSH.Library.Models.SharpPlayer, *System.String: Taken.*, <null>, Announce)
  	Notify(SharpMUSH.Library.Models.SharpPlayer: SharpMUSH.Library.Models.SharpPlayer, *System.String: You don't have that.*, <null>, Announce)
  	Notify(SharpMUSH.Library.Models.SharpPlayer: SharpMUSH.Library.Models.SharpPlayer, *System.String: You don't have that.*, <null>, Announce)
  	Notify(SharpMUSH.Library.Models.SharpPlayer: SharpMUSH.Library.Models.SharpPlayer, *System.String: EmptyTestContainer is already empty.*, <null>, Announce)
  	Notify(SharpMUSH.Library.Models.SharpPlayer: SharpMUSH.Library.Models.SharpPlayer, *System.String: God is not following you.*, <null>, Announce)
  	Notify(SharpMUSH.Library.Models.SharpPlayer: SharpMUSH.Library.Models.SharpPlayer, *System.String: You stop following and dismiss all followers.*, <null>, Announce)
  	Notify(SharpMUSH.Library.Models.SharpPlayer: SharpMUSH.Library.Models.SharpPlayer, *System.String: You can't follow yourself.*, <null>, Announce)
  	Notify(SharpMUSH.Library.Models.SharpThing: SharpMUSH.Library.Models.SharpThing, *MarkupString.MarkupStringModule+MarkupString: God types --> #1=skill*, *SharpMUSH.Library.Models.SharpPlayer: SharpMUSH.Library.Models.SharpPlayer*, *Emit*)
  	Notify(SharpMUSH.Library.Models.SharpThing: SharpMUSH.Library.Models.SharpThing, *MarkupString.MarkupStringModule+MarkupString: God types --> #1=skill*, *SharpMUSH.Library.Models.SharpPlayer: SharpMUSH.Library.Models.SharpPlayer*, *Emit*)
  	Notify(SharpMUSH.Library.Models.SharpThing: SharpMUSH.Library.Models.SharpThing, *MarkupString.MarkupStringModule+MarkupString: God types --> #1=skill*, *SharpMUSH.Library.Models.SharpPlayer: SharpMUSH.Library.Models.SharpPlayer*, *Emit*)
  	Notify(SharpMUSH.Library.Models.SharpThing: SharpMUSH.Library.Models.SharpThing, *MarkupString.MarkupStringModule+MarkupString: God types --> #1=skill*, *SharpMUSH.Library.Models.SharpPlayer: SharpMUSH.Library.Models.SharpPlayer*, *Emit*)
  	Notify(SharpMUSH.Library.Models.SharpPlayer: SharpMUSH.Library.Models.SharpPlayer, *MarkupString.MarkupStringModule+MarkupString: God types --> #1=skill*, *SharpMUSH.Library.Models.SharpPlayer: SharpMUSH.Library.Models.SharpPlayer*, *Emit*)
  	Notify(SharpMUSH.Library.Models.SharpPlayer: SharpMUSH.Library.Models.SharpPlayer, *MarkupString.MarkupStringModule+MarkupString: God types --> #1=skill*, *SharpMUSH.Library.Models.SharpPlayer: SharpMUSH.Library.Models.SharpPlayer*, *Emit*)
  	Notify(SharpMUSH.Library.Models.SharpPlayer: SharpMUSH.Library.Models.SharpPlayer, *MarkupString.MarkupStringModule+MarkupString: God types --> #1=skill*, *SharpMUSH.Library.Models.SharpPlayer: SharpMUSH.Library.Models.SharpPlayer*, *Emit*)
  	Notify(SharpMUSH.Library.Models.SharpPlayer: SharpMUSH.Library.Models.SharpPlayer, *System.String: Huh?  (Type "help" for help.)*, <null>, Announce)
  	Notify(SharpMUSH.Library.Models.SharpPlayer: SharpMUSH.Library.Models.SharpPlayer, *System.String: The SCORE command is not supported.*, <null>, Announce)
  	Notify(SharpMUSH.Library.Models.SharpPlayer: SharpMUSH.Library.Models.SharpPlayer, *System.String: SharpMUSH does not track money or pennies.*, <null>, Announce)
  	Notify(SharpMUSH.Library.Models.SharpPlayer: SharpMUSH.Library.Models.SharpPlayer, *System.String: You try to buy 'sword'.*, <null>, Announce)
  	Notify(SharpMUSH.Library.Models.SharpPlayer: SharpMUSH.Library.Models.SharpPlayer, *System.String: The BUY command requires a full economy system implementation.*, <null>, Announce)
  	Notify(SharpMUSH.Library.Models.SharpPlayer: SharpMUSH.Library.Models.SharpPlayer, *System.String: Features needed: PRICELIST attribute parsing, @lock/pay checking, penny transfers.*, <null>, Announce)
  	Notify(SharpMUSH.Library.Models.SharpPlayer: SharpMUSH.Library.Models.SharpPlayer, *System.String: Do what with them?*, <null>, Announce)
  	Notify(SharpMUSH.Library.Models.SharpPlayer: SharpMUSH.Library.Models.SharpPlayer, *System.String: Hook 'EXTEND' set for command 'HOOKTEST_IGSWITCH_90E2B306DC0F404AA8D48110EACBAA61'.*, <null>, Announce)
  	Notify(SharpMUSH.Library.Models.SharpPlayer: SharpMUSH.Library.Models.SharpPlayer, *System.String: Hook 'EXTEND' set for command 'HOOKTEST_EXTEND_7B9527B5C4AD4E5692A3D7B202DF6F69'.*, <null>, Announce)
  	Notify(SharpMUSH.Library.Models.SharpPlayer: SharpMUSH.Library.Models.SharpPlayer, *System.String: Hook 'BEFORE' set for command 'HOOKTEST_DEFAULT_C0F8209DA868453993646D7A985728D3'.*, <null>, Announce)
  	Notify(SharpMUSH.Library.Models.SharpPlayer: SharpMUSH.Library.Models.SharpPlayer, *System.String: Hook 'BEFORE' set for command 'HOOKTEST_MULTI_27FA7440694545E9AA3D3F7E5D0E8343'.*, <null>, Announce)
  	Notify(SharpMUSH.Library.Models.SharpPlayer: SharpMUSH.Library.Models.SharpPlayer, *System.String: Hook 'AFTER' set for command 'HOOKTEST_MULTI_27FA7440694545E9AA3D3F7E5D0E8343'.*, <null>, Announce)
  	Notify(SharpMUSH.Library.Models.SharpPlayer: SharpMUSH.Library.Models.SharpPlayer, *System.String: Hook 'IGNORE' set for command 'HOOKTEST_MULTI_27FA7440694545E9AA3D3F7E5D0E8343'.*, <null>, Announce)
  	Notify(SharpMUSH.Library.Models.SharpPlayer: SharpMUSH.Library.Models.SharpPlayer, *System.String: Hook 'BEFORE' set for command 'HOOKTEST_INPLACE_BC6ADB80905F4F90A581300ECD852215' (inline).*, <null>, Announce)
  	Notify(SharpMUSH.Library.Models.SharpPlayer: SharpMUSH.Library.Models.SharpPlayer, *System.String: Hook 'BEFORE' set for command 'HOOKTEST_INLINE_39FC73499FC74CFB9B8AB143B0659574' (inline).*, <null>, Announce)
  	Notify(SharpMUSH.Library.Models.SharpPlayer: SharpMUSH.Library.Models.SharpPlayer, *System.String: No 'BEFORE' hook set for command 'HOOKTEST_CLEAR_0E30049957AE43A1A2222DE5CC7BC33D'.*, <null>, Announce)
  	Notify(SharpMUSH.Library.Models.SharpPlayer: SharpMUSH.Library.Models.SharpPlayer, *System.String: Hook 'BEFORE' set for command 'HOOKTEST_SET_2FB3DD950D24474291D18D6AFD5B85B5'.*, <null>, Announce)
  	Notify(SharpMUSH.Library.Models.SharpPlayer: SharpMUSH.Library.Models.SharpPlayer, *System.String: No hooks set for command 'HOOKTEST_LIST_E8081791F1864103A58E58AA7CDA67DA'.*, <null>, Announce)
  	Notify(SharpMUSH.Library.Models.SharpPlayer: SharpMUSH.Library.Models.SharpPlayer, *System.String: (HTTP): Content-Type set to application/json*, <null>, Announce)
  	Notify(SharpMUSH.Library.Models.SharpPlayer: SharpMUSH.Library.Models.SharpPlayer, *System.String: (HTTP): Status 200 OK*, <null>, Announce)
  	Notify(SharpMUSH.Library.Models.SharpPlayer: SharpMUSH.Library.Models.SharpPlayer, *System.String: (HTTP): Status 404 Not Found*, <null>, Announce)
  	Notify(SharpMUSH.Library.Models.SharpPlayer: SharpMUSH.Library.Models.SharpPlayer, *System.String: Status code required.*, <null>, Announce)
  	Notify(SharpMUSH.Library.Models.SharpPlayer: SharpMUSH.Library.Models.SharpPlayer, *System.String: Status line must be less than 40 characters.*, <null>, Announce)
  	Notify(SharpMUSH.Library.Models.SharpPlayer: SharpMUSH.Library.Models.SharpPlayer, *System.String: Header name cannot be empty.*, <null>, Announce)
  	Notify(SharpMUSH.Library.Models.SharpPlayer: SharpMUSH.Library.Models.SharpPlayer, *System.String: Cannot set Content-Length header.*, <null>, Announce)
  	Notify(SharpMUSH.Library.Models.SharpPlayer: SharpMUSH.Library.Models.SharpPlayer, *System.String: (HTTP): Header X-Custom-Header: *, <null>, Announce)
  	Notify(SharpMUSH.Library.Models.SharpPlayer: SharpMUSH.Library.Models.SharpPlayer, *System.String: (HTTP): Header X-Powered-By: MUSHCode*, <null>, Announce)
  	Notify(SharpMUSH.Library.Models.SharpPlayer: SharpMUSH.Library.Models.SharpPlayer, *System.String: Content-Type cannot be empty.*, <null>, Announce)
  	Notify(SharpMUSH.Library.Models.SharpPlayer: SharpMUSH.Library.Models.SharpPlayer, *System.String: (HTTP): Content-Type set to text/html*, <null>, Announce)
  	Notify(SharpMUSH.Library.Models.SharpPlayer: SharpMUSH.Library.Models.SharpPlayer, *System.String: (HTTP): Status 500*, <null>, Announce)
  	Notify(SharpMUSH.Library.Models.SharpPlayer: SharpMUSH.Library.Models.SharpPlayer, *System.String: Status code must be a 3-digit number.*, <null>, Announce)
  	Notify(SharpMUSH.Library.Models.SharpPlayer: SharpMUSH.Library.Models.SharpPlayer, *System.String: Status code must be a 3-digit number.*, <null>, Announce)
  	Notify(SharpMUSH.Library.Models.SharpPlayer: SharpMUSH.Library.Models.SharpPlayer, *System.String: (HTTP): Header Set-Cookie: name=Bob; Max-Age=3600; Version=1*, <null>, Announce)
  	Notify(SharpMUSH.Library.Models.SharpPlayer: SharpMUSH.Library.Models.SharpPlayer, *System.String: Message logged to Command log.*, <null>, Announce)
  	Notify(SharpMUSH.Library.Models.SharpPlayer: SharpMUSH.Library.Models.SharpPlayer, *System.String: Message logged to Command log.*, <null>, Announce)
  	Notify(SharpMUSH.Library.Models.SharpPlayer: SharpMUSH.Library.Models.SharpPlayer, *System.String: Message logged to Wizard log.*, <null>, Announce)
  	Notify(SharpMUSH.Library.Models.SharpPlayer: SharpMUSH.Library.Models.SharpPlayer, *System.String: Message logged to Error log.*, <null>, Announce)
  	Notify(SharpMUSH.Library.Models.SharpPlayer: SharpMUSH.Library.Models.SharpPlayer, *System.String: Usage: @log[/<switch>] <message> or @log/recall[/<switch>] [<number>]*, <null>, Announce)
  	Notify(SharpMUSH.Library.Models.SharpPlayer: SharpMUSH.Library.Models.SharpPlayer, *System.String: No log entries found for category 'Command'.*, <null>, Announce)
  	Notify(SharpMUSH.Library.Models.SharpPlayer: SharpMUSH.Library.Models.SharpPlayer, *System.String: Locked.*, <null>, Announce)
  	Notify(SharpMUSH.Library.Models.SharpPlayer: SharpMUSH.Library.Models.SharpPlayer, *System.String: No such lock: Basic*, <null>, Announce)
  	Notify(SharpMUSH.Library.Models.SharpPlayer: SharpMUSH.Library.Models.SharpPlayer, *System.String: Log Management Status:*, <null>, Announce)
  	Notify(SharpMUSH.Library.Models.SharpPlayer: SharpMUSH.Library.Models.SharpPlayer, *System.String:   SharpMUSH uses .NET logging infrastructure*, <null>, Announce)
  	Notify(SharpMUSH.Library.Models.SharpPlayer: SharpMUSH.Library.Models.SharpPlayer, *System.String:   Logs are managed by configured logging providers*, <null>, Announce)
  	Notify(SharpMUSH.Library.Models.SharpPlayer: SharpMUSH.Library.Models.SharpPlayer, *System.String:   Available log types: CMD, CONN, ERR, TRACE, WIZ*, <null>, Announce)
  	Notify(SharpMUSH.Library.Models.SharpPlayer: SharpMUSH.Library.Models.SharpPlayer, *System.String:   Available actions: ROTATE, TRIM, WIPE*, <null>, Announce)
  	Notify(SharpMUSH.Library.Models.SharpPlayer: SharpMUSH.Library.Models.SharpPlayer, *System.String:   Note: Direct log file manipulation not yet implemented*, <null>, Announce)
  	Notify(SharpMUSH.Library.Models.SharpPlayer: SharpMUSH.Library.Models.SharpPlayer, *System.String: MAIL: You sent a message to God.*, <null>, Announce)
  	Notify(SharpMUSH.Library.Models.SharpPlayer: SharpMUSH.Library.Models.SharpPlayer, *System.String: MAIL: You have received a message (1) from God.*, <null>, Announce)
  	Notify(SharpMUSH.Library.Models.SharpPlayer: SharpMUSH.Library.Models.SharpPlayer, *System.String: @MALIAS/LIST: Mail alias system not yet implemented.*, <null>, Announce)
  	Notify(SharpMUSH.Library.Models.SharpPlayer: SharpMUSH.Library.Models.SharpPlayer, *System.String: This command would manage mail distribution lists and aliases.*, <null>, Announce)
  	Notify(SharpMUSH.Library.Models.SharpPlayer: SharpMUSH.Library.Models.SharpPlayer, *System.String: Created MsgBasic_1774909472895_2745 (#14:1774909472909).*, <null>, Announce)
  	Notify(SharpMUSH.Library.Models.SharpPlayer: SharpMUSH.Library.Models.SharpPlayer, *System.String: Attribute TESTFORMAT_MSGBASIC_93751 SET.*, *SharpMUSH.Library.Models.SharpThing: SharpMUSH.Library.Models.SharpThing*, Announce)
  	Notify(SharpMUSH.Library.Models.SharpPlayer: SharpMUSH.Library.Models.SharpPlayer, *System.String: MsgBasic_1774909472895_2745/TESTFORMAT_MSGBASIC_93751 - Set.*, <null>, Announce)
  	Notify(SharpMUSH.Library.Models.SharpThing: SharpMUSH.Library.Models.SharpThing, *MarkupString.MarkupStringModule+MarkupString: MessageBasic_UniqueValue_93751*, *SharpMUSH.Library.Models.SharpPlayer: SharpMUSH.Library.Models.SharpPlayer*, Announce)
  	Notify(SharpMUSH.Library.Models.SharpPlayer: SharpMUSH.Library.Models.SharpPlayer, *System.String: Created MsgWithAttr_1774909472971_1786 (#15:1774909472984).*, <null>, Announce)
  	Notify(SharpMUSH.Library.Models.SharpPlayer: SharpMUSH.Library.Models.SharpPlayer, *System.String: Attribute TESTFORMAT_MSGATTR_84729 SET.*, *SharpMUSH.Library.Models.SharpThing: SharpMUSH.Library.Models.SharpThing*, Announce)
  	Notify(SharpMUSH.Library.Models.SharpPlayer: SharpMUSH.Library.Models.SharpPlayer, *System.String: MsgWithAttr_1774909472971_1786/TESTFORMAT_MSGATTR_84729 - Set.*, <null>, Announce)
  	Notify(SharpMUSH.Library.Models.SharpThing: SharpMUSH.Library.Models.SharpThing, *MarkupString.MarkupStringModule+MarkupString: MessageWithAttribute_Result_84729:15*, *SharpMUSH.Library.Models.SharpPlayer: SharpMUSH.Library.Models.SharpPlayer*, Announce)
  	Notify(SharpMUSH.Library.Models.SharpPlayer: SharpMUSH.Library.Models.SharpPlayer, *System.String: Created MsgMissingAttr_1774909473031_9726 (#16:1774909473045).*, <null>, Announce)
  	Notify(SharpMUSH.Library.Models.SharpThing: SharpMUSH.Library.Models.SharpThing, *MarkupString.MarkupStringModule+MarkupString: DefaultMessage_UniqueValue_72914*, *SharpMUSH.Library.Models.SharpPlayer: SharpMUSH.Library.Models.SharpPlayer*, Announce)
  	Notify(SharpMUSH.Library.Models.SharpPlayer: SharpMUSH.Library.Models.SharpPlayer, *System.String: Created MsgNospoof_1774909473072_5824 (#17:1774909473100).*, <null>, Announce)
  	Notify(SharpMUSH.Library.Models.SharpPlayer: SharpMUSH.Library.Models.SharpPlayer, *System.String: Attribute TESTFORMAT_MSGNOSPOOF_48203 SET.*, *SharpMUSH.Library.Models.SharpThing: SharpMUSH.Library.Models.SharpThing*, Announce)
  	Notify(SharpMUSH.Library.Models.SharpPlayer: SharpMUSH.Library.Models.SharpPlayer, *System.String: MsgNospoof_1774909473072_5824/TESTFORMAT_MSGNOSPOOF_48203 - Set.*, <null>, Announce)
  	Notify(SharpMUSH.Library.Models.SharpThing: SharpMUSH.Library.Models.SharpThing, *MarkupString.MarkupStringModule+MarkupString: MessageNospoof_Value_48203*, *SharpMUSH.Library.Models.SharpPlayer: SharpMUSH.Library.Models.SharpPlayer*, *NSAnnounce*)
  	Notify(SharpMUSH.Library.Models.SharpPlayer: SharpMUSH.Library.Models.SharpPlayer, *System.String: Created OemitTarget_1774909473159_2460 (#18:1774909473174).*, <null>, Announce)
  	Notify(SharpMUSH.Library.Models.SharpPlayer: SharpMUSH.Library.Models.SharpPlayer, *System.String: Attribute OEMIT_TEST_ATTR_MSG SET.*, *SharpMUSH.Library.Models.SharpPlayer: SharpMUSH.Library.Models.SharpPlayer*, Announce)
  	Notify(SharpMUSH.Library.Models.SharpPlayer: SharpMUSH.Library.Models.SharpPlayer, *System.String: God/OEMIT_TEST_ATTR_MSG - Set.*, <null>, Announce)
  	Notify(SharpMUSH.Library.Models.SharpThing: SharpMUSH.Library.Models.SharpThing, *MarkupString.MarkupStringModule+MarkupString: OemitTestMsg_b3d3016078044d55a70ee4cc525a900c*, *SharpMUSH.Library.Models.SharpPlayer: SharpMUSH.Library.Models.SharpPlayer*, Announce)
  	Notify(SharpMUSH.Library.Models.SharpThing: SharpMUSH.Library.Models.SharpThing, *MarkupString.MarkupStringModule+MarkupString: OemitTestMsg_b3d3016078044d55a70ee4cc525a900c*, *SharpMUSH.Library.Models.SharpPlayer: SharpMUSH.Library.Models.SharpPlayer*, Announce)
  	Notify(SharpMUSH.Library.Models.SharpThing: SharpMUSH.Library.Models.SharpThing, *MarkupString.MarkupStringModule+MarkupString: OemitTestMsg_b3d3016078044d55a70ee4cc525a900c*, *SharpMUSH.Library.Models.SharpPlayer: SharpMUSH.Library.Models.SharpPlayer*, Announce)
  	Notify(SharpMUSH.Library.Models.SharpThing: SharpMUSH.Library.Models.SharpThing, *MarkupString.MarkupStringModule+MarkupString: OemitTestMsg_b3d3016078044d55a70ee4cc525a900c*, *SharpMUSH.Library.Models.SharpPlayer: SharpMUSH.Library.Models.SharpPlayer*, Announce)
  	Notify(SharpMUSH.Library.Models.SharpThing: SharpMUSH.Library.Models.SharpThing, *MarkupString.MarkupStringModule+MarkupString: OemitTestMsg_b3d3016078044d55a70ee4cc525a900c*, *SharpMUSH.Library.Models.SharpPlayer: SharpMUSH.Library.Models.SharpPlayer*, Announce)
  	Notify(SharpMUSH.Library.Models.SharpPlayer: SharpMUSH.Library.Models.SharpPlayer, *MarkupString.MarkupStringModule+MarkupString: OemitTestMsg_b3d3016078044d55a70ee4cc525a900c*, *SharpMUSH.Library.Models.SharpPlayer: SharpMUSH.Library.Models.SharpPlayer*, Announce)
  	Notify(SharpMUSH.Library.Models.SharpPlayer: SharpMUSH.Library.Models.SharpPlayer, *MarkupString.MarkupStringModule+MarkupString: OemitTestMsg_b3d3016078044d55a70ee4cc525a900c*, *SharpMUSH.Library.Models.SharpPlayer: SharpMUSH.Library.Models.SharpPlayer*, Announce)
  	Notify(SharpMUSH.Library.Models.SharpPlayer: SharpMUSH.Library.Models.SharpPlayer, *MarkupString.MarkupStringModule+MarkupString: OemitTestMsg_b3d3016078044d55a70ee4cc525a900c*, *SharpMUSH.Library.Models.SharpPlayer: SharpMUSH.Library.Models.SharpPlayer*, Announce)
  	Notify(SharpMUSH.Library.Models.SharpPlayer: SharpMUSH.Library.Models.SharpPlayer, *MarkupString.MarkupStringModule+MarkupString: OemitTestMsg_b3d3016078044d55a70ee4cc525a900c*, *SharpMUSH.Library.Models.SharpPlayer: SharpMUSH.Library.Models.SharpPlayer*, Announce)
  	Notify(SharpMUSH.Library.Models.SharpThing: SharpMUSH.Library.Models.SharpThing, *MarkupString.MarkupStringModule+MarkupString: OemitTestMsg_b3d3016078044d55a70ee4cc525a900c*, *SharpMUSH.Library.Models.SharpPlayer: SharpMUSH.Library.Models.SharpPlayer*, Announce)
  	Notify(SharpMUSH.Library.Models.SharpThing: SharpMUSH.Library.Models.SharpThing, *MarkupString.MarkupStringModule+MarkupString: OemitTestMsg_b3d3016078044d55a70ee4cc525a900c*, *SharpMUSH.Library.Models.SharpPlayer: SharpMUSH.Library.Models.SharpPlayer*, Announce)
  	Notify(SharpMUSH.Library.Models.SharpThing: SharpMUSH.Library.Models.SharpThing, *MarkupString.MarkupStringModule+MarkupString: OemitTestMsg_b3d3016078044d55a70ee4cc525a900c*, *SharpMUSH.Library.Models.SharpPlayer: SharpMUSH.Library.Models.SharpPlayer*, Announce)
  	Notify(SharpMUSH.Library.Models.SharpThing: SharpMUSH.Library.Models.SharpThing, *MarkupString.MarkupStringModule+MarkupString: OemitTestMsg_b3d3016078044d55a70ee4cc525a900c*, *SharpMUSH.Library.Models.SharpPlayer: SharpMUSH.Library.Models.SharpPlayer*, Announce)
  	Notify(SharpMUSH.Library.Models.SharpPlayer: SharpMUSH.Library.Models.SharpPlayer, *MarkupString.MarkupStringModule+MarkupString: OemitTestMsg_b3d3016078044d55a70ee4cc525a900c*, *SharpMUSH.Library.Models.SharpPlayer: SharpMUSH.Library.Models.SharpPlayer*, Announce)
  	Notify(SharpMUSH.Library.Models.SharpPlayer: SharpMUSH.Library.Models.SharpPlayer, *MarkupString.MarkupStringModule+MarkupString: OemitTestMsg_b3d3016078044d55a70ee4cc525a900c*, *SharpMUSH.Library.Models.SharpPlayer: SharpMUSH.Library.Models.SharpPlayer*, Announce)
  	Notify(SharpMUSH.Library.Models.SharpPlayer: SharpMUSH.Library.Models.SharpPlayer, *MarkupString.MarkupStringModule+MarkupString: OemitTestMsg_b3d3016078044d55a70ee4cc525a900c*, *SharpMUSH.Library.Models.SharpPlayer: SharpMUSH.Library.Models.SharpPlayer*, Announce)
  	Notify(SharpMUSH.Library.Models.SharpPlayer: SharpMUSH.Library.Models.SharpPlayer, *System.String: Created MsgNoisy_1774909473234_1871 (#19:1774909473250).*, <null>, Announce)
  	Notify(SharpMUSH.Library.Models.SharpPlayer: SharpMUSH.Library.Models.SharpPlayer, *System.String: Attribute TESTFORMAT_MSGNOISY_55193 SET.*, *SharpMUSH.Library.Models.SharpThing: SharpMUSH.Library.Models.SharpThing*, Announce)
  	Notify(SharpMUSH.Library.Models.SharpPlayer: SharpMUSH.Library.Models.SharpPlayer, *System.String: MsgNoisy_1774909473234_1871/TESTFORMAT_MSGNOISY_55193 - Set.*, <null>, Announce)
  	Notify(SharpMUSH.Library.Models.SharpThing: SharpMUSH.Library.Models.SharpThing, *MarkupString.MarkupStringModule+MarkupString: MessageNoisy_Value_55193*, *SharpMUSH.Library.Models.SharpPlayer: SharpMUSH.Library.Models.SharpPlayer*, Announce)
  	Notify(SharpMUSH.Library.Models.SharpPlayer: SharpMUSH.Library.Models.SharpPlayer, *System.String: Message sent to 1 recipient(s).*, <null>, Announce)
  	Notify(SharpMUSH.Library.Models.SharpPlayer: SharpMUSH.Library.Models.SharpPlayer, *System.String: Attribute REMIT_TEST_ATTR_MSG SET.*, *SharpMUSH.Library.Models.SharpPlayer: SharpMUSH.Library.Models.SharpPlayer*, Announce)
  	Notify(SharpMUSH.Library.Models.SharpPlayer: SharpMUSH.Library.Models.SharpPlayer, *System.String: God/REMIT_TEST_ATTR_MSG - Set.*, <null>, Announce)
  	Notify(SharpMUSH.Library.Models.SharpThing: SharpMUSH.Library.Models.SharpThing, *MarkupString.MarkupStringModule+MarkupString: RemitTestMsg_e0da7018ec6a4ca2805118160a83e6be*, *SharpMUSH.Library.Models.SharpPlayer: SharpMUSH.Library.Models.SharpPlayer*, Announce)
  	Notify(SharpMUSH.Library.Models.SharpThing: SharpMUSH.Library.Models.SharpThing, *MarkupString.MarkupStringModule+MarkupString: RemitTestMsg_e0da7018ec6a4ca2805118160a83e6be*, *SharpMUSH.Library.Models.SharpPlayer: SharpMUSH.Library.Models.SharpPlayer*, Announce)
  	Notify(SharpMUSH.Library.Models.SharpThing: SharpMUSH.Library.Models.SharpThing, *MarkupString.MarkupStringModule+MarkupString: RemitTestMsg_e0da7018ec6a4ca2805118160a83e6be*, *SharpMUSH.Library.Models.SharpPlayer: SharpMUSH.Library.Models.SharpPlayer*, Announce)
  	Notify(SharpMUSH.Library.Models.SharpThing: SharpMUSH.Library.Models.SharpThing, *MarkupString.MarkupStringModule+MarkupString: RemitTestMsg_e0da7018ec6a4ca2805118160a83e6be*, *SharpMUSH.Library.Models.SharpPlayer: SharpMUSH.Library.Models.SharpPlayer*, Announce)
  	Notify(SharpMUSH.Library.Models.SharpThing: SharpMUSH.Library.Models.SharpThing, *MarkupString.MarkupStringModule+MarkupString: RemitTestMsg_e0da7018ec6a4ca2805118160a83e6be*, *SharpMUSH.Library.Models.SharpPlayer: SharpMUSH.Library.Models.SharpPlayer*, Announce)
  	Notify(SharpMUSH.Library.Models.SharpThing: SharpMUSH.Library.Models.SharpThing, *MarkupString.MarkupStringModule+MarkupString: RemitTestMsg_e0da7018ec6a4ca2805118160a83e6be*, *SharpMUSH.Library.Models.SharpPlayer: SharpMUSH.Library.Models.SharpPlayer*, Announce)
  	Notify(SharpMUSH.Library.Models.SharpPlayer: SharpMUSH.Library.Models.SharpPlayer, *MarkupString.MarkupStringModule+MarkupString: RemitTestMsg_e0da7018ec6a4ca2805118160a83e6be*, *SharpMUSH.Library.Models.SharpPlayer: SharpMUSH.Library.Models.SharpPlayer*, Announce)
  	Notify(SharpMUSH.Library.Models.SharpPlayer: SharpMUSH.Library.Models.SharpPlayer, *MarkupString.MarkupStringModule+MarkupString: RemitTestMsg_e0da7018ec6a4ca2805118160a83e6be*, *SharpMUSH.Library.Models.SharpPlayer: SharpMUSH.Library.Models.SharpPlayer*, Announce)
  	Notify(SharpMUSH.Library.Models.SharpPlayer: SharpMUSH.Library.Models.SharpPlayer, *MarkupString.MarkupStringModule+MarkupString: RemitTestMsg_e0da7018ec6a4ca2805118160a83e6be*, *SharpMUSH.Library.Models.SharpPlayer: SharpMUSH.Library.Models.SharpPlayer*, Announce)
  	Notify(SharpMUSH.Library.Models.SharpPlayer: SharpMUSH.Library.Models.SharpPlayer, *MarkupString.MarkupStringModule+MarkupString: RemitTestMsg_e0da7018ec6a4ca2805118160a83e6be*, *SharpMUSH.Library.Models.SharpPlayer: SharpMUSH.Library.Models.SharpPlayer*, Announce)
  	Notify(SharpMUSH.Library.Models.SharpThing: SharpMUSH.Library.Models.SharpThing, *MarkupString.MarkupStringModule+MarkupString: RemitTestMsg_e0da7018ec6a4ca2805118160a83e6be*, *SharpMUSH.Library.Models.SharpPlayer: SharpMUSH.Library.Models.SharpPlayer*, Announce)
  	Notify(SharpMUSH.Library.Models.SharpThing: SharpMUSH.Library.Models.SharpThing, *MarkupString.MarkupStringModule+MarkupString: RemitTestMsg_e0da7018ec6a4ca2805118160a83e6be*, *SharpMUSH.Library.Models.SharpPlayer: SharpMUSH.Library.Models.SharpPlayer*, Announce)
  	Notify(SharpMUSH.Library.Models.SharpThing: SharpMUSH.Library.Models.SharpThing, *MarkupString.MarkupStringModule+MarkupString: RemitTestMsg_e0da7018ec6a4ca2805118160a83e6be*, *SharpMUSH.Library.Models.SharpPlayer: SharpMUSH.Library.Models.SharpPlayer*, Announce)
  	Notify(SharpMUSH.Library.Models.SharpThing: SharpMUSH.Library.Models.SharpThing, *MarkupString.MarkupStringModule+MarkupString: RemitTestMsg_e0da7018ec6a4ca2805118160a83e6be*, *SharpMUSH.Library.Models.SharpPlayer: SharpMUSH.Library.Models.SharpPlayer*, Announce)
  	Notify(SharpMUSH.Library.Models.SharpPlayer: SharpMUSH.Library.Models.SharpPlayer, *MarkupString.MarkupStringModule+MarkupString: RemitTestMsg_e0da7018ec6a4ca2805118160a83e6be*, *SharpMUSH.Library.Models.SharpPlayer: SharpMUSH.Library.Models.SharpPlayer*, Announce)
  	Notify(SharpMUSH.Library.Models.SharpPlayer: SharpMUSH.Library.Models.SharpPlayer, *MarkupString.MarkupStringModule+MarkupString: RemitTestMsg_e0da7018ec6a4ca2805118160a83e6be*, *SharpMUSH.Library.Models.SharpPlayer: SharpMUSH.Library.Models.SharpPlayer*, Announce)
  	Notify(SharpMUSH.Library.Models.SharpPlayer: SharpMUSH.Library.Models.SharpPlayer, *MarkupString.MarkupStringModule+MarkupString: RemitTestMsg_e0da7018ec6a4ca2805118160a83e6be*, *SharpMUSH.Library.Models.SharpPlayer: SharpMUSH.Library.Models.SharpPlayer*, Announce)
  	Notify(SharpMUSH.Library.Models.SharpPlayer: SharpMUSH.Library.Models.SharpPlayer, *MarkupString.MarkupStringModule+MarkupString: GOODBYE.*, <null>, Announce)
  	Notify(SharpMUSH.Library.Models.SharpPlayer: SharpMUSH.Library.Models.SharpPlayer, *System.String: 
  Goodbye from SharpMUSH!
  
  *, <null>, Announce)
  
[m[90m    at NSubstitute.Core.ReceivedCallsExceptionThrower.Throw(ICallSpecification callSpecification, IEnumerable`1 matchingCalls, IEnumerable`1 nonMatchingCalls, Quantity requiredQuantity)
    at NSubstitute.Routing.Handlers.CheckReceivedCallsHandler.Handle(ICall call)
    at NSubstitute.Proxies.CastleDynamicProxy.CastleForwardingInterceptor.Intercept(IInvocation invocation)
    at Castle.DynamicProxy.AbstractInvocation.Proceed()
    at Castle.Proxies.ObjectProxy_4.Notify(AnySharpObject who, OneOf`2 what, AnySharpObject sender, NotificationType type)
    at SharpMUSH.Tests.Commands.WizardCommandTests.SuggestListCommand() in /home/runner/work/SharpMUSH/SharpMUSH/SharpMUSH.Tests/Commands/WizardCommandTests.cs:530[90m
[m[33mskipped[m SuggestAddCommand [90m(0ms)[m
  Skipped due to failed dependencies
[33mskipped[m PollSetCommand [90m(0ms)[m
  Skipped due to failed dependencies
[33mskipped[m PollClearCommand [90m(0ms)[m
  Skipped due to failed dependencies
[33mskipped[m ChownallCommand [90m(0ms)[m
  Skipped due to failed dependencies
[31mfailed[m Hide_AlreadyVisible_ShowsAppropriateMessage [90m(20ms)[m
[31m  TUnit.Engine.Exceptions.TestFailedException: [Test Failure] ReceivedCallsException: Expected to receive a call matching:
  	Notify(any AnySharpObject, s => s.Value.ToString().Contains("already visible"), <null>, Announce)
  Actually received no matching calls.
  Received 1311 non-matching calls (non-matching arguments indicated with '*' characters):
  	Notify(SharpMUSH.Library.Models.SharpPlayer: SharpMUSH.Library.Models.SharpPlayer, *System.String: Invalid password.*, <null>, Announce)
  	Notify(SharpMUSH.Library.Models.SharpPlayer: SharpMUSH.Library.Models.SharpPlayer, *System.String: SHUTDOWN initiated.*, <null>, Announce)
  	Notify(SharpMUSH.Library.Models.SharpPlayer: SharpMUSH.Library.Models.SharpPlayer, *System.String: Note: SharpMUSH runs as a web application. Traditional shutdown is not applicable.*, <null>, Announce)
  	Notify(SharpMUSH.Library.Models.SharpPlayer: SharpMUSH.Library.Models.SharpPlayer, *System.String: In cloud/container deployments, use your orchestration tools to manage server lifecycle.*, <null>, Announce)
  	Notify(SharpMUSH.Library.Models.SharpPlayer: SharpMUSH.Library.Models.SharpPlayer, *System.String: Database state is preserved automatically. No explicit save is needed.*, <null>, Announce)
  	Notify(SharpMUSH.Library.Models.SharpPlayer: SharpMUSH.Library.Models.SharpPlayer, *System.String: You must specify an object to restart.*, <null>, Announce)
  	Notify(SharpMUSH.Library.Models.SharpPlayer: SharpMUSH.Library.Models.SharpPlayer, *System.String: Purge complete. 0 objects advanced to GOING_TWICE. 0 objects marked for final deletion.*, <null>, Announce)
  	Notify(SharpMUSH.Library.Models.SharpPlayer: SharpMUSH.Library.Models.SharpPlayer, *System.String: Note: Actual object deletion is handled by background garbage collection in SharpMUSH.*, <null>, Announce)
  	Notify(SharpMUSH.Library.Models.SharpPlayer: SharpMUSH.Library.Models.SharpPlayer, *System.String: I don't see that here.*, *SharpMUSH.Library.Models.SharpPlayer: SharpMUSH.Library.Models.SharpPlayer*, Announce)
  	Notify(SharpMUSH.Library.Models.SharpPlayer: SharpMUSH.Library.Models.SharpPlayer, *System.String: Reindexing text files...*, <null>, Announce)
  	Notify(SharpMUSH.Library.Models.SharpPlayer: SharpMUSH.Library.Models.SharpPlayer, *System.String: Text file cache rebuilt in 21ms.*, <null>, Announce)
  	Notify(SharpMUSH.Library.Models.SharpPlayer: SharpMUSH.Library.Models.SharpPlayer, *System.String: I don't see that here.*, *SharpMUSH.Library.Models.SharpPlayer: SharpMUSH.Library.Models.SharpPlayer*, Announce)
  	Notify(SharpMUSH.Library.Models.SharpPlayer: SharpMUSH.Library.Models.SharpPlayer, *System.String: I don't see that here.*, *SharpMUSH.Library.Models.SharpPlayer: SharpMUSH.Library.Models.SharpPlayer*, Announce)
  	Notify(SharpMUSH.Library.Models.SharpPlayer: SharpMUSH.Library.Models.SharpPlayer, *System.String: COMMANDS:
    ]
    @@
    @ALLHALT
    @ALLQUOTA
    @ASSERT
    @ATRCHOWN
    @ATRLOCK
    @ATTRIBUTE
    @BOOT
    @BREAK
    @CEMIT
    @CHANNEL
    @CHAT
    @CHOWN
    @CHOWNALL
    @CHZONE
    @CHZONEALL
    @CLIST
    @CLOCK
    @CLONE
    @COMMAND
    @CONFIG
    @CPATTR
    @CREATE
    @DBCK
    @DECOMPILE
    @DESTROY
    @DIG
    @DISABLE
    @DOLIST
    @DRAIN
    @DUMP
    @EDIT
    @ELOCK
    @EMIT
    @ENABLE
    @ENTRANCES
    @EUNLOCK
    @FIND
    @FIRSTEXIT
    @FLAG
    @FORCE
    @FUNCTION
    @GREP
    @HALT
    @HIDE
    @HOOK
    @HTTP
    @IFELSE
    @INCLUDE
    @KICK
    @LEMIT
    @LINK
    @LIST
    @LISTMOTD
    @LOCK
    @LOG
    @LOGWIPE
    @LSET
    @MAIL
    @MALIAS
    @MAP
    @MAPSQL
    @MESSAGE
    @MONIKER
    @MOTD
    @MVATTR
    @NAME
    @NEWPASSWORD
    @NOTIFY
    @NSCEMIT
    @NSEMIT
    @NSLEMIT
    @NSOEMIT
    @NSPEMIT
    @NSPROMPT
    @NSREMIT
    @NSZEMIT
    @NUKE
    @OEMIT
    @OPEN
    @PARENT
    @PASSWORD
    @PCREATE
    @PEMIT
    @POLL
    @POOR
    @POWER
    @PROMPT
    @PS
    @PURGE
    @QUOTA
    @READCACHE
    @RECYCLE
    @REJECTMOTD
    @REMIT
    @RESPOND
    @RESTART
    @RETRY
    @RWALL
    @SCAN
    @SEARCH
    @SELECT
    @SET
    @SHUTDOWN
    @SITELOCK
    @SKIP
    @SLAVE
    @SOCKSET
    @SQL
    @SQUOTA
    @STATS
    @SUGGEST
    @SWEEP
    @SWITCH
    @TELEPORT
    @TRIGGER
    @ULOCK
    @UNDESTROY
    @UNLINK
    @UNLOCK
    @UNRECYCLE
    @UPTIME
    @UUNLOCK
    @VERB
    @VERSION
    @WAIT
    @WALL
    @WARNINGS
    @WCHECK
    @WHEREIS
    @WIPE
    @WIZMOTD
    @WIZWALL
    @ZEMIT
    &
    ADDCOM
    AHELP
    ANEWS
    BRIEF
    BUY
    COMLIST
    COMTITLE
    CONNECT
    DELCOM
    DESERT
    DISMISS
    DOING
    DROP
    EMPTY
    ENTER
    EXAMINE
    FOLLOW
    GET
    GIVE
    GOTO
    HELP
    HOME
    HUH_COMMAND
    INVENTORY
    LEAVE
    LOOK
    NEWS
    PAGE
    POSE
    QUIT
    SAY
    SCORE
    SEMIPOSE
    SESSION
    TEACH
    THINK
    UNFOLLOW
    UNIMPLEMENTED_COMMAND
    USE
    WARN_ON_MISSING
    WHISPER
    WHO
    WITH*, <null>, Announce)
  	Notify(SharpMUSH.Library.Models.SharpPlayer: SharpMUSH.Library.Models.SharpPlayer, *System.String: LOCK TYPES:
    BASIC
    CHOWN
    CHZONE
    COMMAND
    CONTROL
    DESTROY
    DROP
    DROPIN
    DROPTO
    ENTER
    EXAMINE
    FILTER
    FOLLOW
    FORWARD
    FROM
    GIVE
    INFILTER
    INTERACT
    LEAVE
    LINK
    LISTEN
    MAIL
    MAILFORWARD
    OPEN
    PAGE
    PARENT
    PAY
    RECEIVE
    SPEECH
    TAKE
    TPORT
    USE
    ZONE*, <null>, Announce)
  	Notify(SharpMUSH.Library.Models.SharpPlayer: SharpMUSH.Library.Models.SharpPlayer, *System.String: OBJECT POWERS:
  NAME                 ALIAS              TYPE RESTRICTIONS
  -------------------- ------------------ -------------------
  Announce                                ROOM,PLAYER,EXIT,THING
  Boot                                    ROOM,PLAYER,EXIT,THING
  Builder                                 ROOM,PLAYER,EXIT,THING
  Can_Dark                                PLAYER
  Can_HTTP                                ROOM,PLAYER,EXIT,THING
  Can_Spoof                               ROOM,PLAYER,EXIT,THING
  Chat_Privs                              ROOM,PLAYER,EXIT,THING
  Debit                                   ROOM,PLAYER,EXIT,THING
  Functions                               ROOM,PLAYER,EXIT,THING
  Guest                                   ROOM,PLAYER,EXIT,THING
  Halt                                    ROOM,PLAYER,EXIT,THING
  Hide                                    ROOM,PLAYER,EXIT,THING
  Hook                                    ROOM,PLAYER,EXIT,THING
  Idle                                    ROOM,PLAYER,EXIT,THING
  Immortal                                ROOM,PLAYER,EXIT,THING
  Link_Anywhere                           ROOM,PLAYER,EXIT,THING
  Login                                   ROOM,PLAYER,EXIT,THING
  Long_Fingers                            ROOM,PLAYER,EXIT,THING
  Many_Attribs                            ROOM,PLAYER,EXIT,THING
  No_Pay                                  ROOM,PLAYER,EXIT,THING
  No_Quota                                ROOM,PLAYER,EXIT,THING
  Open_Anywhere                           ROOM,PLAYER,EXIT,THING
  Pemit_All                               ROOM,PLAYER,EXIT,THING
  Pick_DBRefs                             ROOM,PLAYER,EXIT,THING
  Player_Create                           ROOM,PLAYER,EXIT,THING
  Poll                                    ROOM,PLAYER,EXIT,THING
  Pueblo_Send                             ROOM,PLAYER,EXIT,THING
  Queue                                   ROOM,PLAYER,EXIT,THING
  Search                                  ROOM,PLAYER,EXIT,THING
  See_All                                 ROOM,PLAYER,EXIT,THING
  See_Queue                               ROOM,PLAYER,EXIT,THING
  See_OOB                                 ROOM,PLAYER,EXIT,THING
  SQL_OK                                  ROOM,PLAYER,EXIT,THING
  Tport_Anything                          ROOM,PLAYER,EXIT,THING
  Tport_Anywhere                          ROOM,PLAYER,EXIT,THING
  Unkillable                              ROOM,PLAYER,EXIT,THING*, <null>, Announce)
  	Notify(SharpMUSH.Library.Models.SharpPlayer: SharpMUSH.Library.Models.SharpPlayer, *System.String: Object Flags:
  name                 symbol type restrictions
  -------------------- ------ -------------------
  wizard               w      room,player,exit,thing
  abode                a      room
  ansi                 a      player
  chown_ok             c      room,player,thing
  color                c      player
  dark                 d      room,player,exit,thing
  fixed                f      player
  floating             f      room
  haven                h      player
  trust                i      room,player,exit,thing
  judge                j      player
  jump_ok              j      room
  link_ok              l      room,player,exit,thing
  monitor              m      room,player,thing
  no_leave             n      thing
  no_tel               n      room
  opaque               o      room,player,exit,thing
  quiet                q      room,player,exit,thing
  unfindable           u      room,player,exit,thing
  visual               v      room,player,exit,thing
  safe                 x      room,player,exit,thing
  shared               z      player
  z_tel                z      room,thing
  listen_parent        ^      player,thing,room
  noaccents            ~      player,thing,room
  unregistered         ?      player
  nospoof              "      room,player,exit,thing
  audible              a      room,player,exit,thing
  debug                b      room,player,exit,thing
  destroy_ok           d      thing
  enter_ok             e      room,player,exit,thing
  gagged               g      player
  halt                 h      room,player,exit,thing
  orphan               i      room,player,exit,thing
  jury_ok              j      player
  keepalive            k      player
  light                l      room,player,exit,thing
  mistrust             m      player,exit,thing
  mistrust             m      player,exit,thing
  no_command           n      room,player,exit,thing
  on_vacation          o      player
  puppet               p      thing
  royalty              r      room,player,exit,thing
  suspect              s      room,player,exit,thing
  transparent          t      room,player,exit,thing
  verbose              v      room,player,exit,thing
  no_warn              w      room,player,exit,thing
  cloudy               x      exit
  chan_usefirstmatch          room,player,exit,thing
  hear_connect                player
  heavy                       room,player,exit,thing
  loud                        player
  no_log                      player
  paranoid                    player
  track_money                 player
  xterm256                    player
  moniker                     room,player,exit,thing
  open_ok                     room
  going                g      room,player,exit,thing
  going_twice                 room,player,exit,thing*, <null>, Announce)
  	Notify(SharpMUSH.Library.Models.SharpPlayer: SharpMUSH.Library.Models.SharpPlayer, *System.String: You must specify what to list. Use one of: /MOTD /FUNCTIONS /COMMANDS /ATTRIBS /LOCKS /FLAGS /POWERS /ALLOCATIONS*, <null>, Announce)
  	Notify(SharpMUSH.Library.Models.SharpPlayer: SharpMUSH.Library.Models.SharpPlayer, *System.String: FUNCTIONS:
    @@
    abs
    accent
    accname
    acos
    add
    addrlog
    after
    alias
    align
    allof
    alphamax
    alphamin
    and
    andflags
    andlflags
    andlpowers
    ansi
    aposs
    art
    asin
    atan
    atan2
    atrlock
    attrib_set
    attrib_set#
    band
    baseconv
    beep
    before
    benchmark
    bnand
    bnot
    bor
    bound
    brackets
    bxor
    cand
    capstr
    case
    caseall
    cat
    cbuffer
    cbufferadd
    cdesc
    ceil
    cemit
    center
    cflags
    channels
    checkpass
    children
    chr
    CINFO
    clflags
    clock
    clone
    cmds
    cmogrifier
    cmsgs
    cnand
    colors
    comp
    con
    cond
    condall
    CONFIG
    conn
    connlog
    connrecord
    controls
    CONVSECS
    CONVTIME
    CONVUTCSECS
    CONVUTCTIME
    cor
    cos
    cowner
    create
    crecall
    csecs
    cstatus
    ctime
    ctitle
    ctu
    cusers
    cwho
    dec
    decode64
    decompose
    decomposeweb
    decrypt
    default
    DELETE
    die
    dig
    digest
    dist2d
    dist3d
    div
    doing
    downmotd
    e
    edefault
    edit
    elements
    elist
    elock
    emit
    encode64
    encrypt
    endtag
    entrances
    eq
    escape
    etime
    etimefmt
    eval
    exit
    extract
    fdiv
    filter
    filterbool
    findable
    first
    firstof
    flags
    flip
    floor
    floordiv
    fmod
    fn
    fold
    folderstats
    followers
    following
    foreach
    formdecode
    fraction
    fullalias
    fullmotd
    fullname
    functions
    get
    get_eval
    getpids
    grab
    graball
    grep
    grepi
    gt
    gte
    hasattr
    hasattrp
    hasattrpval
    hasattrval
    hasflag
    haspower
    hastype
    height
    hidden
    hmac
    home
    host
    html
    ibreak
    idle
    IDLESECS
    if
    ifelse
    ilev
    iname
    inc
    index
    INSERT
    inum
    ipaddr
    isdaylight
    isdbref
    isint
    isjson
    isnum
    isobjid
    isregexp
    isword
    itemize
    items
    iter
    itext
    json
    json_map
    json_mod
    json_query
    lalign
    last
    lattr
    lattrp
    lcon
    lcstr
    LCSTR2
    ldelete
    left
    lemit
    letq
    lexits
    lflags
    link
    linsert
    list
    listq
    lit
    ljust
    llockflags
    llocks
    lmath
    ln
    lnum
    loc
    localize
    locate
    lock
    lockfilter
    lockflags
    lockowner
    locks
    log
    lparent
    lpids
    lplayers
    lports
    lpos
    lreplace
    lsearch
    lsearchr
    lset
    lstats
    lt
    lte
    lthings
    lvcon
    lvexits
    lvplayers
    lvthings
    lwho
    lwhoid
    mail
    maildstats
    mailfrom
    mailfstats
    maillist
    mailsend
    mailstats
    mailstatus
    mailsubject
    mailtime
    malias
    map
    mapsql
    match
    matchall
    max
    mean
    median
    member
    merge
    message
    mid
    min
    mix
    modulo
    money
    moniker
    motd
    msecs
    mtime
    mudname
    mudurl
    mul
    munge
    mwho
    mwhoid
    name
    namegrab
    namegraball
    namelist
    nand
    nattr
    nattrp
    ncand
    nchildren
    ncon
    ncond
    ncondall
    ncor
    nearby
    neq
    nexits
    next
    nextdbref
    nlsearch
    nmwho
    nor
    not
    nplayers
    nscemit
    nsearch
    nsemit
    nslemit
    nsoemit
    nspemit
    nsprompt
    nsremit
    nszemit
    nthings
    null
    num
    numversion
    nvcon
    nvexits
    nvplayers
    nvthings
    nwho
    obj
    objeval
    objid
    objmem
    oemit
    oob
    open
    or
    ord
    ORDINAL
    orflags
    orlflags
    orlpowers
    owner
    parent
    pcreate
    pemit
    pfun
    pgrep
    pi
    pidinfo
    player
    playermem
    pmatch
    poll
    ports
    pos
    poss
    power
    powers
    prompt
    pueblo
    quota
    r
    rand
    randextract
    randword
    recv
    regedit
    regeditall
    regeditalli
    regediti
    registers
    reglattr
    reglattrp
    reglmatch
    reglmatchall
    reglmatchalli
    reglmatchi
    regmatch
    regmatchalli
    regmatchi
    regnattr
    regnattrp
    regrab
    regraball
    regraballi
    regrabi
    regrep
    regrepi
    REGREPLACE
    regxattr
    regxattrp
    remainder
    remit
    remove
    render
    rendermarkdown
    rendermarkdowncustom
    repeat
    rest
    restarts
    restarttime
    reswitch
    reswitchall
    reswitchalli
    reswitchi
    revwords
    right
    rjust
    rloc
    RNUM
    room
    root
    round
    s
    scan
    scramble
    secs
    secscalc
    secure
    sent
    set
    setdiff
    setinter
    setq
    setr
    setsymdiff
    setunion
    SHA0
    shl
    shr
    shuffle
    sign
    sin
    slev
    sort
    sortby
    sortkey
    soundex
    soundslike
    space
    speak
    spellnum
    splice
    sql
    sqlescape
    sqrt
    squish
    ssl
    starttime
    stddev
    step
    stext
    strallof
    strcat
    strdelete
    strfirstof
    stringsecs
    strinsert
    stripaccents
    stripansi
    strlen
    strmatch
    strreplace
    sub
    subj
    suggest
    switch
    switchall
    t
    table
    tag
    tagwrap
    tan
    tel
    terminfo
    testlock
    textentries
    textfile
    textsearch
    time
    timecalc
    timefmt
    timestring
    tr
    trim
    trimpenn
    trimtiny
    trunc
    type
    ucstr
    UCSTR2
    udefault
    ufun
    ulambda
    uldefault
    ulocal
    unique
    unsetq
    uptime
    urldecode
    urlencode
    utctime
    v
    vadd
    valid
    vcross
    vdim
    vdot
    version
    visible
    vmag
    vmax
    vmin
    vmul
    vsub
    vunit
    WEBSOCKET_HTML
    WEBSOCKET_JSON
    where
    width
    wildgrep
    wildgrepi
    wipe
    wizmotd
    wordpos
    words
    wrap
    wshtml
    wsjson
    xattr
    xattrp
    xcon
    xexits
    xget
    xmwho
    xmwhoid
    xor
    xplayers
    xthings
    xvcon
    xvexits
    xvplayers
    xvthings
    xwho
    xwhoid
    zemit
    zfind
    zfun
    zmwho
    zone
    zwho*, <null>, Announce)
  	Notify(SharpMUSH.Library.Models.SharpPlayer: SharpMUSH.Library.Models.SharpPlayer, *System.String: Current Message of the Day settings:*, <null>, Announce)
  	Notify(SharpMUSH.Library.Models.SharpPlayer: SharpMUSH.Library.Models.SharpPlayer, *System.String:   Connect MOTD File: txt/motd.txt*, <null>, Announce)
  	Notify(SharpMUSH.Library.Models.SharpPlayer: SharpMUSH.Library.Models.SharpPlayer, *System.String:   Connect MOTD HTML: txt/motd.html*, <null>, Announce)
  	Notify(SharpMUSH.Library.Models.SharpPlayer: SharpMUSH.Library.Models.SharpPlayer, *System.String:   Wizard MOTD File: txt/wizmotd.txt*, <null>, Announce)
  	Notify(SharpMUSH.Library.Models.SharpPlayer: SharpMUSH.Library.Models.SharpPlayer, *System.String:   Wizard MOTD HTML: txt/wizmotd.html*, <null>, Announce)
  	Notify(SharpMUSH.Library.Models.SharpPlayer: SharpMUSH.Library.Models.SharpPlayer, *System.String: STANDARD ATTRIBUTES:
    AAHEAR
    ABUY
    ACLONE
    ACONNECT
    ADEATH
    ADESCRIBE
    ADESTROY
    ADISCONNECT
    ADROP
    AEFAIL
    AENTER
    AFAILURE
    AFOLLOW
    AGIVE
    AHEAR
    AIDESCRIBE
    ALEAVE
    ALFAIL
    ALIAS
    AMAIL
    AMHEAR
    AMOVE
    ANAME
    APAYMENT
    ARECEIVE
    ASUCCESS
    ATPORT
    AUFAIL
    AUNFOLLOW
    AUSE
    AWAY
    AZENTER
    AZLEAVE
    BUY
    CHANALIAS
    CHARGES
    CHATFORMAT
    COMMENT
    CONFORMAT
    COST
    DEATH
    DEBUGFORWARDLIST
    DESCFORMAT
    DESCRIBE
    DESTINATION
    DOING
    DROP
    EALIAS
    EFAIL
    ENTER
    EXITFORMAT
    EXITTO
    FAILURE
    FILTER
    FOLLOW
    FOLLOWERS
    FOLLOWING
    FORWARDLIST
    GIVE
    HAVEN
    IDESCFORMAT
    IDESCRIBE
    IDLE
    INFILTER
    INPREFIX
    INVFORMAT
    LALIAS
    LAST
    LASTFAILED
    LASTIP
    LASTLOGOUT
    LASTPAGED
    LASTSITE
    LEAVE
    LFAIL
    LISTEN
    MAILCURF
    MAILFILTER
    MAILFILTERS
    MAILFOLDERS
    MAILFORWARDLIST
    MAILQUOTA
    MAILSIGNATURE
    MONIKER
    MOVE
    NAMEACCENT
    NAMEFORMAT
    OBUY
    ODEATH
    ODESCRIBE
    ODROP
    OEFAIL
    OENTER
    OFAILURE
    OFOLLOW
    OGIVE
    OIDESCRIBE
    OLEAVE
    OLFAIL
    OMOVE
    ONAME
    OPAYMENT
    ORECEIVE
    OSUCCESS
    OTPORT
    OUFAIL
    OUNFOLLOW
    OUSE
    OUTPAGEFORMAT
    OXENTER
    OXLEAVE
    OXMOVE
    OXTPORT
    OZENTER
    OZLEAVE
    PAGEFORMAT
    PAYMENT
    PREFIX
    PRICELIST
    QUEUE
    RECEIVE
    REGISTERED_EMAIL
    RQUOTA
    RUNOUT
    SEMAPHORE
    SEX
    SPEECHMOD
    STARTUP
    SUCCESS
    TFPREFIX
    TPORT
    TZ
    UFAIL
    UNFOLLOW
    USE
    VA
    VB
    VC
    VD
    VE
    VF
    VG
    VH
    VI
    VJ
    VK
    VL
    VM
    VN
    VO
    VP
    VQ
    VR
    VRML_URL
    VS
    VT
    VU
    VV
    VW
    VX
    VY
    VZ
    WA
    WB
    WC
    WD
    WE
    WF
    WG
    WH
    WI
    WJ
    WK
    WL
    WM
    WN
    WO
    WP
    WQ
    WR
    WS
    WT
    WU
    WV
    WW
    WX
    WY
    WZ
    XA
    XB
    XC
    XD
    XE
    XF
    XG
    XH
    XI
    XJ
    XK
    XL
    XM
    XN
    XO
    XP
    XQ
    XR
    XS
    XT
    XU
    XV
    XW
    XX
    XY
    XZ
    ZENTER*, <null>, Announce)
  	Notify(SharpMUSH.Library.Models.SharpPlayer: SharpMUSH.Library.Models.SharpPlayer, *System.String: OBJECT FLAGS:
  NAME                 SYMBOL TYPE RESTRICTIONS
  -------------------- ------ -------------------
  WIZARD               W      ROOM,PLAYER,EXIT,THING
  ABODE                A      ROOM
  ANSI                 A      PLAYER
  CHOWN_OK             C      ROOM,PLAYER,THING
  COLOR                C      PLAYER
  DARK                 D      ROOM,PLAYER,EXIT,THING
  FIXED                F      PLAYER
  FLOATING             F      ROOM
  HAVEN                H      PLAYER
  TRUST                I      ROOM,PLAYER,EXIT,THING
  JUDGE                J      PLAYER
  JUMP_OK              J      ROOM
  LINK_OK              L      ROOM,PLAYER,EXIT,THING
  MONITOR              M      ROOM,PLAYER,THING
  NO_LEAVE             N      THING
  NO_TEL               N      ROOM
  OPAQUE               O      ROOM,PLAYER,EXIT,THING
  QUIET                Q      ROOM,PLAYER,EXIT,THING
  UNFINDABLE           U      ROOM,PLAYER,EXIT,THING
  VISUAL               V      ROOM,PLAYER,EXIT,THING
  SAFE                 X      ROOM,PLAYER,EXIT,THING
  SHARED               Z      PLAYER
  Z_TEL                Z      ROOM,THING
  LISTEN_PARENT        ^      PLAYER,THING,ROOM
  NOACCENTS            ~      PLAYER,THING,ROOM
  UNREGISTERED         ?      PLAYER
  NOSPOOF              "      ROOM,PLAYER,EXIT,THING
  AUDIBLE              a      ROOM,PLAYER,EXIT,THING
  DEBUG                b      ROOM,PLAYER,EXIT,THING
  DESTROY_OK           d      THING
  ENTER_OK             e      ROOM,PLAYER,EXIT,THING
  GAGGED               g      PLAYER
  HALT                 h      ROOM,PLAYER,EXIT,THING
  ORPHAN               i      ROOM,PLAYER,EXIT,THING
  JURY_OK              j      PLAYER
  KEEPALIVE            k      PLAYER
  LIGHT                l      ROOM,PLAYER,EXIT,THING
  MISTRUST             m      PLAYER,EXIT,THING
  MISTRUST             m      PLAYER,EXIT,THING
  NO_COMMAND           n      ROOM,PLAYER,EXIT,THING
  ON_VACATION          o      PLAYER
  PUPPET               P      THING
  ROYALTY              r      ROOM,PLAYER,EXIT,THING
  SUSPECT              s      ROOM,PLAYER,EXIT,THING
  TRANSPARENT          t      ROOM,PLAYER,EXIT,THING
  VERBOSE              v      ROOM,PLAYER,EXIT,THING
  NO_WARN              w      ROOM,PLAYER,EXIT,THING
  CLOUDY               x      EXIT
  CHAN_USEFIRSTMATCH          ROOM,PLAYER,EXIT,THING
  HEAR_CONNECT                PLAYER
  HEAVY                       ROOM,PLAYER,EXIT,THING
  LOUD                        PLAYER
  NO_LOG                      PLAYER
  PARANOID                    PLAYER
  TRACK_MONEY                 PLAYER
  XTERM256                    PLAYER
  MONIKER                     ROOM,PLAYER,EXIT,THING
  OPEN_OK                     ROOM
  GOING                g      ROOM,PLAYER,EXIT,THING
  GOING_TWICE                 ROOM,PLAYER,EXIT,THING*, <null>, Announce)
  	Notify(SharpMUSH.Library.Models.SharpPlayer: SharpMUSH.Library.Models.SharpPlayer, *System.String: You have no channel aliases.*, <null>, Announce)
  	Notify(SharpMUSH.Library.Models.SharpPlayer: SharpMUSH.Library.Models.SharpPlayer, *MarkupString.MarkupStringModule+MarkupString: <TestCommandChannel> ChatCommand: Test message*, *SharpMUSH.Library.Models.SharpPlayer: SharpMUSH.Library.Models.SharpPlayer*, *Emit*)
  	Notify(SharpMUSH.Library.Models.SharpPlayer: SharpMUSH.Library.Models.SharpPlayer, *MarkupString.MarkupStringModule+MarkupString: <TestCommandChannel> ChatCommand: Test message*, *SharpMUSH.Library.Models.SharpPlayer: SharpMUSH.Library.Models.SharpPlayer*, *Emit*)
  	Notify(SharpMUSH.Library.Models.SharpPlayer: SharpMUSH.Library.Models.SharpPlayer, *MarkupString.MarkupStringModule+MarkupString: <TestCommandChannel> ChatCommand: Test message*, *SharpMUSH.Library.Models.SharpPlayer: SharpMUSH.Library.Models.SharpPlayer*, *Emit*)
  	Notify(SharpMUSH.Library.Models.SharpPlayer: SharpMUSH.Library.Models.SharpPlayer, *System.String: Alias 'TestCommandChannel' not found.*, <null>, Announce)
  	Notify(SharpMUSH.Library.Models.SharpPlayer: SharpMUSH.Library.Models.SharpPlayer, *MarkupString.MarkupStringModule+MarkupString: <TestCommandChannel> God says, "NscemitCommand: Test message"*, *SharpMUSH.Library.Models.SharpPlayer: SharpMUSH.Library.Models.SharpPlayer*, *NSEmit*)
  	Notify(SharpMUSH.Library.Models.SharpPlayer: SharpMUSH.Library.Models.SharpPlayer, *MarkupString.MarkupStringModule+MarkupString: <TestCommandChannel> God says, "NscemitCommand: Test message"*, *SharpMUSH.Library.Models.SharpPlayer: SharpMUSH.Library.Models.SharpPlayer*, *NSEmit*)
  	Notify(SharpMUSH.Library.Models.SharpPlayer: SharpMUSH.Library.Models.SharpPlayer, *MarkupString.MarkupStringModule+MarkupString: <TestCommandChannel> God says, "NscemitCommand: Test message"*, *SharpMUSH.Library.Models.SharpPlayer: SharpMUSH.Library.Models.SharpPlayer*, *NSEmit*)
  	Notify(SharpMUSH.Library.Models.SharpPlayer: SharpMUSH.Library.Models.SharpPlayer, *MarkupString.MarkupStringModule+MarkupString: <TestCommandChannel> God says, "NscemitCommand: Test message"*, *SharpMUSH.Library.Models.SharpPlayer: SharpMUSH.Library.Models.SharpPlayer*, *NSEmit*)
  	Notify(SharpMUSH.Library.Models.SharpPlayer: SharpMUSH.Library.Models.SharpPlayer, *MarkupString.MarkupStringModule+MarkupString: <TestCommandChannel> God says, "NscemitCommand: Test message"*, *SharpMUSH.Library.Models.SharpPlayer: SharpMUSH.Library.Models.SharpPlayer*, *NSEmit*)
  	Notify(SharpMUSH.Library.Models.SharpPlayer: SharpMUSH.Library.Models.SharpPlayer, *MarkupString.MarkupStringModule+MarkupString: <TestCommandChannel> God says, "NscemitCommand: Test message"*, *SharpMUSH.Library.Models.SharpPlayer: SharpMUSH.Library.Models.SharpPlayer*, *NSEmit*)
  	Notify(SharpMUSH.Library.Models.SharpPlayer: SharpMUSH.Library.Models.SharpPlayer, *MarkupString.MarkupStringModule+MarkupString: <TestCommandChannel> God says, "NscemitCommand: Test message"*, *SharpMUSH.Library.Models.SharpPlayer: SharpMUSH.Library.Models.SharpPlayer*, *NSEmit*)
  	Notify(SharpMUSH.Library.Models.SharpPlayer: SharpMUSH.Library.Models.SharpPlayer, *System.String: Channel not found.*, <null>, Announce)
  	Notify(SharpMUSH.Library.Models.SharpPlayer: SharpMUSH.Library.Models.SharpPlayer, *MarkupString.MarkupStringModule+MarkupString: <TestCommandChannel> CemitCommand: Test message*, *SharpMUSH.Library.Models.SharpPlayer: SharpMUSH.Library.Models.SharpPlayer*, *Emit*)
  	Notify(SharpMUSH.Library.Models.SharpPlayer: SharpMUSH.Library.Models.SharpPlayer, *MarkupString.MarkupStringModule+MarkupString: <TestCommandChannel> CemitCommand: Test message*, *SharpMUSH.Library.Models.SharpPlayer: SharpMUSH.Library.Models.SharpPlayer*, *Emit*)
  	Notify(SharpMUSH.Library.Models.SharpPlayer: SharpMUSH.Library.Models.SharpPlayer, *MarkupString.MarkupStringModule+MarkupString: <TestCommandChannel> CemitCommand: Test message*, *SharpMUSH.Library.Models.SharpPlayer: SharpMUSH.Library.Models.SharpPlayer*, *Emit*)
  	Notify(SharpMUSH.Library.Models.SharpPlayer: SharpMUSH.Library.Models.SharpPlayer, *MarkupString.MarkupStringModule+MarkupString: <TestCommandChannel> CemitCommand: Test message*, *SharpMUSH.Library.Models.SharpPlayer: SharpMUSH.Library.Models.SharpPlayer*, *Emit*)
  	Notify(SharpMUSH.Library.Models.SharpPlayer: SharpMUSH.Library.Models.SharpPlayer, *MarkupString.MarkupStringModule+MarkupString: <TestCommandChannel> CemitCommand: Test message*, *SharpMUSH.Library.Models.SharpPlayer: SharpMUSH.Library.Models.SharpPlayer*, *Emit*)
  	Notify(SharpMUSH.Library.Models.SharpPlayer: SharpMUSH.Library.Models.SharpPlayer, *MarkupString.MarkupStringModule+MarkupString: <TestCommandChannel> CemitCommand: Test message*, *SharpMUSH.Library.Models.SharpPlayer: SharpMUSH.Library.Models.SharpPlayer*, *Emit*)
  	Notify(SharpMUSH.Library.Models.SharpPlayer: SharpMUSH.Library.Models.SharpPlayer, *MarkupString.MarkupStringModule+MarkupString: <TestCommandChannel> CemitCommand: Test message*, *SharpMUSH.Library.Models.SharpPlayer: SharpMUSH.Library.Models.SharpPlayer*, *Emit*)
  	Notify(SharpMUSH.Library.Models.SharpPlayer: SharpMUSH.Library.Models.SharpPlayer, *MarkupString.MarkupStringModule+MarkupString: <TestCommandChannel> CemitCommand: Test message*, *SharpMUSH.Library.Models.SharpPlayer: SharpMUSH.Library.Models.SharpPlayer*, *Emit*)
  	Notify(SharpMUSH.Library.Models.SharpPlayer: SharpMUSH.Library.Models.SharpPlayer, *MarkupString.MarkupStringModule+MarkupString: <TestCommandChannel> CemitCommand: Test message*, *SharpMUSH.Library.Models.SharpPlayer: SharpMUSH.Library.Models.SharpPlayer*, *Emit*)
  	Notify(SharpMUSH.Library.Models.SharpPlayer: SharpMUSH.Library.Models.SharpPlayer, *System.String: Alias 'pub' not found.*, <null>, Announce)
  	Notify(SharpMUSH.Library.Models.SharpPlayer: SharpMUSH.Library.Models.SharpPlayer, *System.String: *, <null>, Announce)
  	Notify(SharpMUSH.Library.Models.SharpPlayer: SharpMUSH.Library.Models.SharpPlayer, *System.String: -1*, <null>, Announce)
  	Notify(SharpMUSH.Library.Models.SharpPlayer: SharpMUSH.Library.Models.SharpPlayer, *System.String: -1*, <null>, Announce)
  	Notify(SharpMUSH.Library.Models.SharpPlayer: SharpMUSH.Library.Models.SharpPlayer, *System.String: -1*, <null>, Announce)
  	Notify(SharpMUSH.Library.Models.SharpPlayer: SharpMUSH.Library.Models.SharpPlayer, *System.String: -1*, <null>, Announce)
  	Notify(SharpMUSH.Library.Models.SharpPlayer: SharpMUSH.Library.Models.SharpPlayer, *System.String: -1*, <null>, Announce)
  	Notify(SharpMUSH.Library.Models.SharpPlayer: SharpMUSH.Library.Models.SharpPlayer, *System.String: -1*, <null>, Announce)
  	Notify(SharpMUSH.Library.Models.SharpPlayer: SharpMUSH.Library.Models.SharpPlayer, *System.String: -1*, <null>, Announce)
  	Notify(SharpMUSH.Library.Models.SharpPlayer: SharpMUSH.Library.Models.SharpPlayer, *System.String: -1*, <null>, Announce)
  	Notify(SharpMUSH.Library.Models.SharpPlayer: SharpMUSH.Library.Models.SharpPlayer, *System.String: -1*, <null>, Announce)
  	Notify(SharpMUSH.Library.Models.SharpPlayer: SharpMUSH.Library.Models.SharpPlayer, *System.String: -1*, <null>, Announce)
  	Notify(SharpMUSH.Library.Models.SharpPlayer: SharpMUSH.Library.Models.SharpPlayer, *System.String: -1*, <null>, Announce)
  	Notify(SharpMUSH.Library.Models.SharpPlayer: SharpMUSH.Library.Models.SharpPlayer, *System.String: -1*, <null>, Announce)
  	Notify(SharpMUSH.Library.Models.SharpPlayer: SharpMUSH.Library.Models.SharpPlayer, *System.String: -1*, <null>, Announce)
  	Notify(SharpMUSH.Library.Models.SharpPlayer: SharpMUSH.Library.Models.SharpPlayer, *System.String: -1*, <null>, Announce)
  	Notify(SharpMUSH.Library.Models.SharpPlayer: SharpMUSH.Library.Models.SharpPlayer, *System.String: -1*, <null>, Announce)
  	Notify(SharpMUSH.Library.Models.SharpPlayer: SharpMUSH.Library.Models.SharpPlayer, *System.String: -1*, <null>, Announce)
  	Notify(SharpMUSH.Library.Models.SharpPlayer: SharpMUSH.Library.Models.SharpPlayer, *System.String: -1*, <null>, Announce)
  	Notify(SharpMUSH.Library.Models.SharpPlayer: SharpMUSH.Library.Models.SharpPlayer, *System.String: -1*, <null>, Announce)
  	Notify(SharpMUSH.Library.Models.SharpPlayer: SharpMUSH.Library.Models.SharpPlayer, *System.String: -1*, <null>, Announce)
  	Notify(SharpMUSH.Library.Models.SharpPlayer: SharpMUSH.Library.Models.SharpPlayer, *System.String: -1*, <null>, Announce)
  	Notify(SharpMUSH.Library.Models.SharpPlayer: SharpMUSH.Library.Models.SharpPlayer, *System.String: -1*, <null>, Announce)
  	Notify(SharpMUSH.Library.Models.SharpPlayer: SharpMUSH.Library.Models.SharpPlayer, *System.String: -1*, <null>, Announce)
  	Notify(SharpMUSH.Library.Models.SharpPlayer: SharpMUSH.Library.Models.SharpPlayer, *System.String: -1*, <null>, Announce)
  	Notify(SharpMUSH.Library.Models.SharpPlayer: SharpMUSH.Library.Models.SharpPlayer, *System.String: -1*, <null>, Announce)
  	Notify(SharpMUSH.Library.Models.SharpPlayer: SharpMUSH.Library.Models.SharpPlayer, *System.String: -1*, <null>, Announce)
  	Notify(SharpMUSH.Library.Models.SharpPlayer: SharpMUSH.Library.Models.SharpPlayer, *System.String: -1*, <null>, Announce)
  	Notify(SharpMUSH.Library.Models.SharpPlayer: SharpMUSH.Library.Models.SharpPlayer, *System.String: -1*, <null>, Announce)
  	Notify(SharpMUSH.Library.Models.SharpPlayer: SharpMUSH.Library.Models.SharpPlayer, *System.String: -1*, <null>, Announce)
  	Notify(SharpMUSH.Library.Models.SharpPlayer: SharpMUSH.Library.Models.SharpPlayer, *System.String: -1*, <null>, Announce)
  	Notify(SharpMUSH.Library.Models.SharpPlayer: SharpMUSH.Library.Models.SharpPlayer, *System.String: -1*, <null>, Announce)
  	Notify(SharpMUSH.Library.Models.SharpPlayer: SharpMUSH.Library.Models.SharpPlayer, *System.String: -1*, <null>, Announce)
  	Notify(SharpMUSH.Library.Models.SharpPlayer: SharpMUSH.Library.Models.SharpPlayer, *System.String: -1*, <null>, Announce)
  	Notify(SharpMUSH.Library.Models.SharpPlayer: SharpMUSH.Library.Models.SharpPlayer, *System.String: -1*, <null>, Announce)
  	Notify(SharpMUSH.Library.Models.SharpPlayer: SharpMUSH.Library.Models.SharpPlayer, *System.String: -1*, <null>, Announce)
  	Notify(SharpMUSH.Library.Models.SharpPlayer: SharpMUSH.Library.Models.SharpPlayer, *System.String: -1*, <null>, Announce)
  	Notify(SharpMUSH.Library.Models.SharpPlayer: SharpMUSH.Library.Models.SharpPlayer, *System.String: -1*, <null>, Announce)
  	Notify(SharpMUSH.Library.Models.SharpPlayer: SharpMUSH.Library.Models.SharpPlayer, *System.String: -1*, <null>, Announce)
  	Notify(SharpMUSH.Library.Models.SharpPlayer: SharpMUSH.Library.Models.SharpPlayer, *System.String: -1*, <null>, Announce)
  	Notify(SharpMUSH.Library.Models.SharpPlayer: SharpMUSH.Library.Models.SharpPlayer, *System.String: -1*, <null>, Announce)
  	Notify(SharpMUSH.Library.Models.SharpPlayer: SharpMUSH.Library.Models.SharpPlayer, *System.String: -1*, <null>, Announce)
  	Notify(SharpMUSH.Library.Models.SharpPlayer: SharpMUSH.Library.Models.SharpPlayer, *System.String: -1*, <null>, Announce)
  	Notify(SharpMUSH.Library.Models.SharpPlayer: SharpMUSH.Library.Models.SharpPlayer, *System.String: -1*, <null>, Announce)
  	Notify(SharpMUSH.Library.Models.SharpPlayer: SharpMUSH.Library.Models.SharpPlayer, *System.String: -1*, <null>, Announce)
  	Notify(SharpMUSH.Library.Models.SharpPlayer: SharpMUSH.Library.Models.SharpPlayer, *System.String: -1*, <null>, Announce)
  	Notify(SharpMUSH.Library.Models.SharpPlayer: SharpMUSH.Library.Models.SharpPlayer, *System.String: -1*, <null>, Announce)
  	Notify(SharpMUSH.Library.Models.SharpPlayer: SharpMUSH.Library.Models.SharpPlayer, *System.String: -1*, <null>, Announce)
  	Notify(SharpMUSH.Library.Models.SharpPlayer: SharpMUSH.Library.Models.SharpPlayer, *System.String: -1*, <null>, Announce)
  	Notify(SharpMUSH.Library.Models.SharpPlayer: SharpMUSH.Library.Models.SharpPlayer, *System.String: -1*, <null>, Announce)
  	Notify(SharpMUSH.Library.Models.SharpPlayer: SharpMUSH.Library.Models.SharpPlayer, *System.String: -1*, <null>, Announce)
  	Notify(SharpMUSH.Library.Models.SharpPlayer: SharpMUSH.Library.Models.SharpPlayer, *System.String: -1*, <null>, Announce)
  	Notify(SharpMUSH.Library.Models.SharpPlayer: SharpMUSH.Library.Models.SharpPlayer, *System.String: -1*, <null>, Announce)
  	Notify(SharpMUSH.Library.Models.SharpPlayer: SharpMUSH.Library.Models.SharpPlayer, *System.String: -1*, <null>, Announce)
  	Notify(SharpMUSH.Library.Models.SharpPlayer: SharpMUSH.Library.Models.SharpPlayer, *System.String: -1*, <null>, Announce)
  	Notify(SharpMUSH.Library.Models.SharpPlayer: SharpMUSH.Library.Models.SharpPlayer, *System.String: -1*, <null>, Announce)
  	Notify(SharpMUSH.Library.Models.SharpPlayer: SharpMUSH.Library.Models.SharpPlayer, *System.String: -1*, <null>, Announce)
  	Notify(SharpMUSH.Library.Models.SharpPlayer: SharpMUSH.Library.Models.SharpPlayer, *System.String: -1*, <null>, Announce)
  	Notify(SharpMUSH.Library.Models.SharpPlayer: SharpMUSH.Library.Models.SharpPlayer, *System.String: -1*, <null>, Announce)
  	Notify(SharpMUSH.Library.Models.SharpPlayer: SharpMUSH.Library.Models.SharpPlayer, *System.String: -1*, <null>, Announce)
  	Notify(SharpMUSH.Library.Models.SharpPlayer: SharpMUSH.Library.Models.SharpPlayer, *System.String: -1*, <null>, Announce)
  	Notify(SharpMUSH.Library.Models.SharpPlayer: SharpMUSH.Library.Models.SharpPlayer, *System.String: -1*, <null>, Announce)
  	Notify(SharpMUSH.Library.Models.SharpPlayer: SharpMUSH.Library.Models.SharpPlayer, *System.String: -1*, <null>, Announce)
  	Notify(SharpMUSH.Library.Models.SharpPlayer: SharpMUSH.Library.Models.SharpPlayer, *System.String: -1*, <null>, Announce)
  	Notify(SharpMUSH.Library.Models.SharpPlayer: SharpMUSH.Library.Models.SharpPlayer, *System.String: -1*, <null>, Announce)
  	Notify(SharpMUSH.Library.Models.SharpPlayer: SharpMUSH.Library.Models.SharpPlayer, *System.String: -1*, <null>, Announce)
  	Notify(SharpMUSH.Library.Models.SharpPlayer: SharpMUSH.Library.Models.SharpPlayer, *System.String: -1*, <null>, Announce)
  	Notify(SharpMUSH.Library.Models.SharpPlayer: SharpMUSH.Library.Models.SharpPlayer, *System.String: -1*, <null>, Announce)
  	Notify(SharpMUSH.Library.Models.SharpPlayer: SharpMUSH.Library.Models.SharpPlayer, *System.String: -1*, <null>, Announce)
  	Notify(SharpMUSH.Library.Models.SharpPlayer: SharpMUSH.Library.Models.SharpPlayer, *System.String: -1*, <null>, Announce)
  	Notify(SharpMUSH.Library.Models.SharpPlayer: SharpMUSH.Library.Models.SharpPlayer, *System.String: -1*, <null>, Announce)
  	Notify(SharpMUSH.Library.Models.SharpPlayer: SharpMUSH.Library.Models.SharpPlayer, *System.String: -1*, <null>, Announce)
  	Notify(SharpMUSH.Library.Models.SharpPlayer: SharpMUSH.Library.Models.SharpPlayer, *System.String: -1*, <null>, Announce)
  	Notify(SharpMUSH.Library.Models.SharpPlayer: SharpMUSH.Library.Models.SharpPlayer, *System.String: -1*, <null>, Announce)
  	Notify(SharpMUSH.Library.Models.SharpPlayer: SharpMUSH.Library.Models.SharpPlayer, *System.String: -1*, <null>, Announce)
  	Notify(SharpMUSH.Library.Models.SharpPlayer: SharpMUSH.Library.Models.SharpPlayer, *System.String: -1*, <null>, Announce)
  	Notify(SharpMUSH.Library.Models.SharpPlayer: SharpMUSH.Library.Models.SharpPlayer, *System.String: -1*, <null>, Announce)
  	Notify(SharpMUSH.Library.Models.SharpPlayer: SharpMUSH.Library.Models.SharpPlayer, *System.String: -1*, <null>, Announce)
  	Notify(SharpMUSH.Library.Models.SharpPlayer: SharpMUSH.Library.Models.SharpPlayer, *System.String: -1*, <null>, Announce)
  	Notify(SharpMUSH.Library.Models.SharpPlayer: SharpMUSH.Library.Models.SharpPlayer, *System.String: -1*, <null>, Announce)
  	Notify(SharpMUSH.Library.Models.SharpPlayer: SharpMUSH.Library.Models.SharpPlayer, *System.String: -1*, <null>, Announce)
  	Notify(SharpMUSH.Library.Models.SharpPlayer: SharpMUSH.Library.Models.SharpPlayer, *System.String: -1*, <null>, Announce)
  	Notify(SharpMUSH.Library.Models.SharpPlayer: SharpMUSH.Library.Models.SharpPlayer, *System.String: -1*, <null>, Announce)
  	Notify(SharpMUSH.Library.Models.SharpPlayer: SharpMUSH.Library.Models.SharpPlayer, *System.String: -1*, <null>, Announce)
  	Notify(SharpMUSH.Library.Models.SharpPlayer: SharpMUSH.Library.Models.SharpPlayer, *System.String: -1*, <null>, Announce)
  	Notify(SharpMUSH.Library.Models.SharpPlayer: SharpMUSH.Library.Models.SharpPlayer, *System.String: -1*, <null>, Announce)
  	Notify(SharpMUSH.Library.Models.SharpPlayer: SharpMUSH.Library.Models.SharpPlayer, *System.String: -1*, <null>, Announce)
  	Notify(SharpMUSH.Library.Models.SharpPlayer: SharpMUSH.Library.Models.SharpPlayer, *System.String: -1*, <null>, Announce)
  	Notify(SharpMUSH.Library.Models.SharpPlayer: SharpMUSH.Library.Models.SharpPlayer, *System.String: -1*, <null>, Announce)
  	Notify(SharpMUSH.Library.Models.SharpPlayer: SharpMUSH.Library.Models.SharpPlayer, *System.String: -1*, <null>, Announce)
  	Notify(SharpMUSH.Library.Models.SharpPlayer: SharpMUSH.Library.Models.SharpPlayer, *System.String: -1*, <null>, Announce)
  	Notify(SharpMUSH.Library.Models.SharpPlayer: SharpMUSH.Library.Models.SharpPlayer, *System.String: -1*, <null>, Announce)
  	Notify(SharpMUSH.Library.Models.SharpPlayer: SharpMUSH.Library.Models.SharpPlayer, *System.String: -1*, <null>, Announce)
  	Notify(SharpMUSH.Library.Models.SharpPlayer: SharpMUSH.Library.Models.SharpPlayer, *System.String: -1*, <null>, Announce)
  	Notify(SharpMUSH.Library.Models.SharpPlayer: SharpMUSH.Library.Models.SharpPlayer, *System.String: -1*, <null>, Announce)
  	Notify(SharpMUSH.Library.Models.SharpPlayer: SharpMUSH.Library.Models.SharpPlayer, *System.String: -1*, <null>, Announce)
  	Notify(SharpMUSH.Library.Models.SharpPlayer: SharpMUSH.Library.Models.SharpPlayer, *System.String: -1*, <null>, Announce)
  	Notify(SharpMUSH.Library.Models.SharpPlayer: SharpMUSH.Library.Models.SharpPlayer, *System.String: -1*, <null>, Announce)
  	Notify(SharpMUSH.Library.Models.SharpPlayer: SharpMUSH.Library.Models.SharpPlayer, *System.String: -1*, <null>, Announce)
  	Notify(SharpMUSH.Library.Models.SharpPlayer: SharpMUSH.Library.Models.SharpPlayer, *System.String: -1*, <null>, Announce)
  	Notify(SharpMUSH.Library.Models.SharpPlayer: SharpMUSH.Library.Models.SharpPlayer, *System.String: -1*, <null>, Announce)
  	Notify(SharpMUSH.Library.Models.SharpPlayer: SharpMUSH.Library.Models.SharpPlayer, *System.String: -1*, <null>, Announce)
  	Notify(SharpMUSH.Library.Models.SharpPlayer: SharpMUSH.Library.Models.SharpPlayer, *System.String: -1*, <null>, Announce)
  	Notify(SharpMUSH.Library.Models.SharpPlayer: SharpMUSH.Library.Models.SharpPlayer, *System.String: -1*, <null>, Announce)
  	Notify(SharpMUSH.Library.Models.SharpPlayer: SharpMUSH.Library.Models.SharpPlayer, *System.String: -1*, <null>, Announce)
  	Notify(SharpMUSH.Library.Models.SharpPlayer: SharpMUSH.Library.Models.SharpPlayer, *System.String: -1*, <null>, Announce)
  	Notify(SharpMUSH.Library.Models.SharpPlayer: SharpMUSH.Library.Models.SharpPlayer, *System.String: -1*, <null>, Announce)
  	Notify(SharpMUSH.Library.Models.SharpPlayer: SharpMUSH.Library.Models.SharpPlayer, *System.String: -1*, <null>, Announce)
  	Notify(SharpMUSH.Library.Models.SharpPlayer: SharpMUSH.Library.Models.SharpPlayer, *System.String: -1*, <null>, Announce)
  	Notify(SharpMUSH.Library.Models.SharpPlayer: SharpMUSH.Library.Models.SharpPlayer, *System.String: -1*, <null>, Announce)
  	Notify(SharpMUSH.Library.Models.SharpPlayer: SharpMUSH.Library.Models.SharpPlayer, *System.String: -1*, <null>, Announce)
  	Notify(SharpMUSH.Library.Models.SharpPlayer: SharpMUSH.Library.Models.SharpPlayer, *System.String: -1*, <null>, Announce)
  	Notify(SharpMUSH.Library.Models.SharpPlayer: SharpMUSH.Library.Models.SharpPlayer, *System.String: -1*, <null>, Announce)
  	Notify(SharpMUSH.Library.Models.SharpPlayer: SharpMUSH.Library.Models.SharpPlayer, *System.String: -1*, <null>, Announce)
  	Notify(SharpMUSH.Library.Models.SharpPlayer: SharpMUSH.Library.Models.SharpPlayer, *System.String: -1*, <null>, Announce)
  	Notify(SharpMUSH.Library.Models.SharpPlayer: SharpMUSH.Library.Models.SharpPlayer, *System.String: -1*, <null>, Announce)
  	Notify(SharpMUSH.Library.Models.SharpPlayer: SharpMUSH.Library.Models.SharpPlayer, *System.String: -1*, <null>, Announce)
  	Notify(SharpMUSH.Library.Models.SharpPlayer: SharpMUSH.Library.Models.SharpPlayer, *System.String: -1*, <null>, Announce)
  	Notify(SharpMUSH.Library.Models.SharpPlayer: SharpMUSH.Library.Models.SharpPlayer, *System.String: -1*, <null>, Announce)
  	Notify(SharpMUSH.Library.Models.SharpPlayer: SharpMUSH.Library.Models.SharpPlayer, *System.String: -1*, <null>, Announce)
  	Notify(SharpMUSH.Library.Models.SharpPlayer: SharpMUSH.Library.Models.SharpPlayer, *System.String: -1*, <null>, Announce)
  	Notify(SharpMUSH.Library.Models.SharpPlayer: SharpMUSH.Library.Models.SharpPlayer, *System.String: -1*, <null>, Announce)
  	Notify(SharpMUSH.Library.Models.SharpPlayer: SharpMUSH.Library.Models.SharpPlayer, *System.String: -1*, <null>, Announce)
  	Notify(SharpMUSH.Library.Models.SharpPlayer: SharpMUSH.Library.Models.SharpPlayer, *System.String: -1*, <null>, Announce)
  	Notify(SharpMUSH.Library.Models.SharpPlayer: SharpMUSH.Library.Models.SharpPlayer, *System.String: -1*, <null>, Announce)
  	Notify(SharpMUSH.Library.Models.SharpPlayer: SharpMUSH.Library.Models.SharpPlayer, *System.String: -1*, <null>, Announce)
  	Notify(SharpMUSH.Library.Models.SharpPlayer: SharpMUSH.Library.Models.SharpPlayer, *System.String: -1*, <null>, Announce)
  	Notify(SharpMUSH.Library.Models.SharpPlayer: SharpMUSH.Library.Models.SharpPlayer, *System.String: -1*, <null>, Announce)
  	Notify(SharpMUSH.Library.Models.SharpPlayer: SharpMUSH.Library.Models.SharpPlayer, *System.String: -1*, <null>, Announce)
  	Notify(SharpMUSH.Library.Models.SharpPlayer: SharpMUSH.Library.Models.SharpPlayer, *System.String: -1*, <null>, Announce)
  	Notify(SharpMUSH.Library.Models.SharpPlayer: SharpMUSH.Library.Models.SharpPlayer, *System.String: -1*, <null>, Announce)
  	Notify(SharpMUSH.Library.Models.SharpPlayer: SharpMUSH.Library.Models.SharpPlayer, *System.String: -1*, <null>, Announce)
  	Notify(SharpMUSH.Library.Models.SharpPlayer: SharpMUSH.Library.Models.SharpPlayer, *System.String: -1*, <null>, Announce)
  	Notify(SharpMUSH.Library.Models.SharpPlayer: SharpMUSH.Library.Models.SharpPlayer, *System.String: -1*, <null>, Announce)
  	Notify(SharpMUSH.Library.Models.SharpPlayer: SharpMUSH.Library.Models.SharpPlayer, *System.String: -1*, <null>, Announce)
  	Notify(SharpMUSH.Library.Models.SharpPlayer: SharpMUSH.Library.Models.SharpPlayer, *System.String: -1*, <null>, Announce)
  	Notify(SharpMUSH.Library.Models.SharpPlayer: SharpMUSH.Library.Models.SharpPlayer, *System.String: -1*, <null>, Announce)
  	Notify(SharpMUSH.Library.Models.SharpPlayer: SharpMUSH.Library.Models.SharpPlayer, *System.String: -1*, <null>, Announce)
  	Notify(SharpMUSH.Library.Models.SharpPlayer: SharpMUSH.Library.Models.SharpPlayer, *System.String: -1*, <null>, Announce)
  	Notify(SharpMUSH.Library.Models.SharpPlayer: SharpMUSH.Library.Models.SharpPlayer, *System.String: -1*, <null>, Announce)
  	Notify(SharpMUSH.Library.Models.SharpPlayer: SharpMUSH.Library.Models.SharpPlayer, *System.String: -1*, <null>, Announce)
  	Notify(SharpMUSH.Library.Models.SharpPlayer: SharpMUSH.Library.Models.SharpPlayer, *System.String: -1*, <null>, Announce)
  	Notify(SharpMUSH.Library.Models.SharpPlayer: SharpMUSH.Library.Models.SharpPlayer, *System.String: -1*, <null>, Announce)
  	Notify(SharpMUSH.Library.Models.SharpPlayer: SharpMUSH.Library.Models.SharpPlayer, *System.String: -1*, <null>, Announce)
  	Notify(SharpMUSH.Library.Models.SharpPlayer: SharpMUSH.Library.Models.SharpPlayer, *System.String: -1*, <null>, Announce)
  	Notify(SharpMUSH.Library.Models.SharpPlayer: SharpMUSH.Library.Models.SharpPlayer, *System.String: -1*, <null>, Announce)
  	Notify(SharpMUSH.Library.Models.SharpPlayer: SharpMUSH.Library.Models.SharpPlayer, *System.String: -1*, <null>, Announce)
  	Notify(SharpMUSH.Library.Models.SharpPlayer: SharpMUSH.Library.Models.SharpPlayer, *System.String: -1*, <null>, Announce)
  	Notify(SharpMUSH.Library.Models.SharpPlayer: SharpMUSH.Library.Models.SharpPlayer, *System.String: -1*, <null>, Announce)
  	Notify(SharpMUSH.Library.Models.SharpPlayer: SharpMUSH.Library.Models.SharpPlayer, *System.String: -1*, <null>, Announce)
  	Notify(SharpMUSH.Library.Models.SharpPlayer: SharpMUSH.Library.Models.SharpPlayer, *System.String: -1*, <null>, Announce)
  	Notify(SharpMUSH.Library.Models.SharpPlayer: SharpMUSH.Library.Models.SharpPlayer, *System.String: -1*, <null>, Announce)
  	Notify(SharpMUSH.Library.Models.SharpPlayer: SharpMUSH.Library.Models.SharpPlayer, *System.String: -1*, <null>, Announce)
  	Notify(SharpMUSH.Library.Models.SharpPlayer: SharpMUSH.Library.Models.SharpPlayer, *System.String: -1*, <null>, Announce)
  	Notify(SharpMUSH.Library.Models.SharpPlayer: SharpMUSH.Library.Models.SharpPlayer, *System.String: -1*, <null>, Announce)
  	Notify(SharpMUSH.Library.Models.SharpPlayer: SharpMUSH.Library.Models.SharpPlayer, *System.String: -1*, <null>, Announce)
  	Notify(SharpMUSH.Library.Models.SharpPlayer: SharpMUSH.Library.Models.SharpPlayer, *System.String: -1*, <null>, Announce)
  	Notify(SharpMUSH.Library.Models.SharpPlayer: SharpMUSH.Library.Models.SharpPlayer, *System.String: -1*, <null>, Announce)
  	Notify(SharpMUSH.Library.Models.SharpPlayer: SharpMUSH.Library.Models.SharpPlayer, *System.String: -1*, <null>, Announce)
  	Notify(SharpMUSH.Library.Models.SharpPlayer: SharpMUSH.Library.Models.SharpPlayer, *System.String: -1*, <null>, Announce)
  	Notify(SharpMUSH.Library.Models.SharpPlayer: SharpMUSH.Library.Models.SharpPlayer, *System.String: -1*, <null>, Announce)
  	Notify(SharpMUSH.Library.Models.SharpPlayer: SharpMUSH.Library.Models.SharpPlayer, *System.String: -1*, <null>, Announce)
  	Notify(SharpMUSH.Library.Models.SharpPlayer: SharpMUSH.Library.Models.SharpPlayer, *System.String: -1*, <null>, Announce)
  	Notify(SharpMUSH.Library.Models.SharpPlayer: SharpMUSH.Library.Models.SharpPlayer, *System.String: -1*, <null>, Announce)
  	Notify(SharpMUSH.Library.Models.SharpPlayer: SharpMUSH.Library.Models.SharpPlayer, *System.String: -1*, <null>, Announce)
  	Notify(SharpMUSH.Library.Models.SharpPlayer: SharpMUSH.Library.Models.SharpPlayer, *System.String: -1*, <null>, Announce)
  	Notify(SharpMUSH.Library.Models.SharpPlayer: SharpMUSH.Library.Models.SharpPlayer, *System.String: -1*, <null>, Announce)
  	Notify(SharpMUSH.Library.Models.SharpPlayer: SharpMUSH.Library.Models.SharpPlayer, *System.String: -1*, <null>, Announce)
  	Notify(SharpMUSH.Library.Models.SharpPlayer: SharpMUSH.Library.Models.SharpPlayer, *System.String: -1*, <null>, Announce)
  	Notify(SharpMUSH.Library.Models.SharpPlayer: SharpMUSH.Library.Models.SharpPlayer, *System.String: -1*, <null>, Announce)
  	Notify(SharpMUSH.Library.Models.SharpPlayer: SharpMUSH.Library.Models.SharpPlayer, *System.String: -1*, <null>, Announce)
  	Notify(SharpMUSH.Library.Models.SharpPlayer: SharpMUSH.Library.Models.SharpPlayer, *System.String: -1*, <null>, Announce)
  	Notify(SharpMUSH.Library.Models.SharpPlayer: SharpMUSH.Library.Models.SharpPlayer, *System.String: -1*, <null>, Announce)
  	Notify(SharpMUSH.Library.Models.SharpPlayer: SharpMUSH.Library.Models.SharpPlayer, *System.String: -1*, <null>, Announce)
  	Notify(SharpMUSH.Library.Models.SharpPlayer: SharpMUSH.Library.Models.SharpPlayer, *System.String: -1*, <null>, Announce)
  	Notify(SharpMUSH.Library.Models.SharpPlayer: SharpMUSH.Library.Models.SharpPlayer, *System.String: -1*, <null>, Announce)
  	Notify(SharpMUSH.Library.Models.SharpPlayer: SharpMUSH.Library.Models.SharpPlayer, *System.String: -1*, <null>, Announce)
  	Notify(SharpMUSH.Library.Models.SharpPlayer: SharpMUSH.Library.Models.SharpPlayer, *System.String: -1*, <null>, Announce)
  	Notify(SharpMUSH.Library.Models.SharpPlayer: SharpMUSH.Library.Models.SharpPlayer, *System.String: -1*, <null>, Announce)
  	Notify(SharpMUSH.Library.Models.SharpPlayer: SharpMUSH.Library.Models.SharpPlayer, *System.String: -1*, <null>, Announce)
  	Notify(SharpMUSH.Library.Models.SharpPlayer: SharpMUSH.Library.Models.SharpPlayer, *System.String: -1*, <null>, Announce)
  	Notify(SharpMUSH.Library.Models.SharpPlayer: SharpMUSH.Library.Models.SharpPlayer, *System.String: -1*, <null>, Announce)
  	Notify(SharpMUSH.Library.Models.SharpPlayer: SharpMUSH.Library.Models.SharpPlayer, *System.String: -1*, <null>, Announce)
  	Notify(SharpMUSH.Library.Models.SharpPlayer: SharpMUSH.Library.Models.SharpPlayer, *System.String: -1*, <null>, Announce)
  	Notify(SharpMUSH.Library.Models.SharpPlayer: SharpMUSH.Library.Models.SharpPlayer, *System.String: -1*, <null>, Announce)
  	Notify(SharpMUSH.Library.Models.SharpPlayer: SharpMUSH.Library.Models.SharpPlayer, *System.String: -1*, <null>, Announce)
  	Notify(SharpMUSH.Library.Models.SharpPlayer: SharpMUSH.Library.Models.SharpPlayer, *System.String: -1*, <null>, Announce)
  	Notify(SharpMUSH.Library.Models.SharpPlayer: SharpMUSH.Library.Models.SharpPlayer, *System.String: -1*, <null>, Announce)
  	Notify(SharpMUSH.Library.Models.SharpPlayer: SharpMUSH.Library.Models.SharpPlayer, *System.String: -1*, <null>, Announce)
  	Notify(SharpMUSH.Library.Models.SharpPlayer: SharpMUSH.Library.Models.SharpPlayer, *System.String: -1*, <null>, Announce)
  	Notify(SharpMUSH.Library.Models.SharpPlayer: SharpMUSH.Library.Models.SharpPlayer, *System.String: -1*, <null>, Announce)
  	Notify(SharpMUSH.Library.Models.SharpPlayer: SharpMUSH.Library.Models.SharpPlayer, *System.String: -1*, <null>, Announce)
  	Notify(SharpMUSH.Library.Models.SharpPlayer: SharpMUSH.Library.Models.SharpPlayer, *System.String: -1*, <null>, Announce)
  	Notify(SharpMUSH.Library.Models.SharpPlayer: SharpMUSH.Library.Models.SharpPlayer, *System.String: -1*, <null>, Announce)
  	Notify(SharpMUSH.Library.Models.SharpPlayer: SharpMUSH.Library.Models.SharpPlayer, *System.String: -1*, <null>, Announce)
  	Notify(SharpMUSH.Library.Models.SharpPlayer: SharpMUSH.Library.Models.SharpPlayer, *System.String: -1*, <null>, Announce)
  	Notify(SharpMUSH.Library.Models.SharpPlayer: SharpMUSH.Library.Models.SharpPlayer, *System.String: -1*, <null>, Announce)
  	Notify(SharpMUSH.Library.Models.SharpPlayer: SharpMUSH.Library.Models.SharpPlayer, *System.String: -1*, <null>, Announce)
  	Notify(SharpMUSH.Library.Models.SharpPlayer: SharpMUSH.Library.Models.SharpPlayer, *System.String: -1*, <null>, Announce)
  	Notify(SharpMUSH.Library.Models.SharpPlayer: SharpMUSH.Library.Models.SharpPlayer, *System.String: -1*, <null>, Announce)
  	Notify(SharpMUSH.Library.Models.SharpPlayer: SharpMUSH.Library.Models.SharpPlayer, *System.String: -1*, <null>, Announce)
  	Notify(SharpMUSH.Library.Models.SharpPlayer: SharpMUSH.Library.Models.SharpPlayer, *System.String: -1*, <null>, Announce)
  	Notify(SharpMUSH.Library.Models.SharpPlayer: SharpMUSH.Library.Models.SharpPlayer, *System.String: -1*, <null>, Announce)
  	Notify(SharpMUSH.Library.Models.SharpPlayer: SharpMUSH.Library.Models.SharpPlayer, *System.String: -1*, <null>, Announce)
  	Notify(SharpMUSH.Library.Models.SharpPlayer: SharpMUSH.Library.Models.SharpPlayer, *System.String: -1*, <null>, Announce)
  	Notify(SharpMUSH.Library.Models.SharpPlayer: SharpMUSH.Library.Models.SharpPlayer, *System.String: -1*, <null>, Announce)
  	Notify(SharpMUSH.Library.Models.SharpPlayer: SharpMUSH.Library.Models.SharpPlayer, *System.String: -1*, <null>, Announce)
  	Notify(SharpMUSH.Library.Models.SharpPlayer: SharpMUSH.Library.Models.SharpPlayer, *System.String: -1*, <null>, Announce)
  	Notify(SharpMUSH.Library.Models.SharpPlayer: SharpMUSH.Library.Models.SharpPlayer, *System.String: -1*, <null>, Announce)
  	Notify(SharpMUSH.Library.Models.SharpPlayer: SharpMUSH.Library.Models.SharpPlayer, *System.String: -1*, <null>, Announce)
  	Notify(SharpMUSH.Library.Models.SharpPlayer: SharpMUSH.Library.Models.SharpPlayer, *System.String: -1*, <null>, Announce)
  	Notify(SharpMUSH.Library.Models.SharpPlayer: SharpMUSH.Library.Models.SharpPlayer, *System.String: -1*, <null>, Announce)
  	Notify(SharpMUSH.Library.Models.SharpPlayer: SharpMUSH.Library.Models.SharpPlayer, *System.String: -1*, <null>, Announce)
  	Notify(SharpMUSH.Library.Models.SharpPlayer: SharpMUSH.Library.Models.SharpPlayer, *System.String: -1*, <null>, Announce)
  	Notify(SharpMUSH.Library.Models.SharpPlayer: SharpMUSH.Library.Models.SharpPlayer, *System.String: -1*, <null>, Announce)
  	Notify(SharpMUSH.Library.Models.SharpPlayer: SharpMUSH.Library.Models.SharpPlayer, *System.String: -1*, <null>, Announce)
  	Notify(SharpMUSH.Library.Models.SharpPlayer: SharpMUSH.Library.Models.SharpPlayer, *System.String: -1*, <null>, Announce)
  	Notify(SharpMUSH.Library.Models.SharpPlayer: SharpMUSH.Library.Models.SharpPlayer, *System.String: -1*, <null>, Announce)
  	Notify(SharpMUSH.Library.Models.SharpPlayer: SharpMUSH.Library.Models.SharpPlayer, *System.String: -1*, <null>, Announce)
  	Notify(SharpMUSH.Library.Models.SharpPlayer: SharpMUSH.Library.Models.SharpPlayer, *System.String: -1*, <null>, Announce)
  	Notify(SharpMUSH.Library.Models.SharpPlayer: SharpMUSH.Library.Models.SharpPlayer, *System.String: -1*, <null>, Announce)
  	Notify(SharpMUSH.Library.Models.SharpPlayer: SharpMUSH.Library.Models.SharpPlayer, *System.String: -1*, <null>, Announce)
  	Notify(SharpMUSH.Library.Models.SharpPlayer: SharpMUSH.Library.Models.SharpPlayer, *System.String: -1*, <null>, Announce)
  	Notify(SharpMUSH.Library.Models.SharpPlayer: SharpMUSH.Library.Models.SharpPlayer, *System.String: -1*, <null>, Announce)
  	Notify(SharpMUSH.Library.Models.SharpPlayer: SharpMUSH.Library.Models.SharpPlayer, *System.String: -1*, <null>, Announce)
  	Notify(SharpMUSH.Library.Models.SharpPlayer: SharpMUSH.Library.Models.SharpPlayer, *System.String: -1*, <null>, Announce)
  	Notify(SharpMUSH.Library.Models.SharpPlayer: SharpMUSH.Library.Models.SharpPlayer, *System.String: -1*, <null>, Announce)
  	Notify(SharpMUSH.Library.Models.SharpPlayer: SharpMUSH.Library.Models.SharpPlayer, *System.String: -1*, <null>, Announce)
  	Notify(SharpMUSH.Library.Models.SharpPlayer: SharpMUSH.Library.Models.SharpPlayer, *System.String: -1*, <null>, Announce)
  	Notify(SharpMUSH.Library.Models.SharpPlayer: SharpMUSH.Library.Models.SharpPlayer, *System.String: -1*, <null>, Announce)
  	Notify(SharpMUSH.Library.Models.SharpPlayer: SharpMUSH.Library.Models.SharpPlayer, *System.String: -1*, <null>, Announce)
  	Notify(SharpMUSH.Library.Models.SharpPlayer: SharpMUSH.Library.Models.SharpPlayer, *System.String: -1*, <null>, Announce)
  	Notify(SharpMUSH.Library.Models.SharpPlayer: SharpMUSH.Library.Models.SharpPlayer, *System.String: -1*, <null>, Announce)
  	Notify(SharpMUSH.Library.Models.SharpPlayer: SharpMUSH.Library.Models.SharpPlayer, *System.String: -1*, <null>, Announce)
  	Notify(SharpMUSH.Library.Models.SharpPlayer: SharpMUSH.Library.Models.SharpPlayer, *System.String: -1*, <null>, Announce)
  	Notify(SharpMUSH.Library.Models.SharpPlayer: SharpMUSH.Library.Models.SharpPlayer, *System.String: -1*, <null>, Announce)
  	Notify(SharpMUSH.Library.Models.SharpPlayer: SharpMUSH.Library.Models.SharpPlayer, *System.String: -1*, <null>, Announce)
  	Notify(SharpMUSH.Library.Models.SharpPlayer: SharpMUSH.Library.Models.SharpPlayer, *System.String: -1*, <null>, Announce)
  	Notify(SharpMUSH.Library.Models.SharpPlayer: SharpMUSH.Library.Models.SharpPlayer, *System.String: -1*, <null>, Announce)
  	Notify(SharpMUSH.Library.Models.SharpPlayer: SharpMUSH.Library.Models.SharpPlayer, *System.String: -1*, <null>, Announce)
  	Notify(SharpMUSH.Library.Models.SharpPlayer: SharpMUSH.Library.Models.SharpPlayer, *System.String: -1*, <null>, Announce)
  	Notify(SharpMUSH.Library.Models.SharpPlayer: SharpMUSH.Library.Models.SharpPlayer, *System.String: -1*, <null>, Announce)
  	Notify(SharpMUSH.Library.Models.SharpPlayer: SharpMUSH.Library.Models.SharpPlayer, *System.String: -1*, <null>, Announce)
  	Notify(SharpMUSH.Library.Models.SharpPlayer: SharpMUSH.Library.Models.SharpPlayer, *System.String: -1*, <null>, Announce)
  	Notify(SharpMUSH.Library.Models.SharpPlayer: SharpMUSH.Library.Models.SharpPlayer, *System.String: -1*, <null>, Announce)
  	Notify(SharpMUSH.Library.Models.SharpPlayer: SharpMUSH.Library.Models.SharpPlayer, *System.String: -1*, <null>, Announce)
  	Notify(SharpMUSH.Library.Models.SharpPlayer: SharpMUSH.Library.Models.SharpPlayer, *System.String: -1*, <null>, Announce)
  	Notify(SharpMUSH.Library.Models.SharpPlayer: SharpMUSH.Library.Models.SharpPlayer, *System.String: -1*, <null>, Announce)
  	Notify(SharpMUSH.Library.Models.SharpPlayer: SharpMUSH.Library.Models.SharpPlayer, *System.String: -1*, <null>, Announce)
  	Notify(SharpMUSH.Library.Models.SharpPlayer: SharpMUSH.Library.Models.SharpPlayer, *System.String: -1*, <null>, Announce)
  	Notify(SharpMUSH.Library.Models.SharpPlayer: SharpMUSH.Library.Models.SharpPlayer, *System.String: -1*, <null>, Announce)
  	Notify(SharpMUSH.Library.Models.SharpPlayer: SharpMUSH.Library.Models.SharpPlayer, *System.String: -1*, <null>, Announce)
  	Notify(SharpMUSH.Library.Models.SharpPlayer: SharpMUSH.Library.Models.SharpPlayer, *System.String: -1*, <null>, Announce)
  	Notify(SharpMUSH.Library.Models.SharpPlayer: SharpMUSH.Library.Models.SharpPlayer, *System.String: -1*, <null>, Announce)
  	Notify(SharpMUSH.Library.Models.SharpPlayer: SharpMUSH.Library.Models.SharpPlayer, *System.String: -1*, <null>, Announce)
  	Notify(SharpMUSH.Library.Models.SharpPlayer: SharpMUSH.Library.Models.SharpPlayer, *System.String: -1*, <null>, Announce)
  	Notify(SharpMUSH.Library.Models.SharpPlayer: SharpMUSH.Library.Models.SharpPlayer, *System.String: -1*, <null>, Announce)
  	Notify(SharpMUSH.Library.Models.SharpPlayer: SharpMUSH.Library.Models.SharpPlayer, *System.String: -1*, <null>, Announce)
  	Notify(SharpMUSH.Library.Models.SharpPlayer: SharpMUSH.Library.Models.SharpPlayer, *System.String: -1*, <null>, Announce)
  	Notify(SharpMUSH.Library.Models.SharpPlayer: SharpMUSH.Library.Models.SharpPlayer, *System.String: -1*, <null>, Announce)
  	Notify(SharpMUSH.Library.Models.SharpPlayer: SharpMUSH.Library.Models.SharpPlayer, *System.String: -1*, <null>, Announce)
  	Notify(SharpMUSH.Library.Models.SharpPlayer: SharpMUSH.Library.Models.SharpPlayer, *System.String: -1*, <null>, Announce)
  	Notify(SharpMUSH.Library.Models.SharpPlayer: SharpMUSH.Library.Models.SharpPlayer, *System.String: -1*, <null>, Announce)
  	Notify(SharpMUSH.Library.Models.SharpPlayer: SharpMUSH.Library.Models.SharpPlayer, *System.String: -1*, <null>, Announce)
  	Notify(SharpMUSH.Library.Models.SharpPlayer: SharpMUSH.Library.Models.SharpPlayer, *System.String: -1*, <null>, Announce)
  	Notify(SharpMUSH.Library.Models.SharpPlayer: SharpMUSH.Library.Models.SharpPlayer, *System.String: -1*, <null>, Announce)
  	Notify(SharpMUSH.Library.Models.SharpPlayer: SharpMUSH.Library.Models.SharpPlayer, *System.String: -1*, <null>, Announce)
  	Notify(SharpMUSH.Library.Models.SharpPlayer: SharpMUSH.Library.Models.SharpPlayer, *System.String: -1*, <null>, Announce)
  	Notify(SharpMUSH.Library.Models.SharpPlayer: SharpMUSH.Library.Models.SharpPlayer, *System.String: -1*, <null>, Announce)
  	Notify(SharpMUSH.Library.Models.SharpPlayer: SharpMUSH.Library.Models.SharpPlayer, *System.String: -1*, <null>, Announce)
  	Notify(SharpMUSH.Library.Models.SharpPlayer: SharpMUSH.Library.Models.SharpPlayer, *System.String: -1*, <null>, Announce)
  	Notify(SharpMUSH.Library.Models.SharpPlayer: SharpMUSH.Library.Models.SharpPlayer, *System.String: -1*, <null>, Announce)
  	Notify(SharpMUSH.Library.Models.SharpPlayer: SharpMUSH.Library.Models.SharpPlayer, *System.String: -1*, <null>, Announce)
  	Notify(SharpMUSH.Library.Models.SharpPlayer: SharpMUSH.Library.Models.SharpPlayer, *System.String: -1*, <null>, Announce)
  	Notify(SharpMUSH.Library.Models.SharpPlayer: SharpMUSH.Library.Models.SharpPlayer, *System.String: -1*, <null>, Announce)
  	Notify(SharpMUSH.Library.Models.SharpPlayer: SharpMUSH.Library.Models.SharpPlayer, *System.String: -1*, <null>, Announce)
  	Notify(SharpMUSH.Library.Models.SharpPlayer: SharpMUSH.Library.Models.SharpPlayer, *System.String: -1*, <null>, Announce)
  	Notify(SharpMUSH.Library.Models.SharpPlayer: SharpMUSH.Library.Models.SharpPlayer, *System.String: -1*, <null>, Announce)
  	Notify(SharpMUSH.Library.Models.SharpPlayer: SharpMUSH.Library.Models.SharpPlayer, *System.String: -1*, <null>, Announce)
  	Notify(SharpMUSH.Library.Models.SharpPlayer: SharpMUSH.Library.Models.SharpPlayer, *System.String: -1*, <null>, Announce)
  	Notify(SharpMUSH.Library.Models.SharpPlayer: SharpMUSH.Library.Models.SharpPlayer, *System.String: -1*, <null>, Announce)
  	Notify(SharpMUSH.Library.Models.SharpPlayer: SharpMUSH.Library.Models.SharpPlayer, *System.String: -1*, <null>, Announce)
  	Notify(SharpMUSH.Library.Models.SharpPlayer: SharpMUSH.Library.Models.SharpPlayer, *System.String: -1*, <null>, Announce)
  	Notify(SharpMUSH.Library.Models.SharpPlayer: SharpMUSH.Library.Models.SharpPlayer, *System.String: -1*, <null>, Announce)
  	Notify(SharpMUSH.Library.Models.SharpPlayer: SharpMUSH.Library.Models.SharpPlayer, *System.String: -1*, <null>, Announce)
  	Notify(SharpMUSH.Library.Models.SharpPlayer: SharpMUSH.Library.Models.SharpPlayer, *System.String: -1*, <null>, Announce)
  	Notify(SharpMUSH.Library.Models.SharpPlayer: SharpMUSH.Library.Models.SharpPlayer, *System.String: -1*, <null>, Announce)
  	Notify(SharpMUSH.Library.Models.SharpPlayer: SharpMUSH.Library.Models.SharpPlayer, *System.String: -1*, <null>, Announce)
  	Notify(SharpMUSH.Library.Models.SharpPlayer: SharpMUSH.Library.Models.SharpPlayer, *System.String: -1*, <null>, Announce)
  	Notify(SharpMUSH.Library.Models.SharpPlayer: SharpMUSH.Library.Models.SharpPlayer, *System.String: -1*, <null>, Announce)
  	Notify(SharpMUSH.Library.Models.SharpPlayer: SharpMUSH.Library.Models.SharpPlayer, *System.String: -1*, <null>, Announce)
  	Notify(SharpMUSH.Library.Models.SharpPlayer: SharpMUSH.Library.Models.SharpPlayer, *System.String: -1*, <null>, Announce)
  	Notify(SharpMUSH.Library.Models.SharpPlayer: SharpMUSH.Library.Models.SharpPlayer, *System.String: -1*, <null>, Announce)
  	Notify(SharpMUSH.Library.Models.SharpPlayer: SharpMUSH.Library.Models.SharpPlayer, *System.String: -1*, <null>, Announce)
  	Notify(SharpMUSH.Library.Models.SharpPlayer: SharpMUSH.Library.Models.SharpPlayer, *System.String: -1*, <null>, Announce)
  	Notify(SharpMUSH.Library.Models.SharpPlayer: SharpMUSH.Library.Models.SharpPlayer, *System.String: -1*, <null>, Announce)
  	Notify(SharpMUSH.Library.Models.SharpPlayer: SharpMUSH.Library.Models.SharpPlayer, *System.String: -1*, <null>, Announce)
  	Notify(SharpMUSH.Library.Models.SharpPlayer: SharpMUSH.Library.Models.SharpPlayer, *System.String: -1*, <null>, Announce)
  	Notify(SharpMUSH.Library.Models.SharpPlayer: SharpMUSH.Library.Models.SharpPlayer, *System.String: -1*, <null>, Announce)
  	Notify(SharpMUSH.Library.Models.SharpPlayer: SharpMUSH.Library.Models.SharpPlayer, *System.String: -1*, <null>, Announce)
  	Notify(SharpMUSH.Library.Models.SharpPlayer: SharpMUSH.Library.Models.SharpPlayer, *System.String: -1*, <null>, Announce)
  	Notify(SharpMUSH.Library.Models.SharpPlayer: SharpMUSH.Library.Models.SharpPlayer, *System.String: -1*, <null>, Announce)
  	Notify(SharpMUSH.Library.Models.SharpPlayer: SharpMUSH.Library.Models.SharpPlayer, *System.String: -1*, <null>, Announce)
  	Notify(SharpMUSH.Library.Models.SharpPlayer: SharpMUSH.Library.Models.SharpPlayer, *System.String: -1*, <null>, Announce)
  	Notify(SharpMUSH.Library.Models.SharpPlayer: SharpMUSH.Library.Models.SharpPlayer, *System.String: -1*, <null>, Announce)
  	Notify(SharpMUSH.Library.Models.SharpPlayer: SharpMUSH.Library.Models.SharpPlayer, *System.String: -1*, <null>, Announce)
  	Notify(SharpMUSH.Library.Models.SharpPlayer: SharpMUSH.Library.Models.SharpPlayer, *System.String: -1*, <null>, Announce)
  	Notify(SharpMUSH.Library.Models.SharpPlayer: SharpMUSH.Library.Models.SharpPlayer, *System.String: -1*, <null>, Announce)
  	Notify(SharpMUSH.Library.Models.SharpPlayer: SharpMUSH.Library.Models.SharpPlayer, *System.String: -1*, <null>, Announce)
  	Notify(SharpMUSH.Library.Models.SharpPlayer: SharpMUSH.Library.Models.SharpPlayer, *System.String: -1*, <null>, Announce)
  	Notify(SharpMUSH.Library.Models.SharpPlayer: SharpMUSH.Library.Models.SharpPlayer, *System.String: -1*, <null>, Announce)
  	Notify(SharpMUSH.Library.Models.SharpPlayer: SharpMUSH.Library.Models.SharpPlayer, *System.String: -1*, <null>, Announce)
  	Notify(SharpMUSH.Library.Models.SharpPlayer: SharpMUSH.Library.Models.SharpPlayer, *System.String: -1*, <null>, Announce)
  	Notify(SharpMUSH.Library.Models.SharpPlayer: SharpMUSH.Library.Models.SharpPlayer, *System.String: -1*, <null>, Announce)
  	Notify(SharpMUSH.Library.Models.SharpPlayer: SharpMUSH.Library.Models.SharpPlayer, *System.String: -1*, <null>, Announce)
  	Notify(SharpMUSH.Library.Models.SharpPlayer: SharpMUSH.Library.Models.SharpPlayer, *System.String: -1*, <null>, Announce)
  	Notify(SharpMUSH.Library.Models.SharpPlayer: SharpMUSH.Library.Models.SharpPlayer, *System.String: -1*, <null>, Announce)
  	Notify(SharpMUSH.Library.Models.SharpPlayer: SharpMUSH.Library.Models.SharpPlayer, *System.String: -1*, <null>, Announce)
  	Notify(SharpMUSH.Library.Models.SharpPlayer: SharpMUSH.Library.Models.SharpPlayer, *System.String: -1*, <null>, Announce)
  	Notify(SharpMUSH.Library.Models.SharpPlayer: SharpMUSH.Library.Models.SharpPlayer, *System.String: -1*, <null>, Announce)
  	Notify(SharpMUSH.Library.Models.SharpPlayer: SharpMUSH.Library.Models.SharpPlayer, *System.String: -1*, <null>, Announce)
  	Notify(SharpMUSH.Library.Models.SharpPlayer: SharpMUSH.Library.Models.SharpPlayer, *System.String: -1*, <null>, Announce)
  	Notify(SharpMUSH.Library.Models.SharpPlayer: SharpMUSH.Library.Models.SharpPlayer, *System.String: -1*, <null>, Announce)
  	Notify(SharpMUSH.Library.Models.SharpPlayer: SharpMUSH.Library.Models.SharpPlayer, *System.String: -1*, <null>, Announce)
  	Notify(SharpMUSH.Library.Models.SharpPlayer: SharpMUSH.Library.Models.SharpPlayer, *System.String: -1*, <null>, Announce)
  	Notify(SharpMUSH.Library.Models.SharpPlayer: SharpMUSH.Library.Models.SharpPlayer, *System.String: -1*, <null>, Announce)
  	Notify(SharpMUSH.Library.Models.SharpPlayer: SharpMUSH.Library.Models.SharpPlayer, *System.String: -1*, <null>, Announce)
  	Notify(SharpMUSH.Library.Models.SharpPlayer: SharpMUSH.Library.Models.SharpPlayer, *System.String: -1*, <null>, Announce)
  	Notify(SharpMUSH.Library.Models.SharpPlayer: SharpMUSH.Library.Models.SharpPlayer, *System.String: -1*, <null>, Announce)
  	Notify(SharpMUSH.Library.Models.SharpPlayer: SharpMUSH.Library.Models.SharpPlayer, *System.String: -1*, <null>, Announce)
  	Notify(SharpMUSH.Library.Models.SharpPlayer: SharpMUSH.Library.Models.SharpPlayer, *System.String: -1*, <null>, Announce)
  	Notify(SharpMUSH.Library.Models.SharpPlayer: SharpMUSH.Library.Models.SharpPlayer, *System.String: -1*, <null>, Announce)
  	Notify(SharpMUSH.Library.Models.SharpPlayer: SharpMUSH.Library.Models.SharpPlayer, *System.String: -1*, <null>, Announce)
  	Notify(SharpMUSH.Library.Models.SharpPlayer: SharpMUSH.Library.Models.SharpPlayer, *System.String: -1*, <null>, Announce)
  	Notify(SharpMUSH.Library.Models.SharpPlayer: SharpMUSH.Library.Models.SharpPlayer, *System.String: -1*, <null>, Announce)
  	Notify(SharpMUSH.Library.Models.SharpPlayer: SharpMUSH.Library.Models.SharpPlayer, *System.String: -1*, <null>, Announce)
  	Notify(SharpMUSH.Library.Models.SharpPlayer: SharpMUSH.Library.Models.SharpPlayer, *System.String: -1*, <null>, Announce)
  	Notify(SharpMUSH.Library.Models.SharpPlayer: SharpMUSH.Library.Models.SharpPlayer, *System.String: -1*, <null>, Announce)
  	Notify(SharpMUSH.Library.Models.SharpPlayer: SharpMUSH.Library.Models.SharpPlayer, *System.String: -1*, <null>, Announce)
  	Notify(SharpMUSH.Library.Models.SharpPlayer: SharpMUSH.Library.Models.SharpPlayer, *System.String: -1*, <null>, Announce)
  	Notify(SharpMUSH.Library.Models.SharpPlayer: SharpMUSH.Library.Models.SharpPlayer, *System.String: -1*, <null>, Announce)
  	Notify(SharpMUSH.Library.Models.SharpPlayer: SharpMUSH.Library.Models.SharpPlayer, *System.String: -1*, <null>, Announce)
  	Notify(SharpMUSH.Library.Models.SharpPlayer: SharpMUSH.Library.Models.SharpPlayer, *System.String: -1*, <null>, Announce)
  	Notify(SharpMUSH.Library.Models.SharpPlayer: SharpMUSH.Library.Models.SharpPlayer, *System.String: -1*, <null>, Announce)
  	Notify(SharpMUSH.Library.Models.SharpPlayer: SharpMUSH.Library.Models.SharpPlayer, *System.String: -1*, <null>, Announce)
  	Notify(SharpMUSH.Library.Models.SharpPlayer: SharpMUSH.Library.Models.SharpPlayer, *System.String: -1*, <null>, Announce)
  	Notify(SharpMUSH.Library.Models.SharpPlayer: SharpMUSH.Library.Models.SharpPlayer, *System.String: -1*, <null>, Announce)
  	Notify(SharpMUSH.Library.Models.SharpPlayer: SharpMUSH.Library.Models.SharpPlayer, *System.String: -1*, <null>, Announce)
  	Notify(SharpMUSH.Library.Models.SharpPlayer: SharpMUSH.Library.Models.SharpPlayer, *System.String: -1*, <null>, Announce)
  	Notify(SharpMUSH.Library.Models.SharpPlayer: SharpMUSH.Library.Models.SharpPlayer, *System.String: -1*, <null>, Announce)
  	Notify(SharpMUSH.Library.Models.SharpPlayer: SharpMUSH.Library.Models.SharpPlayer, *System.String: -1*, <null>, Announce)
  	Notify(SharpMUSH.Library.Models.SharpPlayer: SharpMUSH.Library.Models.SharpPlayer, *System.String: -1*, <null>, Announce)
  	Notify(SharpMUSH.Library.Models.SharpPlayer: SharpMUSH.Library.Models.SharpPlayer, *System.String: -1*, <null>, Announce)
  	Notify(SharpMUSH.Library.Models.SharpPlayer: SharpMUSH.Library.Models.SharpPlayer, *System.String: -1*, <null>, Announce)
  	Notify(SharpMUSH.Library.Models.SharpPlayer: SharpMUSH.Library.Models.SharpPlayer, *System.String: -1*, <null>, Announce)
  	Notify(SharpMUSH.Library.Models.SharpPlayer: SharpMUSH.Library.Models.SharpPlayer, *System.String: -1*, <null>, Announce)
  	Notify(SharpMUSH.Library.Models.SharpPlayer: SharpMUSH.Library.Models.SharpPlayer, *System.String: -1*, <null>, Announce)
  	Notify(SharpMUSH.Library.Models.SharpPlayer: SharpMUSH.Library.Models.SharpPlayer, *System.String: -1*, <null>, Announce)
  	Notify(SharpMUSH.Library.Models.SharpPlayer: SharpMUSH.Library.Models.SharpPlayer, *System.String: -1*, <null>, Announce)
  	Notify(SharpMUSH.Library.Models.SharpPlayer: SharpMUSH.Library.Models.SharpPlayer, *System.String: -1*, <null>, Announce)
  	Notify(SharpMUSH.Library.Models.SharpPlayer: SharpMUSH.Library.Models.SharpPlayer, *System.String: -1*, <null>, Announce)
  	Notify(SharpMUSH.Library.Models.SharpPlayer: SharpMUSH.Library.Models.SharpPlayer, *System.String: -1*, <null>, Announce)
  	Notify(SharpMUSH.Library.Models.SharpPlayer: SharpMUSH.Library.Models.SharpPlayer, *System.String: -1*, <null>, Announce)
  	Notify(SharpMUSH.Library.Models.SharpPlayer: SharpMUSH.Library.Models.SharpPlayer, *System.String: -1*, <null>, Announce)
  	Notify(SharpMUSH.Library.Models.SharpPlayer: SharpMUSH.Library.Models.SharpPlayer, *System.String: -1*, <null>, Announce)
  	Notify(SharpMUSH.Library.Models.SharpPlayer: SharpMUSH.Library.Models.SharpPlayer, *System.String: -1*, <null>, Announce)
  	Notify(SharpMUSH.Library.Models.SharpPlayer: SharpMUSH.Library.Models.SharpPlayer, *System.String: -1*, <null>, Announce)
  	Notify(SharpMUSH.Library.Models.SharpPlayer: SharpMUSH.Library.Models.SharpPlayer, *System.String: -1*, <null>, Announce)
  	Notify(SharpMUSH.Library.Models.SharpPlayer: SharpMUSH.Library.Models.SharpPlayer, *System.String: -1*, <null>, Announce)
  	Notify(SharpMUSH.Library.Models.SharpPlayer: SharpMUSH.Library.Models.SharpPlayer, *System.String: -1*, <null>, Announce)
  	Notify(SharpMUSH.Library.Models.SharpPlayer: SharpMUSH.Library.Models.SharpPlayer, *System.String: -1*, <null>, Announce)
  	Notify(SharpMUSH.Library.Models.SharpPlayer: SharpMUSH.Library.Models.SharpPlayer, *System.String: -1*, <null>, Announce)
  	Notify(SharpMUSH.Library.Models.SharpPlayer: SharpMUSH.Library.Models.SharpPlayer, *System.String: -1*, <null>, Announce)
  	Notify(SharpMUSH.Library.Models.SharpPlayer: SharpMUSH.Library.Models.SharpPlayer, *System.String: -1*, <null>, Announce)
  	Notify(SharpMUSH.Library.Models.SharpPlayer: SharpMUSH.Library.Models.SharpPlayer, *System.String: -1*, <null>, Announce)
  	Notify(SharpMUSH.Library.Models.SharpPlayer: SharpMUSH.Library.Models.SharpPlayer, *System.String: -1*, <null>, Announce)
  	Notify(SharpMUSH.Library.Models.SharpPlayer: SharpMUSH.Library.Models.SharpPlayer, *System.String: -1*, <null>, Announce)
  	Notify(SharpMUSH.Library.Models.SharpPlayer: SharpMUSH.Library.Models.SharpPlayer, *System.String: -1*, <null>, Announce)
  	Notify(SharpMUSH.Library.Models.SharpPlayer: SharpMUSH.Library.Models.SharpPlayer, *System.String: -1*, <null>, Announce)
  	Notify(SharpMUSH.Library.Models.SharpPlayer: SharpMUSH.Library.Models.SharpPlayer, *System.String: -1*, <null>, Announce)
  	Notify(SharpMUSH.Library.Models.SharpPlayer: SharpMUSH.Library.Models.SharpPlayer, *System.String: -1*, <null>, Announce)
  	Notify(SharpMUSH.Library.Models.SharpPlayer: SharpMUSH.Library.Models.SharpPlayer, *System.String: -1*, <null>, Announce)
  	Notify(SharpMUSH.Library.Models.SharpPlayer: SharpMUSH.Library.Models.SharpPlayer, *System.String: -1*, <null>, Announce)
  	Notify(SharpMUSH.Library.Models.SharpPlayer: SharpMUSH.Library.Models.SharpPlayer, *System.String: -1*, <null>, Announce)
  	Notify(SharpMUSH.Library.Models.SharpPlayer: SharpMUSH.Library.Models.SharpPlayer, *System.String: -1*, <null>, Announce)
  	Notify(SharpMUSH.Library.Models.SharpPlayer: SharpMUSH.Library.Models.SharpPlayer, *System.String: -1*, <null>, Announce)
  	Notify(SharpMUSH.Library.Models.SharpPlayer: SharpMUSH.Library.Models.SharpPlayer, *System.String: -1*, <null>, Announce)
  	Notify(SharpMUSH.Library.Models.SharpPlayer: SharpMUSH.Library.Models.SharpPlayer, *System.String: -1*, <null>, Announce)
  	Notify(SharpMUSH.Library.Models.SharpPlayer: SharpMUSH.Library.Models.SharpPlayer, *System.String: -1*, <null>, Announce)
  	Notify(SharpMUSH.Library.Models.SharpPlayer: SharpMUSH.Library.Models.SharpPlayer, *System.String: -1*, <null>, Announce)
  	Notify(SharpMUSH.Library.Models.SharpPlayer: SharpMUSH.Library.Models.SharpPlayer, *System.String: -1*, <null>, Announce)
  	Notify(SharpMUSH.Library.Models.SharpPlayer: SharpMUSH.Library.Models.SharpPlayer, *System.String: -1*, <null>, Announce)
  	Notify(SharpMUSH.Library.Models.SharpPlayer: SharpMUSH.Library.Models.SharpPlayer, *System.String: -1*, <null>, Announce)
  	Notify(SharpMUSH.Library.Models.SharpPlayer: SharpMUSH.Library.Models.SharpPlayer, *System.String: -1*, <null>, Announce)
  	Notify(SharpMUSH.Library.Models.SharpPlayer: SharpMUSH.Library.Models.SharpPlayer, *System.String: -1*, <null>, Announce)
  	Notify(SharpMUSH.Library.Models.SharpPlayer: SharpMUSH.Library.Models.SharpPlayer, *System.String: -1*, <null>, Announce)
  	Notify(SharpMUSH.Library.Models.SharpPlayer: SharpMUSH.Library.Models.SharpPlayer, *System.String: -1*, <null>, Announce)
  	Notify(SharpMUSH.Library.Models.SharpPlayer: SharpMUSH.Library.Models.SharpPlayer, *System.String: -1*, <null>, Announce)
  	Notify(SharpMUSH.Library.Models.SharpPlayer: SharpMUSH.Library.Models.SharpPlayer, *System.String: -1*, <null>, Announce)
  	Notify(SharpMUSH.Library.Models.SharpPlayer: SharpMUSH.Library.Models.SharpPlayer, *System.String: -1*, <null>, Announce)
  	Notify(SharpMUSH.Library.Models.SharpPlayer: SharpMUSH.Library.Models.SharpPlayer, *System.String: -1*, <null>, Announce)
  	Notify(SharpMUSH.Library.Models.SharpPlayer: SharpMUSH.Library.Models.SharpPlayer, *System.String: -1*, <null>, Announce)
  	Notify(SharpMUSH.Library.Models.SharpPlayer: SharpMUSH.Library.Models.SharpPlayer, *System.String: -1*, <null>, Announce)
  	Notify(SharpMUSH.Library.Models.SharpPlayer: SharpMUSH.Library.Models.SharpPlayer, *System.String: -1*, <null>, Announce)
  	Notify(SharpMUSH.Library.Models.SharpPlayer: SharpMUSH.Library.Models.SharpPlayer, *System.String: -1*, <null>, Announce)
  	Notify(SharpMUSH.Library.Models.SharpPlayer: SharpMUSH.Library.Models.SharpPlayer, *System.String: -1*, <null>, Announce)
  	Notify(SharpMUSH.Library.Models.SharpPlayer: SharpMUSH.Library.Models.SharpPlayer, *System.String: -1*, <null>, Announce)
  	Notify(SharpMUSH.Library.Models.SharpPlayer: SharpMUSH.Library.Models.SharpPlayer, *System.String: -1*, <null>, Announce)
  	Notify(SharpMUSH.Library.Models.SharpPlayer: SharpMUSH.Library.Models.SharpPlayer, *System.String: -1*, <null>, Announce)
  	Notify(SharpMUSH.Library.Models.SharpPlayer: SharpMUSH.Library.Models.SharpPlayer, *System.String: -1*, <null>, Announce)
  	Notify(SharpMUSH.Library.Models.SharpPlayer: SharpMUSH.Library.Models.SharpPlayer, *System.String: -1*, <null>, Announce)
  	Notify(SharpMUSH.Library.Models.SharpPlayer: SharpMUSH.Library.Models.SharpPlayer, *System.String: -1*, <null>, Announce)
  	Notify(SharpMUSH.Library.Models.SharpPlayer: SharpMUSH.Library.Models.SharpPlayer, *System.String: -1*, <null>, Announce)
  	Notify(SharpMUSH.Library.Models.SharpPlayer: SharpMUSH.Library.Models.SharpPlayer, *System.String: -1*, <null>, Announce)
  	Notify(SharpMUSH.Library.Models.SharpPlayer: SharpMUSH.Library.Models.SharpPlayer, *System.String: -1*, <null>, Announce)
  	Notify(SharpMUSH.Library.Models.SharpPlayer: SharpMUSH.Library.Models.SharpPlayer, *System.String: -1*, <null>, Announce)
  	Notify(SharpMUSH.Library.Models.SharpPlayer: SharpMUSH.Library.Models.SharpPlayer, *System.String: -1*, <null>, Announce)
  	Notify(SharpMUSH.Library.Models.SharpPlayer: SharpMUSH.Library.Models.SharpPlayer, *System.String: -1*, <null>, Announce)
  	Notify(SharpMUSH.Library.Models.SharpPlayer: SharpMUSH.Library.Models.SharpPlayer, *System.String: -1*, <null>, Announce)
  	Notify(SharpMUSH.Library.Models.SharpPlayer: SharpMUSH.Library.Models.SharpPlayer, *System.String: -1*, <null>, Announce)
  	Notify(SharpMUSH.Library.Models.SharpPlayer: SharpMUSH.Library.Models.SharpPlayer, *System.String: -1*, <null>, Announce)
  	Notify(SharpMUSH.Library.Models.SharpPlayer: SharpMUSH.Library.Models.SharpPlayer, *System.String: -1*, <null>, Announce)
  	Notify(SharpMUSH.Library.Models.SharpPlayer: SharpMUSH.Library.Models.SharpPlayer, *System.String: -1*, <null>, Announce)
  	Notify(SharpMUSH.Library.Models.SharpPlayer: SharpMUSH.Library.Models.SharpPlayer, *System.String: -1*, <null>, Announce)
  	Notify(SharpMUSH.Library.Models.SharpPlayer: SharpMUSH.Library.Models.SharpPlayer, *System.String: -1*, <null>, Announce)
  	Notify(SharpMUSH.Library.Models.SharpPlayer: SharpMUSH.Library.Models.SharpPlayer, *System.String: -1*, <null>, Announce)
  	Notify(SharpMUSH.Library.Models.SharpPlayer: SharpMUSH.Library.Models.SharpPlayer, *System.String: -1*, <null>, Announce)
  	Notify(SharpMUSH.Library.Models.SharpPlayer: SharpMUSH.Library.Models.SharpPlayer, *System.String: -1*, <null>, Announce)
  	Notify(SharpMUSH.Library.Models.SharpPlayer: SharpMUSH.Library.Models.SharpPlayer, *System.String: -1*, <null>, Announce)
  	Notify(SharpMUSH.Library.Models.SharpPlayer: SharpMUSH.Library.Models.SharpPlayer, *System.String: -1*, <null>, Announce)
  	Notify(SharpMUSH.Library.Models.SharpPlayer: SharpMUSH.Library.Models.SharpPlayer, *System.String: -1*, <null>, Announce)
  	Notify(SharpMUSH.Library.Models.SharpPlayer: SharpMUSH.Library.Models.SharpPlayer, *System.String: -1*, <null>, Announce)
  	Notify(SharpMUSH.Library.Models.SharpPlayer: SharpMUSH.Library.Models.SharpPlayer, *System.String: -1*, <null>, Announce)
  	Notify(SharpMUSH.Library.Models.SharpPlayer: SharpMUSH.Library.Models.SharpPlayer, *System.String: -1*, <null>, Announce)
  	Notify(SharpMUSH.Library.Models.SharpPlayer: SharpMUSH.Library.Models.SharpPlayer, *System.String: -1*, <null>, Announce)
  	Notify(SharpMUSH.Library.Models.SharpPlayer: SharpMUSH.Library.Models.SharpPlayer, *System.String: -1*, <null>, Announce)
  	Notify(SharpMUSH.Library.Models.SharpPlayer: SharpMUSH.Library.Models.SharpPlayer, *System.String: -1*, <null>, Announce)
  	Notify(SharpMUSH.Library.Models.SharpPlayer: SharpMUSH.Library.Models.SharpPlayer, *System.String: -1*, <null>, Announce)
  	Notify(SharpMUSH.Library.Models.SharpPlayer: SharpMUSH.Library.Models.SharpPlayer, *System.String: -1*, <null>, Announce)
  	Notify(SharpMUSH.Library.Models.SharpPlayer: SharpMUSH.Library.Models.SharpPlayer, *System.String: -1*, <null>, Announce)
  	Notify(SharpMUSH.Library.Models.SharpPlayer: SharpMUSH.Library.Models.SharpPlayer, *System.String: -1*, <null>, Announce)
  	Notify(SharpMUSH.Library.Models.SharpPlayer: SharpMUSH.Library.Models.SharpPlayer, *System.String: -1*, <null>, Announce)
  	Notify(SharpMUSH.Library.Models.SharpPlayer: SharpMUSH.Library.Models.SharpPlayer, *System.String: -1*, <null>, Announce)
  	Notify(SharpMUSH.Library.Models.SharpPlayer: SharpMUSH.Library.Models.SharpPlayer, *System.String: -1*, <null>, Announce)
  	Notify(SharpMUSH.Library.Models.SharpPlayer: SharpMUSH.Library.Models.SharpPlayer, *System.String: -1*, <null>, Announce)
  	Notify(SharpMUSH.Library.Models.SharpPlayer: SharpMUSH.Library.Models.SharpPlayer, *System.String: -1*, <null>, Announce)
  	Notify(SharpMUSH.Library.Models.SharpPlayer: SharpMUSH.Library.Models.SharpPlayer, *System.String: -1*, <null>, Announce)
  	Notify(SharpMUSH.Library.Models.SharpPlayer: SharpMUSH.Library.Models.SharpPlayer, *System.String: -1*, <null>, Announce)
  	Notify(SharpMUSH.Library.Models.SharpPlayer: SharpMUSH.Library.Models.SharpPlayer, *System.String: -1*, <null>, Announce)
  	Notify(SharpMUSH.Library.Models.SharpPlayer: SharpMUSH.Library.Models.SharpPlayer, *System.String: -1*, <null>, Announce)
  	Notify(SharpMUSH.Library.Models.SharpPlayer: SharpMUSH.Library.Models.SharpPlayer, *System.String: -1*, <null>, Announce)
  	Notify(SharpMUSH.Library.Models.SharpPlayer: SharpMUSH.Library.Models.SharpPlayer, *System.String: -1*, <null>, Announce)
  	Notify(SharpMUSH.Library.Models.SharpPlayer: SharpMUSH.Library.Models.SharpPlayer, *System.String: -1*, <null>, Announce)
  	Notify(SharpMUSH.Library.Models.SharpPlayer: SharpMUSH.Library.Models.SharpPlayer, *System.String: -1*, <null>, Announce)
  	Notify(SharpMUSH.Library.Models.SharpPlayer: SharpMUSH.Library.Models.SharpPlayer, *System.String: -1*, <null>, Announce)
  	Notify(SharpMUSH.Library.Models.SharpPlayer: SharpMUSH.Library.Models.SharpPlayer, *System.String: -1*, <null>, Announce)
  	Notify(SharpMUSH.Library.Models.SharpPlayer: SharpMUSH.Library.Models.SharpPlayer, *System.String: -1*, <null>, Announce)
  	Notify(SharpMUSH.Library.Models.SharpPlayer: SharpMUSH.Library.Models.SharpPlayer, *System.String: -1*, <null>, Announce)
  	Notify(SharpMUSH.Library.Models.SharpPlayer: SharpMUSH.Library.Models.SharpPlayer, *System.String: -1*, <null>, Announce)
  	Notify(SharpMUSH.Library.Models.SharpPlayer: SharpMUSH.Library.Models.SharpPlayer, *System.String: -1*, <null>, Announce)
  	Notify(SharpMUSH.Library.Models.SharpPlayer: SharpMUSH.Library.Models.SharpPlayer, *System.String: -1*, <null>, Announce)
  	Notify(SharpMUSH.Library.Models.SharpPlayer: SharpMUSH.Library.Models.SharpPlayer, *System.String: -1*, <null>, Announce)
  	Notify(SharpMUSH.Library.Models.SharpPlayer: SharpMUSH.Library.Models.SharpPlayer, *System.String: -1*, <null>, Announce)
  	Notify(SharpMUSH.Library.Models.SharpPlayer: SharpMUSH.Library.Models.SharpPlayer, *System.String: -1*, <null>, Announce)
  	Notify(SharpMUSH.Library.Models.SharpPlayer: SharpMUSH.Library.Models.SharpPlayer, *System.String: -1*, <null>, Announce)
  	Notify(SharpMUSH.Library.Models.SharpPlayer: SharpMUSH.Library.Models.SharpPlayer, *System.String: -1*, <null>, Announce)
  	Notify(SharpMUSH.Library.Models.SharpPlayer: SharpMUSH.Library.Models.SharpPlayer, *System.String: -1*, <null>, Announce)
  	Notify(SharpMUSH.Library.Models.SharpPlayer: SharpMUSH.Library.Models.SharpPlayer, *System.String: -1*, <null>, Announce)
  	Notify(SharpMUSH.Library.Models.SharpPlayer: SharpMUSH.Library.Models.SharpPlayer, *System.String: -1*, <null>, Announce)
  	Notify(SharpMUSH.Library.Models.SharpPlayer: SharpMUSH.Library.Models.SharpPlayer, *System.String: -1*, <null>, Announce)
  	Notify(SharpMUSH.Library.Models.SharpPlayer: SharpMUSH.Library.Models.SharpPlayer, *System.String: -1*, <null>, Announce)
  	Notify(SharpMUSH.Library.Models.SharpPlayer: SharpMUSH.Library.Models.SharpPlayer, *System.String: -1*, <null>, Announce)
  	Notify(SharpMUSH.Library.Models.SharpPlayer: SharpMUSH.Library.Models.SharpPlayer, *System.String: -1*, <null>, Announce)
  	Notify(SharpMUSH.Library.Models.SharpPlayer: SharpMUSH.Library.Models.SharpPlayer, *System.String: -1*, <null>, Announce)
  	Notify(SharpMUSH.Library.Models.SharpPlayer: SharpMUSH.Library.Models.SharpPlayer, *System.String: -1*, <null>, Announce)
  	Notify(SharpMUSH.Library.Models.SharpPlayer: SharpMUSH.Library.Models.SharpPlayer, *System.String: -1*, <null>, Announce)
  	Notify(SharpMUSH.Library.Models.SharpPlayer: SharpMUSH.Library.Models.SharpPlayer, *System.String: -1*, <null>, Announce)
  	Notify(SharpMUSH.Library.Models.SharpPlayer: SharpMUSH.Library.Models.SharpPlayer, *System.String: -1*, <null>, Announce)
  	Notify(SharpMUSH.Library.Models.SharpPlayer: SharpMUSH.Library.Models.SharpPlayer, *System.String: -1*, <null>, Announce)
  	Notify(SharpMUSH.Library.Models.SharpPlayer: SharpMUSH.Library.Models.SharpPlayer, *System.String: -1*, <null>, Announce)
  	Notify(SharpMUSH.Library.Models.SharpPlayer: SharpMUSH.Library.Models.SharpPlayer, *System.String: -1*, <null>, Announce)
  	Notify(SharpMUSH.Library.Models.SharpPlayer: SharpMUSH.Library.Models.SharpPlayer, *System.String: -1*, <null>, Announce)
  	Notify(SharpMUSH.Library.Models.SharpPlayer: SharpMUSH.Library.Models.SharpPlayer, *System.String: -1*, <null>, Announce)
  	Notify(SharpMUSH.Library.Models.SharpPlayer: SharpMUSH.Library.Models.SharpPlayer, *System.String: -1*, <null>, Announce)
  	Notify(SharpMUSH.Library.Models.SharpPlayer: SharpMUSH.Library.Models.SharpPlayer, *System.String: -1*, <null>, Announce)
  	Notify(SharpMUSH.Library.Models.SharpPlayer: SharpMUSH.Library.Models.SharpPlayer, *System.String: -1*, <null>, Announce)
  	Notify(SharpMUSH.Library.Models.SharpPlayer: SharpMUSH.Library.Models.SharpPlayer, *System.String: -1*, <null>, Announce)
  	Notify(SharpMUSH.Library.Models.SharpPlayer: SharpMUSH.Library.Models.SharpPlayer, *System.String: -1*, <null>, Announce)
  	Notify(SharpMUSH.Library.Models.SharpPlayer: SharpMUSH.Library.Models.SharpPlayer, *System.String: -1*, <null>, Announce)
  	Notify(SharpMUSH.Library.Models.SharpPlayer: SharpMUSH.Library.Models.SharpPlayer, *System.String: -1*, <null>, Announce)
  	Notify(SharpMUSH.Library.Models.SharpPlayer: SharpMUSH.Library.Models.SharpPlayer, *System.String: -1*, <null>, Announce)
  	Notify(SharpMUSH.Library.Models.SharpPlayer: SharpMUSH.Library.Models.SharpPlayer, *System.String: -1*, <null>, Announce)
  	Notify(SharpMUSH.Library.Models.SharpPlayer: SharpMUSH.Library.Models.SharpPlayer, *System.String: -1*, <null>, Announce)
  	Notify(SharpMUSH.Library.Models.SharpPlayer: SharpMUSH.Library.Models.SharpPlayer, *System.String: -1*, <null>, Announce)
  	Notify(SharpMUSH.Library.Models.SharpPlayer: SharpMUSH.Library.Models.SharpPlayer, *System.String: -1*, <null>, Announce)
  	Notify(SharpMUSH.Library.Models.SharpPlayer: SharpMUSH.Library.Models.SharpPlayer, *System.String: -1*, <null>, Announce)
  	Notify(SharpMUSH.Library.Models.SharpPlayer: SharpMUSH.Library.Models.SharpPlayer, *System.String: -1*, <null>, Announce)
  	Notify(SharpMUSH.Library.Models.SharpPlayer: SharpMUSH.Library.Models.SharpPlayer, *System.String: -1*, <null>, Announce)
  	Notify(SharpMUSH.Library.Models.SharpPlayer: SharpMUSH.Library.Models.SharpPlayer, *System.String: -1*, <null>, Announce)
  	Notify(SharpMUSH.Library.Models.SharpPlayer: SharpMUSH.Library.Models.SharpPlayer, *System.String: -1*, <null>, Announce)
  	Notify(SharpMUSH.Library.Models.SharpPlayer: SharpMUSH.Library.Models.SharpPlayer, *System.String: -1*, <null>, Announce)
  	Notify(SharpMUSH.Library.Models.SharpPlayer: SharpMUSH.Library.Models.SharpPlayer, *System.String: -1*, <null>, Announce)
  	Notify(SharpMUSH.Library.Models.SharpPlayer: SharpMUSH.Library.Models.SharpPlayer, *System.String: -1*, <null>, Announce)
  	Notify(SharpMUSH.Library.Models.SharpPlayer: SharpMUSH.Library.Models.SharpPlayer, *System.String: -1*, <null>, Announce)
  	Notify(SharpMUSH.Library.Models.SharpPlayer: SharpMUSH.Library.Models.SharpPlayer, *System.String: -1*, <null>, Announce)
  	Notify(SharpMUSH.Library.Models.SharpPlayer: SharpMUSH.Library.Models.SharpPlayer, *System.String: -1*, <null>, Announce)
  	Notify(SharpMUSH.Library.Models.SharpPlayer: SharpMUSH.Library.Models.SharpPlayer, *System.String: -1*, <null>, Announce)
  	Notify(SharpMUSH.Library.Models.SharpPlayer: SharpMUSH.Library.Models.SharpPlayer, *System.String: -1*, <null>, Announce)
  	Notify(SharpMUSH.Library.Models.SharpPlayer: SharpMUSH.Library.Models.SharpPlayer, *System.String: -1*, <null>, Announce)
  	Notify(SharpMUSH.Library.Models.SharpPlayer: SharpMUSH.Library.Models.SharpPlayer, *System.String: -1*, <null>, Announce)
  	Notify(SharpMUSH.Library.Models.SharpPlayer: SharpMUSH.Library.Models.SharpPlayer, *System.String: -1*, <null>, Announce)
  	Notify(SharpMUSH.Library.Models.SharpPlayer: SharpMUSH.Library.Models.SharpPlayer, *System.String: -1*, <null>, Announce)
  	Notify(SharpMUSH.Library.Models.SharpPlayer: SharpMUSH.Library.Models.SharpPlayer, *System.String: -1*, <null>, Announce)
  	Notify(SharpMUSH.Library.Models.SharpPlayer: SharpMUSH.Library.Models.SharpPlayer, *System.String: -1*, <null>, Announce)
  	Notify(SharpMUSH.Library.Models.SharpPlayer: SharpMUSH.Library.Models.SharpPlayer, *System.String: -1*, <null>, Announce)
  	Notify(SharpMUSH.Library.Models.SharpPlayer: SharpMUSH.Library.Models.SharpPlayer, *System.String: -1*, <null>, Announce)
  	Notify(SharpMUSH.Library.Models.SharpPlayer: SharpMUSH.Library.Models.SharpPlayer, *System.String: -1*, <null>, Announce)
  	Notify(SharpMUSH.Library.Models.SharpPlayer: SharpMUSH.Library.Models.SharpPlayer, *System.String: -1*, <null>, Announce)
  	Notify(SharpMUSH.Library.Models.SharpPlayer: SharpMUSH.Library.Models.SharpPlayer, *System.String: -1*, <null>, Announce)
  	Notify(SharpMUSH.Library.Models.SharpPlayer: SharpMUSH.Library.Models.SharpPlayer, *System.String: -1*, <null>, Announce)
  	Notify(SharpMUSH.Library.Models.SharpPlayer: SharpMUSH.Library.Models.SharpPlayer, *System.String: -1*, <null>, Announce)
  	Notify(SharpMUSH.Library.Models.SharpPlayer: SharpMUSH.Library.Models.SharpPlayer, *System.String: -1*, <null>, Announce)
  	Notify(SharpMUSH.Library.Models.SharpPlayer: SharpMUSH.Library.Models.SharpPlayer, *System.String: -1*, <null>, Announce)
  	Notify(SharpMUSH.Library.Models.SharpPlayer: SharpMUSH.Library.Models.SharpPlayer, *System.String: -1*, <null>, Announce)
  	Notify(SharpMUSH.Library.Models.SharpPlayer: SharpMUSH.Library.Models.SharpPlayer, *System.String: -1*, <null>, Announce)
  	Notify(SharpMUSH.Library.Models.SharpPlayer: SharpMUSH.Library.Models.SharpPlayer, *System.String: -1*, <null>, Announce)
  	Notify(SharpMUSH.Library.Models.SharpPlayer: SharpMUSH.Library.Models.SharpPlayer, *System.String: -1*, <null>, Announce)
  	Notify(SharpMUSH.Library.Models.SharpPlayer: SharpMUSH.Library.Models.SharpPlayer, *System.String: -1*, <null>, Announce)
  	Notify(SharpMUSH.Library.Models.SharpPlayer: SharpMUSH.Library.Models.SharpPlayer, *System.String: -1*, <null>, Announce)
  	Notify(SharpMUSH.Library.Models.SharpPlayer: SharpMUSH.Library.Models.SharpPlayer, *System.String: -1*, <null>, Announce)
  	Notify(SharpMUSH.Library.Models.SharpPlayer: SharpMUSH.Library.Models.SharpPlayer, *System.String: -1*, <null>, Announce)
  	Notify(SharpMUSH.Library.Models.SharpPlayer: SharpMUSH.Library.Models.SharpPlayer, *System.String: -1*, <null>, Announce)
  	Notify(SharpMUSH.Library.Models.SharpPlayer: SharpMUSH.Library.Models.SharpPlayer, *System.String: -1*, <null>, Announce)
  	Notify(SharpMUSH.Library.Models.SharpPlayer: SharpMUSH.Library.Models.SharpPlayer, *System.String: -1*, <null>, Announce)
  	Notify(SharpMUSH.Library.Models.SharpPlayer: SharpMUSH.Library.Models.SharpPlayer, *System.String: -1*, <null>, Announce)
  	Notify(SharpMUSH.Library.Models.SharpPlayer: SharpMUSH.Library.Models.SharpPlayer, *System.String: -1*, <null>, Announce)
  	Notify(SharpMUSH.Library.Models.SharpPlayer: SharpMUSH.Library.Models.SharpPlayer, *System.String: -1*, <null>, Announce)
  	Notify(SharpMUSH.Library.Models.SharpPlayer: SharpMUSH.Library.Models.SharpPlayer, *System.String: -1*, <null>, Announce)
  	Notify(SharpMUSH.Library.Models.SharpPlayer: SharpMUSH.Library.Models.SharpPlayer, *System.String: -1*, <null>, Announce)
  	Notify(SharpMUSH.Library.Models.SharpPlayer: SharpMUSH.Library.Models.SharpPlayer, *System.String: -1*, <null>, Announce)
  	Notify(SharpMUSH.Library.Models.SharpPlayer: SharpMUSH.Library.Models.SharpPlayer, *System.String: -1*, <null>, Announce)
  	Notify(SharpMUSH.Library.Models.SharpPlayer: SharpMUSH.Library.Models.SharpPlayer, *System.String: -1*, <null>, Announce)
  	Notify(SharpMUSH.Library.Models.SharpPlayer: SharpMUSH.Library.Models.SharpPlayer, *System.String: -1*, <null>, Announce)
  	Notify(SharpMUSH.Library.Models.SharpPlayer: SharpMUSH.Library.Models.SharpPlayer, *System.String: -1*, <null>, Announce)
  	Notify(SharpMUSH.Library.Models.SharpPlayer: SharpMUSH.Library.Models.SharpPlayer, *System.String: -1*, <null>, Announce)
  	Notify(SharpMUSH.Library.Models.SharpPlayer: SharpMUSH.Library.Models.SharpPlayer, *System.String: -1*, <null>, Announce)
  	Notify(SharpMUSH.Library.Models.SharpPlayer: SharpMUSH.Library.Models.SharpPlayer, *System.String: -1*, <null>, Announce)
  	Notify(SharpMUSH.Library.Models.SharpPlayer: SharpMUSH.Library.Models.SharpPlayer, *System.String: -1*, <null>, Announce)
  	Notify(SharpMUSH.Library.Models.SharpPlayer: SharpMUSH.Library.Models.SharpPlayer, *System.String: -1*, <null>, Announce)
  	Notify(SharpMUSH.Library.Models.SharpPlayer: SharpMUSH.Library.Models.SharpPlayer, *System.String: -1*, <null>, Announce)
  	Notify(SharpMUSH.Library.Models.SharpPlayer: SharpMUSH.Library.Models.SharpPlayer, *System.String: -1*, <null>, Announce)
  	Notify(SharpMUSH.Library.Models.SharpPlayer: SharpMUSH.Library.Models.SharpPlayer, *System.String: -1*, <null>, Announce)
  	Notify(SharpMUSH.Library.Models.SharpPlayer: SharpMUSH.Library.Models.SharpPlayer, *System.String: -1*, <null>, Announce)
  	Notify(SharpMUSH.Library.Models.SharpPlayer: SharpMUSH.Library.Models.SharpPlayer, *System.String: -1*, <null>, Announce)
  	Notify(SharpMUSH.Library.Models.SharpPlayer: SharpMUSH.Library.Models.SharpPlayer, *System.String: -1*, <null>, Announce)
  	Notify(SharpMUSH.Library.Models.SharpPlayer: SharpMUSH.Library.Models.SharpPlayer, *System.String: -1*, <null>, Announce)
  	Notify(SharpMUSH.Library.Models.SharpPlayer: SharpMUSH.Library.Models.SharpPlayer, *System.String: -1*, <null>, Announce)
  	Notify(SharpMUSH.Library.Models.SharpPlayer: SharpMUSH.Library.Models.SharpPlayer, *System.String: -1*, <null>, Announce)
  	Notify(SharpMUSH.Library.Models.SharpPlayer: SharpMUSH.Library.Models.SharpPlayer, *System.String: -1*, <null>, Announce)
  	Notify(SharpMUSH.Library.Models.SharpPlayer: SharpMUSH.Library.Models.SharpPlayer, *System.String: -1*, <null>, Announce)
  	Notify(SharpMUSH.Library.Models.SharpPlayer: SharpMUSH.Library.Models.SharpPlayer, *System.String: -1*, <null>, Announce)
  	Notify(SharpMUSH.Library.Models.SharpPlayer: SharpMUSH.Library.Models.SharpPlayer, *System.String: -1*, <null>, Announce)
  	Notify(SharpMUSH.Library.Models.SharpPlayer: SharpMUSH.Library.Models.SharpPlayer, *System.String: -1*, <null>, Announce)
  	Notify(SharpMUSH.Library.Models.SharpPlayer: SharpMUSH.Library.Models.SharpPlayer, *System.String: -1*, <null>, Announce)
  	Notify(SharpMUSH.Library.Models.SharpPlayer: SharpMUSH.Library.Models.SharpPlayer, *System.String: -1*, <null>, Announce)
  	Notify(SharpMUSH.Library.Models.SharpPlayer: SharpMUSH.Library.Models.SharpPlayer, *System.String: -1*, <null>, Announce)
  	Notify(SharpMUSH.Library.Models.SharpPlayer: SharpMUSH.Library.Models.SharpPlayer, *System.String: -1*, <null>, Announce)
  	Notify(SharpMUSH.Library.Models.SharpPlayer: SharpMUSH.Library.Models.SharpPlayer, *System.String: -1*, <null>, Announce)
  	Notify(SharpMUSH.Library.Models.SharpPlayer: SharpMUSH.Library.Models.SharpPlayer, *System.String: -1*, <null>, Announce)
  	Notify(SharpMUSH.Library.Models.SharpPlayer: SharpMUSH.Library.Models.SharpPlayer, *System.String: -1*, <null>, Announce)
  	Notify(SharpMUSH.Library.Models.SharpPlayer: SharpMUSH.Library.Models.SharpPlayer, *System.String: -1*, <null>, Announce)
  	Notify(SharpMUSH.Library.Models.SharpPlayer: SharpMUSH.Library.Models.SharpPlayer, *System.String: -1*, <null>, Announce)
  	Notify(SharpMUSH.Library.Models.SharpPlayer: SharpMUSH.Library.Models.SharpPlayer, *System.String: -1*, <null>, Announce)
  	Notify(SharpMUSH.Library.Models.SharpPlayer: SharpMUSH.Library.Models.SharpPlayer, *System.String: -1*, <null>, Announce)
  	Notify(SharpMUSH.Library.Models.SharpPlayer: SharpMUSH.Library.Models.SharpPlayer, *System.String: -1*, <null>, Announce)
  	Notify(SharpMUSH.Library.Models.SharpPlayer: SharpMUSH.Library.Models.SharpPlayer, *System.String: -1*, <null>, Announce)
  	Notify(SharpMUSH.Library.Models.SharpPlayer: SharpMUSH.Library.Models.SharpPlayer, *System.String: -1*, <null>, Announce)
  	Notify(SharpMUSH.Library.Models.SharpPlayer: SharpMUSH.Library.Models.SharpPlayer, *System.String: -1*, <null>, Announce)
  	Notify(SharpMUSH.Library.Models.SharpPlayer: SharpMUSH.Library.Models.SharpPlayer, *System.String: -1*, <null>, Announce)
  	Notify(SharpMUSH.Library.Models.SharpPlayer: SharpMUSH.Library.Models.SharpPlayer, *System.String: -1*, <null>, Announce)
  	Notify(SharpMUSH.Library.Models.SharpPlayer: SharpMUSH.Library.Models.SharpPlayer, *System.String: -1*, <null>, Announce)
  	Notify(SharpMUSH.Library.Models.SharpPlayer: SharpMUSH.Library.Models.SharpPlayer, *System.String: -1*, <null>, Announce)
  	Notify(SharpMUSH.Library.Models.SharpPlayer: SharpMUSH.Library.Models.SharpPlayer, *System.String: -1*, <null>, Announce)
  	Notify(SharpMUSH.Library.Models.SharpPlayer: SharpMUSH.Library.Models.SharpPlayer, *System.String: -1*, <null>, Announce)
  	Notify(SharpMUSH.Library.Models.SharpPlayer: SharpMUSH.Library.Models.SharpPlayer, *System.String: -1*, <null>, Announce)
  	Notify(SharpMUSH.Library.Models.SharpPlayer: SharpMUSH.Library.Models.SharpPlayer, *System.String: -1*, <null>, Announce)
  	Notify(SharpMUSH.Library.Models.SharpPlayer: SharpMUSH.Library.Models.SharpPlayer, *System.String: -1*, <null>, Announce)
  	Notify(SharpMUSH.Library.Models.SharpPlayer: SharpMUSH.Library.Models.SharpPlayer, *System.String: -1*, <null>, Announce)
  	Notify(SharpMUSH.Library.Models.SharpPlayer: SharpMUSH.Library.Models.SharpPlayer, *System.String: -1*, <null>, Announce)
  	Notify(SharpMUSH.Library.Models.SharpPlayer: SharpMUSH.Library.Models.SharpPlayer, *System.String: -1*, <null>, Announce)
  	Notify(SharpMUSH.Library.Models.SharpPlayer: SharpMUSH.Library.Models.SharpPlayer, *System.String: -1*, <null>, Announce)
  	Notify(SharpMUSH.Library.Models.SharpPlayer: SharpMUSH.Library.Models.SharpPlayer, *System.String: -1*, <null>, Announce)
  	Notify(SharpMUSH.Library.Models.SharpPlayer: SharpMUSH.Library.Models.SharpPlayer, *System.String: -1*, <null>, Announce)
  	Notify(SharpMUSH.Library.Models.SharpPlayer: SharpMUSH.Library.Models.SharpPlayer, *System.String: -1*, <null>, Announce)
  	Notify(SharpMUSH.Library.Models.SharpPlayer: SharpMUSH.Library.Models.SharpPlayer, *System.String: -1*, <null>, Announce)
  	Notify(SharpMUSH.Library.Models.SharpPlayer: SharpMUSH.Library.Models.SharpPlayer, *System.String: -1*, <null>, Announce)
  	Notify(SharpMUSH.Library.Models.SharpPlayer: SharpMUSH.Library.Models.SharpPlayer, *System.String: -1*, <null>, Announce)
  	Notify(SharpMUSH.Library.Models.SharpPlayer: SharpMUSH.Library.Models.SharpPlayer, *System.String: -1*, <null>, Announce)
  	Notify(SharpMUSH.Library.Models.SharpPlayer: SharpMUSH.Library.Models.SharpPlayer, *System.String: -1*, <null>, Announce)
  	Notify(SharpMUSH.Library.Models.SharpPlayer: SharpMUSH.Library.Models.SharpPlayer, *System.String: -1*, <null>, Announce)
  	Notify(SharpMUSH.Library.Models.SharpPlayer: SharpMUSH.Library.Models.SharpPlayer, *System.String: -1*, <null>, Announce)
  	Notify(SharpMUSH.Library.Models.SharpPlayer: SharpMUSH.Library.Models.SharpPlayer, *System.String: -1*, <null>, Announce)
  	Notify(SharpMUSH.Library.Models.SharpPlayer: SharpMUSH.Library.Models.SharpPlayer, *System.String: -1*, <null>, Announce)
  	Notify(SharpMUSH.Library.Models.SharpPlayer: SharpMUSH.Library.Models.SharpPlayer, *System.String: -1*, <null>, Announce)
  	Notify(SharpMUSH.Library.Models.SharpPlayer: SharpMUSH.Library.Models.SharpPlayer, *System.String: -1*, <null>, Announce)
  	Notify(SharpMUSH.Library.Models.SharpPlayer: SharpMUSH.Library.Models.SharpPlayer, *System.String: -1*, <null>, Announce)
  	Notify(SharpMUSH.Library.Models.SharpPlayer: SharpMUSH.Library.Models.SharpPlayer, *System.String: -1*, <null>, Announce)
  	Notify(SharpMUSH.Library.Models.SharpPlayer: SharpMUSH.Library.Models.SharpPlayer, *System.String: -1*, <null>, Announce)
  	Notify(SharpMUSH.Library.Models.SharpPlayer: SharpMUSH.Library.Models.SharpPlayer, *System.String: -1*, <null>, Announce)
  	Notify(SharpMUSH.Library.Models.SharpPlayer: SharpMUSH.Library.Models.SharpPlayer, *System.String: -1*, <null>, Announce)
  	Notify(SharpMUSH.Library.Models.SharpPlayer: SharpMUSH.Library.Models.SharpPlayer, *System.String: -1*, <null>, Announce)
  	Notify(SharpMUSH.Library.Models.SharpPlayer: SharpMUSH.Library.Models.SharpPlayer, *System.String: -1*, <null>, Announce)
  	Notify(SharpMUSH.Library.Models.SharpPlayer: SharpMUSH.Library.Models.SharpPlayer, *System.String: -1*, <null>, Announce)
  	Notify(SharpMUSH.Library.Models.SharpPlayer: SharpMUSH.Library.Models.SharpPlayer, *System.String: -1*, <null>, Announce)
  	Notify(SharpMUSH.Library.Models.SharpPlayer: SharpMUSH.Library.Models.SharpPlayer, *System.String: -1*, <null>, Announce)
  	Notify(SharpMUSH.Library.Models.SharpPlayer: SharpMUSH.Library.Models.SharpPlayer, *System.String: -1*, <null>, Announce)
  	Notify(SharpMUSH.Library.Models.SharpPlayer: SharpMUSH.Library.Models.SharpPlayer, *System.String: -1*, <null>, Announce)
  	Notify(SharpMUSH.Library.Models.SharpPlayer: SharpMUSH.Library.Models.SharpPlayer, *System.String: -1*, <null>, Announce)
  	Notify(SharpMUSH.Library.Models.SharpPlayer: SharpMUSH.Library.Models.SharpPlayer, *System.String: -1*, <null>, Announce)
  	Notify(SharpMUSH.Library.Models.SharpPlayer: SharpMUSH.Library.Models.SharpPlayer, *System.String: -1*, <null>, Announce)
  	Notify(SharpMUSH.Library.Models.SharpPlayer: SharpMUSH.Library.Models.SharpPlayer, *System.String: -1*, <null>, Announce)
  	Notify(SharpMUSH.Library.Models.SharpPlayer: SharpMUSH.Library.Models.SharpPlayer, *System.String: -1*, <null>, Announce)
  	Notify(SharpMUSH.Library.Models.SharpPlayer: SharpMUSH.Library.Models.SharpPlayer, *System.String: -1*, <null>, Announce)
  	Notify(SharpMUSH.Library.Models.SharpPlayer: SharpMUSH.Library.Models.SharpPlayer, *System.String: -1*, <null>, Announce)
  	Notify(SharpMUSH.Library.Models.SharpPlayer: SharpMUSH.Library.Models.SharpPlayer, *System.String: -1*, <null>, Announce)
  	Notify(SharpMUSH.Library.Models.SharpPlayer: SharpMUSH.Library.Models.SharpPlayer, *System.String: -1*, <null>, Announce)
  	Notify(SharpMUSH.Library.Models.SharpPlayer: SharpMUSH.Library.Models.SharpPlayer, *System.String: -1*, <null>, Announce)
  	Notify(SharpMUSH.Library.Models.SharpPlayer: SharpMUSH.Library.Models.SharpPlayer, *System.String: -1*, <null>, Announce)
  	Notify(SharpMUSH.Library.Models.SharpPlayer: SharpMUSH.Library.Models.SharpPlayer, *System.String: -1*, <null>, Announce)
  	Notify(SharpMUSH.Library.Models.SharpPlayer: SharpMUSH.Library.Models.SharpPlayer, *System.String: -1*, <null>, Announce)
  	Notify(SharpMUSH.Library.Models.SharpPlayer: SharpMUSH.Library.Models.SharpPlayer, *System.String: -1*, <null>, Announce)
  	Notify(SharpMUSH.Library.Models.SharpPlayer: SharpMUSH.Library.Models.SharpPlayer, *System.String: -1*, <null>, Announce)
  	Notify(SharpMUSH.Library.Models.SharpPlayer: SharpMUSH.Library.Models.SharpPlayer, *System.String: -1*, <null>, Announce)
  	Notify(SharpMUSH.Library.Models.SharpPlayer: SharpMUSH.Library.Models.SharpPlayer, *System.String: -1*, <null>, Announce)
  	Notify(SharpMUSH.Library.Models.SharpPlayer: SharpMUSH.Library.Models.SharpPlayer, *System.String: -1*, <null>, Announce)
  	Notify(SharpMUSH.Library.Models.SharpPlayer: SharpMUSH.Library.Models.SharpPlayer, *System.String: -1*, <null>, Announce)
  	Notify(SharpMUSH.Library.Models.SharpPlayer: SharpMUSH.Library.Models.SharpPlayer, *System.String: -1*, <null>, Announce)
  	Notify(SharpMUSH.Library.Models.SharpPlayer: SharpMUSH.Library.Models.SharpPlayer, *System.String: -1*, <null>, Announce)
  	Notify(SharpMUSH.Library.Models.SharpPlayer: SharpMUSH.Library.Models.SharpPlayer, *System.String: -1*, <null>, Announce)
  	Notify(SharpMUSH.Library.Models.SharpPlayer: SharpMUSH.Library.Models.SharpPlayer, *System.String: -1*, <null>, Announce)
  	Notify(SharpMUSH.Library.Models.SharpPlayer: SharpMUSH.Library.Models.SharpPlayer, *System.String: -1*, <null>, Announce)
  	Notify(SharpMUSH.Library.Models.SharpPlayer: SharpMUSH.Library.Models.SharpPlayer, *System.String: -1*, <null>, Announce)
  	Notify(SharpMUSH.Library.Models.SharpPlayer: SharpMUSH.Library.Models.SharpPlayer, *System.String: -1*, <null>, Announce)
  	Notify(SharpMUSH.Library.Models.SharpPlayer: SharpMUSH.Library.Models.SharpPlayer, *System.String: -1*, <null>, Announce)
  	Notify(SharpMUSH.Library.Models.SharpPlayer: SharpMUSH.Library.Models.SharpPlayer, *System.String: -1*, <null>, Announce)
  	Notify(SharpMUSH.Library.Models.SharpPlayer: SharpMUSH.Library.Models.SharpPlayer, *System.String: -1*, <null>, Announce)
  	Notify(SharpMUSH.Library.Models.SharpPlayer: SharpMUSH.Library.Models.SharpPlayer, *System.String: -1*, <null>, Announce)
  	Notify(SharpMUSH.Library.Models.SharpPlayer: SharpMUSH.Library.Models.SharpPlayer, *System.String: -1*, <null>, Announce)
  	Notify(SharpMUSH.Library.Models.SharpPlayer: SharpMUSH.Library.Models.SharpPlayer, *System.String: -1*, <null>, Announce)
  	Notify(SharpMUSH.Library.Models.SharpPlayer: SharpMUSH.Library.Models.SharpPlayer, *System.String: -1*, <null>, Announce)
  	Notify(SharpMUSH.Library.Models.SharpPlayer: SharpMUSH.Library.Models.SharpPlayer, *System.String: -1*, <null>, Announce)
  	Notify(SharpMUSH.Library.Models.SharpPlayer: SharpMUSH.Library.Models.SharpPlayer, *System.String: -1*, <null>, Announce)
  	Notify(SharpMUSH.Library.Models.SharpPlayer: SharpMUSH.Library.Models.SharpPlayer, *System.String: -1*, <null>, Announce)
  	Notify(SharpMUSH.Library.Models.SharpPlayer: SharpMUSH.Library.Models.SharpPlayer, *System.String: -1*, <null>, Announce)
  	Notify(SharpMUSH.Library.Models.SharpPlayer: SharpMUSH.Library.Models.SharpPlayer, *System.String: -1*, <null>, Announce)
  	Notify(SharpMUSH.Library.Models.SharpPlayer: SharpMUSH.Library.Models.SharpPlayer, *System.String: -1*, <null>, Announce)
  	Notify(SharpMUSH.Library.Models.SharpPlayer: SharpMUSH.Library.Models.SharpPlayer, *System.String: -1*, <null>, Announce)
  	Notify(SharpMUSH.Library.Models.SharpPlayer: SharpMUSH.Library.Models.SharpPlayer, *System.String: -1*, <null>, Announce)
  	Notify(SharpMUSH.Library.Models.SharpPlayer: SharpMUSH.Library.Models.SharpPlayer, *System.String: -1*, <null>, Announce)
  	Notify(SharpMUSH.Library.Models.SharpPlayer: SharpMUSH.Library.Models.SharpPlayer, *System.String: -1*, <null>, Announce)
  	Notify(SharpMUSH.Library.Models.SharpPlayer: SharpMUSH.Library.Models.SharpPlayer, *System.String: -1*, <null>, Announce)
  	Notify(SharpMUSH.Library.Models.SharpPlayer: SharpMUSH.Library.Models.SharpPlayer, *System.String: -1*, <null>, Announce)
  	Notify(SharpMUSH.Library.Models.SharpPlayer: SharpMUSH.Library.Models.SharpPlayer, *System.String: -1*, <null>, Announce)
  	Notify(SharpMUSH.Library.Models.SharpPlayer: SharpMUSH.Library.Models.SharpPlayer, *System.String: -1*, <null>, Announce)
  	Notify(SharpMUSH.Library.Models.SharpPlayer: SharpMUSH.Library.Models.SharpPlayer, *System.String: -1*, <null>, Announce)
  	Notify(SharpMUSH.Library.Models.SharpPlayer: SharpMUSH.Library.Models.SharpPlayer, *System.String: -1*, <null>, Announce)
  	Notify(SharpMUSH.Library.Models.SharpPlayer: SharpMUSH.Library.Models.SharpPlayer, *System.String: -1*, <null>, Announce)
  	Notify(SharpMUSH.Library.Models.SharpPlayer: SharpMUSH.Library.Models.SharpPlayer, *System.String: -1*, <null>, Announce)
  	Notify(SharpMUSH.Library.Models.SharpPlayer: SharpMUSH.Library.Models.SharpPlayer, *System.String: -1*, <null>, Announce)
  	Notify(SharpMUSH.Library.Models.SharpPlayer: SharpMUSH.Library.Models.SharpPlayer, *System.String: -1*, <null>, Announce)
  	Notify(SharpMUSH.Library.Models.SharpPlayer: SharpMUSH.Library.Models.SharpPlayer, *System.String: -1*, <null>, Announce)
  	Notify(SharpMUSH.Library.Models.SharpPlayer: SharpMUSH.Library.Models.SharpPlayer, *System.String: -1*, <null>, Announce)
  	Notify(SharpMUSH.Library.Models.SharpPlayer: SharpMUSH.Library.Models.SharpPlayer, *System.String: -1*, <null>, Announce)
  	Notify(SharpMUSH.Library.Models.SharpPlayer: SharpMUSH.Library.Models.SharpPlayer, *System.String: -1*, <null>, Announce)
  	Notify(SharpMUSH.Library.Models.SharpPlayer: SharpMUSH.Library.Models.SharpPlayer, *System.String: -1*, <null>, Announce)
  	Notify(SharpMUSH.Library.Models.SharpPlayer: SharpMUSH.Library.Models.SharpPlayer, *System.String: -1*, <null>, Announce)
  	Notify(SharpMUSH.Library.Models.SharpPlayer: SharpMUSH.Library.Models.SharpPlayer, *System.String: -1*, <null>, Announce)
  	Notify(SharpMUSH.Library.Models.SharpPlayer: SharpMUSH.Library.Models.SharpPlayer, *System.String: -1*, <null>, Announce)
  	Notify(SharpMUSH.Library.Models.SharpPlayer: SharpMUSH.Library.Models.SharpPlayer, *System.String: -1*, <null>, Announce)
  	Notify(SharpMUSH.Library.Models.SharpPlayer: SharpMUSH.Library.Models.SharpPlayer, *System.String: -1*, <null>, Announce)
  	Notify(SharpMUSH.Library.Models.SharpPlayer: SharpMUSH.Library.Models.SharpPlayer, *System.String: -1*, <null>, Announce)
  	Notify(SharpMUSH.Library.Models.SharpPlayer: SharpMUSH.Library.Models.SharpPlayer, *System.String: -1*, <null>, Announce)
  	Notify(SharpMUSH.Library.Models.SharpPlayer: SharpMUSH.Library.Models.SharpPlayer, *System.String: -1*, <null>, Announce)
  	Notify(SharpMUSH.Library.Models.SharpPlayer: SharpMUSH.Library.Models.SharpPlayer, *System.String: -1*, <null>, Announce)
  	Notify(SharpMUSH.Library.Models.SharpPlayer: SharpMUSH.Library.Models.SharpPlayer, *System.String: -1*, <null>, Announce)
  	Notify(SharpMUSH.Library.Models.SharpPlayer: SharpMUSH.Library.Models.SharpPlayer, *System.String: -1*, <null>, Announce)
  	Notify(SharpMUSH.Library.Models.SharpPlayer: SharpMUSH.Library.Models.SharpPlayer, *System.String: -1*, <null>, Announce)
  	Notify(SharpMUSH.Library.Models.SharpPlayer: SharpMUSH.Library.Models.SharpPlayer, *System.String: -1*, <null>, Announce)
  	Notify(SharpMUSH.Library.Models.SharpPlayer: SharpMUSH.Library.Models.SharpPlayer, *System.String: -1*, <null>, Announce)
  	Notify(SharpMUSH.Library.Models.SharpPlayer: SharpMUSH.Library.Models.SharpPlayer, *System.String: -1*, <null>, Announce)
  	Notify(SharpMUSH.Library.Models.SharpPlayer: SharpMUSH.Library.Models.SharpPlayer, *System.String: -1*, <null>, Announce)
  	Notify(SharpMUSH.Library.Models.SharpPlayer: SharpMUSH.Library.Models.SharpPlayer, *System.String: -1*, <null>, Announce)
  	Notify(SharpMUSH.Library.Models.SharpPlayer: SharpMUSH.Library.Models.SharpPlayer, *System.String: -1*, <null>, Announce)
  	Notify(SharpMUSH.Library.Models.SharpPlayer: SharpMUSH.Library.Models.SharpPlayer, *System.String: -1*, <null>, Announce)
  	Notify(SharpMUSH.Library.Models.SharpPlayer: SharpMUSH.Library.Models.SharpPlayer, *System.String: -1*, <null>, Announce)
  	Notify(SharpMUSH.Library.Models.SharpPlayer: SharpMUSH.Library.Models.SharpPlayer, *System.String: -1*, <null>, Announce)
  	Notify(SharpMUSH.Library.Models.SharpPlayer: SharpMUSH.Library.Models.SharpPlayer, *System.String: -1*, <null>, Announce)
  	Notify(SharpMUSH.Library.Models.SharpPlayer: SharpMUSH.Library.Models.SharpPlayer, *System.String: -1*, <null>, Announce)
  	Notify(SharpMUSH.Library.Models.SharpPlayer: SharpMUSH.Library.Models.SharpPlayer, *System.String: -1*, <null>, Announce)
  	Notify(SharpMUSH.Library.Models.SharpPlayer: SharpMUSH.Library.Models.SharpPlayer, *System.String: -1*, <null>, Announce)
  	Notify(SharpMUSH.Library.Models.SharpPlayer: SharpMUSH.Library.Models.SharpPlayer, *System.String: -1*, <null>, Announce)
  	Notify(SharpMUSH.Library.Models.SharpPlayer: SharpMUSH.Library.Models.SharpPlayer, *System.String: -1*, <null>, Announce)
  	Notify(SharpMUSH.Library.Models.SharpPlayer: SharpMUSH.Library.Models.SharpPlayer, *System.String: -1*, <null>, Announce)
  	Notify(SharpMUSH.Library.Models.SharpPlayer: SharpMUSH.Library.Models.SharpPlayer, *System.String: -1*, <null>, Announce)
  	Notify(SharpMUSH.Library.Models.SharpPlayer: SharpMUSH.Library.Models.SharpPlayer, *System.String: -1*, <null>, Announce)
  	Notify(SharpMUSH.Library.Models.SharpPlayer: SharpMUSH.Library.Models.SharpPlayer, *System.String: -1*, <null>, Announce)
  	Notify(SharpMUSH.Library.Models.SharpPlayer: SharpMUSH.Library.Models.SharpPlayer, *System.String: -1*, <null>, Announce)
  	Notify(SharpMUSH.Library.Models.SharpPlayer: SharpMUSH.Library.Models.SharpPlayer, *System.String: -1*, <null>, Announce)
  	Notify(SharpMUSH.Library.Models.SharpPlayer: SharpMUSH.Library.Models.SharpPlayer, *System.String: -1*, <null>, Announce)
  	Notify(SharpMUSH.Library.Models.SharpPlayer: SharpMUSH.Library.Models.SharpPlayer, *System.String: -1*, <null>, Announce)
  	Notify(SharpMUSH.Library.Models.SharpPlayer: SharpMUSH.Library.Models.SharpPlayer, *System.String: -1*, <null>, Announce)
  	Notify(SharpMUSH.Library.Models.SharpPlayer: SharpMUSH.Library.Models.SharpPlayer, *System.String: -1*, <null>, Announce)
  	Notify(SharpMUSH.Library.Models.SharpPlayer: SharpMUSH.Library.Models.SharpPlayer, *System.String: -1*, <null>, Announce)
  	Notify(SharpMUSH.Library.Models.SharpPlayer: SharpMUSH.Library.Models.SharpPlayer, *System.String: -1*, <null>, Announce)
  	Notify(SharpMUSH.Library.Models.SharpPlayer: SharpMUSH.Library.Models.SharpPlayer, *System.String: -1*, <null>, Announce)
  	Notify(SharpMUSH.Library.Models.SharpPlayer: SharpMUSH.Library.Models.SharpPlayer, *System.String: -1*, <null>, Announce)
  	Notify(SharpMUSH.Library.Models.SharpPlayer: SharpMUSH.Library.Models.SharpPlayer, *System.String: -1*, <null>, Announce)
  	Notify(SharpMUSH.Library.Models.SharpPlayer: SharpMUSH.Library.Models.SharpPlayer, *System.String: -1*, <null>, Announce)
  	Notify(SharpMUSH.Library.Models.SharpPlayer: SharpMUSH.Library.Models.SharpPlayer, *System.String: -1*, <null>, Announce)
  	Notify(SharpMUSH.Library.Models.SharpPlayer: SharpMUSH.Library.Models.SharpPlayer, *System.String: -1*, <null>, Announce)
  	Notify(SharpMUSH.Library.Models.SharpPlayer: SharpMUSH.Library.Models.SharpPlayer, *System.String: -1*, <null>, Announce)
  	Notify(SharpMUSH.Library.Models.SharpPlayer: SharpMUSH.Library.Models.SharpPlayer, *System.String: -1*, <null>, Announce)
  	Notify(SharpMUSH.Library.Models.SharpPlayer: SharpMUSH.Library.Models.SharpPlayer, *System.String: -1*, <null>, Announce)
  	Notify(SharpMUSH.Library.Models.SharpPlayer: SharpMUSH.Library.Models.SharpPlayer, *System.String: -1*, <null>, Announce)
  	Notify(SharpMUSH.Library.Models.SharpPlayer: SharpMUSH.Library.Models.SharpPlayer, *System.String: -1*, <null>, Announce)
  	Notify(SharpMUSH.Library.Models.SharpPlayer: SharpMUSH.Library.Models.SharpPlayer, *System.String: -1*, <null>, Announce)
  	Notify(SharpMUSH.Library.Models.SharpPlayer: SharpMUSH.Library.Models.SharpPlayer, *System.String: -1*, <null>, Announce)
  	Notify(SharpMUSH.Library.Models.SharpPlayer: SharpMUSH.Library.Models.SharpPlayer, *System.String: -1*, <null>, Announce)
  	Notify(SharpMUSH.Library.Models.SharpPlayer: SharpMUSH.Library.Models.SharpPlayer, *System.String: -1*, <null>, Announce)
  	Notify(SharpMUSH.Library.Models.SharpPlayer: SharpMUSH.Library.Models.SharpPlayer, *System.String: -1*, <null>, Announce)
  	Notify(SharpMUSH.Library.Models.SharpPlayer: SharpMUSH.Library.Models.SharpPlayer, *System.String: -1*, <null>, Announce)
  	Notify(SharpMUSH.Library.Models.SharpPlayer: SharpMUSH.Library.Models.SharpPlayer, *System.String: -1*, <null>, Announce)
  	Notify(SharpMUSH.Library.Models.SharpPlayer: SharpMUSH.Library.Models.SharpPlayer, *System.String: -1*, <null>, Announce)
  	Notify(SharpMUSH.Library.Models.SharpPlayer: SharpMUSH.Library.Models.SharpPlayer, *System.String: -1*, <null>, Announce)
  	Notify(SharpMUSH.Library.Models.SharpPlayer: SharpMUSH.Library.Models.SharpPlayer, *System.String: -1*, <null>, Announce)
  	Notify(SharpMUSH.Library.Models.SharpPlayer: SharpMUSH.Library.Models.SharpPlayer, *System.String: -1*, <null>, Announce)
  	Notify(SharpMUSH.Library.Models.SharpPlayer: SharpMUSH.Library.Models.SharpPlayer, *System.String: -1*, <null>, Announce)
  	Notify(SharpMUSH.Library.Models.SharpPlayer: SharpMUSH.Library.Models.SharpPlayer, *System.String: -1*, <null>, Announce)
  	Notify(SharpMUSH.Library.Models.SharpPlayer: SharpMUSH.Library.Models.SharpPlayer, *System.String: -1*, <null>, Announce)
  	Notify(SharpMUSH.Library.Models.SharpPlayer: SharpMUSH.Library.Models.SharpPlayer, *System.String: -1*, <null>, Announce)
  	Notify(SharpMUSH.Library.Models.SharpPlayer: SharpMUSH.Library.Models.SharpPlayer, *System.String: -1*, <null>, Announce)
  	Notify(SharpMUSH.Library.Models.SharpPlayer: SharpMUSH.Library.Models.SharpPlayer, *System.String: -1*, <null>, Announce)
  	Notify(SharpMUSH.Library.Models.SharpPlayer: SharpMUSH.Library.Models.SharpPlayer, *System.String: -1*, <null>, Announce)
  	Notify(SharpMUSH.Library.Models.SharpPlayer: SharpMUSH.Library.Models.SharpPlayer, *System.String: -1*, <null>, Announce)
  	Notify(SharpMUSH.Library.Models.SharpPlayer: SharpMUSH.Library.Models.SharpPlayer, *System.String: -1*, <null>, Announce)
  	Notify(SharpMUSH.Library.Models.SharpPlayer: SharpMUSH.Library.Models.SharpPlayer, *System.String: -1*, <null>, Announce)
  	Notify(SharpMUSH.Library.Models.SharpPlayer: SharpMUSH.Library.Models.SharpPlayer, *System.String: -1*, <null>, Announce)
  	Notify(SharpMUSH.Library.Models.SharpPlayer: SharpMUSH.Library.Models.SharpPlayer, *System.String: -1*, <null>, Announce)
  	Notify(SharpMUSH.Library.Models.SharpPlayer: SharpMUSH.Library.Models.SharpPlayer, *System.String: -1*, <null>, Announce)
  	Notify(SharpMUSH.Library.Models.SharpPlayer: SharpMUSH.Library.Models.SharpPlayer, *System.String: -1*, <null>, Announce)
  	Notify(SharpMUSH.Library.Models.SharpPlayer: SharpMUSH.Library.Models.SharpPlayer, *System.String: -1*, <null>, Announce)
  	Notify(SharpMUSH.Library.Models.SharpPlayer: SharpMUSH.Library.Models.SharpPlayer, *System.String: -1*, <null>, Announce)
  	Notify(SharpMUSH.Library.Models.SharpPlayer: SharpMUSH.Library.Models.SharpPlayer, *System.String: -1*, <null>, Announce)
  	Notify(SharpMUSH.Library.Models.SharpPlayer: SharpMUSH.Library.Models.SharpPlayer, *System.String: -1*, <null>, Announce)
  	Notify(SharpMUSH.Library.Models.SharpPlayer: SharpMUSH.Library.Models.SharpPlayer, *System.String: -1*, <null>, Announce)
  	Notify(SharpMUSH.Library.Models.SharpPlayer: SharpMUSH.Library.Models.SharpPlayer, *System.String: -1*, <null>, Announce)
  	Notify(SharpMUSH.Library.Models.SharpPlayer: SharpMUSH.Library.Models.SharpPlayer, *System.String: -1*, <null>, Announce)
  	Notify(SharpMUSH.Library.Models.SharpPlayer: SharpMUSH.Library.Models.SharpPlayer, *System.String: -1*, <null>, Announce)
  	Notify(SharpMUSH.Library.Models.SharpPlayer: SharpMUSH.Library.Models.SharpPlayer, *System.String: -1*, <null>, Announce)
  	Notify(SharpMUSH.Library.Models.SharpPlayer: SharpMUSH.Library.Models.SharpPlayer, *System.String: -1*, <null>, Announce)
  	Notify(SharpMUSH.Library.Models.SharpPlayer: SharpMUSH.Library.Models.SharpPlayer, *System.String: -1*, <null>, Announce)
  	Notify(SharpMUSH.Library.Models.SharpPlayer: SharpMUSH.Library.Models.SharpPlayer, *System.String: -1*, <null>, Announce)
  	Notify(SharpMUSH.Library.Models.SharpPlayer: SharpMUSH.Library.Models.SharpPlayer, *System.String: -1*, <null>, Announce)
  	Notify(SharpMUSH.Library.Models.SharpPlayer: SharpMUSH.Library.Models.SharpPlayer, *System.String: -1*, <null>, Announce)
  	Notify(SharpMUSH.Library.Models.SharpPlayer: SharpMUSH.Library.Models.SharpPlayer, *System.String: -1*, <null>, Announce)
  	Notify(SharpMUSH.Library.Models.SharpPlayer: SharpMUSH.Library.Models.SharpPlayer, *System.String: -1*, <null>, Announce)
  	Notify(SharpMUSH.Library.Models.SharpPlayer: SharpMUSH.Library.Models.SharpPlayer, *System.String: -1*, <null>, Announce)
  	Notify(SharpMUSH.Library.Models.SharpPlayer: SharpMUSH.Library.Models.SharpPlayer, *System.String: -1*, <null>, Announce)
  	Notify(SharpMUSH.Library.Models.SharpPlayer: SharpMUSH.Library.Models.SharpPlayer, *System.String: -1*, <null>, Announce)
  	Notify(SharpMUSH.Library.Models.SharpPlayer: SharpMUSH.Library.Models.SharpPlayer, *System.String: -1*, <null>, Announce)
  	Notify(SharpMUSH.Library.Models.SharpPlayer: SharpMUSH.Library.Models.SharpPlayer, *System.String: -1*, <null>, Announce)
  	Notify(SharpMUSH.Library.Models.SharpPlayer: SharpMUSH.Library.Models.SharpPlayer, *System.String: -1*, <null>, Announce)
  	Notify(SharpMUSH.Library.Models.SharpPlayer: SharpMUSH.Library.Models.SharpPlayer, *System.String: -1*, <null>, Announce)
  	Notify(SharpMUSH.Library.Models.SharpPlayer: SharpMUSH.Library.Models.SharpPlayer, *System.String: -1*, <null>, Announce)
  	Notify(SharpMUSH.Library.Models.SharpPlayer: SharpMUSH.Library.Models.SharpPlayer, *System.String: -1*, <null>, Announce)
  	Notify(SharpMUSH.Library.Models.SharpPlayer: SharpMUSH.Library.Models.SharpPlayer, *System.String: -1*, <null>, Announce)
  	Notify(SharpMUSH.Library.Models.SharpPlayer: SharpMUSH.Library.Models.SharpPlayer, *System.String: -1*, <null>, Announce)
  	Notify(SharpMUSH.Library.Models.SharpPlayer: SharpMUSH.Library.Models.SharpPlayer, *System.String: -1*, <null>, Announce)
  	Notify(SharpMUSH.Library.Models.SharpPlayer: SharpMUSH.Library.Models.SharpPlayer, *System.String: -1*, <null>, Announce)
  	Notify(SharpMUSH.Library.Models.SharpPlayer: SharpMUSH.Library.Models.SharpPlayer, *System.String: -1*, <null>, Announce)
  	Notify(SharpMUSH.Library.Models.SharpPlayer: SharpMUSH.Library.Models.SharpPlayer, *System.String: -1*, <null>, Announce)
  	Notify(SharpMUSH.Library.Models.SharpPlayer: SharpMUSH.Library.Models.SharpPlayer, *System.String: -1*, <null>, Announce)
  	Notify(SharpMUSH.Library.Models.SharpPlayer: SharpMUSH.Library.Models.SharpPlayer, *System.String: -1*, <null>, Announce)
  	Notify(SharpMUSH.Library.Models.SharpPlayer: SharpMUSH.Library.Models.SharpPlayer, *System.String: -1*, <null>, Announce)
  	Notify(SharpMUSH.Library.Models.SharpPlayer: SharpMUSH.Library.Models.SharpPlayer, *System.String: -1*, <null>, Announce)
  	Notify(SharpMUSH.Library.Models.SharpPlayer: SharpMUSH.Library.Models.SharpPlayer, *System.String: -1*, <null>, Announce)
  	Notify(SharpMUSH.Library.Models.SharpPlayer: SharpMUSH.Library.Models.SharpPlayer, *System.String: -1*, <null>, Announce)
  	Notify(SharpMUSH.Library.Models.SharpPlayer: SharpMUSH.Library.Models.SharpPlayer, *System.String: -1*, <null>, Announce)
  	Notify(SharpMUSH.Library.Models.SharpPlayer: SharpMUSH.Library.Models.SharpPlayer, *System.String: -1*, <null>, Announce)
  	Notify(SharpMUSH.Library.Models.SharpPlayer: SharpMUSH.Library.Models.SharpPlayer, *System.String: -1*, <null>, Announce)
  	Notify(SharpMUSH.Library.Models.SharpPlayer: SharpMUSH.Library.Models.SharpPlayer, *System.String: -1*, <null>, Announce)
  	Notify(SharpMUSH.Library.Models.SharpPlayer: SharpMUSH.Library.Models.SharpPlayer, *System.String: -1*, <null>, Announce)
  	Notify(SharpMUSH.Library.Models.SharpPlayer: SharpMUSH.Library.Models.SharpPlayer, *System.String: -1*, <null>, Announce)
  	Notify(SharpMUSH.Library.Models.SharpPlayer: SharpMUSH.Library.Models.SharpPlayer, *System.String: -1*, <null>, Announce)
  	Notify(SharpMUSH.Library.Models.SharpPlayer: SharpMUSH.Library.Models.SharpPlayer, *System.String: -1*, <null>, Announce)
  	Notify(SharpMUSH.Library.Models.SharpPlayer: SharpMUSH.Library.Models.SharpPlayer, *System.String: -1*, <null>, Announce)
  	Notify(SharpMUSH.Library.Models.SharpPlayer: SharpMUSH.Library.Models.SharpPlayer, *System.String: -1*, <null>, Announce)
  	Notify(SharpMUSH.Library.Models.SharpPlayer: SharpMUSH.Library.Models.SharpPlayer, *System.String: -1*, <null>, Announce)
  	Notify(SharpMUSH.Library.Models.SharpPlayer: SharpMUSH.Library.Models.SharpPlayer, *System.String: -1*, <null>, Announce)
  	Notify(SharpMUSH.Library.Models.SharpPlayer: SharpMUSH.Library.Models.SharpPlayer, *System.String: -1*, <null>, Announce)
  	Notify(SharpMUSH.Library.Models.SharpPlayer: SharpMUSH.Library.Models.SharpPlayer, *System.String: -1*, <null>, Announce)
  	Notify(SharpMUSH.Library.Models.SharpPlayer: SharpMUSH.Library.Models.SharpPlayer, *System.String: -1*, <null>, Announce)
  	Notify(SharpMUSH.Library.Models.SharpPlayer: SharpMUSH.Library.Models.SharpPlayer, *System.String: -1*, <null>, Announce)
  	Notify(SharpMUSH.Library.Models.SharpPlayer: SharpMUSH.Library.Models.SharpPlayer, *System.String: -1*, <null>, Announce)
  	Notify(SharpMUSH.Library.Models.SharpPlayer: SharpMUSH.Library.Models.SharpPlayer, *System.String: -1*, <null>, Announce)
  	Notify(SharpMUSH.Library.Models.SharpPlayer: SharpMUSH.Library.Models.SharpPlayer, *System.String: -1*, <null>, Announce)
  	Notify(SharpMUSH.Library.Models.SharpPlayer: SharpMUSH.Library.Models.SharpPlayer, *System.String: -1*, <null>, Announce)
  	Notify(SharpMUSH.Library.Models.SharpPlayer: SharpMUSH.Library.Models.SharpPlayer, *System.String: -1*, <null>, Announce)
  	Notify(SharpMUSH.Library.Models.SharpPlayer: SharpMUSH.Library.Models.SharpPlayer, *System.String: -1*, <null>, Announce)
  	Notify(SharpMUSH.Library.Models.SharpPlayer: SharpMUSH.Library.Models.SharpPlayer, *System.String: -1*, <null>, Announce)
  	Notify(SharpMUSH.Library.Models.SharpPlayer: SharpMUSH.Library.Models.SharpPlayer, *System.String: -1*, <null>, Announce)
  	Notify(SharpMUSH.Library.Models.SharpPlayer: SharpMUSH.Library.Models.SharpPlayer, *System.String: -1*, <null>, Announce)
  	Notify(SharpMUSH.Library.Models.SharpPlayer: SharpMUSH.Library.Models.SharpPlayer, *System.String: -1*, <null>, Announce)
  	Notify(SharpMUSH.Library.Models.SharpPlayer: SharpMUSH.Library.Models.SharpPlayer, *System.String: -1*, <null>, Announce)
  	Notify(SharpMUSH.Library.Models.SharpPlayer: SharpMUSH.Library.Models.SharpPlayer, *System.String: -1*, <null>, Announce)
  	Notify(SharpMUSH.Library.Models.SharpPlayer: SharpMUSH.Library.Models.SharpPlayer, *System.String: -1*, <null>, Announce)
  	Notify(SharpMUSH.Library.Models.SharpPlayer: SharpMUSH.Library.Models.SharpPlayer, *System.String: -1*, <null>, Announce)
  	Notify(SharpMUSH.Library.Models.SharpPlayer: SharpMUSH.Library.Models.SharpPlayer, *System.String: -1*, <null>, Announce)
  	Notify(SharpMUSH.Library.Models.SharpPlayer: SharpMUSH.Library.Models.SharpPlayer, *System.String: -1*, <null>, Announce)
  	Notify(SharpMUSH.Library.Models.SharpPlayer: SharpMUSH.Library.Models.SharpPlayer, *System.String: -1*, <null>, Announce)
  	Notify(SharpMUSH.Library.Models.SharpPlayer: SharpMUSH.Library.Models.SharpPlayer, *System.String: -1*, <null>, Announce)
  	Notify(SharpMUSH.Library.Models.SharpPlayer: SharpMUSH.Library.Models.SharpPlayer, *System.String: -1*, <null>, Announce)
  	Notify(SharpMUSH.Library.Models.SharpPlayer: SharpMUSH.Library.Models.SharpPlayer, *System.String: -1*, <null>, Announce)
  	Notify(SharpMUSH.Library.Models.SharpPlayer: SharpMUSH.Library.Models.SharpPlayer, *System.String: -1*, <null>, Announce)
  	Notify(SharpMUSH.Library.Models.SharpPlayer: SharpMUSH.Library.Models.SharpPlayer, *System.String: -1*, <null>, Announce)
  	Notify(SharpMUSH.Library.Models.SharpPlayer: SharpMUSH.Library.Models.SharpPlayer, *System.String: -1*, <null>, Announce)
  	Notify(SharpMUSH.Library.Models.SharpPlayer: SharpMUSH.Library.Models.SharpPlayer, *System.String: -1*, <null>, Announce)
  	Notify(SharpMUSH.Library.Models.SharpPlayer: SharpMUSH.Library.Models.SharpPlayer, *System.String: -1*, <null>, Announce)
  	Notify(SharpMUSH.Library.Models.SharpPlayer: SharpMUSH.Library.Models.SharpPlayer, *System.String: -1*, <null>, Announce)
  	Notify(SharpMUSH.Library.Models.SharpPlayer: SharpMUSH.Library.Models.SharpPlayer, *System.String: -1*, <null>, Announce)
  	Notify(SharpMUSH.Library.Models.SharpPlayer: SharpMUSH.Library.Models.SharpPlayer, *System.String: -1*, <null>, Announce)
  	Notify(SharpMUSH.Library.Models.SharpPlayer: SharpMUSH.Library.Models.SharpPlayer, *System.String: -1*, <null>, Announce)
  	Notify(SharpMUSH.Library.Models.SharpPlayer: SharpMUSH.Library.Models.SharpPlayer, *System.String: -1*, <null>, Announce)
  	Notify(SharpMUSH.Library.Models.SharpPlayer: SharpMUSH.Library.Models.SharpPlayer, *System.String: -1*, <null>, Announce)
  	Notify(SharpMUSH.Library.Models.SharpPlayer: SharpMUSH.Library.Models.SharpPlayer, *System.String: -1*, <null>, Announce)
  	Notify(SharpMUSH.Library.Models.SharpPlayer: SharpMUSH.Library.Models.SharpPlayer, *System.String: -1*, <null>, Announce)
  	Notify(SharpMUSH.Library.Models.SharpPlayer: SharpMUSH.Library.Models.SharpPlayer, *System.String: -1*, <null>, Announce)
  	Notify(SharpMUSH.Library.Models.SharpPlayer: SharpMUSH.Library.Models.SharpPlayer, *System.String: -1*, <null>, Announce)
  	Notify(SharpMUSH.Library.Models.SharpPlayer: SharpMUSH.Library.Models.SharpPlayer, *System.String: -1*, <null>, Announce)
  	Notify(SharpMUSH.Library.Models.SharpPlayer: SharpMUSH.Library.Models.SharpPlayer, *System.String: -1*, <null>, Announce)
  	Notify(SharpMUSH.Library.Models.SharpPlayer: SharpMUSH.Library.Models.SharpPlayer, *System.String: -1*, <null>, Announce)
  	Notify(SharpMUSH.Library.Models.SharpPlayer: SharpMUSH.Library.Models.SharpPlayer, *System.String: -1*, <null>, Announce)
  	Notify(SharpMUSH.Library.Models.SharpPlayer: SharpMUSH.Library.Models.SharpPlayer, *System.String: -1*, <null>, Announce)
  	Notify(SharpMUSH.Library.Models.SharpPlayer: SharpMUSH.Library.Models.SharpPlayer, *System.String: -1*, <null>, Announce)
  	Notify(SharpMUSH.Library.Models.SharpPlayer: SharpMUSH.Library.Models.SharpPlayer, *System.String: -1*, <null>, Announce)
  	Notify(SharpMUSH.Library.Models.SharpPlayer: SharpMUSH.Library.Models.SharpPlayer, *System.String: -1*, <null>, Announce)
  	Notify(SharpMUSH.Library.Models.SharpPlayer: SharpMUSH.Library.Models.SharpPlayer, *System.String: -1*, <null>, Announce)
  	Notify(SharpMUSH.Library.Models.SharpPlayer: SharpMUSH.Library.Models.SharpPlayer, *System.String: -1*, <null>, Announce)
  	Notify(SharpMUSH.Library.Models.SharpPlayer: SharpMUSH.Library.Models.SharpPlayer, *System.String: -1*, <null>, Announce)
  	Notify(SharpMUSH.Library.Models.SharpPlayer: SharpMUSH.Library.Models.SharpPlayer, *System.String: -1*, <null>, Announce)
  	Notify(SharpMUSH.Library.Models.SharpPlayer: SharpMUSH.Library.Models.SharpPlayer, *System.String: -1*, <null>, Announce)
  	Notify(SharpMUSH.Library.Models.SharpPlayer: SharpMUSH.Library.Models.SharpPlayer, *System.String: -1*, <null>, Announce)
  	Notify(SharpMUSH.Library.Models.SharpPlayer: SharpMUSH.Library.Models.SharpPlayer, *System.String: -1*, <null>, Announce)
  	Notify(SharpMUSH.Library.Models.SharpPlayer: SharpMUSH.Library.Models.SharpPlayer, *System.String: -1*, <null>, Announce)
  	Notify(SharpMUSH.Library.Models.SharpPlayer: SharpMUSH.Library.Models.SharpPlayer, *System.String: -1*, <null>, Announce)
  	Notify(SharpMUSH.Library.Models.SharpPlayer: SharpMUSH.Library.Models.SharpPlayer, *System.String: -1*, <null>, Announce)
  	Notify(SharpMUSH.Library.Models.SharpPlayer: SharpMUSH.Library.Models.SharpPlayer, *System.String: -1*, <null>, Announce)
  	Notify(SharpMUSH.Library.Models.SharpPlayer: SharpMUSH.Library.Models.SharpPlayer, *System.String: -1*, <null>, Announce)
  	Notify(SharpMUSH.Library.Models.SharpPlayer: SharpMUSH.Library.Models.SharpPlayer, *System.String: -1*, <null>, Announce)
  	Notify(SharpMUSH.Library.Models.SharpPlayer: SharpMUSH.Library.Models.SharpPlayer, *System.String: -1*, <null>, Announce)
  	Notify(SharpMUSH.Library.Models.SharpPlayer: SharpMUSH.Library.Models.SharpPlayer, *System.String: -1*, <null>, Announce)
  	Notify(SharpMUSH.Library.Models.SharpPlayer: SharpMUSH.Library.Models.SharpPlayer, *System.String: -1*, <null>, Announce)
  	Notify(SharpMUSH.Library.Models.SharpPlayer: SharpMUSH.Library.Models.SharpPlayer, *System.String: -1*, <null>, Announce)
  	Notify(SharpMUSH.Library.Models.SharpPlayer: SharpMUSH.Library.Models.SharpPlayer, *System.String: -1*, <null>, Announce)
  	Notify(SharpMUSH.Library.Models.SharpPlayer: SharpMUSH.Library.Models.SharpPlayer, *System.String: -1*, <null>, Announce)
  	Notify(SharpMUSH.Library.Models.SharpPlayer: SharpMUSH.Library.Models.SharpPlayer, *System.String: -1*, <null>, Announce)
  	Notify(SharpMUSH.Library.Models.SharpPlayer: SharpMUSH.Library.Models.SharpPlayer, *System.String: -1*, <null>, Announce)
  	Notify(SharpMUSH.Library.Models.SharpPlayer: SharpMUSH.Library.Models.SharpPlayer, *System.String: -1*, <null>, Announce)
  	Notify(SharpMUSH.Library.Models.SharpPlayer: SharpMUSH.Library.Models.SharpPlayer, *System.String: -1*, <null>, Announce)
  	Notify(SharpMUSH.Library.Models.SharpPlayer: SharpMUSH.Library.Models.SharpPlayer, *System.String: -1*, <null>, Announce)
  	Notify(SharpMUSH.Library.Models.SharpPlayer: SharpMUSH.Library.Models.SharpPlayer, *System.String: -1*, <null>, Announce)
  	Notify(SharpMUSH.Library.Models.SharpPlayer: SharpMUSH.Library.Models.SharpPlayer, *System.String: -1*, <null>, Announce)
  	Notify(SharpMUSH.Library.Models.SharpPlayer: SharpMUSH.Library.Models.SharpPlayer, *System.String: -1*, <null>, Announce)
  	Notify(SharpMUSH.Library.Models.SharpPlayer: SharpMUSH.Library.Models.SharpPlayer, *System.String: -1*, <null>, Announce)
  	Notify(SharpMUSH.Library.Models.SharpPlayer: SharpMUSH.Library.Models.SharpPlayer, *System.String: -1*, <null>, Announce)
  	Notify(SharpMUSH.Library.Models.SharpPlayer: SharpMUSH.Library.Models.SharpPlayer, *System.String: -1*, <null>, Announce)
  	Notify(SharpMUSH.Library.Models.SharpPlayer: SharpMUSH.Library.Models.SharpPlayer, *System.String: -1*, <null>, Announce)
  	Notify(SharpMUSH.Library.Models.SharpPlayer: SharpMUSH.Library.Models.SharpPlayer, *System.String: -1*, <null>, Announce)
  	Notify(SharpMUSH.Library.Models.SharpPlayer: SharpMUSH.Library.Models.SharpPlayer, *System.String: -1*, <null>, Announce)
  	Notify(SharpMUSH.Library.Models.SharpPlayer: SharpMUSH.Library.Models.SharpPlayer, *System.String: -1*, <null>, Announce)
  	Notify(SharpMUSH.Library.Models.SharpPlayer: SharpMUSH.Library.Models.SharpPlayer, *System.String: -1*, <null>, Announce)
  	Notify(SharpMUSH.Library.Models.SharpPlayer: SharpMUSH.Library.Models.SharpPlayer, *System.String: -1*, <null>, Announce)
  	Notify(SharpMUSH.Library.Models.SharpPlayer: SharpMUSH.Library.Models.SharpPlayer, *System.String: -1*, <null>, Announce)
  	Notify(SharpMUSH.Library.Models.SharpPlayer: SharpMUSH.Library.Models.SharpPlayer, *System.String: -1*, <null>, Announce)
  	Notify(SharpMUSH.Library.Models.SharpPlayer: SharpMUSH.Library.Models.SharpPlayer, *System.String: -1*, <null>, Announce)
  	Notify(SharpMUSH.Library.Models.SharpPlayer: SharpMUSH.Library.Models.SharpPlayer, *System.String: -1*, <null>, Announce)
  	Notify(SharpMUSH.Library.Models.SharpPlayer: SharpMUSH.Library.Models.SharpPlayer, *System.String: -1*, <null>, Announce)
  	Notify(SharpMUSH.Library.Models.SharpPlayer: SharpMUSH.Library.Models.SharpPlayer, *System.String: -1*, <null>, Announce)
  	Notify(SharpMUSH.Library.Models.SharpPlayer: SharpMUSH.Library.Models.SharpPlayer, *System.String: -1*, <null>, Announce)
  	Notify(SharpMUSH.Library.Models.SharpPlayer: SharpMUSH.Library.Models.SharpPlayer, *System.String: -1*, <null>, Announce)
  	Notify(SharpMUSH.Library.Models.SharpPlayer: SharpMUSH.Library.Models.SharpPlayer, *System.String: -1*, <null>, Announce)
  	Notify(SharpMUSH.Library.Models.SharpPlayer: SharpMUSH.Library.Models.SharpPlayer, *System.String: -1*, <null>, Announce)
  	Notify(SharpMUSH.Library.Models.SharpPlayer: SharpMUSH.Library.Models.SharpPlayer, *System.String: -1*, <null>, Announce)
  	Notify(SharpMUSH.Library.Models.SharpPlayer: SharpMUSH.Library.Models.SharpPlayer, *System.String: -1*, <null>, Announce)
  	Notify(SharpMUSH.Library.Models.SharpPlayer: SharpMUSH.Library.Models.SharpPlayer, *System.String: -1*, <null>, Announce)
  	Notify(SharpMUSH.Library.Models.SharpPlayer: SharpMUSH.Library.Models.SharpPlayer, *System.String: -1*, <null>, Announce)
  	Notify(SharpMUSH.Library.Models.SharpPlayer: SharpMUSH.Library.Models.SharpPlayer, *System.String: -1*, <null>, Announce)
  	Notify(SharpMUSH.Library.Models.SharpPlayer: SharpMUSH.Library.Models.SharpPlayer, *System.String: -1*, <null>, Announce)
  	Notify(SharpMUSH.Library.Models.SharpPlayer: SharpMUSH.Library.Models.SharpPlayer, *System.String: -1*, <null>, Announce)
  	Notify(SharpMUSH.Library.Models.SharpPlayer: SharpMUSH.Library.Models.SharpPlayer, *System.String: -1*, <null>, Announce)
  	Notify(SharpMUSH.Library.Models.SharpPlayer: SharpMUSH.Library.Models.SharpPlayer, *System.String: -1*, <null>, Announce)
  	Notify(SharpMUSH.Library.Models.SharpPlayer: SharpMUSH.Library.Models.SharpPlayer, *System.String: -1*, <null>, Announce)
  	Notify(SharpMUSH.Library.Models.SharpPlayer: SharpMUSH.Library.Models.SharpPlayer, *System.String: -1*, <null>, Announce)
  	Notify(SharpMUSH.Library.Models.SharpPlayer: SharpMUSH.Library.Models.SharpPlayer, *System.String: -1*, <null>, Announce)
  	Notify(SharpMUSH.Library.Models.SharpPlayer: SharpMUSH.Library.Models.SharpPlayer, *System.String: -1*, <null>, Announce)
  	Notify(SharpMUSH.Library.Models.SharpPlayer: SharpMUSH.Library.Models.SharpPlayer, *System.String: -1*, <null>, Announce)
  	Notify(SharpMUSH.Library.Models.SharpPlayer: SharpMUSH.Library.Models.SharpPlayer, *System.String: -1*, <null>, Announce)
  	Notify(SharpMUSH.Library.Models.SharpPlayer: SharpMUSH.Library.Models.SharpPlayer, *System.String: -1*, <null>, Announce)
  	Notify(SharpMUSH.Library.Models.SharpPlayer: SharpMUSH.Library.Models.SharpPlayer, *System.String: -1*, <null>, Announce)
  	Notify(SharpMUSH.Library.Models.SharpPlayer: SharpMUSH.Library.Models.SharpPlayer, *System.String: -1*, <null>, Announce)
  	Notify(SharpMUSH.Library.Models.SharpPlayer: SharpMUSH.Library.Models.SharpPlayer, *System.String: -1*, <null>, Announce)
  	Notify(SharpMUSH.Library.Models.SharpPlayer: SharpMUSH.Library.Models.SharpPlayer, *System.String: -1*, <null>, Announce)
  	Notify(SharpMUSH.Library.Models.SharpPlayer: SharpMUSH.Library.Models.SharpPlayer, *System.String: -1*, <null>, Announce)
  	Notify(SharpMUSH.Library.Models.SharpPlayer: SharpMUSH.Library.Models.SharpPlayer, *System.String: -1*, <null>, Announce)
  	Notify(SharpMUSH.Library.Models.SharpPlayer: SharpMUSH.Library.Models.SharpPlayer, *System.String: -1*, <null>, Announce)
  	Notify(SharpMUSH.Library.Models.SharpPlayer: SharpMUSH.Library.Models.SharpPlayer, *System.String: -1*, <null>, Announce)
  	Notify(SharpMUSH.Library.Models.SharpPlayer: SharpMUSH.Library.Models.SharpPlayer, *System.String: -1*, <null>, Announce)
  	Notify(SharpMUSH.Library.Models.SharpPlayer: SharpMUSH.Library.Models.SharpPlayer, *System.String: -1*, <null>, Announce)
  	Notify(SharpMUSH.Library.Models.SharpPlayer: SharpMUSH.Library.Models.SharpPlayer, *System.String: -1*, <null>, Announce)
  	Notify(SharpMUSH.Library.Models.SharpPlayer: SharpMUSH.Library.Models.SharpPlayer, *System.String: -1*, <null>, Announce)
  	Notify(SharpMUSH.Library.Models.SharpPlayer: SharpMUSH.Library.Models.SharpPlayer, *System.String: -1*, <null>, Announce)
  	Notify(SharpMUSH.Library.Models.SharpPlayer: SharpMUSH.Library.Models.SharpPlayer, *System.String: -1*, <null>, Announce)
  	Notify(SharpMUSH.Library.Models.SharpPlayer: SharpMUSH.Library.Models.SharpPlayer, *System.String: -1*, <null>, Announce)
  	Notify(SharpMUSH.Library.Models.SharpPlayer: SharpMUSH.Library.Models.SharpPlayer, *System.String: -1*, <null>, Announce)
  	Notify(SharpMUSH.Library.Models.SharpPlayer: SharpMUSH.Library.Models.SharpPlayer, *System.String: -1*, <null>, Announce)
  	Notify(SharpMUSH.Library.Models.SharpPlayer: SharpMUSH.Library.Models.SharpPlayer, *System.String: -1*, <null>, Announce)
  	Notify(SharpMUSH.Library.Models.SharpPlayer: SharpMUSH.Library.Models.SharpPlayer, *System.String: -1*, <null>, Announce)
  	Notify(SharpMUSH.Library.Models.SharpPlayer: SharpMUSH.Library.Models.SharpPlayer, *System.String: -1*, <null>, Announce)
  	Notify(SharpMUSH.Library.Models.SharpPlayer: SharpMUSH.Library.Models.SharpPlayer, *System.String: -1*, <null>, Announce)
  	Notify(SharpMUSH.Library.Models.SharpPlayer: SharpMUSH.Library.Models.SharpPlayer, *System.String: -1*, <null>, Announce)
  	Notify(SharpMUSH.Library.Models.SharpPlayer: SharpMUSH.Library.Models.SharpPlayer, *System.String: -1*, <null>, Announce)
  	Notify(SharpMUSH.Library.Models.SharpPlayer: SharpMUSH.Library.Models.SharpPlayer, *System.String: -1*, <null>, Announce)
  	Notify(SharpMUSH.Library.Models.SharpPlayer: SharpMUSH.Library.Models.SharpPlayer, *System.String: -1*, <null>, Announce)
  	Notify(SharpMUSH.Library.Models.SharpPlayer: SharpMUSH.Library.Models.SharpPlayer, *System.String: -1*, <null>, Announce)
  	Notify(SharpMUSH.Library.Models.SharpPlayer: SharpMUSH.Library.Models.SharpPlayer, *System.String: -1*, <null>, Announce)
  	Notify(SharpMUSH.Library.Models.SharpPlayer: SharpMUSH.Library.Models.SharpPlayer, *System.String: -1*, <null>, Announce)
  	Notify(SharpMUSH.Library.Models.SharpPlayer: SharpMUSH.Library.Models.SharpPlayer, *System.String: -1*, <null>, Announce)
  	Notify(SharpMUSH.Library.Models.SharpPlayer: SharpMUSH.Library.Models.SharpPlayer, *System.String: -1*, <null>, Announce)
  	Notify(SharpMUSH.Library.Models.SharpPlayer: SharpMUSH.Library.Models.SharpPlayer, *System.String: -1*, <null>, Announce)
  	Notify(SharpMUSH.Library.Models.SharpPlayer: SharpMUSH.Library.Models.SharpPlayer, *System.String: -1*, <null>, Announce)
  	Notify(SharpMUSH.Library.Models.SharpPlayer: SharpMUSH.Library.Models.SharpPlayer, *System.String: -1*, <null>, Announce)
  	Notify(SharpMUSH.Library.Models.SharpPlayer: SharpMUSH.Library.Models.SharpPlayer, *System.String: -1*, <null>, Announce)
  	Notify(SharpMUSH.Library.Models.SharpPlayer: SharpMUSH.Library.Models.SharpPlayer, *System.String: -1*, <null>, Announce)
  	Notify(SharpMUSH.Library.Models.SharpPlayer: SharpMUSH.Library.Models.SharpPlayer, *System.String: -1*, <null>, Announce)
  	Notify(SharpMUSH.Library.Models.SharpPlayer: SharpMUSH.Library.Models.SharpPlayer, *System.String: -1*, <null>, Announce)
  	Notify(SharpMUSH.Library.Models.SharpPlayer: SharpMUSH.Library.Models.SharpPlayer, *System.String: -1*, <null>, Announce)
  	Notify(SharpMUSH.Library.Models.SharpPlayer: SharpMUSH.Library.Models.SharpPlayer, *System.String: -1*, <null>, Announce)
  	Notify(SharpMUSH.Library.Models.SharpPlayer: SharpMUSH.Library.Models.SharpPlayer, *System.String: -1*, <null>, Announce)
  	Notify(SharpMUSH.Library.Models.SharpPlayer: SharpMUSH.Library.Models.SharpPlayer, *System.String: -1*, <null>, Announce)
  	Notify(SharpMUSH.Library.Models.SharpPlayer: SharpMUSH.Library.Models.SharpPlayer, *System.String: -1*, <null>, Announce)
  	Notify(SharpMUSH.Library.Models.SharpPlayer: SharpMUSH.Library.Models.SharpPlayer, *System.String: -1*, <null>, Announce)
  	Notify(SharpMUSH.Library.Models.SharpPlayer: SharpMUSH.Library.Models.SharpPlayer, *System.String: -1*, <null>, Announce)
  	Notify(SharpMUSH.Library.Models.SharpPlayer: SharpMUSH.Library.Models.SharpPlayer, *System.String: -1*, <null>, Announce)
  	Notify(SharpMUSH.Library.Models.SharpPlayer: SharpMUSH.Library.Models.SharpPlayer, *System.String: -1*, <null>, Announce)
  	Notify(SharpMUSH.Library.Models.SharpPlayer: SharpMUSH.Library.Models.SharpPlayer, *System.String: -1*, <null>, Announce)
  	Notify(SharpMUSH.Library.Models.SharpPlayer: SharpMUSH.Library.Models.SharpPlayer, *System.String: -1*, <null>, Announce)
  	Notify(SharpMUSH.Library.Models.SharpPlayer: SharpMUSH.Library.Models.SharpPlayer, *System.String: -1*, <null>, Announce)
  	Notify(SharpMUSH.Library.Models.SharpPlayer: SharpMUSH.Library.Models.SharpPlayer, *System.String: -1*, <null>, Announce)
  	Notify(SharpMUSH.Library.Models.SharpPlayer: SharpMUSH.Library.Models.SharpPlayer, *System.String: -1*, <null>, Announce)
  	Notify(SharpMUSH.Library.Models.SharpPlayer: SharpMUSH.Library.Models.SharpPlayer, *System.String: -1*, <null>, Announce)
  	Notify(SharpMUSH.Library.Models.SharpPlayer: SharpMUSH.Library.Models.SharpPlayer, *System.String: -1*, <null>, Announce)
  	Notify(SharpMUSH.Library.Models.SharpPlayer: SharpMUSH.Library.Models.SharpPlayer, *System.String: -1*, <null>, Announce)
  	Notify(SharpMUSH.Library.Models.SharpPlayer: SharpMUSH.Library.Models.SharpPlayer, *System.String: -1*, <null>, Announce)
  	Notify(SharpMUSH.Library.Models.SharpPlayer: SharpMUSH.Library.Models.SharpPlayer, *System.String: -1*, <null>, Announce)
  	Notify(SharpMUSH.Library.Models.SharpPlayer: SharpMUSH.Library.Models.SharpPlayer, *System.String: -1*, <null>, Announce)
  	Notify(SharpMUSH.Library.Models.SharpPlayer: SharpMUSH.Library.Models.SharpPlayer, *System.String: -1*, <null>, Announce)
  	Notify(SharpMUSH.Library.Models.SharpPlayer: SharpMUSH.Library.Models.SharpPlayer, *System.String: -1*, <null>, Announce)
  	Notify(SharpMUSH.Library.Models.SharpPlayer: SharpMUSH.Library.Models.SharpPlayer, *System.String: -1*, <null>, Announce)
  	Notify(SharpMUSH.Library.Models.SharpPlayer: SharpMUSH.Library.Models.SharpPlayer, *System.String: -1*, <null>, Announce)
  	Notify(SharpMUSH.Library.Models.SharpPlayer: SharpMUSH.Library.Models.SharpPlayer, *System.String: -1*, <null>, Announce)
  	Notify(SharpMUSH.Library.Models.SharpPlayer: SharpMUSH.Library.Models.SharpPlayer, *System.String: -1*, <null>, Announce)
  	Notify(SharpMUSH.Library.Models.SharpPlayer: SharpMUSH.Library.Models.SharpPlayer, *System.String: -1*, <null>, Announce)
  	Notify(SharpMUSH.Library.Models.SharpPlayer: SharpMUSH.Library.Models.SharpPlayer, *System.String: -1*, <null>, Announce)
  	Notify(SharpMUSH.Library.Models.SharpPlayer: SharpMUSH.Library.Models.SharpPlayer, *System.String: -1*, <null>, Announce)
  	Notify(SharpMUSH.Library.Models.SharpPlayer: SharpMUSH.Library.Models.SharpPlayer, *System.String: -1*, <null>, Announce)
  	Notify(SharpMUSH.Library.Models.SharpPlayer: SharpMUSH.Library.Models.SharpPlayer, *System.String: -1*, <null>, Announce)
  	Notify(SharpMUSH.Library.Models.SharpPlayer: SharpMUSH.Library.Models.SharpPlayer, *System.String: -1*, <null>, Announce)
  	Notify(SharpMUSH.Library.Models.SharpPlayer: SharpMUSH.Library.Models.SharpPlayer, *System.String: -1*, <null>, Announce)
  	Notify(SharpMUSH.Library.Models.SharpPlayer: SharpMUSH.Library.Models.SharpPlayer, *System.String: -1*, <null>, Announce)
  	Notify(SharpMUSH.Library.Models.SharpPlayer: SharpMUSH.Library.Models.SharpPlayer, *System.String: -1*, <null>, Announce)
  	Notify(SharpMUSH.Library.Models.SharpPlayer: SharpMUSH.Library.Models.SharpPlayer, *System.String: -1*, <null>, Announce)
  	Notify(SharpMUSH.Library.Models.SharpPlayer: SharpMUSH.Library.Models.SharpPlayer, *System.String: -1*, <null>, Announce)
  	Notify(SharpMUSH.Library.Models.SharpPlayer: SharpMUSH.Library.Models.SharpPlayer, *System.String: -1*, <null>, Announce)
  	Notify(SharpMUSH.Library.Models.SharpPlayer: SharpMUSH.Library.Models.SharpPlayer, *System.String: -1*, <null>, Announce)
  	Notify(SharpMUSH.Library.Models.SharpPlayer: SharpMUSH.Library.Models.SharpPlayer, *System.String: -1*, <null>, Announce)
  	Notify(SharpMUSH.Library.Models.SharpPlayer: SharpMUSH.Library.Models.SharpPlayer, *System.String: -1*, <null>, Announce)
  	Notify(SharpMUSH.Library.Models.SharpPlayer: SharpMUSH.Library.Models.SharpPlayer, *System.String: -1*, <null>, Announce)
  	Notify(SharpMUSH.Library.Models.SharpPlayer: SharpMUSH.Library.Models.SharpPlayer, *System.String: -1*, <null>, Announce)
  	Notify(SharpMUSH.Library.Models.SharpPlayer: SharpMUSH.Library.Models.SharpPlayer, *System.String: -1*, <null>, Announce)
  	Notify(SharpMUSH.Library.Models.SharpPlayer: SharpMUSH.Library.Models.SharpPlayer, *System.String: -1*, <null>, Announce)
  	Notify(SharpMUSH.Library.Models.SharpPlayer: SharpMUSH.Library.Models.SharpPlayer, *System.String: -1*, <null>, Announce)
  	Notify(SharpMUSH.Library.Models.SharpPlayer: SharpMUSH.Library.Models.SharpPlayer, *System.String: -1*, <null>, Announce)
  	Notify(SharpMUSH.Library.Models.SharpPlayer: SharpMUSH.Library.Models.SharpPlayer, *System.String: -1*, <null>, Announce)
  	Notify(SharpMUSH.Library.Models.SharpPlayer: SharpMUSH.Library.Models.SharpPlayer, *System.String: -1*, <null>, Announce)
  	Notify(SharpMUSH.Library.Models.SharpPlayer: SharpMUSH.Library.Models.SharpPlayer, *System.String: -1*, <null>, Announce)
  	Notify(SharpMUSH.Library.Models.SharpPlayer: SharpMUSH.Library.Models.SharpPlayer, *System.String: -1*, <null>, Announce)
  	Notify(SharpMUSH.Library.Models.SharpPlayer: SharpMUSH.Library.Models.SharpPlayer, *System.String: -1*, <null>, Announce)
  	Notify(SharpMUSH.Library.Models.SharpPlayer: SharpMUSH.Library.Models.SharpPlayer, *System.String: -1*, <null>, Announce)
  	Notify(SharpMUSH.Library.Models.SharpPlayer: SharpMUSH.Library.Models.SharpPlayer, *System.String: -1*, <null>, Announce)
  	Notify(SharpMUSH.Library.Models.SharpPlayer: SharpMUSH.Library.Models.SharpPlayer, *System.String: -1*, <null>, Announce)
  	Notify(SharpMUSH.Library.Models.SharpPlayer: SharpMUSH.Library.Models.SharpPlayer, *System.String: -1*, <null>, Announce)
  	Notify(SharpMUSH.Library.Models.SharpPlayer: SharpMUSH.Library.Models.SharpPlayer, *System.String: -1*, <null>, Announce)
  	Notify(SharpMUSH.Library.Models.SharpPlayer: SharpMUSH.Library.Models.SharpPlayer, *System.String: Command1 Arg*, <null>, Announce)
  	Notify(SharpMUSH.Library.Models.SharpPlayer: SharpMUSH.Library.Models.SharpPlayer, *System.String: Command2 Arg*, <null>, Announce)
  	Notify(SharpMUSH.Library.Models.SharpPlayer: SharpMUSH.Library.Models.SharpPlayer, *System.String: 32*, <null>, Announce)
  	Notify(SharpMUSH.Library.Models.SharpPlayer: SharpMUSH.Library.Models.SharpPlayer, *System.String: [1;31mred[0m*, <null>, Announce)
  	Notify(SharpMUSH.Library.Models.SharpPlayer: SharpMUSH.Library.Models.SharpPlayer, *System.String: [1;32mgreen[0m*, <null>, Announce)
  	Notify(SharpMUSH.Library.Models.SharpPlayer: SharpMUSH.Library.Models.SharpPlayer, *System.String: 36*, <null>, Announce)
  	Notify(SharpMUSH.Library.Models.SharpPlayer: SharpMUSH.Library.Models.SharpPlayer, *System.String: 57*, <null>, Announce)
  	Notify(SharpMUSH.Library.Models.SharpPlayer: SharpMUSH.Library.Models.SharpPlayer, *System.String: Command3 Arg*, <null>, Announce)
  	Notify(SharpMUSH.Library.Models.SharpPlayer: SharpMUSH.Library.Models.SharpPlayer, *System.String: Command4 Arg.*, <null>, Announce)
  	Notify(SharpMUSH.Library.Models.SharpPlayer: SharpMUSH.Library.Models.SharpPlayer, *System.String: 34*, <null>, Announce)
  	Notify(SharpMUSH.Library.Models.SharpPlayer: SharpMUSH.Library.Models.SharpPlayer, *System.String: 55*, <null>, Announce)
  	Notify(SharpMUSH.Library.Models.SharpPlayer: SharpMUSH.Library.Models.SharpPlayer, *System.String: [add(1,2)]3*, <null>, Announce)
  	Notify(SharpMUSH.Library.Models.SharpPlayer: SharpMUSH.Library.Models.SharpPlayer, *System.String: 31*, <null>, Announce)
  	Notify(SharpMUSH.Library.Models.SharpPlayer: SharpMUSH.Library.Models.SharpPlayer, *System.String: Command1 Arg;think Command2 Arg*, <null>, Announce)
  	Notify(SharpMUSH.Library.Models.SharpPlayer: SharpMUSH.Library.Models.SharpPlayer, *System.String: Configuration Categories:*, <null>, Announce)
  	Notify(SharpMUSH.Library.Models.SharpPlayer: SharpMUSH.Library.Models.SharpPlayer, *System.String:   Attribute*, <null>, Announce)
  	Notify(SharpMUSH.Library.Models.SharpPlayer: SharpMUSH.Library.Models.SharpPlayer, *System.String:   Chat*, <null>, Announce)
  	Notify(SharpMUSH.Library.Models.SharpPlayer: SharpMUSH.Library.Models.SharpPlayer, *System.String:   Command*, <null>, Announce)
  	Notify(SharpMUSH.Library.Models.SharpPlayer: SharpMUSH.Library.Models.SharpPlayer, *System.String:   Compatibility*, <null>, Announce)
  	Notify(SharpMUSH.Library.Models.SharpPlayer: SharpMUSH.Library.Models.SharpPlayer, *System.String:   Cosmetic*, <null>, Announce)
  	Notify(SharpMUSH.Library.Models.SharpPlayer: SharpMUSH.Library.Models.SharpPlayer, *System.String:   Cost*, <null>, Announce)
  	Notify(SharpMUSH.Library.Models.SharpPlayer: SharpMUSH.Library.Models.SharpPlayer, *System.String:   Database*, <null>, Announce)
  	Notify(SharpMUSH.Library.Models.SharpPlayer: SharpMUSH.Library.Models.SharpPlayer, *System.String:   Dump*, <null>, Announce)
  	Notify(SharpMUSH.Library.Models.SharpPlayer: SharpMUSH.Library.Models.SharpPlayer, *System.String:   File*, <null>, Announce)
  	Notify(SharpMUSH.Library.Models.SharpPlayer: SharpMUSH.Library.Models.SharpPlayer, *System.String:   Flag*, <null>, Announce)
  	Notify(SharpMUSH.Library.Models.SharpPlayer: SharpMUSH.Library.Models.SharpPlayer, *System.String:   Function*, <null>, Announce)
  	Notify(SharpMUSH.Library.Models.SharpPlayer: SharpMUSH.Library.Models.SharpPlayer, *System.String:   Limit*, <null>, Announce)
  	Notify(SharpMUSH.Library.Models.SharpPlayer: SharpMUSH.Library.Models.SharpPlayer, *System.String:   Log*, <null>, Announce)
  	Notify(SharpMUSH.Library.Models.SharpPlayer: SharpMUSH.Library.Models.SharpPlayer, *System.String:   Message*, <null>, Announce)
  	Notify(SharpMUSH.Library.Models.SharpPlayer: SharpMUSH.Library.Models.SharpPlayer, *System.String:   Net*, <null>, Announce)
  	Notify(SharpMUSH.Library.Models.SharpPlayer: SharpMUSH.Library.Models.SharpPlayer, *System.String:   Debug*, <null>, Announce)
  	Notify(SharpMUSH.Library.Models.SharpPlayer: SharpMUSH.Library.Models.SharpPlayer, *System.String:   Alias*, <null>, Announce)
  	Notify(SharpMUSH.Library.Models.SharpPlayer: SharpMUSH.Library.Models.SharpPlayer, *System.String:   Restriction*, <null>, Announce)
  	Notify(SharpMUSH.Library.Models.SharpPlayer: SharpMUSH.Library.Models.SharpPlayer, *System.String:   BannedNames*, <null>, Announce)
  	Notify(SharpMUSH.Library.Models.SharpPlayer: SharpMUSH.Library.Models.SharpPlayer, *System.String:   SitelockRules*, <null>, Announce)
  	Notify(SharpMUSH.Library.Models.SharpPlayer: SharpMUSH.Library.Models.SharpPlayer, *System.String:   Warning*, <null>, Announce)
  	Notify(SharpMUSH.Library.Models.SharpPlayer: SharpMUSH.Library.Models.SharpPlayer, *System.String:   TextFile*, <null>, Announce)
  	Notify(SharpMUSH.Library.Models.SharpPlayer: SharpMUSH.Library.Models.SharpPlayer, *System.String: Use '@config <category>' to see options in a category.*, <null>, Announce)
  	Notify(SharpMUSH.Library.Models.SharpPlayer: SharpMUSH.Library.Models.SharpPlayer, *System.String: Use '@config <option>' to see the value of an option.*, <null>, Announce)
  	Notify(SharpMUSH.Library.Models.SharpPlayer: SharpMUSH.Library.Models.SharpPlayer, *System.String: Options in Net:*, <null>, Announce)
  	Notify(SharpMUSH.Library.Models.SharpPlayer: SharpMUSH.Library.Models.SharpPlayer, *System.String:   guests: True*, <null>, Announce)
  	Notify(SharpMUSH.Library.Models.SharpPlayer: SharpMUSH.Library.Models.SharpPlayer, *System.String:   ip_addr: null*, <null>, Announce)
  	Notify(SharpMUSH.Library.Models.SharpPlayer: SharpMUSH.Library.Models.SharpPlayer, *System.String:   json_unsafe_unescape: False*, <null>, Announce)
  	Notify(SharpMUSH.Library.Models.SharpPlayer: SharpMUSH.Library.Models.SharpPlayer, *System.String:   logins: True*, <null>, Announce)
  	Notify(SharpMUSH.Library.Models.SharpPlayer: SharpMUSH.Library.Models.SharpPlayer, *System.String:   mud_name: PennMUSH Emulation by SharpMUSH*, <null>, Announce)
  	Notify(SharpMUSH.Library.Models.SharpPlayer: SharpMUSH.Library.Models.SharpPlayer, *System.String:   mud_url: null*, <null>, Announce)
  	Notify(SharpMUSH.Library.Models.SharpPlayer: SharpMUSH.Library.Models.SharpPlayer, *System.String:   player_creation: True*, <null>, Announce)
  	Notify(SharpMUSH.Library.Models.SharpPlayer: SharpMUSH.Library.Models.SharpPlayer, *System.String:   port: 4203*, <null>, Announce)
  	Notify(SharpMUSH.Library.Models.SharpPlayer: SharpMUSH.Library.Models.SharpPlayer, *System.String:   portal_port: 5117*, <null>, Announce)
  	Notify(SharpMUSH.Library.Models.SharpPlayer: SharpMUSH.Library.Models.SharpPlayer, *System.String:   pueblo: False*, <null>, Announce)
  	Notify(SharpMUSH.Library.Models.SharpPlayer: SharpMUSH.Library.Models.SharpPlayer, *System.String:   socket_file: data/netmush.sock*, <null>, Announce)
  	Notify(SharpMUSH.Library.Models.SharpPlayer: SharpMUSH.Library.Models.SharpPlayer, *System.String:   sql_database: mush*, <null>, Announce)
  	Notify(SharpMUSH.Library.Models.SharpPlayer: SharpMUSH.Library.Models.SharpPlayer, *System.String:   sql_host: 127.0.0.1*, <null>, Announce)
  	Notify(SharpMUSH.Library.Models.SharpPlayer: SharpMUSH.Library.Models.SharpPlayer, *System.String:   sql_password: mush*, <null>, Announce)
  	Notify(SharpMUSH.Library.Models.SharpPlayer: SharpMUSH.Library.Models.SharpPlayer, *System.String:   sql_platform: disabled*, <null>, Announce)
  	Notify(SharpMUSH.Library.Models.SharpPlayer: SharpMUSH.Library.Models.SharpPlayer, *System.String:   sql_username: mush*, <null>, Announce)
  	Notify(SharpMUSH.Library.Models.SharpPlayer: SharpMUSH.Library.Models.SharpPlayer, *System.String:   ssl_ip_addr: null*, <null>, Announce)
  	Notify(SharpMUSH.Library.Models.SharpPlayer: SharpMUSH.Library.Models.SharpPlayer, *System.String:   ssl_port: 0*, <null>, Announce)
  	Notify(SharpMUSH.Library.Models.SharpPlayer: SharpMUSH.Library.Models.SharpPlayer, *System.String:   ssl_portal_port: 7296*, <null>, Announce)
  	Notify(SharpMUSH.Library.Models.SharpPlayer: SharpMUSH.Library.Models.SharpPlayer, *System.String:   ssl_require_clientcert: False*, <null>, Announce)
  	Notify(SharpMUSH.Library.Models.SharpPlayer: SharpMUSH.Library.Models.SharpPlayer, *System.String:   use_dns: True*, <null>, Announce)
  	Notify(SharpMUSH.Library.Models.SharpPlayer: SharpMUSH.Library.Models.SharpPlayer, *System.String:   use_ws: True*, <null>, Announce)
  	Notify(SharpMUSH.Library.Models.SharpPlayer: SharpMUSH.Library.Models.SharpPlayer, *System.String:   ws_url: /wsclient*, <null>, Announce)
  	Notify(SharpMUSH.Library.Models.SharpPlayer: SharpMUSH.Library.Models.SharpPlayer, *System.String: Attribute DOING SET.*, *SharpMUSH.Library.Models.SharpPlayer: SharpMUSH.Library.Models.SharpPlayer*, Announce)
  	Notify(SharpMUSH.Library.Models.SharpPlayer: SharpMUSH.Library.Models.SharpPlayer, *System.String: No configuration category or option named 'test_string_CONFIG_invalid_option'.*, <null>, Announce)
  	Notify(SharpMUSH.Library.Models.SharpPlayer: SharpMUSH.Library.Models.SharpPlayer, *System.String: Attribute MONIKER SET.*, *SharpMUSH.Library.Models.SharpPlayer: SharpMUSH.Library.Models.SharpPlayer*, Announce)
  	Notify(SharpMUSH.Library.Models.SharpPlayer: SharpMUSH.Library.Models.SharpPlayer, *System.String: Moniker set.*, <null>, Announce)
  	Notify(SharpMUSH.Library.Models.SharpPlayer: SharpMUSH.Library.Models.SharpPlayer, *System.String: Usage: @motd[/<type>] <message>*, <null>, Announce)
  	Notify(SharpMUSH.Library.Models.SharpPlayer: SharpMUSH.Library.Models.SharpPlayer, *System.String: Current Message of the Day settings:*, <null>, Announce)
  	Notify(SharpMUSH.Library.Models.SharpPlayer: SharpMUSH.Library.Models.SharpPlayer, *System.String:   Connect MOTD File: txt/motd.txt*, <null>, Announce)
  	Notify(SharpMUSH.Library.Models.SharpPlayer: SharpMUSH.Library.Models.SharpPlayer, *System.String:   Connect MOTD HTML: txt/motd.html*, <null>, Announce)
  	Notify(SharpMUSH.Library.Models.SharpPlayer: SharpMUSH.Library.Models.SharpPlayer, *System.String:   Wizard MOTD File: txt/wizmotd.txt*, <null>, Announce)
  	Notify(SharpMUSH.Library.Models.SharpPlayer: SharpMUSH.Library.Models.SharpPlayer, *System.String:   Wizard MOTD HTML: txt/wizmotd.html*, <null>, Announce)
  	Notify(SharpMUSH.Library.Models.SharpPlayer: SharpMUSH.Library.Models.SharpPlayer, *System.String: *, <null>, Announce)
  	Notify(SharpMUSH.Library.Models.SharpPlayer: SharpMUSH.Library.Models.SharpPlayer, *System.String: Temporary Message of the Day (cleared on restart):*, <null>, Announce)
  	Notify(SharpMUSH.Library.Models.SharpPlayer: SharpMUSH.Library.Models.SharpPlayer, *System.String:   Connect MOTD: (not set)*, <null>, Announce)
  	Notify(SharpMUSH.Library.Models.SharpPlayer: SharpMUSH.Library.Models.SharpPlayer, *System.String:   Wizard MOTD:  (not set)*, <null>, Announce)
  	Notify(SharpMUSH.Library.Models.SharpPlayer: SharpMUSH.Library.Models.SharpPlayer, *System.String:   Down MOTD:    (not set)*, <null>, Announce)
  	Notify(SharpMUSH.Library.Models.SharpPlayer: SharpMUSH.Library.Models.SharpPlayer, *System.String:   Full MOTD:    (not set)*, <null>, Announce)
  	Notify(SharpMUSH.Library.Models.SharpPlayer: SharpMUSH.Library.Models.SharpPlayer, *System.String: Usage: @wizmotd <message>*, <null>, Announce)
  	Notify(SharpMUSH.Library.Models.SharpPlayer: SharpMUSH.Library.Models.SharpPlayer, *System.String: Usage: @rejectmotd <message>*, <null>, Announce)
  	Notify(SharpMUSH.Library.Models.SharpPlayer: SharpMUSH.Library.Models.SharpPlayer, *System.String: mud_name: PennMUSH Emulation by SharpMUSH*, <null>, Announce)
  	Notify(SharpMUSH.Library.Models.SharpPlayer: SharpMUSH.Library.Models.SharpPlayer, *System.String:   Description: Name of your MUSH as displayed to players*, <null>, Announce)
  	Notify(SharpMUSH.Library.Models.SharpPlayer: SharpMUSH.Library.Models.SharpPlayer, *System.String:   Category: Net*, <null>, Announce)
  	Notify(SharpMUSH.Library.Models.SharpPlayer: SharpMUSH.Library.Models.SharpPlayer, *System.String: Player Name            On For   Idle  Doing                           
  God                        3s     0s  Test activity                   
  1 players logged in.*, <null>, Announce)
  	Notify(SharpMUSH.Library.Models.SharpPlayer: SharpMUSH.Library.Models.SharpPlayer, *System.String: @enable is equivalent to @config/set noisy_whisper=yes*, <null>, Announce)
  	Notify(SharpMUSH.Library.Models.SharpPlayer: SharpMUSH.Library.Models.SharpPlayer, *System.String: Runtime configuration modification is not yet implemented. Changes require server restart.*, <null>, Announce)
  	Notify(SharpMUSH.Library.Models.SharpPlayer: SharpMUSH.Library.Models.SharpPlayer, *System.String: Current value: noisy_whisper=False*, <null>, Announce)
  	Notify(SharpMUSH.Library.Models.SharpPlayer: SharpMUSH.Library.Models.SharpPlayer, *System.String: Option 'probate_judge' is not a boolean option. Use @config/set instead.*, <null>, Announce)
  	Notify(SharpMUSH.Library.Models.SharpPlayer: SharpMUSH.Library.Models.SharpPlayer, *System.String: Usage: @enable <option>*, <null>, Announce)
  	Notify(SharpMUSH.Library.Models.SharpPlayer: SharpMUSH.Library.Models.SharpPlayer, *System.String: Usage: @disable <option>*, <null>, Announce)
  	Notify(SharpMUSH.Library.Models.SharpPlayer: SharpMUSH.Library.Models.SharpPlayer, *System.String: Player Name            On For   Idle  Doing                           
  
  0 players logged in.*, <null>, Announce)
  	Notify(SharpMUSH.Library.Models.SharpPlayer: SharpMUSH.Library.Models.SharpPlayer, *System.String: No configuration option named 'test_string_DISABLE_invalid_option_xyz'.*, <null>, Announce)
  	Notify(SharpMUSH.Library.Models.SharpPlayer: SharpMUSH.Library.Models.SharpPlayer, *System.String: No configuration option named 'test_string_ENABLE_invalid_option_xyz'.*, <null>, Announce)
  	Notify(SharpMUSH.Library.Models.SharpPlayer: SharpMUSH.Library.Models.SharpPlayer, *System.String: @disable is equivalent to @config/set noisy_whisper=no*, <null>, Announce)
  	Notify(SharpMUSH.Library.Models.SharpPlayer: SharpMUSH.Library.Models.SharpPlayer, *System.String: Runtime configuration modification is not yet implemented. Changes require server restart.*, <null>, Announce)
  	Notify(SharpMUSH.Library.Models.SharpPlayer: SharpMUSH.Library.Models.SharpPlayer, *System.String: Current value: noisy_whisper=False*, <null>, Announce)
  	Notify(SharpMUSH.Library.Models.SharpPlayer: SharpMUSH.Library.Models.SharpPlayer, *System.String: Option 'mud_name' is not a boolean option. Use @config/set instead.*, <null>, Announce)
  	Notify(SharpMUSH.Library.Models.SharpPlayer: SharpMUSH.Library.Models.SharpPlayer, *System.String: Power 'TEST_POWER_E9AB9A3B' created with alias 'TPOW'.*, <null>, Announce)
  	Notify(SharpMUSH.Library.Models.SharpPlayer: SharpMUSH.Library.Models.SharpPlayer, *System.String: Object Powers:
  Name                 Alias              Type Restrictions
  -------------------- ------------------ -------------------
  Announce                                ROOM,PLAYER,EXIT,THING
  Boot                                    ROOM,PLAYER,EXIT,THING
  Builder                                 ROOM,PLAYER,EXIT,THING
  Can_Dark                                PLAYER
  Can_HTTP                                ROOM,PLAYER,EXIT,THING
  Can_Spoof                               ROOM,PLAYER,EXIT,THING
  Chat_Privs                              ROOM,PLAYER,EXIT,THING
  Debit                                   ROOM,PLAYER,EXIT,THING
  Functions                               ROOM,PLAYER,EXIT,THING
  Guest                                   ROOM,PLAYER,EXIT,THING
  Halt                                    ROOM,PLAYER,EXIT,THING
  Hide                                    ROOM,PLAYER,EXIT,THING
  Hook                                    ROOM,PLAYER,EXIT,THING
  Idle                                    ROOM,PLAYER,EXIT,THING
  Immortal                                ROOM,PLAYER,EXIT,THING
  Link_Anywhere                           ROOM,PLAYER,EXIT,THING
  Login                                   ROOM,PLAYER,EXIT,THING
  Long_Fingers                            ROOM,PLAYER,EXIT,THING
  Many_Attribs                            ROOM,PLAYER,EXIT,THING
  No_Pay                                  ROOM,PLAYER,EXIT,THING
  No_Quota                                ROOM,PLAYER,EXIT,THING
  Open_Anywhere                           ROOM,PLAYER,EXIT,THING
  Pemit_All                               ROOM,PLAYER,EXIT,THING
  Pick_DBRefs                             ROOM,PLAYER,EXIT,THING
  Player_Create                           ROOM,PLAYER,EXIT,THING
  Poll                                    ROOM,PLAYER,EXIT,THING
  Pueblo_Send                             ROOM,PLAYER,EXIT,THING
  Queue                                   ROOM,PLAYER,EXIT,THING
  Search                                  ROOM,PLAYER,EXIT,THING
  See_All                                 ROOM,PLAYER,EXIT,THING
  See_Queue                               ROOM,PLAYER,EXIT,THING
  See_OOB                                 ROOM,PLAYER,EXIT,THING
  SQL_OK                                  ROOM,PLAYER,EXIT,THING
  Tport_Anything                          ROOM,PLAYER,EXIT,THING
  Tport_Anywhere                          ROOM,PLAYER,EXIT,THING
  Unkillable                              ROOM,PLAYER,EXIT,THING*, <null>, Announce)
  	Notify(SharpMUSH.Library.Models.SharpPlayer: SharpMUSH.Library.Models.SharpPlayer, *System.String: Object Flags:
  Name                 Symbol Type Restrictions
  -------------------- ------ -------------------
  WIZARD               W      ROOM,PLAYER,EXIT,THING
  ABODE                A      ROOM
  ANSI                 A      PLAYER
  CHOWN_OK             C      ROOM,PLAYER,THING
  COLOR                C      PLAYER
  DARK                 D      ROOM,PLAYER,EXIT,THING
  FIXED                F      PLAYER
  FLOATING             F      ROOM
  HAVEN                H      PLAYER
  TRUST                I      ROOM,PLAYER,EXIT,THING
  JUDGE                J      PLAYER
  JUMP_OK              J      ROOM
  LINK_OK              L      ROOM,PLAYER,EXIT,THING
  MONITOR              M      ROOM,PLAYER,THING
  NO_LEAVE             N      THING
  NO_TEL               N      ROOM
  OPAQUE               O      ROOM,PLAYER,EXIT,THING
  QUIET                Q      ROOM,PLAYER,EXIT,THING
  UNFINDABLE           U      ROOM,PLAYER,EXIT,THING
  VISUAL               V      ROOM,PLAYER,EXIT,THING
  SAFE                 X      ROOM,PLAYER,EXIT,THING
  SHARED               Z      PLAYER
  Z_TEL                Z      ROOM,THING
  LISTEN_PARENT        ^      PLAYER,THING,ROOM
  NOACCENTS            ~      PLAYER,THING,ROOM
  UNREGISTERED         ?      PLAYER
  NOSPOOF              "      ROOM,PLAYER,EXIT,THING
  AUDIBLE              a      ROOM,PLAYER,EXIT,THING
  DEBUG                b      ROOM,PLAYER,EXIT,THING
  DESTROY_OK           d      THING
  ENTER_OK             e      ROOM,PLAYER,EXIT,THING
  GAGGED               g      PLAYER
  HALT                 h      ROOM,PLAYER,EXIT,THING
  ORPHAN               i      ROOM,PLAYER,EXIT,THING
  JURY_OK              j      PLAYER
  KEEPALIVE            k      PLAYER
  LIGHT                l      ROOM,PLAYER,EXIT,THING
  MISTRUST             m      PLAYER,EXIT,THING
  MISTRUST             m      PLAYER,EXIT,THING
  NO_COMMAND           n      ROOM,PLAYER,EXIT,THING
  ON_VACATION          o      PLAYER
  PUPPET               P      THING
  ROYALTY              r      ROOM,PLAYER,EXIT,THING
  SUSPECT              s      ROOM,PLAYER,EXIT,THING
  TRANSPARENT          t      ROOM,PLAYER,EXIT,THING
  VERBOSE              v      ROOM,PLAYER,EXIT,THING
  NO_WARN              w      ROOM,PLAYER,EXIT,THING
  CLOUDY               x      EXIT
  CHAN_USEFIRSTMATCH          ROOM,PLAYER,EXIT,THING
  HEAR_CONNECT                PLAYER
  HEAVY                       ROOM,PLAYER,EXIT,THING
  LOUD                        PLAYER
  NO_LOG                      PLAYER
  PARANOID                    PLAYER
  TRACK_MONEY                 PLAYER
  XTERM256                    PLAYER
  MONIKER                     ROOM,PLAYER,EXIT,THING
  OPEN_OK                     ROOM
  GOING                g      ROOM,PLAYER,EXIT,THING
  GOING_TWICE                 ROOM,PLAYER,EXIT,THING*, <null>, Announce)
  	Notify(SharpMUSH.Library.Models.SharpPlayer: SharpMUSH.Library.Models.SharpPlayer, *System.String: Flag 'TEST_FLAG_36F4C586' created with symbol 'T'.*, <null>, Announce)
  	Notify(SharpMUSH.Library.Models.SharpPlayer: SharpMUSH.Library.Models.SharpPlayer, *System.String: Flag 'TEST_FLAG_EF8D1235' created with symbol 'T'.*, <null>, Announce)
  	Notify(SharpMUSH.Library.Models.SharpPlayer: SharpMUSH.Library.Models.SharpPlayer, *System.String: Flag 'TEST_FLAG_7EE4E12F' created with symbol 'T'.*, <null>, Announce)
  	Notify(SharpMUSH.Library.Models.SharpPlayer: SharpMUSH.Library.Models.SharpPlayer, *System.String: Flag 'TEST_FLAG_7EE4E12F' already exists.*, <null>, Announce)
  	Notify(SharpMUSH.Library.Models.SharpPlayer: SharpMUSH.Library.Models.SharpPlayer, *System.String: Flag 'TEST_FLAG_310C1EAA' deleted.*, <null>, Announce)
  	Notify(SharpMUSH.Library.Models.SharpPlayer: SharpMUSH.Library.Models.SharpPlayer, *System.String: Cannot delete system flag 'WIZARD'.*, <null>, Announce)
  	Notify(SharpMUSH.Library.Models.SharpPlayer: SharpMUSH.Library.Models.SharpPlayer, *System.String: Flag 'NONEXISTENT_FLAG_XYZ123' not found.*, <null>, Announce)
  	Notify(SharpMUSH.Library.Models.SharpPlayer: SharpMUSH.Library.Models.SharpPlayer, *System.String: Power 'TEST_POWER_ENABLE_556A3B81' created with alias 'TPOW'.*, <null>, Announce)
  	Notify(SharpMUSH.Library.Models.SharpPlayer: SharpMUSH.Library.Models.SharpPlayer, *System.String: Power 'TEST_POWER_ENABLE_556A3B81' disabled.*, <null>, Announce)
  	Notify(SharpMUSH.Library.Models.SharpPlayer: SharpMUSH.Library.Models.SharpPlayer, *System.String: Power 'TEST_POWER_ENABLE_556A3B81' enabled.*, <null>, Announce)
  	Notify(SharpMUSH.Library.Models.SharpPlayer: SharpMUSH.Library.Models.SharpPlayer, *System.String: Power 'TEST_POWER_DISABLE_FA5E4FB5' created with alias 'TPOW'.*, <null>, Announce)
  	Notify(SharpMUSH.Library.Models.SharpPlayer: SharpMUSH.Library.Models.SharpPlayer, *System.String: Power 'TEST_POWER_DISABLE_FA5E4FB5' disabled.*, <null>, Announce)
  	Notify(SharpMUSH.Library.Models.SharpPlayer: SharpMUSH.Library.Models.SharpPlayer, *System.String: Cannot disable system power 'Builder'.*, <null>, Announce)
  	Notify(SharpMUSH.Library.Models.SharpPlayer: SharpMUSH.Library.Models.SharpPlayer, *System.String: Flag 'TEST_FLAG_ENABLE_F9F4489C' created with symbol 'T'.*, <null>, Announce)
  	Notify(SharpMUSH.Library.Models.SharpPlayer: SharpMUSH.Library.Models.SharpPlayer, *System.String: Flag 'TEST_FLAG_ENABLE_F9F4489C' disabled.*, <null>, Announce)
  	Notify(SharpMUSH.Library.Models.SharpPlayer: SharpMUSH.Library.Models.SharpPlayer, *System.String: Flag 'TEST_FLAG_ENABLE_F9F4489C' enabled.*, <null>, Announce)
  	Notify(SharpMUSH.Library.Models.SharpPlayer: SharpMUSH.Library.Models.SharpPlayer, *System.String: Flag 'TEST_FLAG_DISABLE_842F3BDD' created with symbol 'T'.*, <null>, Announce)
  	Notify(SharpMUSH.Library.Models.SharpPlayer: SharpMUSH.Library.Models.SharpPlayer, *System.String: Flag 'TEST_FLAG_DISABLE_842F3BDD' disabled.*, <null>, Announce)
  	Notify(SharpMUSH.Library.Models.SharpPlayer: SharpMUSH.Library.Models.SharpPlayer, *System.String: @POWER/ADD requires power name and alias.*, <null>, Announce)
  	Notify(SharpMUSH.Library.Models.SharpPlayer: SharpMUSH.Library.Models.SharpPlayer, *System.String: @FLAG/ADD requires flag name and symbol.*, <null>, Announce)
  	Notify(SharpMUSH.Library.Models.SharpPlayer: SharpMUSH.Library.Models.SharpPlayer, *System.String: Power 'NONEXISTENT_POWER_XYZ123' not found.*, <null>, Announce)
  	Notify(SharpMUSH.Library.Models.SharpPlayer: SharpMUSH.Library.Models.SharpPlayer, *System.String: Cannot delete system power 'BUILDER'.*, <null>, Announce)
  	Notify(SharpMUSH.Library.Models.SharpPlayer: SharpMUSH.Library.Models.SharpPlayer, *System.String: Power 'TEST_POWER_9E7AFEEF' deleted.*, <null>, Announce)
  	Notify(SharpMUSH.Library.Models.SharpPlayer: SharpMUSH.Library.Models.SharpPlayer, *System.String: Power 'TEST_POWER_F0978529' created with alias 'TPOW'.*, <null>, Announce)
  	Notify(SharpMUSH.Library.Models.SharpPlayer: SharpMUSH.Library.Models.SharpPlayer, *System.String: Cannot disable system flag 'WIZARD'.*, <null>, Announce)
  	Notify(SharpMUSH.Library.Models.SharpPlayer: SharpMUSH.Library.Models.SharpPlayer, *System.String: You aren't following anyone.*, <null>, Announce)
  	Notify(SharpMUSH.Library.Models.SharpPlayer: SharpMUSH.Library.Models.SharpPlayer, *System.String: Created EmptyTestBox (#5:1774909470451).*, <null>, Announce)
  	Notify(SharpMUSH.Library.Models.SharpPlayer: SharpMUSH.Library.Models.SharpPlayer, *System.String: Created EmptyTestThing (#6:1774909470473).*, <null>, Announce)
  	Notify(SharpMUSH.Library.Models.SharpPlayer: SharpMUSH.Library.Models.SharpPlayer, *System.String: Flag: ENTER_OK Set.*, <null>, Announce)
  	Notify(SharpMUSH.Library.Models.SharpPlayer: SharpMUSH.Library.Models.SharpPlayer, *System.String: You don't have that.*, <null>, Announce)
  	Notify(SharpMUSH.Library.Models.SharpPlayer: SharpMUSH.Library.Models.SharpPlayer, *System.String: You aren't carrying that.*, <null>, Announce)
  	Notify(SharpMUSH.Library.Models.SharpPlayer: SharpMUSH.Library.Models.SharpPlayer, *System.String: EmptyTestBox is already empty.*, <null>, Announce)
  	Notify(SharpMUSH.Library.Models.SharpPlayer: SharpMUSH.Library.Models.SharpPlayer, *System.String: Created EmptyTestContainer (#7:1774909470613).*, <null>, Announce)
  	Notify(SharpMUSH.Library.Models.SharpPlayer: SharpMUSH.Library.Models.SharpPlayer, *System.String: Created EmptyTestItem1 (#8:1774909470637).*, <null>, Announce)
  	Notify(SharpMUSH.Library.Models.SharpPlayer: SharpMUSH.Library.Models.SharpPlayer, *System.String: Created EmptyTestItem2 (#9:1774909470654).*, <null>, Announce)
  	Notify(SharpMUSH.Library.Models.SharpPlayer: SharpMUSH.Library.Models.SharpPlayer, *System.String: Flag: ENTER_OK Set.*, <null>, Announce)
  	Notify(SharpMUSH.Library.Models.SharpPlayer: SharpMUSH.Library.Models.SharpPlayer, *System.String: Taken.*, <null>, Announce)
  	Notify(SharpMUSH.Library.Models.SharpPlayer: SharpMUSH.Library.Models.SharpPlayer, *System.String: You don't have that.*, <null>, Announce)
  	Notify(SharpMUSH.Library.Models.SharpPlayer: SharpMUSH.Library.Models.SharpPlayer, *System.String: You don't have that.*, <null>, Announce)
  	Notify(SharpMUSH.Library.Models.SharpPlayer: SharpMUSH.Library.Models.SharpPlayer, *System.String: EmptyTestContainer is already empty.*, <null>, Announce)
  	Notify(SharpMUSH.Library.Models.SharpPlayer: SharpMUSH.Library.Models.SharpPlayer, *System.String: God is not following you.*, <null>, Announce)
  	Notify(SharpMUSH.Library.Models.SharpPlayer: SharpMUSH.Library.Models.SharpPlayer, *System.String: You stop following and dismiss all followers.*, <null>, Announce)
  	Notify(SharpMUSH.Library.Models.SharpPlayer: SharpMUSH.Library.Models.SharpPlayer, *System.String: You can't follow yourself.*, <null>, Announce)
  	Notify(SharpMUSH.Library.Models.SharpThing: SharpMUSH.Library.Models.SharpThing, *MarkupString.MarkupStringModule+MarkupString: God types --> #1=skill*, *SharpMUSH.Library.Models.SharpPlayer: SharpMUSH.Library.Models.SharpPlayer*, *Emit*)
  	Notify(SharpMUSH.Library.Models.SharpThing: SharpMUSH.Library.Models.SharpThing, *MarkupString.MarkupStringModule+MarkupString: God types --> #1=skill*, *SharpMUSH.Library.Models.SharpPlayer: SharpMUSH.Library.Models.SharpPlayer*, *Emit*)
  	Notify(SharpMUSH.Library.Models.SharpThing: SharpMUSH.Library.Models.SharpThing, *MarkupString.MarkupStringModule+MarkupString: God types --> #1=skill*, *SharpMUSH.Library.Models.SharpPlayer: SharpMUSH.Library.Models.SharpPlayer*, *Emit*)
  	Notify(SharpMUSH.Library.Models.SharpThing: SharpMUSH.Library.Models.SharpThing, *MarkupString.MarkupStringModule+MarkupString: God types --> #1=skill*, *SharpMUSH.Library.Models.SharpPlayer: SharpMUSH.Library.Models.SharpPlayer*, *Emit*)
  	Notify(SharpMUSH.Library.Models.SharpPlayer: SharpMUSH.Library.Models.SharpPlayer, *MarkupString.MarkupStringModule+MarkupString: God types --> #1=skill*, *SharpMUSH.Library.Models.SharpPlayer: SharpMUSH.Library.Models.SharpPlayer*, *Emit*)
  	Notify(SharpMUSH.Library.Models.SharpPlayer: SharpMUSH.Library.Models.SharpPlayer, *MarkupString.MarkupStringModule+MarkupString: God types --> #1=skill*, *SharpMUSH.Library.Models.SharpPlayer: SharpMUSH.Library.Models.SharpPlayer*, *Emit*)
  	Notify(SharpMUSH.Library.Models.SharpPlayer: SharpMUSH.Library.Models.SharpPlayer, *MarkupString.MarkupStringModule+MarkupString: God types --> #1=skill*, *SharpMUSH.Library.Models.SharpPlayer: SharpMUSH.Library.Models.SharpPlayer*, *Emit*)
  	Notify(SharpMUSH.Library.Models.SharpPlayer: SharpMUSH.Library.Models.SharpPlayer, *System.String: Huh?  (Type "help" for help.)*, <null>, Announce)
  	Notify(SharpMUSH.Library.Models.SharpPlayer: SharpMUSH.Library.Models.SharpPlayer, *System.String: The SCORE command is not supported.*, <null>, Announce)
  	Notify(SharpMUSH.Library.Models.SharpPlayer: SharpMUSH.Library.Models.SharpPlayer, *System.String: SharpMUSH does not track money or pennies.*, <null>, Announce)
  	Notify(SharpMUSH.Library.Models.SharpPlayer: SharpMUSH.Library.Models.SharpPlayer, *System.String: You try to buy 'sword'.*, <null>, Announce)
  	Notify(SharpMUSH.Library.Models.SharpPlayer: SharpMUSH.Library.Models.SharpPlayer, *System.String: The BUY command requires a full economy system implementation.*, <null>, Announce)
  	Notify(SharpMUSH.Library.Models.SharpPlayer: SharpMUSH.Library.Models.SharpPlayer, *System.String: Features needed: PRICELIST attribute parsing, @lock/pay checking, penny transfers.*, <null>, Announce)
  	Notify(SharpMUSH.Library.Models.SharpPlayer: SharpMUSH.Library.Models.SharpPlayer, *System.String: Do what with them?*, <null>, Announce)
  	Notify(SharpMUSH.Library.Models.SharpPlayer: SharpMUSH.Library.Models.SharpPlayer, *System.String: Hook 'EXTEND' set for command 'HOOKTEST_IGSWITCH_90E2B306DC0F404AA8D48110EACBAA61'.*, <null>, Announce)
  	Notify(SharpMUSH.Library.Models.SharpPlayer: SharpMUSH.Library.Models.SharpPlayer, *System.String: Hook 'EXTEND' set for command 'HOOKTEST_EXTEND_7B9527B5C4AD4E5692A3D7B202DF6F69'.*, <null>, Announce)
  	Notify(SharpMUSH.Library.Models.SharpPlayer: SharpMUSH.Library.Models.SharpPlayer, *System.String: Hook 'BEFORE' set for command 'HOOKTEST_DEFAULT_C0F8209DA868453993646D7A985728D3'.*, <null>, Announce)
  	Notify(SharpMUSH.Library.Models.SharpPlayer: SharpMUSH.Library.Models.SharpPlayer, *System.String: Hook 'BEFORE' set for command 'HOOKTEST_MULTI_27FA7440694545E9AA3D3F7E5D0E8343'.*, <null>, Announce)
  	Notify(SharpMUSH.Library.Models.SharpPlayer: SharpMUSH.Library.Models.SharpPlayer, *System.String: Hook 'AFTER' set for command 'HOOKTEST_MULTI_27FA7440694545E9AA3D3F7E5D0E8343'.*, <null>, Announce)
  	Notify(SharpMUSH.Library.Models.SharpPlayer: SharpMUSH.Library.Models.SharpPlayer, *System.String: Hook 'IGNORE' set for command 'HOOKTEST_MULTI_27FA7440694545E9AA3D3F7E5D0E8343'.*, <null>, Announce)
  	Notify(SharpMUSH.Library.Models.SharpPlayer: SharpMUSH.Library.Models.SharpPlayer, *System.String: Hook 'BEFORE' set for command 'HOOKTEST_INPLACE_BC6ADB80905F4F90A581300ECD852215' (inline).*, <null>, Announce)
  	Notify(SharpMUSH.Library.Models.SharpPlayer: SharpMUSH.Library.Models.SharpPlayer, *System.String: Hook 'BEFORE' set for command 'HOOKTEST_INLINE_39FC73499FC74CFB9B8AB143B0659574' (inline).*, <null>, Announce)
  	Notify(SharpMUSH.Library.Models.SharpPlayer: SharpMUSH.Library.Models.SharpPlayer, *System.String: No 'BEFORE' hook set for command 'HOOKTEST_CLEAR_0E30049957AE43A1A2222DE5CC7BC33D'.*, <null>, Announce)
  	Notify(SharpMUSH.Library.Models.SharpPlayer: SharpMUSH.Library.Models.SharpPlayer, *System.String: Hook 'BEFORE' set for command 'HOOKTEST_SET_2FB3DD950D24474291D18D6AFD5B85B5'.*, <null>, Announce)
  	Notify(SharpMUSH.Library.Models.SharpPlayer: SharpMUSH.Library.Models.SharpPlayer, *System.String: No hooks set for command 'HOOKTEST_LIST_E8081791F1864103A58E58AA7CDA67DA'.*, <null>, Announce)
  	Notify(SharpMUSH.Library.Models.SharpPlayer: SharpMUSH.Library.Models.SharpPlayer, *System.String: (HTTP): Content-Type set to application/json*, <null>, Announce)
  	Notify(SharpMUSH.Library.Models.SharpPlayer: SharpMUSH.Library.Models.SharpPlayer, *System.String: (HTTP): Status 200 OK*, <null>, Announce)
  	Notify(SharpMUSH.Library.Models.SharpPlayer: SharpMUSH.Library.Models.SharpPlayer, *System.String: (HTTP): Status 404 Not Found*, <null>, Announce)
  	Notify(SharpMUSH.Library.Models.SharpPlayer: SharpMUSH.Library.Models.SharpPlayer, *System.String: Status code required.*, <null>, Announce)
  	Notify(SharpMUSH.Library.Models.SharpPlayer: SharpMUSH.Library.Models.SharpPlayer, *System.String: Status line must be less than 40 characters.*, <null>, Announce)
  	Notify(SharpMUSH.Library.Models.SharpPlayer: SharpMUSH.Library.Models.SharpPlayer, *System.String: Header name cannot be empty.*, <null>, Announce)
  	Notify(SharpMUSH.Library.Models.SharpPlayer: SharpMUSH.Library.Models.SharpPlayer, *System.String: Cannot set Content-Length header.*, <null>, Announce)
  	Notify(SharpMUSH.Library.Models.SharpPlayer: SharpMUSH.Library.Models.SharpPlayer, *System.String: (HTTP): Header X-Custom-Header: *, <null>, Announce)
  	Notify(SharpMUSH.Library.Models.SharpPlayer: SharpMUSH.Library.Models.SharpPlayer, *System.String: (HTTP): Header X-Powered-By: MUSHCode*, <null>, Announce)
  	Notify(SharpMUSH.Library.Models.SharpPlayer: SharpMUSH.Library.Models.SharpPlayer, *System.String: Content-Type cannot be empty.*, <null>, Announce)
  	Notify(SharpMUSH.Library.Models.SharpPlayer: SharpMUSH.Library.Models.SharpPlayer, *System.String: (HTTP): Content-Type set to text/html*, <null>, Announce)
  	Notify(SharpMUSH.Library.Models.SharpPlayer: SharpMUSH.Library.Models.SharpPlayer, *System.String: (HTTP): Status 500*, <null>, Announce)
  	Notify(SharpMUSH.Library.Models.SharpPlayer: SharpMUSH.Library.Models.SharpPlayer, *System.String: Status code must be a 3-digit number.*, <null>, Announce)
  	Notify(SharpMUSH.Library.Models.SharpPlayer: SharpMUSH.Library.Models.SharpPlayer, *System.String: Status code must be a 3-digit number.*, <null>, Announce)
  	Notify(SharpMUSH.Library.Models.SharpPlayer: SharpMUSH.Library.Models.SharpPlayer, *System.String: (HTTP): Header Set-Cookie: name=Bob; Max-Age=3600; Version=1*, <null>, Announce)
  	Notify(SharpMUSH.Library.Models.SharpPlayer: SharpMUSH.Library.Models.SharpPlayer, *System.String: Message logged to Command log.*, <null>, Announce)
  	Notify(SharpMUSH.Library.Models.SharpPlayer: SharpMUSH.Library.Models.SharpPlayer, *System.String: Message logged to Command log.*, <null>, Announce)
  	Notify(SharpMUSH.Library.Models.SharpPlayer: SharpMUSH.Library.Models.SharpPlayer, *System.String: Message logged to Wizard log.*, <null>, Announce)
  	Notify(SharpMUSH.Library.Models.SharpPlayer: SharpMUSH.Library.Models.SharpPlayer, *System.String: Message logged to Error log.*, <null>, Announce)
  	Notify(SharpMUSH.Library.Models.SharpPlayer: SharpMUSH.Library.Models.SharpPlayer, *System.String: Usage: @log[/<switch>] <message> or @log/recall[/<switch>] [<number>]*, <null>, Announce)
  	Notify(SharpMUSH.Library.Models.SharpPlayer: SharpMUSH.Library.Models.SharpPlayer, *System.String: No log entries found for category 'Command'.*, <null>, Announce)
  	Notify(SharpMUSH.Library.Models.SharpPlayer: SharpMUSH.Library.Models.SharpPlayer, *System.String: Locked.*, <null>, Announce)
  	Notify(SharpMUSH.Library.Models.SharpPlayer: SharpMUSH.Library.Models.SharpPlayer, *System.String: No such lock: Basic*, <null>, Announce)
  	Notify(SharpMUSH.Library.Models.SharpPlayer: SharpMUSH.Library.Models.SharpPlayer, *System.String: Log Management Status:*, <null>, Announce)
  	Notify(SharpMUSH.Library.Models.SharpPlayer: SharpMUSH.Library.Models.SharpPlayer, *System.String:   SharpMUSH uses .NET logging infrastructure*, <null>, Announce)
  	Notify(SharpMUSH.Library.Models.SharpPlayer: SharpMUSH.Library.Models.SharpPlayer, *System.String:   Logs are managed by configured logging providers*, <null>, Announce)
  	Notify(SharpMUSH.Library.Models.SharpPlayer: SharpMUSH.Library.Models.SharpPlayer, *System.String:   Available log types: CMD, CONN, ERR, TRACE, WIZ*, <null>, Announce)
  	Notify(SharpMUSH.Library.Models.SharpPlayer: SharpMUSH.Library.Models.SharpPlayer, *System.String:   Available actions: ROTATE, TRIM, WIPE*, <null>, Announce)
  	Notify(SharpMUSH.Library.Models.SharpPlayer: SharpMUSH.Library.Models.SharpPlayer, *System.String:   Note: Direct log file manipulation not yet implemented*, <null>, Announce)
  	Notify(SharpMUSH.Library.Models.SharpPlayer: SharpMUSH.Library.Models.SharpPlayer, *System.String: MAIL: You sent a message to God.*, <null>, Announce)
  	Notify(SharpMUSH.Library.Models.SharpPlayer: SharpMUSH.Library.Models.SharpPlayer, *System.String: MAIL: You have received a message (1) from God.*, <null>, Announce)
  	Notify(SharpMUSH.Library.Models.SharpPlayer: SharpMUSH.Library.Models.SharpPlayer, *System.String: @MALIAS/LIST: Mail alias system not yet implemented.*, <null>, Announce)
  	Notify(SharpMUSH.Library.Models.SharpPlayer: SharpMUSH.Library.Models.SharpPlayer, *System.String: This command would manage mail distribution lists and aliases.*, <null>, Announce)
  	Notify(SharpMUSH.Library.Models.SharpPlayer: SharpMUSH.Library.Models.SharpPlayer, *System.String: Created MsgBasic_1774909472895_2745 (#14:1774909472909).*, <null>, Announce)
  	Notify(SharpMUSH.Library.Models.SharpPlayer: SharpMUSH.Library.Models.SharpPlayer, *System.String: Attribute TESTFORMAT_MSGBASIC_93751 SET.*, *SharpMUSH.Library.Models.SharpThing: SharpMUSH.Library.Models.SharpThing*, Announce)
  	Notify(SharpMUSH.Library.Models.SharpPlayer: SharpMUSH.Library.Models.SharpPlayer, *System.String: MsgBasic_1774909472895_2745/TESTFORMAT_MSGBASIC_93751 - Set.*, <null>, Announce)
  	Notify(SharpMUSH.Library.Models.SharpThing: SharpMUSH.Library.Models.SharpThing, *MarkupString.MarkupStringModule+MarkupString: MessageBasic_UniqueValue_93751*, *SharpMUSH.Library.Models.SharpPlayer: SharpMUSH.Library.Models.SharpPlayer*, Announce)
  	Notify(SharpMUSH.Library.Models.SharpPlayer: SharpMUSH.Library.Models.SharpPlayer, *System.String: Created MsgWithAttr_1774909472971_1786 (#15:1774909472984).*, <null>, Announce)
  	Notify(SharpMUSH.Library.Models.SharpPlayer: SharpMUSH.Library.Models.SharpPlayer, *System.String: Attribute TESTFORMAT_MSGATTR_84729 SET.*, *SharpMUSH.Library.Models.SharpThing: SharpMUSH.Library.Models.SharpThing*, Announce)
  	Notify(SharpMUSH.Library.Models.SharpPlayer: SharpMUSH.Library.Models.SharpPlayer, *System.String: MsgWithAttr_1774909472971_1786/TESTFORMAT_MSGATTR_84729 - Set.*, <null>, Announce)
  	Notify(SharpMUSH.Library.Models.SharpThing: SharpMUSH.Library.Models.SharpThing, *MarkupString.MarkupStringModule+MarkupString: MessageWithAttribute_Result_84729:15*, *SharpMUSH.Library.Models.SharpPlayer: SharpMUSH.Library.Models.SharpPlayer*, Announce)
  	Notify(SharpMUSH.Library.Models.SharpPlayer: SharpMUSH.Library.Models.SharpPlayer, *System.String: Created MsgMissingAttr_1774909473031_9726 (#16:1774909473045).*, <null>, Announce)
  	Notify(SharpMUSH.Library.Models.SharpThing: SharpMUSH.Library.Models.SharpThing, *MarkupString.MarkupStringModule+MarkupString: DefaultMessage_UniqueValue_72914*, *SharpMUSH.Library.Models.SharpPlayer: SharpMUSH.Library.Models.SharpPlayer*, Announce)
  	Notify(SharpMUSH.Library.Models.SharpPlayer: SharpMUSH.Library.Models.SharpPlayer, *System.String: Created MsgNospoof_1774909473072_5824 (#17:1774909473100).*, <null>, Announce)
  	Notify(SharpMUSH.Library.Models.SharpPlayer: SharpMUSH.Library.Models.SharpPlayer, *System.String: Attribute TESTFORMAT_MSGNOSPOOF_48203 SET.*, *SharpMUSH.Library.Models.SharpThing: SharpMUSH.Library.Models.SharpThing*, Announce)
  	Notify(SharpMUSH.Library.Models.SharpPlayer: SharpMUSH.Library.Models.SharpPlayer, *System.String: MsgNospoof_1774909473072_5824/TESTFORMAT_MSGNOSPOOF_48203 - Set.*, <null>, Announce)
  	Notify(SharpMUSH.Library.Models.SharpThing: SharpMUSH.Library.Models.SharpThing, *MarkupString.MarkupStringModule+MarkupString: MessageNospoof_Value_48203*, *SharpMUSH.Library.Models.SharpPlayer: SharpMUSH.Library.Models.SharpPlayer*, *NSAnnounce*)
  	Notify(SharpMUSH.Library.Models.SharpPlayer: SharpMUSH.Library.Models.SharpPlayer, *System.String: Created OemitTarget_1774909473159_2460 (#18:1774909473174).*, <null>, Announce)
  	Notify(SharpMUSH.Library.Models.SharpPlayer: SharpMUSH.Library.Models.SharpPlayer, *System.String: Attribute OEMIT_TEST_ATTR_MSG SET.*, *SharpMUSH.Library.Models.SharpPlayer: SharpMUSH.Library.Models.SharpPlayer*, Announce)
  	Notify(SharpMUSH.Library.Models.SharpPlayer: SharpMUSH.Library.Models.SharpPlayer, *System.String: God/OEMIT_TEST_ATTR_MSG - Set.*, <null>, Announce)
  	Notify(SharpMUSH.Library.Models.SharpThing: SharpMUSH.Library.Models.SharpThing, *MarkupString.MarkupStringModule+MarkupString: OemitTestMsg_b3d3016078044d55a70ee4cc525a900c*, *SharpMUSH.Library.Models.SharpPlayer: SharpMUSH.Library.Models.SharpPlayer*, Announce)
  	Notify(SharpMUSH.Library.Models.SharpThing: SharpMUSH.Library.Models.SharpThing, *MarkupString.MarkupStringModule+MarkupString: OemitTestMsg_b3d3016078044d55a70ee4cc525a900c*, *SharpMUSH.Library.Models.SharpPlayer: SharpMUSH.Library.Models.SharpPlayer*, Announce)
  	Notify(SharpMUSH.Library.Models.SharpThing: SharpMUSH.Library.Models.SharpThing, *MarkupString.MarkupStringModule+MarkupString: OemitTestMsg_b3d3016078044d55a70ee4cc525a900c*, *SharpMUSH.Library.Models.SharpPlayer: SharpMUSH.Library.Models.SharpPlayer*, Announce)
  	Notify(SharpMUSH.Library.Models.SharpThing: SharpMUSH.Library.Models.SharpThing, *MarkupString.MarkupStringModule+MarkupString: OemitTestMsg_b3d3016078044d55a70ee4cc525a900c*, *SharpMUSH.Library.Models.SharpPlayer: SharpMUSH.Library.Models.SharpPlayer*, Announce)
  	Notify(SharpMUSH.Library.Models.SharpThing: SharpMUSH.Library.Models.SharpThing, *MarkupString.MarkupStringModule+MarkupString: OemitTestMsg_b3d3016078044d55a70ee4cc525a900c*, *SharpMUSH.Library.Models.SharpPlayer: SharpMUSH.Library.Models.SharpPlayer*, Announce)
  	Notify(SharpMUSH.Library.Models.SharpPlayer: SharpMUSH.Library.Models.SharpPlayer, *MarkupString.MarkupStringModule+MarkupString: OemitTestMsg_b3d3016078044d55a70ee4cc525a900c*, *SharpMUSH.Library.Models.SharpPlayer: SharpMUSH.Library.Models.SharpPlayer*, Announce)
  	Notify(SharpMUSH.Library.Models.SharpPlayer: SharpMUSH.Library.Models.SharpPlayer, *MarkupString.MarkupStringModule+MarkupString: OemitTestMsg_b3d3016078044d55a70ee4cc525a900c*, *SharpMUSH.Library.Models.SharpPlayer: SharpMUSH.Library.Models.SharpPlayer*, Announce)
  	Notify(SharpMUSH.Library.Models.SharpPlayer: SharpMUSH.Library.Models.SharpPlayer, *MarkupString.MarkupStringModule+MarkupString: OemitTestMsg_b3d3016078044d55a70ee4cc525a900c*, *SharpMUSH.Library.Models.SharpPlayer: SharpMUSH.Library.Models.SharpPlayer*, Announce)
  	Notify(SharpMUSH.Library.Models.SharpPlayer: SharpMUSH.Library.Models.SharpPlayer, *MarkupString.MarkupStringModule+MarkupString: OemitTestMsg_b3d3016078044d55a70ee4cc525a900c*, *SharpMUSH.Library.Models.SharpPlayer: SharpMUSH.Library.Models.SharpPlayer*, Announce)
  	Notify(SharpMUSH.Library.Models.SharpThing: SharpMUSH.Library.Models.SharpThing, *MarkupString.MarkupStringModule+MarkupString: OemitTestMsg_b3d3016078044d55a70ee4cc525a900c*, *SharpMUSH.Library.Models.SharpPlayer: SharpMUSH.Library.Models.SharpPlayer*, Announce)
  	Notify(SharpMUSH.Library.Models.SharpThing: SharpMUSH.Library.Models.SharpThing, *MarkupString.MarkupStringModule+MarkupString: OemitTestMsg_b3d3016078044d55a70ee4cc525a900c*, *SharpMUSH.Library.Models.SharpPlayer: SharpMUSH.Library.Models.SharpPlayer*, Announce)
  	Notify(SharpMUSH.Library.Models.SharpThing: SharpMUSH.Library.Models.SharpThing, *MarkupString.MarkupStringModule+MarkupString: OemitTestMsg_b3d3016078044d55a70ee4cc525a900c*, *SharpMUSH.Library.Models.SharpPlayer: SharpMUSH.Library.Models.SharpPlayer*, Announce)
  	Notify(SharpMUSH.Library.Models.SharpThing: SharpMUSH.Library.Models.SharpThing, *MarkupString.MarkupStringModule+MarkupString: OemitTestMsg_b3d3016078044d55a70ee4cc525a900c*, *SharpMUSH.Library.Models.SharpPlayer: SharpMUSH.Library.Models.SharpPlayer*, Announce)
  	Notify(SharpMUSH.Library.Models.SharpPlayer: SharpMUSH.Library.Models.SharpPlayer, *MarkupString.MarkupStringModule+MarkupString: OemitTestMsg_b3d3016078044d55a70ee4cc525a900c*, *SharpMUSH.Library.Models.SharpPlayer: SharpMUSH.Library.Models.SharpPlayer*, Announce)
  	Notify(SharpMUSH.Library.Models.SharpPlayer: SharpMUSH.Library.Models.SharpPlayer, *MarkupString.MarkupStringModule+MarkupString: OemitTestMsg_b3d3016078044d55a70ee4cc525a900c*, *SharpMUSH.Library.Models.SharpPlayer: SharpMUSH.Library.Models.SharpPlayer*, Announce)
  	Notify(SharpMUSH.Library.Models.SharpPlayer: SharpMUSH.Library.Models.SharpPlayer, *MarkupString.MarkupStringModule+MarkupString: OemitTestMsg_b3d3016078044d55a70ee4cc525a900c*, *SharpMUSH.Library.Models.SharpPlayer: SharpMUSH.Library.Models.SharpPlayer*, Announce)
  	Notify(SharpMUSH.Library.Models.SharpPlayer: SharpMUSH.Library.Models.SharpPlayer, *System.String: Created MsgNoisy_1774909473234_1871 (#19:1774909473250).*, <null>, Announce)
  	Notify(SharpMUSH.Library.Models.SharpPlayer: SharpMUSH.Library.Models.SharpPlayer, *System.String: Attribute TESTFORMAT_MSGNOISY_55193 SET.*, *SharpMUSH.Library.Models.SharpThing: SharpMUSH.Library.Models.SharpThing*, Announce)
  	Notify(SharpMUSH.Library.Models.SharpPlayer: SharpMUSH.Library.Models.SharpPlayer, *System.String: MsgNoisy_1774909473234_1871/TESTFORMAT_MSGNOISY_55193 - Set.*, <null>, Announce)
  	Notify(SharpMUSH.Library.Models.SharpThing: SharpMUSH.Library.Models.SharpThing, *MarkupString.MarkupStringModule+MarkupString: MessageNoisy_Value_55193*, *SharpMUSH.Library.Models.SharpPlayer: SharpMUSH.Library.Models.SharpPlayer*, Announce)
  	Notify(SharpMUSH.Library.Models.SharpPlayer: SharpMUSH.Library.Models.SharpPlayer, *System.String: Message sent to 1 recipient(s).*, <null>, Announce)
  	Notify(SharpMUSH.Library.Models.SharpPlayer: SharpMUSH.Library.Models.SharpPlayer, *System.String: Attribute REMIT_TEST_ATTR_MSG SET.*, *SharpMUSH.Library.Models.SharpPlayer: SharpMUSH.Library.Models.SharpPlayer*, Announce)
  	Notify(SharpMUSH.Library.Models.SharpPlayer: SharpMUSH.Library.Models.SharpPlayer, *System.String: God/REMIT_TEST_ATTR_MSG - Set.*, <null>, Announce)
  	Notify(SharpMUSH.Library.Models.SharpThing: SharpMUSH.Library.Models.SharpThing, *MarkupString.MarkupStringModule+MarkupString: RemitTestMsg_e0da7018ec6a4ca2805118160a83e6be*, *SharpMUSH.Library.Models.SharpPlayer: SharpMUSH.Library.Models.SharpPlayer*, Announce)
  	Notify(SharpMUSH.Library.Models.SharpThing: SharpMUSH.Library.Models.SharpThing, *MarkupString.MarkupStringModule+MarkupString: RemitTestMsg_e0da7018ec6a4ca2805118160a83e6be*, *SharpMUSH.Library.Models.SharpPlayer: SharpMUSH.Library.Models.SharpPlayer*, Announce)
  	Notify(SharpMUSH.Library.Models.SharpThing: SharpMUSH.Library.Models.SharpThing, *MarkupString.MarkupStringModule+MarkupString: RemitTestMsg_e0da7018ec6a4ca2805118160a83e6be*, *SharpMUSH.Library.Models.SharpPlayer: SharpMUSH.Library.Models.SharpPlayer*, Announce)
  	Notify(SharpMUSH.Library.Models.SharpThing: SharpMUSH.Library.Models.SharpThing, *MarkupString.MarkupStringModule+MarkupString: RemitTestMsg_e0da7018ec6a4ca2805118160a83e6be*, *SharpMUSH.Library.Models.SharpPlayer: SharpMUSH.Library.Models.SharpPlayer*, Announce)
  	Notify(SharpMUSH.Library.Models.SharpThing: SharpMUSH.Library.Models.SharpThing, *MarkupString.MarkupStringModule+MarkupString: RemitTestMsg_e0da7018ec6a4ca2805118160a83e6be*, *SharpMUSH.Library.Models.SharpPlayer: SharpMUSH.Library.Models.SharpPlayer*, Announce)
  	Notify(SharpMUSH.Library.Models.SharpThing: SharpMUSH.Library.Models.SharpThing, *MarkupString.MarkupStringModule+MarkupString: RemitTestMsg_e0da7018ec6a4ca2805118160a83e6be*, *SharpMUSH.Library.Models.SharpPlayer: SharpMUSH.Library.Models.SharpPlayer*, Announce)
  	Notify(SharpMUSH.Library.Models.SharpPlayer: SharpMUSH.Library.Models.SharpPlayer, *MarkupString.MarkupStringModule+MarkupString: RemitTestMsg_e0da7018ec6a4ca2805118160a83e6be*, *SharpMUSH.Library.Models.SharpPlayer: SharpMUSH.Library.Models.SharpPlayer*, Announce)
  	Notify(SharpMUSH.Library.Models.SharpPlayer: SharpMUSH.Library.Models.SharpPlayer, *MarkupString.MarkupStringModule+MarkupString: RemitTestMsg_e0da7018ec6a4ca2805118160a83e6be*, *SharpMUSH.Library.Models.SharpPlayer: SharpMUSH.Library.Models.SharpPlayer*, Announce)
  	Notify(SharpMUSH.Library.Models.SharpPlayer: SharpMUSH.Library.Models.SharpPlayer, *MarkupString.MarkupStringModule+MarkupString: RemitTestMsg_e0da7018ec6a4ca2805118160a83e6be*, *SharpMUSH.Library.Models.SharpPlayer: SharpMUSH.Library.Models.SharpPlayer*, Announce)
  	Notify(SharpMUSH.Library.Models.SharpPlayer: SharpMUSH.Library.Models.SharpPlayer, *MarkupString.MarkupStringModule+MarkupString: RemitTestMsg_e0da7018ec6a4ca2805118160a83e6be*, *SharpMUSH.Library.Models.SharpPlayer: SharpMUSH.Library.Models.SharpPlayer*, Announce)
  	Notify(SharpMUSH.Library.Models.SharpThing: SharpMUSH.Library.Models.SharpThing, *MarkupString.MarkupStringModule+MarkupString: RemitTestMsg_e0da7018ec6a4ca2805118160a83e6be*, *SharpMUSH.Library.Models.SharpPlayer: SharpMUSH.Library.Models.SharpPlayer*, Announce)
  	Notify(SharpMUSH.Library.Models.SharpThing: SharpMUSH.Library.Models.SharpThing, *MarkupString.MarkupStringModule+MarkupString: RemitTestMsg_e0da7018ec6a4ca2805118160a83e6be*, *SharpMUSH.Library.Models.SharpPlayer: SharpMUSH.Library.Models.SharpPlayer*, Announce)
  	Notify(SharpMUSH.Library.Models.SharpThing: SharpMUSH.Library.Models.SharpThing, *MarkupString.MarkupStringModule+MarkupString: RemitTestMsg_e0da7018ec6a4ca2805118160a83e6be*, *SharpMUSH.Library.Models.SharpPlayer: SharpMUSH.Library.Models.SharpPlayer*, Announce)
  	Notify(SharpMUSH.Library.Models.SharpThing: SharpMUSH.Library.Models.SharpThing, *MarkupString.MarkupStringModule+MarkupString: RemitTestMsg_e0da7018ec6a4ca2805118160a83e6be*, *SharpMUSH.Library.Models.SharpPlayer: SharpMUSH.Library.Models.SharpPlayer*, Announce)
  	Notify(SharpMUSH.Library.Models.SharpPlayer: SharpMUSH.Library.Models.SharpPlayer, *MarkupString.MarkupStringModule+MarkupString: RemitTestMsg_e0da7018ec6a4ca2805118160a83e6be*, *SharpMUSH.Library.Models.SharpPlayer: SharpMUSH.Library.Models.SharpPlayer*, Announce)
  	Notify(SharpMUSH.Library.Models.SharpPlayer: SharpMUSH.Library.Models.SharpPlayer, *MarkupString.MarkupStringModule+MarkupString: RemitTestMsg_e0da7018ec6a4ca2805118160a83e6be*, *SharpMUSH.Library.Models.SharpPlayer: SharpMUSH.Library.Models.SharpPlayer*, Announce)
  	Notify(SharpMUSH.Library.Models.SharpPlayer: SharpMUSH.Library.Models.SharpPlayer, *MarkupString.MarkupStringModule+MarkupString: RemitTestMsg_e0da7018ec6a4ca2805118160a83e6be*, *SharpMUSH.Library.Models.SharpPlayer: SharpMUSH.Library.Models.SharpPlayer*, Announce)
  	Notify(SharpMUSH.Library.Models.SharpPlayer: SharpMUSH.Library.Models.SharpPlayer, *MarkupString.MarkupStringModule+MarkupString: GOODBYE.*, <null>, Announce)
  	Notify(SharpMUSH.Library.Models.SharpPlayer: SharpMUSH.Library.Models.SharpPlayer, *System.String: 
  Goodbye from SharpMUSH!
  
  *, <null>, Announce)
  
[m[90m    at NSubstitute.Core.ReceivedCallsExceptionThrower.Throw(ICallSpecification callSpecification, IEnumerable`1 matchingCalls, IEnumerable`1 nonMatchingCalls, Quantity requiredQuantity)
    at NSubstitute.Routing.Handlers.CheckReceivedCallsHandler.Handle(ICall call)
    at NSubstitute.Proxies.CastleDynamicProxy.CastleForwardingInterceptor.Intercept(IInvocation invocation)
    at Castle.DynamicProxy.AbstractInvocation.Proceed()
    at Castle.Proxies.ObjectProxy_4.Notify(AnySharpObject who, OneOf`2 what, AnySharpObject sender, NotificationType type)
    at SharpMUSH.Tests.Commands.WizardCommandTests.Hide_AlreadyVisible_ShowsAppropriateMessage() in /home/runner/work/SharpMUSH/SharpMUSH/SharpMUSH.Tests/Commands/WizardCommandTests.cs:466[90m
[m[31mfailed[m Hide_NoSwitch_TogglesHidden [90m(30ms)[m
[31m  TUnit.Engine.Exceptions.TestFailedException: [Test Failure] ReceivedCallsException: Expected to receive a call matching:
  	Notify(any AnySharpObject, s => MessageContains(s, "now hidden"), any AnySharpObject, any INotifyService+NotificationType)
  Actually received no matching calls.
  Received 1311 non-matching calls (non-matching arguments indicated with '*' characters):
  	Notify(SharpMUSH.Library.Models.SharpPlayer: SharpMUSH.Library.Models.SharpPlayer, *System.String: Invalid password.*, <null>, Announce)
  	Notify(SharpMUSH.Library.Models.SharpPlayer: SharpMUSH.Library.Models.SharpPlayer, *System.String: SHUTDOWN initiated.*, <null>, Announce)
  	Notify(SharpMUSH.Library.Models.SharpPlayer: SharpMUSH.Library.Models.SharpPlayer, *System.String: Note: SharpMUSH runs as a web application. Traditional shutdown is not applicable.*, <null>, Announce)
  	Notify(SharpMUSH.Library.Models.SharpPlayer: SharpMUSH.Library.Models.SharpPlayer, *System.String: In cloud/container deployments, use your orchestration tools to manage server lifecycle.*, <null>, Announce)
  	Notify(SharpMUSH.Library.Models.SharpPlayer: SharpMUSH.Library.Models.SharpPlayer, *System.String: Database state is preserved automatically. No explicit save is needed.*, <null>, Announce)
  	Notify(SharpMUSH.Library.Models.SharpPlayer: SharpMUSH.Library.Models.SharpPlayer, *System.String: You must specify an object to restart.*, <null>, Announce)
  	Notify(SharpMUSH.Library.Models.SharpPlayer: SharpMUSH.Library.Models.SharpPlayer, *System.String: Purge complete. 0 objects advanced to GOING_TWICE. 0 objects marked for final deletion.*, <null>, Announce)
  	Notify(SharpMUSH.Library.Models.SharpPlayer: SharpMUSH.Library.Models.SharpPlayer, *System.String: Note: Actual object deletion is handled by background garbage collection in SharpMUSH.*, <null>, Announce)
  	Notify(SharpMUSH.Library.Models.SharpPlayer: SharpMUSH.Library.Models.SharpPlayer, *System.String: I don't see that here.*, SharpMUSH.Library.Models.SharpPlayer: SharpMUSH.Library.Models.SharpPlayer, Announce)
  	Notify(SharpMUSH.Library.Models.SharpPlayer: SharpMUSH.Library.Models.SharpPlayer, *System.String: Reindexing text files...*, <null>, Announce)
  	Notify(SharpMUSH.Library.Models.SharpPlayer: SharpMUSH.Library.Models.SharpPlayer, *System.String: Text file cache rebuilt in 21ms.*, <null>, Announce)
  	Notify(SharpMUSH.Library.Models.SharpPlayer: SharpMUSH.Library.Models.SharpPlayer, *System.String: I don't see that here.*, SharpMUSH.Library.Models.SharpPlayer: SharpMUSH.Library.Models.SharpPlayer, Announce)
  	Notify(SharpMUSH.Library.Models.SharpPlayer: SharpMUSH.Library.Models.SharpPlayer, *System.String: I don't see that here.*, SharpMUSH.Library.Models.SharpPlayer: SharpMUSH.Library.Models.SharpPlayer, Announce)
  	Notify(SharpMUSH.Library.Models.SharpPlayer: SharpMUSH.Library.Models.SharpPlayer, *System.String: COMMANDS:
    ]
    @@
    @ALLHALT
    @ALLQUOTA
    @ASSERT
    @ATRCHOWN
    @ATRLOCK
    @ATTRIBUTE
    @BOOT
    @BREAK
    @CEMIT
    @CHANNEL
    @CHAT
    @CHOWN
    @CHOWNALL
    @CHZONE
    @CHZONEALL
    @CLIST
    @CLOCK
    @CLONE
    @COMMAND
    @CONFIG
    @CPATTR
    @CREATE
    @DBCK
    @DECOMPILE
    @DESTROY
    @DIG
    @DISABLE
    @DOLIST
    @DRAIN
    @DUMP
    @EDIT
    @ELOCK
    @EMIT
    @ENABLE
    @ENTRANCES
    @EUNLOCK
    @FIND
    @FIRSTEXIT
    @FLAG
    @FORCE
    @FUNCTION
    @GREP
    @HALT
    @HIDE
    @HOOK
    @HTTP
    @IFELSE
    @INCLUDE
    @KICK
    @LEMIT
    @LINK
    @LIST
    @LISTMOTD
    @LOCK
    @LOG
    @LOGWIPE
    @LSET
    @MAIL
    @MALIAS
    @MAP
    @MAPSQL
    @MESSAGE
    @MONIKER
    @MOTD
    @MVATTR
    @NAME
    @NEWPASSWORD
    @NOTIFY
    @NSCEMIT
    @NSEMIT
    @NSLEMIT
    @NSOEMIT
    @NSPEMIT
    @NSPROMPT
    @NSREMIT
    @NSZEMIT
    @NUKE
    @OEMIT
    @OPEN
    @PARENT
    @PASSWORD
    @PCREATE
    @PEMIT
    @POLL
    @POOR
    @POWER
    @PROMPT
    @PS
    @PURGE
    @QUOTA
    @READCACHE
    @RECYCLE
    @REJECTMOTD
    @REMIT
    @RESPOND
    @RESTART
    @RETRY
    @RWALL
    @SCAN
    @SEARCH
    @SELECT
    @SET
    @SHUTDOWN
    @SITELOCK
    @SKIP
    @SLAVE
    @SOCKSET
    @SQL
    @SQUOTA
    @STATS
    @SUGGEST
    @SWEEP
    @SWITCH
    @TELEPORT
    @TRIGGER
    @ULOCK
    @UNDESTROY
    @UNLINK
    @UNLOCK
    @UNRECYCLE
    @UPTIME
    @UUNLOCK
    @VERB
    @VERSION
    @WAIT
    @WALL
    @WARNINGS
    @WCHECK
    @WHEREIS
    @WIPE
    @WIZMOTD
    @WIZWALL
    @ZEMIT
    &
    ADDCOM
    AHELP
    ANEWS
    BRIEF
    BUY
    COMLIST
    COMTITLE
    CONNECT
    DELCOM
    DESERT
    DISMISS
    DOING
    DROP
    EMPTY
    ENTER
    EXAMINE
    FOLLOW
    GET
    GIVE
    GOTO
    HELP
    HOME
    HUH_COMMAND
    INVENTORY
    LEAVE
    LOOK
    NEWS
    PAGE
    POSE
    QUIT
    SAY
    SCORE
    SEMIPOSE
    SESSION
    TEACH
    THINK
    UNFOLLOW
    UNIMPLEMENTED_COMMAND
    USE
    WARN_ON_MISSING
    WHISPER
    WHO
    WITH*, <null>, Announce)
  	Notify(SharpMUSH.Library.Models.SharpPlayer: SharpMUSH.Library.Models.SharpPlayer, *System.String: LOCK TYPES:
    BASIC
    CHOWN
    CHZONE
    COMMAND
    CONTROL
    DESTROY
    DROP
    DROPIN
    DROPTO
    ENTER
    EXAMINE
    FILTER
    FOLLOW
    FORWARD
    FROM
    GIVE
    INFILTER
    INTERACT
    LEAVE
    LINK
    LISTEN
    MAIL
    MAILFORWARD
    OPEN
    PAGE
    PARENT
    PAY
    RECEIVE
    SPEECH
    TAKE
    TPORT
    USE
    ZONE*, <null>, Announce)
  	Notify(SharpMUSH.Library.Models.SharpPlayer: SharpMUSH.Library.Models.SharpPlayer, *System.String: OBJECT POWERS:
  NAME                 ALIAS              TYPE RESTRICTIONS
  -------------------- ------------------ -------------------
  Announce                                ROOM,PLAYER,EXIT,THING
  Boot                                    ROOM,PLAYER,EXIT,THING
  Builder                                 ROOM,PLAYER,EXIT,THING
  Can_Dark                                PLAYER
  Can_HTTP                                ROOM,PLAYER,EXIT,THING
  Can_Spoof                               ROOM,PLAYER,EXIT,THING
  Chat_Privs                              ROOM,PLAYER,EXIT,THING
  Debit                                   ROOM,PLAYER,EXIT,THING
  Functions                               ROOM,PLAYER,EXIT,THING
  Guest                                   ROOM,PLAYER,EXIT,THING
  Halt                                    ROOM,PLAYER,EXIT,THING
  Hide                                    ROOM,PLAYER,EXIT,THING
  Hook                                    ROOM,PLAYER,EXIT,THING
  Idle                                    ROOM,PLAYER,EXIT,THING
  Immortal                                ROOM,PLAYER,EXIT,THING
  Link_Anywhere                           ROOM,PLAYER,EXIT,THING
  Login                                   ROOM,PLAYER,EXIT,THING
  Long_Fingers                            ROOM,PLAYER,EXIT,THING
  Many_Attribs                            ROOM,PLAYER,EXIT,THING
  No_Pay                                  ROOM,PLAYER,EXIT,THING
  No_Quota                                ROOM,PLAYER,EXIT,THING
  Open_Anywhere                           ROOM,PLAYER,EXIT,THING
  Pemit_All                               ROOM,PLAYER,EXIT,THING
  Pick_DBRefs                             ROOM,PLAYER,EXIT,THING
  Player_Create                           ROOM,PLAYER,EXIT,THING
  Poll                                    ROOM,PLAYER,EXIT,THING
  Pueblo_Send                             ROOM,PLAYER,EXIT,THING
  Queue                                   ROOM,PLAYER,EXIT,THING
  Search                                  ROOM,PLAYER,EXIT,THING
  See_All                                 ROOM,PLAYER,EXIT,THING
  See_Queue                               ROOM,PLAYER,EXIT,THING
  See_OOB                                 ROOM,PLAYER,EXIT,THING
  SQL_OK                                  ROOM,PLAYER,EXIT,THING
  Tport_Anything                          ROOM,PLAYER,EXIT,THING
  Tport_Anywhere                          ROOM,PLAYER,EXIT,THING
  Unkillable                              ROOM,PLAYER,EXIT,THING*, <null>, Announce)
  	Notify(SharpMUSH.Library.Models.SharpPlayer: SharpMUSH.Library.Models.SharpPlayer, *System.String: Object Flags:
  name                 symbol type restrictions
  -------------------- ------ -------------------
  wizard               w      room,player,exit,thing
  abode                a      room
  ansi                 a      player
  chown_ok             c      room,player,thing
  color                c      player
  dark                 d      room,player,exit,thing
  fixed                f      player
  floating             f      room
  haven                h      player
  trust                i      room,player,exit,thing
  judge                j      player
  jump_ok              j      room
  link_ok              l      room,player,exit,thing
  monitor              m      room,player,thing
  no_leave             n      thing
  no_tel               n      room
  opaque               o      room,player,exit,thing
  quiet                q      room,player,exit,thing
  unfindable           u      room,player,exit,thing
  visual               v      room,player,exit,thing
  safe                 x      room,player,exit,thing
  shared               z      player
  z_tel                z      room,thing
  listen_parent        ^      player,thing,room
  noaccents            ~      player,thing,room
  unregistered         ?      player
  nospoof              "      room,player,exit,thing
  audible              a      room,player,exit,thing
  debug                b      room,player,exit,thing
  destroy_ok           d      thing
  enter_ok             e      room,player,exit,thing
  gagged               g      player
  halt                 h      room,player,exit,thing
  orphan               i      room,player,exit,thing
  jury_ok              j      player
  keepalive            k      player
  light                l      room,player,exit,thing
  mistrust             m      player,exit,thing
  mistrust             m      player,exit,thing
  no_command           n      room,player,exit,thing
  on_vacation          o      player
  puppet               p      thing
  royalty              r      room,player,exit,thing
  suspect              s      room,player,exit,thing
  transparent          t      room,player,exit,thing
  verbose              v      room,player,exit,thing
  no_warn              w      room,player,exit,thing
  cloudy               x      exit
  chan_usefirstmatch          room,player,exit,thing
  hear_connect                player
  heavy                       room,player,exit,thing
  loud                        player
  no_log                      player
  paranoid                    player
  track_money                 player
  xterm256                    player
  moniker                     room,player,exit,thing
  open_ok                     room
  going                g      room,player,exit,thing
  going_twice                 room,player,exit,thing*, <null>, Announce)
  	Notify(SharpMUSH.Library.Models.SharpPlayer: SharpMUSH.Library.Models.SharpPlayer, *System.String: You must specify what to list. Use one of: /MOTD /FUNCTIONS /COMMANDS /ATTRIBS /LOCKS /FLAGS /POWERS /ALLOCATIONS*, <null>, Announce)
  	Notify(SharpMUSH.Library.Models.SharpPlayer: SharpMUSH.Library.Models.SharpPlayer, *System.String: FUNCTIONS:
    @@
    abs
    accent
    accname
    acos
    add
    addrlog
    after
    alias
    align
    allof
    alphamax
    alphamin
    and
    andflags
    andlflags
    andlpowers
    ansi
    aposs
    art
    asin
    atan
    atan2
    atrlock
    attrib_set
    attrib_set#
    band
    baseconv
    beep
    before
    benchmark
    bnand
    bnot
    bor
    bound
    brackets
    bxor
    cand
    capstr
    case
    caseall
    cat
    cbuffer
    cbufferadd
    cdesc
    ceil
    cemit
    center
    cflags
    channels
    checkpass
    children
    chr
    CINFO
    clflags
    clock
    clone
    cmds
    cmogrifier
    cmsgs
    cnand
    colors
    comp
    con
    cond
    condall
    CONFIG
    conn
    connlog
    connrecord
    controls
    CONVSECS
    CONVTIME
    CONVUTCSECS
    CONVUTCTIME
    cor
    cos
    cowner
    create
    crecall
    csecs
    cstatus
    ctime
    ctitle
    ctu
    cusers
    cwho
    dec
    decode64
    decompose
    decomposeweb
    decrypt
    default
    DELETE
    die
    dig
    digest
    dist2d
    dist3d
    div
    doing
    downmotd
    e
    edefault
    edit
    elements
    elist
    elock
    emit
    encode64
    encrypt
    endtag
    entrances
    eq
    escape
    etime
    etimefmt
    eval
    exit
    extract
    fdiv
    filter
    filterbool
    findable
    first
    firstof
    flags
    flip
    floor
    floordiv
    fmod
    fn
    fold
    folderstats
    followers
    following
    foreach
    formdecode
    fraction
    fullalias
    fullmotd
    fullname
    functions
    get
    get_eval
    getpids
    grab
    graball
    grep
    grepi
    gt
    gte
    hasattr
    hasattrp
    hasattrpval
    hasattrval
    hasflag
    haspower
    hastype
    height
    hidden
    hmac
    home
    host
    html
    ibreak
    idle
    IDLESECS
    if
    ifelse
    ilev
    iname
    inc
    index
    INSERT
    inum
    ipaddr
    isdaylight
    isdbref
    isint
    isjson
    isnum
    isobjid
    isregexp
    isword
    itemize
    items
    iter
    itext
    json
    json_map
    json_mod
    json_query
    lalign
    last
    lattr
    lattrp
    lcon
    lcstr
    LCSTR2
    ldelete
    left
    lemit
    letq
    lexits
    lflags
    link
    linsert
    list
    listq
    lit
    ljust
    llockflags
    llocks
    lmath
    ln
    lnum
    loc
    localize
    locate
    lock
    lockfilter
    lockflags
    lockowner
    locks
    log
    lparent
    lpids
    lplayers
    lports
    lpos
    lreplace
    lsearch
    lsearchr
    lset
    lstats
    lt
    lte
    lthings
    lvcon
    lvexits
    lvplayers
    lvthings
    lwho
    lwhoid
    mail
    maildstats
    mailfrom
    mailfstats
    maillist
    mailsend
    mailstats
    mailstatus
    mailsubject
    mailtime
    malias
    map
    mapsql
    match
    matchall
    max
    mean
    median
    member
    merge
    message
    mid
    min
    mix
    modulo
    money
    moniker
    motd
    msecs
    mtime
    mudname
    mudurl
    mul
    munge
    mwho
    mwhoid
    name
    namegrab
    namegraball
    namelist
    nand
    nattr
    nattrp
    ncand
    nchildren
    ncon
    ncond
    ncondall
    ncor
    nearby
    neq
    nexits
    next
    nextdbref
    nlsearch
    nmwho
    nor
    not
    nplayers
    nscemit
    nsearch
    nsemit
    nslemit
    nsoemit
    nspemit
    nsprompt
    nsremit
    nszemit
    nthings
    null
    num
    numversion
    nvcon
    nvexits
    nvplayers
    nvthings
    nwho
    obj
    objeval
    objid
    objmem
    oemit
    oob
    open
    or
    ord
    ORDINAL
    orflags
    orlflags
    orlpowers
    owner
    parent
    pcreate
    pemit
    pfun
    pgrep
    pi
    pidinfo
    player
    playermem
    pmatch
    poll
    ports
    pos
    poss
    power
    powers
    prompt
    pueblo
    quota
    r
    rand
    randextract
    randword
    recv
    regedit
    regeditall
    regeditalli
    regediti
    registers
    reglattr
    reglattrp
    reglmatch
    reglmatchall
    reglmatchalli
    reglmatchi
    regmatch
    regmatchalli
    regmatchi
    regnattr
    regnattrp
    regrab
    regraball
    regraballi
    regrabi
    regrep
    regrepi
    REGREPLACE
    regxattr
    regxattrp
    remainder
    remit
    remove
    render
    rendermarkdown
    rendermarkdowncustom
    repeat
    rest
    restarts
    restarttime
    reswitch
    reswitchall
    reswitchalli
    reswitchi
    revwords
    right
    rjust
    rloc
    RNUM
    room
    root
    round
    s
    scan
    scramble
    secs
    secscalc
    secure
    sent
    set
    setdiff
    setinter
    setq
    setr
    setsymdiff
    setunion
    SHA0
    shl
    shr
    shuffle
    sign
    sin
    slev
    sort
    sortby
    sortkey
    soundex
    soundslike
    space
    speak
    spellnum
    splice
    sql
    sqlescape
    sqrt
    squish
    ssl
    starttime
    stddev
    step
    stext
    strallof
    strcat
    strdelete
    strfirstof
    stringsecs
    strinsert
    stripaccents
    stripansi
    strlen
    strmatch
    strreplace
    sub
    subj
    suggest
    switch
    switchall
    t
    table
    tag
    tagwrap
    tan
    tel
    terminfo
    testlock
    textentries
    textfile
    textsearch
    time
    timecalc
    timefmt
    timestring
    tr
    trim
    trimpenn
    trimtiny
    trunc
    type
    ucstr
    UCSTR2
    udefault
    ufun
    ulambda
    uldefault
    ulocal
    unique
    unsetq
    uptime
    urldecode
    urlencode
    utctime
    v
    vadd
    valid
    vcross
    vdim
    vdot
    version
    visible
    vmag
    vmax
    vmin
    vmul
    vsub
    vunit
    WEBSOCKET_HTML
    WEBSOCKET_JSON
    where
    width
    wildgrep
    wildgrepi
    wipe
    wizmotd
    wordpos
    words
    wrap
    wshtml
    wsjson
    xattr
    xattrp
    xcon
    xexits
    xget
    xmwho
    xmwhoid
    xor
    xplayers
    xthings
    xvcon
    xvexits
    xvplayers
    xvthings
    xwho
    xwhoid
    zemit
    zfind
    zfun
    zmwho
    zone
    zwho*, <null>, Announce)
  	Notify(SharpMUSH.Library.Models.SharpPlayer: SharpMUSH.Library.Models.SharpPlayer, *System.String: Current Message of the Day settings:*, <null>, Announce)
  	Notify(SharpMUSH.Library.Models.SharpPlayer: SharpMUSH.Library.Models.SharpPlayer, *System.String:   Connect MOTD File: txt/motd.txt*, <null>, Announce)
  	Notify(SharpMUSH.Library.Models.SharpPlayer: SharpMUSH.Library.Models.SharpPlayer, *System.String:   Connect MOTD HTML: txt/motd.html*, <null>, Announce)
  	Notify(SharpMUSH.Library.Models.SharpPlayer: SharpMUSH.Library.Models.SharpPlayer, *System.String:   Wizard MOTD File: txt/wizmotd.txt*, <null>, Announce)
  	Notify(SharpMUSH.Library.Models.SharpPlayer: SharpMUSH.Library.Models.SharpPlayer, *System.String:   Wizard MOTD HTML: txt/wizmotd.html*, <null>, Announce)
  	Notify(SharpMUSH.Library.Models.SharpPlayer: SharpMUSH.Library.Models.SharpPlayer, *System.String: STANDARD ATTRIBUTES:
    AAHEAR
    ABUY
    ACLONE
    ACONNECT
    ADEATH
    ADESCRIBE
    ADESTROY
    ADISCONNECT
    ADROP
    AEFAIL
    AENTER
    AFAILURE
    AFOLLOW
    AGIVE
    AHEAR
    AIDESCRIBE
    ALEAVE
    ALFAIL
    ALIAS
    AMAIL
    AMHEAR
    AMOVE
    ANAME
    APAYMENT
    ARECEIVE
    ASUCCESS
    ATPORT
    AUFAIL
    AUNFOLLOW
    AUSE
    AWAY
    AZENTER
    AZLEAVE
    BUY
    CHANALIAS
    CHARGES
    CHATFORMAT
    COMMENT
    CONFORMAT
    COST
    DEATH
    DEBUGFORWARDLIST
    DESCFORMAT
    DESCRIBE
    DESTINATION
    DOING
    DROP
    EALIAS
    EFAIL
    ENTER
    EXITFORMAT
    EXITTO
    FAILURE
    FILTER
    FOLLOW
    FOLLOWERS
    FOLLOWING
    FORWARDLIST
    GIVE
    HAVEN
    IDESCFORMAT
    IDESCRIBE
    IDLE
    INFILTER
    INPREFIX
    INVFORMAT
    LALIAS
    LAST
    LASTFAILED
    LASTIP
    LASTLOGOUT
    LASTPAGED
    LASTSITE
    LEAVE
    LFAIL
    LISTEN
    MAILCURF
    MAILFILTER
    MAILFILTERS
    MAILFOLDERS
    MAILFORWARDLIST
    MAILQUOTA
    MAILSIGNATURE
    MONIKER
    MOVE
    NAMEACCENT
    NAMEFORMAT
    OBUY
    ODEATH
    ODESCRIBE
    ODROP
    OEFAIL
    OENTER
    OFAILURE
    OFOLLOW
    OGIVE
    OIDESCRIBE
    OLEAVE
    OLFAIL
    OMOVE
    ONAME
    OPAYMENT
    ORECEIVE
    OSUCCESS
    OTPORT
    OUFAIL
    OUNFOLLOW
    OUSE
    OUTPAGEFORMAT
    OXENTER
    OXLEAVE
    OXMOVE
    OXTPORT
    OZENTER
    OZLEAVE
    PAGEFORMAT
    PAYMENT
    PREFIX
    PRICELIST
    QUEUE
    RECEIVE
    REGISTERED_EMAIL
    RQUOTA
    RUNOUT
    SEMAPHORE
    SEX
    SPEECHMOD
    STARTUP
    SUCCESS
    TFPREFIX
    TPORT
    TZ
    UFAIL
    UNFOLLOW
    USE
    VA
    VB
    VC
    VD
    VE
    VF
    VG
    VH
    VI
    VJ
    VK
    VL
    VM
    VN
    VO
    VP
    VQ
    VR
    VRML_URL
    VS
    VT
    VU
    VV
    VW
    VX
    VY
    VZ
    WA
    WB
    WC
    WD
    WE
    WF
    WG
    WH
    WI
    WJ
    WK
    WL
    WM
    WN
    WO
    WP
    WQ
    WR
    WS
    WT
    WU
    WV
    WW
    WX
    WY
    WZ
    XA
    XB
    XC
    XD
    XE
    XF
    XG
    XH
    XI
    XJ
    XK
    XL
    XM
    XN
    XO
    XP
    XQ
    XR
    XS
    XT
    XU
    XV
    XW
    XX
    XY
    XZ
    ZENTER*, <null>, Announce)
  	Notify(SharpMUSH.Library.Models.SharpPlayer: SharpMUSH.Library.Models.SharpPlayer, *System.String: OBJECT FLAGS:
  NAME                 SYMBOL TYPE RESTRICTIONS
  -------------------- ------ -------------------
  WIZARD               W      ROOM,PLAYER,EXIT,THING
  ABODE                A      ROOM
  ANSI                 A      PLAYER
  CHOWN_OK             C      ROOM,PLAYER,THING
  COLOR                C      PLAYER
  DARK                 D      ROOM,PLAYER,EXIT,THING
  FIXED                F      PLAYER
  FLOATING             F      ROOM
  HAVEN                H      PLAYER
  TRUST                I      ROOM,PLAYER,EXIT,THING
  JUDGE                J      PLAYER
  JUMP_OK              J      ROOM
  LINK_OK              L      ROOM,PLAYER,EXIT,THING
  MONITOR              M      ROOM,PLAYER,THING
  NO_LEAVE             N      THING
  NO_TEL               N      ROOM
  OPAQUE               O      ROOM,PLAYER,EXIT,THING
  QUIET                Q      ROOM,PLAYER,EXIT,THING
  UNFINDABLE           U      ROOM,PLAYER,EXIT,THING
  VISUAL               V      ROOM,PLAYER,EXIT,THING
  SAFE                 X      ROOM,PLAYER,EXIT,THING
  SHARED               Z      PLAYER
  Z_TEL                Z      ROOM,THING
  LISTEN_PARENT        ^      PLAYER,THING,ROOM
  NOACCENTS            ~      PLAYER,THING,ROOM
  UNREGISTERED         ?      PLAYER
  NOSPOOF              "      ROOM,PLAYER,EXIT,THING
  AUDIBLE              a      ROOM,PLAYER,EXIT,THING
  DEBUG                b      ROOM,PLAYER,EXIT,THING
  DESTROY_OK           d      THING
  ENTER_OK             e      ROOM,PLAYER,EXIT,THING
  GAGGED               g      PLAYER
  HALT                 h      ROOM,PLAYER,EXIT,THING
  ORPHAN               i      ROOM,PLAYER,EXIT,THING
  JURY_OK              j      PLAYER
  KEEPALIVE            k      PLAYER
  LIGHT                l      ROOM,PLAYER,EXIT,THING
  MISTRUST             m      PLAYER,EXIT,THING
  MISTRUST             m      PLAYER,EXIT,THING
  NO_COMMAND           n      ROOM,PLAYER,EXIT,THING
  ON_VACATION          o      PLAYER
  PUPPET               P      THING
  ROYALTY              r      ROOM,PLAYER,EXIT,THING
  SUSPECT              s      ROOM,PLAYER,EXIT,THING
  TRANSPARENT          t      ROOM,PLAYER,EXIT,THING
  VERBOSE              v      ROOM,PLAYER,EXIT,THING
  NO_WARN              w      ROOM,PLAYER,EXIT,THING
  CLOUDY               x      EXIT
  CHAN_USEFIRSTMATCH          ROOM,PLAYER,EXIT,THING
  HEAR_CONNECT                PLAYER
  HEAVY                       ROOM,PLAYER,EXIT,THING
  LOUD                        PLAYER
  NO_LOG                      PLAYER
  PARANOID                    PLAYER
  TRACK_MONEY                 PLAYER
  XTERM256                    PLAYER
  MONIKER                     ROOM,PLAYER,EXIT,THING
  OPEN_OK                     ROOM
  GOING                g      ROOM,PLAYER,EXIT,THING
  GOING_TWICE                 ROOM,PLAYER,EXIT,THING*, <null>, Announce)
  	Notify(SharpMUSH.Library.Models.SharpPlayer: SharpMUSH.Library.Models.SharpPlayer, *System.String: You have no channel aliases.*, <null>, Announce)
  	Notify(SharpMUSH.Library.Models.SharpPlayer: SharpMUSH.Library.Models.SharpPlayer, *MarkupString.MarkupStringModule+MarkupString: <TestCommandChannel> ChatCommand: Test message*, SharpMUSH.Library.Models.SharpPlayer: SharpMUSH.Library.Models.SharpPlayer, Emit)
  	Notify(SharpMUSH.Library.Models.SharpPlayer: SharpMUSH.Library.Models.SharpPlayer, *MarkupString.MarkupStringModule+MarkupString: <TestCommandChannel> ChatCommand: Test message*, SharpMUSH.Library.Models.SharpPlayer: SharpMUSH.Library.Models.SharpPlayer, Emit)
  	Notify(SharpMUSH.Library.Models.SharpPlayer: SharpMUSH.Library.Models.SharpPlayer, *MarkupString.MarkupStringModule+MarkupString: <TestCommandChannel> ChatCommand: Test message*, SharpMUSH.Library.Models.SharpPlayer: SharpMUSH.Library.Models.SharpPlayer, Emit)
  	Notify(SharpMUSH.Library.Models.SharpPlayer: SharpMUSH.Library.Models.SharpPlayer, *System.String: Alias 'TestCommandChannel' not found.*, <null>, Announce)
  	Notify(SharpMUSH.Library.Models.SharpPlayer: SharpMUSH.Library.Models.SharpPlayer, *MarkupString.MarkupStringModule+MarkupString: <TestCommandChannel> God says, "NscemitCommand: Test message"*, SharpMUSH.Library.Models.SharpPlayer: SharpMUSH.Library.Models.SharpPlayer, NSEmit)
  	Notify(SharpMUSH.Library.Models.SharpPlayer: SharpMUSH.Library.Models.SharpPlayer, *MarkupString.MarkupStringModule+MarkupString: <TestCommandChannel> God says, "NscemitCommand: Test message"*, SharpMUSH.Library.Models.SharpPlayer: SharpMUSH.Library.Models.SharpPlayer, NSEmit)
  	Notify(SharpMUSH.Library.Models.SharpPlayer: SharpMUSH.Library.Models.SharpPlayer, *MarkupString.MarkupStringModule+MarkupString: <TestCommandChannel> God says, "NscemitCommand: Test message"*, SharpMUSH.Library.Models.SharpPlayer: SharpMUSH.Library.Models.SharpPlayer, NSEmit)
  	Notify(SharpMUSH.Library.Models.SharpPlayer: SharpMUSH.Library.Models.SharpPlayer, *MarkupString.MarkupStringModule+MarkupString: <TestCommandChannel> God says, "NscemitCommand: Test message"*, SharpMUSH.Library.Models.SharpPlayer: SharpMUSH.Library.Models.SharpPlayer, NSEmit)
  	Notify(SharpMUSH.Library.Models.SharpPlayer: SharpMUSH.Library.Models.SharpPlayer, *MarkupString.MarkupStringModule+MarkupString: <TestCommandChannel> God says, "NscemitCommand: Test message"*, SharpMUSH.Library.Models.SharpPlayer: SharpMUSH.Library.Models.SharpPlayer, NSEmit)
  	Notify(SharpMUSH.Library.Models.SharpPlayer: SharpMUSH.Library.Models.SharpPlayer, *MarkupString.MarkupStringModule+MarkupString: <TestCommandChannel> God says, "NscemitCommand: Test message"*, SharpMUSH.Library.Models.SharpPlayer: SharpMUSH.Library.Models.SharpPlayer, NSEmit)
  	Notify(SharpMUSH.Library.Models.SharpPlayer: SharpMUSH.Library.Models.SharpPlayer, *MarkupString.MarkupStringModule+MarkupString: <TestCommandChannel> God says, "NscemitCommand: Test message"*, SharpMUSH.Library.Models.SharpPlayer: SharpMUSH.Library.Models.SharpPlayer, NSEmit)
  	Notify(SharpMUSH.Library.Models.SharpPlayer: SharpMUSH.Library.Models.SharpPlayer, *System.String: Channel not found.*, <null>, Announce)
  	Notify(SharpMUSH.Library.Models.SharpPlayer: SharpMUSH.Library.Models.SharpPlayer, *MarkupString.MarkupStringModule+MarkupString: <TestCommandChannel> CemitCommand: Test message*, SharpMUSH.Library.Models.SharpPlayer: SharpMUSH.Library.Models.SharpPlayer, Emit)
  	Notify(SharpMUSH.Library.Models.SharpPlayer: SharpMUSH.Library.Models.SharpPlayer, *MarkupString.MarkupStringModule+MarkupString: <TestCommandChannel> CemitCommand: Test message*, SharpMUSH.Library.Models.SharpPlayer: SharpMUSH.Library.Models.SharpPlayer, Emit)
  	Notify(SharpMUSH.Library.Models.SharpPlayer: SharpMUSH.Library.Models.SharpPlayer, *MarkupString.MarkupStringModule+MarkupString: <TestCommandChannel> CemitCommand: Test message*, SharpMUSH.Library.Models.SharpPlayer: SharpMUSH.Library.Models.SharpPlayer, Emit)
  	Notify(SharpMUSH.Library.Models.SharpPlayer: SharpMUSH.Library.Models.SharpPlayer, *MarkupString.MarkupStringModule+MarkupString: <TestCommandChannel> CemitCommand: Test message*, SharpMUSH.Library.Models.SharpPlayer: SharpMUSH.Library.Models.SharpPlayer, Emit)
  	Notify(SharpMUSH.Library.Models.SharpPlayer: SharpMUSH.Library.Models.SharpPlayer, *MarkupString.MarkupStringModule+MarkupString: <TestCommandChannel> CemitCommand: Test message*, SharpMUSH.Library.Models.SharpPlayer: SharpMUSH.Library.Models.SharpPlayer, Emit)
  	Notify(SharpMUSH.Library.Models.SharpPlayer: SharpMUSH.Library.Models.SharpPlayer, *MarkupString.MarkupStringModule+MarkupString: <TestCommandChannel> CemitCommand: Test message*, SharpMUSH.Library.Models.SharpPlayer: SharpMUSH.Library.Models.SharpPlayer, Emit)
  	Notify(SharpMUSH.Library.Models.SharpPlayer: SharpMUSH.Library.Models.SharpPlayer, *MarkupString.MarkupStringModule+MarkupString: <TestCommandChannel> CemitCommand: Test message*, SharpMUSH.Library.Models.SharpPlayer: SharpMUSH.Library.Models.SharpPlayer, Emit)
  	Notify(SharpMUSH.Library.Models.SharpPlayer: SharpMUSH.Library.Models.SharpPlayer, *MarkupString.MarkupStringModule+MarkupString: <TestCommandChannel> CemitCommand: Test message*, SharpMUSH.Library.Models.SharpPlayer: SharpMUSH.Library.Models.SharpPlayer, Emit)
  	Notify(SharpMUSH.Library.Models.SharpPlayer: SharpMUSH.Library.Models.SharpPlayer, *MarkupString.MarkupStringModule+MarkupString: <TestCommandChannel> CemitCommand: Test message*, SharpMUSH.Library.Models.SharpPlayer: SharpMUSH.Library.Models.SharpPlayer, Emit)
  	Notify(SharpMUSH.Library.Models.SharpPlayer: SharpMUSH.Library.Models.SharpPlayer, *System.String: Alias 'pub' not found.*, <null>, Announce)
  	Notify(SharpMUSH.Library.Models.SharpPlayer: SharpMUSH.Library.Models.SharpPlayer, *System.String: *, <null>, Announce)
  	Notify(SharpMUSH.Library.Models.SharpPlayer: SharpMUSH.Library.Models.SharpPlayer, *System.String: -1*, <null>, Announce)
  	Notify(SharpMUSH.Library.Models.SharpPlayer: SharpMUSH.Library.Models.SharpPlayer, *System.String: -1*, <null>, Announce)
  	Notify(SharpMUSH.Library.Models.SharpPlayer: SharpMUSH.Library.Models.SharpPlayer, *System.String: -1*, <null>, Announce)
  	Notify(SharpMUSH.Library.Models.SharpPlayer: SharpMUSH.Library.Models.SharpPlayer, *System.String: -1*, <null>, Announce)
  	Notify(SharpMUSH.Library.Models.SharpPlayer: SharpMUSH.Library.Models.SharpPlayer, *System.String: -1*, <null>, Announce)
  	Notify(SharpMUSH.Library.Models.SharpPlayer: SharpMUSH.Library.Models.SharpPlayer, *System.String: -1*, <null>, Announce)
  	Notify(SharpMUSH.Library.Models.SharpPlayer: SharpMUSH.Library.Models.SharpPlayer, *System.String: -1*, <null>, Announce)
  	Notify(SharpMUSH.Library.Models.SharpPlayer: SharpMUSH.Library.Models.SharpPlayer, *System.String: -1*, <null>, Announce)
  	Notify(SharpMUSH.Library.Models.SharpPlayer: SharpMUSH.Library.Models.SharpPlayer, *System.String: -1*, <null>, Announce)
  	Notify(SharpMUSH.Library.Models.SharpPlayer: SharpMUSH.Library.Models.SharpPlayer, *System.String: -1*, <null>, Announce)
  	Notify(SharpMUSH.Library.Models.SharpPlayer: SharpMUSH.Library.Models.SharpPlayer, *System.String: -1*, <null>, Announce)
  	Notify(SharpMUSH.Library.Models.SharpPlayer: SharpMUSH.Library.Models.SharpPlayer, *System.String: -1*, <null>, Announce)
  	Notify(SharpMUSH.Library.Models.SharpPlayer: SharpMUSH.Library.Models.SharpPlayer, *System.String: -1*, <null>, Announce)
  	Notify(SharpMUSH.Library.Models.SharpPlayer: SharpMUSH.Library.Models.SharpPlayer, *System.String: -1*, <null>, Announce)
  	Notify(SharpMUSH.Library.Models.SharpPlayer: SharpMUSH.Library.Models.SharpPlayer, *System.String: -1*, <null>, Announce)
  	Notify(SharpMUSH.Library.Models.SharpPlayer: SharpMUSH.Library.Models.SharpPlayer, *System.String: -1*, <null>, Announce)
  	Notify(SharpMUSH.Library.Models.SharpPlayer: SharpMUSH.Library.Models.SharpPlayer, *System.String: -1*, <null>, Announce)
  	Notify(SharpMUSH.Library.Models.SharpPlayer: SharpMUSH.Library.Models.SharpPlayer, *System.String: -1*, <null>, Announce)
  	Notify(SharpMUSH.Library.Models.SharpPlayer: SharpMUSH.Library.Models.SharpPlayer, *System.String: -1*, <null>, Announce)
  	Notify(SharpMUSH.Library.Models.SharpPlayer: SharpMUSH.Library.Models.SharpPlayer, *System.String: -1*, <null>, Announce)
  	Notify(SharpMUSH.Library.Models.SharpPlayer: SharpMUSH.Library.Models.SharpPlayer, *System.String: -1*, <null>, Announce)
  	Notify(SharpMUSH.Library.Models.SharpPlayer: SharpMUSH.Library.Models.SharpPlayer, *System.String: -1*, <null>, Announce)
  	Notify(SharpMUSH.Library.Models.SharpPlayer: SharpMUSH.Library.Models.SharpPlayer, *System.String: -1*, <null>, Announce)
  	Notify(SharpMUSH.Library.Models.SharpPlayer: SharpMUSH.Library.Models.SharpPlayer, *System.String: -1*, <null>, Announce)
  	Notify(SharpMUSH.Library.Models.SharpPlayer: SharpMUSH.Library.Models.SharpPlayer, *System.String: -1*, <null>, Announce)
  	Notify(SharpMUSH.Library.Models.SharpPlayer: SharpMUSH.Library.Models.SharpPlayer, *System.String: -1*, <null>, Announce)
  	Notify(SharpMUSH.Library.Models.SharpPlayer: SharpMUSH.Library.Models.SharpPlayer, *System.String: -1*, <null>, Announce)
  	Notify(SharpMUSH.Library.Models.SharpPlayer: SharpMUSH.Library.Models.SharpPlayer, *System.String: -1*, <null>, Announce)
  	Notify(SharpMUSH.Library.Models.SharpPlayer: SharpMUSH.Library.Models.SharpPlayer, *System.String: -1*, <null>, Announce)
  	Notify(SharpMUSH.Library.Models.SharpPlayer: SharpMUSH.Library.Models.SharpPlayer, *System.String: -1*, <null>, Announce)
  	Notify(SharpMUSH.Library.Models.SharpPlayer: SharpMUSH.Library.Models.SharpPlayer, *System.String: -1*, <null>, Announce)
  	Notify(SharpMUSH.Library.Models.SharpPlayer: SharpMUSH.Library.Models.SharpPlayer, *System.String: -1*, <null>, Announce)
  	Notify(SharpMUSH.Library.Models.SharpPlayer: SharpMUSH.Library.Models.SharpPlayer, *System.String: -1*, <null>, Announce)
  	Notify(SharpMUSH.Library.Models.SharpPlayer: SharpMUSH.Library.Models.SharpPlayer, *System.String: -1*, <null>, Announce)
  	Notify(SharpMUSH.Library.Models.SharpPlayer: SharpMUSH.Library.Models.SharpPlayer, *System.String: -1*, <null>, Announce)
  	Notify(SharpMUSH.Library.Models.SharpPlayer: SharpMUSH.Library.Models.SharpPlayer, *System.String: -1*, <null>, Announce)
  	Notify(SharpMUSH.Library.Models.SharpPlayer: SharpMUSH.Library.Models.SharpPlayer, *System.String: -1*, <null>, Announce)
  	Notify(SharpMUSH.Library.Models.SharpPlayer: SharpMUSH.Library.Models.SharpPlayer, *System.String: -1*, <null>, Announce)
  	Notify(SharpMUSH.Library.Models.SharpPlayer: SharpMUSH.Library.Models.SharpPlayer, *System.String: -1*, <null>, Announce)
  	Notify(SharpMUSH.Library.Models.SharpPlayer: SharpMUSH.Library.Models.SharpPlayer, *System.String: -1*, <null>, Announce)
  	Notify(SharpMUSH.Library.Models.SharpPlayer: SharpMUSH.Library.Models.SharpPlayer, *System.String: -1*, <null>, Announce)
  	Notify(SharpMUSH.Library.Models.SharpPlayer: SharpMUSH.Library.Models.SharpPlayer, *System.String: -1*, <null>, Announce)
  	Notify(SharpMUSH.Library.Models.SharpPlayer: SharpMUSH.Library.Models.SharpPlayer, *System.String: -1*, <null>, Announce)
  	Notify(SharpMUSH.Library.Models.SharpPlayer: SharpMUSH.Library.Models.SharpPlayer, *System.String: -1*, <null>, Announce)
  	Notify(SharpMUSH.Library.Models.SharpPlayer: SharpMUSH.Library.Models.SharpPlayer, *System.String: -1*, <null>, Announce)
  	Notify(SharpMUSH.Library.Models.SharpPlayer: SharpMUSH.Library.Models.SharpPlayer, *System.String: -1*, <null>, Announce)
  	Notify(SharpMUSH.Library.Models.SharpPlayer: SharpMUSH.Library.Models.SharpPlayer, *System.String: -1*, <null>, Announce)
  	Notify(SharpMUSH.Library.Models.SharpPlayer: SharpMUSH.Library.Models.SharpPlayer, *System.String: -1*, <null>, Announce)
  	Notify(SharpMUSH.Library.Models.SharpPlayer: SharpMUSH.Library.Models.SharpPlayer, *System.String: -1*, <null>, Announce)
  	Notify(SharpMUSH.Library.Models.SharpPlayer: SharpMUSH.Library.Models.SharpPlayer, *System.String: -1*, <null>, Announce)
  	Notify(SharpMUSH.Library.Models.SharpPlayer: SharpMUSH.Library.Models.SharpPlayer, *System.String: -1*, <null>, Announce)
  	Notify(SharpMUSH.Library.Models.SharpPlayer: SharpMUSH.Library.Models.SharpPlayer, *System.String: -1*, <null>, Announce)
  	Notify(SharpMUSH.Library.Models.SharpPlayer: SharpMUSH.Library.Models.SharpPlayer, *System.String: -1*, <null>, Announce)
  	Notify(SharpMUSH.Library.Models.SharpPlayer: SharpMUSH.Library.Models.SharpPlayer, *System.String: -1*, <null>, Announce)
  	Notify(SharpMUSH.Library.Models.SharpPlayer: SharpMUSH.Library.Models.SharpPlayer, *System.String: -1*, <null>, Announce)
  	Notify(SharpMUSH.Library.Models.SharpPlayer: SharpMUSH.Library.Models.SharpPlayer, *System.String: -1*, <null>, Announce)
  	Notify(SharpMUSH.Library.Models.SharpPlayer: SharpMUSH.Library.Models.SharpPlayer, *System.String: -1*, <null>, Announce)
  	Notify(SharpMUSH.Library.Models.SharpPlayer: SharpMUSH.Library.Models.SharpPlayer, *System.String: -1*, <null>, Announce)
  	Notify(SharpMUSH.Library.Models.SharpPlayer: SharpMUSH.Library.Models.SharpPlayer, *System.String: -1*, <null>, Announce)
  	Notify(SharpMUSH.Library.Models.SharpPlayer: SharpMUSH.Library.Models.SharpPlayer, *System.String: -1*, <null>, Announce)
  	Notify(SharpMUSH.Library.Models.SharpPlayer: SharpMUSH.Library.Models.SharpPlayer, *System.String: -1*, <null>, Announce)
  	Notify(SharpMUSH.Library.Models.SharpPlayer: SharpMUSH.Library.Models.SharpPlayer, *System.String: -1*, <null>, Announce)
  	Notify(SharpMUSH.Library.Models.SharpPlayer: SharpMUSH.Library.Models.SharpPlayer, *System.String: -1*, <null>, Announce)
  	Notify(SharpMUSH.Library.Models.SharpPlayer: SharpMUSH.Library.Models.SharpPlayer, *System.String: -1*, <null>, Announce)
  	Notify(SharpMUSH.Library.Models.SharpPlayer: SharpMUSH.Library.Models.SharpPlayer, *System.String: -1*, <null>, Announce)
  	Notify(SharpMUSH.Library.Models.SharpPlayer: SharpMUSH.Library.Models.SharpPlayer, *System.String: -1*, <null>, Announce)
  	Notify(SharpMUSH.Library.Models.SharpPlayer: SharpMUSH.Library.Models.SharpPlayer, *System.String: -1*, <null>, Announce)
  	Notify(SharpMUSH.Library.Models.SharpPlayer: SharpMUSH.Library.Models.SharpPlayer, *System.String: -1*, <null>, Announce)
  	Notify(SharpMUSH.Library.Models.SharpPlayer: SharpMUSH.Library.Models.SharpPlayer, *System.String: -1*, <null>, Announce)
  	Notify(SharpMUSH.Library.Models.SharpPlayer: SharpMUSH.Library.Models.SharpPlayer, *System.String: -1*, <null>, Announce)
  	Notify(SharpMUSH.Library.Models.SharpPlayer: SharpMUSH.Library.Models.SharpPlayer, *System.String: -1*, <null>, Announce)
  	Notify(SharpMUSH.Library.Models.SharpPlayer: SharpMUSH.Library.Models.SharpPlayer, *System.String: -1*, <null>, Announce)
  	Notify(SharpMUSH.Library.Models.SharpPlayer: SharpMUSH.Library.Models.SharpPlayer, *System.String: -1*, <null>, Announce)
  	Notify(SharpMUSH.Library.Models.SharpPlayer: SharpMUSH.Library.Models.SharpPlayer, *System.String: -1*, <null>, Announce)
  	Notify(SharpMUSH.Library.Models.SharpPlayer: SharpMUSH.Library.Models.SharpPlayer, *System.String: -1*, <null>, Announce)
  	Notify(SharpMUSH.Library.Models.SharpPlayer: SharpMUSH.Library.Models.SharpPlayer, *System.String: -1*, <null>, Announce)
  	Notify(SharpMUSH.Library.Models.SharpPlayer: SharpMUSH.Library.Models.SharpPlayer, *System.String: -1*, <null>, Announce)
  	Notify(SharpMUSH.Library.Models.SharpPlayer: SharpMUSH.Library.Models.SharpPlayer, *System.String: -1*, <null>, Announce)
  	Notify(SharpMUSH.Library.Models.SharpPlayer: SharpMUSH.Library.Models.SharpPlayer, *System.String: -1*, <null>, Announce)
  	Notify(SharpMUSH.Library.Models.SharpPlayer: SharpMUSH.Library.Models.SharpPlayer, *System.String: -1*, <null>, Announce)
  	Notify(SharpMUSH.Library.Models.SharpPlayer: SharpMUSH.Library.Models.SharpPlayer, *System.String: -1*, <null>, Announce)
  	Notify(SharpMUSH.Library.Models.SharpPlayer: SharpMUSH.Library.Models.SharpPlayer, *System.String: -1*, <null>, Announce)
  	Notify(SharpMUSH.Library.Models.SharpPlayer: SharpMUSH.Library.Models.SharpPlayer, *System.String: -1*, <null>, Announce)
  	Notify(SharpMUSH.Library.Models.SharpPlayer: SharpMUSH.Library.Models.SharpPlayer, *System.String: -1*, <null>, Announce)
  	Notify(SharpMUSH.Library.Models.SharpPlayer: SharpMUSH.Library.Models.SharpPlayer, *System.String: -1*, <null>, Announce)
  	Notify(SharpMUSH.Library.Models.SharpPlayer: SharpMUSH.Library.Models.SharpPlayer, *System.String: -1*, <null>, Announce)
  	Notify(SharpMUSH.Library.Models.SharpPlayer: SharpMUSH.Library.Models.SharpPlayer, *System.String: -1*, <null>, Announce)
  	Notify(SharpMUSH.Library.Models.SharpPlayer: SharpMUSH.Library.Models.SharpPlayer, *System.String: -1*, <null>, Announce)
  	Notify(SharpMUSH.Library.Models.SharpPlayer: SharpMUSH.Library.Models.SharpPlayer, *System.String: -1*, <null>, Announce)
  	Notify(SharpMUSH.Library.Models.SharpPlayer: SharpMUSH.Library.Models.SharpPlayer, *System.String: -1*, <null>, Announce)
  	Notify(SharpMUSH.Library.Models.SharpPlayer: SharpMUSH.Library.Models.SharpPlayer, *System.String: -1*, <null>, Announce)
  	Notify(SharpMUSH.Library.Models.SharpPlayer: SharpMUSH.Library.Models.SharpPlayer, *System.String: -1*, <null>, Announce)
  	Notify(SharpMUSH.Library.Models.SharpPlayer: SharpMUSH.Library.Models.SharpPlayer, *System.String: -1*, <null>, Announce)
  	Notify(SharpMUSH.Library.Models.SharpPlayer: SharpMUSH.Library.Models.SharpPlayer, *System.String: -1*, <null>, Announce)
  	Notify(SharpMUSH.Library.Models.SharpPlayer: SharpMUSH.Library.Models.SharpPlayer, *System.String: -1*, <null>, Announce)
  	Notify(SharpMUSH.Library.Models.SharpPlayer: SharpMUSH.Library.Models.SharpPlayer, *System.String: -1*, <null>, Announce)
  	Notify(SharpMUSH.Library.Models.SharpPlayer: SharpMUSH.Library.Models.SharpPlayer, *System.String: -1*, <null>, Announce)
  	Notify(SharpMUSH.Library.Models.SharpPlayer: SharpMUSH.Library.Models.SharpPlayer, *System.String: -1*, <null>, Announce)
  	Notify(SharpMUSH.Library.Models.SharpPlayer: SharpMUSH.Library.Models.SharpPlayer, *System.String: -1*, <null>, Announce)
  	Notify(SharpMUSH.Library.Models.SharpPlayer: SharpMUSH.Library.Models.SharpPlayer, *System.String: -1*, <null>, Announce)
  	Notify(SharpMUSH.Library.Models.SharpPlayer: SharpMUSH.Library.Models.SharpPlayer, *System.String: -1*, <null>, Announce)
  	Notify(SharpMUSH.Library.Models.SharpPlayer: SharpMUSH.Library.Models.SharpPlayer, *System.String: -1*, <null>, Announce)
  	Notify(SharpMUSH.Library.Models.SharpPlayer: SharpMUSH.Library.Models.SharpPlayer, *System.String: -1*, <null>, Announce)
  	Notify(SharpMUSH.Library.Models.SharpPlayer: SharpMUSH.Library.Models.SharpPlayer, *System.String: -1*, <null>, Announce)
  	Notify(SharpMUSH.Library.Models.SharpPlayer: SharpMUSH.Library.Models.SharpPlayer, *System.String: -1*, <null>, Announce)
  	Notify(SharpMUSH.Library.Models.SharpPlayer: SharpMUSH.Library.Models.SharpPlayer, *System.String: -1*, <null>, Announce)
  	Notify(SharpMUSH.Library.Models.SharpPlayer: SharpMUSH.Library.Models.SharpPlayer, *System.String: -1*, <null>, Announce)
  	Notify(SharpMUSH.Library.Models.SharpPlayer: SharpMUSH.Library.Models.SharpPlayer, *System.String: -1*, <null>, Announce)
  	Notify(SharpMUSH.Library.Models.SharpPlayer: SharpMUSH.Library.Models.SharpPlayer, *System.String: -1*, <null>, Announce)
  	Notify(SharpMUSH.Library.Models.SharpPlayer: SharpMUSH.Library.Models.SharpPlayer, *System.String: -1*, <null>, Announce)
  	Notify(SharpMUSH.Library.Models.SharpPlayer: SharpMUSH.Library.Models.SharpPlayer, *System.String: -1*, <null>, Announce)
  	Notify(SharpMUSH.Library.Models.SharpPlayer: SharpMUSH.Library.Models.SharpPlayer, *System.String: -1*, <null>, Announce)
  	Notify(SharpMUSH.Library.Models.SharpPlayer: SharpMUSH.Library.Models.SharpPlayer, *System.String: -1*, <null>, Announce)
  	Notify(SharpMUSH.Library.Models.SharpPlayer: SharpMUSH.Library.Models.SharpPlayer, *System.String: -1*, <null>, Announce)
  	Notify(SharpMUSH.Library.Models.SharpPlayer: SharpMUSH.Library.Models.SharpPlayer, *System.String: -1*, <null>, Announce)
  	Notify(SharpMUSH.Library.Models.SharpPlayer: SharpMUSH.Library.Models.SharpPlayer, *System.String: -1*, <null>, Announce)
  	Notify(SharpMUSH.Library.Models.SharpPlayer: SharpMUSH.Library.Models.SharpPlayer, *System.String: -1*, <null>, Announce)
  	Notify(SharpMUSH.Library.Models.SharpPlayer: SharpMUSH.Library.Models.SharpPlayer, *System.String: -1*, <null>, Announce)
  	Notify(SharpMUSH.Library.Models.SharpPlayer: SharpMUSH.Library.Models.SharpPlayer, *System.String: -1*, <null>, Announce)
  	Notify(SharpMUSH.Library.Models.SharpPlayer: SharpMUSH.Library.Models.SharpPlayer, *System.String: -1*, <null>, Announce)
  	Notify(SharpMUSH.Library.Models.SharpPlayer: SharpMUSH.Library.Models.SharpPlayer, *System.String: -1*, <null>, Announce)
  	Notify(SharpMUSH.Library.Models.SharpPlayer: SharpMUSH.Library.Models.SharpPlayer, *System.String: -1*, <null>, Announce)
  	Notify(SharpMUSH.Library.Models.SharpPlayer: SharpMUSH.Library.Models.SharpPlayer, *System.String: -1*, <null>, Announce)
  	Notify(SharpMUSH.Library.Models.SharpPlayer: SharpMUSH.Library.Models.SharpPlayer, *System.String: -1*, <null>, Announce)
  	Notify(SharpMUSH.Library.Models.SharpPlayer: SharpMUSH.Library.Models.SharpPlayer, *System.String: -1*, <null>, Announce)
  	Notify(SharpMUSH.Library.Models.SharpPlayer: SharpMUSH.Library.Models.SharpPlayer, *System.String: -1*, <null>, Announce)
  	Notify(SharpMUSH.Library.Models.SharpPlayer: SharpMUSH.Library.Models.SharpPlayer, *System.String: -1*, <null>, Announce)
  	Notify(SharpMUSH.Library.Models.SharpPlayer: SharpMUSH.Library.Models.SharpPlayer, *System.String: -1*, <null>, Announce)
  	Notify(SharpMUSH.Library.Models.SharpPlayer: SharpMUSH.Library.Models.SharpPlayer, *System.String: -1*, <null>, Announce)
  	Notify(SharpMUSH.Library.Models.SharpPlayer: SharpMUSH.Library.Models.SharpPlayer, *System.String: -1*, <null>, Announce)
  	Notify(SharpMUSH.Library.Models.SharpPlayer: SharpMUSH.Library.Models.SharpPlayer, *System.String: -1*, <null>, Announce)
  	Notify(SharpMUSH.Library.Models.SharpPlayer: SharpMUSH.Library.Models.SharpPlayer, *System.String: -1*, <null>, Announce)
  	Notify(SharpMUSH.Library.Models.SharpPlayer: SharpMUSH.Library.Models.SharpPlayer, *System.String: -1*, <null>, Announce)
  	Notify(SharpMUSH.Library.Models.SharpPlayer: SharpMUSH.Library.Models.SharpPlayer, *System.String: -1*, <null>, Announce)
  	Notify(SharpMUSH.Library.Models.SharpPlayer: SharpMUSH.Library.Models.SharpPlayer, *System.String: -1*, <null>, Announce)
  	Notify(SharpMUSH.Library.Models.SharpPlayer: SharpMUSH.Library.Models.SharpPlayer, *System.String: -1*, <null>, Announce)
  	Notify(SharpMUSH.Library.Models.SharpPlayer: SharpMUSH.Library.Models.SharpPlayer, *System.String: -1*, <null>, Announce)
  	Notify(SharpMUSH.Library.Models.SharpPlayer: SharpMUSH.Library.Models.SharpPlayer, *System.String: -1*, <null>, Announce)
  	Notify(SharpMUSH.Library.Models.SharpPlayer: SharpMUSH.Library.Models.SharpPlayer, *System.String: -1*, <null>, Announce)
  	Notify(SharpMUSH.Library.Models.SharpPlayer: SharpMUSH.Library.Models.SharpPlayer, *System.String: -1*, <null>, Announce)
  	Notify(SharpMUSH.Library.Models.SharpPlayer: SharpMUSH.Library.Models.SharpPlayer, *System.String: -1*, <null>, Announce)
  	Notify(SharpMUSH.Library.Models.SharpPlayer: SharpMUSH.Library.Models.SharpPlayer, *System.String: -1*, <null>, Announce)
  	Notify(SharpMUSH.Library.Models.SharpPlayer: SharpMUSH.Library.Models.SharpPlayer, *System.String: -1*, <null>, Announce)
  	Notify(SharpMUSH.Library.Models.SharpPlayer: SharpMUSH.Library.Models.SharpPlayer, *System.String: -1*, <null>, Announce)
  	Notify(SharpMUSH.Library.Models.SharpPlayer: SharpMUSH.Library.Models.SharpPlayer, *System.String: -1*, <null>, Announce)
  	Notify(SharpMUSH.Library.Models.SharpPlayer: SharpMUSH.Library.Models.SharpPlayer, *System.String: -1*, <null>, Announce)
  	Notify(SharpMUSH.Library.Models.SharpPlayer: SharpMUSH.Library.Models.SharpPlayer, *System.String: -1*, <null>, Announce)
  	Notify(SharpMUSH.Library.Models.SharpPlayer: SharpMUSH.Library.Models.SharpPlayer, *System.String: -1*, <null>, Announce)
  	Notify(SharpMUSH.Library.Models.SharpPlayer: SharpMUSH.Library.Models.SharpPlayer, *System.String: -1*, <null>, Announce)
  	Notify(SharpMUSH.Library.Models.SharpPlayer: SharpMUSH.Library.Models.SharpPlayer, *System.String: -1*, <null>, Announce)
  	Notify(SharpMUSH.Library.Models.SharpPlayer: SharpMUSH.Library.Models.SharpPlayer, *System.String: -1*, <null>, Announce)
  	Notify(SharpMUSH.Library.Models.SharpPlayer: SharpMUSH.Library.Models.SharpPlayer, *System.String: -1*, <null>, Announce)
  	Notify(SharpMUSH.Library.Models.SharpPlayer: SharpMUSH.Library.Models.SharpPlayer, *System.String: -1*, <null>, Announce)
  	Notify(SharpMUSH.Library.Models.SharpPlayer: SharpMUSH.Library.Models.SharpPlayer, *System.String: -1*, <null>, Announce)
  	Notify(SharpMUSH.Library.Models.SharpPlayer: SharpMUSH.Library.Models.SharpPlayer, *System.String: -1*, <null>, Announce)
  	Notify(SharpMUSH.Library.Models.SharpPlayer: SharpMUSH.Library.Models.SharpPlayer, *System.String: -1*, <null>, Announce)
  	Notify(SharpMUSH.Library.Models.SharpPlayer: SharpMUSH.Library.Models.SharpPlayer, *System.String: -1*, <null>, Announce)
  	Notify(SharpMUSH.Library.Models.SharpPlayer: SharpMUSH.Library.Models.SharpPlayer, *System.String: -1*, <null>, Announce)
  	Notify(SharpMUSH.Library.Models.SharpPlayer: SharpMUSH.Library.Models.SharpPlayer, *System.String: -1*, <null>, Announce)
  	Notify(SharpMUSH.Library.Models.SharpPlayer: SharpMUSH.Library.Models.SharpPlayer, *System.String: -1*, <null>, Announce)
  	Notify(SharpMUSH.Library.Models.SharpPlayer: SharpMUSH.Library.Models.SharpPlayer, *System.String: -1*, <null>, Announce)
  	Notify(SharpMUSH.Library.Models.SharpPlayer: SharpMUSH.Library.Models.SharpPlayer, *System.String: -1*, <null>, Announce)
  	Notify(SharpMUSH.Library.Models.SharpPlayer: SharpMUSH.Library.Models.SharpPlayer, *System.String: -1*, <null>, Announce)
  	Notify(SharpMUSH.Library.Models.SharpPlayer: SharpMUSH.Library.Models.SharpPlayer, *System.String: -1*, <null>, Announce)
  	Notify(SharpMUSH.Library.Models.SharpPlayer: SharpMUSH.Library.Models.SharpPlayer, *System.String: -1*, <null>, Announce)
  	Notify(SharpMUSH.Library.Models.SharpPlayer: SharpMUSH.Library.Models.SharpPlayer, *System.String: -1*, <null>, Announce)
  	Notify(SharpMUSH.Library.Models.SharpPlayer: SharpMUSH.Library.Models.SharpPlayer, *System.String: -1*, <null>, Announce)
  	Notify(SharpMUSH.Library.Models.SharpPlayer: SharpMUSH.Library.Models.SharpPlayer, *System.String: -1*, <null>, Announce)
  	Notify(SharpMUSH.Library.Models.SharpPlayer: SharpMUSH.Library.Models.SharpPlayer, *System.String: -1*, <null>, Announce)
  	Notify(SharpMUSH.Library.Models.SharpPlayer: SharpMUSH.Library.Models.SharpPlayer, *System.String: -1*, <null>, Announce)
  	Notify(SharpMUSH.Library.Models.SharpPlayer: SharpMUSH.Library.Models.SharpPlayer, *System.String: -1*, <null>, Announce)
  	Notify(SharpMUSH.Library.Models.SharpPlayer: SharpMUSH.Library.Models.SharpPlayer, *System.String: -1*, <null>, Announce)
  	Notify(SharpMUSH.Library.Models.SharpPlayer: SharpMUSH.Library.Models.SharpPlayer, *System.String: -1*, <null>, Announce)
  	Notify(SharpMUSH.Library.Models.SharpPlayer: SharpMUSH.Library.Models.SharpPlayer, *System.String: -1*, <null>, Announce)
  	Notify(SharpMUSH.Library.Models.SharpPlayer: SharpMUSH.Library.Models.SharpPlayer, *System.String: -1*, <null>, Announce)
  	Notify(SharpMUSH.Library.Models.SharpPlayer: SharpMUSH.Library.Models.SharpPlayer, *System.String: -1*, <null>, Announce)
  	Notify(SharpMUSH.Library.Models.SharpPlayer: SharpMUSH.Library.Models.SharpPlayer, *System.String: -1*, <null>, Announce)
  	Notify(SharpMUSH.Library.Models.SharpPlayer: SharpMUSH.Library.Models.SharpPlayer, *System.String: -1*, <null>, Announce)
  	Notify(SharpMUSH.Library.Models.SharpPlayer: SharpMUSH.Library.Models.SharpPlayer, *System.String: -1*, <null>, Announce)
  	Notify(SharpMUSH.Library.Models.SharpPlayer: SharpMUSH.Library.Models.SharpPlayer, *System.String: -1*, <null>, Announce)
  	Notify(SharpMUSH.Library.Models.SharpPlayer: SharpMUSH.Library.Models.SharpPlayer, *System.String: -1*, <null>, Announce)
  	Notify(SharpMUSH.Library.Models.SharpPlayer: SharpMUSH.Library.Models.SharpPlayer, *System.String: -1*, <null>, Announce)
  	Notify(SharpMUSH.Library.Models.SharpPlayer: SharpMUSH.Library.Models.SharpPlayer, *System.String: -1*, <null>, Announce)
  	Notify(SharpMUSH.Library.Models.SharpPlayer: SharpMUSH.Library.Models.SharpPlayer, *System.String: -1*, <null>, Announce)
  	Notify(SharpMUSH.Library.Models.SharpPlayer: SharpMUSH.Library.Models.SharpPlayer, *System.String: -1*, <null>, Announce)
  	Notify(SharpMUSH.Library.Models.SharpPlayer: SharpMUSH.Library.Models.SharpPlayer, *System.String: -1*, <null>, Announce)
  	Notify(SharpMUSH.Library.Models.SharpPlayer: SharpMUSH.Library.Models.SharpPlayer, *System.String: -1*, <null>, Announce)
  	Notify(SharpMUSH.Library.Models.SharpPlayer: SharpMUSH.Library.Models.SharpPlayer, *System.String: -1*, <null>, Announce)
  	Notify(SharpMUSH.Library.Models.SharpPlayer: SharpMUSH.Library.Models.SharpPlayer, *System.String: -1*, <null>, Announce)
  	Notify(SharpMUSH.Library.Models.SharpPlayer: SharpMUSH.Library.Models.SharpPlayer, *System.String: -1*, <null>, Announce)
  	Notify(SharpMUSH.Library.Models.SharpPlayer: SharpMUSH.Library.Models.SharpPlayer, *System.String: -1*, <null>, Announce)
  	Notify(SharpMUSH.Library.Models.SharpPlayer: SharpMUSH.Library.Models.SharpPlayer, *System.String: -1*, <null>, Announce)
  	Notify(SharpMUSH.Library.Models.SharpPlayer: SharpMUSH.Library.Models.SharpPlayer, *System.String: -1*, <null>, Announce)
  	Notify(SharpMUSH.Library.Models.SharpPlayer: SharpMUSH.Library.Models.SharpPlayer, *System.String: -1*, <null>, Announce)
  	Notify(SharpMUSH.Library.Models.SharpPlayer: SharpMUSH.Library.Models.SharpPlayer, *System.String: -1*, <null>, Announce)
  	Notify(SharpMUSH.Library.Models.SharpPlayer: SharpMUSH.Library.Models.SharpPlayer, *System.String: -1*, <null>, Announce)
  	Notify(SharpMUSH.Library.Models.SharpPlayer: SharpMUSH.Library.Models.SharpPlayer, *System.String: -1*, <null>, Announce)
  	Notify(SharpMUSH.Library.Models.SharpPlayer: SharpMUSH.Library.Models.SharpPlayer, *System.String: -1*, <null>, Announce)
  	Notify(SharpMUSH.Library.Models.SharpPlayer: SharpMUSH.Library.Models.SharpPlayer, *System.String: -1*, <null>, Announce)
  	Notify(SharpMUSH.Library.Models.SharpPlayer: SharpMUSH.Library.Models.SharpPlayer, *System.String: -1*, <null>, Announce)
  	Notify(SharpMUSH.Library.Models.SharpPlayer: SharpMUSH.Library.Models.SharpPlayer, *System.String: -1*, <null>, Announce)
  	Notify(SharpMUSH.Library.Models.SharpPlayer: SharpMUSH.Library.Models.SharpPlayer, *System.String: -1*, <null>, Announce)
  	Notify(SharpMUSH.Library.Models.SharpPlayer: SharpMUSH.Library.Models.SharpPlayer, *System.String: -1*, <null>, Announce)
  	Notify(SharpMUSH.Library.Models.SharpPlayer: SharpMUSH.Library.Models.SharpPlayer, *System.String: -1*, <null>, Announce)
  	Notify(SharpMUSH.Library.Models.SharpPlayer: SharpMUSH.Library.Models.SharpPlayer, *System.String: -1*, <null>, Announce)
  	Notify(SharpMUSH.Library.Models.SharpPlayer: SharpMUSH.Library.Models.SharpPlayer, *System.String: -1*, <null>, Announce)
  	Notify(SharpMUSH.Library.Models.SharpPlayer: SharpMUSH.Library.Models.SharpPlayer, *System.String: -1*, <null>, Announce)
  	Notify(SharpMUSH.Library.Models.SharpPlayer: SharpMUSH.Library.Models.SharpPlayer, *System.String: -1*, <null>, Announce)
  	Notify(SharpMUSH.Library.Models.SharpPlayer: SharpMUSH.Library.Models.SharpPlayer, *System.String: -1*, <null>, Announce)
  	Notify(SharpMUSH.Library.Models.SharpPlayer: SharpMUSH.Library.Models.SharpPlayer, *System.String: -1*, <null>, Announce)
  	Notify(SharpMUSH.Library.Models.SharpPlayer: SharpMUSH.Library.Models.SharpPlayer, *System.String: -1*, <null>, Announce)
  	Notify(SharpMUSH.Library.Models.SharpPlayer: SharpMUSH.Library.Models.SharpPlayer, *System.String: -1*, <null>, Announce)
  	Notify(SharpMUSH.Library.Models.SharpPlayer: SharpMUSH.Library.Models.SharpPlayer, *System.String: -1*, <null>, Announce)
  	Notify(SharpMUSH.Library.Models.SharpPlayer: SharpMUSH.Library.Models.SharpPlayer, *System.String: -1*, <null>, Announce)
  	Notify(SharpMUSH.Library.Models.SharpPlayer: SharpMUSH.Library.Models.SharpPlayer, *System.String: -1*, <null>, Announce)
  	Notify(SharpMUSH.Library.Models.SharpPlayer: SharpMUSH.Library.Models.SharpPlayer, *System.String: -1*, <null>, Announce)
  	Notify(SharpMUSH.Library.Models.SharpPlayer: SharpMUSH.Library.Models.SharpPlayer, *System.String: -1*, <null>, Announce)
  	Notify(SharpMUSH.Library.Models.SharpPlayer: SharpMUSH.Library.Models.SharpPlayer, *System.String: -1*, <null>, Announce)
  	Notify(SharpMUSH.Library.Models.SharpPlayer: SharpMUSH.Library.Models.SharpPlayer, *System.String: -1*, <null>, Announce)
  	Notify(SharpMUSH.Library.Models.SharpPlayer: SharpMUSH.Library.Models.SharpPlayer, *System.String: -1*, <null>, Announce)
  	Notify(SharpMUSH.Library.Models.SharpPlayer: SharpMUSH.Library.Models.SharpPlayer, *System.String: -1*, <null>, Announce)
  	Notify(SharpMUSH.Library.Models.SharpPlayer: SharpMUSH.Library.Models.SharpPlayer, *System.String: -1*, <null>, Announce)
  	Notify(SharpMUSH.Library.Models.SharpPlayer: SharpMUSH.Library.Models.SharpPlayer, *System.String: -1*, <null>, Announce)
  	Notify(SharpMUSH.Library.Models.SharpPlayer: SharpMUSH.Library.Models.SharpPlayer, *System.String: -1*, <null>, Announce)
  	Notify(SharpMUSH.Library.Models.SharpPlayer: SharpMUSH.Library.Models.SharpPlayer, *System.String: -1*, <null>, Announce)
  	Notify(SharpMUSH.Library.Models.SharpPlayer: SharpMUSH.Library.Models.SharpPlayer, *System.String: -1*, <null>, Announce)
  	Notify(SharpMUSH.Library.Models.SharpPlayer: SharpMUSH.Library.Models.SharpPlayer, *System.String: -1*, <null>, Announce)
  	Notify(SharpMUSH.Library.Models.SharpPlayer: SharpMUSH.Library.Models.SharpPlayer, *System.String: -1*, <null>, Announce)
  	Notify(SharpMUSH.Library.Models.SharpPlayer: SharpMUSH.Library.Models.SharpPlayer, *System.String: -1*, <null>, Announce)
  	Notify(SharpMUSH.Library.Models.SharpPlayer: SharpMUSH.Library.Models.SharpPlayer, *System.String: -1*, <null>, Announce)
  	Notify(SharpMUSH.Library.Models.SharpPlayer: SharpMUSH.Library.Models.SharpPlayer, *System.String: -1*, <null>, Announce)
  	Notify(SharpMUSH.Library.Models.SharpPlayer: SharpMUSH.Library.Models.SharpPlayer, *System.String: -1*, <null>, Announce)
  	Notify(SharpMUSH.Library.Models.SharpPlayer: SharpMUSH.Library.Models.SharpPlayer, *System.String: -1*, <null>, Announce)
  	Notify(SharpMUSH.Library.Models.SharpPlayer: SharpMUSH.Library.Models.SharpPlayer, *System.String: -1*, <null>, Announce)
  	Notify(SharpMUSH.Library.Models.SharpPlayer: SharpMUSH.Library.Models.SharpPlayer, *System.String: -1*, <null>, Announce)
  	Notify(SharpMUSH.Library.Models.SharpPlayer: SharpMUSH.Library.Models.SharpPlayer, *System.String: -1*, <null>, Announce)
  	Notify(SharpMUSH.Library.Models.SharpPlayer: SharpMUSH.Library.Models.SharpPlayer, *System.String: -1*, <null>, Announce)
  	Notify(SharpMUSH.Library.Models.SharpPlayer: SharpMUSH.Library.Models.SharpPlayer, *System.String: -1*, <null>, Announce)
  	Notify(SharpMUSH.Library.Models.SharpPlayer: SharpMUSH.Library.Models.SharpPlayer, *System.String: -1*, <null>, Announce)
  	Notify(SharpMUSH.Library.Models.SharpPlayer: SharpMUSH.Library.Models.SharpPlayer, *System.String: -1*, <null>, Announce)
  	Notify(SharpMUSH.Library.Models.SharpPlayer: SharpMUSH.Library.Models.SharpPlayer, *System.String: -1*, <null>, Announce)
  	Notify(SharpMUSH.Library.Models.SharpPlayer: SharpMUSH.Library.Models.SharpPlayer, *System.String: -1*, <null>, Announce)
  	Notify(SharpMUSH.Library.Models.SharpPlayer: SharpMUSH.Library.Models.SharpPlayer, *System.String: -1*, <null>, Announce)
  	Notify(SharpMUSH.Library.Models.SharpPlayer: SharpMUSH.Library.Models.SharpPlayer, *System.String: -1*, <null>, Announce)
  	Notify(SharpMUSH.Library.Models.SharpPlayer: SharpMUSH.Library.Models.SharpPlayer, *System.String: -1*, <null>, Announce)
  	Notify(SharpMUSH.Library.Models.SharpPlayer: SharpMUSH.Library.Models.SharpPlayer, *System.String: -1*, <null>, Announce)
  	Notify(SharpMUSH.Library.Models.SharpPlayer: SharpMUSH.Library.Models.SharpPlayer, *System.String: -1*, <null>, Announce)
  	Notify(SharpMUSH.Library.Models.SharpPlayer: SharpMUSH.Library.Models.SharpPlayer, *System.String: -1*, <null>, Announce)
  	Notify(SharpMUSH.Library.Models.SharpPlayer: SharpMUSH.Library.Models.SharpPlayer, *System.String: -1*, <null>, Announce)
  	Notify(SharpMUSH.Library.Models.SharpPlayer: SharpMUSH.Library.Models.SharpPlayer, *System.String: -1*, <null>, Announce)
  	Notify(SharpMUSH.Library.Models.SharpPlayer: SharpMUSH.Library.Models.SharpPlayer, *System.String: -1*, <null>, Announce)
  	Notify(SharpMUSH.Library.Models.SharpPlayer: SharpMUSH.Library.Models.SharpPlayer, *System.String: -1*, <null>, Announce)
  	Notify(SharpMUSH.Library.Models.SharpPlayer: SharpMUSH.Library.Models.SharpPlayer, *System.String: -1*, <null>, Announce)
  	Notify(SharpMUSH.Library.Models.SharpPlayer: SharpMUSH.Library.Models.SharpPlayer, *System.String: -1*, <null>, Announce)
  	Notify(SharpMUSH.Library.Models.SharpPlayer: SharpMUSH.Library.Models.SharpPlayer, *System.String: -1*, <null>, Announce)
  	Notify(SharpMUSH.Library.Models.SharpPlayer: SharpMUSH.Library.Models.SharpPlayer, *System.String: -1*, <null>, Announce)
  	Notify(SharpMUSH.Library.Models.SharpPlayer: SharpMUSH.Library.Models.SharpPlayer, *System.String: -1*, <null>, Announce)
  	Notify(SharpMUSH.Library.Models.SharpPlayer: SharpMUSH.Library.Models.SharpPlayer, *System.String: -1*, <null>, Announce)
  	Notify(SharpMUSH.Library.Models.SharpPlayer: SharpMUSH.Library.Models.SharpPlayer, *System.String: -1*, <null>, Announce)
  	Notify(SharpMUSH.Library.Models.SharpPlayer: SharpMUSH.Library.Models.SharpPlayer, *System.String: -1*, <null>, Announce)
  	Notify(SharpMUSH.Library.Models.SharpPlayer: SharpMUSH.Library.Models.SharpPlayer, *System.String: -1*, <null>, Announce)
  	Notify(SharpMUSH.Library.Models.SharpPlayer: SharpMUSH.Library.Models.SharpPlayer, *System.String: -1*, <null>, Announce)
  	Notify(SharpMUSH.Library.Models.SharpPlayer: SharpMUSH.Library.Models.SharpPlayer, *System.String: -1*, <null>, Announce)
  	Notify(SharpMUSH.Library.Models.SharpPlayer: SharpMUSH.Library.Models.SharpPlayer, *System.String: -1*, <null>, Announce)
  	Notify(SharpMUSH.Library.Models.SharpPlayer: SharpMUSH.Library.Models.SharpPlayer, *System.String: -1*, <null>, Announce)
  	Notify(SharpMUSH.Library.Models.SharpPlayer: SharpMUSH.Library.Models.SharpPlayer, *System.String: -1*, <null>, Announce)
  	Notify(SharpMUSH.Library.Models.SharpPlayer: SharpMUSH.Library.Models.SharpPlayer, *System.String: -1*, <null>, Announce)
  	Notify(SharpMUSH.Library.Models.SharpPlayer: SharpMUSH.Library.Models.SharpPlayer, *System.String: -1*, <null>, Announce)
  	Notify(SharpMUSH.Library.Models.SharpPlayer: SharpMUSH.Library.Models.SharpPlayer, *System.String: -1*, <null>, Announce)
  	Notify(SharpMUSH.Library.Models.SharpPlayer: SharpMUSH.Library.Models.SharpPlayer, *System.String: -1*, <null>, Announce)
  	Notify(SharpMUSH.Library.Models.SharpPlayer: SharpMUSH.Library.Models.SharpPlayer, *System.String: -1*, <null>, Announce)
  	Notify(SharpMUSH.Library.Models.SharpPlayer: SharpMUSH.Library.Models.SharpPlayer, *System.String: -1*, <null>, Announce)
  	Notify(SharpMUSH.Library.Models.SharpPlayer: SharpMUSH.Library.Models.SharpPlayer, *System.String: -1*, <null>, Announce)
  	Notify(SharpMUSH.Library.Models.SharpPlayer: SharpMUSH.Library.Models.SharpPlayer, *System.String: -1*, <null>, Announce)
  	Notify(SharpMUSH.Library.Models.SharpPlayer: SharpMUSH.Library.Models.SharpPlayer, *System.String: -1*, <null>, Announce)
  	Notify(SharpMUSH.Library.Models.SharpPlayer: SharpMUSH.Library.Models.SharpPlayer, *System.String: -1*, <null>, Announce)
  	Notify(SharpMUSH.Library.Models.SharpPlayer: SharpMUSH.Library.Models.SharpPlayer, *System.String: -1*, <null>, Announce)
  	Notify(SharpMUSH.Library.Models.SharpPlayer: SharpMUSH.Library.Models.SharpPlayer, *System.String: -1*, <null>, Announce)
  	Notify(SharpMUSH.Library.Models.SharpPlayer: SharpMUSH.Library.Models.SharpPlayer, *System.String: -1*, <null>, Announce)
  	Notify(SharpMUSH.Library.Models.SharpPlayer: SharpMUSH.Library.Models.SharpPlayer, *System.String: -1*, <null>, Announce)
  	Notify(SharpMUSH.Library.Models.SharpPlayer: SharpMUSH.Library.Models.SharpPlayer, *System.String: -1*, <null>, Announce)
  	Notify(SharpMUSH.Library.Models.SharpPlayer: SharpMUSH.Library.Models.SharpPlayer, *System.String: -1*, <null>, Announce)
  	Notify(SharpMUSH.Library.Models.SharpPlayer: SharpMUSH.Library.Models.SharpPlayer, *System.String: -1*, <null>, Announce)
  	Notify(SharpMUSH.Library.Models.SharpPlayer: SharpMUSH.Library.Models.SharpPlayer, *System.String: -1*, <null>, Announce)
  	Notify(SharpMUSH.Library.Models.SharpPlayer: SharpMUSH.Library.Models.SharpPlayer, *System.String: -1*, <null>, Announce)
  	Notify(SharpMUSH.Library.Models.SharpPlayer: SharpMUSH.Library.Models.SharpPlayer, *System.String: -1*, <null>, Announce)
  	Notify(SharpMUSH.Library.Models.SharpPlayer: SharpMUSH.Library.Models.SharpPlayer, *System.String: -1*, <null>, Announce)
  	Notify(SharpMUSH.Library.Models.SharpPlayer: SharpMUSH.Library.Models.SharpPlayer, *System.String: -1*, <null>, Announce)
  	Notify(SharpMUSH.Library.Models.SharpPlayer: SharpMUSH.Library.Models.SharpPlayer, *System.String: -1*, <null>, Announce)
  	Notify(SharpMUSH.Library.Models.SharpPlayer: SharpMUSH.Library.Models.SharpPlayer, *System.String: -1*, <null>, Announce)
  	Notify(SharpMUSH.Library.Models.SharpPlayer: SharpMUSH.Library.Models.SharpPlayer, *System.String: -1*, <null>, Announce)
  	Notify(SharpMUSH.Library.Models.SharpPlayer: SharpMUSH.Library.Models.SharpPlayer, *System.String: -1*, <null>, Announce)
  	Notify(SharpMUSH.Library.Models.SharpPlayer: SharpMUSH.Library.Models.SharpPlayer, *System.String: -1*, <null>, Announce)
  	Notify(SharpMUSH.Library.Models.SharpPlayer: SharpMUSH.Library.Models.SharpPlayer, *System.String: -1*, <null>, Announce)
  	Notify(SharpMUSH.Library.Models.SharpPlayer: SharpMUSH.Library.Models.SharpPlayer, *System.String: -1*, <null>, Announce)
  	Notify(SharpMUSH.Library.Models.SharpPlayer: SharpMUSH.Library.Models.SharpPlayer, *System.String: -1*, <null>, Announce)
  	Notify(SharpMUSH.Library.Models.SharpPlayer: SharpMUSH.Library.Models.SharpPlayer, *System.String: -1*, <null>, Announce)
  	Notify(SharpMUSH.Library.Models.SharpPlayer: SharpMUSH.Library.Models.SharpPlayer, *System.String: -1*, <null>, Announce)
  	Notify(SharpMUSH.Library.Models.SharpPlayer: SharpMUSH.Library.Models.SharpPlayer, *System.String: -1*, <null>, Announce)
  	Notify(SharpMUSH.Library.Models.SharpPlayer: SharpMUSH.Library.Models.SharpPlayer, *System.String: -1*, <null>, Announce)
  	Notify(SharpMUSH.Library.Models.SharpPlayer: SharpMUSH.Library.Models.SharpPlayer, *System.String: -1*, <null>, Announce)
  	Notify(SharpMUSH.Library.Models.SharpPlayer: SharpMUSH.Library.Models.SharpPlayer, *System.String: -1*, <null>, Announce)
  	Notify(SharpMUSH.Library.Models.SharpPlayer: SharpMUSH.Library.Models.SharpPlayer, *System.String: -1*, <null>, Announce)
  	Notify(SharpMUSH.Library.Models.SharpPlayer: SharpMUSH.Library.Models.SharpPlayer, *System.String: -1*, <null>, Announce)
  	Notify(SharpMUSH.Library.Models.SharpPlayer: SharpMUSH.Library.Models.SharpPlayer, *System.String: -1*, <null>, Announce)
  	Notify(SharpMUSH.Library.Models.SharpPlayer: SharpMUSH.Library.Models.SharpPlayer, *System.String: -1*, <null>, Announce)
  	Notify(SharpMUSH.Library.Models.SharpPlayer: SharpMUSH.Library.Models.SharpPlayer, *System.String: -1*, <null>, Announce)
  	Notify(SharpMUSH.Library.Models.SharpPlayer: SharpMUSH.Library.Models.SharpPlayer, *System.String: -1*, <null>, Announce)
  	Notify(SharpMUSH.Library.Models.SharpPlayer: SharpMUSH.Library.Models.SharpPlayer, *System.String: -1*, <null>, Announce)
  	Notify(SharpMUSH.Library.Models.SharpPlayer: SharpMUSH.Library.Models.SharpPlayer, *System.String: -1*, <null>, Announce)
  	Notify(SharpMUSH.Library.Models.SharpPlayer: SharpMUSH.Library.Models.SharpPlayer, *System.String: -1*, <null>, Announce)
  	Notify(SharpMUSH.Library.Models.SharpPlayer: SharpMUSH.Library.Models.SharpPlayer, *System.String: -1*, <null>, Announce)
  	Notify(SharpMUSH.Library.Models.SharpPlayer: SharpMUSH.Library.Models.SharpPlayer, *System.String: -1*, <null>, Announce)
  	Notify(SharpMUSH.Library.Models.SharpPlayer: SharpMUSH.Library.Models.SharpPlayer, *System.String: -1*, <null>, Announce)
  	Notify(SharpMUSH.Library.Models.SharpPlayer: SharpMUSH.Library.Models.SharpPlayer, *System.String: -1*, <null>, Announce)
  	Notify(SharpMUSH.Library.Models.SharpPlayer: SharpMUSH.Library.Models.SharpPlayer, *System.String: -1*, <null>, Announce)
  	Notify(SharpMUSH.Library.Models.SharpPlayer: SharpMUSH.Library.Models.SharpPlayer, *System.String: -1*, <null>, Announce)
  	Notify(SharpMUSH.Library.Models.SharpPlayer: SharpMUSH.Library.Models.SharpPlayer, *System.String: -1*, <null>, Announce)
  	Notify(SharpMUSH.Library.Models.SharpPlayer: SharpMUSH.Library.Models.SharpPlayer, *System.String: -1*, <null>, Announce)
  	Notify(SharpMUSH.Library.Models.SharpPlayer: SharpMUSH.Library.Models.SharpPlayer, *System.String: -1*, <null>, Announce)
  	Notify(SharpMUSH.Library.Models.SharpPlayer: SharpMUSH.Library.Models.SharpPlayer, *System.String: -1*, <null>, Announce)
  	Notify(SharpMUSH.Library.Models.SharpPlayer: SharpMUSH.Library.Models.SharpPlayer, *System.String: -1*, <null>, Announce)
  	Notify(SharpMUSH.Library.Models.SharpPlayer: SharpMUSH.Library.Models.SharpPlayer, *System.String: -1*, <null>, Announce)
  	Notify(SharpMUSH.Library.Models.SharpPlayer: SharpMUSH.Library.Models.SharpPlayer, *System.String: -1*, <null>, Announce)
  	Notify(SharpMUSH.Library.Models.SharpPlayer: SharpMUSH.Library.Models.SharpPlayer, *System.String: -1*, <null>, Announce)
  	Notify(SharpMUSH.Library.Models.SharpPlayer: SharpMUSH.Library.Models.SharpPlayer, *System.String: -1*, <null>, Announce)
  	Notify(SharpMUSH.Library.Models.SharpPlayer: SharpMUSH.Library.Models.SharpPlayer, *System.String: -1*, <null>, Announce)
  	Notify(SharpMUSH.Library.Models.SharpPlayer: SharpMUSH.Library.Models.SharpPlayer, *System.String: -1*, <null>, Announce)
  	Notify(SharpMUSH.Library.Models.SharpPlayer: SharpMUSH.Library.Models.SharpPlayer, *System.String: -1*, <null>, Announce)
  	Notify(SharpMUSH.Library.Models.SharpPlayer: SharpMUSH.Library.Models.SharpPlayer, *System.String: -1*, <null>, Announce)
  	Notify(SharpMUSH.Library.Models.SharpPlayer: SharpMUSH.Library.Models.SharpPlayer, *System.String: -1*, <null>, Announce)
  	Notify(SharpMUSH.Library.Models.SharpPlayer: SharpMUSH.Library.Models.SharpPlayer, *System.String: -1*, <null>, Announce)
  	Notify(SharpMUSH.Library.Models.SharpPlayer: SharpMUSH.Library.Models.SharpPlayer, *System.String: -1*, <null>, Announce)
  	Notify(SharpMUSH.Library.Models.SharpPlayer: SharpMUSH.Library.Models.SharpPlayer, *System.String: -1*, <null>, Announce)
  	Notify(SharpMUSH.Library.Models.SharpPlayer: SharpMUSH.Library.Models.SharpPlayer, *System.String: -1*, <null>, Announce)
  	Notify(SharpMUSH.Library.Models.SharpPlayer: SharpMUSH.Library.Models.SharpPlayer, *System.String: -1*, <null>, Announce)
  	Notify(SharpMUSH.Library.Models.SharpPlayer: SharpMUSH.Library.Models.SharpPlayer, *System.String: -1*, <null>, Announce)
  	Notify(SharpMUSH.Library.Models.SharpPlayer: SharpMUSH.Library.Models.SharpPlayer, *System.String: -1*, <null>, Announce)
  	Notify(SharpMUSH.Library.Models.SharpPlayer: SharpMUSH.Library.Models.SharpPlayer, *System.String: -1*, <null>, Announce)
  	Notify(SharpMUSH.Library.Models.SharpPlayer: SharpMUSH.Library.Models.SharpPlayer, *System.String: -1*, <null>, Announce)
  	Notify(SharpMUSH.Library.Models.SharpPlayer: SharpMUSH.Library.Models.SharpPlayer, *System.String: -1*, <null>, Announce)
  	Notify(SharpMUSH.Library.Models.SharpPlayer: SharpMUSH.Library.Models.SharpPlayer, *System.String: -1*, <null>, Announce)
  	Notify(SharpMUSH.Library.Models.SharpPlayer: SharpMUSH.Library.Models.SharpPlayer, *System.String: -1*, <null>, Announce)
  	Notify(SharpMUSH.Library.Models.SharpPlayer: SharpMUSH.Library.Models.SharpPlayer, *System.String: -1*, <null>, Announce)
  	Notify(SharpMUSH.Library.Models.SharpPlayer: SharpMUSH.Library.Models.SharpPlayer, *System.String: -1*, <null>, Announce)
  	Notify(SharpMUSH.Library.Models.SharpPlayer: SharpMUSH.Library.Models.SharpPlayer, *System.String: -1*, <null>, Announce)
  	Notify(SharpMUSH.Library.Models.SharpPlayer: SharpMUSH.Library.Models.SharpPlayer, *System.String: -1*, <null>, Announce)
  	Notify(SharpMUSH.Library.Models.SharpPlayer: SharpMUSH.Library.Models.SharpPlayer, *System.String: -1*, <null>, Announce)
  	Notify(SharpMUSH.Library.Models.SharpPlayer: SharpMUSH.Library.Models.SharpPlayer, *System.String: -1*, <null>, Announce)
  	Notify(SharpMUSH.Library.Models.SharpPlayer: SharpMUSH.Library.Models.SharpPlayer, *System.String: -1*, <null>, Announce)
  	Notify(SharpMUSH.Library.Models.SharpPlayer: SharpMUSH.Library.Models.SharpPlayer, *System.String: -1*, <null>, Announce)
  	Notify(SharpMUSH.Library.Models.SharpPlayer: SharpMUSH.Library.Models.SharpPlayer, *System.String: -1*, <null>, Announce)
  	Notify(SharpMUSH.Library.Models.SharpPlayer: SharpMUSH.Library.Models.SharpPlayer, *System.String: -1*, <null>, Announce)
  	Notify(SharpMUSH.Library.Models.SharpPlayer: SharpMUSH.Library.Models.SharpPlayer, *System.String: -1*, <null>, Announce)
  	Notify(SharpMUSH.Library.Models.SharpPlayer: SharpMUSH.Library.Models.SharpPlayer, *System.String: -1*, <null>, Announce)
  	Notify(SharpMUSH.Library.Models.SharpPlayer: SharpMUSH.Library.Models.SharpPlayer, *System.String: -1*, <null>, Announce)
  	Notify(SharpMUSH.Library.Models.SharpPlayer: SharpMUSH.Library.Models.SharpPlayer, *System.String: -1*, <null>, Announce)
  	Notify(SharpMUSH.Library.Models.SharpPlayer: SharpMUSH.Library.Models.SharpPlayer, *System.String: -1*, <null>, Announce)
  	Notify(SharpMUSH.Library.Models.SharpPlayer: SharpMUSH.Library.Models.SharpPlayer, *System.String: -1*, <null>, Announce)
  	Notify(SharpMUSH.Library.Models.SharpPlayer: SharpMUSH.Library.Models.SharpPlayer, *System.String: -1*, <null>, Announce)
  	Notify(SharpMUSH.Library.Models.SharpPlayer: SharpMUSH.Library.Models.SharpPlayer, *System.String: -1*, <null>, Announce)
  	Notify(SharpMUSH.Library.Models.SharpPlayer: SharpMUSH.Library.Models.SharpPlayer, *System.String: -1*, <null>, Announce)
  	Notify(SharpMUSH.Library.Models.SharpPlayer: SharpMUSH.Library.Models.SharpPlayer, *System.String: -1*, <null>, Announce)
  	Notify(SharpMUSH.Library.Models.SharpPlayer: SharpMUSH.Library.Models.SharpPlayer, *System.String: -1*, <null>, Announce)
  	Notify(SharpMUSH.Library.Models.SharpPlayer: SharpMUSH.Library.Models.SharpPlayer, *System.String: -1*, <null>, Announce)
  	Notify(SharpMUSH.Library.Models.SharpPlayer: SharpMUSH.Library.Models.SharpPlayer, *System.String: -1*, <null>, Announce)
  	Notify(SharpMUSH.Library.Models.SharpPlayer: SharpMUSH.Library.Models.SharpPlayer, *System.String: -1*, <null>, Announce)
  	Notify(SharpMUSH.Library.Models.SharpPlayer: SharpMUSH.Library.Models.SharpPlayer, *System.String: -1*, <null>, Announce)
  	Notify(SharpMUSH.Library.Models.SharpPlayer: SharpMUSH.Library.Models.SharpPlayer, *System.String: -1*, <null>, Announce)
  	Notify(SharpMUSH.Library.Models.SharpPlayer: SharpMUSH.Library.Models.SharpPlayer, *System.String: -1*, <null>, Announce)
  	Notify(SharpMUSH.Library.Models.SharpPlayer: SharpMUSH.Library.Models.SharpPlayer, *System.String: -1*, <null>, Announce)
  	Notify(SharpMUSH.Library.Models.SharpPlayer: SharpMUSH.Library.Models.SharpPlayer, *System.String: -1*, <null>, Announce)
  	Notify(SharpMUSH.Library.Models.SharpPlayer: SharpMUSH.Library.Models.SharpPlayer, *System.String: -1*, <null>, Announce)
  	Notify(SharpMUSH.Library.Models.SharpPlayer: SharpMUSH.Library.Models.SharpPlayer, *System.String: -1*, <null>, Announce)
  	Notify(SharpMUSH.Library.Models.SharpPlayer: SharpMUSH.Library.Models.SharpPlayer, *System.String: -1*, <null>, Announce)
  	Notify(SharpMUSH.Library.Models.SharpPlayer: SharpMUSH.Library.Models.SharpPlayer, *System.String: -1*, <null>, Announce)
  	Notify(SharpMUSH.Library.Models.SharpPlayer: SharpMUSH.Library.Models.SharpPlayer, *System.String: -1*, <null>, Announce)
  	Notify(SharpMUSH.Library.Models.SharpPlayer: SharpMUSH.Library.Models.SharpPlayer, *System.String: -1*, <null>, Announce)
  	Notify(SharpMUSH.Library.Models.SharpPlayer: SharpMUSH.Library.Models.SharpPlayer, *System.String: -1*, <null>, Announce)
  	Notify(SharpMUSH.Library.Models.SharpPlayer: SharpMUSH.Library.Models.SharpPlayer, *System.String: -1*, <null>, Announce)
  	Notify(SharpMUSH.Library.Models.SharpPlayer: SharpMUSH.Library.Models.SharpPlayer, *System.String: -1*, <null>, Announce)
  	Notify(SharpMUSH.Library.Models.SharpPlayer: SharpMUSH.Library.Models.SharpPlayer, *System.String: -1*, <null>, Announce)
  	Notify(SharpMUSH.Library.Models.SharpPlayer: SharpMUSH.Library.Models.SharpPlayer, *System.String: -1*, <null>, Announce)
  	Notify(SharpMUSH.Library.Models.SharpPlayer: SharpMUSH.Library.Models.SharpPlayer, *System.String: -1*, <null>, Announce)
  	Notify(SharpMUSH.Library.Models.SharpPlayer: SharpMUSH.Library.Models.SharpPlayer, *System.String: -1*, <null>, Announce)
  	Notify(SharpMUSH.Library.Models.SharpPlayer: SharpMUSH.Library.Models.SharpPlayer, *System.String: -1*, <null>, Announce)
  	Notify(SharpMUSH.Library.Models.SharpPlayer: SharpMUSH.Library.Models.SharpPlayer, *System.String: -1*, <null>, Announce)
  	Notify(SharpMUSH.Library.Models.SharpPlayer: SharpMUSH.Library.Models.SharpPlayer, *System.String: -1*, <null>, Announce)
  	Notify(SharpMUSH.Library.Models.SharpPlayer: SharpMUSH.Library.Models.SharpPlayer, *System.String: -1*, <null>, Announce)
  	Notify(SharpMUSH.Library.Models.SharpPlayer: SharpMUSH.Library.Models.SharpPlayer, *System.String: -1*, <null>, Announce)
  	Notify(SharpMUSH.Library.Models.SharpPlayer: SharpMUSH.Library.Models.SharpPlayer, *System.String: -1*, <null>, Announce)
  	Notify(SharpMUSH.Library.Models.SharpPlayer: SharpMUSH.Library.Models.SharpPlayer, *System.String: -1*, <null>, Announce)
  	Notify(SharpMUSH.Library.Models.SharpPlayer: SharpMUSH.Library.Models.SharpPlayer, *System.String: -1*, <null>, Announce)
  	Notify(SharpMUSH.Library.Models.SharpPlayer: SharpMUSH.Library.Models.SharpPlayer, *System.String: -1*, <null>, Announce)
  	Notify(SharpMUSH.Library.Models.SharpPlayer: SharpMUSH.Library.Models.SharpPlayer, *System.String: -1*, <null>, Announce)
  	Notify(SharpMUSH.Library.Models.SharpPlayer: SharpMUSH.Library.Models.SharpPlayer, *System.String: -1*, <null>, Announce)
  	Notify(SharpMUSH.Library.Models.SharpPlayer: SharpMUSH.Library.Models.SharpPlayer, *System.String: -1*, <null>, Announce)
  	Notify(SharpMUSH.Library.Models.SharpPlayer: SharpMUSH.Library.Models.SharpPlayer, *System.String: -1*, <null>, Announce)
  	Notify(SharpMUSH.Library.Models.SharpPlayer: SharpMUSH.Library.Models.SharpPlayer, *System.String: -1*, <null>, Announce)
  	Notify(SharpMUSH.Library.Models.SharpPlayer: SharpMUSH.Library.Models.SharpPlayer, *System.String: -1*, <null>, Announce)
  	Notify(SharpMUSH.Library.Models.SharpPlayer: SharpMUSH.Library.Models.SharpPlayer, *System.String: -1*, <null>, Announce)
  	Notify(SharpMUSH.Library.Models.SharpPlayer: SharpMUSH.Library.Models.SharpPlayer, *System.String: -1*, <null>, Announce)
  	Notify(SharpMUSH.Library.Models.SharpPlayer: SharpMUSH.Library.Models.SharpPlayer, *System.String: -1*, <null>, Announce)
  	Notify(SharpMUSH.Library.Models.SharpPlayer: SharpMUSH.Library.Models.SharpPlayer, *System.String: -1*, <null>, Announce)
  	Notify(SharpMUSH.Library.Models.SharpPlayer: SharpMUSH.Library.Models.SharpPlayer, *System.String: -1*, <null>, Announce)
  	Notify(SharpMUSH.Library.Models.SharpPlayer: SharpMUSH.Library.Models.SharpPlayer, *System.String: -1*, <null>, Announce)
  	Notify(SharpMUSH.Library.Models.SharpPlayer: SharpMUSH.Library.Models.SharpPlayer, *System.String: -1*, <null>, Announce)
  	Notify(SharpMUSH.Library.Models.SharpPlayer: SharpMUSH.Library.Models.SharpPlayer, *System.String: -1*, <null>, Announce)
  	Notify(SharpMUSH.Library.Models.SharpPlayer: SharpMUSH.Library.Models.SharpPlayer, *System.String: -1*, <null>, Announce)
  	Notify(SharpMUSH.Library.Models.SharpPlayer: SharpMUSH.Library.Models.SharpPlayer, *System.String: -1*, <null>, Announce)
  	Notify(SharpMUSH.Library.Models.SharpPlayer: SharpMUSH.Library.Models.SharpPlayer, *System.String: -1*, <null>, Announce)
  	Notify(SharpMUSH.Library.Models.SharpPlayer: SharpMUSH.Library.Models.SharpPlayer, *System.String: -1*, <null>, Announce)
  	Notify(SharpMUSH.Library.Models.SharpPlayer: SharpMUSH.Library.Models.SharpPlayer, *System.String: -1*, <null>, Announce)
  	Notify(SharpMUSH.Library.Models.SharpPlayer: SharpMUSH.Library.Models.SharpPlayer, *System.String: -1*, <null>, Announce)
  	Notify(SharpMUSH.Library.Models.SharpPlayer: SharpMUSH.Library.Models.SharpPlayer, *System.String: -1*, <null>, Announce)
  	Notify(SharpMUSH.Library.Models.SharpPlayer: SharpMUSH.Library.Models.SharpPlayer, *System.String: -1*, <null>, Announce)
  	Notify(SharpMUSH.Library.Models.SharpPlayer: SharpMUSH.Library.Models.SharpPlayer, *System.String: -1*, <null>, Announce)
  	Notify(SharpMUSH.Library.Models.SharpPlayer: SharpMUSH.Library.Models.SharpPlayer, *System.String: -1*, <null>, Announce)
  	Notify(SharpMUSH.Library.Models.SharpPlayer: SharpMUSH.Library.Models.SharpPlayer, *System.String: -1*, <null>, Announce)
  	Notify(SharpMUSH.Library.Models.SharpPlayer: SharpMUSH.Library.Models.SharpPlayer, *System.String: -1*, <null>, Announce)
  	Notify(SharpMUSH.Library.Models.SharpPlayer: SharpMUSH.Library.Models.SharpPlayer, *System.String: -1*, <null>, Announce)
  	Notify(SharpMUSH.Library.Models.SharpPlayer: SharpMUSH.Library.Models.SharpPlayer, *System.String: -1*, <null>, Announce)
  	Notify(SharpMUSH.Library.Models.SharpPlayer: SharpMUSH.Library.Models.SharpPlayer, *System.String: -1*, <null>, Announce)
  	Notify(SharpMUSH.Library.Models.SharpPlayer: SharpMUSH.Library.Models.SharpPlayer, *System.String: -1*, <null>, Announce)
  	Notify(SharpMUSH.Library.Models.SharpPlayer: SharpMUSH.Library.Models.SharpPlayer, *System.String: -1*, <null>, Announce)
  	Notify(SharpMUSH.Library.Models.SharpPlayer: SharpMUSH.Library.Models.SharpPlayer, *System.String: -1*, <null>, Announce)
  	Notify(SharpMUSH.Library.Models.SharpPlayer: SharpMUSH.Library.Models.SharpPlayer, *System.String: -1*, <null>, Announce)
  	Notify(SharpMUSH.Library.Models.SharpPlayer: SharpMUSH.Library.Models.SharpPlayer, *System.String: -1*, <null>, Announce)
  	Notify(SharpMUSH.Library.Models.SharpPlayer: SharpMUSH.Library.Models.SharpPlayer, *System.String: -1*, <null>, Announce)
  	Notify(SharpMUSH.Library.Models.SharpPlayer: SharpMUSH.Library.Models.SharpPlayer, *System.String: -1*, <null>, Announce)
  	Notify(SharpMUSH.Library.Models.SharpPlayer: SharpMUSH.Library.Models.SharpPlayer, *System.String: -1*, <null>, Announce)
  	Notify(SharpMUSH.Library.Models.SharpPlayer: SharpMUSH.Library.Models.SharpPlayer, *System.String: -1*, <null>, Announce)
  	Notify(SharpMUSH.Library.Models.SharpPlayer: SharpMUSH.Library.Models.SharpPlayer, *System.String: -1*, <null>, Announce)
  	Notify(SharpMUSH.Library.Models.SharpPlayer: SharpMUSH.Library.Models.SharpPlayer, *System.String: -1*, <null>, Announce)
  	Notify(SharpMUSH.Library.Models.SharpPlayer: SharpMUSH.Library.Models.SharpPlayer, *System.String: -1*, <null>, Announce)
  	Notify(SharpMUSH.Library.Models.SharpPlayer: SharpMUSH.Library.Models.SharpPlayer, *System.String: -1*, <null>, Announce)
  	Notify(SharpMUSH.Library.Models.SharpPlayer: SharpMUSH.Library.Models.SharpPlayer, *System.String: -1*, <null>, Announce)
  	Notify(SharpMUSH.Library.Models.SharpPlayer: SharpMUSH.Library.Models.SharpPlayer, *System.String: -1*, <null>, Announce)
  	Notify(SharpMUSH.Library.Models.SharpPlayer: SharpMUSH.Library.Models.SharpPlayer, *System.String: -1*, <null>, Announce)
  	Notify(SharpMUSH.Library.Models.SharpPlayer: SharpMUSH.Library.Models.SharpPlayer, *System.String: -1*, <null>, Announce)
  	Notify(SharpMUSH.Library.Models.SharpPlayer: SharpMUSH.Library.Models.SharpPlayer, *System.String: -1*, <null>, Announce)
  	Notify(SharpMUSH.Library.Models.SharpPlayer: SharpMUSH.Library.Models.SharpPlayer, *System.String: -1*, <null>, Announce)
  	Notify(SharpMUSH.Library.Models.SharpPlayer: SharpMUSH.Library.Models.SharpPlayer, *System.String: -1*, <null>, Announce)
  	Notify(SharpMUSH.Library.Models.SharpPlayer: SharpMUSH.Library.Models.SharpPlayer, *System.String: -1*, <null>, Announce)
  	Notify(SharpMUSH.Library.Models.SharpPlayer: SharpMUSH.Library.Models.SharpPlayer, *System.String: -1*, <null>, Announce)
  	Notify(SharpMUSH.Library.Models.SharpPlayer: SharpMUSH.Library.Models.SharpPlayer, *System.String: -1*, <null>, Announce)
  	Notify(SharpMUSH.Library.Models.SharpPlayer: SharpMUSH.Library.Models.SharpPlayer, *System.String: -1*, <null>, Announce)
  	Notify(SharpMUSH.Library.Models.SharpPlayer: SharpMUSH.Library.Models.SharpPlayer, *System.String: -1*, <null>, Announce)
  	Notify(SharpMUSH.Library.Models.SharpPlayer: SharpMUSH.Library.Models.SharpPlayer, *System.String: -1*, <null>, Announce)
  	Notify(SharpMUSH.Library.Models.SharpPlayer: SharpMUSH.Library.Models.SharpPlayer, *System.String: -1*, <null>, Announce)
  	Notify(SharpMUSH.Library.Models.SharpPlayer: SharpMUSH.Library.Models.SharpPlayer, *System.String: -1*, <null>, Announce)
  	Notify(SharpMUSH.Library.Models.SharpPlayer: SharpMUSH.Library.Models.SharpPlayer, *System.String: -1*, <null>, Announce)
  	Notify(SharpMUSH.Library.Models.SharpPlayer: SharpMUSH.Library.Models.SharpPlayer, *System.String: -1*, <null>, Announce)
  	Notify(SharpMUSH.Library.Models.SharpPlayer: SharpMUSH.Library.Models.SharpPlayer, *System.String: -1*, <null>, Announce)
  	Notify(SharpMUSH.Library.Models.SharpPlayer: SharpMUSH.Library.Models.SharpPlayer, *System.String: -1*, <null>, Announce)
  	Notify(SharpMUSH.Library.Models.SharpPlayer: SharpMUSH.Library.Models.SharpPlayer, *System.String: -1*, <null>, Announce)
  	Notify(SharpMUSH.Library.Models.SharpPlayer: SharpMUSH.Library.Models.SharpPlayer, *System.String: -1*, <null>, Announce)
  	Notify(SharpMUSH.Library.Models.SharpPlayer: SharpMUSH.Library.Models.SharpPlayer, *System.String: -1*, <null>, Announce)
  	Notify(SharpMUSH.Library.Models.SharpPlayer: SharpMUSH.Library.Models.SharpPlayer, *System.String: -1*, <null>, Announce)
  	Notify(SharpMUSH.Library.Models.SharpPlayer: SharpMUSH.Library.Models.SharpPlayer, *System.String: -1*, <null>, Announce)
  	Notify(SharpMUSH.Library.Models.SharpPlayer: SharpMUSH.Library.Models.SharpPlayer, *System.String: -1*, <null>, Announce)
  	Notify(SharpMUSH.Library.Models.SharpPlayer: SharpMUSH.Library.Models.SharpPlayer, *System.String: -1*, <null>, Announce)
  	Notify(SharpMUSH.Library.Models.SharpPlayer: SharpMUSH.Library.Models.SharpPlayer, *System.String: -1*, <null>, Announce)
  	Notify(SharpMUSH.Library.Models.SharpPlayer: SharpMUSH.Library.Models.SharpPlayer, *System.String: -1*, <null>, Announce)
  	Notify(SharpMUSH.Library.Models.SharpPlayer: SharpMUSH.Library.Models.SharpPlayer, *System.String: -1*, <null>, Announce)
  	Notify(SharpMUSH.Library.Models.SharpPlayer: SharpMUSH.Library.Models.SharpPlayer, *System.String: -1*, <null>, Announce)
  	Notify(SharpMUSH.Library.Models.SharpPlayer: SharpMUSH.Library.Models.SharpPlayer, *System.String: -1*, <null>, Announce)
  	Notify(SharpMUSH.Library.Models.SharpPlayer: SharpMUSH.Library.Models.SharpPlayer, *System.String: -1*, <null>, Announce)
  	Notify(SharpMUSH.Library.Models.SharpPlayer: SharpMUSH.Library.Models.SharpPlayer, *System.String: -1*, <null>, Announce)
  	Notify(SharpMUSH.Library.Models.SharpPlayer: SharpMUSH.Library.Models.SharpPlayer, *System.String: -1*, <null>, Announce)
  	Notify(SharpMUSH.Library.Models.SharpPlayer: SharpMUSH.Library.Models.SharpPlayer, *System.String: -1*, <null>, Announce)
  	Notify(SharpMUSH.Library.Models.SharpPlayer: SharpMUSH.Library.Models.SharpPlayer, *System.String: -1*, <null>, Announce)
  	Notify(SharpMUSH.Library.Models.SharpPlayer: SharpMUSH.Library.Models.SharpPlayer, *System.String: -1*, <null>, Announce)
  	Notify(SharpMUSH.Library.Models.SharpPlayer: SharpMUSH.Library.Models.SharpPlayer, *System.String: -1*, <null>, Announce)
  	Notify(SharpMUSH.Library.Models.SharpPlayer: SharpMUSH.Library.Models.SharpPlayer, *System.String: -1*, <null>, Announce)
  	Notify(SharpMUSH.Library.Models.SharpPlayer: SharpMUSH.Library.Models.SharpPlayer, *System.String: -1*, <null>, Announce)
  	Notify(SharpMUSH.Library.Models.SharpPlayer: SharpMUSH.Library.Models.SharpPlayer, *System.String: -1*, <null>, Announce)
  	Notify(SharpMUSH.Library.Models.SharpPlayer: SharpMUSH.Library.Models.SharpPlayer, *System.String: -1*, <null>, Announce)
  	Notify(SharpMUSH.Library.Models.SharpPlayer: SharpMUSH.Library.Models.SharpPlayer, *System.String: -1*, <null>, Announce)
  	Notify(SharpMUSH.Library.Models.SharpPlayer: SharpMUSH.Library.Models.SharpPlayer, *System.String: -1*, <null>, Announce)
  	Notify(SharpMUSH.Library.Models.SharpPlayer: SharpMUSH.Library.Models.SharpPlayer, *System.String: -1*, <null>, Announce)
  	Notify(SharpMUSH.Library.Models.SharpPlayer: SharpMUSH.Library.Models.SharpPlayer, *System.String: -1*, <null>, Announce)
  	Notify(SharpMUSH.Library.Models.SharpPlayer: SharpMUSH.Library.Models.SharpPlayer, *System.String: -1*, <null>, Announce)
  	Notify(SharpMUSH.Library.Models.SharpPlayer: SharpMUSH.Library.Models.SharpPlayer, *System.String: -1*, <null>, Announce)
  	Notify(SharpMUSH.Library.Models.SharpPlayer: SharpMUSH.Library.Models.SharpPlayer, *System.String: -1*, <null>, Announce)
  	Notify(SharpMUSH.Library.Models.SharpPlayer: SharpMUSH.Library.Models.SharpPlayer, *System.String: -1*, <null>, Announce)
  	Notify(SharpMUSH.Library.Models.SharpPlayer: SharpMUSH.Library.Models.SharpPlayer, *System.String: -1*, <null>, Announce)
  	Notify(SharpMUSH.Library.Models.SharpPlayer: SharpMUSH.Library.Models.SharpPlayer, *System.String: -1*, <null>, Announce)
  	Notify(SharpMUSH.Library.Models.SharpPlayer: SharpMUSH.Library.Models.SharpPlayer, *System.String: -1*, <null>, Announce)
  	Notify(SharpMUSH.Library.Models.SharpPlayer: SharpMUSH.Library.Models.SharpPlayer, *System.String: -1*, <null>, Announce)
  	Notify(SharpMUSH.Library.Models.SharpPlayer: SharpMUSH.Library.Models.SharpPlayer, *System.String: -1*, <null>, Announce)
  	Notify(SharpMUSH.Library.Models.SharpPlayer: SharpMUSH.Library.Models.SharpPlayer, *System.String: -1*, <null>, Announce)
  	Notify(SharpMUSH.Library.Models.SharpPlayer: SharpMUSH.Library.Models.SharpPlayer, *System.String: -1*, <null>, Announce)
  	Notify(SharpMUSH.Library.Models.SharpPlayer: SharpMUSH.Library.Models.SharpPlayer, *System.String: -1*, <null>, Announce)
  	Notify(SharpMUSH.Library.Models.SharpPlayer: SharpMUSH.Library.Models.SharpPlayer, *System.String: -1*, <null>, Announce)
  	Notify(SharpMUSH.Library.Models.SharpPlayer: SharpMUSH.Library.Models.SharpPlayer, *System.String: -1*, <null>, Announce)
  	Notify(SharpMUSH.Library.Models.SharpPlayer: SharpMUSH.Library.Models.SharpPlayer, *System.String: -1*, <null>, Announce)
  	Notify(SharpMUSH.Library.Models.SharpPlayer: SharpMUSH.Library.Models.SharpPlayer, *System.String: -1*, <null>, Announce)
  	Notify(SharpMUSH.Library.Models.SharpPlayer: SharpMUSH.Library.Models.SharpPlayer, *System.String: -1*, <null>, Announce)
  	Notify(SharpMUSH.Library.Models.SharpPlayer: SharpMUSH.Library.Models.SharpPlayer, *System.String: -1*, <null>, Announce)
  	Notify(SharpMUSH.Library.Models.SharpPlayer: SharpMUSH.Library.Models.SharpPlayer, *System.String: -1*, <null>, Announce)
  	Notify(SharpMUSH.Library.Models.SharpPlayer: SharpMUSH.Library.Models.SharpPlayer, *System.String: -1*, <null>, Announce)
  	Notify(SharpMUSH.Library.Models.SharpPlayer: SharpMUSH.Library.Models.SharpPlayer, *System.String: -1*, <null>, Announce)
  	Notify(SharpMUSH.Library.Models.SharpPlayer: SharpMUSH.Library.Models.SharpPlayer, *System.String: -1*, <null>, Announce)
  	Notify(SharpMUSH.Library.Models.SharpPlayer: SharpMUSH.Library.Models.SharpPlayer, *System.String: -1*, <null>, Announce)
  	Notify(SharpMUSH.Library.Models.SharpPlayer: SharpMUSH.Library.Models.SharpPlayer, *System.String: -1*, <null>, Announce)
  	Notify(SharpMUSH.Library.Models.SharpPlayer: SharpMUSH.Library.Models.SharpPlayer, *System.String: -1*, <null>, Announce)
  	Notify(SharpMUSH.Library.Models.SharpPlayer: SharpMUSH.Library.Models.SharpPlayer, *System.String: -1*, <null>, Announce)
  	Notify(SharpMUSH.Library.Models.SharpPlayer: SharpMUSH.Library.Models.SharpPlayer, *System.String: -1*, <null>, Announce)
  	Notify(SharpMUSH.Library.Models.SharpPlayer: SharpMUSH.Library.Models.SharpPlayer, *System.String: -1*, <null>, Announce)
  	Notify(SharpMUSH.Library.Models.SharpPlayer: SharpMUSH.Library.Models.SharpPlayer, *System.String: -1*, <null>, Announce)
  	Notify(SharpMUSH.Library.Models.SharpPlayer: SharpMUSH.Library.Models.SharpPlayer, *System.String: -1*, <null>, Announce)
  	Notify(SharpMUSH.Library.Models.SharpPlayer: SharpMUSH.Library.Models.SharpPlayer, *System.String: -1*, <null>, Announce)
  	Notify(SharpMUSH.Library.Models.SharpPlayer: SharpMUSH.Library.Models.SharpPlayer, *System.String: -1*, <null>, Announce)
  	Notify(SharpMUSH.Library.Models.SharpPlayer: SharpMUSH.Library.Models.SharpPlayer, *System.String: -1*, <null>, Announce)
  	Notify(SharpMUSH.Library.Models.SharpPlayer: SharpMUSH.Library.Models.SharpPlayer, *System.String: -1*, <null>, Announce)
  	Notify(SharpMUSH.Library.Models.SharpPlayer: SharpMUSH.Library.Models.SharpPlayer, *System.String: -1*, <null>, Announce)
  	Notify(SharpMUSH.Library.Models.SharpPlayer: SharpMUSH.Library.Models.SharpPlayer, *System.String: -1*, <null>, Announce)
  	Notify(SharpMUSH.Library.Models.SharpPlayer: SharpMUSH.Library.Models.SharpPlayer, *System.String: -1*, <null>, Announce)
  	Notify(SharpMUSH.Library.Models.SharpPlayer: SharpMUSH.Library.Models.SharpPlayer, *System.String: -1*, <null>, Announce)
  	Notify(SharpMUSH.Library.Models.SharpPlayer: SharpMUSH.Library.Models.SharpPlayer, *System.String: -1*, <null>, Announce)
  	Notify(SharpMUSH.Library.Models.SharpPlayer: SharpMUSH.Library.Models.SharpPlayer, *System.String: -1*, <null>, Announce)
  	Notify(SharpMUSH.Library.Models.SharpPlayer: SharpMUSH.Library.Models.SharpPlayer, *System.String: -1*, <null>, Announce)
  	Notify(SharpMUSH.Library.Models.SharpPlayer: SharpMUSH.Library.Models.SharpPlayer, *System.String: -1*, <null>, Announce)
  	Notify(SharpMUSH.Library.Models.SharpPlayer: SharpMUSH.Library.Models.SharpPlayer, *System.String: -1*, <null>, Announce)
  	Notify(SharpMUSH.Library.Models.SharpPlayer: SharpMUSH.Library.Models.SharpPlayer, *System.String: -1*, <null>, Announce)
  	Notify(SharpMUSH.Library.Models.SharpPlayer: SharpMUSH.Library.Models.SharpPlayer, *System.String: -1*, <null>, Announce)
  	Notify(SharpMUSH.Library.Models.SharpPlayer: SharpMUSH.Library.Models.SharpPlayer, *System.String: -1*, <null>, Announce)
  	Notify(SharpMUSH.Library.Models.SharpPlayer: SharpMUSH.Library.Models.SharpPlayer, *System.String: -1*, <null>, Announce)
  	Notify(SharpMUSH.Library.Models.SharpPlayer: SharpMUSH.Library.Models.SharpPlayer, *System.String: -1*, <null>, Announce)
  	Notify(SharpMUSH.Library.Models.SharpPlayer: SharpMUSH.Library.Models.SharpPlayer, *System.String: -1*, <null>, Announce)
  	Notify(SharpMUSH.Library.Models.SharpPlayer: SharpMUSH.Library.Models.SharpPlayer, *System.String: -1*, <null>, Announce)
  	Notify(SharpMUSH.Library.Models.SharpPlayer: SharpMUSH.Library.Models.SharpPlayer, *System.String: -1*, <null>, Announce)
  	Notify(SharpMUSH.Library.Models.SharpPlayer: SharpMUSH.Library.Models.SharpPlayer, *System.String: -1*, <null>, Announce)
  	Notify(SharpMUSH.Library.Models.SharpPlayer: SharpMUSH.Library.Models.SharpPlayer, *System.String: -1*, <null>, Announce)
  	Notify(SharpMUSH.Library.Models.SharpPlayer: SharpMUSH.Library.Models.SharpPlayer, *System.String: -1*, <null>, Announce)
  	Notify(SharpMUSH.Library.Models.SharpPlayer: SharpMUSH.Library.Models.SharpPlayer, *System.String: -1*, <null>, Announce)
  	Notify(SharpMUSH.Library.Models.SharpPlayer: SharpMUSH.Library.Models.SharpPlayer, *System.String: -1*, <null>, Announce)
  	Notify(SharpMUSH.Library.Models.SharpPlayer: SharpMUSH.Library.Models.SharpPlayer, *System.String: -1*, <null>, Announce)
  	Notify(SharpMUSH.Library.Models.SharpPlayer: SharpMUSH.Library.Models.SharpPlayer, *System.String: -1*, <null>, Announce)
  	Notify(SharpMUSH.Library.Models.SharpPlayer: SharpMUSH.Library.Models.SharpPlayer, *System.String: -1*, <null>, Announce)
  	Notify(SharpMUSH.Library.Models.SharpPlayer: SharpMUSH.Library.Models.SharpPlayer, *System.String: -1*, <null>, Announce)
  	Notify(SharpMUSH.Library.Models.SharpPlayer: SharpMUSH.Library.Models.SharpPlayer, *System.String: -1*, <null>, Announce)
  	Notify(SharpMUSH.Library.Models.SharpPlayer: SharpMUSH.Library.Models.SharpPlayer, *System.String: -1*, <null>, Announce)
  	Notify(SharpMUSH.Library.Models.SharpPlayer: SharpMUSH.Library.Models.SharpPlayer, *System.String: -1*, <null>, Announce)
  	Notify(SharpMUSH.Library.Models.SharpPlayer: SharpMUSH.Library.Models.SharpPlayer, *System.String: -1*, <null>, Announce)
  	Notify(SharpMUSH.Library.Models.SharpPlayer: SharpMUSH.Library.Models.SharpPlayer, *System.String: -1*, <null>, Announce)
  	Notify(SharpMUSH.Library.Models.SharpPlayer: SharpMUSH.Library.Models.SharpPlayer, *System.String: -1*, <null>, Announce)
  	Notify(SharpMUSH.Library.Models.SharpPlayer: SharpMUSH.Library.Models.SharpPlayer, *System.String: -1*, <null>, Announce)
  	Notify(SharpMUSH.Library.Models.SharpPlayer: SharpMUSH.Library.Models.SharpPlayer, *System.String: -1*, <null>, Announce)
  	Notify(SharpMUSH.Library.Models.SharpPlayer: SharpMUSH.Library.Models.SharpPlayer, *System.String: -1*, <null>, Announce)
  	Notify(SharpMUSH.Library.Models.SharpPlayer: SharpMUSH.Library.Models.SharpPlayer, *System.String: -1*, <null>, Announce)
  	Notify(SharpMUSH.Library.Models.SharpPlayer: SharpMUSH.Library.Models.SharpPlayer, *System.String: -1*, <null>, Announce)
  	Notify(SharpMUSH.Library.Models.SharpPlayer: SharpMUSH.Library.Models.SharpPlayer, *System.String: -1*, <null>, Announce)
  	Notify(SharpMUSH.Library.Models.SharpPlayer: SharpMUSH.Library.Models.SharpPlayer, *System.String: -1*, <null>, Announce)
  	Notify(SharpMUSH.Library.Models.SharpPlayer: SharpMUSH.Library.Models.SharpPlayer, *System.String: -1*, <null>, Announce)
  	Notify(SharpMUSH.Library.Models.SharpPlayer: SharpMUSH.Library.Models.SharpPlayer, *System.String: -1*, <null>, Announce)
  	Notify(SharpMUSH.Library.Models.SharpPlayer: SharpMUSH.Library.Models.SharpPlayer, *System.String: -1*, <null>, Announce)
  	Notify(SharpMUSH.Library.Models.SharpPlayer: SharpMUSH.Library.Models.SharpPlayer, *System.String: -1*, <null>, Announce)
  	Notify(SharpMUSH.Library.Models.SharpPlayer: SharpMUSH.Library.Models.SharpPlayer, *System.String: -1*, <null>, Announce)
  	Notify(SharpMUSH.Library.Models.SharpPlayer: SharpMUSH.Library.Models.SharpPlayer, *System.String: -1*, <null>, Announce)
  	Notify(SharpMUSH.Library.Models.SharpPlayer: SharpMUSH.Library.Models.SharpPlayer, *System.String: -1*, <null>, Announce)
  	Notify(SharpMUSH.Library.Models.SharpPlayer: SharpMUSH.Library.Models.SharpPlayer, *System.String: -1*, <null>, Announce)
  	Notify(SharpMUSH.Library.Models.SharpPlayer: SharpMUSH.Library.Models.SharpPlayer, *System.String: -1*, <null>, Announce)
  	Notify(SharpMUSH.Library.Models.SharpPlayer: SharpMUSH.Library.Models.SharpPlayer, *System.String: -1*, <null>, Announce)
  	Notify(SharpMUSH.Library.Models.SharpPlayer: SharpMUSH.Library.Models.SharpPlayer, *System.String: -1*, <null>, Announce)
  	Notify(SharpMUSH.Library.Models.SharpPlayer: SharpMUSH.Library.Models.SharpPlayer, *System.String: -1*, <null>, Announce)
  	Notify(SharpMUSH.Library.Models.SharpPlayer: SharpMUSH.Library.Models.SharpPlayer, *System.String: -1*, <null>, Announce)
  	Notify(SharpMUSH.Library.Models.SharpPlayer: SharpMUSH.Library.Models.SharpPlayer, *System.String: -1*, <null>, Announce)
  	Notify(SharpMUSH.Library.Models.SharpPlayer: SharpMUSH.Library.Models.SharpPlayer, *System.String: -1*, <null>, Announce)
  	Notify(SharpMUSH.Library.Models.SharpPlayer: SharpMUSH.Library.Models.SharpPlayer, *System.String: -1*, <null>, Announce)
  	Notify(SharpMUSH.Library.Models.SharpPlayer: SharpMUSH.Library.Models.SharpPlayer, *System.String: -1*, <null>, Announce)
  	Notify(SharpMUSH.Library.Models.SharpPlayer: SharpMUSH.Library.Models.SharpPlayer, *System.String: -1*, <null>, Announce)
  	Notify(SharpMUSH.Library.Models.SharpPlayer: SharpMUSH.Library.Models.SharpPlayer, *System.String: -1*, <null>, Announce)
  	Notify(SharpMUSH.Library.Models.SharpPlayer: SharpMUSH.Library.Models.SharpPlayer, *System.String: -1*, <null>, Announce)
  	Notify(SharpMUSH.Library.Models.SharpPlayer: SharpMUSH.Library.Models.SharpPlayer, *System.String: -1*, <null>, Announce)
  	Notify(SharpMUSH.Library.Models.SharpPlayer: SharpMUSH.Library.Models.SharpPlayer, *System.String: -1*, <null>, Announce)
  	Notify(SharpMUSH.Library.Models.SharpPlayer: SharpMUSH.Library.Models.SharpPlayer, *System.String: -1*, <null>, Announce)
  	Notify(SharpMUSH.Library.Models.SharpPlayer: SharpMUSH.Library.Models.SharpPlayer, *System.String: -1*, <null>, Announce)
  	Notify(SharpMUSH.Library.Models.SharpPlayer: SharpMUSH.Library.Models.SharpPlayer, *System.String: -1*, <null>, Announce)
  	Notify(SharpMUSH.Library.Models.SharpPlayer: SharpMUSH.Library.Models.SharpPlayer, *System.String: -1*, <null>, Announce)
  	Notify(SharpMUSH.Library.Models.SharpPlayer: SharpMUSH.Library.Models.SharpPlayer, *System.String: -1*, <null>, Announce)
  	Notify(SharpMUSH.Library.Models.SharpPlayer: SharpMUSH.Library.Models.SharpPlayer, *System.String: -1*, <null>, Announce)
  	Notify(SharpMUSH.Library.Models.SharpPlayer: SharpMUSH.Library.Models.SharpPlayer, *System.String: -1*, <null>, Announce)
  	Notify(SharpMUSH.Library.Models.SharpPlayer: SharpMUSH.Library.Models.SharpPlayer, *System.String: -1*, <null>, Announce)
  	Notify(SharpMUSH.Library.Models.SharpPlayer: SharpMUSH.Library.Models.SharpPlayer, *System.String: -1*, <null>, Announce)
  	Notify(SharpMUSH.Library.Models.SharpPlayer: SharpMUSH.Library.Models.SharpPlayer, *System.String: -1*, <null>, Announce)
  	Notify(SharpMUSH.Library.Models.SharpPlayer: SharpMUSH.Library.Models.SharpPlayer, *System.String: -1*, <null>, Announce)
  	Notify(SharpMUSH.Library.Models.SharpPlayer: SharpMUSH.Library.Models.SharpPlayer, *System.String: -1*, <null>, Announce)
  	Notify(SharpMUSH.Library.Models.SharpPlayer: SharpMUSH.Library.Models.SharpPlayer, *System.String: -1*, <null>, Announce)
  	Notify(SharpMUSH.Library.Models.SharpPlayer: SharpMUSH.Library.Models.SharpPlayer, *System.String: -1*, <null>, Announce)
  	Notify(SharpMUSH.Library.Models.SharpPlayer: SharpMUSH.Library.Models.SharpPlayer, *System.String: -1*, <null>, Announce)
  	Notify(SharpMUSH.Library.Models.SharpPlayer: SharpMUSH.Library.Models.SharpPlayer, *System.String: -1*, <null>, Announce)
  	Notify(SharpMUSH.Library.Models.SharpPlayer: SharpMUSH.Library.Models.SharpPlayer, *System.String: -1*, <null>, Announce)
  	Notify(SharpMUSH.Library.Models.SharpPlayer: SharpMUSH.Library.Models.SharpPlayer, *System.String: -1*, <null>, Announce)
  	Notify(SharpMUSH.Library.Models.SharpPlayer: SharpMUSH.Library.Models.SharpPlayer, *System.String: -1*, <null>, Announce)
  	Notify(SharpMUSH.Library.Models.SharpPlayer: SharpMUSH.Library.Models.SharpPlayer, *System.String: -1*, <null>, Announce)
  	Notify(SharpMUSH.Library.Models.SharpPlayer: SharpMUSH.Library.Models.SharpPlayer, *System.String: -1*, <null>, Announce)
  	Notify(SharpMUSH.Library.Models.SharpPlayer: SharpMUSH.Library.Models.SharpPlayer, *System.String: -1*, <null>, Announce)
  	Notify(SharpMUSH.Library.Models.SharpPlayer: SharpMUSH.Library.Models.SharpPlayer, *System.String: -1*, <null>, Announce)
  	Notify(SharpMUSH.Library.Models.SharpPlayer: SharpMUSH.Library.Models.SharpPlayer, *System.String: -1*, <null>, Announce)
  	Notify(SharpMUSH.Library.Models.SharpPlayer: SharpMUSH.Library.Models.SharpPlayer, *System.String: -1*, <null>, Announce)
  	Notify(SharpMUSH.Library.Models.SharpPlayer: SharpMUSH.Library.Models.SharpPlayer, *System.String: -1*, <null>, Announce)
  	Notify(SharpMUSH.Library.Models.SharpPlayer: SharpMUSH.Library.Models.SharpPlayer, *System.String: -1*, <null>, Announce)
  	Notify(SharpMUSH.Library.Models.SharpPlayer: SharpMUSH.Library.Models.SharpPlayer, *System.String: -1*, <null>, Announce)
  	Notify(SharpMUSH.Library.Models.SharpPlayer: SharpMUSH.Library.Models.SharpPlayer, *System.String: -1*, <null>, Announce)
  	Notify(SharpMUSH.Library.Models.SharpPlayer: SharpMUSH.Library.Models.SharpPlayer, *System.String: -1*, <null>, Announce)
  	Notify(SharpMUSH.Library.Models.SharpPlayer: SharpMUSH.Library.Models.SharpPlayer, *System.String: -1*, <null>, Announce)
  	Notify(SharpMUSH.Library.Models.SharpPlayer: SharpMUSH.Library.Models.SharpPlayer, *System.String: -1*, <null>, Announce)
  	Notify(SharpMUSH.Library.Models.SharpPlayer: SharpMUSH.Library.Models.SharpPlayer, *System.String: -1*, <null>, Announce)
  	Notify(SharpMUSH.Library.Models.SharpPlayer: SharpMUSH.Library.Models.SharpPlayer, *System.String: -1*, <null>, Announce)
  	Notify(SharpMUSH.Library.Models.SharpPlayer: SharpMUSH.Library.Models.SharpPlayer, *System.String: -1*, <null>, Announce)
  	Notify(SharpMUSH.Library.Models.SharpPlayer: SharpMUSH.Library.Models.SharpPlayer, *System.String: -1*, <null>, Announce)
  	Notify(SharpMUSH.Library.Models.SharpPlayer: SharpMUSH.Library.Models.SharpPlayer, *System.String: -1*, <null>, Announce)
  	Notify(SharpMUSH.Library.Models.SharpPlayer: SharpMUSH.Library.Models.SharpPlayer, *System.String: -1*, <null>, Announce)
  	Notify(SharpMUSH.Library.Models.SharpPlayer: SharpMUSH.Library.Models.SharpPlayer, *System.String: -1*, <null>, Announce)
  	Notify(SharpMUSH.Library.Models.SharpPlayer: SharpMUSH.Library.Models.SharpPlayer, *System.String: -1*, <null>, Announce)
  	Notify(SharpMUSH.Library.Models.SharpPlayer: SharpMUSH.Library.Models.SharpPlayer, *System.String: -1*, <null>, Announce)
  	Notify(SharpMUSH.Library.Models.SharpPlayer: SharpMUSH.Library.Models.SharpPlayer, *System.String: -1*, <null>, Announce)
  	Notify(SharpMUSH.Library.Models.SharpPlayer: SharpMUSH.Library.Models.SharpPlayer, *System.String: -1*, <null>, Announce)
  	Notify(SharpMUSH.Library.Models.SharpPlayer: SharpMUSH.Library.Models.SharpPlayer, *System.String: -1*, <null>, Announce)
  	Notify(SharpMUSH.Library.Models.SharpPlayer: SharpMUSH.Library.Models.SharpPlayer, *System.String: -1*, <null>, Announce)
  	Notify(SharpMUSH.Library.Models.SharpPlayer: SharpMUSH.Library.Models.SharpPlayer, *System.String: -1*, <null>, Announce)
  	Notify(SharpMUSH.Library.Models.SharpPlayer: SharpMUSH.Library.Models.SharpPlayer, *System.String: -1*, <null>, Announce)
  	Notify(SharpMUSH.Library.Models.SharpPlayer: SharpMUSH.Library.Models.SharpPlayer, *System.String: -1*, <null>, Announce)
  	Notify(SharpMUSH.Library.Models.SharpPlayer: SharpMUSH.Library.Models.SharpPlayer, *System.String: -1*, <null>, Announce)
  	Notify(SharpMUSH.Library.Models.SharpPlayer: SharpMUSH.Library.Models.SharpPlayer, *System.String: -1*, <null>, Announce)
  	Notify(SharpMUSH.Library.Models.SharpPlayer: SharpMUSH.Library.Models.SharpPlayer, *System.String: -1*, <null>, Announce)
  	Notify(SharpMUSH.Library.Models.SharpPlayer: SharpMUSH.Library.Models.SharpPlayer, *System.String: -1*, <null>, Announce)
  	Notify(SharpMUSH.Library.Models.SharpPlayer: SharpMUSH.Library.Models.SharpPlayer, *System.String: -1*, <null>, Announce)
  	Notify(SharpMUSH.Library.Models.SharpPlayer: SharpMUSH.Library.Models.SharpPlayer, *System.String: -1*, <null>, Announce)
  	Notify(SharpMUSH.Library.Models.SharpPlayer: SharpMUSH.Library.Models.SharpPlayer, *System.String: -1*, <null>, Announce)
  	Notify(SharpMUSH.Library.Models.SharpPlayer: SharpMUSH.Library.Models.SharpPlayer, *System.String: -1*, <null>, Announce)
  	Notify(SharpMUSH.Library.Models.SharpPlayer: SharpMUSH.Library.Models.SharpPlayer, *System.String: -1*, <null>, Announce)
  	Notify(SharpMUSH.Library.Models.SharpPlayer: SharpMUSH.Library.Models.SharpPlayer, *System.String: -1*, <null>, Announce)
  	Notify(SharpMUSH.Library.Models.SharpPlayer: SharpMUSH.Library.Models.SharpPlayer, *System.String: -1*, <null>, Announce)
  	Notify(SharpMUSH.Library.Models.SharpPlayer: SharpMUSH.Library.Models.SharpPlayer, *System.String: -1*, <null>, Announce)
  	Notify(SharpMUSH.Library.Models.SharpPlayer: SharpMUSH.Library.Models.SharpPlayer, *System.String: -1*, <null>, Announce)
  	Notify(SharpMUSH.Library.Models.SharpPlayer: SharpMUSH.Library.Models.SharpPlayer, *System.String: -1*, <null>, Announce)
  	Notify(SharpMUSH.Library.Models.SharpPlayer: SharpMUSH.Library.Models.SharpPlayer, *System.String: -1*, <null>, Announce)
  	Notify(SharpMUSH.Library.Models.SharpPlayer: SharpMUSH.Library.Models.SharpPlayer, *System.String: -1*, <null>, Announce)
  	Notify(SharpMUSH.Library.Models.SharpPlayer: SharpMUSH.Library.Models.SharpPlayer, *System.String: -1*, <null>, Announce)
  	Notify(SharpMUSH.Library.Models.SharpPlayer: SharpMUSH.Library.Models.SharpPlayer, *System.String: -1*, <null>, Announce)
  	Notify(SharpMUSH.Library.Models.SharpPlayer: SharpMUSH.Library.Models.SharpPlayer, *System.String: -1*, <null>, Announce)
  	Notify(SharpMUSH.Library.Models.SharpPlayer: SharpMUSH.Library.Models.SharpPlayer, *System.String: -1*, <null>, Announce)
  	Notify(SharpMUSH.Library.Models.SharpPlayer: SharpMUSH.Library.Models.SharpPlayer, *System.String: -1*, <null>, Announce)
  	Notify(SharpMUSH.Library.Models.SharpPlayer: SharpMUSH.Library.Models.SharpPlayer, *System.String: -1*, <null>, Announce)
  	Notify(SharpMUSH.Library.Models.SharpPlayer: SharpMUSH.Library.Models.SharpPlayer, *System.String: -1*, <null>, Announce)
  	Notify(SharpMUSH.Library.Models.SharpPlayer: SharpMUSH.Library.Models.SharpPlayer, *System.String: -1*, <null>, Announce)
  	Notify(SharpMUSH.Library.Models.SharpPlayer: SharpMUSH.Library.Models.SharpPlayer, *System.String: -1*, <null>, Announce)
  	Notify(SharpMUSH.Library.Models.SharpPlayer: SharpMUSH.Library.Models.SharpPlayer, *System.String: -1*, <null>, Announce)
  	Notify(SharpMUSH.Library.Models.SharpPlayer: SharpMUSH.Library.Models.SharpPlayer, *System.String: -1*, <null>, Announce)
  	Notify(SharpMUSH.Library.Models.SharpPlayer: SharpMUSH.Library.Models.SharpPlayer, *System.String: -1*, <null>, Announce)
  	Notify(SharpMUSH.Library.Models.SharpPlayer: SharpMUSH.Library.Models.SharpPlayer, *System.String: -1*, <null>, Announce)
  	Notify(SharpMUSH.Library.Models.SharpPlayer: SharpMUSH.Library.Models.SharpPlayer, *System.String: -1*, <null>, Announce)
  	Notify(SharpMUSH.Library.Models.SharpPlayer: SharpMUSH.Library.Models.SharpPlayer, *System.String: -1*, <null>, Announce)
  	Notify(SharpMUSH.Library.Models.SharpPlayer: SharpMUSH.Library.Models.SharpPlayer, *System.String: -1*, <null>, Announce)
  	Notify(SharpMUSH.Library.Models.SharpPlayer: SharpMUSH.Library.Models.SharpPlayer, *System.String: -1*, <null>, Announce)
  	Notify(SharpMUSH.Library.Models.SharpPlayer: SharpMUSH.Library.Models.SharpPlayer, *System.String: -1*, <null>, Announce)
  	Notify(SharpMUSH.Library.Models.SharpPlayer: SharpMUSH.Library.Models.SharpPlayer, *System.String: -1*, <null>, Announce)
  	Notify(SharpMUSH.Library.Models.SharpPlayer: SharpMUSH.Library.Models.SharpPlayer, *System.String: -1*, <null>, Announce)
  	Notify(SharpMUSH.Library.Models.SharpPlayer: SharpMUSH.Library.Models.SharpPlayer, *System.String: -1*, <null>, Announce)
  	Notify(SharpMUSH.Library.Models.SharpPlayer: SharpMUSH.Library.Models.SharpPlayer, *System.String: -1*, <null>, Announce)
  	Notify(SharpMUSH.Library.Models.SharpPlayer: SharpMUSH.Library.Models.SharpPlayer, *System.String: -1*, <null>, Announce)
  	Notify(SharpMUSH.Library.Models.SharpPlayer: SharpMUSH.Library.Models.SharpPlayer, *System.String: -1*, <null>, Announce)
  	Notify(SharpMUSH.Library.Models.SharpPlayer: SharpMUSH.Library.Models.SharpPlayer, *System.String: -1*, <null>, Announce)
  	Notify(SharpMUSH.Library.Models.SharpPlayer: SharpMUSH.Library.Models.SharpPlayer, *System.String: -1*, <null>, Announce)
  	Notify(SharpMUSH.Library.Models.SharpPlayer: SharpMUSH.Library.Models.SharpPlayer, *System.String: -1*, <null>, Announce)
  	Notify(SharpMUSH.Library.Models.SharpPlayer: SharpMUSH.Library.Models.SharpPlayer, *System.String: -1*, <null>, Announce)
  	Notify(SharpMUSH.Library.Models.SharpPlayer: SharpMUSH.Library.Models.SharpPlayer, *System.String: -1*, <null>, Announce)
  	Notify(SharpMUSH.Library.Models.SharpPlayer: SharpMUSH.Library.Models.SharpPlayer, *System.String: -1*, <null>, Announce)
  	Notify(SharpMUSH.Library.Models.SharpPlayer: SharpMUSH.Library.Models.SharpPlayer, *System.String: -1*, <null>, Announce)
  	Notify(SharpMUSH.Library.Models.SharpPlayer: SharpMUSH.Library.Models.SharpPlayer, *System.String: -1*, <null>, Announce)
  	Notify(SharpMUSH.Library.Models.SharpPlayer: SharpMUSH.Library.Models.SharpPlayer, *System.String: -1*, <null>, Announce)
  	Notify(SharpMUSH.Library.Models.SharpPlayer: SharpMUSH.Library.Models.SharpPlayer, *System.String: -1*, <null>, Announce)
  	Notify(SharpMUSH.Library.Models.SharpPlayer: SharpMUSH.Library.Models.SharpPlayer, *System.String: -1*, <null>, Announce)
  	Notify(SharpMUSH.Library.Models.SharpPlayer: SharpMUSH.Library.Models.SharpPlayer, *System.String: -1*, <null>, Announce)
  	Notify(SharpMUSH.Library.Models.SharpPlayer: SharpMUSH.Library.Models.SharpPlayer, *System.String: -1*, <null>, Announce)
  	Notify(SharpMUSH.Library.Models.SharpPlayer: SharpMUSH.Library.Models.SharpPlayer, *System.String: -1*, <null>, Announce)
  	Notify(SharpMUSH.Library.Models.SharpPlayer: SharpMUSH.Library.Models.SharpPlayer, *System.String: -1*, <null>, Announce)
  	Notify(SharpMUSH.Library.Models.SharpPlayer: SharpMUSH.Library.Models.SharpPlayer, *System.String: -1*, <null>, Announce)
  	Notify(SharpMUSH.Library.Models.SharpPlayer: SharpMUSH.Library.Models.SharpPlayer, *System.String: -1*, <null>, Announce)
  	Notify(SharpMUSH.Library.Models.SharpPlayer: SharpMUSH.Library.Models.SharpPlayer, *System.String: -1*, <null>, Announce)
  	Notify(SharpMUSH.Library.Models.SharpPlayer: SharpMUSH.Library.Models.SharpPlayer, *System.String: -1*, <null>, Announce)
  	Notify(SharpMUSH.Library.Models.SharpPlayer: SharpMUSH.Library.Models.SharpPlayer, *System.String: -1*, <null>, Announce)
  	Notify(SharpMUSH.Library.Models.SharpPlayer: SharpMUSH.Library.Models.SharpPlayer, *System.String: -1*, <null>, Announce)
  	Notify(SharpMUSH.Library.Models.SharpPlayer: SharpMUSH.Library.Models.SharpPlayer, *System.String: -1*, <null>, Announce)
  	Notify(SharpMUSH.Library.Models.SharpPlayer: SharpMUSH.Library.Models.SharpPlayer, *System.String: -1*, <null>, Announce)
  	Notify(SharpMUSH.Library.Models.SharpPlayer: SharpMUSH.Library.Models.SharpPlayer, *System.String: -1*, <null>, Announce)
  	Notify(SharpMUSH.Library.Models.SharpPlayer: SharpMUSH.Library.Models.SharpPlayer, *System.String: -1*, <null>, Announce)
  	Notify(SharpMUSH.Library.Models.SharpPlayer: SharpMUSH.Library.Models.SharpPlayer, *System.String: -1*, <null>, Announce)
  	Notify(SharpMUSH.Library.Models.SharpPlayer: SharpMUSH.Library.Models.SharpPlayer, *System.String: -1*, <null>, Announce)
  	Notify(SharpMUSH.Library.Models.SharpPlayer: SharpMUSH.Library.Models.SharpPlayer, *System.String: -1*, <null>, Announce)
  	Notify(SharpMUSH.Library.Models.SharpPlayer: SharpMUSH.Library.Models.SharpPlayer, *System.String: -1*, <null>, Announce)
  	Notify(SharpMUSH.Library.Models.SharpPlayer: SharpMUSH.Library.Models.SharpPlayer, *System.String: -1*, <null>, Announce)
  	Notify(SharpMUSH.Library.Models.SharpPlayer: SharpMUSH.Library.Models.SharpPlayer, *System.String: -1*, <null>, Announce)
  	Notify(SharpMUSH.Library.Models.SharpPlayer: SharpMUSH.Library.Models.SharpPlayer, *System.String: -1*, <null>, Announce)
  	Notify(SharpMUSH.Library.Models.SharpPlayer: SharpMUSH.Library.Models.SharpPlayer, *System.String: -1*, <null>, Announce)
  	Notify(SharpMUSH.Library.Models.SharpPlayer: SharpMUSH.Library.Models.SharpPlayer, *System.String: -1*, <null>, Announce)
  	Notify(SharpMUSH.Library.Models.SharpPlayer: SharpMUSH.Library.Models.SharpPlayer, *System.String: -1*, <null>, Announce)
  	Notify(SharpMUSH.Library.Models.SharpPlayer: SharpMUSH.Library.Models.SharpPlayer, *System.String: -1*, <null>, Announce)
  	Notify(SharpMUSH.Library.Models.SharpPlayer: SharpMUSH.Library.Models.SharpPlayer, *System.String: -1*, <null>, Announce)
  	Notify(SharpMUSH.Library.Models.SharpPlayer: SharpMUSH.Library.Models.SharpPlayer, *System.String: -1*, <null>, Announce)
  	Notify(SharpMUSH.Library.Models.SharpPlayer: SharpMUSH.Library.Models.SharpPlayer, *System.String: -1*, <null>, Announce)
  	Notify(SharpMUSH.Library.Models.SharpPlayer: SharpMUSH.Library.Models.SharpPlayer, *System.String: -1*, <null>, Announce)
  	Notify(SharpMUSH.Library.Models.SharpPlayer: SharpMUSH.Library.Models.SharpPlayer, *System.String: -1*, <null>, Announce)
  	Notify(SharpMUSH.Library.Models.SharpPlayer: SharpMUSH.Library.Models.SharpPlayer, *System.String: -1*, <null>, Announce)
  	Notify(SharpMUSH.Library.Models.SharpPlayer: SharpMUSH.Library.Models.SharpPlayer, *System.String: -1*, <null>, Announce)
  	Notify(SharpMUSH.Library.Models.SharpPlayer: SharpMUSH.Library.Models.SharpPlayer, *System.String: -1*, <null>, Announce)
  	Notify(SharpMUSH.Library.Models.SharpPlayer: SharpMUSH.Library.Models.SharpPlayer, *System.String: -1*, <null>, Announce)
  	Notify(SharpMUSH.Library.Models.SharpPlayer: SharpMUSH.Library.Models.SharpPlayer, *System.String: -1*, <null>, Announce)
  	Notify(SharpMUSH.Library.Models.SharpPlayer: SharpMUSH.Library.Models.SharpPlayer, *System.String: -1*, <null>, Announce)
  	Notify(SharpMUSH.Library.Models.SharpPlayer: SharpMUSH.Library.Models.SharpPlayer, *System.String: -1*, <null>, Announce)
  	Notify(SharpMUSH.Library.Models.SharpPlayer: SharpMUSH.Library.Models.SharpPlayer, *System.String: -1*, <null>, Announce)
  	Notify(SharpMUSH.Library.Models.SharpPlayer: SharpMUSH.Library.Models.SharpPlayer, *System.String: -1*, <null>, Announce)
  	Notify(SharpMUSH.Library.Models.SharpPlayer: SharpMUSH.Library.Models.SharpPlayer, *System.String: -1*, <null>, Announce)
  	Notify(SharpMUSH.Library.Models.SharpPlayer: SharpMUSH.Library.Models.SharpPlayer, *System.String: -1*, <null>, Announce)
  	Notify(SharpMUSH.Library.Models.SharpPlayer: SharpMUSH.Library.Models.SharpPlayer, *System.String: -1*, <null>, Announce)
  	Notify(SharpMUSH.Library.Models.SharpPlayer: SharpMUSH.Library.Models.SharpPlayer, *System.String: -1*, <null>, Announce)
  	Notify(SharpMUSH.Library.Models.SharpPlayer: SharpMUSH.Library.Models.SharpPlayer, *System.String: -1*, <null>, Announce)
  	Notify(SharpMUSH.Library.Models.SharpPlayer: SharpMUSH.Library.Models.SharpPlayer, *System.String: -1*, <null>, Announce)
  	Notify(SharpMUSH.Library.Models.SharpPlayer: SharpMUSH.Library.Models.SharpPlayer, *System.String: -1*, <null>, Announce)
  	Notify(SharpMUSH.Library.Models.SharpPlayer: SharpMUSH.Library.Models.SharpPlayer, *System.String: -1*, <null>, Announce)
  	Notify(SharpMUSH.Library.Models.SharpPlayer: SharpMUSH.Library.Models.SharpPlayer, *System.String: -1*, <null>, Announce)
  	Notify(SharpMUSH.Library.Models.SharpPlayer: SharpMUSH.Library.Models.SharpPlayer, *System.String: -1*, <null>, Announce)
  	Notify(SharpMUSH.Library.Models.SharpPlayer: SharpMUSH.Library.Models.SharpPlayer, *System.String: -1*, <null>, Announce)
  	Notify(SharpMUSH.Library.Models.SharpPlayer: SharpMUSH.Library.Models.SharpPlayer, *System.String: -1*, <null>, Announce)
  	Notify(SharpMUSH.Library.Models.SharpPlayer: SharpMUSH.Library.Models.SharpPlayer, *System.String: -1*, <null>, Announce)
  	Notify(SharpMUSH.Library.Models.SharpPlayer: SharpMUSH.Library.Models.SharpPlayer, *System.String: -1*, <null>, Announce)
  	Notify(SharpMUSH.Library.Models.SharpPlayer: SharpMUSH.Library.Models.SharpPlayer, *System.String: -1*, <null>, Announce)
  	Notify(SharpMUSH.Library.Models.SharpPlayer: SharpMUSH.Library.Models.SharpPlayer, *System.String: -1*, <null>, Announce)
  	Notify(SharpMUSH.Library.Models.SharpPlayer: SharpMUSH.Library.Models.SharpPlayer, *System.String: -1*, <null>, Announce)
  	Notify(SharpMUSH.Library.Models.SharpPlayer: SharpMUSH.Library.Models.SharpPlayer, *System.String: -1*, <null>, Announce)
  	Notify(SharpMUSH.Library.Models.SharpPlayer: SharpMUSH.Library.Models.SharpPlayer, *System.String: -1*, <null>, Announce)
  	Notify(SharpMUSH.Library.Models.SharpPlayer: SharpMUSH.Library.Models.SharpPlayer, *System.String: -1*, <null>, Announce)
  	Notify(SharpMUSH.Library.Models.SharpPlayer: SharpMUSH.Library.Models.SharpPlayer, *System.String: -1*, <null>, Announce)
  	Notify(SharpMUSH.Library.Models.SharpPlayer: SharpMUSH.Library.Models.SharpPlayer, *System.String: -1*, <null>, Announce)
  	Notify(SharpMUSH.Library.Models.SharpPlayer: SharpMUSH.Library.Models.SharpPlayer, *System.String: -1*, <null>, Announce)
  	Notify(SharpMUSH.Library.Models.SharpPlayer: SharpMUSH.Library.Models.SharpPlayer, *System.String: -1*, <null>, Announce)
  	Notify(SharpMUSH.Library.Models.SharpPlayer: SharpMUSH.Library.Models.SharpPlayer, *System.String: -1*, <null>, Announce)
  	Notify(SharpMUSH.Library.Models.SharpPlayer: SharpMUSH.Library.Models.SharpPlayer, *System.String: -1*, <null>, Announce)
  	Notify(SharpMUSH.Library.Models.SharpPlayer: SharpMUSH.Library.Models.SharpPlayer, *System.String: -1*, <null>, Announce)
  	Notify(SharpMUSH.Library.Models.SharpPlayer: SharpMUSH.Library.Models.SharpPlayer, *System.String: -1*, <null>, Announce)
  	Notify(SharpMUSH.Library.Models.SharpPlayer: SharpMUSH.Library.Models.SharpPlayer, *System.String: -1*, <null>, Announce)
  	Notify(SharpMUSH.Library.Models.SharpPlayer: SharpMUSH.Library.Models.SharpPlayer, *System.String: -1*, <null>, Announce)
  	Notify(SharpMUSH.Library.Models.SharpPlayer: SharpMUSH.Library.Models.SharpPlayer, *System.String: -1*, <null>, Announce)
  	Notify(SharpMUSH.Library.Models.SharpPlayer: SharpMUSH.Library.Models.SharpPlayer, *System.String: -1*, <null>, Announce)
  	Notify(SharpMUSH.Library.Models.SharpPlayer: SharpMUSH.Library.Models.SharpPlayer, *System.String: -1*, <null>, Announce)
  	Notify(SharpMUSH.Library.Models.SharpPlayer: SharpMUSH.Library.Models.SharpPlayer, *System.String: -1*, <null>, Announce)
  	Notify(SharpMUSH.Library.Models.SharpPlayer: SharpMUSH.Library.Models.SharpPlayer, *System.String: -1*, <null>, Announce)
  	Notify(SharpMUSH.Library.Models.SharpPlayer: SharpMUSH.Library.Models.SharpPlayer, *System.String: -1*, <null>, Announce)
  	Notify(SharpMUSH.Library.Models.SharpPlayer: SharpMUSH.Library.Models.SharpPlayer, *System.String: -1*, <null>, Announce)
  	Notify(SharpMUSH.Library.Models.SharpPlayer: SharpMUSH.Library.Models.SharpPlayer, *System.String: -1*, <null>, Announce)
  	Notify(SharpMUSH.Library.Models.SharpPlayer: SharpMUSH.Library.Models.SharpPlayer, *System.String: -1*, <null>, Announce)
  	Notify(SharpMUSH.Library.Models.SharpPlayer: SharpMUSH.Library.Models.SharpPlayer, *System.String: -1*, <null>, Announce)
  	Notify(SharpMUSH.Library.Models.SharpPlayer: SharpMUSH.Library.Models.SharpPlayer, *System.String: -1*, <null>, Announce)
  	Notify(SharpMUSH.Library.Models.SharpPlayer: SharpMUSH.Library.Models.SharpPlayer, *System.String: -1*, <null>, Announce)
  	Notify(SharpMUSH.Library.Models.SharpPlayer: SharpMUSH.Library.Models.SharpPlayer, *System.String: -1*, <null>, Announce)
  	Notify(SharpMUSH.Library.Models.SharpPlayer: SharpMUSH.Library.Models.SharpPlayer, *System.String: -1*, <null>, Announce)
  	Notify(SharpMUSH.Library.Models.SharpPlayer: SharpMUSH.Library.Models.SharpPlayer, *System.String: -1*, <null>, Announce)
  	Notify(SharpMUSH.Library.Models.SharpPlayer: SharpMUSH.Library.Models.SharpPlayer, *System.String: -1*, <null>, Announce)
  	Notify(SharpMUSH.Library.Models.SharpPlayer: SharpMUSH.Library.Models.SharpPlayer, *System.String: -1*, <null>, Announce)
  	Notify(SharpMUSH.Library.Models.SharpPlayer: SharpMUSH.Library.Models.SharpPlayer, *System.String: -1*, <null>, Announce)
  	Notify(SharpMUSH.Library.Models.SharpPlayer: SharpMUSH.Library.Models.SharpPlayer, *System.String: -1*, <null>, Announce)
  	Notify(SharpMUSH.Library.Models.SharpPlayer: SharpMUSH.Library.Models.SharpPlayer, *System.String: -1*, <null>, Announce)
  	Notify(SharpMUSH.Library.Models.SharpPlayer: SharpMUSH.Library.Models.SharpPlayer, *System.String: -1*, <null>, Announce)
  	Notify(SharpMUSH.Library.Models.SharpPlayer: SharpMUSH.Library.Models.SharpPlayer, *System.String: -1*, <null>, Announce)
  	Notify(SharpMUSH.Library.Models.SharpPlayer: SharpMUSH.Library.Models.SharpPlayer, *System.String: -1*, <null>, Announce)
  	Notify(SharpMUSH.Library.Models.SharpPlayer: SharpMUSH.Library.Models.SharpPlayer, *System.String: -1*, <null>, Announce)
  	Notify(SharpMUSH.Library.Models.SharpPlayer: SharpMUSH.Library.Models.SharpPlayer, *System.String: -1*, <null>, Announce)
  	Notify(SharpMUSH.Library.Models.SharpPlayer: SharpMUSH.Library.Models.SharpPlayer, *System.String: -1*, <null>, Announce)
  	Notify(SharpMUSH.Library.Models.SharpPlayer: SharpMUSH.Library.Models.SharpPlayer, *System.String: -1*, <null>, Announce)
  	Notify(SharpMUSH.Library.Models.SharpPlayer: SharpMUSH.Library.Models.SharpPlayer, *System.String: -1*, <null>, Announce)
  	Notify(SharpMUSH.Library.Models.SharpPlayer: SharpMUSH.Library.Models.SharpPlayer, *System.String: -1*, <null>, Announce)
  	Notify(SharpMUSH.Library.Models.SharpPlayer: SharpMUSH.Library.Models.SharpPlayer, *System.String: -1*, <null>, Announce)
  	Notify(SharpMUSH.Library.Models.SharpPlayer: SharpMUSH.Library.Models.SharpPlayer, *System.String: -1*, <null>, Announce)
  	Notify(SharpMUSH.Library.Models.SharpPlayer: SharpMUSH.Library.Models.SharpPlayer, *System.String: -1*, <null>, Announce)
  	Notify(SharpMUSH.Library.Models.SharpPlayer: SharpMUSH.Library.Models.SharpPlayer, *System.String: -1*, <null>, Announce)
  	Notify(SharpMUSH.Library.Models.SharpPlayer: SharpMUSH.Library.Models.SharpPlayer, *System.String: -1*, <null>, Announce)
  	Notify(SharpMUSH.Library.Models.SharpPlayer: SharpMUSH.Library.Models.SharpPlayer, *System.String: -1*, <null>, Announce)
  	Notify(SharpMUSH.Library.Models.SharpPlayer: SharpMUSH.Library.Models.SharpPlayer, *System.String: -1*, <null>, Announce)
  	Notify(SharpMUSH.Library.Models.SharpPlayer: SharpMUSH.Library.Models.SharpPlayer, *System.String: -1*, <null>, Announce)
  	Notify(SharpMUSH.Library.Models.SharpPlayer: SharpMUSH.Library.Models.SharpPlayer, *System.String: -1*, <null>, Announce)
  	Notify(SharpMUSH.Library.Models.SharpPlayer: SharpMUSH.Library.Models.SharpPlayer, *System.String: -1*, <null>, Announce)
  	Notify(SharpMUSH.Library.Models.SharpPlayer: SharpMUSH.Library.Models.SharpPlayer, *System.String: -1*, <null>, Announce)
  	Notify(SharpMUSH.Library.Models.SharpPlayer: SharpMUSH.Library.Models.SharpPlayer, *System.String: -1*, <null>, Announce)
  	Notify(SharpMUSH.Library.Models.SharpPlayer: SharpMUSH.Library.Models.SharpPlayer, *System.String: -1*, <null>, Announce)
  	Notify(SharpMUSH.Library.Models.SharpPlayer: SharpMUSH.Library.Models.SharpPlayer, *System.String: -1*, <null>, Announce)
  	Notify(SharpMUSH.Library.Models.SharpPlayer: SharpMUSH.Library.Models.SharpPlayer, *System.String: -1*, <null>, Announce)
  	Notify(SharpMUSH.Library.Models.SharpPlayer: SharpMUSH.Library.Models.SharpPlayer, *System.String: -1*, <null>, Announce)
  	Notify(SharpMUSH.Library.Models.SharpPlayer: SharpMUSH.Library.Models.SharpPlayer, *System.String: -1*, <null>, Announce)
  	Notify(SharpMUSH.Library.Models.SharpPlayer: SharpMUSH.Library.Models.SharpPlayer, *System.String: -1*, <null>, Announce)
  	Notify(SharpMUSH.Library.Models.SharpPlayer: SharpMUSH.Library.Models.SharpPlayer, *System.String: -1*, <null>, Announce)
  	Notify(SharpMUSH.Library.Models.SharpPlayer: SharpMUSH.Library.Models.SharpPlayer, *System.String: -1*, <null>, Announce)
  	Notify(SharpMUSH.Library.Models.SharpPlayer: SharpMUSH.Library.Models.SharpPlayer, *System.String: -1*, <null>, Announce)
  	Notify(SharpMUSH.Library.Models.SharpPlayer: SharpMUSH.Library.Models.SharpPlayer, *System.String: -1*, <null>, Announce)
  	Notify(SharpMUSH.Library.Models.SharpPlayer: SharpMUSH.Library.Models.SharpPlayer, *System.String: -1*, <null>, Announce)
  	Notify(SharpMUSH.Library.Models.SharpPlayer: SharpMUSH.Library.Models.SharpPlayer, *System.String: -1*, <null>, Announce)
  	Notify(SharpMUSH.Library.Models.SharpPlayer: SharpMUSH.Library.Models.SharpPlayer, *System.String: -1*, <null>, Announce)
  	Notify(SharpMUSH.Library.Models.SharpPlayer: SharpMUSH.Library.Models.SharpPlayer, *System.String: -1*, <null>, Announce)
  	Notify(SharpMUSH.Library.Models.SharpPlayer: SharpMUSH.Library.Models.SharpPlayer, *System.String: -1*, <null>, Announce)
  	Notify(SharpMUSH.Library.Models.SharpPlayer: SharpMUSH.Library.Models.SharpPlayer, *System.String: -1*, <null>, Announce)
  	Notify(SharpMUSH.Library.Models.SharpPlayer: SharpMUSH.Library.Models.SharpPlayer, *System.String: -1*, <null>, Announce)
  	Notify(SharpMUSH.Library.Models.SharpPlayer: SharpMUSH.Library.Models.SharpPlayer, *System.String: -1*, <null>, Announce)
  	Notify(SharpMUSH.Library.Models.SharpPlayer: SharpMUSH.Library.Models.SharpPlayer, *System.String: -1*, <null>, Announce)
  	Notify(SharpMUSH.Library.Models.SharpPlayer: SharpMUSH.Library.Models.SharpPlayer, *System.String: -1*, <null>, Announce)
  	Notify(SharpMUSH.Library.Models.SharpPlayer: SharpMUSH.Library.Models.SharpPlayer, *System.String: -1*, <null>, Announce)
  	Notify(SharpMUSH.Library.Models.SharpPlayer: SharpMUSH.Library.Models.SharpPlayer, *System.String: -1*, <null>, Announce)
  	Notify(SharpMUSH.Library.Models.SharpPlayer: SharpMUSH.Library.Models.SharpPlayer, *System.String: -1*, <null>, Announce)
  	Notify(SharpMUSH.Library.Models.SharpPlayer: SharpMUSH.Library.Models.SharpPlayer, *System.String: -1*, <null>, Announce)
  	Notify(SharpMUSH.Library.Models.SharpPlayer: SharpMUSH.Library.Models.SharpPlayer, *System.String: -1*, <null>, Announce)
  	Notify(SharpMUSH.Library.Models.SharpPlayer: SharpMUSH.Library.Models.SharpPlayer, *System.String: -1*, <null>, Announce)
  	Notify(SharpMUSH.Library.Models.SharpPlayer: SharpMUSH.Library.Models.SharpPlayer, *System.String: -1*, <null>, Announce)
  	Notify(SharpMUSH.Library.Models.SharpPlayer: SharpMUSH.Library.Models.SharpPlayer, *System.String: -1*, <null>, Announce)
  	Notify(SharpMUSH.Library.Models.SharpPlayer: SharpMUSH.Library.Models.SharpPlayer, *System.String: -1*, <null>, Announce)
  	Notify(SharpMUSH.Library.Models.SharpPlayer: SharpMUSH.Library.Models.SharpPlayer, *System.String: -1*, <null>, Announce)
  	Notify(SharpMUSH.Library.Models.SharpPlayer: SharpMUSH.Library.Models.SharpPlayer, *System.String: -1*, <null>, Announce)
  	Notify(SharpMUSH.Library.Models.SharpPlayer: SharpMUSH.Library.Models.SharpPlayer, *System.String: -1*, <null>, Announce)
  	Notify(SharpMUSH.Library.Models.SharpPlayer: SharpMUSH.Library.Models.SharpPlayer, *System.String: -1*, <null>, Announce)
  	Notify(SharpMUSH.Library.Models.SharpPlayer: SharpMUSH.Library.Models.SharpPlayer, *System.String: -1*, <null>, Announce)
  	Notify(SharpMUSH.Library.Models.SharpPlayer: SharpMUSH.Library.Models.SharpPlayer, *System.String: -1*, <null>, Announce)
  	Notify(SharpMUSH.Library.Models.SharpPlayer: SharpMUSH.Library.Models.SharpPlayer, *System.String: -1*, <null>, Announce)
  	Notify(SharpMUSH.Library.Models.SharpPlayer: SharpMUSH.Library.Models.SharpPlayer, *System.String: -1*, <null>, Announce)
  	Notify(SharpMUSH.Library.Models.SharpPlayer: SharpMUSH.Library.Models.SharpPlayer, *System.String: -1*, <null>, Announce)
  	Notify(SharpMUSH.Library.Models.SharpPlayer: SharpMUSH.Library.Models.SharpPlayer, *System.String: -1*, <null>, Announce)
  	Notify(SharpMUSH.Library.Models.SharpPlayer: SharpMUSH.Library.Models.SharpPlayer, *System.String: -1*, <null>, Announce)
  	Notify(SharpMUSH.Library.Models.SharpPlayer: SharpMUSH.Library.Models.SharpPlayer, *System.String: -1*, <null>, Announce)
  	Notify(SharpMUSH.Library.Models.SharpPlayer: SharpMUSH.Library.Models.SharpPlayer, *System.String: -1*, <null>, Announce)
  	Notify(SharpMUSH.Library.Models.SharpPlayer: SharpMUSH.Library.Models.SharpPlayer, *System.String: -1*, <null>, Announce)
  	Notify(SharpMUSH.Library.Models.SharpPlayer: SharpMUSH.Library.Models.SharpPlayer, *System.String: -1*, <null>, Announce)
  	Notify(SharpMUSH.Library.Models.SharpPlayer: SharpMUSH.Library.Models.SharpPlayer, *System.String: -1*, <null>, Announce)
  	Notify(SharpMUSH.Library.Models.SharpPlayer: SharpMUSH.Library.Models.SharpPlayer, *System.String: -1*, <null>, Announce)
  	Notify(SharpMUSH.Library.Models.SharpPlayer: SharpMUSH.Library.Models.SharpPlayer, *System.String: -1*, <null>, Announce)
  	Notify(SharpMUSH.Library.Models.SharpPlayer: SharpMUSH.Library.Models.SharpPlayer, *System.String: -1*, <null>, Announce)
  	Notify(SharpMUSH.Library.Models.SharpPlayer: SharpMUSH.Library.Models.SharpPlayer, *System.String: -1*, <null>, Announce)
  	Notify(SharpMUSH.Library.Models.SharpPlayer: SharpMUSH.Library.Models.SharpPlayer, *System.String: -1*, <null>, Announce)
  	Notify(SharpMUSH.Library.Models.SharpPlayer: SharpMUSH.Library.Models.SharpPlayer, *System.String: -1*, <null>, Announce)
  	Notify(SharpMUSH.Library.Models.SharpPlayer: SharpMUSH.Library.Models.SharpPlayer, *System.String: -1*, <null>, Announce)
  	Notify(SharpMUSH.Library.Models.SharpPlayer: SharpMUSH.Library.Models.SharpPlayer, *System.String: -1*, <null>, Announce)
  	Notify(SharpMUSH.Library.Models.SharpPlayer: SharpMUSH.Library.Models.SharpPlayer, *System.String: -1*, <null>, Announce)
  	Notify(SharpMUSH.Library.Models.SharpPlayer: SharpMUSH.Library.Models.SharpPlayer, *System.String: -1*, <null>, Announce)
  	Notify(SharpMUSH.Library.Models.SharpPlayer: SharpMUSH.Library.Models.SharpPlayer, *System.String: -1*, <null>, Announce)
  	Notify(SharpMUSH.Library.Models.SharpPlayer: SharpMUSH.Library.Models.SharpPlayer, *System.String: -1*, <null>, Announce)
  	Notify(SharpMUSH.Library.Models.SharpPlayer: SharpMUSH.Library.Models.SharpPlayer, *System.String: -1*, <null>, Announce)
  	Notify(SharpMUSH.Library.Models.SharpPlayer: SharpMUSH.Library.Models.SharpPlayer, *System.String: -1*, <null>, Announce)
  	Notify(SharpMUSH.Library.Models.SharpPlayer: SharpMUSH.Library.Models.SharpPlayer, *System.String: -1*, <null>, Announce)
  	Notify(SharpMUSH.Library.Models.SharpPlayer: SharpMUSH.Library.Models.SharpPlayer, *System.String: -1*, <null>, Announce)
  	Notify(SharpMUSH.Library.Models.SharpPlayer: SharpMUSH.Library.Models.SharpPlayer, *System.String: -1*, <null>, Announce)
  	Notify(SharpMUSH.Library.Models.SharpPlayer: SharpMUSH.Library.Models.SharpPlayer, *System.String: -1*, <null>, Announce)
  	Notify(SharpMUSH.Library.Models.SharpPlayer: SharpMUSH.Library.Models.SharpPlayer, *System.String: -1*, <null>, Announce)
  	Notify(SharpMUSH.Library.Models.SharpPlayer: SharpMUSH.Library.Models.SharpPlayer, *System.String: -1*, <null>, Announce)
  	Notify(SharpMUSH.Library.Models.SharpPlayer: SharpMUSH.Library.Models.SharpPlayer, *System.String: -1*, <null>, Announce)
  	Notify(SharpMUSH.Library.Models.SharpPlayer: SharpMUSH.Library.Models.SharpPlayer, *System.String: -1*, <null>, Announce)
  	Notify(SharpMUSH.Library.Models.SharpPlayer: SharpMUSH.Library.Models.SharpPlayer, *System.String: -1*, <null>, Announce)
  	Notify(SharpMUSH.Library.Models.SharpPlayer: SharpMUSH.Library.Models.SharpPlayer, *System.String: -1*, <null>, Announce)
  	Notify(SharpMUSH.Library.Models.SharpPlayer: SharpMUSH.Library.Models.SharpPlayer, *System.String: -1*, <null>, Announce)
  	Notify(SharpMUSH.Library.Models.SharpPlayer: SharpMUSH.Library.Models.SharpPlayer, *System.String: -1*, <null>, Announce)
  	Notify(SharpMUSH.Library.Models.SharpPlayer: SharpMUSH.Library.Models.SharpPlayer, *System.String: -1*, <null>, Announce)
  	Notify(SharpMUSH.Library.Models.SharpPlayer: SharpMUSH.Library.Models.SharpPlayer, *System.String: -1*, <null>, Announce)
  	Notify(SharpMUSH.Library.Models.SharpPlayer: SharpMUSH.Library.Models.SharpPlayer, *System.String: -1*, <null>, Announce)
  	Notify(SharpMUSH.Library.Models.SharpPlayer: SharpMUSH.Library.Models.SharpPlayer, *System.String: -1*, <null>, Announce)
  	Notify(SharpMUSH.Library.Models.SharpPlayer: SharpMUSH.Library.Models.SharpPlayer, *System.String: -1*, <null>, Announce)
  	Notify(SharpMUSH.Library.Models.SharpPlayer: SharpMUSH.Library.Models.SharpPlayer, *System.String: -1*, <null>, Announce)
  	Notify(SharpMUSH.Library.Models.SharpPlayer: SharpMUSH.Library.Models.SharpPlayer, *System.String: -1*, <null>, Announce)
  	Notify(SharpMUSH.Library.Models.SharpPlayer: SharpMUSH.Library.Models.SharpPlayer, *System.String: -1*, <null>, Announce)
  	Notify(SharpMUSH.Library.Models.SharpPlayer: SharpMUSH.Library.Models.SharpPlayer, *System.String: -1*, <null>, Announce)
  	Notify(SharpMUSH.Library.Models.SharpPlayer: SharpMUSH.Library.Models.SharpPlayer, *System.String: -1*, <null>, Announce)
  	Notify(SharpMUSH.Library.Models.SharpPlayer: SharpMUSH.Library.Models.SharpPlayer, *System.String: -1*, <null>, Announce)
  	Notify(SharpMUSH.Library.Models.SharpPlayer: SharpMUSH.Library.Models.SharpPlayer, *System.String: -1*, <null>, Announce)
  	Notify(SharpMUSH.Library.Models.SharpPlayer: SharpMUSH.Library.Models.SharpPlayer, *System.String: -1*, <null>, Announce)
  	Notify(SharpMUSH.Library.Models.SharpPlayer: SharpMUSH.Library.Models.SharpPlayer, *System.String: -1*, <null>, Announce)
  	Notify(SharpMUSH.Library.Models.SharpPlayer: SharpMUSH.Library.Models.SharpPlayer, *System.String: -1*, <null>, Announce)
  	Notify(SharpMUSH.Library.Models.SharpPlayer: SharpMUSH.Library.Models.SharpPlayer, *System.String: -1*, <null>, Announce)
  	Notify(SharpMUSH.Library.Models.SharpPlayer: SharpMUSH.Library.Models.SharpPlayer, *System.String: -1*, <null>, Announce)
  	Notify(SharpMUSH.Library.Models.SharpPlayer: SharpMUSH.Library.Models.SharpPlayer, *System.String: -1*, <null>, Announce)
  	Notify(SharpMUSH.Library.Models.SharpPlayer: SharpMUSH.Library.Models.SharpPlayer, *System.String: -1*, <null>, Announce)
  	Notify(SharpMUSH.Library.Models.SharpPlayer: SharpMUSH.Library.Models.SharpPlayer, *System.String: -1*, <null>, Announce)
  	Notify(SharpMUSH.Library.Models.SharpPlayer: SharpMUSH.Library.Models.SharpPlayer, *System.String: -1*, <null>, Announce)
  	Notify(SharpMUSH.Library.Models.SharpPlayer: SharpMUSH.Library.Models.SharpPlayer, *System.String: -1*, <null>, Announce)
  	Notify(SharpMUSH.Library.Models.SharpPlayer: SharpMUSH.Library.Models.SharpPlayer, *System.String: -1*, <null>, Announce)
  	Notify(SharpMUSH.Library.Models.SharpPlayer: SharpMUSH.Library.Models.SharpPlayer, *System.String: -1*, <null>, Announce)
  	Notify(SharpMUSH.Library.Models.SharpPlayer: SharpMUSH.Library.Models.SharpPlayer, *System.String: -1*, <null>, Announce)
  	Notify(SharpMUSH.Library.Models.SharpPlayer: SharpMUSH.Library.Models.SharpPlayer, *System.String: -1*, <null>, Announce)
  	Notify(SharpMUSH.Library.Models.SharpPlayer: SharpMUSH.Library.Models.SharpPlayer, *System.String: -1*, <null>, Announce)
  	Notify(SharpMUSH.Library.Models.SharpPlayer: SharpMUSH.Library.Models.SharpPlayer, *System.String: -1*, <null>, Announce)
  	Notify(SharpMUSH.Library.Models.SharpPlayer: SharpMUSH.Library.Models.SharpPlayer, *System.String: -1*, <null>, Announce)
  	Notify(SharpMUSH.Library.Models.SharpPlayer: SharpMUSH.Library.Models.SharpPlayer, *System.String: -1*, <null>, Announce)
  	Notify(SharpMUSH.Library.Models.SharpPlayer: SharpMUSH.Library.Models.SharpPlayer, *System.String: -1*, <null>, Announce)
  	Notify(SharpMUSH.Library.Models.SharpPlayer: SharpMUSH.Library.Models.SharpPlayer, *System.String: -1*, <null>, Announce)
  	Notify(SharpMUSH.Library.Models.SharpPlayer: SharpMUSH.Library.Models.SharpPlayer, *System.String: -1*, <null>, Announce)
  	Notify(SharpMUSH.Library.Models.SharpPlayer: SharpMUSH.Library.Models.SharpPlayer, *System.String: -1*, <null>, Announce)
  	Notify(SharpMUSH.Library.Models.SharpPlayer: SharpMUSH.Library.Models.SharpPlayer, *System.String: -1*, <null>, Announce)
  	Notify(SharpMUSH.Library.Models.SharpPlayer: SharpMUSH.Library.Models.SharpPlayer, *System.String: -1*, <null>, Announce)
  	Notify(SharpMUSH.Library.Models.SharpPlayer: SharpMUSH.Library.Models.SharpPlayer, *System.String: -1*, <null>, Announce)
  	Notify(SharpMUSH.Library.Models.SharpPlayer: SharpMUSH.Library.Models.SharpPlayer, *System.String: -1*, <null>, Announce)
  	Notify(SharpMUSH.Library.Models.SharpPlayer: SharpMUSH.Library.Models.SharpPlayer, *System.String: -1*, <null>, Announce)
  	Notify(SharpMUSH.Library.Models.SharpPlayer: SharpMUSH.Library.Models.SharpPlayer, *System.String: -1*, <null>, Announce)
  	Notify(SharpMUSH.Library.Models.SharpPlayer: SharpMUSH.Library.Models.SharpPlayer, *System.String: -1*, <null>, Announce)
  	Notify(SharpMUSH.Library.Models.SharpPlayer: SharpMUSH.Library.Models.SharpPlayer, *System.String: -1*, <null>, Announce)
  	Notify(SharpMUSH.Library.Models.SharpPlayer: SharpMUSH.Library.Models.SharpPlayer, *System.String: -1*, <null>, Announce)
  	Notify(SharpMUSH.Library.Models.SharpPlayer: SharpMUSH.Library.Models.SharpPlayer, *System.String: -1*, <null>, Announce)
  	Notify(SharpMUSH.Library.Models.SharpPlayer: SharpMUSH.Library.Models.SharpPlayer, *System.String: -1*, <null>, Announce)
  	Notify(SharpMUSH.Library.Models.SharpPlayer: SharpMUSH.Library.Models.SharpPlayer, *System.String: -1*, <null>, Announce)
  	Notify(SharpMUSH.Library.Models.SharpPlayer: SharpMUSH.Library.Models.SharpPlayer, *System.String: -1*, <null>, Announce)
  	Notify(SharpMUSH.Library.Models.SharpPlayer: SharpMUSH.Library.Models.SharpPlayer, *System.String: -1*, <null>, Announce)
  	Notify(SharpMUSH.Library.Models.SharpPlayer: SharpMUSH.Library.Models.SharpPlayer, *System.String: -1*, <null>, Announce)
  	Notify(SharpMUSH.Library.Models.SharpPlayer: SharpMUSH.Library.Models.SharpPlayer, *System.String: -1*, <null>, Announce)
  	Notify(SharpMUSH.Library.Models.SharpPlayer: SharpMUSH.Library.Models.SharpPlayer, *System.String: -1*, <null>, Announce)
  	Notify(SharpMUSH.Library.Models.SharpPlayer: SharpMUSH.Library.Models.SharpPlayer, *System.String: -1*, <null>, Announce)
  	Notify(SharpMUSH.Library.Models.SharpPlayer: SharpMUSH.Library.Models.SharpPlayer, *System.String: -1*, <null>, Announce)
  	Notify(SharpMUSH.Library.Models.SharpPlayer: SharpMUSH.Library.Models.SharpPlayer, *System.String: -1*, <null>, Announce)
  	Notify(SharpMUSH.Library.Models.SharpPlayer: SharpMUSH.Library.Models.SharpPlayer, *System.String: -1*, <null>, Announce)
  	Notify(SharpMUSH.Library.Models.SharpPlayer: SharpMUSH.Library.Models.SharpPlayer, *System.String: -1*, <null>, Announce)
  	Notify(SharpMUSH.Library.Models.SharpPlayer: SharpMUSH.Library.Models.SharpPlayer, *System.String: -1*, <null>, Announce)
  	Notify(SharpMUSH.Library.Models.SharpPlayer: SharpMUSH.Library.Models.SharpPlayer, *System.String: -1*, <null>, Announce)
  	Notify(SharpMUSH.Library.Models.SharpPlayer: SharpMUSH.Library.Models.SharpPlayer, *System.String: -1*, <null>, Announce)
  	Notify(SharpMUSH.Library.Models.SharpPlayer: SharpMUSH.Library.Models.SharpPlayer, *System.String: -1*, <null>, Announce)
  	Notify(SharpMUSH.Library.Models.SharpPlayer: SharpMUSH.Library.Models.SharpPlayer, *System.String: -1*, <null>, Announce)
  	Notify(SharpMUSH.Library.Models.SharpPlayer: SharpMUSH.Library.Models.SharpPlayer, *System.String: -1*, <null>, Announce)
  	Notify(SharpMUSH.Library.Models.SharpPlayer: SharpMUSH.Library.Models.SharpPlayer, *System.String: -1*, <null>, Announce)
  	Notify(SharpMUSH.Library.Models.SharpPlayer: SharpMUSH.Library.Models.SharpPlayer, *System.String: -1*, <null>, Announce)
  	Notify(SharpMUSH.Library.Models.SharpPlayer: SharpMUSH.Library.Models.SharpPlayer, *System.String: -1*, <null>, Announce)
  	Notify(SharpMUSH.Library.Models.SharpPlayer: SharpMUSH.Library.Models.SharpPlayer, *System.String: -1*, <null>, Announce)
  	Notify(SharpMUSH.Library.Models.SharpPlayer: SharpMUSH.Library.Models.SharpPlayer, *System.String: -1*, <null>, Announce)
  	Notify(SharpMUSH.Library.Models.SharpPlayer: SharpMUSH.Library.Models.SharpPlayer, *System.String: -1*, <null>, Announce)
  	Notify(SharpMUSH.Library.Models.SharpPlayer: SharpMUSH.Library.Models.SharpPlayer, *System.String: -1*, <null>, Announce)
  	Notify(SharpMUSH.Library.Models.SharpPlayer: SharpMUSH.Library.Models.SharpPlayer, *System.String: -1*, <null>, Announce)
  	Notify(SharpMUSH.Library.Models.SharpPlayer: SharpMUSH.Library.Models.SharpPlayer, *System.String: -1*, <null>, Announce)
  	Notify(SharpMUSH.Library.Models.SharpPlayer: SharpMUSH.Library.Models.SharpPlayer, *System.String: -1*, <null>, Announce)
  	Notify(SharpMUSH.Library.Models.SharpPlayer: SharpMUSH.Library.Models.SharpPlayer, *System.String: -1*, <null>, Announce)
  	Notify(SharpMUSH.Library.Models.SharpPlayer: SharpMUSH.Library.Models.SharpPlayer, *System.String: -1*, <null>, Announce)
  	Notify(SharpMUSH.Library.Models.SharpPlayer: SharpMUSH.Library.Models.SharpPlayer, *System.String: -1*, <null>, Announce)
  	Notify(SharpMUSH.Library.Models.SharpPlayer: SharpMUSH.Library.Models.SharpPlayer, *System.String: -1*, <null>, Announce)
  	Notify(SharpMUSH.Library.Models.SharpPlayer: SharpMUSH.Library.Models.SharpPlayer, *System.String: -1*, <null>, Announce)
  	Notify(SharpMUSH.Library.Models.SharpPlayer: SharpMUSH.Library.Models.SharpPlayer, *System.String: -1*, <null>, Announce)
  	Notify(SharpMUSH.Library.Models.SharpPlayer: SharpMUSH.Library.Models.SharpPlayer, *System.String: -1*, <null>, Announce)
  	Notify(SharpMUSH.Library.Models.SharpPlayer: SharpMUSH.Library.Models.SharpPlayer, *System.String: -1*, <null>, Announce)
  	Notify(SharpMUSH.Library.Models.SharpPlayer: SharpMUSH.Library.Models.SharpPlayer, *System.String: -1*, <null>, Announce)
  	Notify(SharpMUSH.Library.Models.SharpPlayer: SharpMUSH.Library.Models.SharpPlayer, *System.String: -1*, <null>, Announce)
  	Notify(SharpMUSH.Library.Models.SharpPlayer: SharpMUSH.Library.Models.SharpPlayer, *System.String: -1*, <null>, Announce)
  	Notify(SharpMUSH.Library.Models.SharpPlayer: SharpMUSH.Library.Models.SharpPlayer, *System.String: -1*, <null>, Announce)
  	Notify(SharpMUSH.Library.Models.SharpPlayer: SharpMUSH.Library.Models.SharpPlayer, *System.String: -1*, <null>, Announce)
  	Notify(SharpMUSH.Library.Models.SharpPlayer: SharpMUSH.Library.Models.SharpPlayer, *System.String: -1*, <null>, Announce)
  	Notify(SharpMUSH.Library.Models.SharpPlayer: SharpMUSH.Library.Models.SharpPlayer, *System.String: -1*, <null>, Announce)
  	Notify(SharpMUSH.Library.Models.SharpPlayer: SharpMUSH.Library.Models.SharpPlayer, *System.String: -1*, <null>, Announce)
  	Notify(SharpMUSH.Library.Models.SharpPlayer: SharpMUSH.Library.Models.SharpPlayer, *System.String: -1*, <null>, Announce)
  	Notify(SharpMUSH.Library.Models.SharpPlayer: SharpMUSH.Library.Models.SharpPlayer, *System.String: -1*, <null>, Announce)
  	Notify(SharpMUSH.Library.Models.SharpPlayer: SharpMUSH.Library.Models.SharpPlayer, *System.String: -1*, <null>, Announce)
  	Notify(SharpMUSH.Library.Models.SharpPlayer: SharpMUSH.Library.Models.SharpPlayer, *System.String: -1*, <null>, Announce)
  	Notify(SharpMUSH.Library.Models.SharpPlayer: SharpMUSH.Library.Models.SharpPlayer, *System.String: -1*, <null>, Announce)
  	Notify(SharpMUSH.Library.Models.SharpPlayer: SharpMUSH.Library.Models.SharpPlayer, *System.String: -1*, <null>, Announce)
  	Notify(SharpMUSH.Library.Models.SharpPlayer: SharpMUSH.Library.Models.SharpPlayer, *System.String: -1*, <null>, Announce)
  	Notify(SharpMUSH.Library.Models.SharpPlayer: SharpMUSH.Library.Models.SharpPlayer, *System.String: -1*, <null>, Announce)
  	Notify(SharpMUSH.Library.Models.SharpPlayer: SharpMUSH.Library.Models.SharpPlayer, *System.String: -1*, <null>, Announce)
  	Notify(SharpMUSH.Library.Models.SharpPlayer: SharpMUSH.Library.Models.SharpPlayer, *System.String: -1*, <null>, Announce)
  	Notify(SharpMUSH.Library.Models.SharpPlayer: SharpMUSH.Library.Models.SharpPlayer, *System.String: -1*, <null>, Announce)
  	Notify(SharpMUSH.Library.Models.SharpPlayer: SharpMUSH.Library.Models.SharpPlayer, *System.String: -1*, <null>, Announce)
  	Notify(SharpMUSH.Library.Models.SharpPlayer: SharpMUSH.Library.Models.SharpPlayer, *System.String: -1*, <null>, Announce)
  	Notify(SharpMUSH.Library.Models.SharpPlayer: SharpMUSH.Library.Models.SharpPlayer, *System.String: -1*, <null>, Announce)
  	Notify(SharpMUSH.Library.Models.SharpPlayer: SharpMUSH.Library.Models.SharpPlayer, *System.String: -1*, <null>, Announce)
  	Notify(SharpMUSH.Library.Models.SharpPlayer: SharpMUSH.Library.Models.SharpPlayer, *System.String: -1*, <null>, Announce)
  	Notify(SharpMUSH.Library.Models.SharpPlayer: SharpMUSH.Library.Models.SharpPlayer, *System.String: -1*, <null>, Announce)
  	Notify(SharpMUSH.Library.Models.SharpPlayer: SharpMUSH.Library.Models.SharpPlayer, *System.String: -1*, <null>, Announce)
  	Notify(SharpMUSH.Library.Models.SharpPlayer: SharpMUSH.Library.Models.SharpPlayer, *System.String: -1*, <null>, Announce)
  	Notify(SharpMUSH.Library.Models.SharpPlayer: SharpMUSH.Library.Models.SharpPlayer, *System.String: -1*, <null>, Announce)
  	Notify(SharpMUSH.Library.Models.SharpPlayer: SharpMUSH.Library.Models.SharpPlayer, *System.String: -1*, <null>, Announce)
  	Notify(SharpMUSH.Library.Models.SharpPlayer: SharpMUSH.Library.Models.SharpPlayer, *System.String: -1*, <null>, Announce)
  	Notify(SharpMUSH.Library.Models.SharpPlayer: SharpMUSH.Library.Models.SharpPlayer, *System.String: -1*, <null>, Announce)
  	Notify(SharpMUSH.Library.Models.SharpPlayer: SharpMUSH.Library.Models.SharpPlayer, *System.String: -1*, <null>, Announce)
  	Notify(SharpMUSH.Library.Models.SharpPlayer: SharpMUSH.Library.Models.SharpPlayer, *System.String: -1*, <null>, Announce)
  	Notify(SharpMUSH.Library.Models.SharpPlayer: SharpMUSH.Library.Models.SharpPlayer, *System.String: -1*, <null>, Announce)
  	Notify(SharpMUSH.Library.Models.SharpPlayer: SharpMUSH.Library.Models.SharpPlayer, *System.String: -1*, <null>, Announce)
  	Notify(SharpMUSH.Library.Models.SharpPlayer: SharpMUSH.Library.Models.SharpPlayer, *System.String: -1*, <null>, Announce)
  	Notify(SharpMUSH.Library.Models.SharpPlayer: SharpMUSH.Library.Models.SharpPlayer, *System.String: -1*, <null>, Announce)
  	Notify(SharpMUSH.Library.Models.SharpPlayer: SharpMUSH.Library.Models.SharpPlayer, *System.String: -1*, <null>, Announce)
  	Notify(SharpMUSH.Library.Models.SharpPlayer: SharpMUSH.Library.Models.SharpPlayer, *System.String: -1*, <null>, Announce)
  	Notify(SharpMUSH.Library.Models.SharpPlayer: SharpMUSH.Library.Models.SharpPlayer, *System.String: -1*, <null>, Announce)
  	Notify(SharpMUSH.Library.Models.SharpPlayer: SharpMUSH.Library.Models.SharpPlayer, *System.String: -1*, <null>, Announce)
  	Notify(SharpMUSH.Library.Models.SharpPlayer: SharpMUSH.Library.Models.SharpPlayer, *System.String: -1*, <null>, Announce)
  	Notify(SharpMUSH.Library.Models.SharpPlayer: SharpMUSH.Library.Models.SharpPlayer, *System.String: -1*, <null>, Announce)
  	Notify(SharpMUSH.Library.Models.SharpPlayer: SharpMUSH.Library.Models.SharpPlayer, *System.String: -1*, <null>, Announce)
  	Notify(SharpMUSH.Library.Models.SharpPlayer: SharpMUSH.Library.Models.SharpPlayer, *System.String: -1*, <null>, Announce)
  	Notify(SharpMUSH.Library.Models.SharpPlayer: SharpMUSH.Library.Models.SharpPlayer, *System.String: -1*, <null>, Announce)
  	Notify(SharpMUSH.Library.Models.SharpPlayer: SharpMUSH.Library.Models.SharpPlayer, *System.String: -1*, <null>, Announce)
  	Notify(SharpMUSH.Library.Models.SharpPlayer: SharpMUSH.Library.Models.SharpPlayer, *System.String: -1*, <null>, Announce)
  	Notify(SharpMUSH.Library.Models.SharpPlayer: SharpMUSH.Library.Models.SharpPlayer, *System.String: -1*, <null>, Announce)
  	Notify(SharpMUSH.Library.Models.SharpPlayer: SharpMUSH.Library.Models.SharpPlayer, *System.String: -1*, <null>, Announce)
  	Notify(SharpMUSH.Library.Models.SharpPlayer: SharpMUSH.Library.Models.SharpPlayer, *System.String: -1*, <null>, Announce)
  	Notify(SharpMUSH.Library.Models.SharpPlayer: SharpMUSH.Library.Models.SharpPlayer, *System.String: -1*, <null>, Announce)
  	Notify(SharpMUSH.Library.Models.SharpPlayer: SharpMUSH.Library.Models.SharpPlayer, *System.String: -1*, <null>, Announce)
  	Notify(SharpMUSH.Library.Models.SharpPlayer: SharpMUSH.Library.Models.SharpPlayer, *System.String: -1*, <null>, Announce)
  	Notify(SharpMUSH.Library.Models.SharpPlayer: SharpMUSH.Library.Models.SharpPlayer, *System.String: -1*, <null>, Announce)
  	Notify(SharpMUSH.Library.Models.SharpPlayer: SharpMUSH.Library.Models.SharpPlayer, *System.String: -1*, <null>, Announce)
  	Notify(SharpMUSH.Library.Models.SharpPlayer: SharpMUSH.Library.Models.SharpPlayer, *System.String: -1*, <null>, Announce)
  	Notify(SharpMUSH.Library.Models.SharpPlayer: SharpMUSH.Library.Models.SharpPlayer, *System.String: -1*, <null>, Announce)
  	Notify(SharpMUSH.Library.Models.SharpPlayer: SharpMUSH.Library.Models.SharpPlayer, *System.String: -1*, <null>, Announce)
  	Notify(SharpMUSH.Library.Models.SharpPlayer: SharpMUSH.Library.Models.SharpPlayer, *System.String: -1*, <null>, Announce)
  	Notify(SharpMUSH.Library.Models.SharpPlayer: SharpMUSH.Library.Models.SharpPlayer, *System.String: -1*, <null>, Announce)
  	Notify(SharpMUSH.Library.Models.SharpPlayer: SharpMUSH.Library.Models.SharpPlayer, *System.String: -1*, <null>, Announce)
  	Notify(SharpMUSH.Library.Models.SharpPlayer: SharpMUSH.Library.Models.SharpPlayer, *System.String: -1*, <null>, Announce)
  	Notify(SharpMUSH.Library.Models.SharpPlayer: SharpMUSH.Library.Models.SharpPlayer, *System.String: Command1 Arg*, <null>, Announce)
  	Notify(SharpMUSH.Library.Models.SharpPlayer: SharpMUSH.Library.Models.SharpPlayer, *System.String: Command2 Arg*, <null>, Announce)
  	Notify(SharpMUSH.Library.Models.SharpPlayer: SharpMUSH.Library.Models.SharpPlayer, *System.String: 32*, <null>, Announce)
  	Notify(SharpMUSH.Library.Models.SharpPlayer: SharpMUSH.Library.Models.SharpPlayer, *System.String: [1;31mred[0m*, <null>, Announce)
  	Notify(SharpMUSH.Library.Models.SharpPlayer: SharpMUSH.Library.Models.SharpPlayer, *System.String: [1;32mgreen[0m*, <null>, Announce)
  	Notify(SharpMUSH.Library.Models.SharpPlayer: SharpMUSH.Library.Models.SharpPlayer, *System.String: 36*, <null>, Announce)
  	Notify(SharpMUSH.Library.Models.SharpPlayer: SharpMUSH.Library.Models.SharpPlayer, *System.String: 57*, <null>, Announce)
  	Notify(SharpMUSH.Library.Models.SharpPlayer: SharpMUSH.Library.Models.SharpPlayer, *System.String: Command3 Arg*, <null>, Announce)
  	Notify(SharpMUSH.Library.Models.SharpPlayer: SharpMUSH.Library.Models.SharpPlayer, *System.String: Command4 Arg.*, <null>, Announce)
  	Notify(SharpMUSH.Library.Models.SharpPlayer: SharpMUSH.Library.Models.SharpPlayer, *System.String: 34*, <null>, Announce)
  	Notify(SharpMUSH.Library.Models.SharpPlayer: SharpMUSH.Library.Models.SharpPlayer, *System.String: 55*, <null>, Announce)
  	Notify(SharpMUSH.Library.Models.SharpPlayer: SharpMUSH.Library.Models.SharpPlayer, *System.String: [add(1,2)]3*, <null>, Announce)
  	Notify(SharpMUSH.Library.Models.SharpPlayer: SharpMUSH.Library.Models.SharpPlayer, *System.String: 31*, <null>, Announce)
  	Notify(SharpMUSH.Library.Models.SharpPlayer: SharpMUSH.Library.Models.SharpPlayer, *System.String: Command1 Arg;think Command2 Arg*, <null>, Announce)
  	Notify(SharpMUSH.Library.Models.SharpPlayer: SharpMUSH.Library.Models.SharpPlayer, *System.String: Configuration Categories:*, <null>, Announce)
  	Notify(SharpMUSH.Library.Models.SharpPlayer: SharpMUSH.Library.Models.SharpPlayer, *System.String:   Attribute*, <null>, Announce)
  	Notify(SharpMUSH.Library.Models.SharpPlayer: SharpMUSH.Library.Models.SharpPlayer, *System.String:   Chat*, <null>, Announce)
  	Notify(SharpMUSH.Library.Models.SharpPlayer: SharpMUSH.Library.Models.SharpPlayer, *System.String:   Command*, <null>, Announce)
  	Notify(SharpMUSH.Library.Models.SharpPlayer: SharpMUSH.Library.Models.SharpPlayer, *System.String:   Compatibility*, <null>, Announce)
  	Notify(SharpMUSH.Library.Models.SharpPlayer: SharpMUSH.Library.Models.SharpPlayer, *System.String:   Cosmetic*, <null>, Announce)
  	Notify(SharpMUSH.Library.Models.SharpPlayer: SharpMUSH.Library.Models.SharpPlayer, *System.String:   Cost*, <null>, Announce)
  	Notify(SharpMUSH.Library.Models.SharpPlayer: SharpMUSH.Library.Models.SharpPlayer, *System.String:   Database*, <null>, Announce)
  	Notify(SharpMUSH.Library.Models.SharpPlayer: SharpMUSH.Library.Models.SharpPlayer, *System.String:   Dump*, <null>, Announce)
  	Notify(SharpMUSH.Library.Models.SharpPlayer: SharpMUSH.Library.Models.SharpPlayer, *System.String:   File*, <null>, Announce)
  	Notify(SharpMUSH.Library.Models.SharpPlayer: SharpMUSH.Library.Models.SharpPlayer, *System.String:   Flag*, <null>, Announce)
  	Notify(SharpMUSH.Library.Models.SharpPlayer: SharpMUSH.Library.Models.SharpPlayer, *System.String:   Function*, <null>, Announce)
  	Notify(SharpMUSH.Library.Models.SharpPlayer: SharpMUSH.Library.Models.SharpPlayer, *System.String:   Limit*, <null>, Announce)
  	Notify(SharpMUSH.Library.Models.SharpPlayer: SharpMUSH.Library.Models.SharpPlayer, *System.String:   Log*, <null>, Announce)
  	Notify(SharpMUSH.Library.Models.SharpPlayer: SharpMUSH.Library.Models.SharpPlayer, *System.String:   Message*, <null>, Announce)
  	Notify(SharpMUSH.Library.Models.SharpPlayer: SharpMUSH.Library.Models.SharpPlayer, *System.String:   Net*, <null>, Announce)
  	Notify(SharpMUSH.Library.Models.SharpPlayer: SharpMUSH.Library.Models.SharpPlayer, *System.String:   Debug*, <null>, Announce)
  	Notify(SharpMUSH.Library.Models.SharpPlayer: SharpMUSH.Library.Models.SharpPlayer, *System.String:   Alias*, <null>, Announce)
  	Notify(SharpMUSH.Library.Models.SharpPlayer: SharpMUSH.Library.Models.SharpPlayer, *System.String:   Restriction*, <null>, Announce)
  	Notify(SharpMUSH.Library.Models.SharpPlayer: SharpMUSH.Library.Models.SharpPlayer, *System.String:   BannedNames*, <null>, Announce)
  	Notify(SharpMUSH.Library.Models.SharpPlayer: SharpMUSH.Library.Models.SharpPlayer, *System.String:   SitelockRules*, <null>, Announce)
  	Notify(SharpMUSH.Library.Models.SharpPlayer: SharpMUSH.Library.Models.SharpPlayer, *System.String:   Warning*, <null>, Announce)
  	Notify(SharpMUSH.Library.Models.SharpPlayer: SharpMUSH.Library.Models.SharpPlayer, *System.String:   TextFile*, <null>, Announce)
  	Notify(SharpMUSH.Library.Models.SharpPlayer: SharpMUSH.Library.Models.SharpPlayer, *System.String: Use '@config <category>' to see options in a category.*, <null>, Announce)
  	Notify(SharpMUSH.Library.Models.SharpPlayer: SharpMUSH.Library.Models.SharpPlayer, *System.String: Use '@config <option>' to see the value of an option.*, <null>, Announce)
  	Notify(SharpMUSH.Library.Models.SharpPlayer: SharpMUSH.Library.Models.SharpPlayer, *System.String: Options in Net:*, <null>, Announce)
  	Notify(SharpMUSH.Library.Models.SharpPlayer: SharpMUSH.Library.Models.SharpPlayer, *System.String:   guests: True*, <null>, Announce)
  	Notify(SharpMUSH.Library.Models.SharpPlayer: SharpMUSH.Library.Models.SharpPlayer, *System.String:   ip_addr: null*, <null>, Announce)
  	Notify(SharpMUSH.Library.Models.SharpPlayer: SharpMUSH.Library.Models.SharpPlayer, *System.String:   json_unsafe_unescape: False*, <null>, Announce)
  	Notify(SharpMUSH.Library.Models.SharpPlayer: SharpMUSH.Library.Models.SharpPlayer, *System.String:   logins: True*, <null>, Announce)
  	Notify(SharpMUSH.Library.Models.SharpPlayer: SharpMUSH.Library.Models.SharpPlayer, *System.String:   mud_name: PennMUSH Emulation by SharpMUSH*, <null>, Announce)
  	Notify(SharpMUSH.Library.Models.SharpPlayer: SharpMUSH.Library.Models.SharpPlayer, *System.String:   mud_url: null*, <null>, Announce)
  	Notify(SharpMUSH.Library.Models.SharpPlayer: SharpMUSH.Library.Models.SharpPlayer, *System.String:   player_creation: True*, <null>, Announce)
  	Notify(SharpMUSH.Library.Models.SharpPlayer: SharpMUSH.Library.Models.SharpPlayer, *System.String:   port: 4203*, <null>, Announce)
  	Notify(SharpMUSH.Library.Models.SharpPlayer: SharpMUSH.Library.Models.SharpPlayer, *System.String:   portal_port: 5117*, <null>, Announce)
  	Notify(SharpMUSH.Library.Models.SharpPlayer: SharpMUSH.Library.Models.SharpPlayer, *System.String:   pueblo: False*, <null>, Announce)
  	Notify(SharpMUSH.Library.Models.SharpPlayer: SharpMUSH.Library.Models.SharpPlayer, *System.String:   socket_file: data/netmush.sock*, <null>, Announce)
  	Notify(SharpMUSH.Library.Models.SharpPlayer: SharpMUSH.Library.Models.SharpPlayer, *System.String:   sql_database: mush*, <null>, Announce)
  	Notify(SharpMUSH.Library.Models.SharpPlayer: SharpMUSH.Library.Models.SharpPlayer, *System.String:   sql_host: 127.0.0.1*, <null>, Announce)
  	Notify(SharpMUSH.Library.Models.SharpPlayer: SharpMUSH.Library.Models.SharpPlayer, *System.String:   sql_password: mush*, <null>, Announce)
  	Notify(SharpMUSH.Library.Models.SharpPlayer: SharpMUSH.Library.Models.SharpPlayer, *System.String:   sql_platform: disabled*, <null>, Announce)
  	Notify(SharpMUSH.Library.Models.SharpPlayer: SharpMUSH.Library.Models.SharpPlayer, *System.String:   sql_username: mush*, <null>, Announce)
  	Notify(SharpMUSH.Library.Models.SharpPlayer: SharpMUSH.Library.Models.SharpPlayer, *System.String:   ssl_ip_addr: null*, <null>, Announce)
  	Notify(SharpMUSH.Library.Models.SharpPlayer: SharpMUSH.Library.Models.SharpPlayer, *System.String:   ssl_port: 0*, <null>, Announce)
  	Notify(SharpMUSH.Library.Models.SharpPlayer: SharpMUSH.Library.Models.SharpPlayer, *System.String:   ssl_portal_port: 7296*, <null>, Announce)
  	Notify(SharpMUSH.Library.Models.SharpPlayer: SharpMUSH.Library.Models.SharpPlayer, *System.String:   ssl_require_clientcert: False*, <null>, Announce)
  	Notify(SharpMUSH.Library.Models.SharpPlayer: SharpMUSH.Library.Models.SharpPlayer, *System.String:   use_dns: True*, <null>, Announce)
  	Notify(SharpMUSH.Library.Models.SharpPlayer: SharpMUSH.Library.Models.SharpPlayer, *System.String:   use_ws: True*, <null>, Announce)
  	Notify(SharpMUSH.Library.Models.SharpPlayer: SharpMUSH.Library.Models.SharpPlayer, *System.String:   ws_url: /wsclient*, <null>, Announce)
  	Notify(SharpMUSH.Library.Models.SharpPlayer: SharpMUSH.Library.Models.SharpPlayer, *System.String: Attribute DOING SET.*, SharpMUSH.Library.Models.SharpPlayer: SharpMUSH.Library.Models.SharpPlayer, Announce)
  	Notify(SharpMUSH.Library.Models.SharpPlayer: SharpMUSH.Library.Models.SharpPlayer, *System.String: No configuration category or option named 'test_string_CONFIG_invalid_option'.*, <null>, Announce)
  	Notify(SharpMUSH.Library.Models.SharpPlayer: SharpMUSH.Library.Models.SharpPlayer, *System.String: Attribute MONIKER SET.*, SharpMUSH.Library.Models.SharpPlayer: SharpMUSH.Library.Models.SharpPlayer, Announce)
  	Notify(SharpMUSH.Library.Models.SharpPlayer: SharpMUSH.Library.Models.SharpPlayer, *System.String: Moniker set.*, <null>, Announce)
  	Notify(SharpMUSH.Library.Models.SharpPlayer: SharpMUSH.Library.Models.SharpPlayer, *System.String: Usage: @motd[/<type>] <message>*, <null>, Announce)
  	Notify(SharpMUSH.Library.Models.SharpPlayer: SharpMUSH.Library.Models.SharpPlayer, *System.String: Current Message of the Day settings:*, <null>, Announce)
  	Notify(SharpMUSH.Library.Models.SharpPlayer: SharpMUSH.Library.Models.SharpPlayer, *System.String:   Connect MOTD File: txt/motd.txt*, <null>, Announce)
  	Notify(SharpMUSH.Library.Models.SharpPlayer: SharpMUSH.Library.Models.SharpPlayer, *System.String:   Connect MOTD HTML: txt/motd.html*, <null>, Announce)
  	Notify(SharpMUSH.Library.Models.SharpPlayer: SharpMUSH.Library.Models.SharpPlayer, *System.String:   Wizard MOTD File: txt/wizmotd.txt*, <null>, Announce)
  	Notify(SharpMUSH.Library.Models.SharpPlayer: SharpMUSH.Library.Models.SharpPlayer, *System.String:   Wizard MOTD HTML: txt/wizmotd.html*, <null>, Announce)
  	Notify(SharpMUSH.Library.Models.SharpPlayer: SharpMUSH.Library.Models.SharpPlayer, *System.String: *, <null>, Announce)
  	Notify(SharpMUSH.Library.Models.SharpPlayer: SharpMUSH.Library.Models.SharpPlayer, *System.String: Temporary Message of the Day (cleared on restart):*, <null>, Announce)
  	Notify(SharpMUSH.Library.Models.SharpPlayer: SharpMUSH.Library.Models.SharpPlayer, *System.String:   Connect MOTD: (not set)*, <null>, Announce)
  	Notify(SharpMUSH.Library.Models.SharpPlayer: SharpMUSH.Library.Models.SharpPlayer, *System.String:   Wizard MOTD:  (not set)*, <null>, Announce)
  	Notify(SharpMUSH.Library.Models.SharpPlayer: SharpMUSH.Library.Models.SharpPlayer, *System.String:   Down MOTD:    (not set)*, <null>, Announce)
  	Notify(SharpMUSH.Library.Models.SharpPlayer: SharpMUSH.Library.Models.SharpPlayer, *System.String:   Full MOTD:    (not set)*, <null>, Announce)
  	Notify(SharpMUSH.Library.Models.SharpPlayer: SharpMUSH.Library.Models.SharpPlayer, *System.String: Usage: @wizmotd <message>*, <null>, Announce)
  	Notify(SharpMUSH.Library.Models.SharpPlayer: SharpMUSH.Library.Models.SharpPlayer, *System.String: Usage: @rejectmotd <message>*, <null>, Announce)
  	Notify(SharpMUSH.Library.Models.SharpPlayer: SharpMUSH.Library.Models.SharpPlayer, *System.String: mud_name: PennMUSH Emulation by SharpMUSH*, <null>, Announce)
  	Notify(SharpMUSH.Library.Models.SharpPlayer: SharpMUSH.Library.Models.SharpPlayer, *System.String:   Description: Name of your MUSH as displayed to players*, <null>, Announce)
  	Notify(SharpMUSH.Library.Models.SharpPlayer: SharpMUSH.Library.Models.SharpPlayer, *System.String:   Category: Net*, <null>, Announce)
  	Notify(SharpMUSH.Library.Models.SharpPlayer: SharpMUSH.Library.Models.SharpPlayer, *System.String: Player Name            On For   Idle  Doing                           
  God                        3s     0s  Test activity                   
  1 players logged in.*, <null>, Announce)
  	Notify(SharpMUSH.Library.Models.SharpPlayer: SharpMUSH.Library.Models.SharpPlayer, *System.String: @enable is equivalent to @config/set noisy_whisper=yes*, <null>, Announce)
  	Notify(SharpMUSH.Library.Models.SharpPlayer: SharpMUSH.Library.Models.SharpPlayer, *System.String: Runtime configuration modification is not yet implemented. Changes require server restart.*, <null>, Announce)
  	Notify(SharpMUSH.Library.Models.SharpPlayer: SharpMUSH.Library.Models.SharpPlayer, *System.String: Current value: noisy_whisper=False*, <null>, Announce)
  	Notify(SharpMUSH.Library.Models.SharpPlayer: SharpMUSH.Library.Models.SharpPlayer, *System.String: Option 'probate_judge' is not a boolean option. Use @config/set instead.*, <null>, Announce)
  	Notify(SharpMUSH.Library.Models.SharpPlayer: SharpMUSH.Library.Models.SharpPlayer, *System.String: Usage: @enable <option>*, <null>, Announce)
  	Notify(SharpMUSH.Library.Models.SharpPlayer: SharpMUSH.Library.Models.SharpPlayer, *System.String: Usage: @disable <option>*, <null>, Announce)
  	Notify(SharpMUSH.Library.Models.SharpPlayer: SharpMUSH.Library.Models.SharpPlayer, *System.String: Player Name            On For   Idle  Doing                           
  
  0 players logged in.*, <null>, Announce)
  	Notify(SharpMUSH.Library.Models.SharpPlayer: SharpMUSH.Library.Models.SharpPlayer, *System.String: No configuration option named 'test_string_DISABLE_invalid_option_xyz'.*, <null>, Announce)
  	Notify(SharpMUSH.Library.Models.SharpPlayer: SharpMUSH.Library.Models.SharpPlayer, *System.String: No configuration option named 'test_string_ENABLE_invalid_option_xyz'.*, <null>, Announce)
  	Notify(SharpMUSH.Library.Models.SharpPlayer: SharpMUSH.Library.Models.SharpPlayer, *System.String: @disable is equivalent to @config/set noisy_whisper=no*, <null>, Announce)
  	Notify(SharpMUSH.Library.Models.SharpPlayer: SharpMUSH.Library.Models.SharpPlayer, *System.String: Runtime configuration modification is not yet implemented. Changes require server restart.*, <null>, Announce)
  	Notify(SharpMUSH.Library.Models.SharpPlayer: SharpMUSH.Library.Models.SharpPlayer, *System.String: Current value: noisy_whisper=False*, <null>, Announce)
  	Notify(SharpMUSH.Library.Models.SharpPlayer: SharpMUSH.Library.Models.SharpPlayer, *System.String: Option 'mud_name' is not a boolean option. Use @config/set instead.*, <null>, Announce)
  	Notify(SharpMUSH.Library.Models.SharpPlayer: SharpMUSH.Library.Models.SharpPlayer, *System.String: Power 'TEST_POWER_E9AB9A3B' created with alias 'TPOW'.*, <null>, Announce)
  	Notify(SharpMUSH.Library.Models.SharpPlayer: SharpMUSH.Library.Models.SharpPlayer, *System.String: Object Powers:
  Name                 Alias              Type Restrictions
  -------------------- ------------------ -------------------
  Announce                                ROOM,PLAYER,EXIT,THING
  Boot                                    ROOM,PLAYER,EXIT,THING
  Builder                                 ROOM,PLAYER,EXIT,THING
  Can_Dark                                PLAYER
  Can_HTTP                                ROOM,PLAYER,EXIT,THING
  Can_Spoof                               ROOM,PLAYER,EXIT,THING
  Chat_Privs                              ROOM,PLAYER,EXIT,THING
  Debit                                   ROOM,PLAYER,EXIT,THING
  Functions                               ROOM,PLAYER,EXIT,THING
  Guest                                   ROOM,PLAYER,EXIT,THING
  Halt                                    ROOM,PLAYER,EXIT,THING
  Hide                                    ROOM,PLAYER,EXIT,THING
  Hook                                    ROOM,PLAYER,EXIT,THING
  Idle                                    ROOM,PLAYER,EXIT,THING
  Immortal                                ROOM,PLAYER,EXIT,THING
  Link_Anywhere                           ROOM,PLAYER,EXIT,THING
  Login                                   ROOM,PLAYER,EXIT,THING
  Long_Fingers                            ROOM,PLAYER,EXIT,THING
  Many_Attribs                            ROOM,PLAYER,EXIT,THING
  No_Pay                                  ROOM,PLAYER,EXIT,THING
  No_Quota                                ROOM,PLAYER,EXIT,THING
  Open_Anywhere                           ROOM,PLAYER,EXIT,THING
  Pemit_All                               ROOM,PLAYER,EXIT,THING
  Pick_DBRefs                             ROOM,PLAYER,EXIT,THING
  Player_Create                           ROOM,PLAYER,EXIT,THING
  Poll                                    ROOM,PLAYER,EXIT,THING
  Pueblo_Send                             ROOM,PLAYER,EXIT,THING
  Queue                                   ROOM,PLAYER,EXIT,THING
  Search                                  ROOM,PLAYER,EXIT,THING
  See_All                                 ROOM,PLAYER,EXIT,THING
  See_Queue                               ROOM,PLAYER,EXIT,THING
  See_OOB                                 ROOM,PLAYER,EXIT,THING
  SQL_OK                                  ROOM,PLAYER,EXIT,THING
  Tport_Anything                          ROOM,PLAYER,EXIT,THING
  Tport_Anywhere                          ROOM,PLAYER,EXIT,THING
  Unkillable                              ROOM,PLAYER,EXIT,THING*, <null>, Announce)
  	Notify(SharpMUSH.Library.Models.SharpPlayer: SharpMUSH.Library.Models.SharpPlayer, *System.String: Object Flags:
  Name                 Symbol Type Restrictions
  -------------------- ------ -------------------
  WIZARD               W      ROOM,PLAYER,EXIT,THING
  ABODE                A      ROOM
  ANSI                 A      PLAYER
  CHOWN_OK             C      ROOM,PLAYER,THING
  COLOR                C      PLAYER
  DARK                 D      ROOM,PLAYER,EXIT,THING
  FIXED                F      PLAYER
  FLOATING             F      ROOM
  HAVEN                H      PLAYER
  TRUST                I      ROOM,PLAYER,EXIT,THING
  JUDGE                J      PLAYER
  JUMP_OK              J      ROOM
  LINK_OK              L      ROOM,PLAYER,EXIT,THING
  MONITOR              M      ROOM,PLAYER,THING
  NO_LEAVE             N      THING
  NO_TEL               N      ROOM
  OPAQUE               O      ROOM,PLAYER,EXIT,THING
  QUIET                Q      ROOM,PLAYER,EXIT,THING
  UNFINDABLE           U      ROOM,PLAYER,EXIT,THING
  VISUAL               V      ROOM,PLAYER,EXIT,THING
  SAFE                 X      ROOM,PLAYER,EXIT,THING
  SHARED               Z      PLAYER
  Z_TEL                Z      ROOM,THING
  LISTEN_PARENT        ^      PLAYER,THING,ROOM
  NOACCENTS            ~      PLAYER,THING,ROOM
  UNREGISTERED         ?      PLAYER
  NOSPOOF              "      ROOM,PLAYER,EXIT,THING
  AUDIBLE              a      ROOM,PLAYER,EXIT,THING
  DEBUG                b      ROOM,PLAYER,EXIT,THING
  DESTROY_OK           d      THING
  ENTER_OK             e      ROOM,PLAYER,EXIT,THING
  GAGGED               g      PLAYER
  HALT                 h      ROOM,PLAYER,EXIT,THING
  ORPHAN               i      ROOM,PLAYER,EXIT,THING
  JURY_OK              j      PLAYER
  KEEPALIVE            k      PLAYER
  LIGHT                l      ROOM,PLAYER,EXIT,THING
  MISTRUST             m      PLAYER,EXIT,THING
  MISTRUST             m      PLAYER,EXIT,THING
  NO_COMMAND           n      ROOM,PLAYER,EXIT,THING
  ON_VACATION          o      PLAYER
  PUPPET               P      THING
  ROYALTY              r      ROOM,PLAYER,EXIT,THING
  SUSPECT              s      ROOM,PLAYER,EXIT,THING
  TRANSPARENT          t      ROOM,PLAYER,EXIT,THING
  VERBOSE              v      ROOM,PLAYER,EXIT,THING
  NO_WARN              w      ROOM,PLAYER,EXIT,THING
  CLOUDY               x      EXIT
  CHAN_USEFIRSTMATCH          ROOM,PLAYER,EXIT,THING
  HEAR_CONNECT                PLAYER
  HEAVY                       ROOM,PLAYER,EXIT,THING
  LOUD                        PLAYER
  NO_LOG                      PLAYER
  PARANOID                    PLAYER
  TRACK_MONEY                 PLAYER
  XTERM256                    PLAYER
  MONIKER                     ROOM,PLAYER,EXIT,THING
  OPEN_OK                     ROOM
  GOING                g      ROOM,PLAYER,EXIT,THING
  GOING_TWICE                 ROOM,PLAYER,EXIT,THING*, <null>, Announce)
  	Notify(SharpMUSH.Library.Models.SharpPlayer: SharpMUSH.Library.Models.SharpPlayer, *System.String: Flag 'TEST_FLAG_36F4C586' created with symbol 'T'.*, <null>, Announce)
  	Notify(SharpMUSH.Library.Models.SharpPlayer: SharpMUSH.Library.Models.SharpPlayer, *System.String: Flag 'TEST_FLAG_EF8D1235' created with symbol 'T'.*, <null>, Announce)
  	Notify(SharpMUSH.Library.Models.SharpPlayer: SharpMUSH.Library.Models.SharpPlayer, *System.String: Flag 'TEST_FLAG_7EE4E12F' created with symbol 'T'.*, <null>, Announce)
  	Notify(SharpMUSH.Library.Models.SharpPlayer: SharpMUSH.Library.Models.SharpPlayer, *System.String: Flag 'TEST_FLAG_7EE4E12F' already exists.*, <null>, Announce)
  	Notify(SharpMUSH.Library.Models.SharpPlayer: SharpMUSH.Library.Models.SharpPlayer, *System.String: Flag 'TEST_FLAG_310C1EAA' deleted.*, <null>, Announce)
  	Notify(SharpMUSH.Library.Models.SharpPlayer: SharpMUSH.Library.Models.SharpPlayer, *System.String: Cannot delete system flag 'WIZARD'.*, <null>, Announce)
  	Notify(SharpMUSH.Library.Models.SharpPlayer: SharpMUSH.Library.Models.SharpPlayer, *System.String: Flag 'NONEXISTENT_FLAG_XYZ123' not found.*, <null>, Announce)
  	Notify(SharpMUSH.Library.Models.SharpPlayer: SharpMUSH.Library.Models.SharpPlayer, *System.String: Power 'TEST_POWER_ENABLE_556A3B81' created with alias 'TPOW'.*, <null>, Announce)
  	Notify(SharpMUSH.Library.Models.SharpPlayer: SharpMUSH.Library.Models.SharpPlayer, *System.String: Power 'TEST_POWER_ENABLE_556A3B81' disabled.*, <null>, Announce)
  	Notify(SharpMUSH.Library.Models.SharpPlayer: SharpMUSH.Library.Models.SharpPlayer, *System.String: Power 'TEST_POWER_ENABLE_556A3B81' enabled.*, <null>, Announce)
  	Notify(SharpMUSH.Library.Models.SharpPlayer: SharpMUSH.Library.Models.SharpPlayer, *System.String: Power 'TEST_POWER_DISABLE_FA5E4FB5' created with alias 'TPOW'.*, <null>, Announce)
  	Notify(SharpMUSH.Library.Models.SharpPlayer: SharpMUSH.Library.Models.SharpPlayer, *System.String: Power 'TEST_POWER_DISABLE_FA5E4FB5' disabled.*, <null>, Announce)
  	Notify(SharpMUSH.Library.Models.SharpPlayer: SharpMUSH.Library.Models.SharpPlayer, *System.String: Cannot disable system power 'Builder'.*, <null>, Announce)
  	Notify(SharpMUSH.Library.Models.SharpPlayer: SharpMUSH.Library.Models.SharpPlayer, *System.String: Flag 'TEST_FLAG_ENABLE_F9F4489C' created with symbol 'T'.*, <null>, Announce)
  	Notify(SharpMUSH.Library.Models.SharpPlayer: SharpMUSH.Library.Models.SharpPlayer, *System.String: Flag 'TEST_FLAG_ENABLE_F9F4489C' disabled.*, <null>, Announce)
  	Notify(SharpMUSH.Library.Models.SharpPlayer: SharpMUSH.Library.Models.SharpPlayer, *System.String: Flag 'TEST_FLAG_ENABLE_F9F4489C' enabled.*, <null>, Announce)
  	Notify(SharpMUSH.Library.Models.SharpPlayer: SharpMUSH.Library.Models.SharpPlayer, *System.String: Flag 'TEST_FLAG_DISABLE_842F3BDD' created with symbol 'T'.*, <null>, Announce)
  	Notify(SharpMUSH.Library.Models.SharpPlayer: SharpMUSH.Library.Models.SharpPlayer, *System.String: Flag 'TEST_FLAG_DISABLE_842F3BDD' disabled.*, <null>, Announce)
  	Notify(SharpMUSH.Library.Models.SharpPlayer: SharpMUSH.Library.Models.SharpPlayer, *System.String: @POWER/ADD requires power name and alias.*, <null>, Announce)
  	Notify(SharpMUSH.Library.Models.SharpPlayer: SharpMUSH.Library.Models.SharpPlayer, *System.String: @FLAG/ADD requires flag name and symbol.*, <null>, Announce)
  	Notify(SharpMUSH.Library.Models.SharpPlayer: SharpMUSH.Library.Models.SharpPlayer, *System.String: Power 'NONEXISTENT_POWER_XYZ123' not found.*, <null>, Announce)
  	Notify(SharpMUSH.Library.Models.SharpPlayer: SharpMUSH.Library.Models.SharpPlayer, *System.String: Cannot delete system power 'BUILDER'.*, <null>, Announce)
  	Notify(SharpMUSH.Library.Models.SharpPlayer: SharpMUSH.Library.Models.SharpPlayer, *System.String: Power 'TEST_POWER_9E7AFEEF' deleted.*, <null>, Announce)
  	Notify(SharpMUSH.Library.Models.SharpPlayer: SharpMUSH.Library.Models.SharpPlayer, *System.String: Power 'TEST_POWER_F0978529' created with alias 'TPOW'.*, <null>, Announce)
  	Notify(SharpMUSH.Library.Models.SharpPlayer: SharpMUSH.Library.Models.SharpPlayer, *System.String: Cannot disable system flag 'WIZARD'.*, <null>, Announce)
  	Notify(SharpMUSH.Library.Models.SharpPlayer: SharpMUSH.Library.Models.SharpPlayer, *System.String: You aren't following anyone.*, <null>, Announce)
  	Notify(SharpMUSH.Library.Models.SharpPlayer: SharpMUSH.Library.Models.SharpPlayer, *System.String: Created EmptyTestBox (#5:1774909470451).*, <null>, Announce)
  	Notify(SharpMUSH.Library.Models.SharpPlayer: SharpMUSH.Library.Models.SharpPlayer, *System.String: Created EmptyTestThing (#6:1774909470473).*, <null>, Announce)
  	Notify(SharpMUSH.Library.Models.SharpPlayer: SharpMUSH.Library.Models.SharpPlayer, *System.String: Flag: ENTER_OK Set.*, <null>, Announce)
  	Notify(SharpMUSH.Library.Models.SharpPlayer: SharpMUSH.Library.Models.SharpPlayer, *System.String: You don't have that.*, <null>, Announce)
  	Notify(SharpMUSH.Library.Models.SharpPlayer: SharpMUSH.Library.Models.SharpPlayer, *System.String: You aren't carrying that.*, <null>, Announce)
  	Notify(SharpMUSH.Library.Models.SharpPlayer: SharpMUSH.Library.Models.SharpPlayer, *System.String: EmptyTestBox is already empty.*, <null>, Announce)
  	Notify(SharpMUSH.Library.Models.SharpPlayer: SharpMUSH.Library.Models.SharpPlayer, *System.String: Created EmptyTestContainer (#7:1774909470613).*, <null>, Announce)
  	Notify(SharpMUSH.Library.Models.SharpPlayer: SharpMUSH.Library.Models.SharpPlayer, *System.String: Created EmptyTestItem1 (#8:1774909470637).*, <null>, Announce)
  	Notify(SharpMUSH.Library.Models.SharpPlayer: SharpMUSH.Library.Models.SharpPlayer, *System.String: Created EmptyTestItem2 (#9:1774909470654).*, <null>, Announce)
  	Notify(SharpMUSH.Library.Models.SharpPlayer: SharpMUSH.Library.Models.SharpPlayer, *System.String: Flag: ENTER_OK Set.*, <null>, Announce)
  	Notify(SharpMUSH.Library.Models.SharpPlayer: SharpMUSH.Library.Models.SharpPlayer, *System.String: Taken.*, <null>, Announce)
  	Notify(SharpMUSH.Library.Models.SharpPlayer: SharpMUSH.Library.Models.SharpPlayer, *System.String: You don't have that.*, <null>, Announce)
  	Notify(SharpMUSH.Library.Models.SharpPlayer: SharpMUSH.Library.Models.SharpPlayer, *System.String: You don't have that.*, <null>, Announce)
  	Notify(SharpMUSH.Library.Models.SharpPlayer: SharpMUSH.Library.Models.SharpPlayer, *System.String: EmptyTestContainer is already empty.*, <null>, Announce)
  	Notify(SharpMUSH.Library.Models.SharpPlayer: SharpMUSH.Library.Models.SharpPlayer, *System.String: God is not following you.*, <null>, Announce)
  	Notify(SharpMUSH.Library.Models.SharpPlayer: SharpMUSH.Library.Models.SharpPlayer, *System.String: You stop following and dismiss all followers.*, <null>, Announce)
  	Notify(SharpMUSH.Library.Models.SharpPlayer: SharpMUSH.Library.Models.SharpPlayer, *System.String: You can't follow yourself.*, <null>, Announce)
  	Notify(SharpMUSH.Library.Models.SharpThing: SharpMUSH.Library.Models.SharpThing, *MarkupString.MarkupStringModule+MarkupString: God types --> #1=skill*, SharpMUSH.Library.Models.SharpPlayer: SharpMUSH.Library.Models.SharpPlayer, Emit)
  	Notify(SharpMUSH.Library.Models.SharpThing: SharpMUSH.Library.Models.SharpThing, *MarkupString.MarkupStringModule+MarkupString: God types --> #1=skill*, SharpMUSH.Library.Models.SharpPlayer: SharpMUSH.Library.Models.SharpPlayer, Emit)
  	Notify(SharpMUSH.Library.Models.SharpThing: SharpMUSH.Library.Models.SharpThing, *MarkupString.MarkupStringModule+MarkupString: God types --> #1=skill*, SharpMUSH.Library.Models.SharpPlayer: SharpMUSH.Library.Models.SharpPlayer, Emit)
  	Notify(SharpMUSH.Library.Models.SharpThing: SharpMUSH.Library.Models.SharpThing, *MarkupString.MarkupStringModule+MarkupString: God types --> #1=skill*, SharpMUSH.Library.Models.SharpPlayer: SharpMUSH.Library.Models.SharpPlayer, Emit)
  	Notify(SharpMUSH.Library.Models.SharpPlayer: SharpMUSH.Library.Models.SharpPlayer, *MarkupString.MarkupStringModule+MarkupString: God types --> #1=skill*, SharpMUSH.Library.Models.SharpPlayer: SharpMUSH.Library.Models.SharpPlayer, Emit)
  	Notify(SharpMUSH.Library.Models.SharpPlayer: SharpMUSH.Library.Models.SharpPlayer, *MarkupString.MarkupStringModule+MarkupString: God types --> #1=skill*, SharpMUSH.Library.Models.SharpPlayer: SharpMUSH.Library.Models.SharpPlayer, Emit)
  	Notify(SharpMUSH.Library.Models.SharpPlayer: SharpMUSH.Library.Models.SharpPlayer, *MarkupString.MarkupStringModule+MarkupString: God types --> #1=skill*, SharpMUSH.Library.Models.SharpPlayer: SharpMUSH.Library.Models.SharpPlayer, Emit)
  	Notify(SharpMUSH.Library.Models.SharpPlayer: SharpMUSH.Library.Models.SharpPlayer, *System.String: Huh?  (Type "help" for help.)*, <null>, Announce)
  	Notify(SharpMUSH.Library.Models.SharpPlayer: SharpMUSH.Library.Models.SharpPlayer, *System.String: The SCORE command is not supported.*, <null>, Announce)
  	Notify(SharpMUSH.Library.Models.SharpPlayer: SharpMUSH.Library.Models.SharpPlayer, *System.String: SharpMUSH does not track money or pennies.*, <null>, Announce)
  	Notify(SharpMUSH.Library.Models.SharpPlayer: SharpMUSH.Library.Models.SharpPlayer, *System.String: You try to buy 'sword'.*, <null>, Announce)
  	Notify(SharpMUSH.Library.Models.SharpPlayer: SharpMUSH.Library.Models.SharpPlayer, *System.String: The BUY command requires a full economy system implementation.*, <null>, Announce)
  	Notify(SharpMUSH.Library.Models.SharpPlayer: SharpMUSH.Library.Models.SharpPlayer, *System.String: Features needed: PRICELIST attribute parsing, @lock/pay checking, penny transfers.*, <null>, Announce)
  	Notify(SharpMUSH.Library.Models.SharpPlayer: SharpMUSH.Library.Models.SharpPlayer, *System.String: Do what with them?*, <null>, Announce)
  	Notify(SharpMUSH.Library.Models.SharpPlayer: SharpMUSH.Library.Models.SharpPlayer, *System.String: Hook 'EXTEND' set for command 'HOOKTEST_IGSWITCH_90E2B306DC0F404AA8D48110EACBAA61'.*, <null>, Announce)
  	Notify(SharpMUSH.Library.Models.SharpPlayer: SharpMUSH.Library.Models.SharpPlayer, *System.String: Hook 'EXTEND' set for command 'HOOKTEST_EXTEND_7B9527B5C4AD4E5692A3D7B202DF6F69'.*, <null>, Announce)
  	Notify(SharpMUSH.Library.Models.SharpPlayer: SharpMUSH.Library.Models.SharpPlayer, *System.String: Hook 'BEFORE' set for command 'HOOKTEST_DEFAULT_C0F8209DA868453993646D7A985728D3'.*, <null>, Announce)
  	Notify(SharpMUSH.Library.Models.SharpPlayer: SharpMUSH.Library.Models.SharpPlayer, *System.String: Hook 'BEFORE' set for command 'HOOKTEST_MULTI_27FA7440694545E9AA3D3F7E5D0E8343'.*, <null>, Announce)
  	Notify(SharpMUSH.Library.Models.SharpPlayer: SharpMUSH.Library.Models.SharpPlayer, *System.String: Hook 'AFTER' set for command 'HOOKTEST_MULTI_27FA7440694545E9AA3D3F7E5D0E8343'.*, <null>, Announce)
  	Notify(SharpMUSH.Library.Models.SharpPlayer: SharpMUSH.Library.Models.SharpPlayer, *System.String: Hook 'IGNORE' set for command 'HOOKTEST_MULTI_27FA7440694545E9AA3D3F7E5D0E8343'.*, <null>, Announce)
  	Notify(SharpMUSH.Library.Models.SharpPlayer: SharpMUSH.Library.Models.SharpPlayer, *System.String: Hook 'BEFORE' set for command 'HOOKTEST_INPLACE_BC6ADB80905F4F90A581300ECD852215' (inline).*, <null>, Announce)
  	Notify(SharpMUSH.Library.Models.SharpPlayer: SharpMUSH.Library.Models.SharpPlayer, *System.String: Hook 'BEFORE' set for command 'HOOKTEST_INLINE_39FC73499FC74CFB9B8AB143B0659574' (inline).*, <null>, Announce)
  	Notify(SharpMUSH.Library.Models.SharpPlayer: SharpMUSH.Library.Models.SharpPlayer, *System.String: No 'BEFORE' hook set for command 'HOOKTEST_CLEAR_0E30049957AE43A1A2222DE5CC7BC33D'.*, <null>, Announce)
  	Notify(SharpMUSH.Library.Models.SharpPlayer: SharpMUSH.Library.Models.SharpPlayer, *System.String: Hook 'BEFORE' set for command 'HOOKTEST_SET_2FB3DD950D24474291D18D6AFD5B85B5'.*, <null>, Announce)
  	Notify(SharpMUSH.Library.Models.SharpPlayer: SharpMUSH.Library.Models.SharpPlayer, *System.String: No hooks set for command 'HOOKTEST_LIST_E8081791F1864103A58E58AA7CDA67DA'.*, <null>, Announce)
  	Notify(SharpMUSH.Library.Models.SharpPlayer: SharpMUSH.Library.Models.SharpPlayer, *System.String: (HTTP): Content-Type set to application/json*, <null>, Announce)
  	Notify(SharpMUSH.Library.Models.SharpPlayer: SharpMUSH.Library.Models.SharpPlayer, *System.String: (HTTP): Status 200 OK*, <null>, Announce)
  	Notify(SharpMUSH.Library.Models.SharpPlayer: SharpMUSH.Library.Models.SharpPlayer, *System.String: (HTTP): Status 404 Not Found*, <null>, Announce)
  	Notify(SharpMUSH.Library.Models.SharpPlayer: SharpMUSH.Library.Models.SharpPlayer, *System.String: Status code required.*, <null>, Announce)
  	Notify(SharpMUSH.Library.Models.SharpPlayer: SharpMUSH.Library.Models.SharpPlayer, *System.String: Status line must be less than 40 characters.*, <null>, Announce)
  	Notify(SharpMUSH.Library.Models.SharpPlayer: SharpMUSH.Library.Models.SharpPlayer, *System.String: Header name cannot be empty.*, <null>, Announce)
  	Notify(SharpMUSH.Library.Models.SharpPlayer: SharpMUSH.Library.Models.SharpPlayer, *System.String: Cannot set Content-Length header.*, <null>, Announce)
  	Notify(SharpMUSH.Library.Models.SharpPlayer: SharpMUSH.Library.Models.SharpPlayer, *System.String: (HTTP): Header X-Custom-Header: *, <null>, Announce)
  	Notify(SharpMUSH.Library.Models.SharpPlayer: SharpMUSH.Library.Models.SharpPlayer, *System.String: (HTTP): Header X-Powered-By: MUSHCode*, <null>, Announce)
  	Notify(SharpMUSH.Library.Models.SharpPlayer: SharpMUSH.Library.Models.SharpPlayer, *System.String: Content-Type cannot be empty.*, <null>, Announce)
  	Notify(SharpMUSH.Library.Models.SharpPlayer: SharpMUSH.Library.Models.SharpPlayer, *System.String: (HTTP): Content-Type set to text/html*, <null>, Announce)
  	Notify(SharpMUSH.Library.Models.SharpPlayer: SharpMUSH.Library.Models.SharpPlayer, *System.String: (HTTP): Status 500*, <null>, Announce)
  	Notify(SharpMUSH.Library.Models.SharpPlayer: SharpMUSH.Library.Models.SharpPlayer, *System.String: Status code must be a 3-digit number.*, <null>, Announce)
  	Notify(SharpMUSH.Library.Models.SharpPlayer: SharpMUSH.Library.Models.SharpPlayer, *System.String: Status code must be a 3-digit number.*, <null>, Announce)
  	Notify(SharpMUSH.Library.Models.SharpPlayer: SharpMUSH.Library.Models.SharpPlayer, *System.String: (HTTP): Header Set-Cookie: name=Bob; Max-Age=3600; Version=1*, <null>, Announce)
  	Notify(SharpMUSH.Library.Models.SharpPlayer: SharpMUSH.Library.Models.SharpPlayer, *System.String: Message logged to Command log.*, <null>, Announce)
  	Notify(SharpMUSH.Library.Models.SharpPlayer: SharpMUSH.Library.Models.SharpPlayer, *System.String: Message logged to Command log.*, <null>, Announce)
  	Notify(SharpMUSH.Library.Models.SharpPlayer: SharpMUSH.Library.Models.SharpPlayer, *System.String: Message logged to Wizard log.*, <null>, Announce)
  	Notify(SharpMUSH.Library.Models.SharpPlayer: SharpMUSH.Library.Models.SharpPlayer, *System.String: Message logged to Error log.*, <null>, Announce)
  	Notify(SharpMUSH.Library.Models.SharpPlayer: SharpMUSH.Library.Models.SharpPlayer, *System.String: Usage: @log[/<switch>] <message> or @log/recall[/<switch>] [<number>]*, <null>, Announce)
  	Notify(SharpMUSH.Library.Models.SharpPlayer: SharpMUSH.Library.Models.SharpPlayer, *System.String: No log entries found for category 'Command'.*, <null>, Announce)
  	Notify(SharpMUSH.Library.Models.SharpPlayer: SharpMUSH.Library.Models.SharpPlayer, *System.String: Locked.*, <null>, Announce)
  	Notify(SharpMUSH.Library.Models.SharpPlayer: SharpMUSH.Library.Models.SharpPlayer, *System.String: No such lock: Basic*, <null>, Announce)
  	Notify(SharpMUSH.Library.Models.SharpPlayer: SharpMUSH.Library.Models.SharpPlayer, *System.String: Log Management Status:*, <null>, Announce)
  	Notify(SharpMUSH.Library.Models.SharpPlayer: SharpMUSH.Library.Models.SharpPlayer, *System.String:   SharpMUSH uses .NET logging infrastructure*, <null>, Announce)
  	Notify(SharpMUSH.Library.Models.SharpPlayer: SharpMUSH.Library.Models.SharpPlayer, *System.String:   Logs are managed by configured logging providers*, <null>, Announce)
  	Notify(SharpMUSH.Library.Models.SharpPlayer: SharpMUSH.Library.Models.SharpPlayer, *System.String:   Available log types: CMD, CONN, ERR, TRACE, WIZ*, <null>, Announce)
  	Notify(SharpMUSH.Library.Models.SharpPlayer: SharpMUSH.Library.Models.SharpPlayer, *System.String:   Available actions: ROTATE, TRIM, WIPE*, <null>, Announce)
  	Notify(SharpMUSH.Library.Models.SharpPlayer: SharpMUSH.Library.Models.SharpPlayer, *System.String:   Note: Direct log file manipulation not yet implemented*, <null>, Announce)
  	Notify(SharpMUSH.Library.Models.SharpPlayer: SharpMUSH.Library.Models.SharpPlayer, *System.String: MAIL: You sent a message to God.*, <null>, Announce)
  	Notify(SharpMUSH.Library.Models.SharpPlayer: SharpMUSH.Library.Models.SharpPlayer, *System.String: MAIL: You have received a message (1) from God.*, <null>, Announce)
  	Notify(SharpMUSH.Library.Models.SharpPlayer: SharpMUSH.Library.Models.SharpPlayer, *System.String: @MALIAS/LIST: Mail alias system not yet implemented.*, <null>, Announce)
  	Notify(SharpMUSH.Library.Models.SharpPlayer: SharpMUSH.Library.Models.SharpPlayer, *System.String: This command would manage mail distribution lists and aliases.*, <null>, Announce)
  	Notify(SharpMUSH.Library.Models.SharpPlayer: SharpMUSH.Library.Models.SharpPlayer, *System.String: Created MsgBasic_1774909472895_2745 (#14:1774909472909).*, <null>, Announce)
  	Notify(SharpMUSH.Library.Models.SharpPlayer: SharpMUSH.Library.Models.SharpPlayer, *System.String: Attribute TESTFORMAT_MSGBASIC_93751 SET.*, SharpMUSH.Library.Models.SharpThing: SharpMUSH.Library.Models.SharpThing, Announce)
  	Notify(SharpMUSH.Library.Models.SharpPlayer: SharpMUSH.Library.Models.SharpPlayer, *System.String: MsgBasic_1774909472895_2745/TESTFORMAT_MSGBASIC_93751 - Set.*, <null>, Announce)
  	Notify(SharpMUSH.Library.Models.SharpThing: SharpMUSH.Library.Models.SharpThing, *MarkupString.MarkupStringModule+MarkupString: MessageBasic_UniqueValue_93751*, SharpMUSH.Library.Models.SharpPlayer: SharpMUSH.Library.Models.SharpPlayer, Announce)
  	Notify(SharpMUSH.Library.Models.SharpPlayer: SharpMUSH.Library.Models.SharpPlayer, *System.String: Created MsgWithAttr_1774909472971_1786 (#15:1774909472984).*, <null>, Announce)
  	Notify(SharpMUSH.Library.Models.SharpPlayer: SharpMUSH.Library.Models.SharpPlayer, *System.String: Attribute TESTFORMAT_MSGATTR_84729 SET.*, SharpMUSH.Library.Models.SharpThing: SharpMUSH.Library.Models.SharpThing, Announce)
  	Notify(SharpMUSH.Library.Models.SharpPlayer: SharpMUSH.Library.Models.SharpPlayer, *System.String: MsgWithAttr_1774909472971_1786/TESTFORMAT_MSGATTR_84729 - Set.*, <null>, Announce)
  	Notify(SharpMUSH.Library.Models.SharpThing: SharpMUSH.Library.Models.SharpThing, *MarkupString.MarkupStringModule+MarkupString: MessageWithAttribute_Result_84729:15*, SharpMUSH.Library.Models.SharpPlayer: SharpMUSH.Library.Models.SharpPlayer, Announce)
  	Notify(SharpMUSH.Library.Models.SharpPlayer: SharpMUSH.Library.Models.SharpPlayer, *System.String: Created MsgMissingAttr_1774909473031_9726 (#16:1774909473045).*, <null>, Announce)
  	Notify(SharpMUSH.Library.Models.SharpThing: SharpMUSH.Library.Models.SharpThing, *MarkupString.MarkupStringModule+MarkupString: DefaultMessage_UniqueValue_72914*, SharpMUSH.Library.Models.SharpPlayer: SharpMUSH.Library.Models.SharpPlayer, Announce)
  	Notify(SharpMUSH.Library.Models.SharpPlayer: SharpMUSH.Library.Models.SharpPlayer, *System.String: Created MsgNospoof_1774909473072_5824 (#17:1774909473100).*, <null>, Announce)
  	Notify(SharpMUSH.Library.Models.SharpPlayer: SharpMUSH.Library.Models.SharpPlayer, *System.String: Attribute TESTFORMAT_MSGNOSPOOF_48203 SET.*, SharpMUSH.Library.Models.SharpThing: SharpMUSH.Library.Models.SharpThing, Announce)
  	Notify(SharpMUSH.Library.Models.SharpPlayer: SharpMUSH.Library.Models.SharpPlayer, *System.String: MsgNospoof_1774909473072_5824/TESTFORMAT_MSGNOSPOOF_48203 - Set.*, <null>, Announce)
  	Notify(SharpMUSH.Library.Models.SharpThing: SharpMUSH.Library.Models.SharpThing, *MarkupString.MarkupStringModule+MarkupString: MessageNospoof_Value_48203*, SharpMUSH.Library.Models.SharpPlayer: SharpMUSH.Library.Models.SharpPlayer, NSAnnounce)
  	Notify(SharpMUSH.Library.Models.SharpPlayer: SharpMUSH.Library.Models.SharpPlayer, *System.String: Created OemitTarget_1774909473159_2460 (#18:1774909473174).*, <null>, Announce)
  	Notify(SharpMUSH.Library.Models.SharpPlayer: SharpMUSH.Library.Models.SharpPlayer, *System.String: Attribute OEMIT_TEST_ATTR_MSG SET.*, SharpMUSH.Library.Models.SharpPlayer: SharpMUSH.Library.Models.SharpPlayer, Announce)
  	Notify(SharpMUSH.Library.Models.SharpPlayer: SharpMUSH.Library.Models.SharpPlayer, *System.String: God/OEMIT_TEST_ATTR_MSG - Set.*, <null>, Announce)
  	Notify(SharpMUSH.Library.Models.SharpThing: SharpMUSH.Library.Models.SharpThing, *MarkupString.MarkupStringModule+MarkupString: OemitTestMsg_b3d3016078044d55a70ee4cc525a900c*, SharpMUSH.Library.Models.SharpPlayer: SharpMUSH.Library.Models.SharpPlayer, Announce)
  	Notify(SharpMUSH.Library.Models.SharpThing: SharpMUSH.Library.Models.SharpThing, *MarkupString.MarkupStringModule+MarkupString: OemitTestMsg_b3d3016078044d55a70ee4cc525a900c*, SharpMUSH.Library.Models.SharpPlayer: SharpMUSH.Library.Models.SharpPlayer, Announce)
  	Notify(SharpMUSH.Library.Models.SharpThing: SharpMUSH.Library.Models.SharpThing, *MarkupString.MarkupStringModule+MarkupString: OemitTestMsg_b3d3016078044d55a70ee4cc525a900c*, SharpMUSH.Library.Models.SharpPlayer: SharpMUSH.Library.Models.SharpPlayer, Announce)
  	Notify(SharpMUSH.Library.Models.SharpThing: SharpMUSH.Library.Models.SharpThing, *MarkupString.MarkupStringModule+MarkupString: OemitTestMsg_b3d3016078044d55a70ee4cc525a900c*, SharpMUSH.Library.Models.SharpPlayer: SharpMUSH.Library.Models.SharpPlayer, Announce)
  	Notify(SharpMUSH.Library.Models.SharpThing: SharpMUSH.Library.Models.SharpThing, *MarkupString.MarkupStringModule+MarkupString: OemitTestMsg_b3d3016078044d55a70ee4cc525a900c*, SharpMUSH.Library.Models.SharpPlayer: SharpMUSH.Library.Models.SharpPlayer, Announce)
  	Notify(SharpMUSH.Library.Models.SharpPlayer: SharpMUSH.Library.Models.SharpPlayer, *MarkupString.MarkupStringModule+MarkupString: OemitTestMsg_b3d3016078044d55a70ee4cc525a900c*, SharpMUSH.Library.Models.SharpPlayer: SharpMUSH.Library.Models.SharpPlayer, Announce)
  	Notify(SharpMUSH.Library.Models.SharpPlayer: SharpMUSH.Library.Models.SharpPlayer, *MarkupString.MarkupStringModule+MarkupString: OemitTestMsg_b3d3016078044d55a70ee4cc525a900c*, SharpMUSH.Library.Models.SharpPlayer: SharpMUSH.Library.Models.SharpPlayer, Announce)
  	Notify(SharpMUSH.Library.Models.SharpPlayer: SharpMUSH.Library.Models.SharpPlayer, *MarkupString.MarkupStringModule+MarkupString: OemitTestMsg_b3d3016078044d55a70ee4cc525a900c*, SharpMUSH.Library.Models.SharpPlayer: SharpMUSH.Library.Models.SharpPlayer, Announce)
  	Notify(SharpMUSH.Library.Models.SharpPlayer: SharpMUSH.Library.Models.SharpPlayer, *MarkupString.MarkupStringModule+MarkupString: OemitTestMsg_b3d3016078044d55a70ee4cc525a900c*, SharpMUSH.Library.Models.SharpPlayer: SharpMUSH.Library.Models.SharpPlayer, Announce)
  	Notify(SharpMUSH.Library.Models.SharpThing: SharpMUSH.Library.Models.SharpThing, *MarkupString.MarkupStringModule+MarkupString: OemitTestMsg_b3d3016078044d55a70ee4cc525a900c*, SharpMUSH.Library.Models.SharpPlayer: SharpMUSH.Library.Models.SharpPlayer, Announce)
  	Notify(SharpMUSH.Library.Models.SharpThing: SharpMUSH.Library.Models.SharpThing, *MarkupString.MarkupStringModule+MarkupString: OemitTestMsg_b3d3016078044d55a70ee4cc525a900c*, SharpMUSH.Library.Models.SharpPlayer: SharpMUSH.Library.Models.SharpPlayer, Announce)
  	Notify(SharpMUSH.Library.Models.SharpThing: SharpMUSH.Library.Models.SharpThing, *MarkupString.MarkupStringModule+MarkupString: OemitTestMsg_b3d3016078044d55a70ee4cc525a900c*, SharpMUSH.Library.Models.SharpPlayer: SharpMUSH.Library.Models.SharpPlayer, Announce)
  	Notify(SharpMUSH.Library.Models.SharpThing: SharpMUSH.Library.Models.SharpThing, *MarkupString.MarkupStringModule+MarkupString: OemitTestMsg_b3d3016078044d55a70ee4cc525a900c*, SharpMUSH.Library.Models.SharpPlayer: SharpMUSH.Library.Models.SharpPlayer, Announce)
  	Notify(SharpMUSH.Library.Models.SharpPlayer: SharpMUSH.Library.Models.SharpPlayer, *MarkupString.MarkupStringModule+MarkupString: OemitTestMsg_b3d3016078044d55a70ee4cc525a900c*, SharpMUSH.Library.Models.SharpPlayer: SharpMUSH.Library.Models.SharpPlayer, Announce)
  	Notify(SharpMUSH.Library.Models.SharpPlayer: SharpMUSH.Library.Models.SharpPlayer, *MarkupString.MarkupStringModule+MarkupString: OemitTestMsg_b3d3016078044d55a70ee4cc525a900c*, SharpMUSH.Library.Models.SharpPlayer: SharpMUSH.Library.Models.SharpPlayer, Announce)
  	Notify(SharpMUSH.Library.Models.SharpPlayer: SharpMUSH.Library.Models.SharpPlayer, *MarkupString.MarkupStringModule+MarkupString: OemitTestMsg_b3d3016078044d55a70ee4cc525a900c*, SharpMUSH.Library.Models.SharpPlayer: SharpMUSH.Library.Models.SharpPlayer, Announce)
  	Notify(SharpMUSH.Library.Models.SharpPlayer: SharpMUSH.Library.Models.SharpPlayer, *System.String: Created MsgNoisy_1774909473234_1871 (#19:1774909473250).*, <null>, Announce)
  	Notify(SharpMUSH.Library.Models.SharpPlayer: SharpMUSH.Library.Models.SharpPlayer, *System.String: Attribute TESTFORMAT_MSGNOISY_55193 SET.*, SharpMUSH.Library.Models.SharpThing: SharpMUSH.Library.Models.SharpThing, Announce)
  	Notify(SharpMUSH.Library.Models.SharpPlayer: SharpMUSH.Library.Models.SharpPlayer, *System.String: MsgNoisy_1774909473234_1871/TESTFORMAT_MSGNOISY_55193 - Set.*, <null>, Announce)
  	Notify(SharpMUSH.Library.Models.SharpThing: SharpMUSH.Library.Models.SharpThing, *MarkupString.MarkupStringModule+MarkupString: MessageNoisy_Value_55193*, SharpMUSH.Library.Models.SharpPlayer: SharpMUSH.Library.Models.SharpPlayer, Announce)
  	Notify(SharpMUSH.Library.Models.SharpPlayer: SharpMUSH.Library.Models.SharpPlayer, *System.String: Message sent to 1 recipient(s).*, <null>, Announce)
  	Notify(SharpMUSH.Library.Models.SharpPlayer: SharpMUSH.Library.Models.SharpPlayer, *System.String: Attribute REMIT_TEST_ATTR_MSG SET.*, SharpMUSH.Library.Models.SharpPlayer: SharpMUSH.Library.Models.SharpPlayer, Announce)
  	Notify(SharpMUSH.Library.Models.SharpPlayer: SharpMUSH.Library.Models.SharpPlayer, *System.String: God/REMIT_TEST_ATTR_MSG - Set.*, <null>, Announce)
  	Notify(SharpMUSH.Library.Models.SharpThing: SharpMUSH.Library.Models.SharpThing, *MarkupString.MarkupStringModule+MarkupString: RemitTestMsg_e0da7018ec6a4ca2805118160a83e6be*, SharpMUSH.Library.Models.SharpPlayer: SharpMUSH.Library.Models.SharpPlayer, Announce)
  	Notify(SharpMUSH.Library.Models.SharpThing: SharpMUSH.Library.Models.SharpThing, *MarkupString.MarkupStringModule+MarkupString: RemitTestMsg_e0da7018ec6a4ca2805118160a83e6be*, SharpMUSH.Library.Models.SharpPlayer: SharpMUSH.Library.Models.SharpPlayer, Announce)
  	Notify(SharpMUSH.Library.Models.SharpThing: SharpMUSH.Library.Models.SharpThing, *MarkupString.MarkupStringModule+MarkupString: RemitTestMsg_e0da7018ec6a4ca2805118160a83e6be*, SharpMUSH.Library.Models.SharpPlayer: SharpMUSH.Library.Models.SharpPlayer, Announce)
  	Notify(SharpMUSH.Library.Models.SharpThing: SharpMUSH.Library.Models.SharpThing, *MarkupString.MarkupStringModule+MarkupString: RemitTestMsg_e0da7018ec6a4ca2805118160a83e6be*, SharpMUSH.Library.Models.SharpPlayer: SharpMUSH.Library.Models.SharpPlayer, Announce)
  	Notify(SharpMUSH.Library.Models.SharpThing: SharpMUSH.Library.Models.SharpThing, *MarkupString.MarkupStringModule+MarkupString: RemitTestMsg_e0da7018ec6a4ca2805118160a83e6be*, SharpMUSH.Library.Models.SharpPlayer: SharpMUSH.Library.Models.SharpPlayer, Announce)
  	Notify(SharpMUSH.Library.Models.SharpThing: SharpMUSH.Library.Models.SharpThing, *MarkupString.MarkupStringModule+MarkupString: RemitTestMsg_e0da7018ec6a4ca2805118160a83e6be*, SharpMUSH.Library.Models.SharpPlayer: SharpMUSH.Library.Models.SharpPlayer, Announce)
  	Notify(SharpMUSH.Library.Models.SharpPlayer: SharpMUSH.Library.Models.SharpPlayer, *MarkupString.MarkupStringModule+MarkupString: RemitTestMsg_e0da7018ec6a4ca2805118160a83e6be*, SharpMUSH.Library.Models.SharpPlayer: SharpMUSH.Library.Models.SharpPlayer, Announce)
  	Notify(SharpMUSH.Library.Models.SharpPlayer: SharpMUSH.Library.Models.SharpPlayer, *MarkupString.MarkupStringModule+MarkupString: RemitTestMsg_e0da7018ec6a4ca2805118160a83e6be*, SharpMUSH.Library.Models.SharpPlayer: SharpMUSH.Library.Models.SharpPlayer, Announce)
  	Notify(SharpMUSH.Library.Models.SharpPlayer: SharpMUSH.Library.Models.SharpPlayer, *MarkupString.MarkupStringModule+MarkupString: RemitTestMsg_e0da7018ec6a4ca2805118160a83e6be*, SharpMUSH.Library.Models.SharpPlayer: SharpMUSH.Library.Models.SharpPlayer, Announce)
  	Notify(SharpMUSH.Library.Models.SharpPlayer: SharpMUSH.Library.Models.SharpPlayer, *MarkupString.MarkupStringModule+MarkupString: RemitTestMsg_e0da7018ec6a4ca2805118160a83e6be*, SharpMUSH.Library.Models.SharpPlayer: SharpMUSH.Library.Models.SharpPlayer, Announce)
  	Notify(SharpMUSH.Library.Models.SharpThing: SharpMUSH.Library.Models.SharpThing, *MarkupString.MarkupStringModule+MarkupString: RemitTestMsg_e0da7018ec6a4ca2805118160a83e6be*, SharpMUSH.Library.Models.SharpPlayer: SharpMUSH.Library.Models.SharpPlayer, Announce)
  	Notify(SharpMUSH.Library.Models.SharpThing: SharpMUSH.Library.Models.SharpThing, *MarkupString.MarkupStringModule+MarkupString: RemitTestMsg_e0da7018ec6a4ca2805118160a83e6be*, SharpMUSH.Library.Models.SharpPlayer: SharpMUSH.Library.Models.SharpPlayer, Announce)
  	Notify(SharpMUSH.Library.Models.SharpThing: SharpMUSH.Library.Models.SharpThing, *MarkupString.MarkupStringModule+MarkupString: RemitTestMsg_e0da7018ec6a4ca2805118160a83e6be*, SharpMUSH.Library.Models.SharpPlayer: SharpMUSH.Library.Models.SharpPlayer, Announce)
  	Notify(SharpMUSH.Library.Models.SharpThing: SharpMUSH.Library.Models.SharpThing, *MarkupString.MarkupStringModule+MarkupString: RemitTestMsg_e0da7018ec6a4ca2805118160a83e6be*, SharpMUSH.Library.Models.SharpPlayer: SharpMUSH.Library.Models.SharpPlayer, Announce)
  	Notify(SharpMUSH.Library.Models.SharpPlayer: SharpMUSH.Library.Models.SharpPlayer, *MarkupString.MarkupStringModule+MarkupString: RemitTestMsg_e0da7018ec6a4ca2805118160a83e6be*, SharpMUSH.Library.Models.SharpPlayer: SharpMUSH.Library.Models.SharpPlayer, Announce)
  	Notify(SharpMUSH.Library.Models.SharpPlayer: SharpMUSH.Library.Models.SharpPlayer, *MarkupString.MarkupStringModule+MarkupString: RemitTestMsg_e0da7018ec6a4ca2805118160a83e6be*, SharpMUSH.Library.Models.SharpPlayer: SharpMUSH.Library.Models.SharpPlayer, Announce)
  	Notify(SharpMUSH.Library.Models.SharpPlayer: SharpMUSH.Library.Models.SharpPlayer, *MarkupString.MarkupStringModule+MarkupString: RemitTestMsg_e0da7018ec6a4ca2805118160a83e6be*, SharpMUSH.Library.Models.SharpPlayer: SharpMUSH.Library.Models.SharpPlayer, Announce)
  	Notify(SharpMUSH.Library.Models.SharpPlayer: SharpMUSH.Library.Models.SharpPlayer, *MarkupString.MarkupStringModule+MarkupString: GOODBYE.*, <null>, Announce)
  	Notify(SharpMUSH.Library.Models.SharpPlayer: SharpMUSH.Library.Models.SharpPlayer, *System.String: 
  Goodbye from SharpMUSH!
  
  *, <null>, Announce)
  
[m[90m    at NSubstitute.Core.ReceivedCallsExceptionThrower.Throw(ICallSpecification callSpecification, IEnumerable`1 matchingCalls, IEnumerable`1 nonMatchingCalls, Quantity requiredQuantity)
    at NSubstitute.Routing.Handlers.CheckReceivedCallsHandler.Handle(ICall call)
    at NSubstitute.Proxies.CastleDynamicProxy.CastleForwardingInterceptor.Intercept(IInvocation invocation)
    at Castle.DynamicProxy.AbstractInvocation.Proceed()
    at Castle.Proxies.ObjectProxy_4.Notify(AnySharpObject who, OneOf`2 what, AnySharpObject sender, NotificationType type)
    at SharpMUSH.Tests.Commands.WizardCommandTests.Hide_NoSwitch_TogglesHidden() in /home/runner/work/SharpMUSH/SharpMUSH/SharpMUSH.Tests/Commands/WizardCommandTests.cs:338[90m
[m[31mfailed[m BootCommand [90m(89ms)[m
[31m  TUnit.Engine.Exceptions.TestFailedException: [Test Failure] AssertionException: Expected to be null
  but found ConnectionData { Handle = 999001, Ref = #20:1774909474017, State = LoggedIn, OutputFunction = System.Func`2[System.Byte[],System.Threading.Tasks.ValueTask], PromptOutputFunction = System.Func`2[System.Byte[],System.Threading.Tasks.ValueTask], Encoding = System.Func`1[System.Text.Encoding], Metadata = System.Collections.Concurrent.ConcurrentDictionary`2[System.String,System.String], Connected = 00:00:00.0058888, Idle = 00:00:00.0059002, InternetProtocolAddress = 127.0.0.1, HostName = localhost, ConnectionType = test, CommandCount = 0 }
  
  at Assert.That(ConnectionService.Get(tempHandle)).IsNull()
[m[90m  Standard output
[90m    [22:24:34 DBG] Stored connection state for handle 999001
    
    [22:24:34 INF] Connection state changed: Handle=999001 DBRef=null None -> Connected
    
    [22:24:34 INF] [9985b798] Connection state change: Handle=999001, Ref=null, OldState=None, NewState=Connected
    
    [22:24:34 INF] [9985b798] Sending 'Connected!' message to handle 999001
    
    [22:24:34 INF] [9985b798] Successfully sent welcome message to handle 999001
    
    [22:24:34 DBG] Stored connection state for handle 999001
    
    [22:24:34 DBG] Updated player binding for handle 999001 to #20:1774909474017
    
    [22:24:34 INF] Connection state changed: Handle=999001 DBRef=#20:1774909474017 Connected -> LoggedIn
    
    [22:24:34 INF] [f9fdbe30] Connection state change: Handle=999001, Ref=#20:1774909474017, OldState=Connected, NewState=LoggedIn
    
    [22:24:34 INF] [f9fdbe30] Player #20:1774909474017 logged in on handle 999001
    
    [22:24:34 INF] [f9fdbe30] Successfully sent login message to handle 999001
    
    
  Error output
[m